Phase 1 of 3: generation of data representation information ...
Phase 2 of 3: generation of Global contracts ...
Phase 3 of 3: analysis of data and information flow ...
 info: implicit aspect Always_Terminates on "Flag" has been proved, subprogram will terminate
--> mj-flex_state.adb:10:13

 info: implicit aspect Always_Terminates on "Failure" has been proved, subprogram will terminate
--> mj-flex_state.adb:11:13

 info: implicit aspect Always_Terminates on "Vector_At" has been proved, subprogram will terminate
--> mj-flex_state.adb:13:13

 info: implicit aspect Always_Terminates on "Material_At" has been proved, subprogram will terminate
--> mj-flex_state.adb:15:13

 info: initialization of "R" proved
--> mj-flex_state.adb:108:13

 warning: this statement is never reached
--> mj-flex_state.adb:139:32
  139 |          when Constraint_Error => Free (S); Result := Invalid_Model;
      |                                   ^~~~~~~

 warning: this statement is never reached
--> mj-flex_state.adb:139:49
  139 |          when Constraint_Error => Free (S); Result := Invalid_Model;
      |                                             ~~~~~~~^~~~~~~~~~~~~~~~

 info: initialization of "R" proved
--> mj-flex_state.adb:142:07

 info: non-aliasing of formal parameters "F" and "T" proved
--> mj-flex_state.adb:166:30

 info: non-aliasing of formal parameters "E" and "T" proved
--> mj-flex_state.adb:166:44

 info: non-aliasing of formal parameters "V" and "T" proved
--> mj-flex_state.adb:166:69

 info: initialization of "R" proved
--> mj-flex_state.adb:181:07

 info: initialization of "Samples" proved
--> mj-flex_state.adb:182:07

 info: initialization of "R" proved
--> mj-flex_state.adb:186:39

 info: initialization of "Count" proved
--> mj-flex_state.adb:190:10

 info: initialization of parts of "M" without Relaxed_Initialization proved
--> mj-flex_state.adb:191:10

 info: non-aliasing of formal parameters "A" and "W" proved
--> mj-flex_state.adb:197:27

 info: non-aliasing of formal parameters "EA" and "W" proved
--> mj-flex_state.adb:197:41

 info: non-aliasing of formal parameters "VA" and "W" proved
--> mj-flex_state.adb:197:56

 info: non-aliasing of formal parameters "BA" and "W" proved
--> mj-flex_state.adb:197:78

 info: non-aliasing of formal parameters "B" and "W" proved
--> mj-flex_state.adb:198:16

 info: non-aliasing of formal parameters "EB" and "W" proved
--> mj-flex_state.adb:198:30

 info: non-aliasing of formal parameters "VB" and "W" proved
--> mj-flex_state.adb:198:45

 info: non-aliasing of formal parameters "BB" and "W" proved
--> mj-flex_state.adb:198:67

 info: non-aliasing of formal parameters "O" and "W" proved
--> mj-flex_state.adb:199:23

 info: non-aliasing of formal parameters "F" and "W" proved
--> mj-flex_state.adb:254:35

 info: non-aliasing of formal parameters "F" and "C" proved
--> mj-flex_state.adb:254:35

 info: non-aliasing of formal parameters "E" and "W" proved
--> mj-flex_state.adb:254:49

 info: non-aliasing of formal parameters "E" and "C" proved
--> mj-flex_state.adb:254:49

 info: non-aliasing of formal parameters "V" and "W" proved
--> mj-flex_state.adb:254:74

 info: non-aliasing of formal parameters "V" and "C" proved
--> mj-flex_state.adb:254:74

 info: non-aliasing of formal parameters "Bodies" and "W" proved
--> mj-flex_state.adb:255:19

 info: non-aliasing of formal parameters "Bodies" and "C" proved
--> mj-flex_state.adb:255:19

 info: non-aliasing of formal parameters "T" and "W" proved
--> mj-flex_state.adb:255:42

 info: non-aliasing of formal parameters "T" and "C" proved
--> mj-flex_state.adb:255:42

 info: non-aliasing of formal parameters "Internal_Pairs" and "W" proved
--> mj-flex_state.adb:255:49

 info: non-aliasing of formal parameters "Internal_Pairs" and "C" proved
--> mj-flex_state.adb:255:49

 info: non-aliasing of formal parameters "O" and "W" proved
--> mj-flex_state.adb:256:19

 info: non-aliasing of formal parameters "O" and "C" proved
--> mj-flex_state.adb:256:19

 info: non-aliasing of formal parameters "W" and "C" proved
--> mj-flex_state.adb:256:29

 info: non-aliasing of formal parameters "G" and "W" proved
--> mj-flex_state.adb:262:52

 info: non-aliasing of formal parameters "G" and "C" proved
--> mj-flex_state.adb:262:52

 info: non-aliasing of formal parameters "F" and "W" proved
--> mj-flex_state.adb:264:19

 info: non-aliasing of formal parameters "F" and "C" proved
--> mj-flex_state.adb:264:19

 info: non-aliasing of formal parameters "E" and "W" proved
--> mj-flex_state.adb:264:33

 info: non-aliasing of formal parameters "E" and "C" proved
--> mj-flex_state.adb:264:33

 info: non-aliasing of formal parameters "V" and "W" proved
--> mj-flex_state.adb:264:58

 info: non-aliasing of formal parameters "V" and "C" proved
--> mj-flex_state.adb:264:58

 info: non-aliasing of formal parameters "Bodies" and "W" proved
--> mj-flex_state.adb:265:19

 info: non-aliasing of formal parameters "Bodies" and "C" proved
--> mj-flex_state.adb:265:19

 info: non-aliasing of formal parameters "T" and "W" proved
--> mj-flex_state.adb:265:42

 info: non-aliasing of formal parameters "T" and "C" proved
--> mj-flex_state.adb:265:42

 info: non-aliasing of formal parameters "O" and "W" proved
--> mj-flex_state.adb:265:68

 info: non-aliasing of formal parameters "O" and "C" proved
--> mj-flex_state.adb:265:68

 info: non-aliasing of formal parameters "W" and "C" proved
--> mj-flex_state.adb:266:32

 info: implicit aspect Always_Terminates on "Ready" has been proved, subprogram will terminate
--> mj-flex_state.ads:32:13

 info: implicit aspect Always_Terminates on "Current" has been proved, subprogram will terminate
--> mj-flex_state.ads:33:13

 info: implicit aspect Always_Terminates on "Body_Count" has been proved, subprogram will terminate
--> mj-flex_state.ads:34:13

 info: implicit aspect Always_Terminates on "Flex_Count" has been proved, subprogram will terminate
--> mj-flex_state.ads:35:13

 info: implicit aspect Always_Terminates on "Vertex_Count" has been proved, subprogram will terminate
--> mj-flex_state.ads:36:13

 info: implicit aspect Always_Terminates on "Position" has been proved, subprogram will terminate
--> mj-flex_state.ads:38:13

 info: initialization of "Result" proved
--> mj-flex_state.ads:40:61

 info: initialization of "Result" proved
--> mj-flex_state.ads:47:22

 info: initialization of "Result" proved
--> mj-flex_state.ads:50:22
 info: initialization of "Poses" proved
--> mj-data-flex_adapter.adb:6:07

 info: initialization of "R" proved
--> mj-data-flex_adapter.adb:7:07

 info: initialization of "V" proved
--> mj-data-flex_adapter.adb:8:07

 info: initialization of "Result" proved
--> mj-data-flex_adapter.ads:6:22
Success: all checks proved (66 checks).
Summary logged in /var/tmp/sparkling-recovery-flex-state-whole4-20261002/flow/validation/obj/gnatprove/gnatprove.out
guarded: elapsed 21.4 s, peak group RSS 102 MB
