Phase 1 of 3: generation of data representation information ...
Phase 2 of 3: generation of Global contracts ...
Phase 3 of 3: flow analysis and proof ...
 info: float overflow check proved
--> mj-flex_state_kernels.adb:4:17

 info: float overflow check proved
--> mj-flex_state_kernels.adb:4:20

 info: float overflow check proved
--> mj-flex_state_kernels.adb:4:23

 info: float overflow check proved
--> mj-flex_state_kernels.adb:4:27

 info: float overflow check proved
--> mj-flex_state_kernels.adb:4:30

 info: float overflow check proved
--> mj-flex_state_kernels.adb:4:34

 info: precondition proved
--> mj-flex_state_kernels.adb:9:15

 info: precondition proved
--> mj-flex_state_kernels.adb:10:09

 info: precondition proved
--> mj-flex_state_kernels.adb:11:09

 info: float overflow check proved
--> mj-flex_state_kernels.adb:15:16

 info: float overflow check proved
--> mj-flex_state_kernels.adb:15:19

 info: float overflow check proved
--> mj-flex_state_kernels.adb:15:22

 info: float overflow check proved
--> mj-flex_state_kernels.adb:15:26

 info: range check proved
--> mj-flex_state_kernels.adb:15:26

 info: float overflow check proved
--> mj-flex_state_kernels.adb:15:29

 info: precondition proved
--> mj-flex_state_kernels.adb:21:15

 info: precondition proved
--> mj-flex_state_kernels.adb:22:09

 info: precondition proved
--> mj-flex_state_kernels.adb:23:09

 info: precondition proved
--> mj-flex_state_kernels.adb:24:09

 info: precondition proved
--> mj-flex_state_kernels.adb:25:09

 info: precondition proved
--> mj-flex_state_kernels.adb:26:09

 info: precondition proved
--> mj-flex_state_kernels.adb:27:09

 info: precondition proved
--> mj-flex_state_kernels.adb:28:09

 info: precondition proved
--> mj-flex_state_kernels.adb:29:09

 info: implicit aspect Always_Terminates on "Component" has been proved, subprogram will terminate
--> mj-flex_state_kernels.ads:4:13

 info: data dependencies proved
--> mj-flex_state_kernels.ads:5:11

 info: postcondition proved
--> mj-flex_state_kernels.ads:9:16

 info: float overflow check proved
--> mj-flex_state_kernels.ads:10:37

 info: float overflow check proved
--> mj-flex_state_kernels.ads:10:41

 info: float overflow check proved
--> mj-flex_state_kernels.ads:10:45

 info: float overflow check proved
--> mj-flex_state_kernels.ads:10:50

 info: float overflow check proved
--> mj-flex_state_kernels.ads:10:54

 info: float overflow check proved
--> mj-flex_state_kernels.ads:10:59

 info: implicit aspect Always_Terminates on "Point" has been proved, subprogram will terminate
--> mj-flex_state_kernels.ads:11:13

 info: data dependencies proved
--> mj-flex_state_kernels.ads:12:11

 info: postcondition proved
--> mj-flex_state_kernels.ads:18:16

 info: precondition proved
--> mj-flex_state_kernels.ads:21:12

 info: precondition proved
--> mj-flex_state_kernels.ads:23:12

 info: precondition proved
--> mj-flex_state_kernels.ads:25:12

 info: implicit aspect Always_Terminates on "Rotation_Component" has been proved, subprogram will terminate
--> mj-flex_state_kernels.ads:26:13

 info: data dependencies proved
--> mj-flex_state_kernels.ads:27:11

 info: postcondition proved
--> mj-flex_state_kernels.ads:30:16

 info: float overflow check proved
--> mj-flex_state_kernels.ads:30:46

 info: float overflow check proved
--> mj-flex_state_kernels.ads:30:49

 info: float overflow check proved
--> mj-flex_state_kernels.ads:30:52

 info: float overflow check proved
--> mj-flex_state_kernels.ads:30:56

 info: float overflow check proved
--> mj-flex_state_kernels.ads:30:59

 info: implicit aspect Always_Terminates on "Compose" has been proved, subprogram will terminate
--> mj-flex_state_kernels.ads:31:13

 info: data dependencies proved
--> mj-flex_state_kernels.ads:32:11

 info: postcondition proved
--> mj-flex_state_kernels.ads:51:16

 info: precondition proved
--> mj-flex_state_kernels.ads:51:37

 info: precondition proved
--> mj-flex_state_kernels.ads:53:40

 info: precondition proved
--> mj-flex_state_kernels.ads:55:40

 info: precondition proved
--> mj-flex_state_kernels.ads:57:40

 info: precondition proved
--> mj-flex_state_kernels.ads:59:40

 info: precondition proved
--> mj-flex_state_kernels.ads:61:40

 info: precondition proved
--> mj-flex_state_kernels.ads:63:40

 info: precondition proved
--> mj-flex_state_kernels.ads:65:40

 info: precondition proved
--> mj-flex_state_kernels.ads:67:40
Success: all checks proved (59 checks).
Summary logged in /var/tmp/sparkling-recovery-flex-state-whole4-20261002/whole/validation/obj/gnatprove/gnatprove.out
guarded: elapsed 41.3 s, peak group RSS 205 MB
