Phase 1 of 3: generation of data representation information ...
Phase 2 of 3: generation of Global contracts ...
Phase 3 of 3: analysis of data and information flow ...
 info: initialization of "A" proved
--> mj-spatial_tendons.adb:85:07

 info: initialization of "B" proved
--> mj-spatial_tendons.adb:85:10

 info: initialization of "G" proved
--> mj-spatial_tendons.adb:86:07

 info: initialization of "W" proved
--> mj-spatial_tendons.adb:87:07

 info: initialization of "Side" proved
--> mj-spatial_tendons.adb:88:07

 info: initialization of "Last_Node" proved
--> mj-spatial_tendons.adb:89:07

 info: initialization of "Geom_Id" proved
--> mj-spatial_tendons.adb:90:07

 info: initialization of "Legs" proved
--> mj-spatial_tendons.adb:93:07

 info: initialization of "Direction" proved
--> mj-spatial_tendons.adb:94:07

 info: initialization of "C0" proved
--> mj-spatial_tendons.adb:94:18

 info: initialization of "C1" proved
--> mj-spatial_tendons.adb:94:22

 info: initialization of "Increment" proved
--> mj-spatial_tendons.adb:95:07

 info: implicit aspect Always_Terminates on "Valid_Path" has been proved, subprogram will terminate
--> mj-spatial_tendons.ads:37:13

 info: implicit aspect Always_Terminates on "Valid_Kinematics" has been proved, subprogram will terminate
--> mj-spatial_tendons.ads:43:13

 info: initialization of "Status" proved
--> mj-spatial_tendons.ads:50:07

 info: initialization of "Length" proved
--> mj-spatial_tendons.ads:50:39

 info: initialization of "J" proved
--> mj-spatial_tendons.ads:50:58

 info: initialization of "Points" proved
--> mj-spatial_tendons.ads:51:07

 info: initialization of "Count" proved
--> mj-spatial_tendons.ads:51:33

 info: implicit aspect Always_Terminates on "Point_Column" has been proved, subprogram will terminate
--> mj-spatial_tendons.ads:67:13

 info: implicit aspect Always_Terminates on "Project_Component" has been proved, subprogram will terminate
--> mj-spatial_tendons.ads:75:13

 info: implicit aspect Always_Terminates on "Velocity_Prefix" has been proved, subprogram will terminate
--> mj-spatial_tendons.ads:80:13

 info: implicit aspect Always_Terminates on "Velocity" has been proved, subprogram will terminate
--> mj-spatial_tendons.ads:88:13
 info: implicit aspect Always_Terminates on "Dot2" has been proved, subprogram will terminate
--> mj-tendon_geometry.adb:21:13

 info: implicit aspect Always_Terminates on "Norm2" has been proved, subprogram will terminate
--> mj-tendon_geometry.adb:22:13

 info: implicit aspect Always_Terminates on "Unit2" has been proved, subprogram will terminate
--> mj-tendon_geometry.adb:23:13

 info: initialization of "S" proved, in call inlined at mj-tendon_geometry.adb:243
--> mj-tendon_geometry.adb:25:07

 info: initialization of "S" proved, in call inlined at mj-tendon_geometry.adb:99
--> mj-tendon_geometry.adb:25:07

 info: initialization of "S" proved, in call inlined at mj-tendon_geometry.adb:83
--> mj-tendon_geometry.adb:25:07

 info: initialization of "S" proved
--> mj-tendon_geometry.adb:25:07

 info: initialization of "S" proved, in call inlined at mj-tendon_geometry.adb:139
--> mj-tendon_geometry.adb:25:07

 info: initialization of "S" proved, in call inlined at mj-tendon_geometry.adb:190
--> mj-tendon_geometry.adb:25:07

 info: initialization of "S" proved, in call inlined at mj-tendon_geometry.adb:193
--> mj-tendon_geometry.adb:25:07

 info: implicit aspect Always_Terminates on "Intersect" has been proved, subprogram will terminate
--> mj-tendon_geometry.adb:34:13

 info: initialization of "A" proved, in call inlined at mj-tendon_geometry.adb:91
--> mj-tendon_geometry.adb:37:07

 info: initialization of "A" proved, in call inlined at mj-tendon_geometry.adb:96
--> mj-tendon_geometry.adb:37:07

 info: initialization of "A" proved
--> mj-tendon_geometry.adb:37:07

 info: initialization of "B" proved, in call inlined at mj-tendon_geometry.adb:91
--> mj-tendon_geometry.adb:37:10

 info: initialization of "B" proved, in call inlined at mj-tendon_geometry.adb:96
--> mj-tendon_geometry.adb:37:10

 info: initialization of "B" proved
--> mj-tendon_geometry.adb:37:10

 info: implicit aspect Always_Terminates on "Circle" has been proved, subprogram will terminate
--> mj-tendon_geometry.adb:49:13

 info: initialization of "A" proved
--> mj-tendon_geometry.adb:56:07

 info: initialization of "Root0" proved
--> mj-tendon_geometry.adb:56:10

 info: initialization of "Root1" proved
--> mj-tendon_geometry.adb:56:17

 info: initialization of "S" proved
--> mj-tendon_geometry.adb:56:24

 info: initialization of "Cosine" proved
--> mj-tendon_geometry.adb:56:27

 info: initialization of "Angle" proved
--> mj-tendon_geometry.adb:56:35

 info: initialization of "Cross_Value" proved
--> mj-tendon_geometry.adb:56:42

 info: initialization of "Tmp" proved
--> mj-tendon_geometry.adb:57:07

 info: initialization of "Sol" proved
--> mj-tendon_geometry.adb:58:07

 info: initialization of "Choice" proved
--> mj-tendon_geometry.adb:60:07

 info: analyzing call to "Unit2" in context
--> mj-tendon_geometry.adb:83:20

 info: analyzing call to "Intersect" in context
--> mj-tendon_geometry.adb:91:13

 info: analyzing call to "Intersect" in context
--> mj-tendon_geometry.adb:96:10

 info: analyzing call to "Unit2" in context
--> mj-tendon_geometry.adb:99:23

 info: analyzing call to "Unit2" in context
--> mj-tendon_geometry.adb:99:47

 info: implicit aspect Always_Terminates on "Inside" has been proved, subprogram will terminate
--> mj-tendon_geometry.adb:114:13

 info: initialization of "A" proved
--> mj-tendon_geometry.adb:119:07

 info: initialization of "B" proved
--> mj-tendon_geometry.adb:119:10

 info: initialization of "CosG" proved
--> mj-tendon_geometry.adb:119:13

 info: initialization of "G" proved
--> mj-tendon_geometry.adb:119:19

 info: initialization of "T" proved
--> mj-tendon_geometry.adb:119:22

 info: initialization of "Z" proved
--> mj-tendon_geometry.adb:119:25

 info: initialization of "F" proved
--> mj-tendon_geometry.adb:119:28

 info: initialization of "DF" proved
--> mj-tendon_geometry.adb:119:31

 info: initialization of "Z1" proved
--> mj-tendon_geometry.adb:119:35

 info: initialization of "Ang" proved
--> mj-tendon_geometry.adb:119:39

 info: initialization of "Q0" proved
--> mj-tendon_geometry.adb:119:44

 info: initialization of "Q1" proved
--> mj-tendon_geometry.adb:119:48

 info: initialization of "Q2" proved
--> mj-tendon_geometry.adb:119:52

 info: initialization of "Vec" proved
--> mj-tendon_geometry.adb:120:07

 info: initialization of "P" proved
--> mj-tendon_geometry.adb:120:12

 info: initialization of "Default" proved
--> mj-tendon_geometry.adb:121:07

 info: implicit aspect Always_Terminates on "Residual" has been proved, subprogram will terminate
--> mj-tendon_geometry.adb:123:16

 info: analyzing call to "Unit2" in context
--> mj-tendon_geometry.adb:139:12

 info: analyzing call to "Unit2" in context
--> mj-tendon_geometry.adb:190:17

 info: analyzing call to "Unit2" in context
--> mj-tendon_geometry.adb:193:17

 info: initialization of "Normal" proved
--> mj-tendon_geometry.adb:209:07

 info: initialization of "R0" proved
--> mj-tendon_geometry.adb:209:15

 info: initialization of "R1" proved
--> mj-tendon_geometry.adb:209:19

 info: initialization of "D0" proved
--> mj-tendon_geometry.adb:211:07

 info: initialization of "D1" proved
--> mj-tendon_geometry.adb:211:11

 info: initialization of "W" proved
--> mj-tendon_geometry.adb:213:07

 info: initialization of "N" proved
--> mj-tendon_geometry.adb:214:07

 info: initialization of "L0" proved
--> mj-tendon_geometry.adb:214:10

 info: initialization of "L1" proved
--> mj-tendon_geometry.adb:214:14

 info: initialization of "Total" proved
--> mj-tendon_geometry.adb:214:18

 info: initialization of "Height" proved
--> mj-tendon_geometry.adb:214:25

 info: initialization of "Result" proved
--> mj-tendon_geometry.adb:216:07

 info: analyzing call to "Unit2" in context
--> mj-tendon_geometry.adb:243:16

 info: no contextual analysis of "Inside" (in potentially unevaluated context)
--> mj-tendon_geometry.adb:246:57

 info: no contextual analysis of "Circle" (in potentially unevaluated context)
--> mj-tendon_geometry.adb:247:18

 info: implicit aspect Always_Terminates on "Norm" has been proved, subprogram will terminate
--> mj-tendon_geometry.ads:15:13

 info: implicit aspect Always_Terminates on "Unit" has been proved, subprogram will terminate
--> mj-tendon_geometry.ads:18:13

 info: implicit aspect Always_Terminates on "Wrap" has been proved, subprogram will terminate
--> mj-tendon_geometry.ads:21:13
Success: all checks proved (84 checks).
Summary logged in /var/tmp/sparkling-spatial-tendons-20260930/flow/validation/obj/gnatprove/gnatprove.out
guarded: elapsed 2.8 s, peak group RSS 50 MB
