sphere-sphere current/C 0.591 current/baseline 0.991
sphere-capsule current/C 0.538 current/baseline 1.0
sphere-ellipsoid current/C 1.381 current/baseline 0.974
sphere-cylinder current/C 1.075 current/baseline 1.002
sphere-box current/C 1.398 current/baseline 0.988
capsule-capsule current/C 1.079 current/baseline 1.004
capsule-ellipsoid current/C 1.065 current/baseline 0.938
capsule-cylinder current/C 1.041 current/baseline 0.973
capsule-box current/C 1.108 current/baseline 0.997
ellipsoid-ellipsoid current/C 1.019 current/baseline 0.846
ellipsoid-cylinder current/C 1.046 current/baseline 0.922
ellipsoid-box current/C 1.084 current/baseline 0.955
cylinder-cylinder current/C 1.068 current/baseline 0.969
cylinder-box current/C 1.182 current/baseline 0.992
box-box current/C 1.244 current/baseline 0.998
plane-sphere current/C 0.975 current/baseline 0.996
plane-capsule current/C 0.679 current/baseline 0.975
plane-cylinder current/C 1.442 current/baseline 1.011
plane-box current/C 1.381 current/baseline 0.978
plane-mesh current/C 1.256 current/baseline 0.913
box-mesh current/C 1.298 current/baseline 0.974
cylinder-mesh current/C 1.274 current/baseline 0.978
mesh-mesh current/C 1.367 current/baseline 0.997
capsule-cylinder-margin current/C 1.002 current/baseline 0.958
