Phase 1 of 3: generation of data representation information ...
Phase 2 of 3: generation of Global contracts ...
Phase 3 of 3: analysis of data and information flow ...
 info: initialization of "N" proved
--> mj-full_contacts.adb:9:07

 info: initialization of "T" proved
--> mj-full_contacts.adb:9:10

 info: initialization of "B" proved
--> mj-full_contacts.adb:9:13

 info: initialization of "L" proved
--> mj-full_contacts.adb:10:07

 info: initialization of "F" proved
--> mj-full_contacts.adb:24:07

 info: implicit aspect Always_Terminates on "Scale_Normal" has been proved, subprogram will terminate
--> mj-full_contacts.ads:27:13

 info: data dependencies proved
--> mj-full_contacts.ads:28:19

 info: initialization of "Frame" proved
--> mj-full_contacts.ads:32:49

 info: initialization of "Result" proved
--> mj-full_contacts.ads:32:69

 info: data dependencies proved
--> mj-full_contacts.ads:33:11

 info: initialization of "Result" proved
--> mj-full_contacts.ads:37:67

 info: data dependencies proved
--> mj-full_contacts.ads:38:11
Success: all checks proved (12 checks).
Summary logged in /var/tmp/sparkling-contact-followup-finalflow-20261001/mj-full_contacts.adb/validation/obj/gnatprove/gnatprove.out
guarded: elapsed 2.4 s, peak group RSS 54 MB
