create SUCCESS
reset_qpos 0.00000000000000000E+00
reset_qvel 0.00000000000000000E+00
forward SUCCESS
forward_clamped -1.00000000000000000E+00
qacc 3.19992917848416836E+00
act_dot 8.89449472078176768E+01
mass 3.40000000000000024E-01
gravity 1.93337221489617783E+00
bias 0.00000000000000000E+00
passive -4.26871383508007629E-02
actuation -7.94171746354737307E-01
length -1.19725566120104279E-01 3.42073046057440808E-02
velocity -1.49404984227802629E-01 4.26871383508007629E-02
force 5.97484040072168265E-01 -1.87966459152109744E+00
position 0.00000000000000000E+00 0.00000000000000000E+00 0.00000000000000000E+00
quaternion 1.00000000000000000E+00 0.00000000000000000E+00 0.00000000000000000E+00 0.00000000000000000E+00
position 0.00000000000000000E+00 0.00000000000000000E+00 0.00000000000000000E+00
quaternion 9.96345541489967346E-01 0.00000000000000000E+00 8.54140617993536244E-02 0.00000000000000000E+00
unchanged_qpos 1.71036523028720411E-01
unchanged_qvel 2.13435691754003787E-01
unchanged_time 1.25000000000000000E-01
act 4.00000000000000022E-01
step SUCCESS
step_clamped -1.00000000000000000E+00
qpos 2.64476743500794143E-01
qvel 6.95928998052967707E-01
time 3.25000000000000178E-01
reset_qpos 0.00000000000000000E+00
reset_qvel 0.00000000000000000E+00
forward SUCCESS
forward_clamped -1.00000000000000000E+00
qacc 6.78918200643267422E+00
act_dot -5.75228975724537150E+00
mass 3.40000000000000024E-01
gravity 1.96058416610926711E+00
bias 1.35525271560688054E-20
passive -4.31684584903016880E-02
actuation 3.57603183499279831E-01
length -2.65947436380184685E-02 7.59849818229099173E-03
velocity -1.51089604716055897E-01 4.31684584903016880E-02
force -3.71803655965383284E-01 4.86703121617557688E-01
position 0.00000000000000000E+00 0.00000000000000000E+00 0.00000000000000000E+00
quaternion 1.00000000000000000E+00 0.00000000000000000E+00 0.00000000000000000E+00 0.00000000000000000E+00
position 0.00000000000000000E+00 0.00000000000000000E+00 0.00000000000000000E+00
quaternion 9.99819576754978345E-01 0.00000000000000000E+00 1.89951029872357409E-02 0.00000000000000000E+00
unchanged_qpos 3.79924909114549569E-02
unchanged_qvel 2.15842292451508433E-01
unchanged_time 1.25000000000000000E-01
act -2.99999999999999989E-01
step SUCCESS
step_clamped -1.00000000000000000E+00
qpos 3.84513003128349115E-02
qvel 2.29404700689975594E-01
time 1.27000000000000002E-01
reset_qpos 0.00000000000000000E+00
reset_qvel 0.00000000000000000E+00
forward SUCCESS
forward_clamped -1.00000000000000000E+00
qacc 4.40885206373015670E+00
act_dot 5.70318067372252528E+01
mass 3.40000000000000024E-01
gravity 1.95720786611017106E+00
bias -6.77626357803440271E-21
passive 2.91050614112432493E-02
actuation -5.29101016951247338E-01
length -4.89346451948718675E-02 1.39813271985348223E-02
velocity 1.01867714939351373E-01 -2.91050614112432493E-02
force 7.74306850570591232E-01 6.45688922408322874E-02
position 0.00000000000000000E+00 0.00000000000000000E+00 0.00000000000000000E+00
quaternion 1.00000000000000000E+00 0.00000000000000000E+00 0.00000000000000000E+00 0.00000000000000000E+00
position 0.00000000000000000E+00 0.00000000000000000E+00 0.00000000000000000E+00
quaternion 9.99389194971117334E-01 0.00000000000000000E+00 3.49462011523703348E-02 0.00000000000000000E+00
unchanged_qpos 6.99066359926741043E-02
unchanged_qvel -1.45525307056216247E-01
unchanged_time 1.25000000000000000E-01
act 4.00000000000000022E-01
step SUCCESS
step_clamped -1.00000000000000000E+00
qpos 6.96332000636576548E-02
qvel -1.36717964508224155E-01
time 1.27000000000000002E-01
reset_qpos 0.00000000000000000E+00
reset_qvel 0.00000000000000000E+00
forward SUCCESS
forward_clamped -1.00000000000000000E+00
qacc 6.99894448056144824E+00
act_dot 1.18065344662108359E+02
mass 3.40000000000000024E-01
gravity 1.94655263355609742E+00
bias 0.00000000000000000E+00
passive 9.90401241417484118E-02
actuation 3.27517723412104278E-01
length -8.78974177133543810E-02 2.51135479181012547E-02
velocity 3.46640434496119421E-01 -9.90401241417484118E-02
force -1.68847227957934609E-01 1.04662331920775031E+00
position 0.00000000000000000E+00 0.00000000000000000E+00 0.00000000000000000E+00
quaternion 1.00000000000000000E+00 0.00000000000000000E+00 0.00000000000000000E+00 0.00000000000000000E+00
position 0.00000000000000000E+00 0.00000000000000000E+00 0.00000000000000000E+00
quaternion 9.98029740174207536E-01 0.00000000000000000E+00 6.27426308645402664E-02 0.00000000000000000E+00
unchanged_qpos 1.25567739590506267E-01
unchanged_qvel -4.95200620708742045E-01
unchanged_time 1.25000000000000000E-01
act 4.00000000000000022E-01
step SUCCESS
step_clamped -1.00000000000000000E+00
qpos 1.25955514835231791E-01
qvel 4.55274263643247967E-01
time 3.25000000000000178E-01
reset_qpos 0.00000000000000000E+00
reset_qvel 0.00000000000000000E+00
forward SUCCESS
forward_clamped -1.00000000000000000E+00
qacc 6.38354286525335990E+00
act_dot 3.37380975636994549E+01
mass 3.40000000000000024E-01
gravity 1.96134830692395212E+00
bias 0.00000000000000000E+00
passive -7.96943196893481753E-02
actuation 3.71268782907081651E-01
length 1.80425165215795311E-02 -5.15500472045129533E-03
velocity -2.78930118912718572E-01 7.96943196893481753E-02
force -3.59626731173930181E-01 5.97650355426652791E-01
position 0.00000000000000000E+00 0.00000000000000000E+00 0.00000000000000000E+00
quaternion 1.00000000000000000E+00 0.00000000000000000E+00 0.00000000000000000E+00 0.00000000000000000E+00
position 0.00000000000000000E+00 0.00000000000000000E+00 0.00000000000000000E+00
quaternion 9.99916957169165399E-01 0.00000000000000000E+00 -1.28871550606657684E-02 0.00000000000000000E+00
unchanged_qpos -2.57750236022564749E-02
unchanged_qvel 3.98471598446740849E-01
unchanged_time 1.25000000000000000E-01
act -2.99999999999999989E-01
step SUCCESS
step_clamped -1.00000000000000000E+00
qpos -2.49525762388038141E-02
qvel 4.11223681726330392E-01
time 1.27000000000000002E-01
reset_qpos 0.00000000000000000E+00
reset_qvel 0.00000000000000000E+00
forward SUCCESS
forward_clamped -1.00000000000000000E+00
qacc 7.32517635897857922E+00
act_dot -3.12983852634159732E+01
mass 3.40000000000000024E-01
gravity 1.95160979560173908E+00
bias 1.08420217248550443E-19
passive 8.19523108880351736E-02
actuation 4.22059760693615948E-01
length -7.20721415372271856E-02 2.05920404392077733E-02
velocity 2.86833088108123024E-01 -8.19523108880351736E-02
force -4.45744975160456469E-01 5.50191390406482128E-01
position 0.00000000000000000E+00 0.00000000000000000E+00 0.00000000000000000E+00
quaternion 1.00000000000000000E+00 0.00000000000000000E+00 0.00000000000000000E+00 0.00000000000000000E+00
position 0.00000000000000000E+00 0.00000000000000000E+00 0.00000000000000000E+00
quaternion 9.98675192218131058E-01 0.00000000000000000E+00 5.14573653433475567E-02 0.00000000000000000E+00
unchanged_qpos 1.02960202196038852E-01
unchanged_qvel -4.09761554440175813E-01
unchanged_time 1.25000000000000000E-01
act -2.99999999999999989E-01
step SUCCESS
step_clamped -1.00000000000000000E+00
qpos 1.02169945361683209E-01
qvel -3.95128417177821434E-01
time 1.27000000000000002E-01
reset_qpos 0.00000000000000000E+00
reset_qvel 0.00000000000000000E+00
forward SUCCESS
forward_clamped -1.00000000000000000E+00
qacc 4.79596592451031878E+00
act_dot -5.03831881577380472E+01
mass 3.40000000000000024E-01
gravity 1.96180309791096463E+00
bias 0.00000000000000000E+00
passive -9.32081943537259594E-02
actuation -2.34913344515268241E-01
length 9.91727441196212783E-03 -2.83350697484632298E-03
velocity -3.26228680238040858E-01 9.32081943537259594E-02
force 8.42270553724019599E-01 1.77338021545772717E+00
position 0.00000000000000000E+00 0.00000000000000000E+00 0.00000000000000000E+00
quaternion 1.00000000000000000E+00 0.00000000000000000E+00 0.00000000000000000E+00 0.00000000000000000E+00
position 0.00000000000000000E+00 0.00000000000000000E+00 0.00000000000000000E+00
quaternion 9.99974910224365354E-01 0.00000000000000000E+00 -7.08370819363816386E-03 0.00000000000000000E+00
unchanged_qpos -1.41675348742316132E-02
unchanged_qvel 4.66040971768629797E-01
unchanged_time 1.25000000000000000E-01
act -2.99999999999999989E-01
step SUCCESS
step_clamped -1.00000000000000000E+00
qpos 2.10229495810359490E-01
qvel 1.75180958098424178E+00
time 3.25000000000000178E-01
reset_qpos 0.00000000000000000E+00
reset_qvel 0.00000000000000000E+00
forward SUCCESS
forward_clamped -1.00000000000000000E+00
qacc 7.25314103853650494E+00
act_dot -4.66820957950262923E+01
mass 3.40000000000000024E-01
gravity 1.95939823891745912E+00
bias 0.00000000000000000E+00
passive 5.09163675042877406E-02
actuation 4.72381163774306168E-01
length 3.60533186390598615E-02 -1.03009481825885318E-02
velocity 1.78207286265007092E-01 -5.09163675042877406E-02
force -1.31798214569047473E-01 1.90061206787986459E+00
position 0.00000000000000000E+00 0.00000000000000000E+00 0.00000000000000000E+00
quaternion 1.00000000000000000E+00 0.00000000000000000E+00 0.00000000000000000E+00 0.00000000000000000E+00
position 0.00000000000000000E+00 0.00000000000000000E+00 0.00000000000000000E+00
quaternion 9.99668426033105795E-01 0.00000000000000000E+00 -2.57495241216733270E-02 0.00000000000000000E+00
unchanged_qpos -5.15047409129426592E-02
unchanged_qvel -2.54581837521438703E-01
unchanged_time 1.25000000000000000E-01
act -1.09023977484898879E-01
step SUCCESS
step_clamped -1.00000000000000000E+00
qpos -5.19849261161511936E-02
qvel -2.40092601604268235E-01
time 1.27000000000000002E-01
reset_qpos 0.00000000000000000E+00
reset_qvel 0.00000000000000000E+00
forward SUCCESS
forward_clamped -1.00000000000000000E+00
qacc 2.87008592311209876E+00
act_dot 4.09351104043098175E+01
mass 3.40000000000000024E-01
gravity 1.73282830988527503E+00
bias -6.77626357803440271E-21
passive 9.12457855432487024E-03
actuation -7.76055143041262774E-01
length -3.41715669988885029E-01 9.76330485682528892E-02
velocity 3.19360249401370380E-02 -9.12457855432487024E-03
force 7.28660139975791488E-01 -1.32996522529104411E+00
position 0.00000000000000000E+00 0.00000000000000000E+00 0.00000000000000000E+00
quaternion 1.00000000000000000E+00 0.00000000000000000E+00 0.00000000000000000E+00 0.00000000000000000E+00
position 0.00000000000000000E+00 0.00000000000000000E+00 0.00000000000000000E+00
quaternion 9.70359432692341928E-01 0.00000000000000000E+00 2.41666239646741388E-01 0.00000000000000000E+00
unchanged_qpos 4.88165242841264391E-01
unchanged_qvel -4.56228927716243460E-02
unchanged_time 1.25000000000000000E-01
act 3.13254496451266684E-01
step SUCCESS
step_clamped -1.00000000000000000E+00
qpos 4.88085463908997985E-01
qvel -3.98894661332100456E-02
time 1.27000000000000002E-01
reset_qpos 0.00000000000000000E+00
reset_qvel 0.00000000000000000E+00
forward SUCCESS
forward_clamped -1.00000000000000000E+00
qacc 5.03537574586599668E+00
act_dot 3.86916454812397106E+01
mass 3.40000000000000024E-01
gravity 1.94875137040513113E+00
bias 1.08420217248550443E-19
passive 6.01473067149639329E-02
actuation -2.81590740293519048E-01
length 8.13942458906942584E-02 -2.32554988259126467E-02
velocity 2.10515573502373765E-01 -6.01473067149639329E-02
force 7.13478611532316953E-01 1.08922143889551393E+00
position 0.00000000000000000E+00 0.00000000000000000E+00 0.00000000000000000E+00
quaternion 1.00000000000000000E+00 0.00000000000000000E+00 0.00000000000000000E+00 0.00000000000000000E+00
position 0.00000000000000000E+00 0.00000000000000000E+00 0.00000000000000000E+00
quaternion 9.98310419039987185E-01 0.00000000000000000E+00 -5.81060000017652664E-02 0.00000000000000000E+00
unchanged_qpos -1.16277494129563230E-01
unchanged_qvel -3.00736533574819664E-01
unchanged_time 1.25000000000000000E-01
act 4.00000000000000022E-01
step SUCCESS
step_clamped -1.00000000000000000E+00
qpos -8.04749519388464618E-02
qvel 6.22795206137036983E-01
time 3.25000000000000178E-01
reset_qpos 0.00000000000000000E+00
reset_qvel 0.00000000000000000E+00
forward SUCCESS
forward_clamped -1.00000000000000000E+00
qacc 4.74452451366859407E+00
act_dot -6.72172847687718189E+01
mass 3.40000000000000024E-01
gravity 1.73358110282886990E+00
bias -5.42101086242752217E-20
passive -3.24851026767621898E-02
actuation -2.15347539763544454E-02
length -3.41142569305376897E-01 9.74693055158219884E-02
velocity -1.13697859368667650E-01 3.24851026767621898E-02
force 7.73657746720219919E-02 1.63106441470304731E-01
position 0.00000000000000000E+00 0.00000000000000000E+00 0.00000000000000000E+00
quaternion 1.00000000000000000E+00 0.00000000000000000E+00 0.00000000000000000E+00 0.00000000000000000E+00
position 0.00000000000000000E+00 0.00000000000000000E+00 0.00000000000000000E+00
quaternion 9.70458279305607463E-01 0.00000000000000000E+00 2.41268995370725908E-01 0.00000000000000000E+00
unchanged_qpos 4.87346527579109901E-01
unchanged_qvel 1.62425513383810949E-01
unchanged_time 1.25000000000000000E-01
act -8.68920988196027200E-02
step SUCCESS
step_clamped -1.00000000000000000E+00
qpos 4.87690334402994419E-01
qvel 1.71903411942255835E-01
time 1.27000000000000002E-01
reset_qpos 0.00000000000000000E+00
reset_qvel 0.00000000000000000E+00
forward SUCCESS
forward_clamped -1.00000000000000000E+00
qacc 6.80818832329361978E+00
act_dot -2.72859572362016412E-01
mass 3.40000000000000024E-01
gravity 1.91825940321934252E+00
bias 0.00000000000000000E+00
passive 2.15516068378358815E-02
actuation 3.57263356701395640E-01
length 1.48086697856271848E-01 -4.23104851017919656E-02
velocity 7.54306239324255695E-02 -2.15516068378358815E-02
force -1.49144774428113108E-01 1.26431007300858234E+00
position 0.00000000000000000E+00 0.00000000000000000E+00 0.00000000000000000E+00
quaternion 1.00000000000000000E+00 0.00000000000000000E+00 0.00000000000000000E+00 0.00000000000000000E+00
position 0.00000000000000000E+00 0.00000000000000000E+00 0.00000000000000000E+00
quaternion 9.94410910501488443E-01 0.00000000000000000E+00 -1.05579074989322036E-01 0.00000000000000000E+00
unchanged_qpos -2.11552425508959807E-01
unchanged_qvel -1.07758034189179397E-01
unchanged_time 1.25000000000000000E-01
act -1.11548611932203806E-01
step SUCCESS
step_clamped -1.00000000000000000E+00
qpos -2.11740740824930190E-01
qvel -9.41576579851850920E-02
time 1.27000000000000002E-01
lifecycle PASS
