create SUCCESS
reset_qpos 0.00000000000000000E+00
reset_qvel 0.00000000000000000E+00
forward SUCCESS
forward_clamped -1.00000000000000000E+00
qacc 6.32335379274114207E+00
act_dot 6.13909207392393057E+01
mass 3.40000000000000024E-01
gravity 1.73121483211990301E+00
bias 2.16840434497100887E-19
passive 5.61909539657807350E-02
actuation 3.33950855360335863E-01
length -3.42941043259749834E-01 9.79831552170714049E-02
velocity 1.96668338880232552E-01 -5.61909539657807350E-02
force -5.63742659932257806E-01 -3.03345032961222838E-01
position 0.00000000000000000E+00 0.00000000000000000E+00 0.00000000000000000E+00
quaternion 1.00000000000000000E+00 0.00000000000000000E+00 0.00000000000000000E+00 0.00000000000000000E+00
position 0.00000000000000000E+00 0.00000000000000000E+00 0.00000000000000000E+00
quaternion 9.70147538634001050E-01 0.00000000000000000E+00 2.42515470191882132E-01 0.00000000000000000E+00
unchanged_qpos 4.89915776085356969E-01
unchanged_qvel -2.80954769828903661E-01
unchanged_time 1.25000000000000000E-01
act 7.99967387425323584E-01
step SUCCESS
step_clamped -1.00000000000000000E+00
qpos 4.95086813586651520E-01
qvel 2.72945134182629612E-01
time 3.25000000000000178E-01
reset_qpos 0.00000000000000000E+00
reset_qvel 0.00000000000000000E+00
forward SUCCESS
forward_clamped -1.00000000000000000E+00
qacc 3.45692577294202286E+00
act_dot -5.22583444804640109E+01
mass 3.40000000000000024E-01
gravity 1.96180486463067338E+00
bias 0.00000000000000000E+00
passive -1.62824005772174811E-02
actuation -7.11232094447760366E-01
length 9.87268165126322511E-03 -2.82076618607520792E-03
velocity -5.69884020202611821E-02 1.62824005772174811E-02
force 1.03521958824444993E+00 6.71080866167725887E-02
position 0.00000000000000000E+00 0.00000000000000000E+00 0.00000000000000000E+00
quaternion 1.00000000000000000E+00 0.00000000000000000E+00 0.00000000000000000E+00 0.00000000000000000E+00
position 0.00000000000000000E+00 0.00000000000000000E+00 0.00000000000000000E+00
quaternion 9.99975135347178412E-01 0.00000000000000000E+00 -7.05185701728120937E-03 0.00000000000000000E+00
unchanged_qpos -1.41038309303760379E-02
unchanged_qvel 8.14120028860874090E-02
unchanged_time 1.25000000000000000E-01
act 4.40650200648352253E-01
step SUCCESS
step_clamped -1.00000000000000000E+00
qpos -1.39271954702818862E-02
qvel 8.83177300470761734E-02
time 1.27000000000000002E-01
reset_qpos 0.00000000000000000E+00
reset_qvel 0.00000000000000000E+00
forward SUCCESS
forward_clamped -1.00000000000000000E+00
qacc 4.69533120220096745E+00
act_dot 3.21328171727430743E+01
mass 3.40000000000000024E-01
gravity 1.84487301166319195E+00
bias -4.33680868994201774E-19
passive -9.07622057507525143E-02
actuation -1.43411914972948695E-01
length -2.43095321791525598E-01 6.94558062261501769E-02
velocity -3.17667720127633779E-01 9.07622057507525143E-02
force 5.03946356689719877E-01 1.04675267354927604E+00
position 0.00000000000000000E+00 0.00000000000000000E+00 0.00000000000000000E+00
quaternion 1.00000000000000000E+00 0.00000000000000000E+00 0.00000000000000000E+00 0.00000000000000000E+00
position 0.00000000000000000E+00 0.00000000000000000E+00 0.00000000000000000E+00
quaternion 9.84962498919152885E-01 0.00000000000000000E+00 1.72768271748425656E-01 0.00000000000000000E+00
unchanged_qpos 3.47279031130750870E-01
unchanged_qvel 4.53811028753762558E-01
unchanged_time 1.25000000000000000E-01
act 2.21609290890624644E-01
step SUCCESS
step_clamped -1.00000000000000000E+00
qpos 3.48205412443355344E-01
qvel 4.63190656302225112E-01
time 1.27000000000000002E-01
reset_qpos 0.00000000000000000E+00
reset_qvel 0.00000000000000000E+00
forward SUCCESS
forward_clamped -1.00000000000000000E+00
qacc 5.24094436740826275E+00
act_dot 2.69488524830201008E+01
mass 3.40000000000000024E-01
gravity 1.95960057323308767E+00
bias 0.00000000000000000E+00
passive 4.47446827915263523E-02
actuation -3.07753707347987515E-01
length 3.46227496875652421E-02 -9.89221419644721427E-03
velocity 1.56606389770342191E-01 -4.47446827915263523E-02
force 5.02030912716978639E-01 2.18339657769487605E-01
position 0.00000000000000000E+00 0.00000000000000000E+00 0.00000000000000000E+00
quaternion 1.00000000000000000E+00 0.00000000000000000E+00 0.00000000000000000E+00 0.00000000000000000E+00
position 0.00000000000000000E+00 0.00000000000000000E+00 0.00000000000000000E+00
quaternion 9.99694215892418803E-01 0.00000000000000000E+00 -2.47280147048191956E-02 0.00000000000000000E+00
unchanged_qpos -4.94610709822360661E-02
unchanged_qvel -2.23723413957631734E-01
unchanged_time 1.25000000000000000E-01
act 7.99985684015592668E-01
step SUCCESS
step_clamped -1.00000000000000000E+00
qpos -1.74280786114433157E-02
qvel 5.08110109053074188E-01
time 3.25000000000000178E-01
reset_qpos 0.00000000000000000E+00
reset_qvel 0.00000000000000000E+00
forward SUCCESS
forward_clamped -1.00000000000000000E+00
qacc 8.27047088887334780E+00
act_dot 1.04817968018899865E+01
mass 3.40000000000000024E-01
gravity 1.96093361322010629E+00
bias 0.00000000000000000E+00
passive -7.21416014904979613E-02
actuation 9.38968981730732954E-01
length -2.30802540641781712E-02 6.59435830405090753E-03
velocity -2.52495605216742802E-01 7.21416014904979613E-02
force -9.45035536179930080E-01 1.38722053202390949E+00
position 0.00000000000000000E+00 0.00000000000000000E+00 0.00000000000000000E+00
quaternion 1.00000000000000000E+00 0.00000000000000000E+00 0.00000000000000000E+00 0.00000000000000000E+00
position 0.00000000000000000E+00 0.00000000000000000E+00 0.00000000000000000E+00
quaternion 9.99864110698254982E-01 0.00000000000000000E+00 1.64851490010741765E-02 0.00000000000000000E+00
unchanged_qpos 3.29717915202545342E-02
unchanged_qvel 3.60708007452489765E-01
unchanged_time 1.25000000000000000E-01
act -6.27541543715356642E-01
step SUCCESS
step_clamped -1.00000000000000000E+00
qpos 3.37262505445862712E-02
qvel 3.77229512165867753E-01
time 1.27000000000000002E-01
reset_qpos 0.00000000000000000E+00
reset_qvel 0.00000000000000000E+00
forward SUCCESS
forward_clamped -1.00000000000000000E+00
qacc 7.58791490877811015E+00
act_dot 8.41573042081666323E+00
mass 3.40000000000000024E-01
gravity 1.95417191110235811E+00
bias -2.16840434497100887E-19
passive -9.71849901622942047E-02
actuation 8.11390522100225220E-01
length -6.25512386508405155E-02 1.78717824716687172E-02
velocity -3.40147465568029717E-01 9.71849901622942047E-02
force -9.49339969598908540E-01 7.34262716904946267E-01
position 0.00000000000000000E+00 0.00000000000000000E+00 0.00000000000000000E+00
quaternion 1.00000000000000000E+00 0.00000000000000000E+00 0.00000000000000000E+00 0.00000000000000000E+00
position 0.00000000000000000E+00 0.00000000000000000E+00 0.00000000000000000E+00
quaternion 9.99002039129603947E-01 0.00000000000000000E+00 4.46645924071125758E-02 0.00000000000000000E+00
unchanged_qpos 8.93589123583435896E-02
unchanged_qvel 4.85924950811471024E-01
unchanged_time 1.25000000000000000E-01
act -6.51483147574699939E-01
step SUCCESS
step_clamped -1.00000000000000000E+00
qpos 9.03610782537266344E-02
qvel 5.01082947691521285E-01
time 1.27000000000000002E-01
reset_qpos 0.00000000000000000E+00
reset_qvel 0.00000000000000000E+00
forward SUCCESS
forward_clamped -1.00000000000000000E+00
qacc 5.36429839749403659E+00
act_dot -1.68651085378312864E+01
mass 3.40000000000000024E-01
gravity 1.93456669816449800E+00
bias 0.00000000000000000E+00
passive -5.83807781806429133E-03
actuation -3.05347981960450154E-02
length 1.17195224771703341E-01 -3.34843499347723880E-02
velocity -2.04332723632250184E-02 5.83807781806429133E-03
force -2.07658222672602255E-01 -8.79477770334332831E-01
position 0.00000000000000000E+00 0.00000000000000000E+00 0.00000000000000000E+00
quaternion 1.00000000000000000E+00 0.00000000000000000E+00 0.00000000000000000E+00 0.00000000000000000E+00
position 0.00000000000000000E+00 0.00000000000000000E+00 0.00000000000000000E+00
quaternion 9.96498290289334121E-01 0.00000000000000000E+00 -8.36131416132286226E-02 0.00000000000000000E+00
unchanged_qpos -1.67421749673861919E-01
unchanged_qvel 2.91903890903214558E-02
unchanged_time 1.25000000000000000E-01
act -4.99991040782496898E-01
step SUCCESS
step_clamped -1.00000000000000000E+00
qpos -4.06497442238392681E-02
qvel 1.21192204380332735E+00
time 3.25000000000000178E-01
reset_qpos 0.00000000000000000E+00
reset_qvel 0.00000000000000000E+00
forward SUCCESS
forward_clamped -1.00000000000000000E+00
qacc 3.26056680728052450E+00
act_dot -2.68426073408448254E+01
mass 3.40000000000000024E-01
gravity 1.88160028951861436E+00
bias 0.00000000000000000E+00
passive 3.40289581730760723E-02
actuation -7.20385358433814793E-01
length -2.01087515133866829E-01 5.74535757525333826E-02
velocity 1.19101353605766250E-01 -3.40289581730760723E-02
force 7.88971666687324658E-01 -8.40525958763437941E-01
position 0.00000000000000000E+00 0.00000000000000000E+00 0.00000000000000000E+00
quaternion 1.00000000000000000E+00 0.00000000000000000E+00 0.00000000000000000E+00 0.00000000000000000E+00
position 0.00000000000000000E+00 0.00000000000000000E+00 0.00000000000000000E+00
quaternion 9.89702367959891527E-01 0.00000000000000000E+00 1.43140570260787914E-01 0.00000000000000000E+00
unchanged_qpos 2.87267878762666906E-01
unchanged_qvel -1.70144790865380369E-01
unchanged_time 1.25000000000000000E-01
act 3.30118128182026793E-01
step SUCCESS
step_clamped -1.00000000000000000E+00
qpos 2.86940616122351833E-01
qvel -1.63631320157534427E-01
time 1.27000000000000002E-01
reset_qpos 0.00000000000000000E+00
reset_qvel 0.00000000000000000E+00
forward SUCCESS
forward_clamped -1.00000000000000000E+00
qacc 5.10158350823636919E+00
act_dot 8.99814126192505803E+00
mass 3.40000000000000024E-01
gravity 1.81258974356749802E+00
bias 0.00000000000000000E+00
passive 2.22596321109977541E-02
actuation -1.46232314641755706E-01
length -2.74947060580432556E-01 7.85563030229807363E-02
velocity 7.79087123884921184E-02 -2.22596321109977541E-02
force 2.10233284924055380E-01 4.65492402541523020E-03
position 0.00000000000000000E+00 0.00000000000000000E+00 0.00000000000000000E+00
quaternion 1.00000000000000000E+00 0.00000000000000000E+00 0.00000000000000000E+00 0.00000000000000000E+00
position 0.00000000000000000E+00 0.00000000000000000E+00 0.00000000000000000E+00
quaternion 9.80777238589291667E-01 0.00000000000000000E+00 1.95130746591006543E-01 0.00000000000000000E+00
unchanged_qpos 3.92781515114903668E-01
unchanged_qvel -1.11298160554988756E-01
unchanged_time 1.25000000000000000E-01
act 4.34850526577466173E-02
step SUCCESS
step_clamped -1.00000000000000000E+00
qpos 3.92579301148585691E-01
qvel -1.01106983158981908E-01
time 1.27000000000000002E-01
reset_qpos 0.00000000000000000E+00
reset_qvel 0.00000000000000000E+00
forward SUCCESS
forward_clamped -1.00000000000000000E+00
qacc 5.90545773170779587E+00
act_dot -3.10577077407745712E+01
mass 3.40000000000000024E-01
gravity 1.95921282564453159E+00
bias 0.00000000000000000E+00
passive -7.41786111006338678E-02
actuation 9.45575581344118010E-02
length 3.73161672478749401E-02 -1.06617620708214129E-02
velocity -2.59625138852218496E-01 7.41786111006338678E-02
force 3.46692240782416616E-01 1.68621063341051691E+00
position 0.00000000000000000E+00 0.00000000000000000E+00 0.00000000000000000E+00
quaternion 1.00000000000000000E+00 0.00000000000000000E+00 0.00000000000000000E+00 0.00000000000000000E+00
position 0.00000000000000000E+00 0.00000000000000000E+00 0.00000000000000000E+00
quaternion 9.99644792373063917E-01 0.00000000000000000E+00 -2.66512491529759428E-02 0.00000000000000000E+00
unchanged_qpos -5.33088103541070613E-02
unchanged_qvel 3.70893055503169311E-01
unchanged_time 1.25000000000000000E-01
act -4.99983501276723252E-01
step SUCCESS
step_clamped -1.00000000000000000E+00
qpos 1.67178011167028490E-01
qvel 1.80725690945451745E+00
time 3.25000000000000178E-01
reset_qpos 0.00000000000000000E+00
reset_qvel 0.00000000000000000E+00
forward SUCCESS
forward_clamped -1.00000000000000000E+00
qacc 4.44646359386337320E+00
act_dot 3.31787942031517744E+01
mass 3.40000000000000024E-01
gravity 1.94500178610698260E+00
bias -5.42101086242752217E-20
passive 4.27599665561771564E-02
actuation -4.88010879461334035E-01
length -9.22102566558931913E-02 2.63457876159694862E-02
velocity 1.49659882946620026E-01 -4.27599665561771564E-02
force 3.29652097500283736E-01 -1.28627205605567729E+00
position 0.00000000000000000E+00 0.00000000000000000E+00 0.00000000000000000E+00
quaternion 1.00000000000000000E+00 0.00000000000000000E+00 0.00000000000000000E+00 0.00000000000000000E+00
position 0.00000000000000000E+00 0.00000000000000000E+00 0.00000000000000000E+00
quaternion 9.97831719885537760E-01 0.00000000000000000E+00 6.58168579489289557E-02 0.00000000000000000E+00
unchanged_qpos 1.31728938079847424E-01
unchanged_qvel -2.13799832780885768E-01
unchanged_time 1.25000000000000000E-01
act 2.02781704343268143E-01
step SUCCESS
step_clamped -1.00000000000000000E+00
qpos 1.31319103368714718E-01
qvel -2.04917355566352599E-01
time 1.27000000000000002E-01
reset_qpos 0.00000000000000000E+00
reset_qvel 0.00000000000000000E+00
forward SUCCESS
forward_clamped -1.00000000000000000E+00
qacc 4.33107195805050704E+00
act_dot 3.95577003122515052E+01
mass 3.40000000000000024E-01
gravity 1.81123219193368956E+00
bias 0.00000000000000000E+00
passive 8.59856900635155574E-02
actuation -3.72326173415384598E-01
length 2.76209716954908979E-01 -7.89170619871168572E-02
velocity 3.00949915222304409E-01 -8.59856900635155574E-02
force -2.80147087474847956E-02 -1.95968234769311955E+00
position 0.00000000000000000E+00 0.00000000000000000E+00 0.00000000000000000E+00
quaternion 1.00000000000000000E+00 0.00000000000000000E+00 0.00000000000000000E+00 0.00000000000000000E+00
position 0.00000000000000000E+00 0.00000000000000000E+00 0.00000000000000000E+00
quaternion 9.80600851806759044E-01 0.00000000000000000E+00 -1.96015227561174260E-01 0.00000000000000000E+00
unchanged_qpos -3.94585309935584272E-01
unchanged_qvel -4.29928450317577759E-01
unchanged_time 1.25000000000000000E-01
act 8.79613943794728681E-02
step SUCCESS
step_clamped -1.00000000000000000E+00
qpos -3.95427862905952221E-01
qvel -4.21276485183986860E-01
time 1.27000000000000002E-01
lifecycle PASS
