create SUCCESS
reset_qpos 0.00000000000000000E+00
reset_qvel 0.00000000000000000E+00
forward SUCCESS
forward_clamped -1.00000000000000000E+00
qacc 6.59924840836206617E+00
act_dot -5.22578090665969839E+01
mass 3.40000000000000024E-01
gravity 1.96152508864649744E+00
bias 0.00000000000000000E+00
passive -9.12483476866206983E-02
actuation 3.50918239246004182E-01
length 1.54020515656878784E-02 -4.40058616162510886E-03
velocity -3.19369216903172382E-01 9.12483476866206983E-02
force -3.98443422489650922E-01 3.60039217516242793E-01
position 0.00000000000000000E+00 0.00000000000000000E+00 0.00000000000000000E+00
quaternion 1.00000000000000000E+00 0.00000000000000000E+00 0.00000000000000000E+00 0.00000000000000000E+00
position 0.00000000000000000E+00 0.00000000000000000E+00 0.00000000000000000E+00
quaternion 9.99939484489845931E-01 0.00000000000000000E+00 -1.10012434834036634E-02 0.00000000000000000E+00
unchanged_qpos -2.20029308081255426E-02
unchanged_qvel 4.56241738433103450E-01
unchanged_time 1.25000000000000000E-01
act -1.37318527369851862E+00
step SUCCESS
step_clamped -1.00000000000000000E+00
qpos 2.20141887996430780E-01
qvel 1.92349438919387428E+00
time 3.25000000000000178E-01
reset_qpos 0.00000000000000000E+00
reset_qvel 0.00000000000000000E+00
forward SUCCESS
forward_clamped -1.00000000000000000E+00
qacc 5.42060809474374583E+00
act_dot 7.88372181390738458E+00
mass 3.40000000000000024E-01
gravity 1.83181460004635954E+00
bias -5.42101086242752217E-20
passive -2.63647780147484821E-02
actuation -4.21461123612892063E-02
length 2.56434141295619422E-01 -7.32668975130341266E-02
velocity -9.22767230516196718E-02 2.63647780147484821E-02
force -1.95693876825727475E-01 -8.95659130696492056E-01
position 0.00000000000000000E+00 0.00000000000000000E+00 0.00000000000000000E+00
quaternion 1.00000000000000000E+00 0.00000000000000000E+00 0.00000000000000000E+00 0.00000000000000000E+00
position 0.00000000000000000E+00 0.00000000000000000E+00 0.00000000000000000E+00
quaternion 9.83271728755804375E-01 0.00000000000000000E+00 -1.82144743074215659E-01 0.00000000000000000E+00
unchanged_qpos -3.66334487565170619E-01
unchanged_qvel 1.31823890073742400E-01
unchanged_time 1.25000000000000000E-01
act -1.23773132282400306E-01
step SUCCESS
step_clamped -1.00000000000000000E+00
qpos -3.66049182831413134E-01
qvel 1.42652366878753406E-01
time 1.27000000000000002E-01
reset_qpos 0.00000000000000000E+00
reset_qvel 0.00000000000000000E+00
forward SUCCESS
forward_clamped -1.00000000000000000E+00
qacc 3.76079827470867301E+00
act_dot 2.42235136390319674E+01
mass 3.40000000000000024E-01
gravity 1.89879881977017062E+00
bias -5.42101086242752217E-20
passive 3.85645235811208839E-02
actuation -6.06372613355447010E-01
length 1.78155359204260150E-01 -5.09015312012171886E-02
velocity 1.34975832533923062E-01 -3.85645235811208839E-02
force 8.09419154174278010E-01 -1.98896027167262179E-01
position 0.00000000000000000E+00 0.00000000000000000E+00 0.00000000000000000E+00
quaternion 1.00000000000000000E+00 0.00000000000000000E+00 0.00000000000000000E+00 0.00000000000000000E+00
position 0.00000000000000000E+00 0.00000000000000000E+00 0.00000000000000000E+00
quaternion 9.91914152009497396E-01 0.00000000000000000E+00 -1.26910657721405251E-01 0.00000000000000000E+00
unchanged_qpos -2.54507656006085936E-01
unchanged_qvel -1.92822617905604399E-01
unchanged_time 1.25000000000000000E-01
act 5.13071102832381998E-01
step SUCCESS
step_clamped -1.00000000000000000E+00
qpos -2.54878275725875958E-01
qvel -1.85309859895023021E-01
time 1.27000000000000002E-01
reset_qpos 0.00000000000000000E+00
reset_qvel 0.00000000000000000E+00
forward SUCCESS
forward_clamped -1.00000000000000000E+00
qacc 5.57295237191772941E+00
act_dot 2.42304325175407520E+01
mass 3.40000000000000024E-01
gravity 1.89145529102551402E+00
bias 6.77626357803440271E-21
passive 1.50837180330954061E-02
actuation -7.67290460184808232E-02
length 1.88280653265380737E-01 -5.37944723615373654E-02
velocity 5.27930131158339186E-02 -1.50837180330954061E-02
force 2.80410786640541698E-01 5.97792523149491828E-01
position 0.00000000000000000E+00 0.00000000000000000E+00 0.00000000000000000E+00
quaternion 1.00000000000000000E+00 0.00000000000000000E+00 0.00000000000000000E+00 0.00000000000000000E+00
position 0.00000000000000000E+00 0.00000000000000000E+00 0.00000000000000000E+00
quaternion 9.90970355469499409E-01 0.00000000000000000E+00 -1.34081149236773750E-01 0.00000000000000000E+00
unchanged_qpos -2.68972361807686799E-01
unchanged_qvel -7.54185901654770285E-02
unchanged_time 1.25000000000000000E-01
act 6.30156710963220790E-01
step SUCCESS
step_clamped -1.00000000000000000E+00
qpos -2.04271058916904946E-01
qvel 6.69117546983171163E-01
time 3.25000000000000178E-01
reset_qpos 0.00000000000000000E+00
reset_qvel 0.00000000000000000E+00
forward SUCCESS
forward_clamped -1.00000000000000000E+00
qacc 7.68196541188309645E+00
act_dot 1.85843378920312894E+01
mass 3.40000000000000024E-01
gravity 1.94690640855212815E+00
bias 0.00000000000000000E+00
passive -3.32450125699293095E-02
actuation 7.09723622930005904E-01
length -8.68837670666339906E-02 2.48239334476097161E-02
velocity -1.16357543994752580E-01 3.32450125699293095E-02
force -4.86030927658034184E-01 1.84750986784690951E+00
position 0.00000000000000000E+00 0.00000000000000000E+00 0.00000000000000000E+00
quaternion 1.00000000000000000E+00 0.00000000000000000E+00 0.00000000000000000E+00 0.00000000000000000E+00
position 0.00000000000000000E+00 0.00000000000000000E+00 0.00000000000000000E+00
quaternion 9.98074906507028237E-01 0.00000000000000000E+00 6.20200048451039695E-02 0.00000000000000000E+00
unchanged_qpos 1.24119667238048570E-01
unchanged_qvel 1.66225062849646554E-01
unchanged_time 1.25000000000000000E-01
act -3.36576951614157960E-01
step SUCCESS
step_clamped -1.00000000000000000E+00
qpos 1.24482809117449869E-01
qvel 1.81570939700646861E-01
time 1.27000000000000002E-01
reset_qpos 0.00000000000000000E+00
reset_qvel 0.00000000000000000E+00
forward SUCCESS
forward_clamped -1.00000000000000000E+00
qacc 5.59802472635604609E+00
act_dot 5.26110413611719352E+01
mass 3.40000000000000024E-01
gravity 1.82483172867431276E+00
bias 1.35525271560688054E-20
passive 1.82787939515166378E-02
actuation 9.15797608250987216E-02
length 2.63301695594679419E-01 -7.52290558841941376E-02
velocity 6.39757788303082220E-02 -1.82787939515166378E-02
force 4.39983418275623317E-01 1.99784076809017508E+00
position 0.00000000000000000E+00 0.00000000000000000E+00 0.00000000000000000E+00
quaternion 1.00000000000000000E+00 0.00000000000000000E+00 0.00000000000000000E+00 0.00000000000000000E+00
position 0.00000000000000000E+00 0.00000000000000000E+00 0.00000000000000000E+00
quaternion 9.82366410092725517E-01 0.00000000000000000E+00 -1.86965869402762885E-01 0.00000000000000000E+00
unchanged_qpos -3.76145279420970646E-01
unchanged_qvel -9.13939697575831822E-02
unchanged_time 1.25000000000000000E-01
act 3.59203896087102015E-01
step SUCCESS
step_clamped -1.00000000000000000E+00
qpos -3.76305701574270068E-01
qvel -8.02110766497038941E-02
time 1.27000000000000002E-01
reset_qpos 0.00000000000000000E+00
reset_qvel 0.00000000000000000E+00
forward SUCCESS
forward_clamped -1.00000000000000000E+00
qacc 6.18046662080134901E+00
act_dot 6.47539976897409133E+01
mass 3.40000000000000024E-01
gravity 1.78925507867107103E+00
bias 0.00000000000000000E+00
passive -5.33779570315148708E-02
actuation 3.67765723174846626E-01
length -2.95941156631899627E-01 8.45546161805427743E-02
velocity -1.86822849610302016E-01 5.33779570315148708E-02
force -3.44040101285536193E-01 6.34688261374856566E-01
position 0.00000000000000000E+00 0.00000000000000000E+00 0.00000000000000000E+00
quaternion 1.00000000000000000E+00 0.00000000000000000E+00 0.00000000000000000E+00 0.00000000000000000E+00
position 0.00000000000000000E+00 0.00000000000000000E+00 0.00000000000000000E+00
quaternion 9.77740936603799127E-01 0.00000000000000000E+00 2.09815778456067692E-01 0.00000000000000000E+00
unchanged_qpos 4.22773080902713816E-01
unchanged_qvel 2.66889785157574333E-01
unchanged_time 1.25000000000000000E-01
act 9.59641426308299961E-01
step SUCCESS
step_clamped -1.00000000000000000E+00
qpos 5.38882964442342072E-01
qvel 8.37721099239716827E-01
time 3.25000000000000178E-01
reset_qpos 0.00000000000000000E+00
reset_qvel 0.00000000000000000E+00
forward SUCCESS
forward_clamped -1.00000000000000000E+00
qacc 3.58938626417899620E+00
act_dot -7.17649796114492631E+01
mass 3.40000000000000024E-01
gravity 1.96029063456967223E+00
bias 0.00000000000000000E+00
passive -7.60294808386431653E-02
actuation -5.85578523783545579E-01
length 2.92221745657543983E-02 -8.34919273307268596E-03
velocity -2.66103182935251037E-01 7.60294808386431653E-02
force 1.02531951304267999E+00 6.60725676731651834E-01
position 0.00000000000000000E+00 0.00000000000000000E+00 0.00000000000000000E+00
quaternion 1.00000000000000000E+00 0.00000000000000000E+00 0.00000000000000000E+00 0.00000000000000000E+00
position 0.00000000000000000E+00 0.00000000000000000E+00 0.00000000000000000E+00
quaternion 9.99782167223685403E-01 0.00000000000000000E+00 -2.08714662041431277E-02 0.00000000000000000E+00
unchanged_qpos -4.17459636653634281E-02
unchanged_qvel 3.80147404193215799E-01
unchanged_time 1.25000000000000000E-01
act 3.74626234203781550E-01
step SUCCESS
step_clamped -1.00000000000000000E+00
qpos -4.09713281833010770E-02
qvel 3.87317741031176166E-01
time 1.27000000000000002E-01
reset_qpos 0.00000000000000000E+00
reset_qvel 0.00000000000000000E+00
forward SUCCESS
forward_clamped -1.00000000000000000E+00
qacc 7.22189622549433530E+00
act_dot -1.52583897777486008E+01
mass 3.40000000000000024E-01
gravity 1.95724050588217713E+00
bias -3.38813178901720136E-21
passive 1.87913863784112678E-02
actuation 4.18361101405819724E-01
length 4.87676430556503449E-02 -1.39336123016143842E-02
velocity 6.57698523244394373E-02 -1.87913863784112678E-02
force -6.96829884133392863E-01 -3.47099087437776177E-01
position 0.00000000000000000E+00 0.00000000000000000E+00 0.00000000000000000E+00
quaternion 1.00000000000000000E+00 0.00000000000000000E+00 0.00000000000000000E+00 0.00000000000000000E+00
position 0.00000000000000000E+00 0.00000000000000000E+00 0.00000000000000000E+00
quaternion 9.99393356496694474E-01 0.00000000000000000E+00 -3.48269865229669032E-02 0.00000000000000000E+00
unchanged_qpos -6.96680615080719212E-02
unchanged_qvel -9.39569318920563390E-02
unchanged_time 1.25000000000000000E-01
act -4.82896556468326521E-01
step SUCCESS
step_clamped -1.00000000000000000E+00
qpos -6.98271217324122201E-02
qvel -7.95301121701522673E-02
time 1.27000000000000002E-01
reset_qpos 0.00000000000000000E+00
reset_qvel 0.00000000000000000E+00
forward SUCCESS
forward_clamped -1.00000000000000000E+00
qacc 5.12581505032804774E+00
act_dot -3.42394919123037127E+01
mass 3.40000000000000024E-01
gravity 1.82298819830150949E+00
bias 0.00000000000000000E+00
passive 9.35168446286801514E-02
actuation -2.60403614857914967E-01
length -2.65086474349075674E-01 7.57389926711644901E-02
velocity 3.27308956200380530E-01 -9.35168446286801514E-02
force -5.78187416683251520E-02 -1.50438367012871277E+00
position 0.00000000000000000E+00 0.00000000000000000E+00 0.00000000000000000E+00
quaternion 1.00000000000000000E+00 0.00000000000000000E+00 0.00000000000000000E+00 0.00000000000000000E+00
position 0.00000000000000000E+00 0.00000000000000000E+00 0.00000000000000000E+00
quaternion 9.82127259938833763E-01 0.00000000000000000E+00 1.88218079060005483E-01 0.00000000000000000E+00
unchanged_qpos 3.78694963355822423E-01
unchanged_qvel -4.67584223143400757E-01
unchanged_time 1.25000000000000000E-01
act -7.85879233230598051E-01
step SUCCESS
step_clamped -1.00000000000000000E+00
qpos 4.18159973022658060E-01
qvel 8.43072088850210677E-01
time 3.25000000000000178E-01
reset_qpos 0.00000000000000000E+00
reset_qvel 0.00000000000000000E+00
forward SUCCESS
forward_clamped -1.00000000000000000E+00
qacc 3.84398084537215157E+00
act_dot -8.36630893309090879E+01
mass 3.40000000000000024E-01
gravity 1.89487871508676919E+00
bias -2.16840434497100887E-19
passive -6.52432225155024498E-02
actuation -5.09237734345046822E-01
length -1.83628307428822801E-01 5.24652306939493718E-02
velocity -2.28351278804258567E-01 6.52432225155024498E-02
force 5.22408353640192558E-01 -7.17759433984560324E-01
position 0.00000000000000000E+00 0.00000000000000000E+00 0.00000000000000000E+00
quaternion 1.00000000000000000E+00 0.00000000000000000E+00 0.00000000000000000E+00 0.00000000000000000E+00
position 0.00000000000000000E+00 0.00000000000000000E+00 0.00000000000000000E+00
quaternion 9.91410448627098595E-01 0.00000000000000000E+00 1.30787317248328705E-01 0.00000000000000000E+00
unchanged_qpos 2.62326153469746859E-01
unchanged_qvel 3.26216112577512263E-01
unchanged_time 1.25000000000000000E-01
act 2.18794717209429834E-02
step SUCCESS
step_clamped -1.00000000000000000E+00
qpos 2.62993943550218268E-01
qvel 3.33895040235717477E-01
time 1.27000000000000002E-01
reset_qpos 0.00000000000000000E+00
reset_qvel 0.00000000000000000E+00
forward SUCCESS
forward_clamped -1.00000000000000000E+00
qacc 4.69917581332904000E+00
act_dot -6.75277966430540317E+01
mass 3.39999999999999969E-01
gravity 1.95487451727807171E+00
bias 0.00000000000000000E+00
passive 9.07331010958013495E-02
actuation -3.97133944746009104E-01
length 5.96763437334264582E-02 -1.70503839238361314E-02
velocity 3.17565853835304723E-01 -9.07331010958013495E-02
force 1.10994189649966946E+00 1.89912691401879741E+00
position 0.00000000000000000E+00 0.00000000000000000E+00 0.00000000000000000E+00
quaternion 1.00000000000000000E+00 0.00000000000000000E+00 0.00000000000000000E+00 0.00000000000000000E+00
position 0.00000000000000000E+00 0.00000000000000000E+00 0.00000000000000000E+00
quaternion 9.99091651324694685E-01 0.00000000000000000E+00 -4.26130526164775827E-02 0.00000000000000000E+00
unchanged_qpos -8.52519196191806605E-02
unchanged_qvel -4.53665505479006748E-01
unchanged_time 1.25000000000000000E-01
act 5.06919683411985011E-01
step SUCCESS
step_clamped -1.00000000000000000E+00
qpos -8.61404760146682602E-02
qvel -4.44278197743801839E-01
time 1.27000000000000002E-01
lifecycle PASS
