create SUCCESS
reset_qpos 0.00000000000000000E+00
reset_qvel 0.00000000000000000E+00
forward SUCCESS
forward_clamped -1.00000000000000000E+00
qacc 6.17967768999843425E+00
act_dot -1.99633955663887122E+01
mass 3.40000000000000024E-01
gravity 1.96199550379739218E+00
bias 0.00000000000000000E+00
passive 9.52699634666667877E-02
actuation 4.00735633755569254E-02
length 1.49860285574417986E-03 -4.28172244498337151E-04
velocity 3.33444872133333736E-01 -9.52699634666667877E-02
force 3.35211507984220003E-01 1.37360809482255464E+00
position 0.00000000000000000E+00 0.00000000000000000E+00 0.00000000000000000E+00
quaternion 1.00000000000000000E+00 0.00000000000000000E+00 0.00000000000000000E+00 0.00000000000000000E+00
position 0.00000000000000000E+00 0.00000000000000000E+00 0.00000000000000000E+00
quaternion 9.99999427089207860E-01 0.00000000000000000E+00 -1.07043040682541844E-03 0.00000000000000000E+00
unchanged_qpos -2.14086122249168564E-03
unchanged_qvel -4.76349817333333925E-01
unchanged_time 1.25000000000000000E-01
act -1.83401440862591247E-01
step SUCCESS
step_clamped -1.00000000000000000E+00
qpos 4.00829188473613013E-02
qvel 8.66166497716574058E-01
time 3.25000000000000178E-01
reset_qpos 0.00000000000000000E+00
reset_qvel 0.00000000000000000E+00
forward SUCCESS
forward_clamped -1.00000000000000000E+00
qacc 5.98799564428278863E+00
act_dot -5.84256038056727789E+01
mass 3.40000000000000024E-01
gravity 1.95528276679991508E+00
bias 0.00000000000000000E+00
passive -9.08007002024884824E-02
actuation 1.20808941047205604E-01
length -5.79405660462030542E-02 1.65544474417723027E-02
velocity -3.17802450708709605E-01 9.08007002024884824E-02
force -3.98218794253106523E-01 -7.89721074649844645E-01
position 0.00000000000000000E+00 0.00000000000000000E+00 0.00000000000000000E+00
quaternion 1.00000000000000000E+00 0.00000000000000000E+00 0.00000000000000000E+00 0.00000000000000000E+00
position 0.00000000000000000E+00 0.00000000000000000E+00 0.00000000000000000E+00
quaternion 9.99143716824821171E-01 0.00000000000000000E+00 4.13743051842738949E-02 0.00000000000000000E+00
unchanged_qpos 8.27722372088615099E-02
unchanged_qvel 4.54003501012442356E-01
unchanged_time 1.25000000000000000E-01
act -3.40683208358064316E-01
step SUCCESS
step_clamped -1.00000000000000000E+00
qpos 8.37041680477730726E-02
qvel 4.65965419455780461E-01
time 1.27000000000000002E-01
reset_qpos 0.00000000000000000E+00
reset_qvel 0.00000000000000000E+00
forward SUCCESS
forward_clamped -1.00000000000000000E+00
qacc 7.40300799196096460E+00
act_dot 3.66026029612712023E+01
mass 3.40000000000000024E-01
gravity 1.91050212642267692E+00
bias -3.38813178901720136E-21
passive -9.23001290595881763E-03
actuation 5.78954307067618079E-01
length -1.60735839581592738E-01 4.59245255947407852E-02
velocity -3.23050451708558617E-02 9.23001290595881763E-03
force -5.28000381157171295E-01 1.04677020128799070E+00
position 0.00000000000000000E+00 0.00000000000000000E+00 0.00000000000000000E+00
quaternion 1.00000000000000000E+00 0.00000000000000000E+00 0.00000000000000000E+00 0.00000000000000000E+00
position 0.00000000000000000E+00 0.00000000000000000E+00 0.00000000000000000E+00
quaternion 9.93416417725617285E-01 0.00000000000000000E+00 1.14559246650812296E-01 0.00000000000000000E+00
unchanged_qpos 2.29622627973703919E-01
unchanged_qvel 4.61500645297940881E-02
unchanged_time 1.25000000000000000E-01
act -4.01577730626953067E-01
step SUCCESS
step_clamped -1.00000000000000000E+00
qpos 2.29744505337984045E-01
qvel 6.09386821400568837E-02
time 1.27000000000000002E-01
reset_qpos 0.00000000000000000E+00
reset_qvel 0.00000000000000000E+00
forward SUCCESS
forward_clamped -1.00000000000000000E+00
qacc 3.86564493651563756E+00
act_dot 9.37604487596045146E+01
mass 3.40000000000000024E-01
gravity 1.73168471448640071E+00
bias 0.00000000000000000E+00
passive 2.51389470200555909E-02
actuation -3.93522513712495026E-01
length -3.42584601674847278E-01 9.78813147642420972E-02
velocity 8.79863145701945681E-02 -2.51389470200555909E-02
force 6.11525704145646887E-01 1.72727395947288809E-01
position 0.00000000000000000E+00 0.00000000000000000E+00 0.00000000000000000E+00
quaternion 1.00000000000000000E+00 0.00000000000000000E+00 0.00000000000000000E+00 0.00000000000000000E+00
position 0.00000000000000000E+00 0.00000000000000000E+00 0.00000000000000000E+00
quaternion 9.70209251903266012E-01 0.00000000000000000E+00 2.42268461672799418E-01 0.00000000000000000E+00
unchanged_qpos 4.89406573821210444E-01
unchanged_qvel -1.25694735100277954E-01
unchanged_time 1.25000000000000000E-01
act 1.94746681100974750E+00
step SUCCESS
step_clamped -1.00000000000000000E+00
qpos 5.16504664095796318E-01
qvel 3.75540046814527739E-01
time 3.25000000000000178E-01
reset_qpos 0.00000000000000000E+00
reset_qvel 0.00000000000000000E+00
forward SUCCESS
forward_clamped -1.00000000000000000E+00
qacc 5.40819391674404581E+00
act_dot -7.11198507207822104E+01
mass 3.39999999999999969E-01
gravity 1.85961179920969366E+00
bias 0.00000000000000000E+00
passive 5.50827627760013538E-02
actuation -1.03547756443375438E-01
length 2.27140975599794986E-01 -6.48974215999414267E-02
velocity 1.92789669716004697E-01 -5.50827627760013538E-02
force -5.80279361096001367E-02 -7.20836558600477684E-01
position 0.00000000000000000E+00 0.00000000000000000E+00 0.00000000000000000E+00
quaternion 1.00000000000000000E+00 0.00000000000000000E+00 0.00000000000000000E+00 0.00000000000000000E+00
position 0.00000000000000000E+00 0.00000000000000000E+00 0.00000000000000000E+00
quaternion 9.86867360055513898E-01 0.00000000000000000E+00 -1.61532701509820492E-01 0.00000000000000000E+00
unchanged_qpos -3.24487107999707147E-01
unchanged_qvel -2.75413813880006741E-01
unchanged_time 1.25000000000000000E-01
act -3.01927702861533587E-02
step SUCCESS
step_clamped -1.00000000000000000E+00
qpos -3.25016328272218102E-01
qvel -2.64610136255488682E-01
time 1.27000000000000002E-01
reset_qpos 0.00000000000000000E+00
reset_qvel 0.00000000000000000E+00
forward SUCCESS
forward_clamped -1.00000000000000000E+00
qacc 6.33327017713934826E+00
act_dot -5.17411288835007070E+01
mass 3.40000000000000024E-01
gravity 1.96013251172915615E+00
bias 0.00000000000000000E+00
passive 9.83799655369472364E-02
actuation 1.16008836936793550E-01
length -3.05440717742763018E-02 8.72687764979323058E-03
velocity 3.44329879379315307E-01 -9.83799655369472364E-02
force -7.89589572726601824E-03 5.52408549638536694E-01
position 0.00000000000000000E+00 0.00000000000000000E+00 0.00000000000000000E+00
quaternion 1.00000000000000000E+00 0.00000000000000000E+00 0.00000000000000000E+00 0.00000000000000000E+00
position 0.00000000000000000E+00 0.00000000000000000E+00 0.00000000000000000E+00
quaternion 9.99762014460386039E-01 0.00000000000000000E+00 2.18154633714501521E-02 0.00000000000000000E+00
unchanged_qpos 4.36343882489661494E-02
unchanged_qvel -4.91899827684736168E-01
unchanged_time 1.25000000000000000E-01
act -2.83489066962858000E-02
step SUCCESS
step_clamped -1.00000000000000000E+00
qpos 4.26758919057027564E-02
qvel -4.79248171631696362E-01
time 1.27000000000000002E-01
reset_qpos 0.00000000000000000E+00
reset_qvel 0.00000000000000000E+00
forward SUCCESS
forward_clamped -1.00000000000000000E+00
qacc 6.26923989034730944E+00
act_dot 8.69323850517592405E+01
mass 3.40000000000000024E-01
gravity 1.95174267629815379E+00
bias 0.00000000000000000E+00
passive 1.57412648875749454E-02
actuation 1.94345904796326435E-01
length -7.16093869874540601E-02 2.04598248535583088E-02
velocity 5.50944271065123073E-02 -1.57412648875749454E-02
force -5.95793592911171732E-01 -1.11354805120746869E+00
position 0.00000000000000000E+00 0.00000000000000000E+00 0.00000000000000000E+00
quaternion 1.00000000000000000E+00 0.00000000000000000E+00 0.00000000000000000E+00 0.00000000000000000E+00
position 0.00000000000000000E+00 0.00000000000000000E+00 0.00000000000000000E+00
quaternion 9.98692146326427332E-01 0.00000000000000000E+00 5.11272614748135915E-02 0.00000000000000000E+00
unchanged_qpos 1.02299124267791530E-01
unchanged_qvel -7.87063244378747306E-02
unchanged_time 1.25000000000000000E-01
act 1.15766896008585096E+00
step SUCCESS
step_clamped -1.00000000000000000E+00
qpos 1.43227863078399076E-01
qvel 4.37850720123688419E-01
time 3.25000000000000178E-01
reset_qpos 0.00000000000000000E+00
reset_qvel 0.00000000000000000E+00
forward SUCCESS
forward_clamped -1.00000000000000000E+00
qacc 6.27935604357409005E+00
act_dot 4.16486301037769309E+01
mass 3.40000000000000024E-01
gravity 1.77414699746950677E+00
bias -1.35525271560688054E-20
passive 1.08939637597095917E-02
actuation 4.12701940891195163E-01
length 3.08816317807853069E-01 -8.82332336593866090E-02
velocity 3.81288731589835631E-02 -1.08939637597095917E-02
force -5.66298443624397407E-01 8.14651517705851091E-02
position 0.00000000000000000E+00 0.00000000000000000E+00 0.00000000000000000E+00
quaternion 1.00000000000000000E+00 0.00000000000000000E+00 0.00000000000000000E+00 0.00000000000000000E+00
position 0.00000000000000000E+00 0.00000000000000000E+00 0.00000000000000000E+00
quaternion 9.75770037207592700E-01 0.00000000000000000E+00 -2.18798616284229142E-01 0.00000000000000000E+00
unchanged_qpos -4.41166168296933003E-01
unchanged_qvel -5.44698187985479532E-02
unchanged_time 1.25000000000000000E-01
act -3.32957513911908753E-01
step SUCCESS
step_clamped -1.00000000000000000E+00
qpos -4.41250020025542866E-01
qvel -4.19258643049216853E-02
time 1.27000000000000002E-01
reset_qpos 0.00000000000000000E+00
reset_qvel 0.00000000000000000E+00
forward SUCCESS
forward_clamped -1.00000000000000000E+00
qacc 3.92168098016176891E+00
act_dot -3.69488632729948989E+01
mass 3.40000000000000024E-01
gravity 1.95260503841047894E+00
bias -3.38813178901720136E-21
passive -1.66261035021590294E-02
actuation -6.18090565794178204E-01
length -6.85305935498155966E-02 1.95801695856616005E-02
velocity -5.81913622575565975E-02 1.66261035021590294E-02
force 4.35838352265705276E-01 -1.56501859604092264E+00
position 0.00000000000000000E+00 0.00000000000000000E+00 0.00000000000000000E+00
quaternion 1.00000000000000000E+00 0.00000000000000000E+00 0.00000000000000000E+00 0.00000000000000000E+00
position 0.00000000000000000E+00 0.00000000000000000E+00 0.00000000000000000E+00
quaternion 9.98802167207178737E-01 0.00000000000000000E+00 4.89308775952656816E-02 0.00000000000000000E+00
unchanged_qpos 9.79008479283079991E-02
unchanged_qvel 8.31305175107951433E-02
unchanged_time 1.25000000000000000E-01
act 1.78612295146617195E-01
step SUCCESS
step_clamped -1.00000000000000000E+00
qpos 9.80827772539671350E-02
qvel 9.09646628295671805E-02
time 1.27000000000000002E-01
reset_qpos 0.00000000000000000E+00
reset_qvel 0.00000000000000000E+00
forward SUCCESS
forward_clamped -1.00000000000000000E+00
qacc 6.58048508198846882E+00
act_dot -7.38416600821661433E+01
mass 3.40000000000000024E-01
gravity 1.94464358409514815E+00
bias 0.00000000000000000E+00
passive -7.97525364941431558E-03
actuation 2.53743460959602596E-01
length -9.31781833259158754E-02 2.66223380931188275E-02
velocity -2.79133877729501011E-02 7.97525364941431558E-03
force -3.38874778546483180E-01 8.26555798853219059E-02
position 0.00000000000000000E+00 0.00000000000000000E+00 0.00000000000000000E+00
quaternion 1.00000000000000000E+00 0.00000000000000000E+00 0.00000000000000000E+00 0.00000000000000000E+00
position 0.00000000000000000E+00 0.00000000000000000E+00 0.00000000000000000E+00
quaternion 9.97785977198196838E-01 0.00000000000000000E+00 6.65067192593287310E-02 0.00000000000000000E+00
unchanged_qpos 1.33111690465594124E-01
unchanged_qvel 3.98762682470715779E-02
unchanged_time 1.25000000000000000E-01
act -1.61411566415571484E+00
step SUCCESS
step_clamped -1.00000000000000000E+00
qpos 2.93640455183944660E-01
qvel 1.52118364494979796E+00
time 3.25000000000000178E-01
reset_qpos 0.00000000000000000E+00
reset_qvel 0.00000000000000000E+00
forward SUCCESS
forward_clamped -1.00000000000000000E+00
qacc 2.69810746325869211E+00
act_dot -6.89487933243757567E+01
mass 3.40000000000000024E-01
gravity 1.83719491080035402E+00
bias -4.33680868994201774E-19
passive -9.40126556370590311E-02
actuation -9.18253851281765954E-01
length 2.51020492322893363E-01 -7.17201406636838179E-02
velocity -3.29044294729706588E-01 9.40126556370590311E-02
force 8.45686460512038884E-01 -1.63136664461669412E+00
position 0.00000000000000000E+00 0.00000000000000000E+00 0.00000000000000000E+00
quaternion 1.00000000000000000E+00 0.00000000000000000E+00 0.00000000000000000E+00 0.00000000000000000E+00
position 0.00000000000000000E+00 0.00000000000000000E+00 0.00000000000000000E+00
quaternion 9.83968709722330748E-01 0.00000000000000000E+00 -1.78341185056541562E-01 0.00000000000000000E+00
unchanged_qpos -3.58600703318419090E-01
unchanged_qvel 4.70063278185295141E-01
unchanged_time 1.25000000000000000E-01
act 4.44225734860567989E-01
step SUCCESS
step_clamped -1.00000000000000000E+00
qpos -3.57649797014251702E-01
qvel 4.75453152083696762E-01
time 1.27000000000000002E-01
reset_qpos 0.00000000000000000E+00
reset_qvel 0.00000000000000000E+00
forward SUCCESS
forward_clamped -1.00000000000000000E+00
qacc 2.24090819384778683E+00
act_dot 4.04518461152101878E+01
mass 3.40000000000000024E-01
gravity 1.96068221952897925E+00
bias -3.38813178901720136E-21
passive -2.04515897717195486E-02
actuation -1.18394510130463138E+00
length 2.56572071620582813E-02 -7.33063061773093789E-03
velocity -7.15805642010184096E-02 2.04515897717195486E-02
force 1.19999999999999996E+00 -1.71972550652315626E+00
position 0.00000000000000000E+00 0.00000000000000000E+00 0.00000000000000000E+00
quaternion 1.00000000000000000E+00 0.00000000000000000E+00 0.00000000000000000E+00 0.00000000000000000E+00
position 0.00000000000000000E+00 0.00000000000000000E+00 0.00000000000000000E+00
quaternion 9.99832072996206134E-01 0.00000000000000000E+00 -1.83255506904794786E-02 0.00000000000000000E+00
unchanged_qpos -3.66531530886546886E-02
unchanged_qvel 1.02257948858597736E-01
unchanged_time 1.25000000000000000E-01
act 7.07647799395495714E-01
step SUCCESS
step_clamped -1.00000000000000000E+00
qpos -3.64396840912205935E-02
qvel 1.06734498717048071E-01
time 1.27000000000000002E-01
lifecycle PASS
