create SUCCESS
reset_qpos 0.00000000000000000E+00
reset_qvel 0.00000000000000000E+00
forward SUCCESS
forward_clamped -1.00000000000000000E+00
qacc 5.65592910759198109E+00
act_dot 0.00000000000000000E+00
mass 3.40000000000000024E-01
gravity 1.85141971311007270E+00
bias -5.42101086242752217E-20
passive 3.66781444711914636E-02
actuation 0.00000000000000000E+00
length 2.36136746605805553E-01 -6.74676418873730172E-02
velocity 0.00000000000000000E+00 0.00000000000000000E+00
force 0.00000000000000000E+00 0.00000000000000000E+00
position 0.00000000000000000E+00 0.00000000000000000E+00 0.00000000000000000E+00
quaternion 1.00000000000000000E+00 0.00000000000000000E+00 0.00000000000000000E+00 0.00000000000000000E+00
position 0.00000000000000000E+00 0.00000000000000000E+00 0.00000000000000000E+00
quaternion 9.85809057958913937E-01 0.00000000000000000E+00 -1.67870489503542220E-01 0.00000000000000000E+00
unchanged_qpos -3.37338209436865100E-01
unchanged_qvel -1.83390722355957325E-01
unchanged_time 1.25000000000000000E-01
act 6.68266223369181622E-01
step SUCCESS
step_clamped -1.00000000000000000E+00
qpos -2.63967314063262182E-01
qvel 8.89652321752481878E-01
time 3.25000000000000178E-01
reset_qpos 0.00000000000000000E+00
reset_qvel 0.00000000000000000E+00
forward SUCCESS
forward_clamped -1.00000000000000000E+00
qacc 5.73456704826425323E+00
act_dot 0.00000000000000000E+00
mass 3.40000000000000024E-01
gravity 1.94948054868262410E+00
bias 1.69406589450860068E-21
passive 1.07995571929501381E-02
actuation 0.00000000000000000E+00
length -7.91202024059591558E-02 2.26057721159883332E-02
velocity 0.00000000000000000E+00 0.00000000000000000E+00
force 0.00000000000000000E+00 0.00000000000000000E+00
position 0.00000000000000000E+00 0.00000000000000000E+00 0.00000000000000000E+00
quaternion 1.00000000000000000E+00 0.00000000000000000E+00 0.00000000000000000E+00 0.00000000000000000E+00
position 0.00000000000000000E+00 0.00000000000000000E+00 0.00000000000000000E+00
quaternion 9.98403484575700384E-01 0.00000000000000000E+00 5.64843517011477184E-02 0.00000000000000000E+00
unchanged_qpos 1.13028860579941659E-01
unchanged_qvel -5.39977859647506886E-02
unchanged_time 1.25000000000000000E-01
act -1.32633696204397245E-02
step SUCCESS
step_clamped -1.00000000000000000E+00
qpos 1.12943776321718495E-01
qvel -4.25421291115788552E-02
time 1.27000000000000002E-01
reset_qpos 0.00000000000000000E+00
reset_qvel 0.00000000000000000E+00
forward SUCCESS
forward_clamped -1.00000000000000000E+00
qacc 5.23643321483508029E+00
act_dot 0.00000000000000000E+00
mass 3.40000000000000024E-01
gravity 1.82660251051520639E+00
bias 0.00000000000000000E+00
passive 2.05867316350214283E-02
actuation 0.00000000000000000E+00
length -2.61576430171081620E-01 7.47361229060233140E-02
velocity 0.00000000000000000E+00 0.00000000000000000E+00
force 0.00000000000000000E+00 0.00000000000000000E+00
position 0.00000000000000000E+00 0.00000000000000000E+00 0.00000000000000000E+00
quaternion 1.00000000000000000E+00 0.00000000000000000E+00 0.00000000000000000E+00 0.00000000000000000E+00
position 0.00000000000000000E+00 0.00000000000000000E+00 0.00000000000000000E+00
quaternion 9.82596068209493745E-01 0.00000000000000000E+00 1.85755125741509625E-01 0.00000000000000000E+00
unchanged_qpos 3.73680614530116584E-01
unchanged_qvel -1.02933658175107134E-01
unchanged_time 1.25000000000000000E-01
act 5.44521300901341876E-01
step SUCCESS
step_clamped -1.00000000000000000E+00
qpos 3.73495668333543640E-01
qvel -9.24730982864824108E-02
time 1.27000000000000002E-01
reset_qpos 0.00000000000000000E+00
reset_qvel 0.00000000000000000E+00
forward SUCCESS
forward_clamped -1.00000000000000000E+00
qacc 5.76464273779066261E+00
act_dot 0.00000000000000000E+00
mass 3.39999999999999969E-01
gravity 1.96123468004325274E+00
bias 0.00000000000000000E+00
passive 8.87728356382704864E-02
actuation 0.00000000000000000E+00
length 1.95523594922489274E-02 -5.58638842635683641E-03
velocity 0.00000000000000000E+00 0.00000000000000000E+00
force 0.00000000000000000E+00 0.00000000000000000E+00
position 0.00000000000000000E+00 0.00000000000000000E+00 0.00000000000000000E+00
quaternion 1.00000000000000000E+00 0.00000000000000000E+00 0.00000000000000000E+00 0.00000000000000000E+00
position 0.00000000000000000E+00 0.00000000000000000E+00 0.00000000000000000E+00
quaternion 9.99902477411243829E-01 0.00000000000000000E+00 -1.39655170637227304E-02 0.00000000000000000E+00
unchanged_qpos -2.79319421317841821E-02
unchanged_qvel -4.43864178191352377E-01
unchanged_time 1.25000000000000000E-01
act 2.95001113919374558E-01
step SUCCESS
step_clamped -1.00000000000000000E+00
qpos -4.81981320743891592E-03
qvel 6.42947639501250889E-01
time 3.25000000000000178E-01
reset_qpos 0.00000000000000000E+00
reset_qvel 0.00000000000000000E+00
forward SUCCESS
forward_clamped -1.00000000000000000E+00
qacc 5.64783774371824787E+00
act_dot 0.00000000000000000E+00
mass 3.39999999999999969E-01
gravity 1.95394746152110166E+00
bias -6.77626357803440271E-21
passive 2.03693757510098120E-02
actuation 0.00000000000000000E+00
length -6.34422519549179831E-02 1.81263577014051380E-02
velocity 0.00000000000000000E+00 0.00000000000000000E+00
force 0.00000000000000000E+00 0.00000000000000000E+00
position 0.00000000000000000E+00 0.00000000000000000E+00 0.00000000000000000E+00
quaternion 1.00000000000000000E+00 0.00000000000000000E+00 0.00000000000000000E+00 0.00000000000000000E+00
position 0.00000000000000000E+00 0.00000000000000000E+00 0.00000000000000000E+00
quaternion 9.98973410559749309E-01 0.00000000000000000E+00 4.53003862524639367E-02 0.00000000000000000E+00
unchanged_qpos 9.06317885070256901E-02
unchanged_qvel -1.01846878755049053E-01
unchanged_time 1.25000000000000000E-01
act 2.27646388887809303E-01
step SUCCESS
step_clamped -1.00000000000000000E+00
qpos 9.04506595536620633E-02
qvel -9.05644766818163582E-02
time 1.27000000000000002E-01
reset_qpos 0.00000000000000000E+00
reset_qvel 0.00000000000000000E+00
forward SUCCESS
forward_clamped -1.00000000000000000E+00
qacc 5.37688674522493759E+00
act_dot 0.00000000000000000E+00
mass 3.40000000000000024E-01
gravity 1.94452047677291406E+00
bias 0.00000000000000000E+00
passive -8.75009274928774117E-02
actuation 0.00000000000000000E+00
length 9.35085417328120200E-02 -2.67167262093748643E-02
velocity 0.00000000000000000E+00 0.00000000000000000E+00
force 0.00000000000000000E+00 0.00000000000000000E+00
position 0.00000000000000000E+00 0.00000000000000000E+00 0.00000000000000000E+00
quaternion 1.00000000000000000E+00 0.00000000000000000E+00 0.00000000000000000E+00 0.00000000000000000E+00
position 0.00000000000000000E+00 0.00000000000000000E+00 0.00000000000000000E+00
quaternion 9.97770255809121265E-01 0.00000000000000000E+00 -6.67421652525669318E-02 0.00000000000000000E+00
unchanged_qpos -1.33583631046874318E-01
unchanged_qvel 4.37504637464387058E-01
unchanged_time 1.25000000000000000E-01
act -4.34203349257108739E-01
step SUCCESS
step_clamped -1.00000000000000000E+00
qpos -1.32687139498227830E-01
qvel 4.48245774323238311E-01
time 1.27000000000000002E-01
reset_qpos 0.00000000000000000E+00
reset_qvel 0.00000000000000000E+00
forward SUCCESS
forward_clamped -1.00000000000000000E+00
qacc 5.52048504095785830E+00
act_dot 0.00000000000000000E+00
mass 3.40000000000000024E-01
gravity 1.89075364685229386E+00
bias 2.16840434497100887E-19
passive -7.77482306909806353E-02
actuation 0.00000000000000000E+00
length 1.89220379722885357E-01 -5.40629656351101079E-02
velocity 0.00000000000000000E+00 0.00000000000000000E+00
force 0.00000000000000000E+00 0.00000000000000000E+00
position 0.00000000000000000E+00 0.00000000000000000E+00 0.00000000000000000E+00
quaternion 1.00000000000000000E+00 0.00000000000000000E+00 0.00000000000000000E+00 0.00000000000000000E+00
position 0.00000000000000000E+00 0.00000000000000000E+00 0.00000000000000000E+00
quaternion 9.90880132516736123E-01 0.00000000000000000E+00 -1.34746291168311216E-01 0.00000000000000000E+00
unchanged_qpos -2.70314828175550526E-01
unchanged_qvel 3.88741153454903121E-01
unchanged_time 1.25000000000000000E-01
act 6.90183157872892972E-01
step SUCCESS
step_clamped -1.00000000000000000E+00
qpos -8.42451738886874774E-02
qvel 1.44731201273701360E+00
time 3.25000000000000178E-01
reset_qpos 0.00000000000000000E+00
reset_qvel 0.00000000000000000E+00
forward SUCCESS
forward_clamped -1.00000000000000000E+00
qacc 5.16871785160953845E+00
act_dot 0.00000000000000000E+00
mass 3.40000000000000024E-01
gravity 1.72770804223170282E+00
bias 0.00000000000000000E+00
passive 2.53132856105037669E-02
actuation 0.00000000000000000E+00
length -3.45590544302710023E-01 9.87401555150600185E-02
velocity 0.00000000000000000E+00 0.00000000000000000E+00
force 0.00000000000000000E+00 0.00000000000000000E+00
position 0.00000000000000000E+00 0.00000000000000000E+00 0.00000000000000000E+00
quaternion 1.00000000000000000E+00 0.00000000000000000E+00 0.00000000000000000E+00 0.00000000000000000E+00
position 0.00000000000000000E+00 0.00000000000000000E+00 0.00000000000000000E+00
quaternion 9.69686840880122136E-01 0.00000000000000000E+00 2.44351039743908177E-01 0.00000000000000000E+00
unchanged_qpos 4.93700777575300065E-01
unchanged_qvel -1.26566428052518831E-01
unchanged_time 1.25000000000000000E-01
act 4.66923490802373387E-02
step SUCCESS
step_clamped -1.00000000000000000E+00
qpos 4.93468295295805437E-01
qvel -1.16241139747305891E-01
time 1.27000000000000002E-01
reset_qpos 0.00000000000000000E+00
reset_qvel 0.00000000000000000E+00
forward SUCCESS
forward_clamped -1.00000000000000000E+00
qacc 4.73475194940618227E+00
act_dot 0.00000000000000000E+00
mass 3.39999999999999969E-01
gravity 1.77705279660875526E+00
bias 0.00000000000000000E+00
passive -8.18549650888891756E-02
actuation 0.00000000000000000E+00
length -3.06379363709316233E-01 8.75369610598046438E-02
velocity 0.00000000000000000E+00 0.00000000000000000E+00
force 0.00000000000000000E+00 0.00000000000000000E+00
position 0.00000000000000000E+00 0.00000000000000000E+00 0.00000000000000000E+00
quaternion 1.00000000000000000E+00 0.00000000000000000E+00 0.00000000000000000E+00 0.00000000000000000E+00
position 0.00000000000000000E+00 0.00000000000000000E+00 0.00000000000000000E+00
quaternion 9.76149417441011913E-01 0.00000000000000000E+00 2.17099780814198617E-01 0.00000000000000000E+00
unchanged_qpos 4.37684805299023205E-01
unchanged_qvel 4.09274825444445822E-01
unchanged_time 1.25000000000000000E-01
act -4.33011771530487033E-01
step SUCCESS
step_clamped -1.00000000000000000E+00
qpos 4.38522271702706412E-01
qvel 4.18733201841614444E-01
time 1.27000000000000002E-01
reset_qpos 0.00000000000000000E+00
reset_qvel 0.00000000000000000E+00
forward SUCCESS
forward_clamped -1.00000000000000000E+00
qacc 5.39138228984549794E+00
act_dot 0.00000000000000000E+00
mass 3.40000000000000024E-01
gravity 1.84193582874309536E+00
bias 8.47032947254300339E-22
passive -3.57453556479194780E-03
actuation 0.00000000000000000E+00
length -2.46155893319507629E-01 7.03302552341450449E-02
velocity 0.00000000000000000E+00 0.00000000000000000E+00
force 0.00000000000000000E+00 0.00000000000000000E+00
position 0.00000000000000000E+00 0.00000000000000000E+00 0.00000000000000000E+00
quaternion 1.00000000000000000E+00 0.00000000000000000E+00 0.00000000000000000E+00 0.00000000000000000E+00
position 0.00000000000000000E+00 0.00000000000000000E+00 0.00000000000000000E+00
quaternion 9.84582452978584710E-01 0.00000000000000000E+00 1.74921105892550888E-01 0.00000000000000000E+00
unchanged_qpos 3.51651276170725224E-01
unchanged_qvel 1.78726778239597373E-02
unchanged_time 1.25000000000000000E-01
act -1.36166537282626621E-01
step SUCCESS
step_clamped -1.00000000000000000E+00
qpos 4.59122396032519475E-01
qvel 1.01926637008012433E+00
time 3.25000000000000178E-01
reset_qpos 0.00000000000000000E+00
reset_qvel 0.00000000000000000E+00
forward SUCCESS
forward_clamped -1.00000000000000000E+00
qacc 6.14646503712125014E+00
act_dot 0.00000000000000000E+00
mass 3.40000000000000024E-01
gravity 1.94460757127884998E+00
bias 5.42101086242752217E-20
passive 5.18168074491157649E-02
actuation 0.00000000000000000E+00
length 9.32749440484071934E-02 -2.66499840138306326E-02
velocity 0.00000000000000000E+00 0.00000000000000000E+00
force 0.00000000000000000E+00 0.00000000000000000E+00
position 0.00000000000000000E+00 0.00000000000000000E+00 0.00000000000000000E+00
quaternion 1.00000000000000000E+00 0.00000000000000000E+00 0.00000000000000000E+00 0.00000000000000000E+00
position 0.00000000000000000E+00 0.00000000000000000E+00 0.00000000000000000E+00
quaternion 9.97781378216342052E-01 0.00000000000000000E+00 -6.65756808804597450E-02 0.00000000000000000E+00
unchanged_qpos -1.33249920069153149E-01
unchanged_qvel -2.59084037245578824E-01
unchanged_time 1.25000000000000000E-01
act -2.90131953305159784E-01
step SUCCESS
step_clamped -1.00000000000000000E+00
qpos -1.33743531174048275E-01
qvel -2.46805552447569271E-01
time 1.27000000000000002E-01
reset_qpos 0.00000000000000000E+00
reset_qvel 0.00000000000000000E+00
forward SUCCESS
forward_clamped -1.00000000000000000E+00
qacc 5.86403286379160171E+00
act_dot 0.00000000000000000E+00
mass 3.40000000000000024E-01
gravity 1.89721426902675527E+00
bias 0.00000000000000000E+00
passive 8.73955307162312539E-02
actuation 0.00000000000000000E+00
length -1.80387135300230095E-01 5.15391815143514676E-02
velocity 0.00000000000000000E+00 0.00000000000000000E+00
force 0.00000000000000000E+00 0.00000000000000000E+00
position 0.00000000000000000E+00 0.00000000000000000E+00 0.00000000000000000E+00
quaternion 1.00000000000000000E+00 0.00000000000000000E+00 0.00000000000000000E+00 0.00000000000000000E+00
position 0.00000000000000000E+00 0.00000000000000000E+00 0.00000000000000000E+00
quaternion 9.91710580199383185E-01 0.00000000000000000E+00 1.28491731720771246E-01 0.00000000000000000E+00
unchanged_qpos 2.57695907571757310E-01
unchanged_qvel -4.36977653581156256E-01
unchanged_time 1.25000000000000000E-01
act -5.16732480835995100E-01
step SUCCESS
step_clamped -1.00000000000000000E+00
qpos 2.56845380833028492E-01
qvel -4.25263369364416277E-01
time 1.27000000000000002E-01
lifecycle PASS
