create SUCCESS
reset_qpos 0.00000000000000000E+00
reset_qvel 0.00000000000000000E+00
forward SUCCESS
forward_clamped -1.00000000000000000E+00
qacc 3.35846716969836656E+00
act_dot -5.74889831411751118E+01
mass 3.40000000000000024E-01
gravity 1.87331735820624790E+00
bias 0.00000000000000000E+00
passive -4.50042744904225953E-02
actuation -6.60296132812578485E-01
length -2.11267367824300834E-01 6.03621050926573810E-02
velocity -1.57514960716479052E-01 4.50042744904225953E-02
force 8.74883202490586043E-01 -2.39389455345841551E-01
position 0.00000000000000000E+00 0.00000000000000000E+00 0.00000000000000000E+00
quaternion 1.00000000000000000E+00 0.00000000000000000E+00 0.00000000000000000E+00 0.00000000000000000E+00
position 0.00000000000000000E+00 0.00000000000000000E+00 0.00000000000000000E+00
quaternion 9.88635392033279881E-01 0.00000000000000000E+00 1.50333168726009714E-01 0.00000000000000000E+00
unchanged_qpos 3.01810525463286905E-01
unchanged_qvel 2.25021372452112955E-01
unchanged_time 1.25000000000000000E-01
act -2.99999999999999989E-01
step SUCCESS
step_clamped -1.00000000000000000E+00
qpos 4.50936530975783734E-01
qvel 1.23996003796377430E+00
time 3.25000000000000178E-01
reset_qpos 0.00000000000000000E+00
reset_qvel 0.00000000000000000E+00
forward SUCCESS
forward_clamped -1.00000000000000000E+00
qacc 7.10867319503237116E+00
act_dot 3.68745288827596056E+01
mass 3.40000000000000024E-01
gravity 1.93223139108058484E+00
bias 0.00000000000000000E+00
passive 6.70240223569412985E-02
actuation 4.40496835218049276E-01
length 1.22093756101440840E-01 -3.48839303146973867E-02
velocity 2.34584078249294503E-01 -6.70240223569412985E-02
force -2.86429789478700458E-01 1.19997991291479478E+00
position 0.00000000000000000E+00 0.00000000000000000E+00 0.00000000000000000E+00
quaternion 1.00000000000000000E+00 0.00000000000000000E+00 0.00000000000000000E+00 0.00000000000000000E+00
position 0.00000000000000000E+00 0.00000000000000000E+00 0.00000000000000000E+00
quaternion 9.96199632717483463E-01 0.00000000000000000E+00 -8.70993213151018270E-02 0.00000000000000000E+00
unchanged_qpos -1.74419651573486933E-01
unchanged_qvel -3.35120111784706465E-01
unchanged_time 1.25000000000000000E-01
act -1.78167557057887838E-01
step SUCCESS
step_clamped -1.00000000000000000E+00
qpos -1.75061490517546242E-01
qvel -3.20919472029647657E-01
time 1.27000000000000002E-01
reset_qpos 0.00000000000000000E+00
reset_qvel 0.00000000000000000E+00
forward SUCCESS
forward_clamped -1.00000000000000000E+00
qacc 2.31635086179465954E+00
act_dot 1.09607780477205647E+01
mass 3.40000000000000024E-01
gravity 1.92016719085087928E+00
bias -2.16840434497100887E-19
passive -8.26207127986773593E-02
actuation -1.00264543147921881E+00
length -1.44809394108257161E-01 4.13741126023591949E-02
velocity -2.89172494795370716E-01 8.26207127986773593E-02
force 8.81277317191551335E-01 -1.92875654722566470E+00
position 0.00000000000000000E+00 0.00000000000000000E+00 0.00000000000000000E+00
quaternion 1.00000000000000000E+00 0.00000000000000000E+00 0.00000000000000000E+00 0.00000000000000000E+00
position 0.00000000000000000E+00 0.00000000000000000E+00 0.00000000000000000E+00
quaternion 9.94655338967275426E-01 0.00000000000000000E+00 1.03250940256707779E-01 0.00000000000000000E+00
unchanged_qpos 2.06870563011795960E-01
unchanged_qvel 4.13103563993386769E-01
unchanged_time 1.25000000000000000E-01
act 4.00000000000000022E-01
step SUCCESS
step_clamped -1.00000000000000000E+00
qpos 2.07706024655564286E-01
qvel 4.17730821884163384E-01
time 1.27000000000000002E-01
reset_qpos 0.00000000000000000E+00
reset_qvel 0.00000000000000000E+00
forward SUCCESS
forward_clamped -1.00000000000000000E+00
qacc 7.15287145894706899E+00
act_dot 4.52840095665573443E+01
mass 3.40000000000000024E-01
gravity 1.95298816099633288E+00
bias 0.00000000000000000E+00
passive 9.93611688346049127E-02
actuation 3.13371505345344137E-01
length 6.71176314138325347E-02 -1.91764661182378671E-02
velocity 3.47764090921117153E-01 -9.93611688346049127E-02
force -1.53788003450277960E-02 1.51303172551912324E+00
position 0.00000000000000000E+00 0.00000000000000000E+00 0.00000000000000000E+00
quaternion 1.00000000000000000E+00 0.00000000000000000E+00 0.00000000000000000E+00 0.00000000000000000E+00
position 0.00000000000000000E+00 0.00000000000000000E+00 0.00000000000000000E+00
quaternion 9.98851042419739543E-01 0.00000000000000000E+00 -4.79228031004010416E-02 0.00000000000000000E+00
unchanged_qpos -9.58823305911893353E-02
unchanged_qvel -4.96805844173024536E-01
unchanged_time 1.25000000000000000E-01
act 4.00000000000000022E-01
step SUCCESS
step_clamped -1.00000000000000000E+00
qpos -8.48181812497678378E-02
qvel 5.56772679516216784E-01
time 3.25000000000000178E-01
reset_qpos 0.00000000000000000E+00
reset_qvel 0.00000000000000000E+00
forward SUCCESS
forward_clamped -1.00000000000000000E+00
qacc 7.06598808191312067E+00
act_dot -9.90534412495059868E+00
mass 3.40000000000000024E-01
gravity 1.94400984022476608E+00
bias 0.00000000000000000E+00
passive 4.55277599927561593E-04
actuation 5.48712348114041126E-01
length 9.48666257503371912E-02 -2.71047502143820576E-02
velocity 1.59347159974646533E-03 -4.55277599927561593E-04
force -4.38778682045050494E-01 1.20783635341252893E+00
position 0.00000000000000000E+00 0.00000000000000000E+00 0.00000000000000000E+00
quaternion 1.00000000000000000E+00 0.00000000000000000E+00 0.00000000000000000E+00 0.00000000000000000E+00
position 0.00000000000000000E+00 0.00000000000000000E+00 0.00000000000000000E+00
quaternion 9.97705042454550717E-01 0.00000000000000000E+00 -6.77100307248715283E-02 0.00000000000000000E+00
unchanged_qpos -1.35523751071910281E-01
unchanged_qvel -2.27638799963780780E-03
unchanged_time 1.25000000000000000E-01
act -2.99999999999999989E-01
step SUCCESS
step_clamped -1.00000000000000000E+00
qpos -1.35500073108216823E-01
qvel 1.18389818467221283E-02
time 1.27000000000000002E-01
reset_qpos 0.00000000000000000E+00
reset_qvel 0.00000000000000000E+00
forward SUCCESS
forward_clamped -1.00000000000000000E+00
qacc 4.76327770896811131E+00
act_dot -3.73649410306507122E+01
mass 3.40000000000000024E-01
gravity 1.93721829960096281E+00
bias 0.00000000000000000E+00
passive 6.47249263268408204E-02
actuation -4.67772380693540990E-01
length 1.11374886607113185E-01 -3.18213961734609141E-02
velocity 2.26537242143942830E-01 -6.47249263268408204E-02
force 5.25741640874642036E-01 -4.98766160406458159E-01
position 0.00000000000000000E+00 0.00000000000000000E+00 0.00000000000000000E+00
quaternion 1.00000000000000000E+00 0.00000000000000000E+00 0.00000000000000000E+00 0.00000000000000000E+00
position 0.00000000000000000E+00 0.00000000000000000E+00 0.00000000000000000E+00
quaternion 9.96837289610211119E-01 0.00000000000000000E+00 -7.94696045200184026E-02 0.00000000000000000E+00
unchanged_qpos -1.59106980867304570E-01
unchanged_qvel -3.23624631634204074E-01
unchanged_time 1.25000000000000000E-01
act 2.96742091344449788E-01
step SUCCESS
step_clamped -1.00000000000000000E+00
qpos -1.59735199408821527E-01
qvel -3.14109270758474612E-01
time 1.27000000000000002E-01
reset_qpos 0.00000000000000000E+00
reset_qvel 0.00000000000000000E+00
forward SUCCESS
forward_clamped -1.00000000000000000E+00
qacc 4.98376339286561709E+00
act_dot 4.63911059826088064E+01
mass 3.40000000000000024E-01
gravity 1.88794906989489442E+00
bias 0.00000000000000000E+00
passive -9.10553702606644172E-02
actuation -1.54148947086304972E-01
length 1.92932013033135341E-01 -5.51234322951815320E-02
velocity -3.18693795912325439E-01 9.10553702606644172E-02
force 4.62913122046949843E-02 -6.08725142715092371E-01
position 0.00000000000000000E+00 0.00000000000000000E+00 0.00000000000000000E+00
quaternion 1.00000000000000000E+00 0.00000000000000000E+00 0.00000000000000000E+00 0.00000000000000000E+00
position 0.00000000000000000E+00 0.00000000000000000E+00 0.00000000000000000E+00
quaternion 9.90519415771909384E-01 0.00000000000000000E+00 -1.37372802908272473E-01 0.00000000000000000E+00
unchanged_qpos -2.75617161475907646E-01
unchanged_qvel 4.55276851303322072E-01
unchanged_time 1.25000000000000000E-01
act 4.00000000000000022E-01
step SUCCESS
step_clamped -1.00000000000000000E+00
qpos -1.15868851619226929E-01
qvel 1.11030173140408839E+00
time 3.25000000000000178E-01
reset_qpos 0.00000000000000000E+00
reset_qvel 0.00000000000000000E+00
forward SUCCESS
forward_clamped -1.00000000000000000E+00
qacc 6.34012700576381594E+00
act_dot 5.41101959088069648E+01
mass 3.40000000000000024E-01
gravity 1.87846425126751737E+00
bias 0.00000000000000000E+00
passive -7.22755540844190192E-02
actuation 4.06921101758217552E-01
length -2.04999498769329519E-01 5.85712853626655858E-02
velocity -2.52964439295466526E-01 7.22755540844190192E-02
force -8.36792573196011857E-02 1.74172810817248358E+00
position 0.00000000000000000E+00 0.00000000000000000E+00 0.00000000000000000E+00
quaternion 1.00000000000000000E+00 0.00000000000000000E+00 0.00000000000000000E+00 0.00000000000000000E+00
position 0.00000000000000000E+00 0.00000000000000000E+00 0.00000000000000000E+00
quaternion 9.89298530723574765E-01 0.00000000000000000E+00 1.45905507463481576E-01 0.00000000000000000E+00
unchanged_qpos 2.92856426813327908E-01
unchanged_qvel 3.61377770422095068E-01
unchanged_time 1.25000000000000000E-01
act -1.73983526358525487E-01
step SUCCESS
step_clamped -1.00000000000000000E+00
qpos 2.93604513061363148E-01
qvel 3.74043124017627959E-01
time 1.27000000000000002E-01
reset_qpos 0.00000000000000000E+00
reset_qvel 0.00000000000000000E+00
forward SUCCESS
forward_clamped -1.00000000000000000E+00
qacc 2.97510571271095170E+00
act_dot 8.29277845198066466E+00
mass 3.40000000000000024E-01
gravity 1.79682374940834122E+00
bias 0.00000000000000000E+00
passive 8.20088671948270287E-02
actuation -9.12753684810605037E-01
length -2.89289280159140183E-01 8.26540800454686475E-02
velocity 2.87031035181894600E-01 -8.20088671948270287E-02
force 8.09380577011363234E-01 -1.73093640451325381E+00
position 0.00000000000000000E+00 0.00000000000000000E+00 0.00000000000000000E+00
quaternion 1.00000000000000000E+00 0.00000000000000000E+00 0.00000000000000000E+00 0.00000000000000000E+00
position 0.00000000000000000E+00 0.00000000000000000E+00 0.00000000000000000E+00
quaternion 9.78726802679619756E-01 0.00000000000000000E+00 2.05167847667534931E-01 0.00000000000000000E+00
unchanged_qpos 4.13270400227343182E-01
unchanged_qvel -4.10044335974135143E-01
unchanged_time 1.25000000000000000E-01
act 4.00000000000000022E-01
step SUCCESS
step_clamped -1.00000000000000000E+00
qpos 4.12462197994200086E-01
qvel -4.04101116571539798E-01
time 1.27000000000000002E-01
reset_qpos 0.00000000000000000E+00
reset_qvel 0.00000000000000000E+00
forward SUCCESS
forward_clamped -1.00000000000000000E+00
qacc 5.63483641868934537E+00
act_dot -7.33392513056441953E+00
mass 3.40000000000000024E-01
gravity 1.92004499619536140E+00
bias -2.71050543121376109E-20
passive 2.86061455400795639E-02
actuation 6.34059219100819027E-02
length -1.45021494385708771E-01 4.14347126816310835E-02
velocity 1.00121509390278474E-01 -2.86061455400795639E-02
force -3.86517853562343083E-01 -1.03578287791779111E+00
position 0.00000000000000000E+00 0.00000000000000000E+00 0.00000000000000000E+00
quaternion 1.00000000000000000E+00 0.00000000000000000E+00 0.00000000000000000E+00 0.00000000000000000E+00
position 0.00000000000000000E+00 0.00000000000000000E+00 0.00000000000000000E+00
quaternion 9.94639685014605424E-01 0.00000000000000000E+00 1.03401629552181615E-01 0.00000000000000000E+00
unchanged_qpos 2.07173563408155403E-01
unchanged_qvel -1.43030727700397819E-01
unchanged_time 1.25000000000000000E-01
act -2.99999999999999989E-01
step SUCCESS
step_clamped -1.00000000000000000E+00
qpos 2.85661735636315028E-01
qvel 8.83031006245542316E-01
time 3.25000000000000178E-01
reset_qpos 0.00000000000000000E+00
reset_qvel 0.00000000000000000E+00
forward SUCCESS
forward_clamped -1.00000000000000000E+00
qacc 4.93237620449722591E+00
act_dot 4.18328408293725573E+01
mass 3.40000000000000024E-01
gravity 1.75535740792755979E+00
bias 0.00000000000000000E+00
passive -9.86663497020029701E-02
actuation 9.63285010410261933E-02
length -3.24161189045810261E-01 9.26174825845172411E-02
velocity -3.45332223957010354E-01 9.86663497020029701E-02
force 3.46229872126344929E-01 1.69344705764733794E+00
position 0.00000000000000000E+00 0.00000000000000000E+00 0.00000000000000000E+00
quaternion 1.00000000000000000E+00 0.00000000000000000E+00 0.00000000000000000E+00 0.00000000000000000E+00
position 0.00000000000000000E+00 0.00000000000000000E+00 0.00000000000000000E+00
quaternion 9.73313304631332366E-01 0.00000000000000000E+00 2.29480306404787560E-01 0.00000000000000000E+00
unchanged_qpos 4.63087412922586150E-01
unchanged_qvel 4.93331748510014823E-01
unchanged_time 1.25000000000000000E-01
act 4.70088650712939954E-02
step SUCCESS
step_clamped -1.00000000000000000E+00
qpos 4.64093782740517213E-01
qvel 5.03184908965532141E-01
time 1.27000000000000002E-01
reset_qpos 0.00000000000000000E+00
reset_qvel 0.00000000000000000E+00
forward SUCCESS
forward_clamped -1.00000000000000000E+00
qacc 5.10970746692255240E+00
act_dot -3.89223058037701719E+01
mass 3.40000000000000024E-01
gravity 1.90715659239528779E+00
bias 0.00000000000000000E+00
passive 1.83324694244626509E-03
actuation -2.53442147975646515E-01
length 1.65898562300147684E-01 -4.73995892286136269E-02
velocity 6.41636429856192684E-03 -1.83324694244626509E-03
force 3.89969716045610704E-01 9.76832662814048902E-02
position 0.00000000000000000E+00 0.00000000000000000E+00 0.00000000000000000E+00
quaternion 1.00000000000000000E+00 0.00000000000000000E+00 0.00000000000000000E+00 0.00000000000000000E+00
position 0.00000000000000000E+00 0.00000000000000000E+00 0.00000000000000000E+00
quaternion 9.92987208593852477E-01 0.00000000000000000E+00 -1.18221840490616931E-01 0.00000000000000000E+00
unchanged_qpos -2.36997946143068128E-01
unchanged_qvel -9.16623471223132480E-03
unchanged_time 1.25000000000000000E-01
act 2.00601504467863123E-01
step SUCCESS
step_clamped -1.00000000000000000E+00
qpos -2.36995863800051304E-01
qvel 1.04117150841302221E-03
time 1.27000000000000002E-01
lifecycle PASS
