create SUCCESS
reset_qpos 0.00000000000000000E+00
reset_qvel 0.00000000000000000E+00
forward SUCCESS
forward_clamped -1.00000000000000000E+00
qacc 5.69996030421846278E+00
act_dot 0.00000000000000000E+00
mass 3.40000000000000024E-01
gravity 1.92825559141478342E+00
bias 0.00000000000000000E+00
passive -1.58451759580269906E-02
actuation 0.00000000000000000E+00
length 1.30013626061634219E-01 -3.71467503033240595E-02
velocity 0.00000000000000000E+00 0.00000000000000000E+00
force 0.00000000000000000E+00 0.00000000000000000E+00
position 0.00000000000000000E+00 0.00000000000000000E+00 0.00000000000000000E+00
quaternion 1.00000000000000000E+00 0.00000000000000000E+00 0.00000000000000000E+00 0.00000000000000000E+00
position 0.00000000000000000E+00 0.00000000000000000E+00 0.00000000000000000E+00
quaternion 9.95690969877763843E-01 0.00000000000000000E+00 -9.27334486788768536E-02 0.00000000000000000E+00
unchanged_qpos -1.85733751516620305E-01
unchanged_qvel 7.92258797901349565E-02
unchanged_time 1.25000000000000000E-01
act -2.86426883928178555E-01
step SUCCESS
step_clamped -1.00000000000000000E+00
qpos -5.87848998566928710E-02
qvel 1.16147691647826812E+00
time 3.25000000000000178E-01
reset_qpos 0.00000000000000000E+00
reset_qvel 0.00000000000000000E+00
forward SUCCESS
forward_clamped -1.00000000000000000E+00
qacc 5.87810057952633525E+00
act_dot 0.00000000000000000E+00
mass 3.40000000000000024E-01
gravity 1.96193201721139499E+00
bias 1.69406589450860068E-21
passive 3.65427616782555004E-02
actuation 0.00000000000000000E+00
length 5.82725841745771432E-03 -1.66493097641648999E-03
velocity 0.00000000000000000E+00 0.00000000000000000E+00
force 0.00000000000000000E+00 0.00000000000000000E+00
position 0.00000000000000000E+00 0.00000000000000000E+00 0.00000000000000000E+00
quaternion 1.00000000000000000E+00 0.00000000000000000E+00 0.00000000000000000E+00 0.00000000000000000E+00
position 0.00000000000000000E+00 0.00000000000000000E+00 0.00000000000000000E+00
quaternion 9.99991337527643243E-01 0.00000000000000000E+00 -4.16231542235215128E-03 0.00000000000000000E+00
unchanged_qpos -8.32465488208244953E-03
unchanged_qvel -1.82713808391277488E-01
unchanged_time 1.25000000000000000E-01
act 6.97477440044813601E-03
step SUCCESS
step_clamped -1.00000000000000000E+00
qpos -8.66659772569180857E-03
qvel -1.70971421804679641E-01
time 1.27000000000000002E-01
reset_qpos 0.00000000000000000E+00
reset_qvel 0.00000000000000000E+00
forward SUCCESS
forward_clamped -1.00000000000000000E+00
qacc 5.58696928869955212E+00
act_dot 0.00000000000000000E+00
mass 3.40000000000000024E-01
gravity 1.82506805717520870E+00
bias -2.16840434497100887E-19
passive 5.62143392338096751E-02
actuation 0.00000000000000000E+00
length -2.63072065021116630E-01 7.51634471488904776E-02
velocity 0.00000000000000000E+00 0.00000000000000000E+00
force 0.00000000000000000E+00 0.00000000000000000E+00
position 0.00000000000000000E+00 0.00000000000000000E+00 0.00000000000000000E+00
quaternion 1.00000000000000000E+00 0.00000000000000000E+00 0.00000000000000000E+00 0.00000000000000000E+00
position 0.00000000000000000E+00 0.00000000000000000E+00 0.00000000000000000E+00
quaternion 9.82397063363797174E-01 0.00000000000000000E+00 1.86804737344071242E-01 0.00000000000000000E+00
unchanged_qpos 3.75817235744452360E-01
unchanged_qvel -2.81071696169048368E-01
unchanged_time 1.25000000000000000E-01
act 5.69251193982366122E-01
step SUCCESS
step_clamped -1.00000000000000000E+00
qpos 3.75277413968543860E-01
qvel -2.69910887954254886E-01
time 1.27000000000000002E-01
reset_qpos 0.00000000000000000E+00
reset_qvel 0.00000000000000000E+00
forward SUCCESS
forward_clamped -1.00000000000000000E+00
qacc 4.98577483217168105E+00
act_dot 0.00000000000000000E+00
mass 3.39999999999999969E-01
gravity 1.78331884427385279E+00
bias 0.00000000000000000E+00
passive -1.71807394708699997E-02
actuation 0.00000000000000000E+00
length 3.01061578126801788E-01 -8.60175937505148203E-02
velocity 0.00000000000000000E+00 0.00000000000000000E+00
force 0.00000000000000000E+00 0.00000000000000000E+00
position 0.00000000000000000E+00 0.00000000000000000E+00 0.00000000000000000E+00
quaternion 1.00000000000000000E+00 0.00000000000000000E+00 0.00000000000000000E+00 0.00000000000000000E+00
position 0.00000000000000000E+00 0.00000000000000000E+00 0.00000000000000000E+00
quaternion 9.76967009308257528E-01 0.00000000000000000E+00 -2.13390399791741098E-01 0.00000000000000000E+00
unchanged_qpos -4.30087968752574046E-01
unchanged_qvel 8.59036973543499949E-02
unchanged_time 1.25000000000000000E-01
act 2.73794202172600420E-01
step SUCCESS
step_clamped -1.00000000000000000E+00
qpos -3.15109691728637897E-01
qvel 1.04375465934529954E+00
time 3.25000000000000178E-01
reset_qpos 0.00000000000000000E+00
reset_qvel 0.00000000000000000E+00
forward SUCCESS
forward_clamped -1.00000000000000000E+00
qacc 4.84710676136638074E+00
act_dot 0.00000000000000000E+00
mass 3.40000000000000024E-01
gravity 1.75814582829321608E+00
bias -5.42101086242752217E-20
passive -2.77053852333576170E-02
actuation 0.00000000000000000E+00
length -3.21926998295728795E-01 9.19791423702082389E-02
velocity 0.00000000000000000E+00 0.00000000000000000E+00
force 0.00000000000000000E+00 0.00000000000000000E+00
position 0.00000000000000000E+00 0.00000000000000000E+00 0.00000000000000000E+00
quaternion 1.00000000000000000E+00 0.00000000000000000E+00 0.00000000000000000E+00 0.00000000000000000E+00
position 0.00000000000000000E+00 0.00000000000000000E+00 0.00000000000000000E+00
quaternion 9.73678281358634545E-01 0.00000000000000000E+00 2.27926752292256146E-01 0.00000000000000000E+00
unchanged_qpos 4.59895711851041167E-01
unchanged_qvel 1.38526926166788078E-01
unchanged_time 1.25000000000000000E-01
act 7.96427581414698160E-02
step SUCCESS
step_clamped -1.00000000000000000E+00
qpos 4.60192131347309685E-01
qvel 1.48209748134264990E-01
time 1.27000000000000002E-01
reset_qpos 0.00000000000000000E+00
reset_qvel 0.00000000000000000E+00
forward SUCCESS
forward_clamped -1.00000000000000000E+00
qacc 5.05371473603795085E+00
act_dot 0.00000000000000000E+00
mass 3.40000000000000024E-01
gravity 1.77594267680156248E+00
bias 4.33680868994201774E-19
passive -7.79948104677355841E-02
actuation 0.00000000000000000E+00
length -3.07312500247949150E-01 8.78035714994140487E-02
velocity 0.00000000000000000E+00 0.00000000000000000E+00
force 0.00000000000000000E+00 0.00000000000000000E+00
position 0.00000000000000000E+00 0.00000000000000000E+00 0.00000000000000000E+00
quaternion 1.00000000000000000E+00 0.00000000000000000E+00 0.00000000000000000E+00 0.00000000000000000E+00
position 0.00000000000000000E+00 0.00000000000000000E+00 0.00000000000000000E+00
quaternion 9.76004497951103445E-01 0.00000000000000000E+00 2.17750361605243942E-01 0.00000000000000000E+00
unchanged_qpos 4.39017857497070230E-01
unchanged_qvel 3.89974052338677879E-01
unchanged_time 1.25000000000000000E-01
act 6.34250685436415162E-01
step SUCCESS
step_clamped -1.00000000000000000E+00
qpos 4.39817996706450887E-01
qvel 4.00069604690340086E-01
time 1.27000000000000002E-01
reset_qpos 0.00000000000000000E+00
reset_qvel 0.00000000000000000E+00
forward SUCCESS
forward_clamped -1.00000000000000000E+00
qacc 5.30466187552936574E+00
act_dot 0.00000000000000000E+00
mass 3.40000000000000024E-01
gravity 1.83526601495249508E+00
bias 0.00000000000000000E+00
passive 6.16771928995882429E-02
actuation 0.00000000000000000E+00
length 2.52974073922254350E-01 -7.22783068349298202E-02
velocity 0.00000000000000000E+00 0.00000000000000000E+00
force 0.00000000000000000E+00 0.00000000000000000E+00
position 0.00000000000000000E+00 0.00000000000000000E+00 0.00000000000000000E+00
quaternion 1.00000000000000000E+00 0.00000000000000000E+00 0.00000000000000000E+00 0.00000000000000000E+00
position 0.00000000000000000E+00 0.00000000000000000E+00 0.00000000000000000E+00
quaternion 9.83718891777981885E-01 0.00000000000000000E+00 -1.79714056097733027E-01 0.00000000000000000E+00
unchanged_qpos -3.61391534174649087E-01
unchanged_qvel -3.08385964497941201E-01
unchanged_time 1.25000000000000000E-01
act 6.13663165388349530E-01
step SUCCESS
step_clamped -1.00000000000000000E+00
qpos -3.20191971735174385E-01
qvel 6.93441809827191946E-01
time 3.25000000000000178E-01
reset_qpos 0.00000000000000000E+00
reset_qvel 0.00000000000000000E+00
forward SUCCESS
forward_clamped -1.00000000000000000E+00
qacc 5.51937910470408077E+00
act_dot 0.00000000000000000E+00
mass 3.40000000000000024E-01
gravity 1.86987737641813090E+00
bias 0.00000000000000000E+00
passive -5.51507340106194566E-02
actuation 0.00000000000000000E+00
length 2.15357899413631121E-01 -6.15308284038946149E-02
velocity 0.00000000000000000E+00 0.00000000000000000E+00
force 0.00000000000000000E+00 0.00000000000000000E+00
position 0.00000000000000000E+00 0.00000000000000000E+00 0.00000000000000000E+00
quaternion 1.00000000000000000E+00 0.00000000000000000E+00 0.00000000000000000E+00 0.00000000000000000E+00
position 0.00000000000000000E+00 0.00000000000000000E+00 0.00000000000000000E+00
quaternion 9.88191927992211006E-01 0.00000000000000000E+00 -1.53221125994547736E-01 0.00000000000000000E+00
unchanged_qpos -3.07654142019473054E-01
unchanged_qvel 2.75753670053097255E-01
unchanged_time 1.25000000000000000E-01
act 2.15104208003855324E-01
step SUCCESS
step_clamped -1.00000000000000000E+00
qpos -3.07080583105975580E-01
qvel 2.86779456748745831E-01
time 1.27000000000000002E-01
reset_qpos 0.00000000000000000E+00
reset_qvel 0.00000000000000000E+00
forward SUCCESS
forward_clamped -1.00000000000000000E+00
qacc 5.59810932242371351E+00
act_dot 0.00000000000000000E+00
mass 3.40000000000000024E-01
gravity 1.85724217349305709E+00
bias -4.33680868994201774E-19
passive 8.70984198063705084E-02
actuation 0.00000000000000000E+00
length -2.29777947591447346E-01 6.56508421689849658E-02
velocity 0.00000000000000000E+00 0.00000000000000000E+00
force 0.00000000000000000E+00 0.00000000000000000E+00
position 0.00000000000000000E+00 0.00000000000000000E+00 0.00000000000000000E+00
quaternion 1.00000000000000000E+00 0.00000000000000000E+00 0.00000000000000000E+00 0.00000000000000000E+00
position 0.00000000000000000E+00 0.00000000000000000E+00 0.00000000000000000E+00
quaternion 9.86561354498994736E-01 0.00000000000000000E+00 1.63391229290647089E-01 0.00000000000000000E+00
unchanged_qpos 3.28254210844924788E-01
unchanged_qvel -4.35492099031852486E-01
unchanged_time 1.25000000000000000E-01
act -1.69861487369791120E-01
step SUCCESS
step_clamped -1.00000000000000000E+00
qpos 3.27405592771063458E-01
qvel -4.24309036930653527E-01
time 1.27000000000000002E-01
reset_qpos 0.00000000000000000E+00
reset_qvel 0.00000000000000000E+00
forward SUCCESS
forward_clamped -1.00000000000000000E+00
qacc 6.00919631215308758E+00
act_dot 0.00000000000000000E+00
mass 3.39999999999999969E-01
gravity 1.92595907471571537E+00
bias -5.42101086242752217E-20
passive 4.62676334518610233E-02
actuation 0.00000000000000000E+00
length 1.34378121740279743E-01 -3.83937490686513672E-02
velocity 0.00000000000000000E+00 0.00000000000000000E+00
force 0.00000000000000000E+00 0.00000000000000000E+00
position 0.00000000000000000E+00 0.00000000000000000E+00 0.00000000000000000E+00
quaternion 1.00000000000000000E+00 0.00000000000000000E+00 0.00000000000000000E+00 0.00000000000000000E+00
position 0.00000000000000000E+00 0.00000000000000000E+00 0.00000000000000000E+00
quaternion 9.95397035655712692E-01 0.00000000000000000E+00 -9.58370565481837106E-02 0.00000000000000000E+00
unchanged_qpos -1.91968745343256808E-01
unchanged_qvel -2.31338167259305116E-01
unchanged_time 1.25000000000000000E-01
act -2.82570855709261937E-01
step SUCCESS
step_clamped -1.00000000000000000E+00
qpos -1.21474303962611843E-01
qvel 9.04920949537131203E-01
time 3.25000000000000178E-01
reset_qpos 0.00000000000000000E+00
reset_qvel 0.00000000000000000E+00
forward SUCCESS
forward_clamped -1.00000000000000000E+00
qacc 5.69561854723274141E+00
act_dot 0.00000000000000000E+00
mass 3.40000000000000024E-01
gravity 1.95920323022144682E+00
bias 0.00000000000000000E+00
passive -4.47264103948110045E-02
actuation 0.00000000000000000E+00
length -3.73803616048220613E-02 1.06801033156634483E-02
velocity 0.00000000000000000E+00 0.00000000000000000E+00
force 0.00000000000000000E+00 0.00000000000000000E+00
position 0.00000000000000000E+00 0.00000000000000000E+00 0.00000000000000000E+00
quaternion 1.00000000000000000E+00 0.00000000000000000E+00 0.00000000000000000E+00 0.00000000000000000E+00
position 0.00000000000000000E+00 0.00000000000000000E+00 0.00000000000000000E+00
quaternion 9.99643569279468736E-01 0.00000000000000000E+00 2.66970859496726068E-02 0.00000000000000000E+00
unchanged_qpos 5.34005165783172364E-02
unchanged_qvel 2.23632051974055002E-01
unchanged_time 1.25000000000000000E-01
act 1.29589411481079164E-02
step SUCCESS
step_clamped -1.00000000000000000E+00
qpos 5.38705363850392471E-02
qvel 2.35009903361006411E-01
time 1.27000000000000002E-01
reset_qpos 0.00000000000000000E+00
reset_qvel 0.00000000000000000E+00
forward SUCCESS
forward_clamped -1.00000000000000000E+00
qacc 5.71018320389638401E+00
act_dot 0.00000000000000000E+00
mass 3.40000000000000024E-01
gravity 1.95813997740279344E+00
bias 0.00000000000000000E+00
passive 6.64452718453125701E-02
actuation 0.00000000000000000E+00
length 4.39166988933878122E-02 -1.25476282552536636E-02
velocity 0.00000000000000000E+00 0.00000000000000000E+00
force 0.00000000000000000E+00 0.00000000000000000E+00
position 0.00000000000000000E+00 0.00000000000000000E+00 0.00000000000000000E+00
quaternion 1.00000000000000000E+00 0.00000000000000000E+00 0.00000000000000000E+00 0.00000000000000000E+00
position 0.00000000000000000E+00 0.00000000000000000E+00 0.00000000000000000E+00
quaternion 9.99508031047851131E-01 0.00000000000000000E+00 -3.13639262664579394E-02 0.00000000000000000E+00
unchanged_qpos -6.27381412762683111E-02
unchanged_qvel -3.32226359226562851E-01
unchanged_time 1.25000000000000000E-01
act 4.64580538107194352E-01
step SUCCESS
step_clamped -1.00000000000000000E+00
qpos -6.33797801017799006E-02
qvel -3.20819412755794509E-01
time 1.27000000000000002E-01
lifecycle PASS
