create SUCCESS
reset_qpos 0.00000000000000000E+00
reset_qvel 0.00000000000000000E+00
forward SUCCESS
forward_clamped -1.00000000000000000E+00
qacc 5.96525135797627382E+00
act_dot 0.00000000000000000E+00
mass 3.40000000000000024E-01
gravity 1.93864882902708202E+00
bias 0.00000000000000000E+00
passive 7.09823446233248754E-04
actuation 0.00000000000000000E+00
length -1.08105937825024159E-01 3.08874108071497643E-02
velocity 0.00000000000000000E+00 0.00000000000000000E+00
force 0.00000000000000000E+00 0.00000000000000000E+00
position 0.00000000000000000E+00 0.00000000000000000E+00 0.00000000000000000E+00
quaternion 1.00000000000000000E+00 0.00000000000000000E+00 0.00000000000000000E+00 0.00000000000000000E+00
position 0.00000000000000000E+00 0.00000000000000000E+00 0.00000000000000000E+00
quaternion 9.97020130656611436E-01 0.00000000000000000E+00 7.71418113961136465E-02 0.00000000000000000E+00
unchanged_qpos 1.54437054035748811E-01
unchanged_qvel -3.54911723116624334E-03
unchanged_time 1.25000000000000000E-01
act 6.69835893794180182E-01
step SUCCESS
step_clamped -1.00000000000000000E+00
qpos 2.69158866343001180E-01
qvel 1.11334081858274847E+00
time 3.25000000000000178E-01
reset_qpos 0.00000000000000000E+00
reset_qvel 0.00000000000000000E+00
forward SUCCESS
forward_clamped -1.00000000000000000E+00
qacc 6.29000539434078654E+00
act_dot 0.00000000000000000E+00
mass 3.40000000000000024E-01
gravity 1.96123344733907490E+00
bias -2.71050543121376109E-20
passive 8.49175933409403172E-02
actuation 0.00000000000000000E+00
length 1.95681007164548032E-02 -5.59088591898708812E-03
velocity 0.00000000000000000E+00 0.00000000000000000E+00
force 0.00000000000000000E+00 0.00000000000000000E+00
position 0.00000000000000000E+00 0.00000000000000000E+00 0.00000000000000000E+00
quaternion 1.00000000000000000E+00 0.00000000000000000E+00 0.00000000000000000E+00 0.00000000000000000E+00
position 0.00000000000000000E+00 0.00000000000000000E+00 0.00000000000000000E+00
quaternion 9.99902320323514116E-01 0.00000000000000000E+00 -1.39767596978975402E-02 0.00000000000000000E+00
unchanged_qpos -2.79544295949354371E-02
unchanged_qvel -4.24587966704701558E-01
unchanged_time 1.25000000000000000E-01
act 3.67116140188033180E-01
step SUCCESS
step_clamped -1.00000000000000000E+00
qpos -2.87784750720102220E-02
qvel -4.12022738537393296E-01
time 1.27000000000000002E-01
reset_qpos 0.00000000000000000E+00
reset_qvel 0.00000000000000000E+00
forward SUCCESS
forward_clamped -1.00000000000000000E+00
qacc 5.68635810564096644E+00
act_dot 0.00000000000000000E+00
mass 3.40000000000000024E-01
gravity 1.96167821250769681E+00
bias 0.00000000000000000E+00
passive -4.93563221868890817E-02
actuation 0.00000000000000000E+00
length 1.26780964641631123E-02 -3.62231327547517549E-03
velocity 0.00000000000000000E+00 0.00000000000000000E+00
force 0.00000000000000000E+00 0.00000000000000000E+00
position 0.00000000000000000E+00 0.00000000000000000E+00 0.00000000000000000E+00
quaternion 1.00000000000000000E+00 0.00000000000000000E+00 0.00000000000000000E+00 0.00000000000000000E+00
position 0.00000000000000000E+00 0.00000000000000000E+00 0.00000000000000000E+00
quaternion 9.99958996675634815E-01 0.00000000000000000E+00 -9.05565941594443924E-03 0.00000000000000000E+00
unchanged_qpos -1.81115663773758762E-02
unchanged_qvel 2.46781610934445395E-01
unchanged_time 1.25000000000000000E-01
act 2.87632783528876446E-01
step SUCCESS
step_clamped -1.00000000000000000E+00
qpos -1.75952844509721096E-02
qvel 2.58140963201883289E-01
time 1.27000000000000002E-01
reset_qpos 0.00000000000000000E+00
reset_qvel 0.00000000000000000E+00
forward SUCCESS
forward_clamped -1.00000000000000000E+00
qacc 5.29517347498256985E+00
act_dot 0.00000000000000000E+00
mass 3.40000000000000024E-01
gravity 1.80181483369721462E+00
bias 0.00000000000000000E+00
passive 8.08958063779995351E-02
actuation 0.00000000000000000E+00
length 2.84822781094067334E-01 -8.13779374554478158E-02
velocity 0.00000000000000000E+00 0.00000000000000000E+00
force 0.00000000000000000E+00 0.00000000000000000E+00
position 0.00000000000000000E+00 0.00000000000000000E+00 0.00000000000000000E+00
quaternion 1.00000000000000000E+00 0.00000000000000000E+00 0.00000000000000000E+00 0.00000000000000000E+00
position 0.00000000000000000E+00 0.00000000000000000E+00 0.00000000000000000E+00
quaternion 9.79376379220798232E-01 0.00000000000000000E+00 -2.02044321435568164E-01 0.00000000000000000E+00
unchanged_qpos -4.06889687277239065E-01
unchanged_qvel -4.04479031889997676E-01
unchanged_time 1.25000000000000000E-01
act 6.96360970442151617E-01
step SUCCESS
step_clamped -1.00000000000000000E+00
qpos -3.85396180737024030E-01
qvel 5.91555062054689662E-01
time 3.25000000000000178E-01
reset_qpos 0.00000000000000000E+00
reset_qvel 0.00000000000000000E+00
forward SUCCESS
forward_clamped -1.00000000000000000E+00
qacc 5.70160013600161797E+00
act_dot 0.00000000000000000E+00
mass 3.40000000000000024E-01
gravity 1.96129330793404866E+00
bias -2.71050543121376109E-20
passive 7.59193904718592771E-02
actuation 0.00000000000000000E+00
length -1.87884814629194902E-02 5.36813756083414154E-03
velocity 0.00000000000000000E+00 0.00000000000000000E+00
force 0.00000000000000000E+00 0.00000000000000000E+00
position 0.00000000000000000E+00 0.00000000000000000E+00 0.00000000000000000E+00
quaternion 1.00000000000000000E+00 0.00000000000000000E+00 0.00000000000000000E+00 0.00000000000000000E+00
position 0.00000000000000000E+00 0.00000000000000000E+00 0.00000000000000000E+00
quaternion 9.99909948536351845E-01 0.00000000000000000E+00 1.34199410591298619E-02 0.00000000000000000E+00
unchanged_qpos 2.68406878041707042E-02
unchanged_qvel -3.79596952359296358E-01
unchanged_time 1.25000000000000000E-01
act -6.45033820080995635E-01
step SUCCESS
step_clamped -1.00000000000000000E+00
qpos 2.61042735004655135E-02
qvel -3.68207151852595116E-01
time 1.27000000000000002E-01
reset_qpos 0.00000000000000000E+00
reset_qvel 0.00000000000000000E+00
forward SUCCESS
forward_clamped -1.00000000000000000E+00
qacc 5.46262266640928118E+00
act_dot 0.00000000000000000E+00
mass 3.40000000000000024E-01
gravity 1.75520060024404145E+00
bias 0.00000000000000000E+00
passive 6.58344774482342576E-02
actuation 0.00000000000000000E+00
length -3.24286405243831344E-01 9.26532586410946934E-02
velocity 0.00000000000000000E+00 0.00000000000000000E+00
force 0.00000000000000000E+00 0.00000000000000000E+00
position 0.00000000000000000E+00 0.00000000000000000E+00 0.00000000000000000E+00
quaternion 1.00000000000000000E+00 0.00000000000000000E+00 0.00000000000000000E+00 0.00000000000000000E+00
position 0.00000000000000000E+00 0.00000000000000000E+00 0.00000000000000000E+00
quaternion 9.73292775987267489E-01 0.00000000000000000E+00 2.29567358766438356E-01 0.00000000000000000E+00
unchanged_qpos 4.63266293205473412E-01
unchanged_qvel -3.29172387241171260E-01
unchanged_time 1.25000000000000000E-01
act 6.52462972697882115E-01
step SUCCESS
step_clamped -1.00000000000000000E+00
qpos 4.62629773245404441E-01
qvel -3.18259980034478196E-01
time 1.27000000000000002E-01
reset_qpos 0.00000000000000000E+00
reset_qvel 0.00000000000000000E+00
forward SUCCESS
forward_clamped -1.00000000000000000E+00
qacc 5.61775540068099577E+00
act_dot 0.00000000000000000E+00
mass 3.40000000000000024E-01
gravity 1.92633979321911641E+00
bias 1.35525271560688054E-20
passive -2.46063118193865747E-02
actuation 0.00000000000000000E+00
length -1.33664309380675916E-01 3.81898026801931190E-02
velocity 0.00000000000000000E+00 0.00000000000000000E+00
force 0.00000000000000000E+00 0.00000000000000000E+00
position 0.00000000000000000E+00 0.00000000000000000E+00 0.00000000000000000E+00
quaternion 1.00000000000000000E+00 0.00000000000000000E+00 0.00000000000000000E+00 0.00000000000000000E+00
position 0.00000000000000000E+00 0.00000000000000000E+00 0.00000000000000000E+00
quaternion 9.95445770324153711E-01 0.00000000000000000E+00 9.53295250368541569E-02 0.00000000000000000E+00
unchanged_qpos 1.90949013400965595E-01
unchanged_qvel 1.23031559096932863E-01
unchanged_time 1.25000000000000000E-01
act -6.40332596181153346E-01
step SUCCESS
step_clamped -1.00000000000000000E+00
qpos 3.23976304294481654E-01
qvel 1.17002903102842115E+00
time 3.25000000000000178E-01
reset_qpos 0.00000000000000000E+00
reset_qvel 0.00000000000000000E+00
forward SUCCESS
forward_clamped -1.00000000000000000E+00
qacc 5.23018446648452784E+00
act_dot 0.00000000000000000E+00
mass 3.40000000000000024E-01
gravity 1.92112763519359886E+00
bias -1.08420217248550443E-19
passive -6.93461175161767668E-02
actuation 0.00000000000000000E+00
length -1.43131509097441129E-01 4.08947168849831885E-02
velocity 0.00000000000000000E+00 0.00000000000000000E+00
force 0.00000000000000000E+00 0.00000000000000000E+00
position 0.00000000000000000E+00 0.00000000000000000E+00 0.00000000000000000E+00
quaternion 1.00000000000000000E+00 0.00000000000000000E+00 0.00000000000000000E+00 0.00000000000000000E+00
position 0.00000000000000000E+00 0.00000000000000000E+00 0.00000000000000000E+00
quaternion 9.94778369734351964E-01 0.00000000000000000E+00 1.02058782614065063E-01 0.00000000000000000E+00
unchanged_qpos 2.04473584424915922E-01
unchanged_qvel 3.46730587580883820E-01
unchanged_time 1.25000000000000000E-01
act 4.72443224555512131E-01
step SUCCESS
step_clamped -1.00000000000000000E+00
qpos 2.05187941754232855E-01
qvel 3.57178664658467482E-01
time 1.27000000000000002E-01
reset_qpos 0.00000000000000000E+00
reset_qvel 0.00000000000000000E+00
forward SUCCESS
forward_clamped -1.00000000000000000E+00
qacc 5.61480960622185066E+00
act_dot 0.00000000000000000E+00
mass 3.40000000000000024E-01
gravity 1.94312733559117667E+00
bias -2.16840434497100887E-19
passive -9.93809624262830121E-02
actuation 0.00000000000000000E+00
length 9.71692581877007244E-02 -2.77626451964859272E-02
velocity 0.00000000000000000E+00 0.00000000000000000E+00
force 0.00000000000000000E+00 0.00000000000000000E+00
position 0.00000000000000000E+00 0.00000000000000000E+00 0.00000000000000000E+00
quaternion 1.00000000000000000E+00 0.00000000000000000E+00 0.00000000000000000E+00 0.00000000000000000E+00
position 0.00000000000000000E+00 0.00000000000000000E+00 0.00000000000000000E+00
quaternion 9.97592327804901924E-01 0.00000000000000000E+00 -6.93509012543965936E-02 0.00000000000000000E+00
unchanged_qpos -1.38813225982429622E-01
unchanged_qvel 4.96904812131415019E-01
unchanged_time 1.25000000000000000E-01
act 3.25117891570578799E-02
step SUCCESS
step_clamped -1.00000000000000000E+00
qpos -1.37796983511326410E-01
qvel 5.08121235551599715E-01
time 1.27000000000000002E-01
reset_qpos 0.00000000000000000E+00
reset_qvel 0.00000000000000000E+00
forward SUCCESS
forward_clamped -1.00000000000000000E+00
qacc 5.27205681049730135E+00
act_dot 0.00000000000000000E+00
mass 3.40000000000000024E-01
gravity 1.79054543295927471E+00
bias 0.00000000000000000E+00
passive -9.79309839878286792E-02
actuation 0.00000000000000000E+00
length -2.94817090154507577E-01 8.42334543298593197E-02
velocity 0.00000000000000000E+00 0.00000000000000000E+00
force 0.00000000000000000E+00 0.00000000000000000E+00
position 0.00000000000000000E+00 0.00000000000000000E+00 0.00000000000000000E+00
quaternion 1.00000000000000000E+00 0.00000000000000000E+00 0.00000000000000000E+00 0.00000000000000000E+00
position 0.00000000000000000E+00 0.00000000000000000E+00 0.00000000000000000E+00
quaternion 9.77909083491792619E-01 0.00000000000000000E+00 2.09030678189212255E-01 0.00000000000000000E+00
unchanged_qpos 4.21167271649296571E-01
unchanged_qvel 4.89654919939143340E-01
unchanged_time 1.25000000000000000E-01
act 5.94815427541568020E-01
step SUCCESS
step_clamped -1.00000000000000000E+00
qpos 6.18950666293381135E-01
qvel 1.44146556442311513E+00
time 3.25000000000000178E-01
reset_qpos 0.00000000000000000E+00
reset_qvel 0.00000000000000000E+00
forward SUCCESS
forward_clamped -1.00000000000000000E+00
qacc 5.11999627797780654E+00
act_dot 0.00000000000000000E+00
mass 3.40000000000000024E-01
gravity 1.85242657300216429E+00
bias 0.00000000000000000E+00
passive -7.08569330548346060E-02
actuation 0.00000000000000000E+00
length 2.35048983769246517E-01 -6.71568525054990068E-02
velocity 0.00000000000000000E+00 0.00000000000000000E+00
force 0.00000000000000000E+00 0.00000000000000000E+00
position 0.00000000000000000E+00 0.00000000000000000E+00 0.00000000000000000E+00
quaternion 1.00000000000000000E+00 0.00000000000000000E+00 0.00000000000000000E+00 0.00000000000000000E+00
position 0.00000000000000000E+00 0.00000000000000000E+00 0.00000000000000000E+00
quaternion 9.85939191299549100E-01 0.00000000000000000E+00 -1.67104491440509151E-01 0.00000000000000000E+00
unchanged_qpos -3.35784262527495048E-01
unchanged_qvel 3.54284665274173016E-01
unchanged_time 1.25000000000000000E-01
act 5.18870833681893018E-01
step SUCCESS
step_clamped -1.00000000000000000E+00
qpos -3.35055237277622209E-01
qvel 3.64512624936408347E-01
time 1.27000000000000002E-01
reset_qpos 0.00000000000000000E+00
reset_qvel 0.00000000000000000E+00
forward SUCCESS
forward_clamped -1.00000000000000000E+00
qacc 5.64596353994833056E+00
act_dot 0.00000000000000000E+00
mass 3.40000000000000024E-01
gravity 1.80146934793206825E+00
bias 0.00000000000000000E+00
passive 2.80053480045913128E-02
actuation 0.00000000000000000E+00
length -2.85134080941946755E-01 8.14668802691276561E-02
velocity 0.00000000000000000E+00 0.00000000000000000E+00
force 0.00000000000000000E+00 0.00000000000000000E+00
position 0.00000000000000000E+00 0.00000000000000000E+00 0.00000000000000000E+00
quaternion 1.00000000000000000E+00 0.00000000000000000E+00 0.00000000000000000E+00 0.00000000000000000E+00
position 0.00000000000000000E+00 0.00000000000000000E+00 0.00000000000000000E+00
quaternion 9.79331429033595158E-01 0.00000000000000000E+00 2.02262087666018942E-01 0.00000000000000000E+00
unchanged_qpos 4.07334401345638253E-01
unchanged_qvel -1.40026740022956564E-01
unchanged_time 1.25000000000000000E-01
act 5.72650015409339685E-01
step SUCCESS
step_clamped -1.00000000000000000E+00
qpos 4.07076905181733117E-01
qvel -1.28748081952554494E-01
time 1.27000000000000002E-01
lifecycle PASS
