create SUCCESS
reset_qpos 0.00000000000000000E+00
reset_qvel 0.00000000000000000E+00
forward SUCCESS
forward_clamped -1.00000000000000000E+00
qacc 5.87302744216439976E+00
act_dot 0.00000000000000000E+00
mass 3.40000000000000024E-01
gravity 1.84162768868191007E+00
bias 0.00000000000000000E+00
passive 5.80634300952111368E-02
actuation 0.00000000000000000E+00
length 2.46474865870012216E-01 -7.04213902485749249E-02
velocity 0.00000000000000000E+00 0.00000000000000000E+00
force 0.00000000000000000E+00 0.00000000000000000E+00
position 0.00000000000000000E+00 0.00000000000000000E+00 0.00000000000000000E+00
quaternion 1.00000000000000000E+00 0.00000000000000000E+00 0.00000000000000000E+00 0.00000000000000000E+00
position 0.00000000000000000E+00 0.00000000000000000E+00 0.00000000000000000E+00
quaternion 9.84542573830346268E-01 0.00000000000000000E+00 -1.75145426190686848E-01 0.00000000000000000E+00
unchanged_qpos -3.52106951242874611E-01
unchanged_qvel -2.90317150476055663E-01
unchanged_time 1.25000000000000000E-01
act 2.69580619393844811E-01
step SUCCESS
step_clamped -1.00000000000000000E+00
qpos -2.96137317217925244E-01
qvel 8.20660541253148246E-01
time 3.25000000000000178E-01
reset_qpos 0.00000000000000000E+00
reset_qvel 0.00000000000000000E+00
forward SUCCESS
forward_clamped -1.00000000000000000E+00
qacc 5.87847988674135369E+00
act_dot 0.00000000000000000E+00
mass 3.40000000000000024E-01
gravity 1.94956957750415749E+00
bias 0.00000000000000000E+00
passive 7.54068618191072321E-02
actuation 0.00000000000000000E+00
length 7.88380803001034053E-02 -2.25251658000295459E-02
velocity 0.00000000000000000E+00 0.00000000000000000E+00
force 0.00000000000000000E+00 0.00000000000000000E+00
position 0.00000000000000000E+00 0.00000000000000000E+00 0.00000000000000000E+00
quaternion 1.00000000000000000E+00 0.00000000000000000E+00 0.00000000000000000E+00 0.00000000000000000E+00
position 0.00000000000000000E+00 0.00000000000000000E+00 0.00000000000000000E+00
quaternion 9.98414846792482824E-01 0.00000000000000000E+00 -5.62831564888036789E-02 0.00000000000000000E+00
unchanged_qpos -1.12625829000147726E-01
unchanged_qvel -3.77034309095536146E-01
unchanged_time 1.25000000000000000E-01
act -4.98845212534944848E-01
step SUCCESS
step_clamped -1.00000000000000000E+00
qpos -1.13356411329719617E-01
qvel -3.65291164785947087E-01
time 1.27000000000000002E-01
reset_qpos 0.00000000000000000E+00
reset_qvel 0.00000000000000000E+00
forward SUCCESS
forward_clamped -1.00000000000000000E+00
qacc 5.74537990501112450E+00
act_dot 0.00000000000000000E+00
mass 3.40000000000000024E-01
gravity 1.95859090608231368E+00
bias 0.00000000000000000E+00
passive -8.35112176859327260E-02
actuation 0.00000000000000000E+00
length -4.12710885399384803E-02 1.17917395828395673E-02
velocity 0.00000000000000000E+00 0.00000000000000000E+00
force 0.00000000000000000E+00 0.00000000000000000E+00
position 0.00000000000000000E+00 0.00000000000000000E+00 0.00000000000000000E+00
quaternion 1.00000000000000000E+00 0.00000000000000000E+00 0.00000000000000000E+00 0.00000000000000000E+00
position 0.00000000000000000E+00 0.00000000000000000E+00 0.00000000000000000E+00
quaternion 9.99565515458981424E-01 0.00000000000000000E+00 2.94750793929520125E-02 0.00000000000000000E+00
unchanged_qpos 5.89586979141978329E-02
unchanged_qvel 4.17556088429663630E-01
unchanged_time 1.25000000000000000E-01
act 5.90347770281295370E-02
step SUCCESS
step_clamped -1.00000000000000000E+00
qpos 5.98167646053662516E-02
qvel 4.29033345584209969E-01
time 1.27000000000000002E-01
reset_qpos 0.00000000000000000E+00
reset_qvel 0.00000000000000000E+00
forward SUCCESS
forward_clamped -1.00000000000000000E+00
qacc 5.89329097793622747E+00
act_dot 0.00000000000000000E+00
mass 3.40000000000000024E-01
gravity 1.85097534967028521E+00
bias -2.16840434497100887E-19
passive 7.80299376605529532E-02
actuation 0.00000000000000000E+00
length -2.36615285458968400E-01 6.76043672739909812E-02
velocity 0.00000000000000000E+00 0.00000000000000000E+00
force 0.00000000000000000E+00 0.00000000000000000E+00
position 0.00000000000000000E+00 0.00000000000000000E+00 0.00000000000000000E+00
quaternion 1.00000000000000000E+00 0.00000000000000000E+00 0.00000000000000000E+00 0.00000000000000000E+00
position 0.00000000000000000E+00 0.00000000000000000E+00 0.00000000000000000E+00
quaternion 9.85751619976870774E-01 0.00000000000000000E+00 1.68207442501737331E-01 0.00000000000000000E+00
unchanged_qpos 3.38021836369954864E-01
unchanged_qvel -3.90149688302764752E-01
unchanged_time 1.25000000000000000E-01
act 6.25959336613900463E-01
step SUCCESS
step_clamped -1.00000000000000000E+00
qpos 3.74644104014751733E-01
qvel 7.21122489578984949E-01
time 3.25000000000000178E-01
reset_qpos 0.00000000000000000E+00
reset_qvel 0.00000000000000000E+00
forward SUCCESS
forward_clamped -1.00000000000000000E+00
qacc 5.88782473013051710E+00
act_dot 0.00000000000000000E+00
mass 3.40000000000000024E-01
gravity 1.94907207487219103E+00
bias -2.71050543121376109E-20
passive 4.05818737058236956E-02
actuation 0.00000000000000000E+00
length -8.04019734518381241E-02 2.29719924148108941E-02
velocity 0.00000000000000000E+00 0.00000000000000000E+00
force 0.00000000000000000E+00 0.00000000000000000E+00
position 0.00000000000000000E+00 0.00000000000000000E+00 0.00000000000000000E+00
quaternion 1.00000000000000000E+00 0.00000000000000000E+00 0.00000000000000000E+00 0.00000000000000000E+00
position 0.00000000000000000E+00 0.00000000000000000E+00 0.00000000000000000E+00
quaternion 9.98351351845098489E-01 0.00000000000000000E+00 5.73984169560844970E-02 0.00000000000000000E+00
unchanged_qpos 1.14859962074054467E-01
unchanged_qvel -2.02909368529118450E-01
unchanged_time 1.25000000000000000E-01
act 3.23460506353480115E-01
step SUCCESS
step_clamped -1.00000000000000000E+00
qpos 1.14477666961064900E-01
qvel -1.91147556494780158E-01
time 1.27000000000000002E-01
reset_qpos 0.00000000000000000E+00
reset_qvel 0.00000000000000000E+00
forward SUCCESS
forward_clamped -1.00000000000000000E+00
qacc 5.98063275438578223E+00
act_dot 0.00000000000000000E+00
mass 3.39999999999999969E-01
gravity 1.95675248119914391E+00
bias 3.38813178901720136E-21
passive 1.83382262780219518E-02
actuation 0.00000000000000000E+00
length 5.12079489925338568E-02 -1.46308425692953884E-02
velocity 0.00000000000000000E+00 0.00000000000000000E+00
force 0.00000000000000000E+00 0.00000000000000000E+00
position 0.00000000000000000E+00 0.00000000000000000E+00 0.00000000000000000E+00
quaternion 1.00000000000000000E+00 0.00000000000000000E+00 0.00000000000000000E+00 0.00000000000000000E+00
position 0.00000000000000000E+00 0.00000000000000000E+00 0.00000000000000000E+00
quaternion 9.99331132220171892E-01 0.00000000000000000E+00 -3.65689509768804613E-02 0.00000000000000000E+00
unchanged_qpos -7.31542128464769403E-02
unchanged_qvel -9.16911313901097591E-02
unchanged_time 1.25000000000000000E-01
act 6.28850935158375979E-02
step SUCCESS
step_clamped -1.00000000000000000E+00
qpos -7.33137006893218868E-02
qvel -7.97439214224765908E-02
time 1.27000000000000002E-01
reset_qpos 0.00000000000000000E+00
reset_qvel 0.00000000000000000E+00
forward SUCCESS
forward_clamped -1.00000000000000000E+00
qacc 5.54533173288410541E+00
act_dot 0.00000000000000000E+00
mass 3.40000000000000024E-01
gravity 1.96177195064600540E+00
bias 8.47032947254300339E-22
passive -2.15002052881024808E-02
actuation 0.00000000000000000E+00
length 1.06728932635510188E-02 -3.04939807530029165E-03
velocity 0.00000000000000000E+00 0.00000000000000000E+00
force 0.00000000000000000E+00 0.00000000000000000E+00
position 0.00000000000000000E+00 0.00000000000000000E+00 0.00000000000000000E+00
quaternion 1.00000000000000000E+00 0.00000000000000000E+00 0.00000000000000000E+00 0.00000000000000000E+00
position 0.00000000000000000E+00 0.00000000000000000E+00 0.00000000000000000E+00
quaternion 9.99970941301293159E-01 0.00000000000000000E+00 -7.62342134515775222E-03 0.00000000000000000E+00
unchanged_qpos -1.52469903765014569E-02
unchanged_qvel 1.07501026440512404E-01
unchanged_time 1.25000000000000000E-01
act -1.70443471336442554E-01
step SUCCESS
step_clamped -1.00000000000000000E+00
qpos 1.13888366359449877E-01
qvel 1.15199392077156881E+00
time 3.25000000000000178E-01
reset_qpos 0.00000000000000000E+00
reset_qvel 0.00000000000000000E+00
forward SUCCESS
forward_clamped -1.00000000000000000E+00
qacc 5.57758789892113693E+00
act_dot 0.00000000000000000E+00
mass 3.40000000000000024E-01
gravity 1.79824949169597503E+00
bias 1.08420217248550443E-19
passive 5.03753755103571593E-02
actuation 0.00000000000000000E+00
length -2.88020056092693044E-01 8.22914445979123221E-02
velocity 0.00000000000000000E+00 0.00000000000000000E+00
force 0.00000000000000000E+00 0.00000000000000000E+00
position 0.00000000000000000E+00 0.00000000000000000E+00 0.00000000000000000E+00
quaternion 1.00000000000000000E+00 0.00000000000000000E+00 0.00000000000000000E+00 0.00000000000000000E+00
position 0.00000000000000000E+00 0.00000000000000000E+00 0.00000000000000000E+00
quaternion 9.78912403280615240E-01 0.00000000000000000E+00 2.04280460894747135E-01 0.00000000000000000E+00
unchanged_qpos 4.11457222989561555E-01
unchanged_qvel -2.51876877551785783E-01
unchanged_time 1.25000000000000000E-01
act 6.75311373300010453E-01
step SUCCESS
step_clamped -1.00000000000000000E+00
qpos 4.10975753369424324E-01
qvel -2.40734810068629568E-01
time 1.27000000000000002E-01
reset_qpos 0.00000000000000000E+00
reset_qvel 0.00000000000000000E+00
forward SUCCESS
forward_clamped -1.00000000000000000E+00
qacc 5.30843786654399352E+00
act_dot 0.00000000000000000E+00
mass 3.40000000000000024E-01
gravity 1.88122239644574285E+00
bias 0.00000000000000000E+00
passive 6.27922652418597734E-03
actuation 0.00000000000000000E+00
length 2.01562819575116153E-01 -5.75893770214617670E-02
velocity 0.00000000000000000E+00 0.00000000000000000E+00
force 0.00000000000000000E+00 0.00000000000000000E+00
position 0.00000000000000000E+00 0.00000000000000000E+00 0.00000000000000000E+00
quaternion 1.00000000000000000E+00 0.00000000000000000E+00 0.00000000000000000E+00 0.00000000000000000E+00
position 0.00000000000000000E+00 0.00000000000000000E+00 0.00000000000000000E+00
quaternion 9.89653714245397165E-01 0.00000000000000000E+00 -1.43476569098546003E-01 0.00000000000000000E+00
unchanged_qpos -2.87946885107308814E-01
unchanged_qvel -3.13961326209298841E-02
unchanged_time 1.25000000000000000E-01
act 1.22217388201545374E-02
step SUCCESS
step_clamped -1.00000000000000000E+00
qpos -2.87988468572613843E-01
qvel -2.07917326525106257E-02
time 1.27000000000000002E-01
reset_qpos 0.00000000000000000E+00
reset_qvel 0.00000000000000000E+00
forward SUCCESS
forward_clamped -1.00000000000000000E+00
qacc 5.73748885161733746E+00
act_dot 0.00000000000000000E+00
mass 3.40000000000000024E-01
gravity 1.87220565731374200E+00
bias -4.33680868994201774E-19
passive 9.47929841429726860E-02
actuation 0.00000000000000000E+00
length 2.12597646953327279E-01 -6.07421848438078060E-02
velocity 0.00000000000000000E+00 0.00000000000000000E+00
force 0.00000000000000000E+00 0.00000000000000000E+00
position 0.00000000000000000E+00 0.00000000000000000E+00 0.00000000000000000E+00
quaternion 1.00000000000000000E+00 0.00000000000000000E+00 0.00000000000000000E+00 0.00000000000000000E+00
position 0.00000000000000000E+00 0.00000000000000000E+00 0.00000000000000000E+00
quaternion 9.88492099262414547E-01 0.00000000000000000E+00 -1.51272501452790392E-01 0.00000000000000000E+00
unchanged_qpos -3.03710924219039002E-01
unchanged_qvel -4.73964920714863402E-01
unchanged_time 1.25000000000000000E-01
act 5.39144038837866324E-01
step SUCCESS
step_clamped -1.00000000000000000E+00
qpos -2.87535196632321299E-01
qvel 6.04727609906237640E-01
time 3.25000000000000178E-01
reset_qpos 0.00000000000000000E+00
reset_qvel 0.00000000000000000E+00
forward SUCCESS
forward_clamped -1.00000000000000000E+00
qacc 5.81246473261845420E+00
act_dot 0.00000000000000000E+00
mass 3.40000000000000024E-01
gravity 1.91673918019199951E+00
bias -1.08420217248550443E-19
passive 5.40035813613155349E-02
actuation 0.00000000000000000E+00
length 1.50647934859954841E-01 -4.30422671028442491E-02
velocity 0.00000000000000000E+00 0.00000000000000000E+00
force 0.00000000000000000E+00 0.00000000000000000E+00
position 0.00000000000000000E+00 0.00000000000000000E+00 0.00000000000000000E+00
quaternion 1.00000000000000000E+00 0.00000000000000000E+00 0.00000000000000000E+00 0.00000000000000000E+00
position 0.00000000000000000E+00 0.00000000000000000E+00 0.00000000000000000E+00
quaternion 9.94216094343058132E-01 0.00000000000000000E+00 -1.07398127307861441E-01 0.00000000000000000E+00
unchanged_qpos -2.15211335514221225E-01
unchanged_qvel -2.70017906806577668E-01
unchanged_time 1.25000000000000000E-01
act -6.83383844709714028E-01
step SUCCESS
step_clamped -1.00000000000000000E+00
qpos -2.15728148789537194E-01
qvel -2.58406637657986160E-01
time 1.27000000000000002E-01
reset_qpos 0.00000000000000000E+00
reset_qvel 0.00000000000000000E+00
forward SUCCESS
forward_clamped -1.00000000000000000E+00
qacc 5.67182059022167984E+00
act_dot 0.00000000000000000E+00
mass 3.40000000000000024E-01
gravity 1.95163063709826390E+00
bias 1.08420217248550443E-19
passive -9.54702230403976365E-02
actuation 0.00000000000000000E+00
length 7.19997573829058435E-02 -2.05713592522588154E-02
velocity 0.00000000000000000E+00 0.00000000000000000E+00
force 0.00000000000000000E+00 0.00000000000000000E+00
position 0.00000000000000000E+00 0.00000000000000000E+00 0.00000000000000000E+00
quaternion 1.00000000000000000E+00 0.00000000000000000E+00 0.00000000000000000E+00 0.00000000000000000E+00
position 0.00000000000000000E+00 0.00000000000000000E+00 0.00000000000000000E+00
quaternion 9.98677851381783666E-01 0.00000000000000000E+00 -5.14057308037138491E-02 0.00000000000000000E+00
unchanged_qpos -1.02856796261294070E-01
unchanged_qvel 4.77351115201988141E-01
unchanged_time 1.25000000000000000E-01
act -2.26952179629100359E-01
step SUCCESS
step_clamped -1.00000000000000000E+00
qpos -1.01879433408085446E-01
qvel 4.88681426604311131E-01
time 1.27000000000000002E-01
lifecycle PASS
