create SUCCESS
reset_qpos 0.00000000000000000E+00
reset_qvel 0.00000000000000000E+00
forward SUCCESS
forward_clamped -1.00000000000000000E+00
qacc 4.05541272130808927E+00
act_dot -5.00000000000000000E-01
mass 3.40000000000000024E-01
gravity 1.80522026946255898E+00
bias 2.71050543121376109E-20
passive 1.98630816113599673E-02
actuation -3.51215465414603800E-01
length 2.81736937495905893E-01 -8.04962678559731359E-02
velocity 6.95207856397598856E-02 -1.98630816113599673E-02
force 9.56960883575509347E-01 1.59328576544126355E+00
position 0.00000000000000000E+00 0.00000000000000000E+00 0.00000000000000000E+00
quaternion 1.00000000000000000E+00 0.00000000000000000E+00 0.00000000000000000E+00 0.00000000000000000E+00
position 0.00000000000000000E+00 0.00000000000000000E+00 0.00000000000000000E+00
quaternion 9.79819340608262257E-01 0.00000000000000000E+00 -1.99885116429388249E-01 0.00000000000000000E+00
unchanged_qpos -4.02481339279865624E-01
unchanged_qvel -9.93154080567998365E-02
unchanged_time 1.25000000000000000E-01
act 4.61991836442489978E-01
step SUCCESS
step_clamped -1.00000000000000000E+00
qpos -3.42582099878752322E-01
qvel 6.82719100483091146E-01
time 3.25000000000000178E-01
reset_qpos 0.00000000000000000E+00
reset_qvel 0.00000000000000000E+00
forward SUCCESS
forward_clamped -1.00000000000000000E+00
qacc 2.84010291397665338E+00
act_dot 8.00000000000000044E-01
mass 3.40000000000000024E-01
gravity 1.90235883144149076E+00
bias 0.00000000000000000E+00
passive 1.25845817528417621E-02
actuation -1.03327085227289150E+00
length -1.73038577822350381E-01 4.94395936635286803E-02
velocity 4.40460361349461621E-02 -1.25845817528417621E-02
force 1.16845543712450683E+00 -1.07676023142868349E+00
position 0.00000000000000000E+00 0.00000000000000000E+00 0.00000000000000000E+00
quaternion 1.00000000000000000E+00 0.00000000000000000E+00 0.00000000000000000E+00 0.00000000000000000E+00
position 0.00000000000000000E+00 0.00000000000000000E+00 0.00000000000000000E+00
quaternion 9.92371364683506618E-01 0.00000000000000000E+00 1.23284526832020111E-01 0.00000000000000000E+00
unchanged_qpos 2.47197968317643402E-01
unchanged_qvel -6.29229087642088070E-02
unchanged_time 1.25000000000000000E-01
act 6.04748865296935945E-01
step SUCCESS
step_clamped -1.00000000000000000E+00
qpos 2.47083469562285996E-01
qvel -5.72493776787090305E-02
time 1.27000000000000002E-01
reset_qpos 0.00000000000000000E+00
reset_qvel 0.00000000000000000E+00
forward SUCCESS
forward_clamped -1.00000000000000000E+00
qacc 3.46270121956039301E+00
act_dot -5.00000000000000000E-01
mass 3.40000000000000024E-01
gravity 1.90570296978656639E+00
bias 5.42101086242752217E-20
passive -3.25298165346470866E-02
actuation -7.57001851435704642E-01
length -1.68093238714332793E-01 4.80266396326665124E-02
velocity -1.13854357871264786E-01 3.25298165346470866E-02
force 1.19999999999999996E+00 4.14990742821476299E-01
position 0.00000000000000000E+00 0.00000000000000000E+00 0.00000000000000000E+00
quaternion 1.00000000000000000E+00 0.00000000000000000E+00 0.00000000000000000E+00 0.00000000000000000E+00
position 0.00000000000000000E+00 0.00000000000000000E+00 0.00000000000000000E+00
quaternion 9.92800660929031964E-01 0.00000000000000000E+00 1.19778327166800674E-01 0.00000000000000000E+00
unchanged_qpos 2.40133198163332562E-01
unchanged_qvel 1.62649082673235412E-01
unchanged_time 1.25000000000000000E-01
act 6.37341747508931911E-01
step SUCCESS
step_clamped -1.00000000000000000E+00
qpos 2.40472330857640859E-01
qvel 1.69566347154143371E-01
time 1.27000000000000002E-01
reset_qpos 0.00000000000000000E+00
reset_qvel 0.00000000000000000E+00
forward SUCCESS
forward_clamped -1.00000000000000000E+00
qacc 5.84278411878692605E+00
act_dot 8.00000000000000044E-01
mass 3.40000000000000024E-01
gravity 1.83433914751901916E+00
bias 0.00000000000000000E+00
passive 5.71701364089336264E-02
actuation 7.78750522889307129E-02
length -2.53907689761688260E-01 7.25450542176252350E-02
velocity 2.00095477431267682E-01 -5.71701364089336264E-02
force -4.18332581202934928E-01 -1.07478877276561846E+00
position 0.00000000000000000E+00 0.00000000000000000E+00 0.00000000000000000E+00
quaternion 1.00000000000000000E+00 0.00000000000000000E+00 0.00000000000000000E+00 0.00000000000000000E+00
position 0.00000000000000000E+00 0.00000000000000000E+00 0.00000000000000000E+00
quaternion 9.83598827415074206E-01 0.00000000000000000E+00 1.80370027187699289E-01 0.00000000000000000E+00
unchanged_qpos 3.62725271088126133E-01
unchanged_qvel -2.85850682044668125E-01
unchanged_time 1.25000000000000000E-01
act -1.66168113320699695E-01
step SUCCESS
step_clamped -1.00000000000000000E+00
qpos 4.13335917549378540E-01
qvel 7.29161337845308233E-01
time 3.25000000000000178E-01
reset_qpos 0.00000000000000000E+00
reset_qvel 0.00000000000000000E+00
forward SUCCESS
forward_clamped -1.00000000000000000E+00
qacc 4.57234102659625474E+00
act_dot -5.00000000000000000E-01
mass 3.39999999999999969E-01
gravity 1.82185507607016395E+00
bias 0.00000000000000000E+00
passive 2.77198326703090858E-02
actuation -2.75519278996733563E-01
length -2.66177831417412580E-01 7.60508089764035944E-02
velocity 9.70194143460818004E-02 -2.77198326703090858E-02
force -1.67996809897525745E-01 -1.96558522962500781E+00
position 0.00000000000000000E+00 0.00000000000000000E+00 0.00000000000000000E+00
quaternion 1.00000000000000000E+00 0.00000000000000000E+00 0.00000000000000000E+00 0.00000000000000000E+00
position 0.00000000000000000E+00 0.00000000000000000E+00 0.00000000000000000E+00
quaternion 9.81980237877316475E-01 0.00000000000000000E+00 1.88983630027600019E-01 0.00000000000000000E+00
unchanged_qpos 3.80254044882017972E-01
unchanged_qvel -1.38599163351545429E-01
unchanged_time 1.25000000000000000E-01
act -1.94203692031490127E-01
step SUCCESS
step_clamped -1.00000000000000000E+00
qpos 3.79995114427806591E-01
qvel -1.29465227105700964E-01
time 1.27000000000000002E-01
reset_qpos 0.00000000000000000E+00
reset_qvel 0.00000000000000000E+00
forward SUCCESS
forward_clamped -1.00000000000000000E+00
qacc 6.02444800402484226E+00
act_dot -2.21091301632314607E-01
mass 3.40000000000000024E-01
gravity 1.91235540268242898E+00
bias -1.35525271560688054E-20
passive -2.06102542212389453E-02
actuation 1.65383698076101371E-01
length 1.57804563613215071E-01 -4.50870181752043089E-02
velocity -7.21358897743362981E-02 2.06102542212389453E-02
force -4.79118834052372822E-01 -8.49997428802797828E-01
position 0.00000000000000000E+00 0.00000000000000000E+00 0.00000000000000000E+00
quaternion 1.00000000000000000E+00 0.00000000000000000E+00 0.00000000000000000E+00 0.00000000000000000E+00
position 0.00000000000000000E+00 0.00000000000000000E+00 0.00000000000000000E+00
quaternion 9.93654100596182310E-01 0.00000000000000000E+00 -1.12479013013060819E-01 0.00000000000000000E+00
unchanged_qpos -2.25435090876021538E-01
unchanged_qvel 1.03051271106194720E-01
unchanged_time 1.25000000000000000E-01
act -3.21739031381661988E-01
step SUCCESS
step_clamped -1.00000000000000000E+00
qpos -2.25204918858822434E-01
qvel 1.15086008599546347E-01
time 1.27000000000000002E-01
reset_qpos 0.00000000000000000E+00
reset_qvel 0.00000000000000000E+00
forward SUCCESS
forward_clamped -1.00000000000000000E+00
qacc 6.43452825648722193E+00
act_dot 1.56681567100820374E-01
mass 3.40000000000000024E-01
gravity 1.93116954672896490E+00
bias 2.16840434497100887E-19
passive -9.79011619118210635E-02
actuation 3.59046760530093156E-01
length -1.24257850805267064E-01 3.55022430872191652E-02
velocity -3.42654066691373660E-01 9.79011619118210635E-02
force -1.16755752650135131E-01 1.38658866837499284E+00
position 0.00000000000000000E+00 0.00000000000000000E+00 0.00000000000000000E+00
quaternion 1.00000000000000000E+00 0.00000000000000000E+00 0.00000000000000000E+00 0.00000000000000000E+00
position 0.00000000000000000E+00 0.00000000000000000E+00 0.00000000000000000E+00
quaternion 9.96063806033708810E-01 0.00000000000000000E+00 8.86391240347176174E-02 0.00000000000000000E+00
unchanged_qpos 1.77511215436095826E-01
unchanged_qvel 4.89505809559105276E-01
unchanged_time 1.25000000000000000E-01
act -1.58407169656301416E-01
step SUCCESS
step_clamped -1.00000000000000000E+00
qpos 3.95578805327651328E-01
qvel 1.62835738435752209E+00
time 3.25000000000000178E-01
reset_qpos 0.00000000000000000E+00
reset_qvel 0.00000000000000000E+00
forward SUCCESS
forward_clamped -1.00000000000000000E+00
qacc 7.57951395530667327E+00
act_dot 4.39289866449045441E-01
mass 3.40000000000000024E-01
gravity 1.82158869494060460E+00
bias 0.00000000000000000E+00
passive 4.72717136399481777E-02
actuation 7.80108126177838201E-01
length 2.66433776612326867E-01 -7.61239361749505572E-02
velocity 1.65450997739818612E-01 -4.72717136399481777E-02
force -1.00000000000000000E+00 4.00540630889191007E-01
position 0.00000000000000000E+00 0.00000000000000000E+00 0.00000000000000000E+00
quaternion 1.00000000000000000E+00 0.00000000000000000E+00 0.00000000000000000E+00 0.00000000000000000E+00
position 0.00000000000000000E+00 0.00000000000000000E+00 0.00000000000000000E+00
quaternion 9.81945671858843294E-01 0.00000000000000000E+00 -1.89163150528016022E-01 0.00000000000000000E+00
unchanged_qpos -3.80619680874752730E-01
unchanged_qvel -2.36358568199740882E-01
unchanged_time 1.25000000000000000E-01
act -6.78677689225679948E-01
step SUCCESS
step_clamped -1.00000000000000000E+00
qpos -3.81062115581718541E-01
qvel -2.21217353482912049E-01
time 1.27000000000000002E-01
reset_qpos 0.00000000000000000E+00
reset_qvel 0.00000000000000000E+00
forward SUCCESS
forward_clamped -1.00000000000000000E+00
qacc 6.57554089156899746E+00
act_dot -1.75790381728759382E-01
mass 3.40000000000000024E-01
gravity 1.94974897109202794E+00
bias -2.71050543121376109E-20
passive 4.07281286324877381E-02
actuation 1.53938313166512186E-01
length 7.82665267075093180E-02 -2.23618647735740923E-02
velocity 1.42548450213707073E-01 -4.07281286324877381E-02
force -5.11900553061313102E-01 -1.02196036988203476E+00
position 0.00000000000000000E+00 0.00000000000000000E+00 0.00000000000000000E+00
quaternion 1.00000000000000000E+00 0.00000000000000000E+00 0.00000000000000000E+00 0.00000000000000000E+00
position 0.00000000000000000E+00 0.00000000000000000E+00 0.00000000000000000E+00
quaternion 9.98437741331932527E-01 0.00000000000000000E+00 -5.58755463864911150E-02 0.00000000000000000E+00
unchanged_qpos -1.11809323867870458E-01
unchanged_qvel -2.03640643162438684E-01
unchanged_time 1.25000000000000000E-01
act -3.29710936649527497E-01
step SUCCESS
step_clamped -1.00000000000000000E+00
qpos -1.12190333897989297E-01
qvel -1.90505015059421884E-01
time 1.27000000000000002E-01
reset_qpos 0.00000000000000000E+00
reset_qvel 0.00000000000000000E+00
forward SUCCESS
forward_clamped -1.00000000000000000E+00
qacc 6.64847005438208072E+00
act_dot 8.00000000000000044E-01
mass 3.40000000000000024E-01
gravity 1.95667155540348414E+00
bias 0.00000000000000000E+00
passive -7.34938991764382127E-02
actuation 3.49828735797398593E-01
length 5.16014732858658121E-02 -1.47432780816759493E-02
velocity -2.57228647117533682E-01 7.34938991764382127E-02
force -1.93847196788651810E-01 1.07067849022671169E+00
position 0.00000000000000000E+00 0.00000000000000000E+00 0.00000000000000000E+00
quaternion 1.00000000000000000E+00 0.00000000000000000E+00 0.00000000000000000E+00 0.00000000000000000E+00
position 0.00000000000000000E+00 0.00000000000000000E+00 0.00000000000000000E+00
quaternion 9.99320813619429149E-01 0.00000000000000000E+00 -3.68498502982310683E-02 0.00000000000000000E+00
unchanged_qpos -7.37163904083797394E-02
unchanged_qvel 3.67469495882191022E-01
unchanged_time 1.25000000000000000E-01
act -3.40073436625878411E-02
step SUCCESS
step_clamped -1.00000000000000000E+00
qpos 1.22694147309885371E-01
qvel 1.52915328736196487E+00
time 3.25000000000000178E-01
reset_qpos 0.00000000000000000E+00
reset_qvel 0.00000000000000000E+00
forward SUCCESS
forward_clamped -1.00000000000000000E+00
qacc 6.27993508677420120E+00
act_dot -4.69330637061593947E-01
mass 3.40000000000000024E-01
gravity 1.85635060996821766E+00
bias -2.71050543121376109E-20
passive -2.32219718161428071E-02
actuation 2.10523611589891635E-01
length 2.30762576813255904E-01 -6.59321648037874131E-02
velocity -8.12769013564998144E-02 2.32219718161428071E-02
force -8.15625187743679536E-01 -1.80207009915341976E+00
position 0.00000000000000000E+00 0.00000000000000000E+00 0.00000000000000000E+00
quaternion 1.00000000000000000E+00 0.00000000000000000E+00 0.00000000000000000E+00 0.00000000000000000E+00
position 0.00000000000000000E+00 0.00000000000000000E+00 0.00000000000000000E+00
quaternion 9.86446196384228258E-01 0.00000000000000000E+00 -1.64085043922620605E-01 0.00000000000000000E+00
unchanged_qpos -3.29660824018937038E-01
unchanged_qvel 1.16109859080714029E-01
unchanged_time 1.25000000000000000E-01
act -5.08380893610007156E-01
step SUCCESS
step_clamped -1.00000000000000000E+00
qpos -3.29403514078337289E-01
qvel 1.28654970299886928E-01
time 1.27000000000000002E-01
reset_qpos 0.00000000000000000E+00
reset_qvel 0.00000000000000000E+00
forward SUCCESS
forward_clamped -1.00000000000000000E+00
qacc 3.92246192701454577E+00
act_dot -5.00000000000000000E-01
mass 3.40000000000000024E-01
gravity 1.96098086276445827E+00
bias -5.42101086242752217E-20
passive 9.38572328586696758E-02
actuation -8.03171499845010239E-01
length -2.25630949970809340E-02 6.44659857059455294E-03
velocity 3.28500315005343824E-01 -9.38572328586696758E-02
force 1.03822178950321597E+00 -3.82081235963795507E-01
position 0.00000000000000000E+00 0.00000000000000000E+00 0.00000000000000000E+00
quaternion 1.00000000000000000E+00 0.00000000000000000E+00 0.00000000000000000E+00 0.00000000000000000E+00
position 0.00000000000000000E+00 0.00000000000000000E+00 0.00000000000000000E+00
quaternion 9.99870132082510854E-01 0.00000000000000000E+00 1.61157987485031386E-02 0.00000000000000000E+00
unchanged_qpos 3.22329928529727638E-02
unchanged_qvel -4.69286164293348351E-01
unchanged_time 1.25000000000000000E-01
act 5.85560543532447242E-01
step SUCCESS
step_clamped -1.00000000000000000E+00
qpos 3.13100919351402968E-02
qvel -4.61450458916233486E-01
time 1.27000000000000002E-01
lifecycle PASS
