Phase 1 of 3: generation of data representation information ...
Phase 2 of 3: generation of Global contracts ...
Phase 3 of 3: flow analysis and proof ...
Summary logged in /var/tmp/sparkling-actuators-csr-20260930/verification-final/fresh-whole-mj-actuator_geometry/build/validation/obj/gnatprove/gnatprove.out
guarded: elapsed 224.9 s, peak group RSS 227 MB
 info: implicit aspect Always_Terminates on "Product" has been proved, subprogram will terminate
--> mj-actuator_geometry.adb:8:13

 info: float overflow check proved
--> mj-actuator_geometry.adb:8:64

 info: range check proved
--> mj-actuator_geometry.adb:8:64

 info: postcondition proved
--> mj-actuator_geometry.adb:9:19

 info: float overflow check proved
--> mj-actuator_geometry.adb:9:35

 info: range check proved
--> mj-actuator_geometry.adb:11:32

 info: precondition proved
--> mj-actuator_geometry.adb:11:32

 info: float overflow check proved
--> mj-actuator_geometry.adb:11:46

 info: float overflow check proved
--> mj-actuator_geometry.adb:11:52

 info: float overflow check proved
--> mj-actuator_geometry.adb:11:58

 info: float overflow check proved
--> mj-actuator_geometry.adb:11:65

 info: float overflow check proved
--> mj-actuator_geometry.adb:11:71

 info: float overflow check proved
--> mj-actuator_geometry.adb:11:78

 info: float overflow check proved
--> mj-actuator_geometry.adb:11:84

 info: initialization of "Inv" proved
--> mj-actuator_geometry.adb:13:07

 info: float overflow check proved
--> mj-actuator_geometry.adb:16:19

 info: division check proved
--> mj-actuator_geometry.adb:17:20

 info: float overflow check proved
--> mj-actuator_geometry.adb:17:20

 info: unrolling loop [info-unrolling-inlining]
--> mj-actuator_geometry.adb:18:26

 medium: float overflow check might fail
--> mj-actuator_geometry.adb:18:45
   18 |             for K in 0 .. 3 loop R (K) := Q (K)*Inv; end loop;
      |                                           ~~~~~^~~~
      + reason for check: result of floating-point multiplication must be bounded
      + provers gave up before completing the proof

 info: range check proved
--> mj-actuator_geometry.adb:23:45

 info: range check proved
--> mj-actuator_geometry.adb:23:51

 info: float overflow check proved
--> mj-actuator_geometry.adb:23:57

 info: range check proved
--> mj-actuator_geometry.adb:23:57

 info: range check proved
--> mj-actuator_geometry.adb:23:67

 info: range check proved
--> mj-actuator_geometry.adb:23:73

 info: range check proved
--> mj-actuator_geometry.adb:24:45

 info: range check proved
--> mj-actuator_geometry.adb:24:51

 info: float overflow check proved
--> mj-actuator_geometry.adb:24:57

 info: range check proved
--> mj-actuator_geometry.adb:24:57

 info: range check proved
--> mj-actuator_geometry.adb:24:67

 info: range check proved
--> mj-actuator_geometry.adb:24:73

 info: range check proved
--> mj-actuator_geometry.adb:25:45

 info: range check proved
--> mj-actuator_geometry.adb:25:51

 info: float overflow check proved
--> mj-actuator_geometry.adb:25:57

 info: range check proved
--> mj-actuator_geometry.adb:25:57

 info: range check proved
--> mj-actuator_geometry.adb:25:67

 info: range check proved
--> mj-actuator_geometry.adb:25:73

 info: range check proved
--> mj-actuator_geometry.adb:26:45

 info: range check proved
--> mj-actuator_geometry.adb:26:51

 info: float overflow check proved
--> mj-actuator_geometry.adb:26:57

 info: range check proved
--> mj-actuator_geometry.adb:26:57

 info: range check proved
--> mj-actuator_geometry.adb:26:67

 info: range check proved
--> mj-actuator_geometry.adb:26:73

 info: float overflow check proved
--> mj-actuator_geometry.adb:27:40

 info: range check proved
--> mj-actuator_geometry.adb:27:40

 info: range check proved
--> mj-actuator_geometry.adb:27:50

 info: range check proved
--> mj-actuator_geometry.adb:27:56

 info: float overflow check proved
--> mj-actuator_geometry.adb:28:40

 info: range check proved
--> mj-actuator_geometry.adb:28:40

 info: range check proved
--> mj-actuator_geometry.adb:28:50

 info: range check proved
--> mj-actuator_geometry.adb:28:56

 info: float overflow check proved
--> mj-actuator_geometry.adb:29:40

 info: range check proved
--> mj-actuator_geometry.adb:29:40

 info: range check proved
--> mj-actuator_geometry.adb:29:50

 info: range check proved
--> mj-actuator_geometry.adb:29:56

 info: float overflow check proved
--> mj-actuator_geometry.adb:30:40

 info: range check proved
--> mj-actuator_geometry.adb:30:40

 info: range check proved
--> mj-actuator_geometry.adb:30:50

 info: range check proved
--> mj-actuator_geometry.adb:30:56

 info: float overflow check proved
--> mj-actuator_geometry.adb:31:39

 info: range check proved
--> mj-actuator_geometry.adb:31:39

 info: range check proved
--> mj-actuator_geometry.adb:31:49

 info: range check proved
--> mj-actuator_geometry.adb:31:55

 info: float overflow check proved
--> mj-actuator_geometry.adb:32:39

 info: range check proved
--> mj-actuator_geometry.adb:32:39

 info: range check proved
--> mj-actuator_geometry.adb:32:49

 info: range check proved
--> mj-actuator_geometry.adb:32:55

 info: float overflow check proved
--> mj-actuator_geometry.adb:33:39

 info: range check proved
--> mj-actuator_geometry.adb:33:39

 info: range check proved
--> mj-actuator_geometry.adb:33:49

 info: range check proved
--> mj-actuator_geometry.adb:33:55

 info: float overflow check proved
--> mj-actuator_geometry.adb:34:39

 info: range check proved
--> mj-actuator_geometry.adb:34:39

 info: range check proved
--> mj-actuator_geometry.adb:34:49

 info: range check proved
--> mj-actuator_geometry.adb:34:55

 info: initialization of "T" proved
--> mj-actuator_geometry.adb:37:07

 info: float overflow check proved
--> mj-actuator_geometry.adb:40:19

 info: float overflow check proved
--> mj-actuator_geometry.adb:40:25

 info: float overflow check proved
--> mj-actuator_geometry.adb:40:31

 medium: float overflow check might fail
--> mj-actuator_geometry.adb:40:38
   40 |          T := ((Q (0)*V (0)+Q (2)*V (2))-Q (3)*V (1),
      |                ~~~~~~~~~~~~~~~~~~~~~~~~~^~~~~~~~~~~
      + reason for check: result of floating-point subtraction must be bounded
      + provers reached time limit before completing the proof

 info: float overflow check proved
--> mj-actuator_geometry.adb:40:44

 info: float overflow check proved
--> mj-actuator_geometry.adb:41:19

 info: float overflow check proved
--> mj-actuator_geometry.adb:41:25

 info: float overflow check proved
--> mj-actuator_geometry.adb:41:31

 medium: float overflow check might fail
--> mj-actuator_geometry.adb:41:38
   41 |                (Q (0)*V (1)+Q (3)*V (0))-Q (1)*V (2),
      |                ~~~~~~~~~~~~~~~~~~~~~~~~~^~~~~~~~~~~
      + reason for check: result of floating-point subtraction must be bounded
      + provers reached time limit before completing the proof

 info: float overflow check proved
--> mj-actuator_geometry.adb:41:44

 info: float overflow check proved
--> mj-actuator_geometry.adb:42:19

 info: float overflow check proved
--> mj-actuator_geometry.adb:42:25

 info: float overflow check proved
--> mj-actuator_geometry.adb:42:31

 info: float overflow check proved
--> mj-actuator_geometry.adb:42:38

 info: float overflow check proved
--> mj-actuator_geometry.adb:42:44

 medium: float overflow check might fail
--> mj-actuator_geometry.adb:43:20
   43 |          return (V (0)+2.0*(Q (2)*T (2)-Q (3)*T (1)),
      |                  ~~~~~^~~~~~~~~~~~~~~~~~~~~~~~~~~~~
      + reason for check: result of floating-point addition must be bounded
      + provers reached time limit before completing the proof

 medium: float overflow check might fail
--> mj-actuator_geometry.adb:43:24
   43 |          return (V (0)+2.0*(Q (2)*T (2)-Q (3)*T (1)),
      |                        ~~~^~~~~~~~~~~~~~~~~~~~~~~~~
      + reason for check: result of floating-point multiplication must be bounded
      + provers gave up before completing the proof

 medium: float overflow check might fail
--> mj-actuator_geometry.adb:43:31
   43 |          return (V (0)+2.0*(Q (2)*T (2)-Q (3)*T (1)),
      |                             ~~~~~^~~~~
      + reason for check: result of floating-point multiplication must be bounded
      + provers reached time limit before completing the proof

 medium: float overflow check might fail
--> mj-actuator_geometry.adb:43:37
   43 |          return (V (0)+2.0*(Q (2)*T (2)-Q (3)*T (1)),
      |                            ~~~~~~~~~~~~^~~~~~~~~~~~
      + reason for check: result of floating-point subtraction must be bounded
      + provers reached time limit before completing the proof

 medium: float overflow check might fail
--> mj-actuator_geometry.adb:43:43
   43 |          return (V (0)+2.0*(Q (2)*T (2)-Q (3)*T (1)),
      |                                         ~~~~~^~~~~
      + reason for check: result of floating-point multiplication must be bounded
      + provers reached time limit before completing the proof

 info: float overflow check proved
--> mj-actuator_geometry.adb:44:20

 medium: float overflow check might fail
--> mj-actuator_geometry.adb:44:24
   44 |                  V (1)+2.0*(Q (3)*T (0)-Q (1)*T (2)),
      |                        ~~~^~~~~~~~~~~~~~~~~~~~~~~~~
      + reason for check: result of floating-point multiplication must be bounded
      + provers reached time limit before completing the proof

 medium: float overflow check might fail
--> mj-actuator_geometry.adb:44:31
   44 |                  V (1)+2.0*(Q (3)*T (0)-Q (1)*T (2)),
      |                             ~~~~~^~~~~
      + reason for check: result of floating-point multiplication must be bounded
      + provers reached time limit before completing the proof

 medium: float overflow check might fail
--> mj-actuator_geometry.adb:44:37
   44 |                  V (1)+2.0*(Q (3)*T (0)-Q (1)*T (2)),
      |                            ~~~~~~~~~~~~^~~~~~~~~~~~
      + reason for check: result of floating-point subtraction must be bounded
      + provers reached time limit before completing the proof

 medium: float overflow check might fail
--> mj-actuator_geometry.adb:44:43
   44 |                  V (1)+2.0*(Q (3)*T (0)-Q (1)*T (2)),
      |                                         ~~~~~^~~~~
      + reason for check: result of floating-point multiplication must be bounded
      + provers reached time limit before completing the proof

 info: float overflow check proved
--> mj-actuator_geometry.adb:45:20

 medium: float overflow check might fail
--> mj-actuator_geometry.adb:45:24
   45 |                  V (2)+2.0*(Q (1)*T (1)-Q (2)*T (0)));
      |                        ~~~^~~~~~~~~~~~~~~~~~~~~~~~~
      + reason for check: result of floating-point multiplication must be bounded
      + provers reached time limit before completing the proof

 medium: float overflow check might fail
--> mj-actuator_geometry.adb:45:31
   45 |                  V (2)+2.0*(Q (1)*T (1)-Q (2)*T (0)));
      |                             ~~~~~^~~~~
      + reason for check: result of floating-point multiplication must be bounded
      + provers reached time limit before completing the proof

 medium: float overflow check might fail
--> mj-actuator_geometry.adb:45:37
   45 |                  V (2)+2.0*(Q (1)*T (1)-Q (2)*T (0)));
      |                            ~~~~~~~~~~~~^~~~~~~~~~~~
      + reason for check: result of floating-point subtraction must be bounded
      + provers reached time limit before completing the proof

 medium: float overflow check might fail
--> mj-actuator_geometry.adb:45:43
   45 |                  V (2)+2.0*(Q (1)*T (1)-Q (2)*T (0)));
      |                                         ~~~~~^~~~~
      + reason for check: result of floating-point multiplication must be bounded
      + provers reached time limit before completing the proof

 info: range check proved
--> mj-actuator_geometry.adb:49:32

 info: precondition proved
--> mj-actuator_geometry.adb:49:32

 info: float overflow check proved
--> mj-actuator_geometry.adb:49:45

 info: float overflow check proved
--> mj-actuator_geometry.adb:49:51

 info: float overflow check proved
--> mj-actuator_geometry.adb:49:57

 info: float overflow check proved
--> mj-actuator_geometry.adb:49:64

 info: float overflow check proved
--> mj-actuator_geometry.adb:49:70

 info: initialization of "S" proved
--> mj-actuator_geometry.adb:50:07

 info: division check proved
--> mj-actuator_geometry.adb:55:21

 medium: float overflow check might fail
--> mj-actuator_geometry.adb:55:21
   55 |             A := (A (0)/N,A (1)/N,A (2)/N);
      |                   ~~~~~^~
      + reason for check: result of floating-point division must be bounded
      + provers reached time limit before completing the proof

 info: division check proved
--> mj-actuator_geometry.adb:55:29

 medium: float overflow check might fail
--> mj-actuator_geometry.adb:55:29
   55 |             A := (A (0)/N,A (1)/N,A (2)/N);
      |                           ~~~~~^~
      + reason for check: result of floating-point division must be bounded
      + provers reached time limit before completing the proof

 info: division check proved
--> mj-actuator_geometry.adb:55:37

 info: float overflow check proved
--> mj-actuator_geometry.adb:55:37

 medium: float overflow check might fail
--> mj-actuator_geometry.adb:60:20
   60 |          else S := 2.0*Math.Arctan (S,Q (0)); end if;
      |                    ~~~^~~~~~~~~~~~~~~~~~~~
      + reason for check: result of floating-point multiplication must be bounded
      + provers reached time limit before completing the proof

 info: precondition proved
--> mj-actuator_geometry.adb:60:25

 medium: float overflow check might fail
--> mj-actuator_geometry.adb:61:39
   61 |          if S>Ada.Numerics.Pi then S := S-2.0*Ada.Numerics.Pi; end if;
      |                                         ~^~~~~~~~~~~~~~~~~~~~
      + reason for check: result of floating-point subtraction must be bounded
      + provers reached time limit before completing the proof

 medium: float overflow check might fail
--> mj-actuator_geometry.adb:62:20
   62 |          return (A (0)*S,A (1)*S,A (2)*S);
      |                  ~~~~~^~
      + reason for check: result of floating-point multiplication must be bounded
      + provers reached time limit before completing the proof

 medium: float overflow check might fail
--> mj-actuator_geometry.adb:62:28
   62 |          return (A (0)*S,A (1)*S,A (2)*S);
      |                          ~~~~~^~
      + reason for check: result of floating-point multiplication must be bounded
      + provers reached time limit before completing the proof

 medium: float overflow check might fail
--> mj-actuator_geometry.adb:62:36
   62 |          return (A (0)*S,A (1)*S,A (2)*S);
      |                                  ~~~~~^~
      + reason for check: result of floating-point multiplication must be bounded
      + provers reached time limit before completing the proof

 info: precondition proved
--> mj-actuator_geometry.adb:65:17

 info: precondition proved
--> mj-actuator_geometry.adb:65:22

 info: range check proved
--> mj-actuator_geometry.adb:67:32

 info: precondition proved
--> mj-actuator_geometry.adb:67:32

 info: float overflow check proved
--> mj-actuator_geometry.adb:67:45

 info: float overflow check proved
--> mj-actuator_geometry.adb:67:51

 info: float overflow check proved
--> mj-actuator_geometry.adb:67:57

 info: float overflow check proved
--> mj-actuator_geometry.adb:67:64

 info: float overflow check proved
--> mj-actuator_geometry.adb:67:70

 info: initialization of "S" proved
--> mj-actuator_geometry.adb:68:07

 info: float overflow check proved
--> mj-actuator_geometry.adb:71:23

 info: float overflow check proved
--> mj-actuator_geometry.adb:72:26

 info: division check proved
--> mj-actuator_geometry.adb:72:38

 medium: float overflow check might fail
--> mj-actuator_geometry.adb:72:38
   72 |          return (Math.Cos (N*0.5),(V (0)/N)*S,(V (1)/N)*S,(V (2)/N)*S);
      |                                   ~~~~~~^~~
      + reason for check: result of floating-point division must be bounded
      + provers reached time limit before completing the proof

 medium: float overflow check might fail
--> mj-actuator_geometry.adb:72:41
   72 |          return (Math.Cos (N*0.5),(V (0)/N)*S,(V (1)/N)*S,(V (2)/N)*S);
      |                                   ~~~~~~~~~^~
      + reason for check: result of floating-point multiplication must be bounded
      + provers reached time limit before completing the proof

 info: division check proved
--> mj-actuator_geometry.adb:72:50

 medium: float overflow check might fail
--> mj-actuator_geometry.adb:72:50
   72 |          return (Math.Cos (N*0.5),(V (0)/N)*S,(V (1)/N)*S,(V (2)/N)*S);
      |                                               ~~~~~~^~~
      + reason for check: result of floating-point division must be bounded
      + provers reached time limit before completing the proof

 medium: float overflow check might fail
--> mj-actuator_geometry.adb:72:53
   72 |          return (Math.Cos (N*0.5),(V (0)/N)*S,(V (1)/N)*S,(V (2)/N)*S);
      |                                               ~~~~~~~~~^~
      + reason for check: result of floating-point multiplication must be bounded
      + provers reached time limit before completing the proof

 info: division check proved
--> mj-actuator_geometry.adb:72:62

 info: float overflow check proved
--> mj-actuator_geometry.adb:72:62

 medium: float overflow check might fail
--> mj-actuator_geometry.adb:72:65
   72 |          return (Math.Cos (N*0.5),(V (0)/N)*S,(V (1)/N)*S,(V (2)/N)*S);
      |                                                           ~~~~~~~~~^~
      + reason for check: result of floating-point multiplication must be bounded
      + provers reached time limit before completing the proof

 info: initialization of "R" proved
--> mj-actuator_geometry.adb:75:07

 info: unrolling loop [info-unrolling-inlining]
--> mj-actuator_geometry.adb:77:23

 medium: float overflow check might fail
--> mj-actuator_geometry.adb:78:45
   78 |             if Transpose then R (I) := (M (0,I)*V (0)+M (1,I)*V (1))+M (2,I)*V (2);
      |                                         ~~~~~~~^~~~~
      + reason for check: result of floating-point multiplication must be bounded
      + possible fix: precondition of subprogram at mj-actuator_geometry.ads:33 should mention M
      --> mj-actuator_geometry.ads:33:04
   33 |       function Mat_Vector (M : Matrix; V : Vector; Transpose : Boolean := False) return Vector with
      |       ^
      + provers reached time limit before completing the proof

 medium: float overflow check might fail
--> mj-actuator_geometry.adb:78:51
   78 |             if Transpose then R (I) := (M (0,I)*V (0)+M (1,I)*V (1))+M (2,I)*V (2);
      |                                        ~~~~~~~~~~~~~~^~~~~~~~~~~~~~
      + reason for check: result of floating-point addition must be bounded
      + possible fix: precondition of subprogram at mj-actuator_geometry.ads:33 should mention M
      --> mj-actuator_geometry.ads:33:04
   33 |       function Mat_Vector (M : Matrix; V : Vector; Transpose : Boolean := False) return Vector with
      |       ^
      + provers reached time limit before completing the proof

 info: float overflow check proved
--> mj-actuator_geometry.adb:78:59

 medium: float overflow check might fail
--> mj-actuator_geometry.adb:78:66
   78 |             if Transpose then R (I) := (M (0,I)*V (0)+M (1,I)*V (1))+M (2,I)*V (2);
      |                                        ~~~~~~~~~~~~~~~~~~~~~~~~~~~~~^~~~~~~~~~~~~
      + reason for check: result of floating-point addition must be bounded
      + possible fix: precondition of subprogram at mj-actuator_geometry.ads:33 should mention M
      --> mj-actuator_geometry.ads:33:04
   33 |       function Mat_Vector (M : Matrix; V : Vector; Transpose : Boolean := False) return Vector with
      |       ^
      + provers reached time limit before completing the proof

 info: float overflow check proved
--> mj-actuator_geometry.adb:78:74

 medium: float overflow check might fail
--> mj-actuator_geometry.adb:79:32
   79 |             else R (I) := (M (I,0)*V (0)+M (I,1)*V (1))+M (I,2)*V (2); end if;
      |                            ~~~~~~~^~~~~
      + reason for check: result of floating-point multiplication must be bounded
      + possible fix: precondition of subprogram at mj-actuator_geometry.ads:33 should mention M
      --> mj-actuator_geometry.ads:33:04
   33 |       function Mat_Vector (M : Matrix; V : Vector; Transpose : Boolean := False) return Vector with
      |       ^
      + provers reached time limit before completing the proof

 medium: float overflow check might fail
--> mj-actuator_geometry.adb:79:38
   79 |             else R (I) := (M (I,0)*V (0)+M (I,1)*V (1))+M (I,2)*V (2); end if;
      |                           ~~~~~~~~~~~~~~^~~~~~~~~~~~~~
      + reason for check: result of floating-point addition must be bounded
      + possible fix: precondition of subprogram at mj-actuator_geometry.ads:33 should mention M
      --> mj-actuator_geometry.ads:33:04
   33 |       function Mat_Vector (M : Matrix; V : Vector; Transpose : Boolean := False) return Vector with
      |       ^
      + provers reached time limit before completing the proof

 info: float overflow check proved
--> mj-actuator_geometry.adb:79:46

 medium: float overflow check might fail
--> mj-actuator_geometry.adb:79:53
   79 |             else R (I) := (M (I,0)*V (0)+M (I,1)*V (1))+M (I,2)*V (2); end if;
      |                           ~~~~~~~~~~~~~~~~~~~~~~~~~~~~~^~~~~~~~~~~~~
      + reason for check: result of floating-point addition must be bounded
      + possible fix: precondition of subprogram at mj-actuator_geometry.ads:33 should mention M
      --> mj-actuator_geometry.ads:33:04
   33 |       function Mat_Vector (M : Matrix; V : Vector; Transpose : Boolean := False) return Vector with
      |       ^
      + provers reached time limit before completing the proof

 info: float overflow check proved
--> mj-actuator_geometry.adb:79:61

 info: float overflow check proved
--> mj-actuator_geometry.adb:84:45

 info: float overflow check proved
--> mj-actuator_geometry.adb:84:54

 info: float overflow check proved
--> mj-actuator_geometry.adb:84:71

 info: range check proved
--> mj-actuator_geometry.adb:84:81

 info: float overflow check proved
--> mj-actuator_geometry.adb:84:81

 info: float overflow check proved
--> mj-actuator_geometry.adb:84:98

 medium: float overflow check might fail
--> mj-actuator_geometry.adb:85:30
   85 |          D : constant Real := (A*A+Rod*Rod)-((Displacement (0)*Displacement (0)+Displacement (1)*Displacement (1))+Displacement (2)*Displacement (2));
      |                                ~^~
      + reason for check: result of floating-point multiplication must be bounded
      + provers reached time limit before completing the proof

 medium: float overflow check might fail
--> mj-actuator_geometry.adb:85:32
   85 |          D : constant Real := (A*A+Rod*Rod)-((Displacement (0)*Displacement (0)+Displacement (1)*Displacement (1))+Displacement (2)*Displacement (2));
      |                               ~~~~^~~~~~~~~
      + reason for check: result of floating-point addition must be bounded
      + possible fix: precondition of subprogram at mj-actuator_geometry.ads:43 should mention Rod
      --> mj-actuator_geometry.ads:43:04
   43 |       function Slider (Axis, Displacement : Vector; Rod : Input) return Slider_Result with
      |       ^
      + provers reached time limit before completing the proof

 info: float overflow check proved
--> mj-actuator_geometry.adb:85:36

 info: range check proved
--> mj-actuator_geometry.adb:85:41

 info: float overflow check proved
--> mj-actuator_geometry.adb:85:41

 info: float overflow check proved
--> mj-actuator_geometry.adb:85:60

 info: float overflow check proved
--> mj-actuator_geometry.adb:85:77

 info: float overflow check proved
--> mj-actuator_geometry.adb:85:94

 info: float overflow check proved
--> mj-actuator_geometry.adb:85:112

 info: float overflow check proved
--> mj-actuator_geometry.adb:85:129

 info: initialization of "R" proved
--> mj-actuator_geometry.adb:86:07

 info: initialization of "Root" proved
--> mj-actuator_geometry.adb:87:07

 info: initialization of "C" proved
--> mj-actuator_geometry.adb:87:13

 info: initialization of "Inv" proved
--> mj-actuator_geometry.adb:87:16

 info: precondition proved
--> mj-actuator_geometry.adb:93:22

 medium: float overflow check might fail
--> mj-actuator_geometry.adb:94:23
   94 |             R.Length := A-Root;
      |                         ~^~~~~
      + reason for check: result of floating-point subtraction must be bounded
      + provers reached time limit before completing the proof

 info: division check proved
--> mj-actuator_geometry.adb:95:20

 medium: float overflow check might fail
--> mj-actuator_geometry.adb:95:20
   95 |             Inv := 1.0/Root; C := 1.0-A/Root;
      |                    ~~~^~~~~
      + reason for check: result of floating-point division must be bounded
      + provers reached time limit before completing the proof

 medium: float overflow check might fail
--> mj-actuator_geometry.adb:95:35
   95 |             Inv := 1.0/Root; C := 1.0-A/Root;
      |                                   ~~~^~~~~~~
      + reason for check: result of floating-point subtraction must be bounded
      + provers reached time limit before completing the proof

 info: division check proved
--> mj-actuator_geometry.adb:95:37

 medium: float overflow check might fail
--> mj-actuator_geometry.adb:95:37
   95 |             Inv := 1.0/Root; C := 1.0-A/Root;
      |                                       ~^~~~~
      + reason for check: result of floating-point division must be bounded
      + provers reached time limit before completing the proof

 info: unrolling loop [info-unrolling-inlining]
--> mj-actuator_geometry.adb:96:26

 medium: float overflow check might fail
--> mj-actuator_geometry.adb:97:33
   97 |                R.DV (K) := Axis (K)*C+Displacement (K)*Inv;
      |                            ~~~~~~~~^~
      + reason for check: result of floating-point multiplication must be bounded
      + provers reached time limit before completing the proof

 medium: float overflow check might fail
--> mj-actuator_geometry.adb:97:35
   97 |                R.DV (K) := Axis (K)*C+Displacement (K)*Inv;
      |                            ~~~~~~~~~~^~~~~~~~~~~~~~~~~~~~~
      + reason for check: result of floating-point addition must be bounded
      + provers reached time limit before completing the proof

 medium: float overflow check might fail
--> mj-actuator_geometry.adb:97:52
   97 |                R.DV (K) := Axis (K)*C+Displacement (K)*Inv;
      |                                       ~~~~~~~~~~~~~~~~^~~~
      + reason for check: result of floating-point multiplication must be bounded
      + provers reached time limit before completing the proof

 medium: float overflow check might fail
--> mj-actuator_geometry.adb:98:41
   98 |                R.DA (K) := Displacement (K)*C;
      |                            ~~~~~~~~~~~~~~~~^~
      + reason for check: result of floating-point multiplication must be bounded
      + provers reached time limit before completing the proof

 info: initialization of "R" proved
--> mj-actuator_geometry.adb:105:07

 info: unrolling loop [info-unrolling-inlining]
--> mj-actuator_geometry.adb:107:23

 info: float overflow check proved
--> mj-actuator_geometry.adb:107:40

 info: float overflow check proved
--> mj-actuator_geometry.adb:107:50

 info: float overflow check proved
--> mj-actuator_geometry.adb:107:65

 info: float overflow check proved
--> mj-actuator_geometry.adb:107:68

 info: range check proved
--> mj-actuator_geometry.adb:111:32

 info: precondition proved
--> mj-actuator_geometry.adb:111:32

 info: float overflow check proved
--> mj-actuator_geometry.adb:111:49

 info: float overflow check proved
--> mj-actuator_geometry.adb:111:59

 info: float overflow check proved
--> mj-actuator_geometry.adb:111:69

 info: float overflow check proved
--> mj-actuator_geometry.adb:111:80

 info: float overflow check proved
--> mj-actuator_geometry.adb:111:90

 info: float overflow check proved
--> mj-actuator_geometry.adb:114:27

 info: division check proved
--> mj-actuator_geometry.adb:114:34

 info: float overflow check proved
--> mj-actuator_geometry.adb:114:34

 info: float overflow check proved
--> mj-actuator_geometry.adb:114:47

 info: division check proved
--> mj-actuator_geometry.adb:114:54

 info: float overflow check proved
--> mj-actuator_geometry.adb:114:54

 info: float overflow check proved
--> mj-actuator_geometry.adb:114:67

 info: division check proved
--> mj-actuator_geometry.adb:114:74

 info: float overflow check proved
--> mj-actuator_geometry.adb:114:74

 info: implicit aspect Always_Terminates on "Norm4" has been proved, subprogram will terminate
--> mj-actuator_geometry.ads:5:16

 info: precondition proved
--> mj-actuator_geometry.ads:6:14

 info: float overflow check proved
--> mj-actuator_geometry.ads:6:28

 info: float overflow check proved
--> mj-actuator_geometry.ads:6:34

 info: float overflow check proved
--> mj-actuator_geometry.ads:6:40

 info: float overflow check proved
--> mj-actuator_geometry.ads:6:47

 info: float overflow check proved
--> mj-actuator_geometry.ads:6:53

 info: float overflow check proved
--> mj-actuator_geometry.ads:6:60

 info: float overflow check proved
--> mj-actuator_geometry.ads:6:66

 info: implicit aspect Always_Terminates on "Normalized" has been proved, subprogram will terminate
--> mj-actuator_geometry.ads:8:16

 info: precondition proved
--> mj-actuator_geometry.ads:9:39

 info: float overflow check proved
--> mj-actuator_geometry.ads:10:56

 info: float overflow check proved
--> mj-actuator_geometry.ads:11:21

 info: division check proved
--> mj-actuator_geometry.ads:11:26

 info: float overflow check proved
--> mj-actuator_geometry.ads:11:26

 info: float overflow check proved
--> mj-actuator_geometry.ads:11:35

 info: division check proved
--> mj-actuator_geometry.ads:11:40

 info: float overflow check proved
--> mj-actuator_geometry.ads:11:40

 info: float overflow check proved
--> mj-actuator_geometry.ads:11:49

 info: division check proved
--> mj-actuator_geometry.ads:11:54

 info: float overflow check proved
--> mj-actuator_geometry.ads:11:54

 info: float overflow check proved
--> mj-actuator_geometry.ads:11:63

 info: division check proved
--> mj-actuator_geometry.ads:11:68

 info: float overflow check proved
--> mj-actuator_geometry.ads:11:68

 info: implicit aspect Always_Terminates on "Normalize" has been proved, subprogram will terminate
--> mj-actuator_geometry.ads:14:13

 medium: postcondition might fail
--> mj-actuator_geometry.ads:15:41
   15 |         Pre => Bounded (Q,1.0e10), Post => Bounded (Normalize'Result,1.0e26);
      |                                            ^~~~~~~~~~~~~~~~~~~~~~~~~~~~~~~~
      + provers reached time limit before completing the proof

 info: precondition proved
--> mj-actuator_geometry.ads:16:58

 info: implicit aspect Always_Terminates on "Conjugate" has been proved, subprogram will terminate
--> mj-actuator_geometry.ads:17:13

 info: implicit aspect Always_Terminates on "Multiply" has been proved, subprogram will terminate
--> mj-actuator_geometry.ads:18:13

 medium: postcondition might fail, cannot prove Bounded (Multiply'Result,1.0e53)
--> mj-actuator_geometry.ads:20:14
   20 |         Post => Bounded (Multiply'Result,1.0e53)
      |                 ^~~~~~~~~~~~~~~~~~~~~~~~~~~~~~~
      + provers reached time limit before completing the proof

 info: float overflow check proved
--> mj-actuator_geometry.ads:21:41

 info: float overflow check proved
--> mj-actuator_geometry.ads:21:47

 info: float overflow check proved
--> mj-actuator_geometry.ads:21:53

 info: float overflow check proved
--> mj-actuator_geometry.ads:21:60

 info: float overflow check proved
--> mj-actuator_geometry.ads:21:66

 info: float overflow check proved
--> mj-actuator_geometry.ads:21:73

 info: float overflow check proved
--> mj-actuator_geometry.ads:21:79

 info: float overflow check proved
--> mj-actuator_geometry.ads:22:17

 info: float overflow check proved
--> mj-actuator_geometry.ads:22:23

 info: float overflow check proved
--> mj-actuator_geometry.ads:22:29

 info: float overflow check proved
--> mj-actuator_geometry.ads:22:36

 info: float overflow check proved
--> mj-actuator_geometry.ads:22:42

 info: float overflow check proved
--> mj-actuator_geometry.ads:22:49

 info: float overflow check proved
--> mj-actuator_geometry.ads:22:55

 info: float overflow check proved
--> mj-actuator_geometry.ads:23:17

 info: float overflow check proved
--> mj-actuator_geometry.ads:23:23

 info: float overflow check proved
--> mj-actuator_geometry.ads:23:29

 info: float overflow check proved
--> mj-actuator_geometry.ads:23:36

 info: float overflow check proved
--> mj-actuator_geometry.ads:23:42

 info: float overflow check proved
--> mj-actuator_geometry.ads:23:49

 info: float overflow check proved
--> mj-actuator_geometry.ads:23:55

 info: float overflow check proved
--> mj-actuator_geometry.ads:24:17

 info: float overflow check proved
--> mj-actuator_geometry.ads:24:23

 info: float overflow check proved
--> mj-actuator_geometry.ads:24:29

 info: float overflow check proved
--> mj-actuator_geometry.ads:24:36

 info: float overflow check proved
--> mj-actuator_geometry.ads:24:42

 info: float overflow check proved
--> mj-actuator_geometry.ads:24:49

 info: float overflow check proved
--> mj-actuator_geometry.ads:24:55

 info: implicit aspect Always_Terminates on "Rotate" has been proved, subprogram will terminate
--> mj-actuator_geometry.ads:25:13

 medium: postcondition might fail
--> mj-actuator_geometry.ads:27:14
   27 |         Post => Bounded (Rotate'Result,1.0e64);
      |                 ^~~~~~~~~~~~~~~~~~~~~~~~~~~~~
      + provers reached time limit before completing the proof

 info: implicit aspect Always_Terminates on "Log" has been proved, subprogram will terminate
--> mj-actuator_geometry.ads:28:13

 info: implicit aspect Always_Terminates on "Difference" has been proved, subprogram will terminate
--> mj-actuator_geometry.ads:29:13

 info: implicit aspect Always_Terminates on "Expmap" has been proved, subprogram will terminate
--> mj-actuator_geometry.ads:31:13

 medium: postcondition might fail
--> mj-actuator_geometry.ads:32:41
   32 |         Pre => Bounded (V,1.0e10), Post => Bounded (Expmap'Result,1.0e26);
      |                                            ^~~~~~~~~~~~~~~~~~~~~~~~~~~~~
      + provers gave up before completing the proof

 info: implicit aspect Always_Terminates on "Mat_Vector" has been proved, subprogram will terminate
--> mj-actuator_geometry.ads:33:13

 medium: postcondition might fail, cannot prove Bounded (Mat_Vector'Result,1.0e21)
--> mj-actuator_geometry.ads:34:41
   34 |         Pre => Bounded (V,1.0e10), Post => Bounded (Mat_Vector'Result,1.0e21)
      |                                            ^~~~~~~~~~~~~~~~~~~~~~~~~~~~~~~~~
      + provers reached time limit before completing the proof

 medium: float overflow check might fail
--> mj-actuator_geometry.ads:36:37
   36 |             (if Transpose then (M (0,I)*V (0)+M (1,I)*V (1))+M (2,I)*V (2)
      |                                 ~~~~~~~^~~~~
      + reason for check: result of floating-point multiplication must be bounded
      + possible fix: precondition of subprogram at line 33 should mention M
   33 |       function Mat_Vector (M : Matrix; V : Vector; Transpose : Boolean := False) return Vector with
      |       ^
      + provers reached time limit before completing the proof

 medium: float overflow check might fail
--> mj-actuator_geometry.ads:36:43
   36 |             (if Transpose then (M (0,I)*V (0)+M (1,I)*V (1))+M (2,I)*V (2)
      |                                ~~~~~~~~~~~~~~^~~~~~~~~~~~~~
      + reason for check: result of floating-point addition must be bounded
      + possible fix: precondition of subprogram at line 33 should mention M
   33 |       function Mat_Vector (M : Matrix; V : Vector; Transpose : Boolean := False) return Vector with
      |       ^
      + provers reached time limit before completing the proof

 info: float overflow check proved
--> mj-actuator_geometry.ads:36:51

 medium: float overflow check might fail
--> mj-actuator_geometry.ads:36:58
   36 |             (if Transpose then (M (0,I)*V (0)+M (1,I)*V (1))+M (2,I)*V (2)
      |                                ~~~~~~~~~~~~~~~~~~~~~~~~~~~~~^~~~~~~~~~~~~
      + reason for check: result of floating-point addition must be bounded
      + possible fix: precondition of subprogram at line 33 should mention M
   33 |       function Mat_Vector (M : Matrix; V : Vector; Transpose : Boolean := False) return Vector with
      |       ^
      + provers reached time limit before completing the proof

 medium: float overflow check might fail
--> mj-actuator_geometry.ads:36:66
   36 |             (if Transpose then (M (0,I)*V (0)+M (1,I)*V (1))+M (2,I)*V (2)
      |                                                              ~~~~~~~^~~~~
      + reason for check: result of floating-point multiplication must be bounded
      + possible fix: precondition of subprogram at line 33 should mention M
   33 |       function Mat_Vector (M : Matrix; V : Vector; Transpose : Boolean := False) return Vector with
      |       ^
      + provers reached time limit before completing the proof

 medium: float overflow check might fail
--> mj-actuator_geometry.ads:37:24
   37 |              else (M (I,0)*V (0)+M (I,1)*V (1))+M (I,2)*V (2)));
      |                    ~~~~~~~^~~~~
      + reason for check: result of floating-point multiplication must be bounded
      + possible fix: precondition of subprogram at line 33 should mention M
   33 |       function Mat_Vector (M : Matrix; V : Vector; Transpose : Boolean := False) return Vector with
      |       ^
      + provers reached time limit before completing the proof

 medium: float overflow check might fail
--> mj-actuator_geometry.ads:37:30
   37 |              else (M (I,0)*V (0)+M (I,1)*V (1))+M (I,2)*V (2)));
      |                   ~~~~~~~~~~~~~~^~~~~~~~~~~~~~
      + reason for check: result of floating-point addition must be bounded
      + possible fix: precondition of subprogram at line 33 should mention M
   33 |       function Mat_Vector (M : Matrix; V : Vector; Transpose : Boolean := False) return Vector with
      |       ^
      + provers reached time limit before completing the proof

 info: float overflow check proved
--> mj-actuator_geometry.ads:37:38

 medium: float overflow check might fail
--> mj-actuator_geometry.ads:37:45
   37 |              else (M (I,0)*V (0)+M (I,1)*V (1))+M (I,2)*V (2)));
      |                   ~~~~~~~~~~~~~~~~~~~~~~~~~~~~~^~~~~~~~~~~~~
      + reason for check: result of floating-point addition must be bounded
      + possible fix: precondition of subprogram at line 33 should mention M
   33 |       function Mat_Vector (M : Matrix; V : Vector; Transpose : Boolean := False) return Vector with
      |       ^
      + provers reached time limit before completing the proof

 info: float overflow check proved
--> mj-actuator_geometry.ads:37:53

 info: implicit aspect Always_Terminates on "Slider" has been proved, subprogram will terminate
--> mj-actuator_geometry.ads:43:13

 info: implicit aspect Always_Terminates on "SO3_Force" has been proved, subprogram will terminate
--> mj-actuator_geometry.ads:45:13

 medium: postcondition might fail, cannot prove SO3_Force'Result (K)=(KP*Error (K)+Constant_Bias)+KV*Speed (K)
--> mj-actuator_geometry.ads:47:38
   47 |         Post => (for all K in 0 .. 2 => SO3_Force'Result (K)=(KP*Error (K)+Constant_Bias)+KV*Speed (K));
      |                                         ^~~~~~~~~~~~~~~~~~~~~~~~~~~~~~~~~~~~~~~~~~~~~~~~~~~~~~~~~~~~~
      + provers reached time limit before completing the proof

 info: float overflow check proved
--> mj-actuator_geometry.ads:47:62

 info: float overflow check proved
--> mj-actuator_geometry.ads:47:72

 medium: float overflow check might fail
--> mj-actuator_geometry.ads:47:87
   47 |         Post => (for all K in 0 .. 2 => SO3_Force'Result (K)=(KP*Error (K)+Constant_Bias)+KV*Speed (K));
      |                                                              ~~~~~~~~~~~~~~~~~~~~~~~~~~~~^~~~~~~~~~~~
      + reason for check: result of floating-point addition must be bounded
      + possible fix: precondition of subprogram at line 45 should mention Constant_Bias and KP and KV
   45 |       function SO3_Force (Error, Speed : Vector; KP, Constant_Bias, KV : Input) return Vector with
      |       ^
      + provers reached time limit before completing the proof

 info: float overflow check proved
--> mj-actuator_geometry.ads:47:90

 info: implicit aspect Always_Terminates on "Limit_Norm" has been proved, subprogram will terminate
--> mj-actuator_geometry.ads:48:13
gnatprove: unproved check messages considered as errors
