Phase 1 of 3: generation of data representation information ...
Phase 2 of 3: generation of Global contracts ...
Phase 3 of 3: flow analysis and proof ...
 info: float overflow check proved
--> mj-spatial_tendons.adb:44:63

 info: range check proved
--> mj-spatial_tendons.adb:44:63

 info: float overflow check proved
--> mj-spatial_tendons.adb:45:63

 info: range check proved
--> mj-spatial_tendons.adb:45:63

 info: float overflow check proved
--> mj-spatial_tendons.adb:46:63

 info: range check proved
--> mj-spatial_tendons.adb:46:63

 info: float overflow check proved
--> mj-spatial_tendons.adb:47:64

 info: float overflow check proved
--> mj-spatial_tendons.adb:47:69

 info: range check proved
--> mj-spatial_tendons.adb:47:69

 info: float overflow check proved
--> mj-spatial_tendons.adb:47:83

 info: float overflow check proved
--> mj-spatial_tendons.adb:48:64

 info: float overflow check proved
--> mj-spatial_tendons.adb:48:69

 info: range check proved
--> mj-spatial_tendons.adb:48:69

 info: float overflow check proved
--> mj-spatial_tendons.adb:48:83

 info: float overflow check proved
--> mj-spatial_tendons.adb:49:64

 info: float overflow check proved
--> mj-spatial_tendons.adb:49:69

 info: range check proved
--> mj-spatial_tendons.adb:49:69

 info: float overflow check proved
--> mj-spatial_tendons.adb:49:83

 info: float overflow check proved
--> mj-spatial_tendons.adb:51:26

 info: float overflow check proved
--> mj-spatial_tendons.adb:51:42

 info: float overflow check proved
--> mj-spatial_tendons.adb:51:58

 info: implicit aspect Always_Terminates on "Point_Column" has been proved, subprogram will terminate
--> mj-spatial_tendons.ads:103:13

 info: postcondition proved
--> mj-spatial_tendons.ads:106:14

 info: float overflow check proved
--> mj-spatial_tendons.ads:107:20

 info: float overflow check proved
--> mj-spatial_tendons.ads:107:35

 info: float overflow check proved
--> mj-spatial_tendons.ads:107:48

 info: float overflow check proved
--> mj-spatial_tendons.ads:107:62

 info: float overflow check proved
--> mj-spatial_tendons.ads:107:76

 info: float overflow check proved
--> mj-spatial_tendons.ads:107:89

 info: float overflow check proved
--> mj-spatial_tendons.ads:108:20

 info: float overflow check proved
--> mj-spatial_tendons.ads:108:35

 info: float overflow check proved
--> mj-spatial_tendons.ads:108:48

 info: float overflow check proved
--> mj-spatial_tendons.ads:108:62

 info: float overflow check proved
--> mj-spatial_tendons.ads:108:76

 info: float overflow check proved
--> mj-spatial_tendons.ads:108:89

 info: float overflow check proved
--> mj-spatial_tendons.ads:109:20

 info: float overflow check proved
--> mj-spatial_tendons.ads:109:35

 info: float overflow check proved
--> mj-spatial_tendons.ads:109:48

 info: float overflow check proved
--> mj-spatial_tendons.ads:109:62

 info: float overflow check proved
--> mj-spatial_tendons.ads:109:76

 info: float overflow check proved
--> mj-spatial_tendons.ads:109:89
Success: all checks proved (41 checks).
Summary logged in /var/tmp/sparkling-spatial-tendons-20260930/kernel-proof-source-h9yntvfq/build/mj-spatial_tendons-Point_Column/validation/obj/gnatprove/gnatprove.out
guarded: elapsed 65.8 s, peak group RSS 207 MB
