Phase 1 of 3: generation of data representation information ...
Phase 2 of 3: generation of Global contracts ...
Phase 3 of 3: flow analysis and proof ...
 info: range check proved
--> mj-flex_interpolation.adb:44:18

 info: float overflow check proved
--> mj-flex_interpolation.adb:44:46

 info: range check proved
--> mj-flex_interpolation.adb:44:54

 info: float overflow check proved
--> mj-flex_interpolation.adb:44:57

 info: range check proved
--> mj-flex_interpolation.adb:44:65

 info: implicit aspect Always_Terminates on "Local_Of" has been proved, subprogram will terminate
--> mj-flex_interpolation.ads:58:13

 info: data dependencies proved
--> mj-flex_interpolation.ads:59:11

 info: postcondition proved
--> mj-flex_interpolation.ads:60:16

 info: float overflow check proved
--> mj-flex_interpolation.ads:61:12

 info: range check proved
--> mj-flex_interpolation.ads:61:20

 info: float overflow check proved
--> mj-flex_interpolation.ads:61:23

 info: range check proved
--> mj-flex_interpolation.ads:61:31
Success: all checks proved (12 checks).
Summary logged in /var/tmp/sparkling-recovery-flex-interpolation2-20261003/proof/Local_Of/validation/obj/gnatprove/gnatprove.out
guarded: elapsed 3.3 s, peak group RSS 105 MB
