Phase 1 of 3: generation of data representation information ...
Phase 2 of 3: generation of Global contracts ...
Phase 3 of 3: flow analysis and proof ...
 info: range check proved
--> mj-flex_interpolation.adb:54:39

 info: overflow check proved
--> mj-flex_interpolation.adb:55:46

 info: overflow check proved
--> mj-flex_interpolation.adb:55:55

 info: division check proved
--> mj-flex_interpolation.adb:55:59

 info: overflow check proved
--> mj-flex_interpolation.adb:55:64

 info: overflow check proved
--> mj-flex_interpolation.adb:56:46

 info: overflow check proved
--> mj-flex_interpolation.adb:56:55

 info: division check proved
--> mj-flex_interpolation.adb:56:60

 info: division check proved
--> mj-flex_interpolation.adb:56:65

 info: overflow check proved
--> mj-flex_interpolation.adb:57:46

 info: overflow check proved
--> mj-flex_interpolation.adb:57:55

 info: division check proved
--> mj-flex_interpolation.adb:57:59

 info: initialization of "Row" proved
--> mj-flex_interpolation.adb:61:07

 info: initialization of "Offset" proved
--> mj-flex_interpolation.adb:61:12

 info: assertion proved
--> mj-flex_interpolation.adb:63:32

 info: assertion proved
--> mj-flex_interpolation.adb:64:32

 info: overflow check proved
--> mj-flex_interpolation.adb:65:17

 info: overflow check proved
--> mj-flex_interpolation.adb:65:22

 info: assertion proved
--> mj-flex_interpolation.adb:66:32

 medium: assertion might fail
--> mj-flex_interpolation.adb:67:32
   67 |          pragma Assert (Static => Row < Nx * Ny);
      |                                   ^~~~~~~~~~~~~
      + provers reached time limit before completing the proof

 info: overflow check proved
--> mj-flex_interpolation.adb:67:41

 info: overflow check proved
--> mj-flex_interpolation.adb:68:21

 info: overflow check proved
--> mj-flex_interpolation.adb:68:26

 info: assertion proved
--> mj-flex_interpolation.adb:69:32

 medium: assertion might fail
--> mj-flex_interpolation.adb:70:32
   70 |          pragma Assert (Static => Offset < (Nx * Ny) * Nz);
      |                                   ^~~~~~~~~~~~~~~~~~~~~~~
      + provers reached time limit before completing the proof

 info: overflow check proved
--> mj-flex_interpolation.adb:70:45

 info: overflow check proved
--> mj-flex_interpolation.adb:70:51

 info: range check proved
--> mj-flex_interpolation.adb:71:23

 info: implicit aspect Always_Terminates on "Index_Of" has been proved, subprogram will terminate
--> mj-flex_interpolation.ads:65:13

 info: data dependencies proved
--> mj-flex_interpolation.ads:67:11

 info: postcondition proved
--> mj-flex_interpolation.ads:71:16

 info: overflow check proved
--> mj-flex_interpolation.ads:73:30

 info: overflow check proved
--> mj-flex_interpolation.ads:73:39

 info: division check proved
--> mj-flex_interpolation.ads:73:43

 info: overflow check proved
--> mj-flex_interpolation.ads:75:29

 info: overflow check proved
--> mj-flex_interpolation.ads:75:38

 info: division check proved
--> mj-flex_interpolation.ads:75:43

 info: division check proved
--> mj-flex_interpolation.ads:75:59

 info: overflow check proved
--> mj-flex_interpolation.ads:77:29

 info: overflow check proved
--> mj-flex_interpolation.ads:77:38

 info: division check proved
--> mj-flex_interpolation.ads:77:42
Summary logged in /var/tmp/sparkling-recovery-flex-interpolation3-20261003/proof/Index_Of/validation/obj/gnatprove/gnatprove.out
gnatprove: unproved check messages considered as errors
guarded: elapsed 83.3 s, peak group RSS 175 MB
