Phase 1 of 3: generation of data representation information ...
Phase 2 of 3: generation of Global contracts ...
Phase 3 of 3: flow analysis and proof ...
 info: implicit aspect Always_Terminates on "Add_Bounded" has been proved, subprogram will terminate
--> mj-flex_interpolation.adb:116:13

 info: data dependencies proved
--> mj-flex_interpolation.adb:118:11

 info: range check proved
--> mj-flex_interpolation.adb:120:39

 info: float overflow check proved
--> mj-flex_interpolation.adb:120:44

 info: range check proved
--> mj-flex_interpolation.adb:120:68

 info: float overflow check proved
--> mj-flex_interpolation.adb:120:73

 info: postcondition proved
--> mj-flex_interpolation.adb:122:16

 info: range check proved
--> mj-flex_interpolation.adb:123:48

 info: float overflow check proved
--> mj-flex_interpolation.adb:123:55

 info: range check proved
--> mj-flex_interpolation.adb:123:73

 info: float overflow check proved
--> mj-flex_interpolation.adb:123:80

 info: float overflow check proved
--> mj-flex_interpolation.adb:124:44

 info: float overflow check proved
--> mj-flex_interpolation.adb:124:52

 info: precondition proved
--> mj-flex_interpolation.adb:128:14
Success: all checks proved (14 checks).
Summary logged in /var/tmp/sparkling-recovery-flex-interpolation5-20261003/proof/Add_Bounded/validation/obj/gnatprove/gnatprove.out
guarded: elapsed 15.6 s, peak group RSS 138 MB
