Phase 1 of 3: generation of data representation information ...
Phase 2 of 3: generation of Global contracts ...
Phase 3 of 3: flow analysis and proof ...
 info: data dependencies proved
--> mj-flex_interpolation.adb:144:28

 info: index check proved
--> mj-flex_interpolation.adb:148:21

 info: index check proved
--> mj-flex_interpolation.adb:149:28

 info: index check proved
--> mj-flex_interpolation.adb:149:37

 info: precondition proved
--> mj-flex_interpolation.adb:150:25

 info: precondition proved
--> mj-flex_interpolation.adb:151:28

 info: postcondition proved
--> mj-flex_interpolation.adb:152:16

 info: float overflow check proved
--> mj-flex_interpolation.adb:152:20

 info: index check proved
--> mj-flex_interpolation.adb:152:29

 info: index check proved
--> mj-flex_interpolation.adb:152:38

 info: float overflow check proved
--> mj-flex_interpolation.adb:152:50

 info: precondition proved
--> mj-flex_interpolation.adb:153:10

 info: range check proved
--> mj-flex_interpolation.adb:153:66

 info: precondition proved
--> mj-flex_interpolation.adb:157:31

 info: range check proved
--> mj-flex_interpolation.adb:157:87

 info: assertion proved
--> mj-flex_interpolation.adb:159:32

 info: precondition proved
--> mj-flex_interpolation.adb:160:09

 info: float overflow check proved
--> mj-flex_interpolation.adb:160:69

 info: index check proved
--> mj-flex_interpolation.adb:161:16

 info: index check proved
--> mj-flex_interpolation.adb:161:25

 info: float overflow check proved
--> mj-flex_interpolation.adb:161:37

 info: precondition proved
--> mj-flex_interpolation.adb:161:39

 medium: assertion might fail
--> mj-flex_interpolation.adb:162:32
  162 |          pragma Assert (Static => Acc + Nodes (Indices (Count)) (K) * Weight = Next);
      |                                   ^~~~~~~~~~~~~~~~~~~~~~~~~~~~~~~~~~~~~~~~~~~~~~~~~
      + provers reached time and memory limit before completing the proof

 info: float overflow check proved
--> mj-flex_interpolation.adb:162:36

 info: index check proved
--> mj-flex_interpolation.adb:162:45

 info: index check proved
--> mj-flex_interpolation.adb:162:54

 info: float overflow check proved
--> mj-flex_interpolation.adb:162:66
Summary logged in /var/tmp/sparkling-recovery-flex-interpolation7-20261003/proof/Sum_Step/validation/obj/gnatprove/gnatprove.out
gnatprove: unproved check messages considered as errors
guarded: elapsed 34.7 s, peak group RSS 196 MB
