Phase 1 of 3: generation of data representation information ...
Phase 2 of 3: generation of Global contracts ...
Phase 3 of 3: flow analysis and proof ...
 info: range check proved
--> mj-flex_interpolation.adb:66:39

 info: overflow check proved
--> mj-flex_interpolation.adb:67:46

 info: overflow check proved
--> mj-flex_interpolation.adb:67:55

 info: division check proved
--> mj-flex_interpolation.adb:67:59

 info: overflow check proved
--> mj-flex_interpolation.adb:67:64

 info: overflow check proved
--> mj-flex_interpolation.adb:68:46

 info: overflow check proved
--> mj-flex_interpolation.adb:68:55

 info: division check proved
--> mj-flex_interpolation.adb:68:60

 info: division check proved
--> mj-flex_interpolation.adb:68:65

 info: overflow check proved
--> mj-flex_interpolation.adb:69:46

 info: overflow check proved
--> mj-flex_interpolation.adb:69:55

 info: division check proved
--> mj-flex_interpolation.adb:69:59

 info: initialization of "Row" proved
--> mj-flex_interpolation.adb:73:07

 info: initialization of "Offset" proved
--> mj-flex_interpolation.adb:73:12

 info: assertion proved
--> mj-flex_interpolation.adb:75:32

 info: assertion proved
--> mj-flex_interpolation.adb:76:32

 info: overflow check proved
--> mj-flex_interpolation.adb:77:17

 info: overflow check proved
--> mj-flex_interpolation.adb:77:22

 info: assertion proved
--> mj-flex_interpolation.adb:78:32

 info: precondition proved
--> mj-flex_interpolation.adb:79:07

 info: assertion proved
--> mj-flex_interpolation.adb:80:32

 info: overflow check proved
--> mj-flex_interpolation.adb:80:41

 info: overflow check proved
--> mj-flex_interpolation.adb:81:21

 info: overflow check proved
--> mj-flex_interpolation.adb:81:26

 info: assertion proved
--> mj-flex_interpolation.adb:82:32

 info: precondition proved
--> mj-flex_interpolation.adb:83:07

 info: overflow check proved
--> mj-flex_interpolation.adb:83:27

 info: assertion proved
--> mj-flex_interpolation.adb:84:32

 info: overflow check proved
--> mj-flex_interpolation.adb:84:45

 info: overflow check proved
--> mj-flex_interpolation.adb:84:51

 info: range check proved
--> mj-flex_interpolation.adb:85:23

 info: implicit aspect Always_Terminates on "Index_Of" has been proved, subprogram will terminate
--> mj-flex_interpolation.ads:66:13

 info: data dependencies proved
--> mj-flex_interpolation.ads:68:11

 info: postcondition proved
--> mj-flex_interpolation.ads:72:16

 info: overflow check proved
--> mj-flex_interpolation.ads:74:30

 info: overflow check proved
--> mj-flex_interpolation.ads:74:39

 info: division check proved
--> mj-flex_interpolation.ads:74:43

 info: overflow check proved
--> mj-flex_interpolation.ads:76:29

 info: overflow check proved
--> mj-flex_interpolation.ads:76:38

 info: division check proved
--> mj-flex_interpolation.ads:76:43

 info: division check proved
--> mj-flex_interpolation.ads:76:59

 info: overflow check proved
--> mj-flex_interpolation.ads:78:29

 info: overflow check proved
--> mj-flex_interpolation.ads:78:38

 info: division check proved
--> mj-flex_interpolation.ads:78:42
Success: all checks proved (44 checks).
Summary logged in /var/tmp/sparkling-recovery-flex-interpolation4-20261003/proof/Index_Of/validation/obj/gnatprove/gnatprove.out
guarded: elapsed 25.4 s, peak group RSS 176 MB
