Phase 1 of 3: generation of data representation information ...
Phase 2 of 3: generation of Global contracts ...
Phase 3 of 3: flow analysis and proof ...
 info: data dependencies proved
--> mj-flex_interpolation.adb:185:19

 info: index check proved
--> mj-flex_interpolation.adb:189:21

 info: index check proved
--> mj-flex_interpolation.adb:190:50

 info: index check proved
--> mj-flex_interpolation.adb:190:59

 info: precondition proved
--> mj-flex_interpolation.adb:191:28

 info: range check proved
--> mj-flex_interpolation.adb:193:33

 info: float overflow check proved
--> mj-flex_interpolation.adb:193:40

 info: range check proved
--> mj-flex_interpolation.adb:193:58

 info: float overflow check proved
--> mj-flex_interpolation.adb:193:65

 info: precondition proved
--> mj-flex_interpolation.adb:194:32

 info: precondition proved
--> mj-flex_interpolation.adb:195:32

 info: precondition proved
--> mj-flex_interpolation.adb:196:32

 info: postcondition proved
--> mj-flex_interpolation.adb:197:27

 info: range check proved
--> mj-flex_interpolation.adb:198:39

 info: float overflow check proved
--> mj-flex_interpolation.adb:198:44

 info: range check proved
--> mj-flex_interpolation.adb:198:68

 info: float overflow check proved
--> mj-flex_interpolation.adb:198:73

 info: precondition proved
--> mj-flex_interpolation.adb:199:32

 info: range check proved
--> mj-flex_interpolation.adb:199:88

 info: precondition proved
--> mj-flex_interpolation.adb:200:32

 info: range check proved
--> mj-flex_interpolation.adb:200:88

 info: precondition proved
--> mj-flex_interpolation.adb:201:32

 info: range check proved
--> mj-flex_interpolation.adb:201:88

 info: unrolling loop [info-unrolling-inlining]
--> mj-flex_interpolation.adb:206:21

 info: precondition proved
--> mj-flex_interpolation.adb:207:10

 info: precondition proved
--> mj-flex_interpolation.adb:208:24

 info: index check proved
--> mj-flex_interpolation.adb:208:56

 info: index check proved
--> mj-flex_interpolation.adb:208:65

 info: range check proved
--> mj-flex_interpolation.adb:208:92
Success: all checks proved (28 checks).
Summary logged in /var/tmp/sparkling-recovery-flex-interpolation9-20261003/proof/Advance_Node/validation/obj/gnatprove/gnatprove.out
guarded: elapsed 104.2 s, peak group RSS 206 MB
