Phase 1 of 3: generation of data representation information ...
Phase 2 of 3: generation of Global contracts ...
Phase 3 of 3: flow analysis and proof ...
 info: precondition proved
--> mj-flex_interpolation.adb:136:14

 info: precondition proved
--> mj-flex_interpolation.adb:137:10

 info: subprogram variant proved
--> mj-flex_interpolation.adb:137:10

 info: range check proved
--> mj-flex_interpolation.adb:137:66

 info: index check proved
--> mj-flex_interpolation.adb:138:17

 info: index check proved
--> mj-flex_interpolation.adb:138:32

 info: precondition proved
--> mj-flex_interpolation.adb:138:43

 info: range check proved
--> mj-flex_interpolation.adb:138:74

 info: implicit aspect Always_Terminates on "Ordered_Component" has been proved, subprogram will terminate
--> mj-flex_interpolation.ads:102:13

 info: data dependencies proved
--> mj-flex_interpolation.ads:105:28

 info: index check proved
--> mj-flex_interpolation.ads:110:21

 info: index check proved
--> mj-flex_interpolation.ads:111:28

 info: index check proved
--> mj-flex_interpolation.ads:111:37

 info: postcondition proved
--> mj-flex_interpolation.ads:112:27

 info: range check proved
--> mj-flex_interpolation.ads:113:17

 info: float overflow check proved
--> mj-flex_interpolation.ads:113:24

 info: range check proved
--> mj-flex_interpolation.ads:113:42

 info: float overflow check proved
--> mj-flex_interpolation.ads:113:49

 info: precondition proved
--> mj-flex_interpolation.ads:116:14

 info: subprogram variant proved
--> mj-flex_interpolation.ads:116:14

 info: range check proved
--> mj-flex_interpolation.ads:116:70

 info: float overflow check proved
--> mj-flex_interpolation.ads:116:78

 info: index check proved
--> mj-flex_interpolation.ads:117:21

 info: index check proved
--> mj-flex_interpolation.ads:117:36

 info: float overflow check proved
--> mj-flex_interpolation.ads:117:46

 info: precondition proved
--> mj-flex_interpolation.ads:117:48

 info: range check proved
--> mj-flex_interpolation.ads:117:79
Success: all checks proved (27 checks).
Summary logged in /var/tmp/sparkling-recovery-flex-interpolation5-20261003/proof/Ordered_Component/validation/obj/gnatprove/gnatprove.out
guarded: elapsed 14.1 s, peak group RSS 180 MB
