Phase 1 of 3: generation of data representation information ...
Phase 2 of 3: generation of Global contracts ...
Phase 3 of 3: flow analysis and proof ...
 info: index check proved
--> mj-flex_interpolation.adb:40:18

 info: precondition proved
--> mj-flex_interpolation.adb:40:24

 info: loop invariant preservation proved
--> mj-flex_interpolation.adb:41:43

 info: loop invariant initialization proved
--> mj-flex_interpolation.adb:41:43

 info: index check proved
--> mj-flex_interpolation.adb:42:20

 info: precondition proved
--> mj-flex_interpolation.adb:42:25

 info: loop invariant initialization proved
--> mj-flex_interpolation.adb:43:43

 info: loop invariant preservation proved
--> mj-flex_interpolation.adb:43:43

 info: overflow check proved
--> mj-flex_interpolation.adb:43:59

 info: index check proved
--> mj-flex_interpolation.adb:43:89

 info: initialization of "Values" proved
--> mj-flex_interpolation.ads:47:50

 info: data dependencies proved
--> mj-flex_interpolation.ads:48:11

 info: postcondition proved
--> mj-flex_interpolation.ads:50:16

 info: precondition proved
--> mj-flex_interpolation.ads:51:47
Success: all checks proved (14 checks).
Summary logged in /var/tmp/sparkling-recovery-flex-interpolation4-20261003/proof/Basis/validation/obj/gnatprove/gnatprove.out
guarded: elapsed 13.3 s, peak group RSS 175 MB
