Phase 1 of 3: generation of data representation information ...
Phase 2 of 3: generation of Global contracts ...
Phase 3 of 3: flow analysis and proof ...
 info: range check proved
--> mj-flex_interpolation.adb:66:24

 info: range check proved
--> mj-flex_interpolation.adb:67:24

 info: range check proved
--> mj-flex_interpolation.adb:68:24

 info: implicit aspect Always_Terminates on "Cell_For" has been proved, subprogram will terminate
--> mj-flex_interpolation.ads:66:13

 info: data dependencies proved
--> mj-flex_interpolation.ads:67:11

 info: postcondition proved
--> mj-flex_interpolation.ads:68:16

 info: range check proved
--> mj-flex_interpolation.ads:68:69
Success: all checks proved (7 checks).
Summary logged in /var/tmp/sparkling-recovery-flex-interpolation5-20261003/proof/Cell_For/validation/obj/gnatprove/gnatprove.out
guarded: elapsed 5.5 s, peak group RSS 142 MB
