Phase 1 of 3: generation of data representation information ...
Phase 2 of 3: generation of Global contracts ...
Phase 3 of 3: flow analysis and proof ...
 info: range check proved
--> mj-flex_interpolation.adb:91:19

 info: range check proved
--> mj-flex_interpolation.adb:92:19

 info: range check proved
--> mj-flex_interpolation.adb:93:19

 info: range check proved
--> mj-flex_interpolation.adb:95:27

 info: range check proved
--> mj-flex_interpolation.adb:96:27

 info: range check proved
--> mj-flex_interpolation.adb:97:27

 info: index check proved
--> mj-flex_interpolation.adb:100:19

 info: precondition proved
--> mj-flex_interpolation.adb:100:25

 info: loop invariant initialization proved
--> mj-flex_interpolation.adb:101:43

 info: loop invariant preservation proved
--> mj-flex_interpolation.adb:101:43

 info: index check proved
--> mj-flex_interpolation.adb:102:21

 info: precondition proved
--> mj-flex_interpolation.adb:102:26

 info: loop invariant initialization proved
--> mj-flex_interpolation.adb:103:43

 info: loop invariant preservation proved
--> mj-flex_interpolation.adb:103:43

 info: overflow check proved
--> mj-flex_interpolation.adb:103:59

 info: index check proved
--> mj-flex_interpolation.adb:103:91

 info: initialization of "Local" proved
--> mj-flex_interpolation.ads:81:22

 info: initialization of "Indices" proved
--> mj-flex_interpolation.ads:81:39

 info: data dependencies proved
--> mj-flex_interpolation.ads:82:11

 info: range check proved
--> mj-flex_interpolation.ads:85:60

 medium: postcondition might fail, cannot prove Indices (J) = (if J < Nodes_Per_Cell (Degree) then Index_Of (Cells, Degree, [Cell_Of (Coord (0), Cells (0)), Cell_Of (Coord (1), Cells (1)), Cell_Of (Coord (2), Cells (2))], J) else 0)
--> mj-flex_interpolation.ads:87:12
   87 |               Indices (J) = (if J < Nodes_Per_Cell (Degree) then
      |               ^~~~~~~~~~~~~~~~~~~~~~~~~~~~~~~~~~~~~~~~~~~~~~~~~~
      :
   91 |                    Cell_Of (Coord (2), Cells (2))], J) else 0));
      |                    ~~~~~~~~~~~~~~~~~~~~~~~~~~~~~~~~~~~~~~~~~~~
      + provers reached time limit before completing the proof

 info: precondition proved
--> mj-flex_interpolation.ads:88:14

 info: range check proved
--> mj-flex_interpolation.ads:89:26

 info: range check proved
--> mj-flex_interpolation.ads:90:26

 info: range check proved
--> mj-flex_interpolation.ads:91:26
Summary logged in /var/tmp/sparkling-recovery-flex-interpolation4-20261003/proof/Lookup/validation/obj/gnatprove/gnatprove.out
gnatprove: unproved check messages considered as errors
guarded: elapsed 32.4 s, peak group RSS 202 MB
