Phase 1 of 3: generation of data representation information ...
Phase 2 of 3: generation of Global contracts ...
Phase 3 of 3: flow analysis and proof ...
 info: data dependencies proved
--> mj-flex_interpolation.adb:144:28

 info: index check proved
--> mj-flex_interpolation.adb:148:21

 info: index check proved
--> mj-flex_interpolation.adb:149:28

 info: index check proved
--> mj-flex_interpolation.adb:149:37

 info: precondition proved
--> mj-flex_interpolation.adb:150:25

 info: precondition proved
--> mj-flex_interpolation.adb:151:28

 info: precondition proved
--> mj-flex_interpolation.adb:152:16

 medium: postcondition might fail
--> mj-flex_interpolation.adb:152:16
  152 |           Post => Add_Bounded (Acc, Nodes (Indices (Count)) (K), Weight, Count + 1) =
      |                   ^~~~~~~~~~~~~~~~~~~~~~~~~~~~~~~~~~~~~~~~~~~~~~~~~~~~~~~~~~~~~~~~~~~
  153 |             Ordered_Component (Local, Degree, Nodes, Indices, Count + 1, K);
      |             ~~~~~~~~~~~~~~~~~~~~~~~~~~~~~~~~~~~~~~~~~~~~~~~~~~~~~~~~~~~~~~
      + provers reached time and memory limit before completing the proof

 info: index check proved
--> mj-flex_interpolation.adb:152:41

 info: index check proved
--> mj-flex_interpolation.adb:152:50

 info: range check proved
--> mj-flex_interpolation.adb:152:77

 info: precondition proved
--> mj-flex_interpolation.adb:153:10

 info: range check proved
--> mj-flex_interpolation.adb:153:66

 info: precondition proved
--> mj-flex_interpolation.adb:157:31

 info: range check proved
--> mj-flex_interpolation.adb:157:87

 info: assertion proved
--> mj-flex_interpolation.adb:159:32

 info: precondition proved
--> mj-flex_interpolation.adb:160:09

 info: float overflow check proved
--> mj-flex_interpolation.adb:160:69

 info: index check proved
--> mj-flex_interpolation.adb:161:16

 info: index check proved
--> mj-flex_interpolation.adb:161:25

 info: float overflow check proved
--> mj-flex_interpolation.adb:161:37

 info: precondition proved
--> mj-flex_interpolation.adb:161:39
Summary logged in /var/tmp/sparkling-recovery-flex-interpolation6-20261003/proof/Sum_Step/validation/obj/gnatprove/gnatprove.out
gnatprove: unproved check messages considered as errors
guarded: elapsed 26.6 s, peak group RSS 192 MB
