Phase 1 of 3: generation of data representation information ...
Phase 2 of 3: generation of Global contracts ...
Phase 3 of 3: flow analysis and proof ...
 info: data dependencies proved
--> mj-flex_interpolation.adb:159:28

 info: index check proved
--> mj-flex_interpolation.adb:163:21

 info: index check proved
--> mj-flex_interpolation.adb:164:28

 info: index check proved
--> mj-flex_interpolation.adb:164:37

 info: precondition proved
--> mj-flex_interpolation.adb:165:25

 info: precondition proved
--> mj-flex_interpolation.adb:166:28

 info: postcondition proved
--> mj-flex_interpolation.adb:167:16

 info: float overflow check proved
--> mj-flex_interpolation.adb:167:20

 info: index check proved
--> mj-flex_interpolation.adb:167:29

 info: index check proved
--> mj-flex_interpolation.adb:167:38

 info: float overflow check proved
--> mj-flex_interpolation.adb:167:50

 info: precondition proved
--> mj-flex_interpolation.adb:168:10

 info: range check proved
--> mj-flex_interpolation.adb:168:66

 info: precondition proved
--> mj-flex_interpolation.adb:172:31

 info: range check proved
--> mj-flex_interpolation.adb:172:87

 info: assertion proved
--> mj-flex_interpolation.adb:174:32

 info: precondition proved
--> mj-flex_interpolation.adb:175:09

 info: float overflow check proved
--> mj-flex_interpolation.adb:175:69

 info: index check proved
--> mj-flex_interpolation.adb:176:16

 info: index check proved
--> mj-flex_interpolation.adb:176:25

 info: float overflow check proved
--> mj-flex_interpolation.adb:176:37

 info: precondition proved
--> mj-flex_interpolation.adb:176:39

 medium: precondition might fail, cannot prove Acc in -2.0e14 .. 2.0e14
--> mj-flex_interpolation.adb:177:07
  177 |          Same_Add (Acc, Ordered_Component (Local, Degree, Nodes, Indices, Count, K),
      |          ^~~~~~~~~~~~~~~~~~~~~~~~~~~~~~~~~~~~~~~~~~~~~~~~~~~~~~~~~~~~~~~~~~~~~~~~~~~
  178 |                    Nodes (Indices (Count)) (K), Weight, Basis_At (Local, Degree, Count), Next);
      |                    ~~~~~~~~~~~~~~~~~~~~~~~~~~~~~~~~~~~~~~~~~~~~~~~~~~~~~~~~~~~~~~~~~~~~~~~~~~
      + provers reached time and memory limit before completing the proof

 info: precondition proved
--> mj-flex_interpolation.adb:177:22

 info: index check proved
--> mj-flex_interpolation.adb:178:24

 info: index check proved
--> mj-flex_interpolation.adb:178:33

 info: precondition proved
--> mj-flex_interpolation.adb:178:54
Summary logged in /var/tmp/sparkling-recovery-flex-interpolation8-20261003/proof/Sum_Step/validation/obj/gnatprove/gnatprove.out
gnatprove: unproved check messages considered as errors
guarded: elapsed 30.4 s, peak group RSS 199 MB
