Phase 1 of 3: generation of data representation information ...
Phase 2 of 3: generation of Global contracts ...
Phase 3 of 3: flow analysis and proof ...
 info: data dependencies proved
--> mj-flex_interpolation.adb:159:28

 info: index check proved
--> mj-flex_interpolation.adb:164:21

 info: index check proved
--> mj-flex_interpolation.adb:165:28

 info: index check proved
--> mj-flex_interpolation.adb:165:37

 info: precondition proved
--> mj-flex_interpolation.adb:166:25

 info: precondition proved
--> mj-flex_interpolation.adb:167:28

 info: postcondition proved
--> mj-flex_interpolation.adb:168:16

 info: float overflow check proved
--> mj-flex_interpolation.adb:168:20

 info: index check proved
--> mj-flex_interpolation.adb:168:29

 info: index check proved
--> mj-flex_interpolation.adb:168:38

 info: float overflow check proved
--> mj-flex_interpolation.adb:168:50

 info: precondition proved
--> mj-flex_interpolation.adb:169:10

 info: range check proved
--> mj-flex_interpolation.adb:169:66

 info: precondition proved
--> mj-flex_interpolation.adb:173:31

 info: range check proved
--> mj-flex_interpolation.adb:173:87

 info: assertion proved
--> mj-flex_interpolation.adb:175:32

 info: precondition proved
--> mj-flex_interpolation.adb:176:09

 info: float overflow check proved
--> mj-flex_interpolation.adb:176:69

 info: index check proved
--> mj-flex_interpolation.adb:177:16

 info: index check proved
--> mj-flex_interpolation.adb:177:25

 info: float overflow check proved
--> mj-flex_interpolation.adb:177:37

 info: precondition proved
--> mj-flex_interpolation.adb:177:39

 info: precondition proved
--> mj-flex_interpolation.adb:178:07

 info: precondition proved
--> mj-flex_interpolation.adb:178:22

 info: index check proved
--> mj-flex_interpolation.adb:179:24

 info: index check proved
--> mj-flex_interpolation.adb:179:33

 info: precondition proved
--> mj-flex_interpolation.adb:179:54
Success: all checks proved (27 checks).
Summary logged in /var/tmp/sparkling-recovery-flex-interpolation9-20261003/proof/Sum_Step/validation/obj/gnatprove/gnatprove.out
guarded: elapsed 24.1 s, peak group RSS 192 MB
