Phase 1 of 3: generation of data representation information ...
Phase 2 of 3: generation of Global contracts ...
Phase 3 of 3: flow analysis and proof ...
 info: precondition proved
--> mj-flex_interpolation.adb:131:14

 info: precondition proved
--> mj-flex_interpolation.adb:132:10

 info: subprogram variant proved
--> mj-flex_interpolation.adb:132:10

 info: range check proved
--> mj-flex_interpolation.adb:132:66

 info: index check proved
--> mj-flex_interpolation.adb:133:17

 info: index check proved
--> mj-flex_interpolation.adb:133:32

 info: precondition proved
--> mj-flex_interpolation.adb:133:43

 info: range check proved
--> mj-flex_interpolation.adb:133:74

 info: implicit aspect Always_Terminates on "Ordered_Component" has been proved, subprogram will terminate
--> mj-flex_interpolation.ads:100:13

 info: data dependencies proved
--> mj-flex_interpolation.ads:103:28

 info: index check proved
--> mj-flex_interpolation.ads:108:21

 info: index check proved
--> mj-flex_interpolation.ads:109:28

 info: index check proved
--> mj-flex_interpolation.ads:109:37

 info: postcondition proved
--> mj-flex_interpolation.ads:110:27

 info: range check proved
--> mj-flex_interpolation.ads:111:17

 info: float overflow check proved
--> mj-flex_interpolation.ads:111:24

 info: range check proved
--> mj-flex_interpolation.ads:111:42

 info: float overflow check proved
--> mj-flex_interpolation.ads:111:49

 medium: precondition might fail, cannot prove Indices (J) in Nodes'Range
--> mj-flex_interpolation.ads:114:14
  114 |                 Ordered_Component (Local, Degree, Nodes, Indices, Count - 1, K) +
      |                 ^~~~~~~~~~~~~~~~~~~~~~~~~~~~~~~~~~~~~~~~~~~~~~~~~~~~~~~~~~~~~~
      + provers reached time and memory limit before completing the proof

 info: subprogram variant proved
--> mj-flex_interpolation.ads:114:14

 info: range check proved
--> mj-flex_interpolation.ads:114:70

 info: float overflow check proved
--> mj-flex_interpolation.ads:114:78

 info: index check proved
--> mj-flex_interpolation.ads:115:21

 info: index check proved
--> mj-flex_interpolation.ads:115:36

 info: float overflow check proved
--> mj-flex_interpolation.ads:115:46

 info: precondition proved
--> mj-flex_interpolation.ads:115:48

 info: range check proved
--> mj-flex_interpolation.ads:115:79
Summary logged in /var/tmp/sparkling-recovery-flex-interpolation4-20261003/proof/Ordered_Component/validation/obj/gnatprove/gnatprove.out
gnatprove: unproved check messages considered as errors
guarded: elapsed 19.6 s, peak group RSS 182 MB
