Phase 1 of 3: generation of data representation information ...
Phase 2 of 3: generation of Global contracts ...
Phase 3 of 3: flow analysis and proof ...
 info: data dependencies proved
--> mj-flex_interpolation.adb:3:28

 info: overflow check proved
--> mj-flex_interpolation.adb:4:66

 info: overflow check proved
--> mj-flex_interpolation.adb:5:67

 info: postcondition proved
--> mj-flex_interpolation.adb:6:16

 info: overflow check proved
--> mj-flex_interpolation.adb:6:18

 info: overflow check proved
--> mj-flex_interpolation.adb:6:27

 info: overflow check proved
--> mj-flex_interpolation.adb:6:39

 info: assertion proved
--> mj-flex_interpolation.adb:9:32

 info: overflow check proved
--> mj-flex_interpolation.adb:9:34

 info: overflow check proved
--> mj-flex_interpolation.adb:9:53

 info: overflow check proved
--> mj-flex_interpolation.adb:9:58

 info: assertion proved
--> mj-flex_interpolation.adb:10:32

 info: overflow check proved
--> mj-flex_interpolation.adb:10:34

 info: overflow check proved
--> mj-flex_interpolation.adb:10:43

 info: overflow check proved
--> mj-flex_interpolation.adb:10:52

 info: overflow check proved
--> mj-flex_interpolation.adb:10:57
Success: all checks proved (16 checks).
Summary logged in /var/tmp/sparkling-recovery-flex-interpolation4-20261003/proof/Flat_Bound/validation/obj/gnatprove/gnatprove.out
guarded: elapsed 3.3 s, peak group RSS 134 MB
