Phase 1 of 3: generation of data representation information ...
Phase 2 of 3: generation of Global contracts ...
Phase 3 of 3: flow analysis and proof ...
 info: precondition proved
--> mj-flex_interpolation.adb:97:37

 info: range check proved
--> mj-flex_interpolation.adb:99:27

 info: range check proved
--> mj-flex_interpolation.adb:100:27

 info: range check proved
--> mj-flex_interpolation.adb:101:27

 info: index check proved
--> mj-flex_interpolation.adb:104:19

 info: precondition proved
--> mj-flex_interpolation.adb:104:25

 info: loop invariant initialization proved
--> mj-flex_interpolation.adb:105:43

 info: loop invariant preservation proved
--> mj-flex_interpolation.adb:105:43

 info: index check proved
--> mj-flex_interpolation.adb:106:21

 info: precondition proved
--> mj-flex_interpolation.adb:106:26

 info: loop invariant initialization proved
--> mj-flex_interpolation.adb:107:43

 info: loop invariant preservation proved
--> mj-flex_interpolation.adb:107:43

 info: overflow check proved
--> mj-flex_interpolation.adb:107:59

 info: index check proved
--> mj-flex_interpolation.adb:107:91

 info: initialization of "Local" proved
--> mj-flex_interpolation.ads:86:22

 info: initialization of "Indices" proved
--> mj-flex_interpolation.ads:86:39

 info: data dependencies proved
--> mj-flex_interpolation.ads:87:11

 info: postcondition proved
--> mj-flex_interpolation.ads:90:16

 info: range check proved
--> mj-flex_interpolation.ads:90:60

 info: index check proved
--> mj-flex_interpolation.ads:92:21

 info: precondition proved
--> mj-flex_interpolation.ads:92:26

 info: precondition proved
--> mj-flex_interpolation.ads:92:51

 info: index check proved
--> mj-flex_interpolation.ads:93:85
Success: all checks proved (23 checks).
Summary logged in /var/tmp/sparkling-recovery-flex-interpolation5-20261003/proof/Lookup/validation/obj/gnatprove/gnatprove.out
guarded: elapsed 26.1 s, peak group RSS 195 MB
