SUCCESS 0
SUCCESS 0
SUCCESS 0
SUCCESS 1 0 1
SUCCESS 0
SUCCESS 1 0 1
SUCCESS 0
SUCCESS 0
SUCCESS 1 0 1
SUCCESS 1 0 1
SUCCESS 1 0 1
SUCCESS 1 0 1
SUCCESS 1 0 1
SUCCESS 1 0 1
SUCCESS 0
SUCCESS 0
SUCCESS 0
SUCCESS 47 2 3 3 4 6 14 5 13 9 10 1 9 14 15 8 9 13 21 9 18 9 17 8 17 21 22 22 23 16 17 21 29 20 29 16 24 28 29 20 28 23 31 28 36 27 36 31 39 24 32 27 35 33 34 34 35 39 47 34 43 35 43 46 47 38 46 34 42 40 41 41 42 45 54 46 54 43 51 42 50 52 53 53 54 54 62 58 59 53 61 49 57 59 60
SUCCESS 50 16 24 24 32 8 16 16 17 8 17 41 49 40 41 9 17 8 9 49 57 1 9 9 18 1 10 9 10 33 34 34 42 42 50 34 43 34 35 35 43 2 3 58 59 19 27 27 35 3 4 27 36 59 60 27 28 19 28 28 36 20 28 28 29 20 29 37 44 52 53 53 61 5 13 13 21 45 54 53 54 21 22 46 54 38 46 6 14 22 23 23 31 46 47 14 15 31 39 39 47
SUCCESS 46 2 3 3 4 5 13 1 10 1 9 9 10 4 12 8 9 14 15 8 17 9 17 12 20 8 16 21 22 22 23 16 24 20 28 19 28 28 29 23 31 27 28 19 27 31 39 27 36 24 32 27 35 34 35 33 34 35 43 34 43 39 47 46 47 38 46 34 42 40 41 46 54 45 54 42 50 41 49 53 54 52 53 53 61 52 61 49 57 58 59 59 60
SUCCESS 44 16 24 8 16 24 32 40 41 41 49 8 17 8 9 0 9 9 17 49 57 1 9 9 10 34 42 33 34 26 34 26 35 34 35 2 3 34 43 58 59 11 19 19 27 27 35 3 4 59 60 27 28 19 28 4 12 12 20 28 29 52 61 52 53 53 61 45 53 53 54 45 54 21 22 46 54 38 46 46 47 23 31 14 15 31 39 39 47
SUCCESS 46 16 24 8 16 0 8 40 41 8 9 0 9 41 49 9 17 1 9 49 57 9 10 33 34 34 42 1 2 26 34 2 3 26 35 58 59 11 19 26 27 27 35 19 27 3 4 27 28 19 28 59 60 4 12 12 20 52 61 44 53 52 53 53 61 20 21 45 53 53 54 45 54 21 22 46 54 13 14 30 38 38 46 14 23 46 47 14 15 23 31 31 39
SUCCESS 46 16 24 8 16 0 8 8 9 0 9 41 49 33 41 1 9 49 57 33 34 9 10 34 42 1 2 18 26 26 34 2 3 26 35 58 59 26 27 11 19 19 27 19 28 27 28 59 60 52 60 44 52 4 12 12 20 44 53 20 21 45 53 37 45 53 54 45 54 21 22 45 46 14 22 13 14 38 46 30 38 14 23 46 47 14 15 15 23 23 31 38 39
SUCCESS 49 16 24 8 16 48 56 0 8 8 9 0 9 41 49 33 41 32 33 1 9 49 57 33 34 25 34 9 10 34 42 1 2 57 58 26 34 18 26 2 3 58 59 26 35 26 27 11 19 19 27 51 59 27 28 19 28 52 60 51 52 44 52 4 12 19 20 12 20 44 53 20 21 45 53 37 45 21 22 45 46 22 30 13 14 14 22 30 38 38 46 14 23 14 15 15 23 38 39
SUCCESS 46 40 48 8 16 48 56 0 8 8 9 0 9 41 49 33 41 32 33 1 9 49 57 33 34 25 34 34 42 1 2 57 58 26 34 18 26 58 59 2 3 26 27 11 19 19 27 51 59 27 28 51 60 51 52 52 60 19 20 36 44 44 52 4 12 44 53 20 21 29 37 37 45 21 22 45 46 14 22 13 14 22 30 30 38 14 15 14 23 15 23 38 39
SUCCESS 46 1 2 2 3 1 9 0 9 4 12 0 8 8 9 7 15 3 11 13 14 14 15 8 16 14 23 15 23 11 19 19 20 14 22 20 21 19 27 18 26 26 27 22 30 21 29 26 34 25 34 38 39 29 37 33 34 32 33 34 42 37 45 45 46 33 41 36 44 41 49 44 53 44 52 40 48 51 52 52 60 51 60 48 56 55 63 51 59 58 59 57 58
SUCCESS 43 0 1 1 2 6 7 2 3 4 12 8 9 7 15 3 11 13 14 14 15 11 19 15 23 19 20 14 22 20 21 19 27 26 27 18 26 22 30 21 29 26 34 25 34 38 39 29 37 33 34 32 33 33 41 37 45 45 46 44 45 36 44 41 49 44 53 44 52 40 48 51 52 48 56 52 60 55 63 51 59 58 59 57 58 54 62
SUCCESS 46 40 48 48 56 8 9 33 41 24 33 32 33 0 1 41 49 25 33 25 34 1 2 57 58 26 34 18 26 58 59 50 59 26 27 3 11 50 51 51 59 18 19 19 27 11 19 43 51 43 52 51 52 19 20 36 44 44 52 4 12 44 53 20 21 21 29 44 45 29 37 13 14 14 22 54 62 14 15 6 15 38 39 15 23 7 15 6 7 47 55 55 63
SUCCESS 45 32 40 48 56 8 9 32 33 24 33 33 41 0 1 41 49 25 33 17 25 25 34 1 2 57 58 26 34 10 18 18 26 58 59 50 59 26 27 51 59 50 51 18 19 3 11 11 19 43 51 43 52 51 52 19 20 44 52 36 44 20 21 21 29 44 45 29 37 13 14 14 22 6 14 54 62 6 15 38 39 39 47 6 7 7 15 55 63 47 55
SUCCESS 41 0 1 6 7 1 2 3 11 6 15 6 14 13 14 11 19 14 22 10 18 18 19 19 20 20 21 21 29 26 27 17 25 25 26 24 25 26 34 25 34 29 37 24 33 25 33 38 39 32 33 33 41 36 44 44 45 32 40 39 47 44 52 43 52 47 55 51 52 43 51 50 51 51 59 50 59 55 63 54 62 57 58
SUCCESS 39 0 1 6 7 6 14 5 14 13 14 12 13 14 22 10 18 18 19 13 21 19 20 21 29 17 25 25 26 24 25 29 37 24 33 37 38 38 39 24 32 36 44 33 41 44 45 32 40 39 47 43 44 43 52 51 52 43 51 47 55 46 54 50 51 51 59 50 59 55 63 62 63 54 62 57 58 56 57
SUCCESS 42 32 40 24 32 16 24 24 33 0 1 56 57 24 25 9 17 17 25 57 58 49 58 25 26 10 18 50 59 51 59 50 51 18 19 43 51 19 20 20 28 43 44 28 36 36 44 44 45 12 13 13 21 21 29 29 37 13 14 5 14 37 38 14 22 5 6 6 14 46 54 54 62 38 39 6 7 39 47 62 63 31 39 47 55
SUCCESS 44 6 7 5 6 5 14 6 14 2 10 1 9 13 14 12 13 10 18 14 22 18 19 13 21 9 17 19 20 21 29 17 25 25 26 20 28 24 25 16 24 29 37 24 33 28 36 24 32 31 39 37 38 38 39 36 44 32 40 39 47 43 44 35 43 44 45 43 51 42 51 46 54 50 51 51 59 50 59 62 63 54 62 49 58 50 58 56 57
SUCCESS 45 32 40 24 32 16 24 24 33 1 9 56 57 24 25 17 25 9 17 49 58 25 26 50 58 49 50 17 18 2 10 50 51 42 51 51 59 18 19 35 43 35 44 43 44 20 28 11 12 28 36 36 44 44 45 12 13 13 21 21 29 13 14 5 14 38 46 37 38 6 14 5 6 46 54 54 62 38 39 6 7 54 63 62 63 30 31 31 39 39 47
SUCCESS 46 6 7 0 1 5 6 6 14 5 14 2 10 1 9 4 13 12 13 11 12 13 21 9 17 17 18 18 19 17 25 20 28 24 25 16 24 25 26 23 31 30 31 24 32 28 36 24 33 31 39 30 39 37 38 35 44 39 47 35 43 43 44 38 46 34 42 44 45 42 51 46 54 50 51 42 50 49 50 54 62 50 58 49 58 62 63 53 61 49 57 56 57
SUCCESS 45 24 32 16 24 0 1 56 57 24 25 1 9 49 57 41 49 9 17 49 58 49 50 50 58 17 18 2 10 34 42 42 50 42 51 18 19 27 35 35 43 43 44 35 44 11 12 12 20 20 28 28 36 12 13 4 13 13 21 53 61 5 13 5 14 37 38 38 46 5 6 6 14 61 62 46 54 54 62 30 39 62 63 30 31 31 39 39 47 23 31
SUCCESS 39 24 32 16 24 56 57 24 25 49 57 1 9 41 49 9 17 49 58 49 50 17 18 34 42 42 50 18 19 19 27 35 43 27 35 43 44 11 12 12 20 4 12 4 13 13 21 4 5 5 13 53 61 5 14 37 38 5 6 6 14 38 46 61 62 46 54 30 39 62 63 30 31 31 39 39 47 23 31
SUCCESS 16 4 24 4 46 24 46 21 46 44 46 21 44 27 53 22 55 34 51 2 41 5 57 15 16 15 38 45 54 8 33 30 47
SUCCESS 43 5 6 4 5 1 9 5 13 4 13 4 12 10 11 11 12 9 17 12 20 8 16 17 18 18 19 11 19 16 24 23 31 19 27 24 25 29 30 31 39 30 39 27 35 26 34 29 38 36 37 34 43 38 46 42 43 34 42 43 44 46 54 41 50 45 53 41 49 49 50 54 55 44 52 48 49 53 61 48 57 49 57 61 62 52 60
SUCCESS 47 16 24 8 16 48 57 48 49 49 57 16 17 1 9 9 17 41 49 41 50 49 50 17 18 26 34 34 42 18 19 42 43 34 43 10 11 11 19 19 27 27 35 43 44 11 12 12 20 44 52 4 12 3 4 52 60 4 13 36 37 37 45 4 5 60 61 53 61 45 53 5 6 29 38 61 62 29 30 30 38 38 46 22 31 31 39 54 55 22 23 23 31 15 23
SUCCESS 47 0 8 16 24 8 16 48 49 40 49 48 57 49 57 16 17 1 9 9 17 33 41 41 49 41 50 49 50 26 34 34 42 18 19 34 43 42 43 10 11 11 19 19 27 43 44 4 12 3 4 44 52 52 60 4 13 36 37 37 45 4 5 60 61 28 29 45 53 53 61 29 38 61 62 30 38 29 30 38 46 30 31 22 31 31 39 54 55 22 23 23 31 15 23
SUCCESS 45 48 56 0 8 16 24 8 16 40 49 48 49 49 57 16 17 1 9 41 49 33 41 41 42 34 42 26 34 42 43 10 11 11 19 51 59 19 27 3 12 3 4 4 12 44 52 52 60 36 37 4 13 4 5 60 61 37 45 28 29 29 37 45 53 29 38 61 62 29 30 30 38 53 54 22 30 30 31 22 31 54 55 55 63 23 31 22 23 15 23
SUCCESS 46 48 56 0 8 8 16 40 49 48 49 49 57 16 17 33 41 41 49 18 26 41 42 9 10 26 34 34 42 42 43 10 19 10 11 11 19 51 59 19 27 3 11 3 12 3 4 4 12 44 52 52 60 36 37 4 5 60 61 28 29 29 37 37 45 45 53 29 38 29 30 30 38 53 54 22 30 14 22 22 31 54 55 55 63 14 23 22 23 7 15 15 23
SUCCESS 46 4 5 3 4 3 12 4 12 0 8 7 15 3 11 10 11 9 10 11 19 10 19 14 23 8 16 22 23 14 22 16 17 19 27 22 30 18 26 28 29 21 29 29 30 26 34 29 38 34 35 29 37 36 37 35 36 37 45 33 41 41 42 36 44 41 49 40 49 44 52 48 49 40 48 53 54 54 55 48 56 52 60 49 57 51 59 60 61 54 63 55 63
SUCCESS 40 48 56 40 48 48 49 40 49 41 49 33 41 41 42 18 26 9 10 10 18 26 34 11 19 34 35 51 59 3 11 19 27 35 36 3 12 36 44 3 4 4 12 59 60 44 52 60 61 28 29 29 37 21 29 29 30 21 30 29 38 53 54 6 14 14 22 22 30 54 55 14 23 22 23 54 63 55 63 7 15
SUCCESS 40 48 56 40 48 48 49 40 49 8 9 33 41 9 18 41 42 9 10 10 18 18 26 26 34 11 19 34 35 3 11 51 59 35 36 3 4 4 12 36 44 59 60 44 52 60 61 28 29 29 37 21 29 21 30 29 30 53 54 54 62 6 14 22 30 14 22 22 23 14 23 54 55 54 63 55 63 46 47 7 15
SUCCESS 45 24 32 40 48 32 40 40 49 8 9 33 41 25 33 9 18 41 42 9 10 10 18 18 26 26 34 33 34 2 11 11 19 34 35 43 51 2 3 3 11 51 59 35 36 3 4 36 44 59 60 28 36 44 52 28 29 29 37 21 29 21 30 29 30 53 54 54 62 14 22 6 14 46 54 22 23 14 23 54 55 55 63 47 55 46 47 39 47 7 15
SUCCESS 46 3 4 2 3 2 11 3 11 7 15 6 14 8 9 9 10 11 19 14 22 9 18 10 18 14 23 22 23 13 21 21 22 18 26 20 29 21 29 21 30 29 30 17 25 28 29 27 28 29 37 25 33 33 34 28 36 24 32 34 35 35 36 36 44 32 40 40 41 41 42 39 47 46 47 44 52 47 55 43 51 46 54 53 54 51 59 59 60 54 62 58 59
SUCCESS 45 3 4 2 3 3 11 2 11 6 14 8 9 2 10 9 10 14 22 10 18 9 18 22 23 13 21 21 22 9 17 21 29 20 29 17 25 28 29 27 28 25 33 29 37 33 34 28 36 31 39 24 32 34 35 35 36 36 44 32 40 40 41 39 47 41 42 46 47 44 52 47 55 46 55 43 51 46 54 53 54 51 59 54 62 50 58 58 59 59 60
SUCCESS 42 3 4 2 3 6 14 3 11 2 11 2 10 8 9 9 10 9 18 14 22 21 22 13 21 9 17 20 29 21 29 17 25 28 29 27 28 25 33 29 37 28 36 33 34 24 32 31 39 34 35 36 44 32 40 40 41 39 47 35 43 46 47 43 51 47 55 46 55 46 54 52 53 53 54 51 59 54 62 58 59 50 58 59 60
SUCCESS 38 24 32 32 40 40 41 8 9 9 17 17 25 25 33 1 9 33 34 2 10 50 58 34 35 2 3 35 43 58 59 43 51 59 60 27 28 28 36 36 44 51 52 28 29 20 29 53 61 52 53 21 29 13 21 53 54 21 22 54 62 46 54 14 22 6 14 46 47 47 55 14 15 39 47 31 39
SUCCESS 42 16 24 24 32 40 41 8 9 9 17 1 9 49 57 1 10 33 34 34 42 2 10 42 50 50 58 34 35 2 3 58 59 35 43 43 51 59 60 28 36 27 28 19 28 36 44 51 52 20 28 28 29 20 29 53 61 52 53 21 29 13 21 53 54 45 54 21 22 54 62 46 54 45 46 6 14 38 47 14 15 39 47 31 39
SUCCESS 44 16 24 24 32 40 41 8 9 9 17 32 33 1 9 49 57 1 10 33 34 34 42 42 50 2 3 34 35 58 59 35 43 27 35 26 27 43 51 59 60 19 28 27 28 28 36 36 44 51 52 20 28 12 20 28 29 20 29 53 61 52 53 21 29 20 21 13 21 45 54 21 22 45 46 46 54 54 62 6 14 38 47 14 15 39 47 31 39
SUCCESS 41 16 24 8 16 24 32 8 9 9 17 32 33 1 9 49 57 33 34 1 10 34 42 42 50 2 3 58 59 26 27 27 35 35 43 19 27 19 28 27 28 28 36 51 52 20 28 12 20 20 29 52 53 53 61 20 21 5 13 13 21 45 54 21 22 46 54 45 46 6 14 38 47 14 15 38 39 39 47 23 31 31 39
SUCCESS 43 13 14 5 13 1 9 0 9 4 12 8 9 14 15 9 17 20 21 12 20 8 16 16 24 20 28 19 28 23 31 27 28 19 27 26 27 31 39 29 36 24 32 27 35 32 33 38 39 26 34 33 34 38 47 39 47 38 46 46 47 34 42 44 45 45 46 46 54 45 54 42 50 41 49 51 52 52 53 53 61 57 58 49 57 58 59
SUCCESS 45 1 2 5 13 0 9 1 9 13 14 4 12 8 9 14 15 9 17 12 20 20 21 8 16 11 19 19 20 16 24 19 28 23 31 19 27 27 28 26 27 31 39 24 32 29 36 27 35 30 38 38 39 32 33 26 34 33 34 39 47 38 46 34 42 44 45 45 46 46 54 45 54 50 51 41 49 44 53 51 52 52 53 53 61 49 57 57 58 58 59
SUCCESS 43 1 2 1 9 0 9 5 13 13 14 4 12 8 9 14 15 8 16 12 20 20 21 19 20 11 19 16 24 19 28 23 31 27 28 19 27 26 27 31 39 27 35 29 36 38 39 30 38 26 34 32 33 33 34 38 46 37 46 34 42 44 45 45 46 46 54 45 54 44 53 45 53 41 49 51 52 53 61 49 57 57 58 52 60 58 59
SUCCESS 13 11 59 11 62 59 62 1 17 51 59 51 62 7 18 25 30 28 32 36 45 10 61 36 54 3 6
SUCCESS 46 8 16 48 56 16 24 0 8 0 9 32 33 33 41 1 9 41 49 49 57 25 34 1 2 57 58 26 34 25 26 34 42 18 26 58 59 26 27 18 27 51 59 19 27 11 19 19 28 51 52 52 60 19 20 44 52 36 44 4 12 12 20 44 53 45 53 44 45 37 45 45 46 37 46 13 14 14 22 37 38 38 46 30 38 30 39 38 39 15 23 23 31
SUCCESS 49 1 2 6 7 1 9 0 9 4 12 12 13 0 8 13 14 7 15 8 16 11 19 15 23 19 20 14 22 18 19 23 31 19 27 18 27 16 24 22 30 18 26 25 26 30 38 26 34 25 34 38 39 29 37 37 38 32 33 34 42 37 46 33 41 37 45 45 46 44 45 36 44 43 44 41 49 44 53 45 53 44 52 51 52 50 51 49 57 52 60 48 56 56 57 51 59 57 58
SUCCESS 43 0 1 6 7 1 9 0 9 4 12 0 8 12 13 7 15 13 14 11 19 15 23 19 20 14 22 18 19 18 27 19 27 22 30 18 26 25 26 26 34 25 34 29 38 38 39 29 37 37 38 32 33 34 42 33 41 37 45 36 44 44 45 43 44 41 49 44 53 45 53 44 52 50 51 51 52 52 60 48 56 56 57 55 63 51 59
SUCCESS 44 0 8 48 56 32 33 0 1 33 41 56 57 24 25 41 49 25 34 25 26 26 34 18 26 18 27 50 51 51 59 18 19 19 27 11 19 3 11 19 20 44 52 43 44 52 60 4 12 36 44 44 53 44 45 36 45 12 13 21 29 37 45 29 37 13 14 29 38 37 38 14 22 54 62 22 30 38 39 7 15 6 7 30 31 15 23 55 63
SUCCESS 42 48 56 0 1 56 57 33 41 24 25 25 33 41 49 25 34 25 26 26 34 49 50 10 18 50 51 51 59 18 19 19 27 3 11 11 19 43 52 19 20 43 44 44 52 4 12 36 44 44 45 36 45 12 13 21 29 29 37 13 14 37 38 29 38 14 22 54 62 22 30 38 39 6 7 7 15 54 63 30 31 47 55 55 63
SUCCESS 45 32 40 48 56 0 1 24 33 9 16 56 57 24 25 25 33 33 41 41 49 17 26 26 34 49 50 10 18 50 51 51 59 10 19 18 19 43 51 11 19 3 11 19 20 43 52 43 44 44 52 11 12 36 44 12 13 44 45 36 45 21 29 29 37 13 14 37 38 29 38 6 14 14 22 54 62 38 39 6 7 54 63 7 15 30 31 55 63 47 55
SUCCESS 45 0 1 6 7 5 6 3 11 11 12 6 14 12 13 11 19 10 19 14 22 10 18 18 19 9 16 17 26 21 29 30 31 17 25 24 25 26 34 29 37 37 38 29 38 25 33 24 33 38 39 35 44 36 44 32 40 39 47 43 44 42 43 44 52 43 52 47 55 43 51 50 51 49 50 51 59 55 63 54 63 48 56 54 62 62 63 56 57 61 62
SUCCESS 43 6 7 4 5 5 6 3 11 11 12 6 14 12 13 10 19 14 22 18 19 10 18 13 21 9 17 17 26 21 29 17 25 30 31 24 25 27 34 29 37 24 33 25 33 37 38 36 37 28 36 24 32 35 44 36 44 32 40 39 47 43 44 42 43 44 52 48 49 47 55 43 51 49 50 51 59 55 63 54 63 54 62 62 63 61 62
SUCCESS 48 6 7 4 5 5 6 3 11 5 14 6 14 11 12 2 10 12 13 10 19 14 22 18 19 10 18 9 18 13 21 17 18 9 17 21 29 17 26 17 25 24 25 30 31 29 37 25 33 24 33 27 34 36 37 28 36 24 32 31 39 35 44 36 44 32 40 39 47 43 44 42 43 47 55 42 51 43 51 48 49 49 50 51 59 54 63 62 63 54 62 50 58 56 57 61 62
SUCCESS 47 4 5 5 6 5 14 6 14 3 11 2 10 11 12 12 13 9 18 10 18 14 22 18 19 13 21 17 18 9 17 16 17 21 29 17 25 29 30 24 25 16 24 30 31 24 33 29 37 28 36 36 37 24 32 31 39 35 44 36 44 32 40 39 47 43 44 42 43 42 51 43 51 47 55 46 54 48 49 49 50 51 59 54 63 62 63 54 62 50 58 56 57 61 62
SUCCESS 43 24 32 16 24 56 57 16 25 24 25 48 49 1 9 16 17 9 17 17 25 49 50 9 18 17 18 50 58 2 10 42 51 42 43 43 51 10 11 43 44 35 44 11 12 36 44 20 28 28 36 36 37 13 21 4 5 53 61 21 29 5 6 6 14 61 62 29 30 46 54 54 62 14 22 54 63 62 63 30 31 31 39 54 55 39 47
SUCCESS 44 24 32 16 24 16 25 24 25 49 57 48 49 1 9 16 17 9 17 17 25 17 18 9 18 49 50 50 58 34 42 2 10 42 43 34 43 43 51 10 11 35 43 35 44 11 12 35 36 3 4 20 28 28 36 36 37 4 5 5 13 13 21 53 61 5 6 53 62 61 62 6 14 29 30 38 46 46 54 54 62 30 31 31 39 54 55 39 47
SUCCESS 45 24 32 16 24 16 25 48 49 49 57 16 17 1 9 9 17 41 49 17 18 9 18 49 50 50 58 42 50 34 42 2 10 34 43 10 11 35 43 27 35 35 44 11 12 35 36 3 4 20 28 28 36 4 13 36 37 4 5 5 13 13 21 28 29 53 61 5 6 61 62 53 62 29 30 6 14 38 46 54 62 46 54 31 39 54 55 23 31 39 47
SUCCESS 45 24 32 16 24 48 49 49 57 16 17 1 9 9 17 41 49 9 18 17 18 49 50 41 42 42 50 34 42 9 10 2 10 34 43 10 11 19 27 35 43 27 35 11 12 35 36 12 20 4 12 3 4 20 28 4 13 4 5 5 13 28 29 53 61 5 6 61 62 53 62 29 30 6 14 54 62 38 46 46 54 54 55 31 39 23 31 22 23 39 47
SUCCESS 42 24 32 16 24 8 16 48 49 49 57 16 17 9 17 1 9 41 49 17 18 49 50 41 50 42 50 41 42 34 42 9 10 34 43 10 11 35 43 19 27 27 35 11 12 35 36 3 4 4 12 12 20 4 5 4 13 5 13 28 29 53 61 45 53 61 62 29 30 53 54 38 46 46 54 54 55 7 14 22 23 23 31 31 39
SUCCESS 45 3 4 4 5 1 9 5 13 4 13 7 14 9 10 4 12 10 11 9 17 12 20 16 17 8 16 11 19 22 23 16 24 23 31 28 29 19 27 29 30 31 39 24 32 27 35 35 36 26 34 30 38 34 43 38 46 34 42 41 42 46 54 42 50 41 50 53 54 45 53 41 49 54 55 44 52 48 49 53 61 49 57 61 62 60 61 52 60 59 60
SUCCESS 41 4 5 3 4 1 9 7 14 9 10 4 12 10 11 9 17 12 20 8 16 16 17 11 19 22 23 16 24 23 31 19 27 28 29 29 30 31 39 27 35 35 36 26 34 30 38 38 46 34 43 34 42 41 42 46 54 45 53 53 54 40 49 41 49 44 52 54 55 48 49 53 61 52 61 49 57 59 60 60 61 52 60
SUCCESS 44 48 56 16 24 0 8 8 16 48 49 40 49 16 17 41 49 40 41 49 57 9 17 1 9 33 41 33 42 41 42 9 10 34 42 26 34 34 43 10 11 11 19 34 35 19 27 3 4 4 12 59 60 52 60 44 52 60 61 52 61 29 37 28 29 53 61 37 45 45 53 29 30 53 54 30 38 38 46 54 55 22 23 14 23 23 31 31 39
SUCCESS 43 3 4 1 9 4 12 0 8 8 9 9 10 10 11 7 15 8 16 14 23 16 17 11 19 22 23 21 22 16 24 23 31 19 27 22 30 28 29 31 39 26 34 34 35 30 38 29 37 34 42 33 42 37 45 41 42 33 41 40 41 41 49 40 49 45 53 53 54 44 52 48 49 54 55 49 57 52 60 60 61 48 56 59 60 51 59
SUCCESS 7 17 59 2 34 27 48 49 58 36 51 45 52 29 45
SUCCESS 41 3 4 2 3 4 12 0 8 8 9 3 11 7 15 14 15 9 10 14 23 11 19 14 22 21 22 19 27 22 30 18 26 28 29 21 29 26 34 34 35 29 37 33 42 37 45 33 41 41 42 36 44 46 47 40 41 41 49 40 49 44 52 52 53 53 54 40 48 48 56 49 57 60 61 51 59 59 60 55 63 58 59
SUCCESS 40 48 56 40 48 0 8 40 49 41 49 40 41 8 9 33 41 9 10 10 18 33 34 18 26 26 34 34 35 2 3 3 11 58 59 11 19 19 27 51 59 3 4 59 60 51 60 4 12 36 44 44 52 28 29 52 53 29 37 21 29 53 54 22 30 21 22 6 14 14 22 14 23 46 47 14 15 55 63 7 15
SUCCESS 44 48 56 40 48 0 8 40 49 32 41 40 41 8 9 33 41 25 33 9 10 33 34 25 34 10 18 26 34 18 26 34 35 2 3 3 11 58 59 11 19 51 59 3 4 59 60 51 60 27 28 4 12 36 44 44 52 28 29 52 53 21 29 29 37 53 54 21 22 22 30 54 62 14 22 6 14 14 23 47 55 46 47 14 15 55 63 7 15
SUCCESS 47 40 48 24 32 32 40 8 9 32 41 40 41 49 56 33 41 25 33 33 34 25 34 10 18 1 2 26 34 18 26 34 35 2 3 3 11 50 59 58 59 11 19 43 51 51 59 3 4 59 60 28 36 27 28 36 44 44 52 28 29 52 53 21 29 20 21 29 37 53 54 21 22 22 30 46 54 54 62 14 22 13 14 6 14 14 23 46 47 47 55 14 15 7 15
SUCCESS 48 40 48 24 32 32 40 8 9 32 41 40 41 49 56 33 41 25 33 25 34 33 34 10 18 1 2 57 58 18 26 50 58 34 35 2 3 3 11 50 59 58 59 11 19 51 59 43 51 27 28 28 36 51 52 36 44 44 52 20 29 52 53 20 21 21 29 29 37 53 54 21 22 13 22 46 54 45 46 14 22 13 14 54 62 6 14 14 23 46 47 47 55 14 15 39 47
SUCCESS 46 1 2 3 11 6 14 14 15 2 10 8 9 13 14 11 19 14 22 13 22 10 18 13 21 21 22 9 17 20 21 20 29 21 29 18 26 17 25 27 28 25 33 29 37 33 34 28 36 31 39 24 32 36 44 32 41 32 40 39 47 46 47 45 46 44 52 43 51 51 52 47 55 42 49 46 54 52 53 53 54 51 59 50 59 54 62 58 59 50 58 57 58
SUCCESS 40 32 40 24 32 8 9 9 17 24 33 17 25 25 33 33 34 42 49 2 10 1 2 57 58 50 58 50 59 58 59 43 51 51 59 11 19 27 28 28 36 51 52 36 44 20 29 20 21 21 29 13 21 21 22 13 22 46 54 45 46 14 22 13 14 54 62 6 14 46 47 14 15 39 47 38 39 47 55 31 39
SUCCESS 42 1 2 6 14 14 15 2 10 13 14 8 9 1 9 14 22 13 22 13 21 21 22 9 17 19 20 21 29 20 29 17 25 27 28 26 27 25 33 24 33 28 36 31 39 32 33 24 32 33 34 38 39 36 44 32 40 39 47 38 47 35 43 45 46 43 51 47 55 46 54 51 52 51 59 50 59 54 62 58 59 50 58 57 58
SUCCESS 44 16 24 24 32 8 9 24 33 32 33 1 9 0 1 9 17 17 25 33 34 1 2 49 58 57 58 2 10 42 50 58 59 50 59 26 27 27 35 43 51 35 43 19 28 51 52 28 36 19 20 20 28 36 44 12 21 20 29 21 29 53 61 44 45 13 21 45 46 46 54 5 14 13 14 54 62 6 14 38 47 14 15 38 39 39 47 31 39
SUCCESS 44 16 24 24 32 8 9 32 33 24 33 1 9 0 1 9 17 49 57 33 34 57 58 49 58 2 10 42 50 58 59 26 27 27 35 50 51 35 43 43 51 19 28 51 52 19 20 20 28 36 44 12 21 21 29 53 61 44 45 13 21 12 13 5 13 45 46 13 14 5 14 46 54 6 14 54 62 14 15 38 47 38 39 39 47 6 7 31 39
SUCCESS 42 8 16 16 24 24 32 32 33 1 9 0 1 56 57 49 57 9 17 33 34 49 58 57 58 34 42 42 50 26 27 27 35 50 51 19 27 18 19 35 43 19 28 51 52 19 20 20 28 12 20 20 21 12 21 44 45 13 21 12 13 53 61 5 13 45 46 13 14 5 14 46 54 38 39 30 39 39 47 6 7 31 39 23 31
SUCCESS 44 6 7 0 1 5 14 13 14 5 13 1 9 0 9 12 13 4 12 9 17 13 21 12 21 8 16 20 21 12 20 18 19 19 20 20 28 19 28 16 24 23 31 19 27 26 27 31 39 30 39 24 32 27 35 32 33 38 39 30 38 39 47 43 44 38 46 34 42 44 45 46 54 42 50 50 51 41 49 49 58 53 61 57 58 49 57 56 57
SUCCESS 50 6 7 0 1 4 13 1 9 0 9 13 14 5 14 12 13 4 12 9 17 12 21 8 16 12 20 19 20 11 19 18 19 20 28 19 28 16 24 24 25 23 31 19 27 26 27 25 26 30 39 31 39 24 32 27 35 38 39 30 38 26 34 32 33 37 38 39 47 38 46 37 46 43 44 34 42 44 45 46 54 42 50 50 51 45 53 41 49 53 61 49 58 49 57 57 58 62 63 56 57
SUCCESS 42 5 6 6 7 0 1 1 9 0 9 4 13 13 14 12 13 4 12 8 16 12 20 11 19 19 20 18 19 16 24 23 31 19 27 24 25 26 27 25 26 30 39 27 35 30 38 38 39 26 34 32 33 37 38 37 46 38 46 34 42 43 44 44 45 46 54 45 53 50 51 41 49 49 50 49 57 49 58 56 57 48 56 62 63
SUCCESS 39 8 16 48 56 16 24 1 9 56 57 24 25 49 57 41 49 25 26 26 34 49 50 34 42 50 51 19 27 18 19 11 19 19 20 11 20 44 52 43 44 12 20 4 12 44 45 4 13 12 13 45 53 36 37 13 14 37 46 37 38 38 46 29 38 5 6 30 38 38 39 30 39 6 7 62 63 23 31
SUCCESS 42 0 8 8 16 16 24 48 56 48 57 56 57 1 9 24 25 41 49 49 57 25 26 26 34 49 50 34 42 50 51 18 19 19 27 51 59 11 19 19 20 11 20 44 52 43 44 12 20 4 12 52 60 12 13 4 13 44 45 45 53 36 37 37 38 29 38 38 46 5 6 30 38 38 39 30 39 6 7 62 63 15 23 23 31
SUCCESS 46 0 8 16 24 48 56 48 57 56 57 24 25 1 9 33 41 49 57 41 49 25 26 26 34 49 50 34 42 18 19 10 19 19 27 51 59 11 19 11 20 19 20 43 44 44 52 11 12 4 12 36 44 52 60 4 13 12 13 44 45 45 53 36 37 37 45 29 37 37 38 29 38 5 6 14 22 30 38 22 30 30 39 6 7 62 63 30 31 23 31 15 23
SUCCESS 43 0 8 48 56 56 57 24 25 1 9 48 49 33 41 41 49 25 26 49 50 26 34 17 18 18 26 34 42 18 19 10 19 19 27 51 59 3 11 11 19 43 44 19 20 44 52 11 12 4 12 36 44 52 60 4 13 12 13 37 45 36 37 29 37 29 38 37 38 5 6 14 22 22 30 62 63 54 63 30 31 7 15 15 23 23 31
SUCCESS 43 5 6 4 12 0 8 7 15 3 11 11 12 11 19 10 19 15 23 14 22 18 19 17 18 19 27 30 31 22 30 18 26 29 30 25 26 24 25 26 34 29 38 29 37 37 38 36 37 33 41 36 45 37 45 36 44 42 43 43 44 41 49 44 52 40 48 48 49 49 50 48 56 52 60 56 57 55 63 54 63 51 59 61 62 54 62
