Setup
   [mkdir]        object directory for project Rigid
   [mkdir]        exec directory for project Rigid
Compile
   [Ada]          rigid_probe.adb
   [Ada]          mj.ads
   [Ada]          mj-rigid_detector.adb
   [Ada]          mj-rigid_geometry.ads
   [Ada]          mj-rigid_narrowphase.adb
   [Ada]          mj-types.ads
   [Ada]          mj-rigid_math.adb
   [Ada]          mj-rigid_support.adb
   [Ada]          mj-rigid_ccd.adb
   [Ada]          mj-rigid_primitives.adb
   [Ada]          mj-rigid_simplex.adb
Bind
   [gprbind]      rigid_probe.bexch
   [Ada]          rigid_probe.ali
Link
   [link]         rigid_probe.adb
guarded: elapsed 2.8 s, peak group RSS 125 MB
