counts 1.00000000000000000E+00 5.00000000000000000E+00
free -3.29135315250587057E+00 6.23709138948230333E+01 -2.55270772113864624E+01
acc 8.95012902192656057E+00 -2.89399999723132112E+02 -1.97236624178171205E+01
qfrc 4.89659286977328634E-02 -1.96991711626054311E+00 3.24991228439905910E-02
aref 2.27120092838970777E+02 1.85847771408081144E+01 1.90275774375154612E+01 1.92815351292401580E+01 1.83308194490834211E+01
reg 1.06516290726817129E+01 9.81654135338346813E-03 9.81654135338346813E-03 9.81654135338346813E-03 9.81654135338346813E-03
force 0.00000000000000000E+00 7.65401504396635801E+02 7.64503613138532501E+02 2.61520969153374972E+03 0.00000000000000000E+00
jac -0.00000000000000000E+00 -1.00000000000000000E+00 -0.00000000000000000E+00
jac 5.45343639954444168E-02 -3.90358979732242165E-02 3.61949429295506248E-02
jac -5.45343639954444168E-02 -3.90358979732242165E-02 -3.61949429295506248E-02
jac 0.00000000000000000E+00 2.20828575037462158E-02 0.00000000000000000E+00
jac 0.00000000000000000E+00 -1.00154653450194642E-01 0.00000000000000000E+00
state 9.99743487965805477E-01 9.36235866574312500E-03 -4.74956335640912535E-03 -2.00685365212057501E-02 2.47007613399467224E-01 -1.56102629398375314E+00 -5.20611977328753084E-01 1.00000000000000075E-01
counts 1.00000000000000000E+00 5.00000000000000000E+00
free 2.85867470926982881E+00 7.77060478460279569E+01 -3.59292589424212423E+01
acc 1.36804989723706321E+01 -2.97687421249421902E+02 -3.07988724314582214E+01
qfrc 4.32872970524087464E-02 -2.10220342693451911E+00 2.87301644613862095E-02
aref 2.37938528260480297E+02 1.87792130408429010E+01 1.95088332836310094E+01 1.90904135549788165E+01 1.91976327694950974E+01
reg 1.06516290726817129E+01 9.81654135338346813E-03 9.81654135338346813E-03 9.81654135338346813E-03 9.81654135338346813E-03
force 0.00000000000000000E+00 7.66810130514689831E+02 7.66016368675713920E+02 2.61438336937701524E+03 0.00000000000000000E+00
jac -0.00000000000000000E+00 -1.00000000000000000E+00 -0.00000000000000000E+00
jac 5.45343639954444168E-02 -3.90358979732242165E-02 3.61949429295506248E-02
jac -5.45343639954444168E-02 -3.90358979732242165E-02 -3.61949429295506248E-02
jac 0.00000000000000000E+00 2.20828575037462158E-02 0.00000000000000000E+00
jac 0.00000000000000000E+00 -1.00154653450194642E-01 0.00000000000000000E+00
state 9.99519395200065719E-01 1.30170117917221759E-02 -4.51559644524485854E-03 -2.77695050667698430E-02 3.51769702262826056E-01 -1.57407071509921703E+00 -7.41645132322135248E-01 1.00000000000000075E-01
