counts 4.00000000000000000E+00 1.60000000000000000E+01
free -1.49563474991651901E-01 9.55931769275592119E-02 -9.78605755032415559E+00 2.00201580345113683E+01 -3.16657005384264867E+00 1.92983422601896848E+01
acc -5.57474854527136188E+00 3.35380366276775765E+00 1.34290839844773018E+01 2.52427795079974659E+00 4.90387009961602516E+00 8.42994248096248988E+00
qfrc -5.42518507027970998E+00 3.25821048584019879E+00 2.32151415348014609E+01 -1.16639200558077361E-01 5.38029343563910523E-02 -7.24559985281813534E-02
aref 1.54317581575637579E+01 1.20474764387202313E+01 1.69285730599588931E+01 1.05506615363250944E+01 1.54889583169508178E+01 1.00934986385358663E+01 1.59801842395602431E+01 9.60227271592644271E+00 1.59068593678713484E+01 1.25225776490278200E+01 1.84092632500521987E+01 1.00201737668469733E+01 1.59640595272584083E+01 1.05685998488434585E+01 1.74608744296535434E+01 9.07178494644832156E+00
reg 5.15368421052632003E-02 5.15368421052632003E-02 5.15368421052632003E-02 5.15368421052632003E-02 5.15368421052632003E-02 5.15368421052632003E-02 5.15368421052632003E-02 5.15368421052632003E-02 5.15368421052632003E-02 5.15368421052632003E-02 5.15368421052632003E-02 5.15368421052632003E-02 5.15368421052632003E-02 5.15368421052632003E-02 5.15368421052632003E-02 5.15368421052632003E-02
force 2.14524299052556433E+00 6.71153816823839233E-01 2.63114455461576124E+00 1.85252252733573181E-01 2.65713080741740493E+00 1.41604457625233215E+00 3.25953384277603142E+00 8.13641540893705661E-01 1.56790106120082551E+00 9.38118874989626456E-02 1.93730115402279979E+00 0.00000000000000000E+00 2.07978887809266633E+00 8.38702646927662276E-01 2.56569044218293252E+00 3.52801082837396252E-01
jac 0.00000000000000000E+00 5.99999999999999978E-01 1.00000000000000000E+00 -4.15000000000000091E-02 1.00000000000000006E-01 -5.99999999999999978E-02
jac 0.00000000000000000E+00 -5.99999999999999978E-01 1.00000000000000000E+00 -1.58500000000000002E-01 1.00000000000000006E-01 5.99999999999999978E-02
jac -5.99999999999999978E-01 0.00000000000000000E+00 1.00000000000000000E+00 -1.00000000000000006E-01 1.58500000000000002E-01 -5.99999999999999978E-02
jac 5.99999999999999978E-01 0.00000000000000000E+00 1.00000000000000000E+00 -1.00000000000000006E-01 4.15000000000000091E-02 5.99999999999999978E-02
jac 0.00000000000000000E+00 5.99999999999999978E-01 1.00000000000000000E+00 -4.15000000000000091E-02 -1.00000000000000006E-01 5.99999999999999978E-02
jac 0.00000000000000000E+00 -5.99999999999999978E-01 1.00000000000000000E+00 -1.58500000000000002E-01 -1.00000000000000006E-01 -5.99999999999999978E-02
jac -5.99999999999999978E-01 0.00000000000000000E+00 1.00000000000000000E+00 -1.00000000000000006E-01 -4.15000000000000091E-02 -5.99999999999999978E-02
jac 5.99999999999999978E-01 0.00000000000000000E+00 1.00000000000000000E+00 -1.00000000000000006E-01 -1.58500000000000002E-01 5.99999999999999978E-02
jac 0.00000000000000000E+00 5.99999999999999978E-01 1.00000000000000000E+00 1.58500000000000002E-01 1.00000000000000006E-01 -5.99999999999999978E-02
jac 0.00000000000000000E+00 -5.99999999999999978E-01 1.00000000000000000E+00 4.15000000000000091E-02 1.00000000000000006E-01 5.99999999999999978E-02
jac -5.99999999999999978E-01 0.00000000000000000E+00 1.00000000000000000E+00 1.00000000000000006E-01 1.58500000000000002E-01 5.99999999999999978E-02
jac 5.99999999999999978E-01 0.00000000000000000E+00 1.00000000000000000E+00 1.00000000000000006E-01 4.15000000000000091E-02 -5.99999999999999978E-02
jac 0.00000000000000000E+00 5.99999999999999978E-01 1.00000000000000000E+00 1.58500000000000002E-01 -1.00000000000000006E-01 5.99999999999999978E-02
jac 0.00000000000000000E+00 -5.99999999999999978E-01 1.00000000000000000E+00 4.15000000000000091E-02 -1.00000000000000006E-01 -5.99999999999999978E-02
jac -5.99999999999999978E-01 0.00000000000000000E+00 1.00000000000000000E+00 1.00000000000000006E-01 -4.15000000000000091E-02 5.99999999999999978E-02
jac 5.99999999999999978E-01 0.00000000000000000E+00 1.00000000000000000E+00 1.00000000000000006E-01 -1.58500000000000002E-01 -5.99999999999999978E-02
state 7.94985217712682632E-04 -4.76487976049925230E-04 9.89811581527958173E-02 9.99999867215806137E-01 -2.12344458123557311E-05 -7.06457837216079276E-05 -5.10026119525955226E-04 2.68381190533233495E-04 -1.42070057052906507E-04 2.19969253933572050E-02 1.54233390719967596E-03 2.87412497190953509E-03 1.13246290601937182E-03 1.00000000000000075E-01
counts 4.00000000000000000E+00 1.60000000000000000E+01
free -5.48045932828430116E-02 3.58532265775782163E-02 -9.88751351952876156E+00 1.80589682861837417E+01 7.92954285006906279E+00 -5.51158185126983291E+00
acc -8.30524840587619728E+00 1.70578295353395393E+00 1.89788209537165287E+01 -8.59105073550992415E+00 -8.22781999666942099E+00 -4.16150466943577424E+00
qfrc -8.25044381259335502E+00 1.66992972695637665E+00 2.88663344732452885E+01 -1.77666793477957496E-01 -1.07715752311590085E-01 9.00051454556041741E-03
aref 1.98793621292706000E+01 1.82774633982274963E+01 2.39405697275070253E+01 1.42162557999910728E+01 2.10950792099410123E+01 2.04872841126689380E+01 2.56509029092172156E+01 1.59314604133927364E+01 1.81366721638929747E+01 1.65292761290941606E+01 2.16996743716063634E+01 1.29662739213807718E+01 1.93523892445633834E+01 1.87390968435356058E+01 2.34100075533165537E+01 1.46814785347824355E+01
reg 5.15368421052632003E-02 5.15368421052632003E-02 5.15368421052632003E-02 5.15368421052632003E-02 5.15368421052632003E-02 5.15368421052632003E-02 5.15368421052632003E-02 5.15368421052632003E-02 5.15368421052632003E-02 5.15368421052632003E-02 5.15368421052632003E-02 5.15368421052632003E-02 5.15368421052632003E-02 5.15368421052632003E-02 5.15368421052632003E-02 5.15368421052632003E-02
force 1.57319390612133070E+00 9.54033714734222049E-01 3.17696961662710198E+00 0.00000000000000000E+00 3.01883354935185455E+00 2.21606582921622097E+00 4.53304453741516600E+00 7.01854841152771747E-01 1.04906432276582584E+00 4.60223937104445091E-01 2.74913018359076000E+00 0.00000000000000000E+00 2.49470396599635036E+00 1.72225605158651307E+00 4.10520510437903141E+00 1.11754913203694461E-01
jac 0.00000000000000000E+00 5.99999999999999978E-01 1.00000000000000000E+00 -4.25925177355297724E-02 9.97145817021482112E-02 -6.01977231462171372E-02
jac 0.00000000000000000E+00 -5.99999999999999978E-01 1.00000000000000000E+00 -1.56791577720152758E-01 1.00526344279472227E-01 5.93408926202792716E-02
jac -5.99999999999999978E-01 0.00000000000000000E+00 1.00000000000000000E+00 -9.93972391242217007E-02 1.56962761292404385E-01 -6.06519493830020226E-02
jac 5.99999999999999978E-01 0.00000000000000000E+00 1.00000000000000000E+00 -9.99868563314608300E-02 4.32781646892160532E-02 5.97951188570641570E-02
jac 0.00000000000000000E+00 5.99999999999999978E-01 1.00000000000000000E+00 -4.26651223525917472E-02 -9.99157246252295461E-02 6.04155255522100393E-02
jac 0.00000000000000000E+00 -5.99999999999999978E-01 1.00000000000000000E+00 -1.56718973103090797E-01 -9.98411665491988343E-02 -6.00427298334642173E-02
jac -5.99999999999999978E-01 0.00000000000000000E+00 1.00000000000000000E+00 -9.93975219493414136E-02 -4.29621059979741204E-02 -5.95699157410219740E-02
jac 5.99999999999999978E-01 0.00000000000000000E+00 1.00000000000000000E+00 -9.99865735063411448E-02 -1.56794785176454260E-01 5.99427114597677960E-02
jac 0.00000000000000000E+00 5.99999999999999978E-01 1.00000000000000000E+00 1.57222513548034876E-01 9.97138639114088510E-02 -6.04229262634824113E-02
jac 0.00000000000000000E+00 -5.99999999999999978E-01 1.00000000000000000E+00 4.33912081523313495E-02 1.00527062070211559E-01 6.00501305447365893E-02
jac -5.99999999999999978E-01 0.00000000000000000E+00 1.00000000000000000E+00 1.00455742317652794E-01 1.57147202960912308E-01 5.95885035979819358E-02
jac 5.99999999999999978E-01 0.00000000000000000E+00 1.00000000000000000E+00 1.00157979382713438E-01 4.30937230207080954E-02 -5.99612993167277578E-02
jac 0.00000000000000000E+00 5.99999999999999978E-01 1.00000000000000000E+00 1.57149908930972915E-01 -9.99164424159689202E-02 6.01903224349447791E-02
jac 0.00000000000000000E+00 -5.99999999999999978E-01 1.00000000000000000E+00 4.34638127693933035E-02 -9.98404487584594880E-02 -5.93334919090069135E-02
jac -5.99999999999999978E-01 0.00000000000000000E+00 1.00000000000000000E+00 1.00455459492533095E-01 -4.27776643294661835E-02 6.06705372399619913E-02
jac 5.99999999999999978E-01 0.00000000000000000E+00 1.00000000000000000E+00 1.00158262207833137E-01 -1.56979226844962239E-01 -5.98137067140241258E-02
state -6.85541003288365602E-03 -1.64765462925364802E-03 9.81945646544728351E-02 9.99997482767731594E-01 3.28260586741161602E-04 2.12269244085447068E-04 2.20944449022305754E-03 -8.85485236057947586E-04 1.37902880624659317E-03 3.94388399176432217E-02 -1.40168976094098719E-02 -9.03141595168057039E-03 -2.74619327447014037E-04 1.00000000000000075E-01
