counts 1.00000000000000000E+00 7.00000000000000000E+00
free 2.35689533630530738E-02 -6.23171595876530968E-02 -9.78682062026395627E+00
acc -7.64310466369467895E-02 1.37682840412346880E-01 2.92162352142033690E+01
qfrc -1.00000000000000006E-01 2.00000000000000011E-01 3.90030558344673324E+01
aref -3.62690175879443810E+00 3.81815575763354387E+00 3.12690276265437532E+01 9.18808475528624413E+00 5.52265522795804209E+00 9.09628283584347308E+00 5.61445714740081137E+00
reg 1.11111111111111077E-01 1.11111111111111077E-01 5.26315789473684736E-02 5.15368421052632003E-02 5.15368421052632003E-02 5.15368421052632003E-02 5.15368421052632003E-02
force -1.00000000000000006E-01 2.00000000000000011E-01 3.90030558344673324E+01 0.00000000000000000E+00 0.00000000000000000E+00 0.00000000000000000E+00 0.00000000000000000E+00
jac 1.00000000000000000E+00 0.00000000000000000E+00 0.00000000000000000E+00
jac 0.00000000000000000E+00 1.00000000000000000E+00 0.00000000000000000E+00
jac 0.00000000000000000E+00 0.00000000000000000E+00 1.00000000000000000E+00
jac 0.00000000000000000E+00 5.99999999999999978E-01 1.00000000000000000E+00
jac 0.00000000000000000E+00 -5.99999999999999978E-01 1.00000000000000000E+00
jac -5.99999999999999978E-01 0.00000000000000000E+00 1.00000000000000000E+00
jac 5.99999999999999978E-01 0.00000000000000000E+00 1.00000000000000000E+00
state 3.06219106660673892E-03 -2.93665340600109777E-03 1.42245390717562377E-02 2.68891351657020682E-02 -2.26423145690341360E-02 2.31785669599863138E-02 1.00000000000000075E-01
counts 1.00000000000000000E+00 7.00000000000000000E+00
free -1.21700894374620949E-01 1.30435290705515239E-01 -9.73068579567745928E+00
acc -2.17008943746205066E-02 -6.95647092944846196E-02 5.62121054928293020E+01
qfrc 1.00000000000000006E-01 -2.00000000000000011E-01 6.59427912885067684E+01
aref 4.63269657134564561E+00 -1.04813587341500529E+01 5.96827787185401917E+01 2.21972336473489378E+01 3.22593380321329875E+01 2.50045914854950553E+01 2.94519801939868771E+01
reg 1.11111111111111077E-01 1.11111111111111077E-01 5.26315789473684736E-02 5.15368421052632003E-02 5.15368421052632003E-02 5.15368421052632003E-02 5.15368421052632003E-02
force 1.00000000000000006E-01 -2.00000000000000011E-01 6.59427912885067684E+01 0.00000000000000000E+00 0.00000000000000000E+00 0.00000000000000000E+00 0.00000000000000000E+00
jac 1.00000000000000000E+00 0.00000000000000000E+00 0.00000000000000000E+00
jac 0.00000000000000000E+00 1.00000000000000000E+00 0.00000000000000000E+00
jac 0.00000000000000000E+00 0.00000000000000000E+00 1.00000000000000000E+00
jac 0.00000000000000000E+00 5.99999999999999978E-01 1.00000000000000000E+00
jac 0.00000000000000000E+00 -5.99999999999999978E-01 1.00000000000000000E+00
jac -5.99999999999999978E-01 0.00000000000000000E+00 1.00000000000000000E+00
jac 5.99999999999999978E-01 0.00000000000000000E+00 1.00000000000000000E+00
state -4.19187781558306907E-03 2.29914693097088216E-03 1.39515781184752722E-02 -4.61589372392868583E-02 9.26862220812586790E-02 3.41771923451570231E-02 1.00000000000000075E-01
