counts 3.00000000000000000E+00 0.00000000000000000E+00
free -3.84010107727915870E-02 1.13467547488417655E-01 -9.66624677711740254E+00 -1.97874768148963831E+01 -7.69639605662441006E+00 3.52377356947126259E+01
acc -3.84010107727915870E-02 1.13467547488417655E-01 -9.66624677711740254E+00 -1.97874768148963831E+01 -7.69639605662441006E+00 3.52377356947126259E+01
qfrc 0.00000000000000000E+00 0.00000000000000000E+00 0.00000000000000000E+00 0.00000000000000000E+00 0.00000000000000000E+00 0.00000000000000000E+00
aref
reg
force
state -1.19429806620715119E-03 1.70374183798669547E-05 7.98624985438012996E-02 9.99999415232072808E-01 -3.90319677763427875E-05 4.84030069259797590E-05 1.07966159868835170E-03 -2.82492693975852226E-04 1.65936690118978448E-04 1.48451412502284530E-03 -1.28659343299208028E-03 -2.83177286639308421E-03 1.07193516958645867E-02 1.00000000000000075E-01
counts 3.00000000000000000E+00 1.20000000000000000E+01
free -1.19809435831299743E-01 1.65053547612456289E-02 -9.81178429969418708E+00 2.39784132868510511E+01 1.29228737046607982E+01 -8.60520351990454024E+00
acc -3.66326901065071375E+00 4.91755134559292362E+00 8.36576106720261770E+00 -6.22414464753998642E-01 -3.07070033974805989E+00 4.86253138868283319E+00
qfrc -3.54345957481941554E+00 4.90104599083167880E+00 1.81775453668968048E+01 -1.02298442067091072E-01 -6.65066120680001815E-02 5.45443263797788652E-02
aref 1.19558504661865790E+01 5.51430513214885920E+00 1.06544905496789006E+01 6.81566504865653666E+00 1.14505202101887775E+01 5.27892153736639091E+00 1.07761273034032605E+01 5.95331444415190880E+00 1.08932649523639391E+01 5.44041511973773240E+00 1.02158453861015417E+01 6.11783468600012981E+00
reg 5.15368421052632003E-02 5.15368421052632003E-02 5.15368421052632003E-02 5.15368421052632003E-02 5.15368421052632003E-02 5.15368421052632003E-02 5.15368421052632003E-02 5.15368421052632003E-02 5.15368421052632003E-02 5.15368421052632003E-02 5.15368421052632003E-02 5.15368421052632003E-02
force 4.81429582320761185E+00 4.08375995015171356E-01 3.57936310116539458E+00 1.64330871705731885E+00 1.55036134784592927E+00 0.00000000000000000E+00 1.65722004119559441E+00 0.00000000000000000E+00 2.21212880868109441E+00 0.00000000000000000E+00 2.31249153272868835E+00 0.00000000000000000E+00
jac 0.00000000000000000E+00 5.99999999999999978E-01 1.00000000000000000E+00 -1.62532408579747281E-02 -6.34735507034858704E-02 3.83381549894082768E-02
jac 0.00000000000000000E+00 -5.99999999999999978E-01 1.00000000000000000E+00 -1.09724508382183727E-01 -6.38795070470814519E-02 -3.83381549894082768E-02
jac -5.99999999999999978E-01 0.00000000000000000E+00 1.00000000000000000E+00 -6.29013857433411150E-02 -1.69381001010894885E-02 -3.80179668148562452E-02
jac 5.99999999999999978E-01 0.00000000000000000E+00 1.00000000000000000E+00 -6.30763634968173337E-02 -1.10414957649477841E-01 3.80179668148562452E-02
jac 0.00000000000000000E+00 5.99999999999999978E-01 1.00000000000000000E+00 1.33972115147079074E-01 -2.24049216367250351E-02 1.41726569950933242E-02
jac 0.00000000000000000E+00 -5.99999999999999978E-01 1.00000000000000000E+00 4.07491334865238905E-02 -2.26238619421656462E-02 -1.33320382018436833E-02
jac -5.99999999999999978E-01 0.00000000000000000E+00 1.00000000000000000E+00 8.71024197328930799E-02 2.43478651602915576E-02 5.26424871181037507E-02
jac 5.99999999999999978E-01 0.00000000000000000E+00 1.00000000000000000E+00 8.76188289007098914E-02 -6.93766487391822423E-02 -5.18018683248541167E-02
jac 0.00000000000000000E+00 5.99999999999999978E-01 1.00000000000000000E+00 2.34023948325985456E-02 8.69707364382773240E-02 -5.25253157101508508E-02
jac 0.00000000000000000E+00 -5.99999999999999978E-01 1.00000000000000000E+00 -7.03255579166633948E-02 8.72513139481939370E-02 5.16846969169012169E-02
jac -5.99999999999999978E-01 0.00000000000000000E+00 1.00000000000000000E+00 -2.34651741426345033E-02 1.33721419760136573E-01 -1.46101377081388588E-02
jac 5.99999999999999978E-01 0.00000000000000000E+00 1.00000000000000000E+00 -2.34579889414303390E-02 4.05006306263346813E-02 1.37695189148892179E-02
state 2.56644586934658310E-03 -5.10196135014902470E-03 7.92165006358289125E-02 9.99999335258077715E-01 2.90936490312988555E-04 2.99295250160345170E-04 -1.07483101622968800E-03 -1.05192177295204974E-03 9.22412685180397504E-04 1.66333270496814047E-02 -1.17814732178059874E-02 -1.30702144066243767E-02 -1.73097445608095960E-03 1.00000000000000075E-01
