counts 1.00000000000000000E+00 5.00000000000000000E+00
free 4.01042203666062420E+01
acc -3.51637006643760458E+02
qfrc -1.84216312001624694E+01
aref 6.99990035019186365E+01 3.56772867944725292E+01 3.56772867944725292E+01 3.63787453526241791E+01 3.49758282363208863E+01
reg 1.11922549595679865E+00 1.57176865608998698E-02 1.57176865608998698E-02 1.57176865608998698E-02 1.57176865608998698E-02
force 0.00000000000000000E+00 0.00000000000000000E+00 0.00000000000000000E+00 1.94389821132054209E+02 0.00000000000000000E+00
jac -1.00000000000000000E+00
jac -1.92753413045294780E-01
jac -1.92753413045294780E-01
jac -9.47664393787787940E-02
jac -2.90740386711810794E-01
state -3.06649757062659248E-02 5.26373266431196862E-01 1.00000000000000075E-01
counts 1.00000000000000000E+00 5.00000000000000000E+00
free 3.96104077613124161E+01
acc -3.54565414011762755E+02
qfrc -1.85361180188788346E+01
aref 7.39099765306638687E+01 3.62803695141675249E+01 3.62803695141675249E+01 3.66752485433766751E+01 3.58854904849583676E+01
reg 1.11922549595679865E+00 1.57176865608998698E-02 1.57176865608998698E-02 1.57176865608998698E-02 1.57176865608998698E-02
force 0.00000000000000000E+00 0.00000000000000000E+00 0.00000000000000000E+00 1.95597915679732267E+02 0.00000000000000000E+00
jac -1.00000000000000000E+00
jac -1.92753413045294780E-01
jac -1.92753413045294780E-01
jac -9.47664393787787940E-02
jac -2.90740386711810794E-01
state -3.13292040818568956E-02 5.06950472016438280E-01 1.00000000000000075E-01
