counts 1.00000000000000000E+00 5.00000000000000000E+00
free -9.58262278763555031E+00
acc 3.41355584958523082E+01
qfrc 4.37181812834878798E+01
aref 3.64365154055095672E+01 1.14893602147947984E+01 1.14893602147947984E+01 1.14893602147947984E+01 1.14893602147947984E+01
reg 5.26315789473684736E-02 5.15368421052632003E-02 5.15368421052632003E-02 5.15368421052632003E-02 5.15368421052632003E-02
force 4.37181812834878798E+01 0.00000000000000000E+00 0.00000000000000000E+00 0.00000000000000000E+00 0.00000000000000000E+00
jac 1.00000000000000000E+00
jac 1.00000000000000000E+00
jac 1.00000000000000000E+00
jac 1.00000000000000000E+00
jac 1.00000000000000000E+00
state 1.41983544919600836E-02 2.44030840782704407E-02 1.00000000000000075E-01
counts 1.00000000000000000E+00 5.00000000000000000E+00
free -9.54992536581330675E+00
acc 2.56537572937756622E+01
qfrc 3.52036826595888641E+01
aref 2.75065826969119200E+01 9.87033998476352892E+00 9.87033998476352892E+00 9.87033998476352892E+00 9.87033998476352892E+00
reg 5.26315789473684736E-02 5.15368421052632003E-02 5.15368421052632003E-02 5.15368421052632003E-02 5.15368421052632003E-02
force 3.52036826595888641E+01 0.00000000000000000E+00 0.00000000000000000E+00 0.00000000000000000E+00 0.00000000000000000E+00
jac 1.00000000000000000E+00
jac 1.00000000000000000E+00
jac 1.00000000000000000E+00
jac 1.00000000000000000E+00
jac 1.00000000000000000E+00
state 1.44521324824936990E-02 1.28061284346397998E-02 1.00000000000000075E-01
