counts 1.00000000000000000E+00 6.00000000000000000E+00
free -9.90112678783539302E+00
acc 9.02089043153376302E+00
qfrc 1.89220172193691560E+01
aref 8.42367748398029192E+00 1.09393699100447712E+01 7.40143360178040233E+00 7.40143360178040233E+00 7.40143360178040233E+00 7.40143360178040233E+00
reg 1.11111111111111077E-01 1.01121533695023497E-01 1.03600444257069518E-01 1.03600444257069518E-01 1.03600444257069518E-01 1.03600444257069518E-01
force -5.00000000000000028E-02 1.89720172193691567E+01 0.00000000000000000E+00 0.00000000000000000E+00 0.00000000000000000E+00 0.00000000000000000E+00
jac 1.00000000000000000E+00
jac 1.00000000000000000E+00
jac 1.00000000000000000E+00
jac 1.00000000000000000E+00
jac 1.00000000000000000E+00
jac 1.00000000000000000E+00
state 4.97653009053176314E-04 2.91200015528101730E-03 1.00000000000000075E-01
counts 0.00000000000000000E+00 1.00000000000000000E+00
free -9.74170838075387202E+00
acc -9.69170838075387131E+00
qfrc 5.00000000000000028E-02
aref -4.67702864214949265E+00
reg 1.11111111111111077E-01
force 5.00000000000000028E-02
jac 1.00000000000000000E+00
state -3.92165625748107718E-04 3.35484939552603140E-02 1.00000000000000075E-01
