counts 1.00000000000000000E+00 6.00000000000000000E+00
free -9.96392438892226906E+00
acc -6.15113616298203070E+00
qfrc 3.81278822594023881E+00
aref -8.45333563657115050E+00 -5.94518242178024181E+00 -6.10129926806905409E+00 -6.10129926806905409E+00 -6.10129926806905409E+00 -6.10129926806905409E+00
reg 1.11111111111111077E-01 1.04431374509950450E-01 1.05438005409669869E-01 1.05438005409669869E-01 1.05438005409669869E-01 1.05438005409669869E-01
force -5.00000000000000028E-02 1.97214431169020243E+00 4.72660487061462353E-01 4.72666241765586970E-01 4.72658014420336836E-01 4.72659171002650313E-01
jac 1.00000000000000000E+00
jac 1.00000000000000000E+00
jac 1.00000000000000000E+00
jac 1.00000000000000000E+00
jac 1.00000000000000000E+00
jac 1.00000000000000000E+00
state 5.97334591244794589E-04 -1.28490654400411101E-03 1.00000000000000075E-01
counts 0.00000000000000000E+00 1.00000000000000000E+00
free -9.70072172658693255E+00
acc -9.65072172658693184E+00
qfrc 5.00000000000000028E-02
aref 3.60627890581484678E+00
reg 1.11111111111111077E-01
force 5.00000000000000028E-02
jac 1.00000000000000000E+00
state 2.27959064773480352E-04 1.29214587606068312E-02 1.00000000000000075E-01
