counts 1.00000000000000000E+00 6.00000000000000000E+00
free -9.91122032901519390E+00
acc 8.56551553986660963E+00
qfrc 1.84767358688817787E+01
aref 8.11596764252383984E+00 1.06106636996835615E+01 7.15228368457469976E+00 7.15228368457469976E+00 7.15228368457469976E+00 7.15228368457469976E+00
reg 1.11111111111111077E-01 1.10389016947775642E-01 1.08496443884750465E-01 1.08496443884750465E-01 1.08496443884750465E-01 1.08496443884750465E-01
force -5.00000000000000028E-02 1.85267358688817794E+01 0.00000000000000000E+00 0.00000000000000000E+00 0.00000000000000000E+00 0.00000000000000000E+00
jac 1.00000000000000000E+00
jac 1.00000000000000000E+00
jac 1.00000000000000000E+00
jac 1.00000000000000000E+00
jac 1.00000000000000000E+00
jac 1.00000000000000000E+00
state 4.71470342056386888E-04 3.12839356603331802E-03 1.00000000000000075E-01
counts 1.00000000000000000E+00 6.00000000000000000E+00
free -9.90473430063252991E+00
acc -5.52755898700930004E-01
qfrc 9.35197840193157326E+00
aref -5.91731696963587517E+00 -5.92195492900149389E-03 -2.29877425022914972E+00 -2.29877425022914972E+00 -2.29877425022914972E+00 -2.29877425022914972E+00
reg 1.11111111111111077E-01 5.81615826366486816E-02 5.66502526930350164E-02 5.66502526930350164E-02 5.66502526930350164E-02 5.66502526930350164E-02
force -5.00000000000000028E-02 9.40197840193157397E+00 0.00000000000000000E+00 0.00000000000000000E+00 0.00000000000000000E+00 0.00000000000000000E+00
jac 1.00000000000000000E+00
jac 1.00000000000000000E+00
jac 1.00000000000000000E+00
jac 1.00000000000000000E+00
jac 1.00000000000000000E+00
jac 1.00000000000000000E+00
state 5.17417870501286447E-04 1.56476236004681434E-03 1.00000000000000075E-01
