counts 1.00000000000000000E+00 6.00000000000000000E+00
free -9.82336675691502315E+00
acc -7.36952723213879946E+00
qfrc 2.45383952477623257E+00
aref -9.96637667700864505E+00 -7.44560105373994663E+00 -7.30767091037441929E+00 -7.30767091037441929E+00 -7.30767091037441929E+00 -7.30767091037441929E+00
reg 1.11111111111111077E-01 9.89010989010988689E-02 9.88183486238531916E-02 9.88183486238531916E-02 9.88183486238531916E-02 9.88183486238531916E-02
force -5.00000000000000028E-02 0.00000000000000000E+00 6.25959881194058210E-01 6.25959881194058210E-01 6.25959881194058210E-01 6.25959881194058210E-01
jac 1.00000000000000000E+00
jac 1.00000000000000000E+00
jac 1.00000000000000000E+00
jac 1.00000000000000000E+00
jac 1.00000000000000000E+00
jac 1.00000000000000000E+00
state 6.26263323199714229E-04 -1.55877932749813228E-03 1.00000000000000075E-01
counts 1.00000000000000000E+00 6.00000000000000000E+00
free -9.87026051809642624E+00
acc 2.19228849410487427E+01
qfrc 3.17931454591451441E+01
aref 1.00761029938346924E+00 2.35988399652142782E+01 1.20592136303942361E+01 1.20592136303942361E+01 1.20592136303942361E+01 1.20592136303942361E+01
reg 1.11111111111111077E-01 5.26315789473684736E-02 5.15368421052632003E-02 5.15368421052632003E-02 5.15368421052632003E-02 5.15368421052632003E-02
force -5.00000000000000028E-02 3.18431454591451448E+01 0.00000000000000000E+00 0.00000000000000000E+00 0.00000000000000000E+00 0.00000000000000000E+00
jac 1.00000000000000000E+00
jac 1.00000000000000000E+00
jac 1.00000000000000000E+00
jac 1.00000000000000000E+00
jac 1.00000000000000000E+00
jac 1.00000000000000000E+00
state 2.92043374344737089E-04 1.25532680792081689E-02 1.00000000000000075E-01
