counts 1.00000000000000000E+00 6.00000000000000000E+00
free -9.87894097380481995E+00
acc -7.59514929267609773E+00
qfrc 2.28379168112874176E+00
aref -1.02473881833833982E+01 -7.72928286472384585E+00 -7.53505279118697935E+00 -7.53505279118697935E+00 -7.53505279118697935E+00 -7.53505279118697935E+00
reg 1.11111111111111077E-01 1.00066419766610834E-01 1.03002340740287815E-01 1.03002340740287815E-01 1.03002340740287815E-01 1.03002340740287815E-01
force -5.00000000000000028E-02 0.00000000000000000E+00 5.83447920282185395E-01 5.83447920282185395E-01 5.83447920282185395E-01 5.83447920282185395E-01
jac 1.00000000000000000E+00
jac 1.00000000000000000E+00
jac 1.00000000000000000E+00
jac 1.00000000000000000E+00
jac 1.00000000000000000E+00
jac 1.00000000000000000E+00
state 6.21875824903128909E-04 -1.68151424106289843E-03 1.00000000000000075E-01
counts 1.00000000000000000E+00 6.00000000000000000E+00
free -9.75692317181330893E+00
acc 1.31054054796187351E+01
qfrc 2.28623286514320441E+01
aref -2.18443489254563961E+00 1.43113175139046334E+01 6.28152338924470399E+00 6.28152338924470399E+00 6.28152338924470399E+00 6.28152338924470399E+00
reg 1.11111111111111077E-01 5.26315789473684736E-02 5.15368421052632003E-02 5.15368421052632003E-02 5.15368421052632003E-02 5.15368421052632003E-02
force -5.00000000000000028E-02 2.29123286514320448E+01 0.00000000000000000E+00 0.00000000000000000E+00 0.00000000000000000E+00 0.00000000000000000E+00
jac 1.00000000000000000E+00
jac 1.00000000000000000E+00
jac 1.00000000000000000E+00
jac 1.00000000000000000E+00
jac 1.00000000000000000E+00
jac 1.00000000000000000E+00
state 3.92094037934516914E-04 8.19064257277501463E-03 1.00000000000000075E-01
