counts 1.00000000000000000E+00 6.00000000000000000E+00
free -9.93052008359886784E+00
acc -5.17725164921046055E+00
qfrc 4.75326843438838864E+00
aref -7.26848806770583256E+00 -4.76310179500653952E+00 -5.15382294165765664E+00 -5.15382294165765664E+00 -5.15382294165765664E+00 -5.15382294165765664E+00
reg 1.11111111111111077E-01 1.05651105651105595E-01 1.06097236289971641E-01 1.06097236289971641E-01 1.06097236289971641E-01 1.06097236289971641E-01
force -5.00000000000000028E-02 3.91997652699990562E+00 2.20822976847120739E-01 2.20822976847120739E-01 2.20822976847120739E-01 2.20822976847120739E-01
jac 1.00000000000000000E+00
jac 1.00000000000000000E+00
jac 1.00000000000000000E+00
jac 1.00000000000000000E+00
jac 1.00000000000000000E+00
jac 1.00000000000000000E+00
state 5.88377640243656548E-04 -9.45154288951643778E-04 1.00000000000000075E-01
counts 0.00000000000000000E+00 2.00000000000000000E+00
free -9.84916569750678406E+00
acc 9.47504734154946959E+00
qfrc 1.93242130390562714E+01
aref 1.04718657001097490E+01 1.16066711457366019E+01
reg 1.11111111111111077E-01 1.10594595995578124E-01
force 5.00000000000000028E-02 1.92742130390562707E+01
jac 1.00000000000000000E+00
jac 1.00000000000000000E+00
state 4.90460698928292375E-04 2.66817793415346670E-03 1.00000000000000075E-01
