counts 1.00000000000000000E+00 6.00000000000000000E+00
free -9.75001242588700912E+00
acc -2.59461972118769690E+00
qfrc 7.15539270469932287E+00
aref -4.38169178607804799E+00 -1.86599936001356781E+00 -2.84286181426627049E+00 -2.84286181426627049E+00 -2.84286181426627049E+00 -2.84286181426627049E+00
reg 1.11111111111111077E-01 1.01121533695023497E-01 1.03600444257069518E-01 1.03600444257069518E-01 1.03600444257069518E-01 1.03600444257069518E-01
force -5.00000000000000028E-02 7.20539270469932269E+00 0.00000000000000000E+00 0.00000000000000000E+00 0.00000000000000000E+00 0.00000000000000000E+00
jac 1.00000000000000000E+00
jac 1.00000000000000000E+00
jac 1.00000000000000000E+00
jac 1.00000000000000000E+00
jac 1.00000000000000000E+00
jac 1.00000000000000000E+00
state 5.82049379687036867E-04 -6.17741741516917333E-05 1.00000000000000075E-01
counts 1.00000000000000000E+00 6.00000000000000000E+00
free -9.82240311640594399E+00
acc 2.60398183838678605E+01
qfrc 3.58622215002738685E+01
aref 4.81332622485931960E+00 2.79299353049349115E+01 1.53816730031027298E+01 1.53816730031027298E+01 1.53816730031027298E+01 1.53816730031027298E+01
reg 1.11111111111111077E-01 5.26315789473684736E-02 5.15368421052632003E-02 5.15368421052632003E-02 5.15368421052632003E-02 5.15368421052632003E-02
force -5.00000000000000028E-02 3.59122215002738656E+01 0.00000000000000000E+00 0.00000000000000000E+00 0.00000000000000000E+00 0.00000000000000000E+00
jac 1.00000000000000000E+00
jac 1.00000000000000000E+00
jac 1.00000000000000000E+00
jac 1.00000000000000000E+00
jac 1.00000000000000000E+00
jac 1.00000000000000000E+00
state 2.71042513332409333E-04 1.32598235783444717E-02 1.00000000000000075E-01
