counts 1.00000000000000000E+00 6.00000000000000000E+00
free -9.84415781718064942E+00
acc -5.28811048538704043E+00
qfrc 4.55604733179360899E+00
aref -7.40541800329090627E+00 -4.90003173059161412E+00 -5.26336689012571490E+00 -5.26336689012571490E+00 -5.26336689012571490E+00 -5.26336689012571490E+00
reg 1.11111111111111077E-01 1.05651105651105595E-01 1.06097236289971641E-01 1.06097236289971641E-01 1.06097236289971641E-01 1.06097236289971641E-01
force -5.00000000000000028E-02 3.67320371016401204E+00 2.33210704744314323E-01 2.33210628551156984E-01 2.33206079066446997E-01 2.33216209267679414E-01
jac 1.00000000000000000E+00
jac 1.00000000000000000E+00
jac 1.00000000000000000E+00
jac 1.00000000000000000E+00
jac 1.00000000000000000E+00
jac 1.00000000000000000E+00
state 5.93060667977485245E-04 -9.77629681357477858E-04 1.00000000000000075E-01
counts 0.00000000000000000E+00 1.00000000000000000E+00
free -9.78388532396837185E+00
acc -9.73388532396837114E+00
qfrc 5.00000000000000028E-02
aref -4.03224848350246212E+00
reg 1.11111111111111077E-01
force 5.00000000000000028E-02
jac 1.00000000000000000E+00
state -2.23130273601956073E-04 2.87117316003883336E-02 1.00000000000000075E-01
