counts 1.00000000000000000E+00 6.00000000000000000E+00
free -9.70136665182099378E+00
acc 7.98366629872888467E+00
qfrc 1.76850329505498820E+01
aref 7.44672309451677528E+00 9.94141915167649692E+00 6.61688804616904758E+00 6.61688804616904758E+00 6.61688804616904758E+00 6.61688804616904758E+00
reg 1.11111111111111077E-01 1.10389016947775642E-01 1.08496443884750465E-01 1.08496443884750465E-01 1.08496443884750465E-01 1.08496443884750465E-01
force -5.00000000000000028E-02 1.77350329505498827E+01 0.00000000000000000E+00 0.00000000000000000E+00 0.00000000000000000E+00 0.00000000000000000E+00
jac 1.00000000000000000E+00
jac 1.00000000000000000E+00
jac 1.00000000000000000E+00
jac 1.00000000000000000E+00
jac 1.00000000000000000E+00
jac 1.00000000000000000E+00
state 4.83949124787273895E-04 3.01231174047727340E-03 1.00000000000000075E-01
counts 0.00000000000000000E+00 2.00000000000000000E+00
free -9.73229650597524731E+00
acc -6.03687759433151871E+00
qfrc 3.69541891164372949E+00
aref -5.81689297714822828E+00 -5.63183104859575501E+00
reg 1.11111111111111077E-01 1.11111111110444943E-01
force 5.00000000000000028E-02 3.64541891164372966E+00
jac 1.00000000000000000E+00
jac 1.00000000000000000E+00
state 5.46122286602069781E-04 6.09273719125846456E-04 1.00000000000000075E-01
