counts 1.00000000000000000E+00 6.00000000000000000E+00
free -9.72714468301897384E+00
acc 3.40070617794391872E+00
qfrc 1.31278508609628961E+01
aref 2.21757824174429219E+00 4.73327066780877281E+00 2.43655420799160227E+00 2.43655420799160227E+00 2.43655420799160227E+00 2.43655420799160227E+00
reg 1.11111111111111077E-01 1.01121533695023497E-01 1.03600444257069518E-01 1.03600444257069518E-01 1.03600444257069518E-01 1.03600444257069518E-01
force -5.00000000000000028E-02 1.31778508609628968E+01 0.00000000000000000E+00 0.00000000000000000E+00 0.00000000000000000E+00 0.00000000000000000E+00
jac 1.00000000000000000E+00
jac 1.00000000000000000E+00
jac 1.00000000000000000E+00
jac 1.00000000000000000E+00
jac 1.00000000000000000E+00
jac 1.00000000000000000E+00
state 5.39779076810681835E-04 1.49968168528926381E-03 1.00000000000000075E-01
counts 1.00000000000000000E+00 6.00000000000000000E+00
free -9.83534568099778106E+00
acc 3.15983579121747304E+00
qfrc 1.29951814722152381E+01
aref -1.46339800466091674E+00 4.21501365927022675E+00 1.17563143215021926E+00 1.17563143215021926E+00 1.17563143215021926E+00 1.17563143215021926E+00
reg 1.11111111111111077E-01 8.08864077744079896E-02 6.98869667739017986E-02 6.98869667739017986E-02 6.98869667739017986E-02 6.98869667739017986E-02
force -5.00000000000000028E-02 1.30451814722152388E+01 0.00000000000000000E+00 0.00000000000000000E+00 0.00000000000000000E+00 0.00000000000000000E+00
jac 1.00000000000000000E+00
jac 1.00000000000000000E+00
jac 1.00000000000000000E+00
jac 1.00000000000000000E+00
jac 1.00000000000000000E+00
jac 1.00000000000000000E+00
state 5.13916985561715034E-04 2.47596510304434053E-03 1.00000000000000075E-01
