counts 1.00000000000000000E+00 6.00000000000000000E+00
free -9.67528504111539789E+00
acc 7.32395200928853640E+00
qfrc 1.69992370504039201E+01
aref 6.59627405401728417E+00 9.10442726880819286E+00 5.93838848440169365E+00 5.93838848440169365E+00 5.93838848440169365E+00 5.93838848440169365E+00
reg 1.11111111111111077E-01 1.04431374509950450E-01 1.05438005409669869E-01 1.05438005409669869E-01 1.05438005409669869E-01 1.05438005409669869E-01
force -5.00000000000000028E-02 1.70492370504039208E+01 0.00000000000000000E+00 0.00000000000000000E+00 0.00000000000000000E+00 0.00000000000000000E+00
jac 1.00000000000000000E+00
jac 1.00000000000000000E+00
jac 1.00000000000000000E+00
jac 1.00000000000000000E+00
jac 1.00000000000000000E+00
jac 1.00000000000000000E+00
state 5.04617189430541522E-04 2.56406140157523213E-03 1.00000000000000075E-01
counts 1.00000000000000000E+00 6.00000000000000000E+00
free -9.91829381264495247E+00
acc 2.01936147364258076E+01
qfrc 3.01119085490707548E+01
aref 8.05999338276537713E+00 2.17810836074295295E+01 1.30094760951603732E+01 1.30094760951603732E+01 1.30094760951603732E+01 1.30094760951603732E+01
reg 1.11111111111111077E-01 5.26315789473684736E-02 5.15368421052632003E-02 5.15368421052632003E-02 5.15368421052632003E-02 5.15368421052632003E-02
force -5.00000000000000028E-02 3.01619085490707555E+01 0.00000000000000000E+00 0.00000000000000000E+00 0.00000000000000000E+00 0.00000000000000000E+00
jac 1.00000000000000000E+00
jac 1.00000000000000000E+00
jac 1.00000000000000000E+00
jac 1.00000000000000000E+00
jac 1.00000000000000000E+00
jac 1.00000000000000000E+00
state 3.71209608488124961E-04 8.08744666454352251E-03 1.00000000000000075E-01
