counts 1.00000000000000000E+00 6.00000000000000000E+00
free -9.78242644062155620E+00
acc 2.29841625233208013E+00
qfrc 1.20808426929536044E+01
aref 9.94200930708345920E-01 3.51230624936789848E+00 1.45821850008641540E+00 1.45821850008641540E+00 1.45821850008641540E+00 1.45821850008641540E+00
reg 1.11111111111111077E-01 1.00066419766610834E-01 1.03002340740287815E-01 1.03002340740287815E-01 1.03002340740287815E-01 1.03002340740287815E-01
force -5.00000000000000028E-02 1.21308426929536051E+01 0.00000000000000000E+00 0.00000000000000000E+00 0.00000000000000000E+00 0.00000000000000000E+00
jac 1.00000000000000000E+00
jac 1.00000000000000000E+00
jac 1.00000000000000000E+00
jac 1.00000000000000000E+00
jac 1.00000000000000000E+00
jac 1.00000000000000000E+00
state 5.49549145070018694E-04 1.20025006047394306E-03 1.00000000000000075E-01
counts 1.00000000000000000E+00 6.00000000000000000E+00
free -9.93945682087399973E+00
acc 6.32073458711154146E+00
qfrc 1.62601914079855163E+01
aref 4.64525058468054208E+00 7.88787601259063464E+00 4.76025344532956485E+00 4.76025344532956485E+00 4.76025344532956485E+00 4.76025344532956485E+00
reg 1.11111111111111077E-01 9.60835704669790736E-02 9.68499651625057828E-02 9.68499651625057828E-02 9.68499651625057828E-02 9.68499651625057828E-02
force -5.00000000000000028E-02 1.63101914079855170E+01 0.00000000000000000E+00 0.00000000000000000E+00 0.00000000000000000E+00 0.00000000000000000E+00
jac 1.00000000000000000E+00
jac 1.00000000000000000E+00
jac 1.00000000000000000E+00
jac 1.00000000000000000E+00
jac 1.00000000000000000E+00
jac 1.00000000000000000E+00
state 5.12158609715296885E-04 2.48345065531296221E-03 1.00000000000000075E-01
