counts 1.00000000000000000E+00 6.00000000000000000E+00
free -8.10371961838984578E-02 -3.75637283180155351E-02 -9.94143358961617274E+00 -1.63745820110416958E+01 1.83467981877505437E+01 3.32946415828253635E+01
acc -2.64064659896300513E-01 -2.19020145261943910E-01 -1.11409549815233433E+00 -2.07975821740499569E+01 2.28080926157403567E+01 1.44783952280738397E+01
qfrc -1.83027661498667282E-01 -1.81454540604075121E-01 8.82733470507957563E+00 -1.76918177088973144E-02 1.78451969961200621E-02 -7.52651124966789292E-02
aref -2.42087466908485638E+00 2.90852609607311408E-01 4.35561740629446525E-01 -2.56558380010699061E+00 -1.05734571415585243E+00 -1.07267634532169254E+00
reg 5.15368421052632003E-02 5.15368421052632003E-02 5.15368421052632003E-02 5.15368421052632003E-02 5.15368421052632003E-02 5.15368421052632003E-02
force 8.01203017488507419E-01 1.10362725182863253E+00 1.10493818590747650E+00 7.99892083409697641E-01 0.00000000000000000E+00 5.01767416644526243E+00
jac 0.00000000000000000E+00 5.99999999999999978E-01 1.00000000000000000E+00 5.84999999999999964E-02 0.00000000000000000E+00 0.00000000000000000E+00
jac 0.00000000000000000E+00 -5.99999999999999978E-01 1.00000000000000000E+00 -5.84999999999999964E-02 0.00000000000000000E+00 0.00000000000000000E+00
jac -5.99999999999999978E-01 0.00000000000000000E+00 1.00000000000000000E+00 0.00000000000000000E+00 5.84999999999999964E-02 0.00000000000000000E+00
jac 5.99999999999999978E-01 0.00000000000000000E+00 1.00000000000000000E+00 0.00000000000000000E+00 -5.84999999999999964E-02 0.00000000000000000E+00
jac 0.00000000000000000E+00 0.00000000000000000E+00 1.00000000000000000E+00 0.00000000000000000E+00 0.00000000000000000E+00 1.49999999999999994E-02
jac 0.00000000000000000E+00 0.00000000000000000E+00 1.00000000000000000E+00 0.00000000000000000E+00 0.00000000000000000E+00 -1.49999999999999994E-02
state 5.43218749841636525E-03 3.93544620814206131E-03 9.95016250988708245E-02 9.99286826523769323E-01 -1.97084386505356687E-02 2.71548958790925853E-02 1.73212993683195537E-02 7.65261734778199670E-02 5.86103625471458348E-02 1.44024500790251829E-02 -6.43536975293493629E-01 8.22827908281780984E-01 5.73880014534976723E-01 1.00000000000000075E-01
counts 1.00000000000000000E+00 6.00000000000000000E+00
free -2.99185741234955782E-02 -6.68384886371842235E-03 -9.87567146044411892E+00 2.10343888146627549E+01 2.03250653507261525E+01 -1.58477747483236104E+01
acc -1.52628198823821437E+00 -1.77352716063776761E+00 -5.43221032737526532E-01 -2.23352834640973867E+01 5.67223443801988481E+01 -4.03938093037010137E+00
qfrc -1.49636738344444908E+00 -1.76684327660148788E+00 9.33243856550032724E+00 -1.73478684736186356E-01 1.45589508380173677E-01 4.72340683066139119E-02
aref -2.89032759122169036E+00 1.96336665838812063E+00 3.85633957120429693E+00 -4.78330050403786711E+00 -4.37400495425861457E-01 -4.89560437407709159E-01
reg 5.15368421052632003E-02 5.15368421052632003E-02 5.15368421052632003E-02 5.15368421052632003E-02 5.15368421052632003E-02 5.15368421052632003E-02
force 7.48842385491226004E-02 3.01962303288493583E+00 2.79422645525401503E+00 3.00280816179933130E-01 3.14342402263232001E+00 0.00000000000000000E+00
jac 0.00000000000000000E+00 5.99999999999999978E-01 1.00000000000000000E+00 5.86904715530196103E-02 3.93213943703175776E-04 -4.24506328614491038E-04
jac 0.00000000000000000E+00 -5.99999999999999978E-01 1.00000000000000000E+00 -5.86904715530196103E-02 -3.93213943703175776E-04 4.24506328614491038E-04
jac -5.99999999999999978E-01 0.00000000000000000E+00 1.00000000000000000E+00 -3.96589292888729743E-04 5.86901262490572423E-02 -4.66981527309830722E-04
jac 5.99999999999999978E-01 0.00000000000000000E+00 1.00000000000000000E+00 3.96589292888729743E-04 -5.86901262490572423E-02 4.66981527309830722E-04
jac 0.00000000000000000E+00 0.00000000000000000E+00 1.00000000000000000E+00 1.07683799232665244E-04 1.20071716831419943E-04 1.49991328743430997E-02
jac 0.00000000000000000E+00 0.00000000000000000E+00 1.00000000000000000E+00 -1.07683799232665244E-04 -1.20071716831419943E-04 -1.49991328743430997E-02
state 3.76528623908473602E-03 4.16653645928144120E-03 9.94311204344583976E-02 9.99373854350804169E-01 3.57817582550095043E-03 3.41946339153091361E-02 -8.35601036252861876E-03 1.08839440489476316E-01 -2.47043886445630426E-02 1.12451139589256743E-02 2.44663617944992695E-01 1.10148682126192465E+00 -1.29031358913203748E-01 1.00000000000000075E-01
