counts 1.00000000000000000E+00 1.00000000000000000E+01
free -8.71263144347471097E-02 2.21125157078357615E-02 -9.80211736268541500E+00 6.11580960442945987E+00 -3.49112704315775488E+01 3.16992387924815553E+01
acc -1.51478332109069247E+00 2.48499713602682926E+00 1.46435797979782993E+01 5.95398885862345608E+01 -7.51507412864021229E-01 1.25527986846654986E+01
qfrc -1.42765693744710553E+00 2.46288557388241092E+00 2.44456943213960578E+01 2.13696277532612555E-01 1.36639058631944532E-01 -7.65858758888405683E-02
aref 1.98327903472730966E+01 9.67307791121061200E+00 1.56791550467151364E+01 1.38267132117685723E+01 1.47874474945636347E+01 1.47184207639200739E+01 1.47334524619617806E+01 1.47724157965219280E+01 1.47460151982355576E+01 1.47598530602481510E+01
reg 5.15368421052632003E-02 5.15368421052632003E-02 5.15368421052632003E-02 5.15368421052632003E-02 5.15368421052632003E-02 5.15368421052632003E-02 5.15368421052632003E-02 5.15368421052632003E-02 5.15368421052632003E-02 5.15368421052632003E-02
force 4.17427177522025161E+00 6.94624854162329414E-02 3.31158124485749683E+00 9.32153015778987681E-01 0.00000000000000000E+00 5.10572505925603792E+00 1.80218053417467861E+00 2.44155372646174351E+00 6.60876648023062696E+00 0.00000000000000000E+00
jac 0.00000000000000000E+00 5.99999999999999978E-01 1.00000000000000000E+00 5.84999999999999964E-02 0.00000000000000000E+00 0.00000000000000000E+00
jac 0.00000000000000000E+00 -5.99999999999999978E-01 1.00000000000000000E+00 -5.84999999999999964E-02 0.00000000000000000E+00 0.00000000000000000E+00
jac -5.99999999999999978E-01 0.00000000000000000E+00 1.00000000000000000E+00 0.00000000000000000E+00 5.84999999999999964E-02 0.00000000000000000E+00
jac 5.99999999999999978E-01 0.00000000000000000E+00 1.00000000000000000E+00 0.00000000000000000E+00 -5.84999999999999964E-02 0.00000000000000000E+00
jac 0.00000000000000000E+00 0.00000000000000000E+00 1.00000000000000000E+00 0.00000000000000000E+00 0.00000000000000000E+00 1.49999999999999994E-02
jac 0.00000000000000000E+00 0.00000000000000000E+00 1.00000000000000000E+00 0.00000000000000000E+00 0.00000000000000000E+00 -1.49999999999999994E-02
jac 0.00000000000000000E+00 0.00000000000000000E+00 1.00000000000000000E+00 0.00000000000000000E+00 4.00000000000000008E-03 0.00000000000000000E+00
jac 0.00000000000000000E+00 0.00000000000000000E+00 1.00000000000000000E+00 0.00000000000000000E+00 -4.00000000000000008E-03 0.00000000000000000E+00
jac 0.00000000000000000E+00 0.00000000000000000E+00 1.00000000000000000E+00 -4.00000000000000008E-03 0.00000000000000000E+00 0.00000000000000000E+00
jac 0.00000000000000000E+00 0.00000000000000000E+00 1.00000000000000000E+00 4.00000000000000008E-03 0.00000000000000000E+00 0.00000000000000000E+00
state -3.36345005013522543E-03 -7.56674007592718269E-03 9.91148082638314831E-02 9.99038307577753248E-01 3.40703202313228856E-02 -2.03952350180153473E-02 1.85932154312699674E-02 -8.65300361881462532E-02 -7.82131293237734726E-02 2.55223094903031279E-02 8.57442274205212573E-01 -9.55120025771351466E-01 6.40049377110086692E-01 1.00000000000000075E-01
counts 1.00000000000000000E+00 1.00000000000000000E+01
free 1.27641855260068632E-01 8.27370343277624015E-02 -9.75323940288901703E+00 -5.38316081821073578E+00 1.92626241991263107E+01 -3.57175495906045626E+01
acc 1.78466907050268575E-01 1.67739831104431625E+00 5.34690925225266955E+00 3.01392435705744006E+01 1.59486472881872157E+01 -1.30506410522119722E+01
qfrc 5.08222806849818465E-02 1.59466039431013584E+00 1.51001466297121709E+01 1.42089507827757977E-01 -1.32561889385178835E-02 9.06673431252065370E-02
aref 8.24795381723593124E+00 2.50463494920759278E+00 6.19780013228091775E+00 4.55478863416260538E+00 5.45696898374596628E+00 5.29561978269755773E+00 5.35859277146539092E+00 5.39399599497813220E+00 5.38990986572169906E+00 5.36267890072182407E+00
reg 5.15368421052632003E-02 5.15368421052632003E-02 5.15368421052632003E-02 5.15368421052632003E-02 5.15368421052632003E-02 5.15368421052632003E-02 5.15368421052632003E-02 5.15368421052632003E-02 5.15368421052632003E-02 5.15368421052632003E-02
force 2.65776732385022640E+00 0.00000000000000000E+00 5.27825273053317834E-01 6.12529074194954282E-01 5.98346113374273969E+00 0.00000000000000000E+00 0.00000000000000000E+00 2.14983338404976276E+00 3.16873044082116806E+00 0.00000000000000000E+00
jac 0.00000000000000000E+00 5.99999999999999978E-01 1.00000000000000000E+00 5.84376485014309610E-02 7.39283370559836562E-05 3.68789195443760306E-04
jac 0.00000000000000000E+00 -5.99999999999999978E-01 1.00000000000000000E+00 -5.84376485014309610E-02 -7.39283370559836562E-05 -3.68789195443760306E-04
jac -5.99999999999999978E-01 0.00000000000000000E+00 1.00000000000000000E+00 -7.34638602340353697E-05 5.84387661257423502E-02 -7.38241729997257814E-05
jac 5.99999999999999978E-01 0.00000000000000000E+00 1.00000000000000000E+00 7.34638602340353697E-05 -5.84387661257423502E-02 7.38241729997257814E-05
jac 0.00000000000000000E+00 0.00000000000000000E+00 1.00000000000000000E+00 -9.46840872958372562E-05 1.88296891831555709E-05 1.49996893423303343E-02
jac 0.00000000000000000E+00 0.00000000000000000E+00 1.00000000000000000E+00 9.46840872958372562E-05 -1.88296891831555709E-05 -1.49996893423303343E-02
jac 0.00000000000000000E+00 0.00000000000000000E+00 1.00000000000000000E+00 -5.02842537153687979E-06 3.99999364765005281E-03 -5.05308791781357012E-06
jac 0.00000000000000000E+00 0.00000000000000000E+00 1.00000000000000000E+00 5.02842537153687979E-06 -3.99999364765005281E-03 5.05308791781357012E-06
jac 0.00000000000000000E+00 0.00000000000000000E+00 1.00000000000000000E+00 -3.99991714894136312E-03 -5.06021769811126613E-06 -2.52427376020043601E-05
jac 0.00000000000000000E+00 0.00000000000000000E+00 1.00000000000000000E+00 3.99991714894136312E-03 5.06021769811126613E-06 2.52427376020043601E-05
state 1.25811531184163699E-02 -7.33398417456474633E-03 9.93734736625342396E-02 9.99239751592958636E-01 1.30963966344076112E-02 2.87254726882019418E-02 -2.28746683140222326E-02 7.88286936057494420E-02 -2.34612483156411700E-02 2.02079607845192105E-02 1.51441013385713003E-01 8.72165589987419110E-01 -7.06420326193754944E-01 1.00000000000000075E-01
