counts 1.00000000000000000E+00 4.00000000000000000E+00
free -4.48090230810357232E-02 -1.42548688526993539E-01 -9.91201250511846155E+00 6.85765119094002884E+00 1.84053703758427858E+01 -1.58125125367898942E+01
acc 2.28402292396372708E+00 -4.88638117016881868E-02 6.87960362415011417E+00 9.14122006355685457E+00 -3.83599083333732906E+01 -1.58125125367898942E+01
qfrc 2.32883194704476271E+00 9.36848768253053521E-02 1.67916161292685757E+01 9.13427549046727516E-03 -2.27061114836864336E-01 0.00000000000000000E+00
aref 7.60541769124463585E+00 6.58648293207620217E+00 3.38146463260634178E+00 1.08104359907144953E+01
reg 5.15368421052632003E-02 5.15368421052632003E-02 5.15368421052632003E-02 5.15368421052632003E-02
force 4.27595916750280924E+00 4.11981770612730003E+00 2.25722633861526401E+00 6.13861291702320155E+00
jac 0.00000000000000000E+00 5.99999999999999978E-01 1.00000000000000000E+00 5.84999999999999964E-02 0.00000000000000000E+00 0.00000000000000000E+00
jac 0.00000000000000000E+00 -5.99999999999999978E-01 1.00000000000000000E+00 -5.84999999999999964E-02 0.00000000000000000E+00 0.00000000000000000E+00
jac -5.99999999999999978E-01 0.00000000000000000E+00 1.00000000000000000E+00 0.00000000000000000E+00 5.84999999999999964E-02 0.00000000000000000E+00
jac 5.99999999999999978E-01 0.00000000000000000E+00 1.00000000000000000E+00 0.00000000000000000E+00 -5.84999999999999964E-02 0.00000000000000000E+00
state -3.00838417479843898E-03 -1.49357065538890141E-03 9.91059197720742802E-02 9.99024523354880345E-01 6.78548273875939027E-03 -1.09156393367960767E-02 -4.22469854241126555E-02 -2.20155477110526611E-03 -2.93197343972888200E-02 1.78440648750473330E-02 2.61638899548876980E-01 -1.59620116885159750E-02 -1.64734474514654905E+00 1.00000000000000075E-01
counts 1.00000000000000000E+00 4.00000000000000000E+00
free -1.32937337886393558E-01 2.20343309726941938E-03 -9.78092951476339501E+00 4.89400813335924134E+00 7.23010447365337328E+00 1.13817385434421823E+01
acc 1.54999896976113094E+00 -5.25243935984018306E-01 4.79175949253515832E+00 -7.73407818237182987E+00 -3.34128032192204927E+01 1.13924395751188836E+01
qfrc 1.68293630764752455E+00 -5.27447369081287754E-01 1.45726890072985533E+01 -5.05123452629243005E-02 -1.62571630771495529E-01 4.28041267068079881E-05
aref 4.19065772053777597E+00 5.76837592079039396E+00 2.04254641471269149E+00 7.91648722661547843E+00
reg 5.15368421052632003E-02 5.15368421052632003E-02 5.15368421052632003E-02 5.15368421052632003E-02
force 3.20362597651128356E+00 4.08270492498009663E+00 2.24073212986398262E+00 5.04562597594319051E+00
jac 0.00000000000000000E+00 5.99999999999999978E-01 1.00000000000000000E+00 5.79151481633645854E-02 1.42627800275684928E-04 1.42700071379696315E-04
jac 0.00000000000000000E+00 -5.99999999999999978E-01 1.00000000000000000E+00 -5.79151481633645854E-02 -1.42627800275684928E-04 -1.42700071379696315E-04
jac -5.99999999999999978E-01 0.00000000000000000E+00 1.00000000000000000E+00 -1.42480359996648680E-04 5.79152932656901015E-02 -5.99840010476264025E-05
jac 5.99999999999999978E-01 0.00000000000000000E+00 1.00000000000000000E+00 1.42480359996648680E-04 -5.79152932656901015E-02 5.99840010476264025E-05
state -8.42558113069651754E-03 -5.54179208496454346E-03 9.89284752432476738E-02 9.99620298419380715E-01 2.04835825486226943E-03 -1.16629848803659203E-02 2.48804742737944833E-02 -2.45316814632913355E-02 -8.64121762349892922E-03 2.18853429948125955E-02 1.01438929155461391E-01 -2.45147548221615386E-01 1.08545274942883108E+00 1.00000000000000075E-01
