counts 1.00000000000000000E+00 4.00000000000000000E+00
free 1.06897877160815336E-01 1.54890668555355437E-01 -9.75689496146020652E+00 2.82939419434130546E+00 -2.06011680402759083E+01 -1.71512604401751578E+00
acc 9.41873975025822818E-01 2.25863612347804477E+00 7.05659154590087745E+00 5.41081896580818764E+01 -4.09537104257354656E+01 -1.71512604401751578E+00
qfrc 8.34976059423671035E-01 2.10374528897762936E+00 1.68134864206447503E+01 2.05115165675318872E-01 -8.14101657938079426E-02 0.00000000000000000E+00
aref 1.18840811377002105E+01 2.66235895155142366E+00 4.27644357525797147E+00 1.02699965139936626E+01
reg 5.15368421052632003E-02 5.15368421052632003E-02 5.15368421052632003E-02 5.15368421052632003E-02
force 5.95649267930920256E+00 2.45025053101315304E+00 3.50755822230813896E+00 4.89918498801425706E+00
jac 0.00000000000000000E+00 5.99999999999999978E-01 1.00000000000000000E+00 5.84999999999999964E-02 0.00000000000000000E+00 0.00000000000000000E+00
jac 0.00000000000000000E+00 -5.99999999999999978E-01 1.00000000000000000E+00 -5.84999999999999964E-02 0.00000000000000000E+00 0.00000000000000000E+00
jac -5.99999999999999978E-01 0.00000000000000000E+00 1.00000000000000000E+00 0.00000000000000000E+00 5.84999999999999964E-02 0.00000000000000000E+00
jac 5.99999999999999978E-01 0.00000000000000000E+00 1.00000000000000000E+00 0.00000000000000000E+00 -5.84999999999999964E-02 0.00000000000000000E+00
state -4.29188310395622018E-03 -4.95196615770031497E-03 9.91019967689867609E-02 9.99626893275716522E-01 1.98221954879113371E-02 -1.83566068077326318E-02 -4.02365412092169170E-03 -3.74356311717022258E-02 -2.56091962915819538E-02 1.79623022049960612E-02 2.57662845328929302E-01 -3.78610354418683015E-01 -8.55423288112859559E-02 1.00000000000000075E-01
counts 1.00000000000000000E+00 4.00000000000000000E+00
free 4.40423567165254548E-04 -3.86239349042382940E-02 -9.82395209877790521E+00 4.17618593728340173E+01 -3.61800292883046026E+00 5.73502475199383266E+00
acc 4.11566683960611357E-01 -9.20409213611281474E-01 9.44378592009356943E+00 2.02627464766528433E+01 -1.37658465979388112E+01 5.70149944725747737E+00
qfrc 4.11126260212879568E-01 -8.81785278239600068E-01 1.92677380210483342E+01 -8.59964515391198614E-02 -4.05913746585686019E-02 -1.34101218884562353E-04
aref 1.02864852269601990E+01 9.09758579928510969E+00 8.61546439444415491E+00 1.07686066318011555E+01
reg 5.15368421052632003E-02 5.15368421052632003E-02 5.15368421052632003E-02 5.15368421052632003E-02
force 4.08211344006238264E+00 5.55175557046171608E+00 4.47432928841805122E+00 5.15953972210618339E+00
jac 0.00000000000000000E+00 5.99999999999999978E-01 1.00000000000000000E+00 5.86445793565164020E-02 2.77382753152681288E-04 1.46915588923149138E-05
jac 0.00000000000000000E+00 -5.99999999999999978E-01 1.00000000000000000E+00 -5.86445793565164020E-02 -2.77382753152681288E-04 -1.46915588923149138E-05
jac -5.99999999999999978E-01 0.00000000000000000E+00 1.00000000000000000E+00 -2.77422808261258854E-04 5.86443511404242807E-02 1.64197565366293563E-04
jac 5.99999999999999978E-01 0.00000000000000000E+00 1.00000000000000000E+00 2.77422808261258854E-04 -5.86443511404242807E-02 -1.64197565366293563E-04
state -5.02975172390165114E-03 1.60179341016233791E-03 9.90914668133260068E-02 9.99713005143261335E-01 2.19929727470284213E-02 -9.18088469434161052E-03 2.43471834273596786E-03 -1.79134904347014248E-02 -6.84770883382315454E-02 1.81444721371937477E-02 6.90685349749510236E-01 -1.78198669194912923E-01 1.16746399714623500E-01 1.00000000000000075E-01
