counts 1.00000000000000000E+00 6.00000000000000000E+00
free -1.01614243407728469E-01 -7.79723660281659847E-02 -9.90724518455211012E+00 3.90614250796472717E+01 2.24825926552855577E+01 -6.25941421672632087E-02
acc 2.42879323664249336E+00 -1.25128240027567350E+00 1.13203534184986836E+01 1.04619929948646089E+01 -3.91960896709374396E+01 -5.63085956156174650E+00
qfrc 2.53040748005016347E+00 -1.17331003424747760E+00 2.12275986030509216E+01 -1.14397728339129090E-01 -2.46714729304890912E-01 -2.22730616775778378E-02
aref 1.13135538897998025E+01 1.16918207463573438E+01 7.64376578804213302E+00 1.53616088481150133E+01 1.13799616492258764E+01 1.16254129869312699E+01
reg 5.15368421052632003E-02 5.15368421052632003E-02 5.15368421052632003E-02 5.15368421052632003E-02 5.15368421052632003E-02 5.15368421052632003E-02
force 2.56017473863557665E+00 4.51569146238137265E+00 1.42926020046667190E+00 5.64660600055027739E+00 2.79549771125591473E+00 4.28036848976110385E+00
jac 0.00000000000000000E+00 5.99999999999999978E-01 1.00000000000000000E+00 5.84999999999999964E-02 0.00000000000000000E+00 0.00000000000000000E+00
jac 0.00000000000000000E+00 -5.99999999999999978E-01 1.00000000000000000E+00 -5.84999999999999964E-02 0.00000000000000000E+00 0.00000000000000000E+00
jac -5.99999999999999978E-01 0.00000000000000000E+00 1.00000000000000000E+00 0.00000000000000000E+00 5.84999999999999964E-02 0.00000000000000000E+00
jac 5.99999999999999978E-01 0.00000000000000000E+00 1.00000000000000000E+00 0.00000000000000000E+00 -5.84999999999999964E-02 0.00000000000000000E+00
jac 0.00000000000000000E+00 0.00000000000000000E+00 1.00000000000000000E+00 0.00000000000000000E+00 0.00000000000000000E+00 1.49999999999999994E-02
jac 0.00000000000000000E+00 0.00000000000000000E+00 1.00000000000000000E+00 0.00000000000000000E+00 0.00000000000000000E+00 -1.49999999999999994E-02
state -2.80558686083796178E-03 -5.51972155064386297E-03 9.90053831093129361E-02 9.99543906139885974E-01 2.85779963565366765E-02 -9.74063724169968448E-03 6.30721007161109807E-04 3.61731790023452418E-03 -1.14204217593873655E-01 2.06761501679369325E-02 1.15867568564658030E+00 4.03281847478728223E-02 -2.34728780108509928E-02 1.00000000000000075E-01
counts 0.00000000000000000E+00 0.00000000000000000E+00
free 4.99290605284916367E-02 4.12071995664908264E-02 -9.67827773707219308E+00 1.09740652268818568E+01 2.13885828962088382E+01 3.27513429077400398E+00
acc 4.99290605284916367E-02 4.12071995664908264E-02 -9.67827773707219308E+00 1.09740652268818568E+01 2.13885828962088382E+01 3.27513429077400398E+00
qfrc 0.00000000000000000E+00 0.00000000000000000E+00 0.00000000000000000E+00 0.00000000000000000E+00 0.00000000000000000E+00 0.00000000000000000E+00
aref
reg
force
state -5.79744021929362065E-03 -5.75992084333752001E-04 9.92614423832543780E-02 9.99968130956155887E-01 7.55610720431356808E-03 -1.72943550517484453E-03 1.91085551576808876E-03 4.14516697189436581E-03 -3.20967840650833586E-02 1.42158275855248512E-02 3.25782667215965938E-01 4.70978333347985695E-02 1.91036211842675122E-02 1.00000000000000075E-01
