counts 1.00000000000000000E+00 1.00000000000000000E+01
free 1.02498079211792104E-01 1.18259360427661678E-02 -9.86506411795252092E+00 4.00165309420077904E+01 4.81953632278178716E+01 2.88425640362242000E+01
acc 3.72678557638775043E+00 -2.69902231433829876E+00 1.11869418109909216E+01 -2.36876190310982935E+01 -3.61232363752303627E+01 1.34778312394730264E+01
qfrc 3.62428749717595844E+00 -2.71084825038106603E+00 2.10520059289434478E+01 -2.54816599892424445E-01 -3.37274398412193033E-01 -6.14589311870047117E-02
aref 8.04219008209823194E+00 1.44249285099985123E+01 6.61958888651213417E+00 1.58475297055846092E+01 1.12711843008617230E+01 1.11959342912350213E+01 1.12498026155579449E+01 1.12173159765387993E+01 1.12526418684707536E+01 1.12144767236259888E+01
reg 5.15368421052632003E-02 5.15368421052632003E-02 5.15368421052632003E-02 5.15368421052632003E-02 5.15368421052632003E-02 5.15368421052632003E-02 5.15368421052632003E-02 5.15368421052632003E-02 5.15368421052632003E-02 5.15368421052632003E-02
force 0.00000000000000000E+00 4.51808041730177656E+00 0.00000000000000000E+00 6.04047916195993118E+00 0.00000000000000000E+00 4.09726207913364782E+00 4.02340814061572694E+00 0.00000000000000000E+00 0.00000000000000000E+00 2.37277612993236486E+00
jac 0.00000000000000000E+00 5.99999999999999978E-01 1.00000000000000000E+00 5.84999999999999964E-02 0.00000000000000000E+00 0.00000000000000000E+00
jac 0.00000000000000000E+00 -5.99999999999999978E-01 1.00000000000000000E+00 -5.84999999999999964E-02 0.00000000000000000E+00 0.00000000000000000E+00
jac -5.99999999999999978E-01 0.00000000000000000E+00 1.00000000000000000E+00 0.00000000000000000E+00 5.84999999999999964E-02 0.00000000000000000E+00
jac 5.99999999999999978E-01 0.00000000000000000E+00 1.00000000000000000E+00 0.00000000000000000E+00 -5.84999999999999964E-02 0.00000000000000000E+00
jac 0.00000000000000000E+00 0.00000000000000000E+00 1.00000000000000000E+00 0.00000000000000000E+00 0.00000000000000000E+00 1.49999999999999994E-02
jac 0.00000000000000000E+00 0.00000000000000000E+00 1.00000000000000000E+00 0.00000000000000000E+00 0.00000000000000000E+00 -1.49999999999999994E-02
jac 0.00000000000000000E+00 0.00000000000000000E+00 1.00000000000000000E+00 0.00000000000000000E+00 4.00000000000000008E-03 0.00000000000000000E+00
jac 0.00000000000000000E+00 0.00000000000000000E+00 1.00000000000000000E+00 0.00000000000000000E+00 -4.00000000000000008E-03 0.00000000000000000E+00
jac 0.00000000000000000E+00 0.00000000000000000E+00 1.00000000000000000E+00 -4.00000000000000008E-03 0.00000000000000000E+00 0.00000000000000000E+00
jac 0.00000000000000000E+00 0.00000000000000000E+00 1.00000000000000000E+00 4.00000000000000008E-03 0.00000000000000000E+00 0.00000000000000000E+00
state -4.55684361142040436E-05 -1.18772352127388594E-03 9.90988392353229913E-02 9.99885563795767762E-01 1.06560173538240537E-02 6.03491639758329916E-03 8.88191370413158807E-03 4.99586572664357451E-02 -4.87520553881518673E-02 2.12767627295081668E-02 5.20988426015670303E-01 5.22695976187900535E-01 2.34145056781767891E-01 1.00000000000000075E-01
counts 0.00000000000000000E+00 0.00000000000000000E+00
free 5.98721493523504816E-02 -1.48129718432051527E-02 -9.68168894809559077E+00 4.24576195842000281E+00 8.68859347803310911E+00 2.71255883724732860E-01
acc 5.98721493523504816E-02 -1.48129718432051527E-02 -9.68168894809559077E+00 4.24576195842000281E+00 8.68859347803310911E+00 2.71255883724732860E-01
qfrc 0.00000000000000000E+00 0.00000000000000000E+00 0.00000000000000000E+00 0.00000000000000000E+00 0.00000000000000000E+00 0.00000000000000000E+00
aref
reg
force
state -2.14320884554942710E-03 1.02239716525320216E-02 9.97582209693621408E-02 9.99890335968447785E-01 -1.36024111835028085E-02 -5.84361445897874695E-03 3.77646597851585982E-04 4.81977474686134510E-03 1.20666784144624704E-02 3.50644679819552213E-03 -1.18042847381706256E-01 4.94879265993454637E-02 2.18248968046527991E-02 1.00000000000000075E-01
