counts 1.00000000000000000E+00 6.00000000000000000E+00
free 8.25978584760329523E-03 1.02878506826547242E-01 -9.72128277371048632E+00 8.49755583484986232E+00 1.62198167044583528E+01 2.81028510559147193E+00
acc 2.42057336136256751E+00 -1.82435176538602173E+00 8.40022724530524378E+00 -3.84786820503320612E+01 -4.25803266987198867E+01 4.28137403101960423E+00
qfrc 2.41231357551502867E+00 -1.92723027221255250E+00 1.81215100190155596E+01 -1.87904951540723897E-01 -2.35200573612715236E-01 5.88435570171095407E-03
aref 5.12749805102277545E+00 1.19842649064406945E+01 4.50898583016433196E+00 1.26027771272991380E+01 8.63021079288670734E+00 8.48155216457676353E+00
reg 5.15368421052632003E-02 5.15368421052632003E-02 5.15368421052632003E-02 5.15368421052632003E-02 5.15368421052632003E-02 5.15368421052632003E-02
force 1.41422644299211520E+00 4.62627689667970277E+00 1.00999035690677030E+00 5.03051298276515091E+00 3.21639685989294088E+00 2.82410647977887708E+00
jac 0.00000000000000000E+00 5.99999999999999978E-01 1.00000000000000000E+00 5.84999999999999964E-02 0.00000000000000000E+00 0.00000000000000000E+00
jac 0.00000000000000000E+00 -5.99999999999999978E-01 1.00000000000000000E+00 -5.84999999999999964E-02 0.00000000000000000E+00 0.00000000000000000E+00
jac -5.99999999999999978E-01 0.00000000000000000E+00 1.00000000000000000E+00 0.00000000000000000E+00 5.84999999999999964E-02 0.00000000000000000E+00
jac 5.99999999999999978E-01 0.00000000000000000E+00 1.00000000000000000E+00 0.00000000000000000E+00 -5.84999999999999964E-02 0.00000000000000000E+00
jac 0.00000000000000000E+00 0.00000000000000000E+00 1.00000000000000000E+00 0.00000000000000000E+00 0.00000000000000000E+00 1.49999999999999994E-02
jac 0.00000000000000000E+00 0.00000000000000000E+00 1.00000000000000000E+00 0.00000000000000000E+00 0.00000000000000000E+00 -1.49999999999999994E-02
state -2.79565119675625985E-03 2.98307460001489069E-03 9.90903028435592692E-02 9.99893327618509797E-01 -1.11070705399517536E-02 -9.47432219431037712E-03 -4.51206119279006542E-04 1.99357853833976358E-03 8.89714353477609986E-03 1.88486201870356161E-02 -8.77555350274885765E-02 2.12450984390606425E-02 -6.62651926569434672E-04 1.00000000000000075E-01
counts 1.00000000000000000E+00 6.00000000000000000E+00
free -5.25761818497602895E-02 1.40590210239224606E-01 -9.97828905920476217E+00 1.15418893432806549E+01 1.21588351516230411E+01 1.32575049382651500E+01
acc 9.40107620334097893E-01 -5.43832232396828430E-01 9.41996806936294817E+00 -4.44044468137374615E+00 -1.11325081674198110E+01 8.05410456386229257E+00
qfrc 9.92683802183840003E-01 -6.84422442635998607E-01 1.93982571285675363E+01 -6.39293360986140369E-02 -9.31653732761693193E-02 -2.08136014976094130E-02
aref 8.98229274103310438E+00 1.01908850359435519E+01 8.35198144985885627E+00 1.08211963271178000E+01 9.67042235444183618E+00 9.50275542253482186E+00
reg 5.15368421052632003E-02 5.15368421052632003E-02 5.15368421052632003E-02 5.15368421052632003E-02 5.15368421052632003E-02 5.15368421052632003E-02
force 2.66269081923126905E+00 3.80339489029126643E+00 2.40580635294136691E+00 4.06027935658110017E+00 2.52931394626298189E+00 3.93677176325955358E+00
jac 0.00000000000000000E+00 5.99999999999999978E-01 1.00000000000000000E+00 5.61972362358635971E-02 6.12238138769235037E-05 2.01093508164378802E-04
jac 0.00000000000000000E+00 -5.99999999999999978E-01 1.00000000000000000E+00 -5.61972362358635971E-02 -6.12238138769235037E-05 -2.01093508164378802E-04
jac -5.99999999999999978E-01 0.00000000000000000E+00 1.00000000000000000E+00 -6.00830209070077879E-05 5.61966939134549218E-02 -3.18638873851556648E-04
jac 5.99999999999999978E-01 0.00000000000000000E+00 1.00000000000000000E+00 6.00830209070077879E-05 -5.61966939134549218E-02 3.18638873851556648E-04
jac 0.00000000000000000E+00 0.00000000000000000E+00 1.00000000000000000E+00 -5.37666713519447802E-05 8.49915694616599696E-05 1.49996628488167083E-02
jac 0.00000000000000000E+00 0.00000000000000000E+00 1.00000000000000000E+00 5.37666713519447802E-05 -8.49915694616599696E-05 -1.49996628488167083E-02
state -6.96965839847535264E-03 -3.19968914012802065E-03 9.81150269110961093E-02 9.99994602065119587E-01 2.89037753541130987E-03 -1.29115548515806909E-03 8.80043089661182833E-04 3.41695467348343161E-03 -6.14323149905109892E-03 4.05941961534547965E-02 6.38868520987500160E-02 3.56594260928904186E-02 4.24200741162628278E-02 1.00000000000000075E-01
