counts 1.00000000000000000E+00 4.00000000000000000E+00
free 3.51765466124686829E-03 5.71897335981247715E-02 -9.77189896674669711E+00 2.22127437075014598E+01 -3.18897238088106576E+01 -1.50318592561681594E+01
acc 6.25551745578835749E-01 7.92923634096096119E-01 8.13522387002752367E+00 4.01462575321391242E+01 -4.70518047749275681E+01 -1.50318592561681594E+01
qfrc 6.22034090917657601E-01 7.35733900497945736E-01 1.79071228367741568E+01 7.17340552985496760E-02 -6.06483238644715816E-02 0.00000000000000000E+00
aref 1.12218510915494605E+01 5.51003492960477903E+00 5.21136665662346221E+00 1.15205193645307773E+01
reg 5.15368421052632003E-02 5.15368421052632003E-02 5.15368421052632003E-02 5.15368421052632003E-02
force 5.08989229294182710E+00 3.86366912544525087E+00 3.95841896676215788E+00 4.99514245162492010E+00
jac 0.00000000000000000E+00 5.99999999999999978E-01 1.00000000000000000E+00 5.84999999999999964E-02 0.00000000000000000E+00 0.00000000000000000E+00
jac 0.00000000000000000E+00 -5.99999999999999978E-01 1.00000000000000000E+00 -5.84999999999999964E-02 0.00000000000000000E+00 0.00000000000000000E+00
jac -5.99999999999999978E-01 0.00000000000000000E+00 1.00000000000000000E+00 0.00000000000000000E+00 5.84999999999999964E-02 0.00000000000000000E+00
jac 5.99999999999999978E-01 0.00000000000000000E+00 1.00000000000000000E+00 0.00000000000000000E+00 -5.84999999999999964E-02 0.00000000000000000E+00
state -5.84706623309102624E-03 -3.84324452542893170E-03 9.90705237869846655E-02 9.99471982233146705E-01 1.62042381191948234E-02 -2.60459557937346049E-02 -1.07138968032677983E-02 -6.06953397319650867E-02 -3.53682239536036377E-02 1.86492705506655018E-02 3.55375556549119453E-01 -6.11717852296051690E-01 -2.65304934674337356E-01 1.00000000000000075E-01
counts 0.00000000000000000E+00 0.00000000000000000E+00
free -1.36327822285004951E-01 -6.87905717718164250E-02 -9.84952704886959474E+00 -2.64993458648626312E+00 4.63462464016763036E+01 8.38558639324891786E+00
acc -1.36327822285004951E-01 -6.87905717718164250E-02 -9.84952704886959474E+00 -2.64993458648626312E+00 4.63462464016763036E+01 8.38558639324891786E+00
qfrc 0.00000000000000000E+00 0.00000000000000000E+00 0.00000000000000000E+00 0.00000000000000000E+00 0.00000000000000000E+00 0.00000000000000000E+00
aref
reg
force
state 1.38162845920238794E-02 5.80652271772912412E-04 9.92636482008741466E-02 9.99479876670936518E-01 4.17801897306646196E-03 2.96477660576417515E-02 1.19804113076956986E-02 7.85242547341795522E-02 -3.28275538121722667E-03 1.35374364306422804E-02 3.80765533481905519E-02 7.90884185471930512E-01 2.13993984588250308E-01 1.00000000000000075E-01
