counts 1.00000000000000000E+00 1.00000000000000000E+01
free 8.50909045828415478E-02 -7.17641741430517788E-02 -9.77983835490958242E+00 3.63615829911097705E+01 -1.25396337013238828E+01 3.19910816267277820E+00
acc -8.38136373524551059E-01 -4.42788118607277625E-01 -8.23514551742247747E-01 2.42426726869727887E+01 8.39623000644484563E+00 -1.71436570256844245E+00
qfrc -9.23227278107392579E-01 -3.71023944464225819E-01 8.95632380316733467E+00 -4.84756412165479461E-02 8.37434548310749260E-02 -1.96538954609648819E-02
aref 3.48821390361772288E-01 -1.92435645009649470E+00 2.49845446023275741E-01 -1.82538050575799815E+00 -8.47246214632925820E-01 -7.28288845101796589E-01 -7.99235110662487536E-01 -7.76299949072233986E-01 -7.62000716395461630E-01 -8.13534343339259891E-01
reg 5.15368421052632003E-02 5.15368421052632003E-02 5.15368421052632003E-02 5.15368421052632003E-02 5.15368421052632003E-02 5.15368421052632003E-02 5.15368421052632003E-02 5.15368421052632003E-02 5.15368421052632003E-02 5.15368421052632003E-02
force 3.84466433670749674E-01 1.00283967444445943E+00 1.53871213017898767E+00 0.00000000000000000E+00 3.85215067775184009E-02 1.34878120417517744E+00 0.00000000000000000E+00 1.56780119609896240E+00 3.07520165782148025E+00 0.00000000000000000E+00
jac 0.00000000000000000E+00 5.99999999999999978E-01 1.00000000000000000E+00 5.84999999999999964E-02 0.00000000000000000E+00 0.00000000000000000E+00
jac 0.00000000000000000E+00 -5.99999999999999978E-01 1.00000000000000000E+00 -5.84999999999999964E-02 0.00000000000000000E+00 0.00000000000000000E+00
jac -5.99999999999999978E-01 0.00000000000000000E+00 1.00000000000000000E+00 0.00000000000000000E+00 5.84999999999999964E-02 0.00000000000000000E+00
jac 5.99999999999999978E-01 0.00000000000000000E+00 1.00000000000000000E+00 0.00000000000000000E+00 -5.84999999999999964E-02 0.00000000000000000E+00
jac 0.00000000000000000E+00 0.00000000000000000E+00 1.00000000000000000E+00 0.00000000000000000E+00 0.00000000000000000E+00 1.49999999999999994E-02
jac 0.00000000000000000E+00 0.00000000000000000E+00 1.00000000000000000E+00 0.00000000000000000E+00 0.00000000000000000E+00 -1.49999999999999994E-02
jac 0.00000000000000000E+00 0.00000000000000000E+00 1.00000000000000000E+00 0.00000000000000000E+00 4.00000000000000008E-03 0.00000000000000000E+00
jac 0.00000000000000000E+00 0.00000000000000000E+00 1.00000000000000000E+00 0.00000000000000000E+00 -4.00000000000000008E-03 0.00000000000000000E+00
jac 0.00000000000000000E+00 0.00000000000000000E+00 1.00000000000000000E+00 -4.00000000000000008E-03 0.00000000000000000E+00 0.00000000000000000E+00
jac 0.00000000000000000E+00 0.00000000000000000E+00 1.00000000000000000E+00 4.00000000000000008E-03 0.00000000000000000E+00 0.00000000000000000E+00
state 3.12625951412370730E-04 -4.99425163718227386E-03 9.93836724631487478E-02 9.99712001668933814E-01 2.39556395030768761E-02 3.28028553586773492E-04 1.39048637540722291E-03 -6.99290688668334579E-03 -6.32527294382805028E-02 1.30556845989649763E-02 6.34958343951289916E-01 -7.19950507229474845E-02 3.02496566712386408E-02 1.00000000000000075E-01
counts 0.00000000000000000E+00 0.00000000000000000E+00
free -2.17265056549896529E-03 8.53488170299789572E-02 -9.88197772839006028E+00 1.90179727302813117E+00 3.27341181537678310E+01 1.24104429717647111E+01
acc -2.17265056549896529E-03 8.53488170299789572E-02 -9.88197772839006028E+00 1.90179727302813117E+00 3.27341181537678310E+01 1.24104429717647111E+01
qfrc 0.00000000000000000E+00 0.00000000000000000E+00 0.00000000000000000E+00 0.00000000000000000E+00 0.00000000000000000E+00 0.00000000000000000E+00
aref
reg
force
state 4.58746198126005165E-03 3.40628809981452160E-03 9.97224299918894747E-02 9.99880161775609344E-01 -2.84651082689494836E-03 1.31646512229227335E-02 7.63226191070240281E-03 4.46555382014182239E-02 9.35494645862680087E-03 4.45949618945071669E-03 -8.72498810456713153E-02 4.50674774212922069E-01 1.17131123022577041E-01 1.00000000000000075E-01
