counts 1.00000000000000000E+00 4.00000000000000000E+00
free -1.48081557419490861E-01 2.02507572338790839E-02 -9.72395190918972574E+00 1.57968949840815718E+01 -1.74590833924210074E+01 -3.60844587812387729E+01
acc -1.94467571857891153E-01 -2.36483283818356371E+00 8.21145785980283449E+00 -4.23395176542185823E+01 -1.63284242904850032E+01 -3.60844587812387729E+01
qfrc -4.63860144384002915E-02 -2.38508359541744275E+00 1.79354097689925602E+01 -2.32545650553200700E-01 4.52263640774402953E-03 0.00000000000000000E+00
aref 4.44434763647411302E+00 1.24407352153125856E+01 7.60600122320075567E+00 9.27908162858594388E+00
reg 5.15368421052632003E-02 5.15368421052632003E-02 5.15368421052632003E-02 5.15368421052632003E-02
force 2.49626746222160190E+00 6.47140678791734025E+00 4.52252277145881010E+00 4.44521274739480976E+00
jac 0.00000000000000000E+00 5.99999999999999978E-01 1.00000000000000000E+00 5.84999999999999964E-02 0.00000000000000000E+00 0.00000000000000000E+00
jac 0.00000000000000000E+00 -5.99999999999999978E-01 1.00000000000000000E+00 -5.84999999999999964E-02 0.00000000000000000E+00 0.00000000000000000E+00
jac -5.99999999999999978E-01 0.00000000000000000E+00 1.00000000000000000E+00 0.00000000000000000E+00 5.84999999999999964E-02 0.00000000000000000E+00
jac 5.99999999999999978E-01 0.00000000000000000E+00 1.00000000000000000E+00 0.00000000000000000E+00 -5.84999999999999964E-02 0.00000000000000000E+00
state -2.36822812749359251E-03 2.46123874451020883E-03 9.90686970944712197E-02 9.99520060577183456E-01 -7.79559436682758077E-03 -1.08806679292728740E-02 -2.79372202923467254E-02 -3.20814911694946303E-02 -4.22099586264886029E-03 1.86989450920998813E-02 4.64186035807076028E-02 -3.08507116701885908E-01 -6.96139212164487708E-01 1.00000000000000075E-01
counts 1.00000000000000000E+00 4.00000000000000000E+00
free -6.37910414129710113E-02 -2.41638683671879101E-02 -9.73418192870687804E+00 3.74824642531229513E+00 -4.45558842454403414E-01 1.17394882667132947E+01
acc -1.16580201339467449E+00 9.32935109124706896E-01 1.33493182056281867E+01 2.71039984061315558E+01 2.66599008377434927E+01 1.19186369121741347E+01
qfrc -1.10201097198170350E+00 9.57098977491894765E-01 2.30835001343350648E+01 9.34230079232770821E-02 1.08421838720791641E-01 7.16594581843360903E-04
aref 1.58500288653755934E+01 1.14434328891203698E+01 1.59588872915013713E+01 1.13345744629945901E+01
reg 5.15368421052632003E-02 5.15368421052632003E-02 5.15368421052632003E-02 5.15368421052632003E-02
force 6.56847115469487619E+00 4.97330619220838432E+00 6.68920387036732311E+00 4.85251891706448379E+00
jac 0.00000000000000000E+00 5.99999999999999978E-01 1.00000000000000000E+00 5.88319320487539765E-02 2.30000714569529856E-04 1.44273785222458580E-04
jac 0.00000000000000000E+00 -5.99999999999999978E-01 1.00000000000000000E+00 -5.88319320487539765E-02 -2.30000714569529856E-04 -1.44273785222458580E-04
jac -5.99999999999999978E-01 0.00000000000000000E+00 1.00000000000000000E+00 -2.30648569053512012E-04 5.88315102409111765E-02 2.64854401826737868E-04
jac 5.99999999999999978E-01 0.00000000000000000E+00 1.00000000000000000E+00 2.30648569053512012E-04 -5.88315102409111765E-02 -2.64854401826737868E-04
state 8.82227275632904533E-03 -9.27038607842813056E-03 9.90552860101844984E-02 9.99927486850669567E-01 4.81189297378051186E-03 1.06867442601754226E-02 2.76771090088696577E-03 1.08150997396432736E-02 -1.04039155479961464E-02 1.89088625177964119E-02 1.01702397959856874E-01 1.09555268946534778E-01 1.39760498577481712E-01 1.00000000000000075E-01
