counts 1.00000000000000000E+00 1.00000000000000000E+01
free 4.34312285514741048E-02 1.14901216587982163E-02 -9.70260668070247512E+00 -1.01082104547425669E+01 -1.44444340826766364E+01 1.79567859723295769E+01
acc 4.30346742646641689E-01 -5.05196062358744924E-01 1.00280804354042381E+01 -2.01813364526356942E+01 -2.10661283616053794E+01 6.45562569307371081E+00
qfrc 3.86916067000451003E-01 -5.16686256980939618E-01 1.97306874865272519E+01 -4.02925074251425305E-02 -2.64868270725592547E-02 -4.60046213104835996E-02
aref 8.62385003303528919E+00 1.16356823028974681E+01 8.62257258634698687E+00 1.16369597495857722E+01 1.01475694565427901E+01 1.01119628793899690E+01 1.01178947445148051E+01 1.01416375914179540E+01 1.01455267305151811E+01 1.01140056054175762E+01
reg 5.15368421052632003E-02 5.15368421052632003E-02 5.15368421052632003E-02 5.15368421052632003E-02 5.15368421052632003E-02 5.15368421052632003E-02 5.15368421052632003E-02 5.15368421052632003E-02 5.15368421052632003E-02 5.15368421052632003E-02
force 1.54249686783526219E+00 2.40364062947016155E+00 1.65063869281903730E+00 2.29549880448645549E+00 4.39581371636625751E-01 3.50655612566886576E+00 3.37775493115079772E+00 5.68382566154624791E-01 7.12518419840326600E-01 3.23361907746509702E+00
jac 0.00000000000000000E+00 5.99999999999999978E-01 1.00000000000000000E+00 5.84999999999999964E-02 0.00000000000000000E+00 0.00000000000000000E+00
jac 0.00000000000000000E+00 -5.99999999999999978E-01 1.00000000000000000E+00 -5.84999999999999964E-02 0.00000000000000000E+00 0.00000000000000000E+00
jac -5.99999999999999978E-01 0.00000000000000000E+00 1.00000000000000000E+00 0.00000000000000000E+00 5.84999999999999964E-02 0.00000000000000000E+00
jac 5.99999999999999978E-01 0.00000000000000000E+00 1.00000000000000000E+00 0.00000000000000000E+00 -5.84999999999999964E-02 0.00000000000000000E+00
jac 0.00000000000000000E+00 0.00000000000000000E+00 1.00000000000000000E+00 0.00000000000000000E+00 0.00000000000000000E+00 1.49999999999999994E-02
jac 0.00000000000000000E+00 0.00000000000000000E+00 1.00000000000000000E+00 0.00000000000000000E+00 0.00000000000000000E+00 -1.49999999999999994E-02
jac 0.00000000000000000E+00 0.00000000000000000E+00 1.00000000000000000E+00 0.00000000000000000E+00 4.00000000000000008E-03 0.00000000000000000E+00
jac 0.00000000000000000E+00 0.00000000000000000E+00 1.00000000000000000E+00 0.00000000000000000E+00 -4.00000000000000008E-03 0.00000000000000000E+00
jac 0.00000000000000000E+00 0.00000000000000000E+00 1.00000000000000000E+00 -4.00000000000000008E-03 0.00000000000000000E+00 0.00000000000000000E+00
jac 0.00000000000000000E+00 0.00000000000000000E+00 1.00000000000000000E+00 4.00000000000000008E-03 0.00000000000000000E+00 0.00000000000000000E+00
state -2.08596974988462967E-03 1.72271692014993303E-03 9.90740940672256293E-02 9.99927636126249353E-01 -6.99320334702093448E-03 -8.86529990550601922E-03 4.15018981539211785E-03 -1.97931047599049781E-02 1.46958976453966644E-02 1.99347036457632291E-02 -1.47483004147489327E-01 -1.99651959190093153E-01 1.01872588235433797E-01 1.00000000000000075E-01
counts 1.00000000000000000E+00 1.00000000000000000E+01
free -2.02414444624845619E-02 -6.90780211905033387E-02 -9.80297949735642327E+00 6.79627122471793044E+00 -1.79399776663786881E+01 -3.65508197257120671E+00
acc -8.25283561989494818E-01 -2.62922782256895049E+00 1.71655273855134389E+01 -4.80289292411542021E+01 9.40583537532854619E-01 -3.69284984376322267E+00
qfrc -8.05044628917598981E-01 -2.56014978041427499E+00 2.69685102646753663E+01 -2.19300765600373759E-01 7.55224788089775001E-02 -1.51062498782512646E-04
aref 1.28550356042260603E+01 2.17403087547869234E+01 1.78961485815189434E+01 1.66991957774940438E+01 1.72459003405949787E+01 1.73494440184180085E+01 1.73002506867924453E+01 1.72950936722205384E+01 1.72892396290472270E+01 1.73061047299657567E+01
reg 5.15368421052632003E-02 5.15368421052632003E-02 5.15368421052632003E-02 5.15368421052632003E-02 5.15368421052632003E-02 5.15368421052632003E-02 5.15368421052632003E-02 5.15368421052632003E-02 5.15368421052632003E-02 5.15368421052632003E-02
force 4.30625883425350742E-01 4.69754218411580915E+00 3.23495455786864916E+00 1.89321350967265079E+00 2.59245872667551192E+00 2.53570934086572031E+00 2.52111193717563031E+00 2.60705613036559836E+00 0.00000000000000000E+00 6.45583799451044538E+00
jac 0.00000000000000000E+00 5.99999999999999978E-01 1.00000000000000000E+00 5.73572884156364551E-02 2.87138525340100564E-04 1.64944940398968398E-04
jac 0.00000000000000000E+00 -5.99999999999999978E-01 1.00000000000000000E+00 -5.73572884156364551E-02 -2.87138525340100564E-04 -1.64944940398968398E-04
jac -5.99999999999999978E-01 0.00000000000000000E+00 1.00000000000000000E+00 -2.86333850911983450E-04 5.73568507890439214E-02 -2.79052414026424104E-04
jac 5.99999999999999978E-01 0.00000000000000000E+00 1.00000000000000000E+00 2.86333850911983450E-04 -5.73568507890439214E-02 2.79052414026424104E-04
jac 0.00000000000000000E+00 0.00000000000000000E+00 1.00000000000000000E+00 -4.34997322917357861E-05 7.27596418291580170E-05 1.49997604583477044E-02
jac 0.00000000000000000E+00 0.00000000000000000E+00 1.00000000000000000E+00 4.34997322917357861E-05 -7.27596418291580170E-05 -1.49997604583477044E-02
jac 0.00000000000000000E+00 0.00000000000000000E+00 1.00000000000000000E+00 -1.99681042808105484E-05 3.99990282017538210E-03 -1.94603176863094252E-05
jac 0.00000000000000000E+00 0.00000000000000000E+00 1.00000000000000000E+00 1.99681042808105484E-05 -3.99990282017538210E-03 1.94603176863094252E-05
jac 0.00000000000000000E+00 0.00000000000000000E+00 1.00000000000000000E+00 -3.99993333900299473E-03 -2.00242199752754829E-05 -1.15027886503406058E-05
jac 0.00000000000000000E+00 0.00000000000000000E+00 1.00000000000000000E+00 3.99993333900299473E-03 2.00242199752754829E-05 1.15027886503406058E-05
state 5.48745691501259861E-03 4.22182816370947952E-03 9.83949698343665191E-02 9.99945102299047539E-01 -8.82562712903719147E-03 -5.03408553969066346E-03 -2.56099135220350712E-03 -2.31229009996547635E-02 4.85411975433913852E-03 3.47876337053929369E-02 -4.74594277534936548E-02 -2.34131507980320203E-01 -9.73234481308940698E-03 1.00000000000000075E-01
