counts 1.00000000000000000E+00 4.00000000000000000E+00
free 6.21372847358387798E-02 6.85091529859601506E-02 -9.86859588363224738E+00 8.14530774147820047E+00 -1.67223037835524635E+00 3.05156182746889328E+01
acc 2.35752079986071328E+00 2.11017579377772257E+00 2.26305848262378051E+00 5.79109321107774022E+01 -5.76222035595240314E+01 3.05156182746889328E+01
qfrc 2.29538350452863504E+00 2.04166665661905222E+00 1.21316544213275570E+01 1.99062499020357608E-01 -2.23799891691541908E-01 0.00000000000000000E+00
aref 7.16094448706258291E+00 -2.32221394262123404E+00 -2.46462679696450593E+00 7.30335734140585480E+00
reg 5.15368421052632003E-02 5.15368421052632003E-02 5.15368421052632003E-02 5.15368421052632003E-02
force 4.73430248584778290E+00 1.33152472481602890E+00 1.12009401822467680E+00 4.94573319243906884E+00
jac 0.00000000000000000E+00 5.99999999999999978E-01 1.00000000000000000E+00 5.84999999999999964E-02 0.00000000000000000E+00 0.00000000000000000E+00
jac 0.00000000000000000E+00 -5.99999999999999978E-01 1.00000000000000000E+00 -5.84999999999999964E-02 0.00000000000000000E+00 0.00000000000000000E+00
jac -5.99999999999999978E-01 0.00000000000000000E+00 1.00000000000000000E+00 0.00000000000000000E+00 5.84999999999999964E-02 0.00000000000000000E+00
jac 5.99999999999999978E-01 0.00000000000000000E+00 1.00000000000000000E+00 0.00000000000000000E+00 -5.84999999999999964E-02 0.00000000000000000E+00
state -6.68484530196796108E-03 -6.99652219257037265E-03 9.92400479702095495E-02 9.96421444329515960E-01 3.07086297710406596E-02 -2.79051053999364203E-02 7.36382402728631841E-02 -6.64049431005909602E-02 -7.48078616260040574E-02 1.48498761556718518E-02 8.25881257408199287E-01 -6.02160517241296156E-01 2.96596532268187696E+00 1.00000000000000075E-01
counts 1.00000000000000000E+00 4.00000000000000000E+00
free -1.19613777034656907E-01 6.18216929183966479E-03 -9.90913789138044443E+00 1.54849363928666683E+01 -2.54079750816206484E+01 -2.30950911519691253E+01
acc -2.14993205065910109E+00 -1.90353617153412458E+00 1.40809766535065357E+01 -2.96479815826015241E+01 2.20265864706880308E+01 -2.32843140615581632E+01
qfrc -2.03031823246764187E+00 -1.90971839189454462E+00 2.39901148058207241E+01 -1.80531676678100439E-01 1.89738242314620303E-01 -7.56891628971965427E-04
aref 1.15006932387128700E+01 1.72794474477175690E+01 1.70229162106087912E+01 1.17572244758216478E+01
reg 5.15368421052632003E-02 5.15368421052632003E-02 5.15368421052632003E-02 5.15368421052632003E-02
force 4.40609670820972710E+00 7.58896069470063583E+00 7.68946056184488391E+00 4.30559684106547991E+00
jac 0.00000000000000000E+00 5.99999999999999978E-01 1.00000000000000000E+00 5.63760748619488994E-02 3.23520446344856738E-04 3.98226936078281476E-05
jac 0.00000000000000000E+00 -5.99999999999999978E-01 1.00000000000000000E+00 -5.63760748619488994E-02 -3.23520446344856738E-04 -3.98226936078281476E-05
jac -5.99999999999999978E-01 0.00000000000000000E+00 1.00000000000000000E+00 -3.23387225545786487E-04 5.63757821335208187E-02 -1.86219500440581390E-04
jac 5.99999999999999978E-01 0.00000000000000000E+00 1.00000000000000000E+00 3.23387225545786487E-04 -5.63757821335208187E-02 1.86219500440581390E-04
state -1.46358413982518678E-03 6.45398775326896500E-03 9.80281189730921043E-02 9.98049140987648964E-01 -5.02663400961778951E-03 -7.00674512374464473E-03 -6.18348659505313925E-02 -5.26131744387527828E-02 -1.88940534041934574E-03 4.18638118893224151E-02 5.50050358017868529E-02 -5.11187105717295087E-01 -2.31782333715799371E+00 1.00000000000000075E-01
