Phase 1 of 3: generation of data representation information ...
Phase 2 of 3: generation of Global contracts ...
Phase 3 of 3: flow analysis and proof ...
mj-elastic_network.adb:4:22: info: assertion proved
mj-elastic_network.adb:4:33: info: float overflow check proved
mj-elastic_network.adb:4:55: info: range check proved
mj-elastic_network.adb:5:22: info: assertion proved
mj-elastic_network.adb:5:34: info: float overflow check proved
mj-elastic_network.adb:5:57: info: range check proved
mj-elastic_network.adb:8:07: info: precondition proved
mj-elastic_network.adb:8:27: info: index check proved
mj-elastic_network.adb:8:36: info: index check proved
mj-elastic_network.adb:11:07: info: precondition proved
mj-elastic_network.adb:12:16: info: float overflow check proved
mj-elastic_network.adb:12:16: info: range check proved
mj-elastic_network.adb:15:28: info: data dependencies proved
mj-elastic_network.adb:18:32: info: precondition proved
mj-elastic_network.adb:19:14: info: postcondition proved
mj-elastic_network.adb:20:08: info: precondition proved
mj-elastic_network.adb:20:28: info: range check proved
mj-elastic_network.adb:21:17: info: index check proved
mj-elastic_network.adb:23:17: info: precondition proved
mj-elastic_network.adb:23:37: info: range check proved
mj-elastic_network.adb:24:17: info: index check proved
mj-elastic_network.adb:32:11: info: data dependencies proved
mj-elastic_network.adb:36:42: info: precondition proved
mj-elastic_network.adb:36:54: info: index check proved
mj-elastic_network.adb:37:19: info: precondition proved
mj-elastic_network.adb:37:31: info: index check proved
mj-elastic_network.adb:38:17: info: precondition proved
mj-elastic_network.adb:39:17: info: precondition proved
mj-elastic_network.adb:40:36: info: postcondition proved
mj-elastic_network.adb:41:10: info: index check proved
mj-elastic_network.adb:41:33: info: index check proved
mj-elastic_network.adb:41:47: info: float overflow check proved
mj-elastic_network.adb:41:56: info: index check proved
mj-elastic_network.adb:44:10: info: index check proved
mj-elastic_network.adb:44:33: info: index check proved
mj-elastic_network.adb:44:47: info: float overflow check proved
mj-elastic_network.adb:44:56: info: index check proved
mj-elastic_network.adb:47:10: info: index check proved
mj-elastic_network.adb:47:33: info: index check proved
mj-elastic_network.adb:47:47: info: float overflow check proved
mj-elastic_network.adb:47:56: info: index check proved
mj-elastic_network.adb:50:10: info: index check proved
mj-elastic_network.adb:50:33: info: index check proved
mj-elastic_network.adb:50:47: info: float overflow check proved
mj-elastic_network.adb:50:56: info: index check proved
mj-elastic_network.adb:53:10: info: index check proved
mj-elastic_network.adb:53:33: info: index check proved
mj-elastic_network.adb:53:47: info: float overflow check proved
mj-elastic_network.adb:53:56: info: index check proved
mj-elastic_network.adb:56:10: info: index check proved
mj-elastic_network.adb:56:33: info: index check proved
mj-elastic_network.adb:56:47: info: float overflow check proved
mj-elastic_network.adb:56:56: info: index check proved
mj-elastic_network.adb:62:21: info: index check proved
mj-elastic_network.adb:63:17: info: index check proved
mj-elastic_network.adb:63:24: info: precondition proved
mj-elastic_network.adb:63:43: info: index check proved
mj-elastic_network.adb:65:21: info: index check proved
mj-elastic_network.adb:66:17: info: index check proved
mj-elastic_network.adb:66:24: info: precondition proved
mj-elastic_network.adb:66:43: info: index check proved
mj-elastic_network.adb:70:28: info: data dependencies proved
mj-elastic_network.adb:70:72: info: float overflow check proved
mj-elastic_network.adb:71:14: info: postcondition proved
mj-elastic_network.adb:71:20: info: float overflow check proved
mj-elastic_network.adb:77:28: info: data dependencies proved
mj-elastic_network.adb:82:32: info: precondition proved
mj-elastic_network.adb:83:42: info: precondition proved
mj-elastic_network.adb:83:59: info: index check proved
mj-elastic_network.adb:84:19: info: precondition proved
mj-elastic_network.adb:84:36: info: index check proved
mj-elastic_network.adb:85:67: info: index check proved
mj-elastic_network.adb:85:91: info: index check proved
mj-elastic_network.adb:85:105: info: float overflow check proved
mj-elastic_network.adb:86:13: info: index check proved
mj-elastic_network.adb:88:67: info: index check proved
mj-elastic_network.adb:88:91: info: index check proved
mj-elastic_network.adb:88:105: info: float overflow check proved
mj-elastic_network.adb:89:13: info: index check proved
mj-elastic_network.adb:91:67: info: index check proved
mj-elastic_network.adb:91:91: info: index check proved
mj-elastic_network.adb:91:105: info: float overflow check proved
mj-elastic_network.adb:92:13: info: index check proved
mj-elastic_network.adb:94:67: info: index check proved
mj-elastic_network.adb:94:91: info: index check proved
mj-elastic_network.adb:94:105: info: float overflow check proved
mj-elastic_network.adb:95:13: info: index check proved
mj-elastic_network.adb:97:67: info: index check proved
mj-elastic_network.adb:97:91: info: index check proved
mj-elastic_network.adb:97:105: info: float overflow check proved
mj-elastic_network.adb:98:13: info: index check proved
mj-elastic_network.adb:100:67: info: index check proved
mj-elastic_network.adb:100:91: info: index check proved
mj-elastic_network.adb:100:105: info: float overflow check proved
mj-elastic_network.adb:101:13: info: index check proved
mj-elastic_network.adb:103:36: info: postcondition proved
mj-elastic_network.adb:104:13: info: index check proved
mj-elastic_network.adb:104:37: info: index check proved
mj-elastic_network.adb:104:51: info: float overflow check proved
mj-elastic_network.adb:104:53: info: precondition proved
mj-elastic_network.adb:104:73: info: range check proved
mj-elastic_network.adb:105:22: info: index check proved
mj-elastic_network.adb:105:46: info: index check proved
mj-elastic_network.adb:105:60: info: float overflow check proved
mj-elastic_network.adb:105:62: info: precondition proved
mj-elastic_network.adb:105:82: info: range check proved
mj-elastic_network.adb:111:07: info: precondition proved
mj-elastic_network.adb:113:10: info: precondition proved
mj-elastic_network.adb:113:38: info: index check proved
mj-elastic_network.adb:113:40: info: range check proved
mj-elastic_network.adb:114:60: info: range check proved
mj-elastic_network.adb:115:47: info: range check proved
mj-elastic_network.adb:116:12: info: precondition proved
mj-elastic_network.adb:116:12: info: range check proved
mj-elastic_network.adb:116:32: info: range check proved
mj-elastic_network.adb:116:53: info: index check proved
mj-elastic_network.adb:117:10: info: precondition proved
mj-elastic_network.adb:117:38: info: index check proved
mj-elastic_network.adb:117:40: info: range check proved
mj-elastic_network.adb:118:60: info: range check proved
mj-elastic_network.adb:119:47: info: range check proved
mj-elastic_network.adb:120:12: info: precondition proved
mj-elastic_network.adb:120:12: info: range check proved
mj-elastic_network.adb:120:32: info: range check proved
mj-elastic_network.adb:120:53: info: index check proved
mj-elastic_network.adb:121:10: info: precondition proved
mj-elastic_network.adb:121:38: info: index check proved
mj-elastic_network.adb:121:40: info: range check proved
mj-elastic_network.adb:122:60: info: range check proved
mj-elastic_network.adb:123:47: info: range check proved
mj-elastic_network.adb:124:12: info: precondition proved
mj-elastic_network.adb:124:12: info: range check proved
mj-elastic_network.adb:124:32: info: range check proved
mj-elastic_network.adb:124:53: info: index check proved
mj-elastic_network.adb:125:10: info: precondition proved
mj-elastic_network.adb:125:38: info: index check proved
mj-elastic_network.adb:125:40: info: range check proved
mj-elastic_network.adb:126:60: info: range check proved
mj-elastic_network.adb:127:47: info: range check proved
mj-elastic_network.adb:128:12: info: precondition proved
mj-elastic_network.adb:128:12: info: range check proved
mj-elastic_network.adb:128:32: info: range check proved
mj-elastic_network.adb:128:52: info: index check proved
mj-elastic_network.adb:129:10: info: precondition proved
mj-elastic_network.adb:129:38: info: index check proved
mj-elastic_network.adb:129:40: info: range check proved
mj-elastic_network.adb:130:60: info: range check proved
mj-elastic_network.adb:131:47: info: range check proved
mj-elastic_network.adb:132:12: info: precondition proved
mj-elastic_network.adb:132:12: info: range check proved
mj-elastic_network.adb:132:32: info: range check proved
mj-elastic_network.adb:132:52: info: index check proved
mj-elastic_network.adb:133:10: info: precondition proved
mj-elastic_network.adb:133:38: info: index check proved
mj-elastic_network.adb:133:40: info: range check proved
mj-elastic_network.adb:134:60: info: range check proved
mj-elastic_network.adb:135:47: info: range check proved
mj-elastic_network.adb:136:12: info: precondition proved
mj-elastic_network.adb:136:12: info: range check proved
mj-elastic_network.adb:136:32: info: range check proved
mj-elastic_network.adb:136:52: info: index check proved
mj-elastic_network.adb:137:33: info: loop invariant initialization proved
mj-elastic_network.adb:137:33: info: loop invariant preservation proved
mj-elastic_network.adb:137:63: info: index check proved
mj-elastic_network.adb:138:20: info: index check proved
mj-elastic_network.adb:138:34: info: float overflow check proved
mj-elastic_network.adb:138:36: info: precondition proved
mj-elastic_network.adb:138:56: info: range check proved
mj-elastic_network.adb:139:33: info: loop invariant preservation proved
mj-elastic_network.adb:139:33: info: loop invariant initialization proved
mj-elastic_network.adb:139:63: info: index check proved
mj-elastic_network.adb:140:20: info: index check proved
mj-elastic_network.adb:140:34: info: float overflow check proved
mj-elastic_network.adb:140:36: info: precondition proved
mj-elastic_network.adb:140:56: info: range check proved
mj-elastic_network.adb:141:33: info: loop invariant initialization proved
mj-elastic_network.adb:141:33: info: loop invariant preservation proved
mj-elastic_network.adb:141:63: info: index check proved
mj-elastic_network.adb:142:20: info: index check proved
mj-elastic_network.adb:142:34: info: float overflow check proved
mj-elastic_network.adb:142:36: info: precondition proved
mj-elastic_network.adb:142:56: info: range check proved
mj-elastic_network.adb:143:33: info: loop invariant preservation proved
mj-elastic_network.adb:143:33: info: loop invariant initialization proved
mj-elastic_network.adb:143:63: info: index check proved
mj-elastic_network.adb:144:20: info: index check proved
mj-elastic_network.adb:144:34: info: float overflow check proved
mj-elastic_network.adb:144:36: info: precondition proved
mj-elastic_network.adb:144:56: info: range check proved
mj-elastic_network.adb:145:33: info: loop invariant preservation proved
mj-elastic_network.adb:145:33: info: loop invariant initialization proved
mj-elastic_network.adb:145:63: info: index check proved
mj-elastic_network.adb:146:20: info: index check proved
mj-elastic_network.adb:146:34: info: float overflow check proved
mj-elastic_network.adb:146:36: info: precondition proved
mj-elastic_network.adb:146:56: info: range check proved
mj-elastic_network.adb:147:33: info: loop invariant initialization proved
mj-elastic_network.adb:147:33: info: loop invariant preservation proved
mj-elastic_network.adb:147:63: info: index check proved
mj-elastic_network.adb:148:20: info: index check proved
mj-elastic_network.adb:148:34: info: float overflow check proved
mj-elastic_network.adb:148:36: info: precondition proved
mj-elastic_network.adb:148:56: info: range check proved
mj-elastic_network.adb:153:28: info: data dependencies proved
mj-elastic_network.adb:155:28: info: precondition proved
mj-elastic_network.adb:156:36: info: float overflow check proved
mj-elastic_network.adb:156:38: info: precondition proved
mj-elastic_network.adb:156:55: info: index check proved
mj-elastic_network.adb:157:14: info: postcondition proved
mj-elastic_network.adb:157:62: info: precondition proved
mj-elastic_network.adb:163:45: info: precondition proved
mj-elastic_network.adb:165:22: info: assertion proved
mj-elastic_network.adb:169:28: info: data dependencies proved
mj-elastic_network.adb:174:18: info: index check proved
mj-elastic_network.adb:174:34: info: precondition proved
mj-elastic_network.adb:174:55: info: range check proved
mj-elastic_network.adb:175:27: info: index check proved
mj-elastic_network.adb:175:43: info: precondition proved
mj-elastic_network.adb:175:64: info: range check proved
mj-elastic_network.adb:176:26: info: index check proved
mj-elastic_network.adb:176:50: info: index check proved
mj-elastic_network.adb:176:64: info: float overflow check proved
mj-elastic_network.adb:176:66: info: precondition proved
mj-elastic_network.adb:176:83: info: index check proved
mj-elastic_network.adb:176:87: info: range check proved
mj-elastic_network.adb:177:26: info: index check proved
mj-elastic_network.adb:177:50: info: index check proved
mj-elastic_network.adb:177:64: info: float overflow check proved
mj-elastic_network.adb:177:66: info: precondition proved
mj-elastic_network.adb:177:83: info: index check proved
mj-elastic_network.adb:177:87: info: range check proved
mj-elastic_network.adb:178:14: info: postcondition proved
mj-elastic_network.adb:179:08: info: precondition proved
mj-elastic_network.adb:179:24: info: index check proved
mj-elastic_network.adb:179:52: info: precondition proved
mj-elastic_network.adb:179:68: info: index check proved
mj-elastic_network.adb:180:46: info: index check proved
mj-elastic_network.adb:180:62: info: precondition proved
mj-elastic_network.adb:180:79: info: range check proved
mj-elastic_network.adb:181:26: info: index check proved
mj-elastic_network.adb:181:42: info: precondition proved
mj-elastic_network.adb:181:59: info: range check proved
mj-elastic_network.adb:188:10: info: precondition proved
mj-elastic_network.adb:188:37: info: range check proved
mj-elastic_network.adb:188:58: info: index check proved
mj-elastic_network.adb:188:80: info: index check proved
mj-elastic_network.adb:189:10: info: precondition proved
mj-elastic_network.adb:189:37: info: range check proved
mj-elastic_network.adb:189:57: info: index check proved
mj-elastic_network.adb:189:79: info: index check proved
mj-elastic_network.adb:190:10: info: precondition proved
mj-elastic_network.adb:190:37: info: range check proved
mj-elastic_network.adb:190:58: info: index check proved
mj-elastic_network.adb:190:80: info: index check proved
mj-elastic_network.adb:191:10: info: precondition proved
mj-elastic_network.adb:191:37: info: range check proved
mj-elastic_network.adb:191:57: info: index check proved
mj-elastic_network.adb:191:79: info: index check proved
mj-elastic_network.adb:192:10: info: precondition proved
mj-elastic_network.adb:192:37: info: range check proved
mj-elastic_network.adb:192:58: info: index check proved
mj-elastic_network.adb:192:80: info: index check proved
mj-elastic_network.adb:193:10: info: precondition proved
mj-elastic_network.adb:193:37: info: range check proved
mj-elastic_network.adb:193:57: info: index check proved
mj-elastic_network.adb:193:79: info: index check proved
mj-elastic_network.adb:194:33: info: loop invariant preservation proved
mj-elastic_network.adb:194:33: info: loop invariant initialization proved
mj-elastic_network.adb:195:12: info: precondition proved
mj-elastic_network.adb:195:28: info: index check proved
mj-elastic_network.adb:195:56: info: precondition proved
mj-elastic_network.adb:195:72: info: index check proved
mj-elastic_network.adb:196:33: info: loop invariant initialization proved
mj-elastic_network.adb:196:33: info: loop invariant preservation proved
mj-elastic_network.adb:196:63: info: index check proved
mj-elastic_network.adb:196:79: info: precondition proved
mj-elastic_network.adb:196:96: info: range check proved
mj-elastic_network.adb:197:33: info: loop invariant initialization proved
mj-elastic_network.adb:197:33: info: loop invariant preservation proved
mj-elastic_network.adb:197:63: info: index check proved
mj-elastic_network.adb:197:79: info: precondition proved
mj-elastic_network.adb:197:96: info: range check proved
mj-elastic_network.adb:198:33: info: loop invariant preservation proved
mj-elastic_network.adb:198:33: info: loop invariant initialization proved
mj-elastic_network.adb:198:63: info: index check proved
mj-elastic_network.adb:198:79: info: precondition proved
mj-elastic_network.adb:198:96: info: range check proved
mj-elastic_network.adb:199:33: info: loop invariant initialization proved
mj-elastic_network.adb:199:33: info: loop invariant preservation proved
mj-elastic_network.adb:199:63: info: index check proved
mj-elastic_network.adb:199:79: info: precondition proved
mj-elastic_network.adb:199:96: info: range check proved
mj-elastic_network.adb:200:33: info: loop invariant preservation proved
mj-elastic_network.adb:200:33: info: loop invariant initialization proved
mj-elastic_network.adb:200:63: info: index check proved
mj-elastic_network.adb:200:79: info: precondition proved
mj-elastic_network.adb:200:96: info: range check proved
mj-elastic_network.adb:201:33: info: loop invariant preservation proved
mj-elastic_network.adb:201:33: info: loop invariant initialization proved
mj-elastic_network.adb:201:63: info: index check proved
mj-elastic_network.adb:201:79: info: precondition proved
mj-elastic_network.adb:201:96: info: range check proved
mj-elastic_network.adb:208:13: info: implicit aspect Always_Terminates on "Evaluate_Edge" has been proved, subprogram will terminate
mj-elastic_network.adb:209:11: info: data dependencies proved
mj-elastic_network.adb:210:14: info: precondition proved
mj-elastic_network.adb:210:14: info: postcondition proved
mj-elastic_network.adb:211:17: info: precondition proved
mj-elastic_network.adb:212:65: info: precondition proved
mj-elastic_network.adb:213:65: info: index check proved
mj-elastic_network.adb:213:77: info: index check proved
mj-elastic_network.adb:215:48: info: index check proved
mj-elastic_network.adb:215:60: info: index check proved
mj-elastic_network.adb:217:29: info: precondition proved
mj-elastic_network.adb:222:30: info: initialization of "Accepted" proved
mj-elastic_network.adb:223:11: info: data dependencies proved
mj-elastic_network.adb:226:42: info: precondition proved
mj-elastic_network.adb:226:54: info: index check proved
mj-elastic_network.adb:227:19: info: precondition proved
mj-elastic_network.adb:227:31: info: index check proved
mj-elastic_network.adb:229:09: info: index check proved
mj-elastic_network.adb:229:25: info: precondition proved
mj-elastic_network.adb:229:46: info: range check proved
mj-elastic_network.adb:231:09: info: index check proved
mj-elastic_network.adb:231:25: info: precondition proved
mj-elastic_network.adb:231:46: info: range check proved
mj-elastic_network.adb:233:09: info: index check proved
mj-elastic_network.adb:233:25: info: precondition proved
mj-elastic_network.adb:233:46: info: range check proved
mj-elastic_network.adb:235:09: info: index check proved
mj-elastic_network.adb:235:25: info: precondition proved
mj-elastic_network.adb:235:46: info: range check proved
mj-elastic_network.adb:237:09: info: index check proved
mj-elastic_network.adb:237:25: info: precondition proved
mj-elastic_network.adb:237:46: info: range check proved
mj-elastic_network.adb:239:09: info: index check proved
mj-elastic_network.adb:239:25: info: precondition proved
mj-elastic_network.adb:239:46: info: range check proved
mj-elastic_network.adb:240:36: info: postcondition proved
mj-elastic_network.adb:241:06: info: precondition proved
mj-elastic_network.adb:241:18: info: index check proved
mj-elastic_network.adb:241:46: info: precondition proved
mj-elastic_network.adb:241:58: info: index check proved
mj-elastic_network.adb:243:09: info: index check proved
mj-elastic_network.adb:243:25: info: precondition proved
mj-elastic_network.adb:243:42: info: range check proved
mj-elastic_network.adb:245:09: info: index check proved
mj-elastic_network.adb:245:25: info: precondition proved
mj-elastic_network.adb:245:42: info: range check proved
mj-elastic_network.adb:247:09: info: index check proved
mj-elastic_network.adb:247:25: info: precondition proved
mj-elastic_network.adb:247:42: info: range check proved
mj-elastic_network.adb:249:09: info: index check proved
mj-elastic_network.adb:249:25: info: precondition proved
mj-elastic_network.adb:249:42: info: range check proved
mj-elastic_network.adb:251:09: info: index check proved
mj-elastic_network.adb:251:25: info: precondition proved
mj-elastic_network.adb:251:42: info: range check proved
mj-elastic_network.adb:253:09: info: index check proved
mj-elastic_network.adb:253:25: info: precondition proved
mj-elastic_network.adb:253:42: info: range check proved
mj-elastic_network.adb:258:41: info: precondition proved
mj-elastic_network.adb:258:62: info: index check proved
mj-elastic_network.adb:263:07: info: precondition proved
mj-elastic_network.adb:263:30: info: index check proved
mj-elastic_network.adb:264:07: info: precondition proved
mj-elastic_network.adb:264:34: info: index check proved
mj-elastic_network.adb:265:07: info: precondition proved
mj-elastic_network.adb:270:07: info: initialization of "Accepted" proved
mj-elastic_network.adb:273:09: info: length check proved
mj-elastic_network.adb:279:10: info: precondition proved
mj-elastic_network.adb:279:33: info: range check proved
mj-elastic_network.adb:281:15: info: length check proved
mj-elastic_network.adb:284:33: info: loop invariant initialization proved
mj-elastic_network.adb:284:33: info: loop invariant preservation proved
mj-elastic_network.adb:285:12: info: precondition proved
mj-elastic_network.adb:285:24: info: index check proved
mj-elastic_network.adb:285:52: info: precondition proved
mj-elastic_network.adb:285:64: info: index check proved
mj-elastic_network.adb:286:43: info: loop invariant initialization proved
mj-elastic_network.adb:286:43: info: loop invariant preservation proved
mj-elastic_network.adb:287:15: info: index check proved
mj-elastic_network.adb:287:31: info: precondition proved
mj-elastic_network.adb:287:45: info: range check proved
mj-elastic_network.adb:287:48: info: range check proved
mj-elastic_network.adb:288:43: info: loop invariant preservation proved
mj-elastic_network.adb:288:43: info: loop invariant initialization proved
mj-elastic_network.adb:289:15: info: index check proved
mj-elastic_network.adb:289:31: info: precondition proved
mj-elastic_network.adb:289:45: info: range check proved
mj-elastic_network.adb:289:48: info: range check proved
mj-elastic_network.adb:290:43: info: loop invariant preservation proved
mj-elastic_network.adb:290:43: info: loop invariant initialization proved
mj-elastic_network.adb:291:15: info: index check proved
mj-elastic_network.adb:291:31: info: precondition proved
mj-elastic_network.adb:291:45: info: range check proved
mj-elastic_network.adb:291:48: info: range check proved
mj-elastic_network.adb:292:43: info: loop invariant initialization proved
mj-elastic_network.adb:292:43: info: loop invariant preservation proved
mj-elastic_network.adb:293:15: info: index check proved
mj-elastic_network.adb:293:31: info: precondition proved
mj-elastic_network.adb:293:45: info: range check proved
mj-elastic_network.adb:293:48: info: range check proved
mj-elastic_network.adb:294:43: info: loop invariant initialization proved
mj-elastic_network.adb:294:43: info: loop invariant preservation proved
mj-elastic_network.adb:295:15: info: index check proved
mj-elastic_network.adb:295:31: info: precondition proved
mj-elastic_network.adb:295:45: info: range check proved
mj-elastic_network.adb:295:48: info: range check proved
mj-elastic_network.adb:296:43: info: loop invariant preservation proved
mj-elastic_network.adb:296:43: info: loop invariant initialization proved
mj-elastic_network.adb:297:15: info: index check proved
mj-elastic_network.adb:297:31: info: precondition proved
mj-elastic_network.adb:297:45: info: range check proved
mj-elastic_network.adb:297:48: info: range check proved
mj-elastic_network.adb:302:55: info: initialization of "Result" proved
mj-elastic_network.adb:303:11: info: data dependencies proved
mj-elastic_network.adb:304:13: info: precondition proved
mj-elastic_network.adb:304:49: info: precondition proved
mj-elastic_network.adb:305:14: info: postcondition proved
mj-elastic_network.adb:307:47: info: precondition proved
mj-elastic_network.adb:309:55: info: float overflow check proved
mj-elastic_network.adb:309:60: info: float overflow check proved
mj-elastic_network.adb:313:07: info: initialization of "Accepted" proved
mj-elastic_network.adb:318:21: info: unrolling loop [info-unrolling-inlining]
mj-elastic_network.adb:319:39: info: non-aliasing of formal parameters "Position" and "Velocity" proved
mj-elastic_network.adb:320:13: info: range check proved
mj-elastic_network.adb:320:27: info: range check proved
mj-elastic_network.adb:329:28: info: data dependencies proved
mj-elastic_network.adb:331:26: info: precondition proved
mj-elastic_network.adb:332:14: info: postcondition proved
mj-elastic_network.adb:332:23: info: precondition proved
mj-elastic_network.adb:339:28: info: data dependencies proved
mj-elastic_network.adb:341:17: info: precondition proved
mj-elastic_network.adb:341:53: info: precondition proved
mj-elastic_network.adb:342:54: info: precondition proved
mj-elastic_network.adb:342:69: info: range check proved
mj-elastic_network.adb:343:34: info: precondition proved
mj-elastic_network.adb:343:49: info: range check proved
mj-elastic_network.adb:344:28: info: index check proved
mj-elastic_network.adb:344:86: info: precondition proved
mj-elastic_network.adb:345:14: info: index check proved
mj-elastic_network.adb:345:34: info: index check proved
mj-elastic_network.adb:346:14: info: postcondition proved
mj-elastic_network.adb:346:25: info: index check proved
mj-elastic_network.adb:346:83: info: precondition proved
mj-elastic_network.adb:347:12: info: index check proved
mj-elastic_network.adb:347:32: info: index check proved
mj-elastic_network.adb:347:41: info: precondition proved
mj-elastic_network.adb:347:56: info: range check proved
mj-elastic_network.adb:348:09: info: precondition proved
mj-elastic_network.adb:348:24: info: range check proved
mj-elastic_network.adb:352:13: info: index check proved
mj-elastic_network.adb:353:21: info: unrolling loop [info-unrolling-inlining]
mj-elastic_network.adb:354:10: info: precondition proved
mj-elastic_network.adb:354:41: info: index check proved
mj-elastic_network.adb:354:61: info: index check proved
mj-elastic_network.adb:354:71: info: range check proved
mj-elastic_network.adb:354:85: info: range check proved
mj-elastic_network.adb:355:12: info: precondition proved
mj-elastic_network.adb:355:27: info: range check proved
mj-elastic_network.adb:355:50: info: precondition proved
mj-elastic_network.adb:355:65: info: range check proved
mj-elastic_network.adb:364:07: info: initialization of "F" proved
mj-elastic_network.adb:364:07: info: range check proved
mj-elastic_network.adb:367:07: info: precondition proved
mj-elastic_network.adb:370:43: info: loop invariant initialization proved
mj-elastic_network.adb:370:43: info: loop invariant preservation proved
mj-elastic_network.adb:370:78: info: index check proved
mj-elastic_network.adb:370:86: info: index check proved
mj-elastic_network.adb:371:43: info: loop invariant initialization proved
mj-elastic_network.adb:371:43: info: loop invariant preservation proved
mj-elastic_network.adb:372:18: info: index check proved
mj-elastic_network.adb:372:31: info: index check proved
mj-elastic_network.adb:372:54: info: index check proved
mj-elastic_network.adb:372:69: info: index check proved
mj-elastic_network.adb:373:43: info: loop invariant initialization proved
mj-elastic_network.adb:373:43: info: loop invariant preservation proved
mj-elastic_network.adb:373:64: info: overflow check proved
mj-elastic_network.adb:374:19: info: index check proved
mj-elastic_network.adb:374:40: info: index check proved
mj-elastic_network.adb:374:48: info: index check proved
mj-elastic_network.adb:376:21: info: index check proved
mj-elastic_network.adb:376:39: info: precondition proved
mj-elastic_network.adb:377:21: info: index check proved
mj-elastic_network.adb:377:41: info: index check proved
mj-elastic_network.adb:377:50: info: precondition proved
mj-elastic_network.adb:377:65: info: range check proved
mj-elastic_network.adb:377:74: info: range check proved
mj-elastic_network.adb:377:88: info: precondition proved
mj-elastic_network.adb:377:103: info: range check proved
mj-elastic_network.adb:377:112: info: range check proved
mj-elastic_network.adb:378:27: info: index check proved
mj-elastic_network.adb:379:30: info: index check proved
mj-elastic_network.adb:379:51: info: index check proved
mj-elastic_network.adb:379:67: info: float overflow check proved
mj-elastic_network.adb:379:72: info: float overflow check proved
mj-elastic_network.adb:379:80: info: index check proved
mj-elastic_network.adb:380:10: info: precondition proved
mj-elastic_network.adb:380:34: info: index check proved
mj-elastic_network.adb:380:54: info: index check proved
mj-elastic_network.adb:382:10: info: precondition proved
mj-elastic_network.adb:382:35: info: range check proved
mj-elastic_network.adb:382:44: info: index check proved
mj-elastic_network.adb:382:64: info: index check proved
mj-elastic_network.adb:384:09: info: length check proved
mj-elastic_network.ads:19:13: info: implicit aspect Always_Terminates on "Valid" has been proved, subprogram will terminate
mj-elastic_network.ads:23:11: info: data dependencies proved
mj-elastic_network.ads:24:13: info: implicit aspect Always_Terminates on "Budget" has been proved, subprogram will terminate
mj-elastic_network.ads:25:19: info: range check proved
mj-elastic_network.ads:25:24: info: float overflow check proved
mj-elastic_network.ads:25:62: info: data dependencies proved
mj-elastic_network.ads:27:28: info: data dependencies proved
mj-elastic_network.ads:28:55: info: range check proved
mj-elastic_network.ads:28:60: info: float overflow check proved
mj-elastic_network.ads:28:92: info: range check proved
mj-elastic_network.ads:28:97: info: float overflow check proved
mj-elastic_network.ads:30:14: info: postcondition proved
mj-elastic_network.ads:30:16: info: float overflow check proved
mj-elastic_network.ads:30:37: info: range check proved
mj-elastic_network.ads:30:42: info: float overflow check proved
mj-elastic_network.ads:30:74: info: range check proved
mj-elastic_network.ads:30:79: info: float overflow check proved
mj-elastic_network.ads:31:13: info: implicit aspect Always_Terminates on "Load" has been proved, subprogram will terminate
mj-elastic_network.ads:32:28: info: data dependencies proved
mj-elastic_network.ads:34:14: info: precondition proved
mj-elastic_network.ads:34:14: info: postcondition proved
mj-elastic_network.ads:35:17: info: precondition proved
mj-elastic_network.ads:36:31: info: precondition proved
mj-elastic_network.ads:36:51: info: index check proved
mj-elastic_network.ads:36:60: info: index check proved
mj-elastic_network.ads:37:13: info: implicit aspect Always_Terminates on "Component" has been proved, subprogram will terminate
mj-elastic_network.ads:39:13: info: index check proved
mj-elastic_network.ads:41:26: info: precondition proved
mj-elastic_network.ads:41:55: info: precondition proved
mj-elastic_network.ads:42:28: info: precondition proved
mj-elastic_network.ads:42:56: info: precondition proved
mj-elastic_network.ads:43:28: info: data dependencies proved
mj-elastic_network.ads:45:14: info: postcondition proved
mj-elastic_network.ads:46:13: info: implicit aspect Always_Terminates on "Model_Add" has been proved, subprogram will terminate
mj-elastic_network.ads:47:28: info: data dependencies proved
mj-elastic_network.ads:50:14: info: postcondition proved
mj-elastic_network.ads:50:35: info: float overflow check proved
mj-elastic_network.ads:51:48: info: range check proved
mj-elastic_network.ads:51:66: info: range check proved
mj-elastic_network.ads:52:13: info: implicit aspect Always_Terminates on "Prefix" has been proved, subprogram will terminate
mj-elastic_network.ads:54:30: info: precondition proved
mj-elastic_network.ads:54:41: info: precondition proved
mj-elastic_network.ads:54:41: info: subprogram variant proved
mj-elastic_network.ads:54:57: info: range check proved
mj-elastic_network.ads:55:09: info: precondition proved
mj-elastic_network.ads:55:26: info: index check proved
mj-elastic_network.ads:55:47: info: range check proved
mj-elastic_network.ads:56:28: info: data dependencies proved
mj-elastic_network.ads:57:41: info: range check proved
mj-elastic_network.ads:60:14: info: postcondition proved
mj-elastic_network.ads:62:58: info: initialization of "F" proved
mj-elastic_network.ads:62:79: info: initialization of "Result" proved
mj-elastic_network.ads:63:11: info: data dependencies proved
mj-elastic_network.ads:65:36: info: postcondition proved
mj-elastic_network.ads:66:06: info: precondition proved
mj-elastic_network.ads:66:18: info: index check proved
mj-elastic_network.ads:66:46: info: precondition proved
mj-elastic_network.ads:66:58: info: index check proved
mj-elastic_network.ads:68:09: info: index check proved
mj-elastic_network.ads:68:25: info: precondition proved
mj-elastic_network.ads:68:40: info: range check proved
mj-elastic_network.ads:68:49: info: range check proved
mj-elastic_network.ads:70:09: info: index check proved
mj-elastic_network.ads:70:25: info: precondition proved
mj-elastic_network.ads:70:40: info: range check proved
mj-elastic_network.ads:70:49: info: range check proved
mj-elastic_network.ads:72:09: info: index check proved
mj-elastic_network.ads:72:25: info: precondition proved
mj-elastic_network.ads:72:40: info: range check proved
mj-elastic_network.ads:72:49: info: range check proved
mj-elastic_network.ads:74:09: info: index check proved
mj-elastic_network.ads:74:25: info: precondition proved
mj-elastic_network.ads:74:40: info: range check proved
mj-elastic_network.ads:74:49: info: range check proved
mj-elastic_network.ads:76:09: info: index check proved
mj-elastic_network.ads:76:25: info: precondition proved
mj-elastic_network.ads:76:40: info: range check proved
mj-elastic_network.ads:76:49: info: range check proved
mj-elastic_network.ads:78:09: info: index check proved
mj-elastic_network.ads:78:25: info: precondition proved
mj-elastic_network.ads:78:40: info: range check proved
mj-elastic_network.ads:78:49: info: range check proved
mj-elastic_network.ads:81:36: info: initialization of "Result" proved
mj-elastic_network.ads:82:11: info: data dependencies proved
mj-elastic_network.ads:84:36: info: postcondition proved
mj-elastic_network.ads:87:09: info: index check proved
mj-elastic_network.ads:87:26: info: index check proved
mj-elastic_network.ads:87:46: info: index check proved
mj-elastic_network.ads:87:65: info: index check proved
mj-elastic_network.ads:88:26: info: index check proved
mj-elastic_network.ads:88:44: info: index check proved
mj-elastic_network.ads:88:56: info: index check proved
mj-elastic_network.ads:90:21: info: index check proved
mj-elastic_network.ads:90:39: info: index check proved
mj-elastic_network.ads:90:57: info: precondition proved
mj-elastic_network.ads:91:16: info: index check proved
mj-elastic_network.ads:91:40: info: index check proved
mj-elastic_network.ads:92:09: info: precondition proved
mj-elastic_network.ads:92:28: info: range check proved
mj-elastic_network.ads:92:37: info: range check proved
mj-elastic_network.ads:92:51: info: precondition proved
mj-elastic_network.ads:92:70: info: range check proved
mj-elastic_network.ads:92:79: info: range check proved
mj-elastic_network.ads:93:18: info: index check proved
mj-elastic_network.ads:95:09: info: index check proved
mj-elastic_network.ads:95:38: info: index check proved
mj-elastic_network.ads:95:60: info: index check proved
mj-elastic_network.ads:96:20: info: index check proved
mj-elastic_network.ads:96:36: info: float overflow check proved
mj-elastic_network.ads:96:41: info: float overflow check proved
mj-elastic_network.ads:96:46: info: index check proved
mj-elastic_network.ads:98:21: info: index check proved
mj-elastic_network.ads:98:39: info: index check proved
mj-elastic_network.ads:98:57: info: precondition proved
mj-elastic_network.ads:99:16: info: index check proved
mj-elastic_network.ads:99:40: info: index check proved
mj-elastic_network.ads:100:09: info: precondition proved
mj-elastic_network.ads:100:28: info: range check proved
mj-elastic_network.ads:100:37: info: range check proved
mj-elastic_network.ads:100:51: info: precondition proved
mj-elastic_network.ads:100:70: info: range check proved
mj-elastic_network.ads:100:79: info: range check proved
mj-elastic_network.ads:101:18: info: index check proved
mj-elastic_network.ads:103:09: info: index check proved
mj-elastic_network.ads:103:38: info: index check proved
mj-elastic_network.ads:103:60: info: index check proved
mj-elastic_network.ads:104:20: info: index check proved
mj-elastic_network.ads:104:36: info: float overflow check proved
mj-elastic_network.ads:104:41: info: float overflow check proved
mj-elastic_network.ads:104:46: info: index check proved
mj-elastic_network.ads:106:21: info: index check proved
mj-elastic_network.ads:106:39: info: index check proved
mj-elastic_network.ads:106:57: info: precondition proved
mj-elastic_network.ads:107:16: info: index check proved
mj-elastic_network.ads:107:40: info: index check proved
mj-elastic_network.ads:108:09: info: precondition proved
mj-elastic_network.ads:108:28: info: range check proved
mj-elastic_network.ads:108:37: info: range check proved
mj-elastic_network.ads:108:51: info: precondition proved
mj-elastic_network.ads:108:70: info: range check proved
mj-elastic_network.ads:108:79: info: range check proved
mj-elastic_network.ads:109:18: info: index check proved
mj-elastic_network.ads:111:09: info: index check proved
mj-elastic_network.ads:111:38: info: index check proved
mj-elastic_network.ads:111:60: info: index check proved
mj-elastic_network.ads:112:20: info: index check proved
mj-elastic_network.ads:112:36: info: float overflow check proved
mj-elastic_network.ads:112:41: info: float overflow check proved
mj-elastic_network.ads:112:46: info: index check proved
Success: all checks proved (652 checks).
Summary logged in /tmp/sparkling-smooth-fragments-t52fppcm/mj-elastic_network-obj/gnatprove/gnatprove.out
guarded: elapsed 92.5 s, peak group RSS 490 MB
