Phase 1 of 3: generation of data representation information ...
Phase 2 of 3: generation of Global contracts ...
Phase 3 of 3: analysis of data and information flow ...
 info: initialization of "Result" proved
--> mj-advanced_contacts.adb:8:62

 info: initialization of "Point" proved
--> mj-advanced_contacts.adb:11:07

 info: initialization of "Search_Direction" proved
--> mj-advanced_contacts.adb:11:14

 info: initialization of "Vertex_Index" proved
--> mj-advanced_contacts.adb:12:07

 info: initialization of "Id" proved
--> mj-advanced_contacts.adb:13:07

 info: initialization of "D" proved
--> mj-advanced_contacts.adb:16:07

 info: initialization of "Value" proved
--> mj-advanced_contacts.adb:16:10

 info: initialization of "Area_Now" proved
--> mj-advanced_contacts.adb:16:17

 info: initialization of "Area_Next" proved
--> mj-advanced_contacts.adb:16:27

 info: initialization of "Anchor" proved
--> mj-advanced_contacts.adb:17:07

 info: initialization of "BIdx" proved
--> mj-advanced_contacts.adb:17:15

 info: initialization of "CIdx" proved
--> mj-advanced_contacts.adb:17:21

 info: initialization of "DIdx" proved
--> mj-advanced_contacts.adb:17:27

 info: initialization of "Next" proved
--> mj-advanced_contacts.adb:17:33

 info: initialization of "Count" proved
--> mj-advanced_contacts.adb:17:39

 info: initialization of "Keep" proved
--> mj-advanced_contacts.adb:18:07

 info: implicit aspect Always_Terminates on "Area" has been proved, subprogram will terminate
--> mj-advanced_contacts.adb:19:16

 info: no contextual analysis of "Plane_Hull" (nested subprogram)
--> mj-advanced_contacts.adb:21:07

 warning: "Cache" is set by "Support_Cached" but not used after the call
--> mj-advanced_contacts.adb:37:80
   37 |             MJ.Convex_Contacts.Support_Cached (B, PB, V, Scale (N, -1.0), Graphs, Cache, Point, Id);
      |                                                                                   ^~~~~

 info: analyzing call to "Emit" in context
--> mj-advanced_contacts.adb:39:82

 info: analyzing call to "Emit" in context
--> mj-advanced_contacts.adb:83:78

 info: no contextual analysis of "Radius" (object renaming)
--> mj-advanced_contacts.adb:91:07

 info: implicit aspect Always_Terminates on "Radius" has been proved, subprogram will terminate
--> mj-advanced_contacts.adb:91:16

 info: implicit aspect Always_Terminates on "Curved" has been proved, subprogram will terminate
--> mj-advanced_contacts.adb:102:16

 info: initialization of "Result" proved
--> mj-advanced_contacts.ads:8:45

 info: data dependencies proved
--> mj-advanced_contacts.ads:9:11
Success: all checks proved (21 checks).
Summary logged in /var/tmp/sparkling-contact-followup-delivered-proof-20261001/flow/validation/obj/gnatprove/gnatprove.out
guarded: elapsed 3.4 s, peak group RSS 75 MB
