Phase 1 of 3: generation of data representation information ...
Phase 2 of 3: generation of Global contracts ...
Phase 3 of 3: flow analysis and proof ...
 info: no contextual analysis of "Plane_Hull" (nested subprogram)
--> mj-advanced_contacts.adb:21:07

 info: local subprogram "Emit" only analyzed in the context of calls [info-unrolling-inlining]
--> mj-advanced_contacts.adb:21:17
      + add a contract to analyze it separately from calling contexts

 info: analyzing call to "Emit" in context
--> mj-advanced_contacts.adb:39:82

 info: cannot unroll loop (too many loop iterations) [info-unrolling-inlining]
--> mj-advanced_contacts.adb:44:63

 info: cannot unroll loop (too many loop iterations) [info-unrolling-inlining]
--> mj-advanced_contacts.adb:45:39

 info: cannot unroll loop (too many loop iterations) [info-unrolling-inlining]
--> mj-advanced_contacts.adb:60:38

 info: cannot unroll loop (too many loop iterations) [info-unrolling-inlining]
--> mj-advanced_contacts.adb:62:38

 info: cannot unroll loop (too many loop iterations) [info-unrolling-inlining]
--> mj-advanced_contacts.adb:67:44

 info: cannot unroll loop (too many loop iterations) [info-unrolling-inlining]
--> mj-advanced_contacts.adb:70:49

 info: cannot unroll loop (too many loop iterations) [info-unrolling-inlining]
--> mj-advanced_contacts.adb:74:49

 info: cannot unroll loop (too many loop iterations) [info-unrolling-inlining]
--> mj-advanced_contacts.adb:80:32

 info: analyzing call to "Emit" in context
--> mj-advanced_contacts.adb:83:78

 info: no contextual analysis of "Radius" (object renaming)
--> mj-advanced_contacts.adb:91:07

 info: unrolling loop [info-unrolling-inlining]
--> mj-advanced_contacts.adb:98:59

 info: cannot unroll loop (too many loop iterations) [info-unrolling-inlining]
--> mj-advanced_contacts.adb:99:54

 info: precondition proved
--> mj-advanced_contacts.adb:107:10

 info: subprogram variant proved
--> mj-advanced_contacts.adb:107:10
Success: all checks proved (23 checks).
Summary logged in /var/tmp/sparkling-contact-followup-delivered-proof-20261001/recursion/validation/obj/gnatprove/gnatprove.out
guarded: elapsed 17.3 s, peak group RSS 322 MB
