cube-aligned Ada/C 1.137 current/baseline 0.817
cube-rotated Ada/C 1.124 current/baseline 0.819
cube-margin Ada/C 1.0 current/baseline 0.798
cube-separated Ada/C 1.164 current/baseline 0.762
polytope-aligned Ada/C 1.286 current/baseline 0.958
polytope-rotated Ada/C 1.242 current/baseline 0.977
polytope-margin Ada/C 1.165 current/baseline 1.021
polytope-separated Ada/C 1.284 current/baseline 0.974
wide-face-aligned Ada/C 1.304 current/baseline 1.044
wide-face-rotated Ada/C 1.169 current/baseline 0.928
wide-face-margin Ada/C 1.176 current/baseline 1.006
wide-face-separated Ada/C 1.318 current/baseline 0.997
round-128-aligned Ada/C 1.177 current/baseline 0.731
round-128-rotated Ada/C 1.212 current/baseline 0.816
round-128-margin Ada/C 1.148 current/baseline 1.006
round-128-separated Ada/C 1.276 current/baseline 0.965
round-512-aligned Ada/C 1.165 current/baseline 0.618
round-512-rotated Ada/C 1.205 current/baseline 0.663
round-512-margin Ada/C 1.14 current/baseline 0.965
round-512-separated Ada/C 1.202 current/baseline 0.959
