Phase 1 of 3: generation of data representation information ...
Phase 2 of 3: generation of Global contracts ...
Phase 3 of 3: flow analysis and proof ...
Summary logged in /var/tmp/sparkling-services-advanced-publication-proof-r13-r3-20261003/Publish_Forces/validation/obj/gnatprove/gnatprove.out
guarded: elapsed 96.8 s, peak group RSS 1647 MB
 info: initialization of "Result" proved
--> mj-data-advanced_control.adb:409:51

 medium: postcondition might fail, cannot prove Stable_Ready (D)
--> mj-data-advanced_control.adb:411:27
  411 |           Post => (Static => Is_Ready (D)
      |                              ^~~~~~~~~~~
      + in inlined expression function body at mj-data.ads:854
      + provers reached time and memory limit before completing the proof

 info: pointer dereference check proved
--> mj-data-advanced_control.adb:417:41

 info: range check proved
--> mj-data-advanced_control.adb:431:23

 info: precondition proved
--> mj-data-advanced_control.adb:434:21

 info: precondition proved
--> mj-data-advanced_control.adb:435:21

 info: precondition proved
--> mj-data-advanced_control.adb:436:21

 info: length check proved
--> mj-data-advanced_control.adb:438:27

 info: pointer dereference check proved
--> mj-data-advanced_control.adb:438:27

 info: length check proved
--> mj-data-advanced_control.adb:438:31

 info: length check proved
--> mj-data-advanced_control.adb:438:34
gnatprove: unproved check messages considered as errors
