Setup
   [mkdir]        object directory for project Flex_State
   [mkdir]        exec directory for project Flex_State
Compile
   [Ada]          flex_nodal_endpoint_probe.adb
   [Ada]          mj.ads
   [Ada]          mj-fields.ads
   [Ada]          mj-file_io.adb
   [Ada]          mj-flex_state.adb
   [Ada]          mj-flex_state-nodal_contacts.adb
   [Ada]          mj-mjb.adb
   [Ada]          mj-models.adb
   [Ada]          mj-types.ads
   [Ada]          mj-collision_scene.adb
   [Ada]          mj-flex_state_kernels.adb
   [Ada]          mj-heightfield_contacts.adb
   [Ada]          mj-sdf_fields.adb
   [Ada]          mj-sdf_kernels.adb
   [Ada]          mj-smooth_math.adb
   [Ada]          mj-builtin_flex.ads
   [Ada]          mj-bvh.adb
mj-bvh.adb:521:30: warning: "Proj" may be referenced before it has a value [enabled by default]
mj-bvh.adb:522:30: warning: "Radius" may be referenced before it has a value [enabled by default]
   [Ada]          mj-constrained_assets.adb
   [Ada]          mj-contact_geometry.adb
   [Ada]          mj-contact_parameters.adb
   [Ada]          mj-convex_contacts.adb
   [Ada]          mj-flex_collisions.adb
   [Ada]          mj-flex_interpolation.adb
   [Ada]          mj-full_contacts.adb
   [Ada]          mj-rigid_geometry.ads
   [Ada]          mj-sdf_scene.adb
   [Ada]          mj-flex_node_weights.adb
   [Ada]          mj-bytes.adb
   [Ada]          mj-fixed.ads
   [Ada]          mj-mjb-readers.adb
   [Ada]          mj-models-validity.ads
   [Ada]          mj-validation.adb
   [Ada]          mj-collision_contacts.adb
   [Ada]          mj-convex_assets.adb
   [Ada]          mj-contact_incidence.adb
   [Ada]          mj-rigid_detector.adb
   [Ada]          mj-rigid_math.adb
   [Ada]          mj-flex_driver.adb
   [Ada]          mj-sdf_collisions.adb
   [Ada]          mj-sdf_provider.adb
   [Ada]          mj-collision_poses.adb
   [Ada]          mj-constrained_asset_kernels.adb
   [Ada]          mj-contact_features.adb
   [Ada]          mj-contact_inflation.adb
   [Ada]          mj-rigid_simplex.adb
   [Ada]          mj-rigid_support.adb
   [Ada]          mj-advanced_contacts.adb
   [Ada]          mj-collision_sap.adb
mj-collision_sap.adb:23:58: warning: "Events" may be referenced before it has a value [enabled by default]
   [Ada]          mj-flex_kernels.adb
   [Ada]          mj-flex_normals.adb
   [Ada]          mj-flex_terrain.adb
   [Ada]          mj-primitive_contacts.adb
   [Ada]          mj-admitted_flex.ads
   [Ada]          mj-models-gen_clauses.ads
   [Ada]          mj-admitted_sdf.ads
   [Ada]          mj-rigid_narrowphase.adb
   [Ada]          mj-rigid_bvh.adb
   [Ada]          mj-contact_perturbations.adb
   [Ada]          mj-rigid_primitives.adb
   [Ada]          mj-rigid_ccd.adb
Bind
   [gprbind]      flex_nodal_endpoint_probe.bexch
   [Ada]          flex_nodal_endpoint_probe.ali
Link
   [link]         flex_nodal_endpoint_probe.adb
guarded: elapsed 31.5 s, peak group RSS 330 MB
