Phase 1 of 3: generation of data representation information ...
Phase 2 of 3: generation of Global contracts ...
Phase 3 of 3: flow analysis and proof ...
 info: precondition proved
--> mj-flex_node_weights.adb:41:10

 info: range check proved
--> mj-flex_node_weights.adb:41:35

 info: float overflow check proved
--> mj-flex_node_weights.adb:41:40

 info: range check proved
--> mj-flex_node_weights.adb:41:40

 info: implicit aspect Always_Terminates on "After_Node" has been proved, subprogram will terminate
--> mj-flex_node_weights.ads:73:13

 info: data dependencies proved
--> mj-flex_node_weights.ads:76:11

 info: postcondition proved
--> mj-flex_node_weights.ads:78:27

 info: range check proved
--> mj-flex_node_weights.ads:78:63

 info: float overflow check proved
--> mj-flex_node_weights.ads:86:59

 info: range check proved
--> mj-flex_node_weights.ads:86:67

 info: float overflow check proved
--> mj-flex_node_weights.ads:86:72

 info: range check proved
--> mj-flex_node_weights.ads:87:31

 info: float overflow check proved
--> mj-flex_node_weights.ads:87:36
Success: all checks proved (13 checks).
Summary logged in /var/tmp/sparkling-recovery-node-weights2-20261003/proof/After_Node/validation/obj/gnatprove/gnatprove.out
guarded: elapsed 5.5 s, peak group RSS 151 MB
