Phase 1 of 3: generation of data representation information ...
Phase 2 of 3: generation of Global contracts ...
Phase 3 of 3: flow analysis and proof ...
 info: loop invariant initialization proved
--> mj-flex_node_weights.adb:87:43

 info: loop invariant preservation proved
--> mj-flex_node_weights.adb:87:43

 info: range check proved
--> mj-flex_node_weights.adb:87:60

 info: loop invariant initialization proved
--> mj-flex_node_weights.adb:88:43

 info: loop invariant preservation proved
--> mj-flex_node_weights.adb:88:43

 info: precondition proved
--> mj-flex_node_weights.adb:88:52

 info: range check proved
--> mj-flex_node_weights.adb:88:79

 info: precondition proved
--> mj-flex_node_weights.adb:89:10

 info: precondition proved
--> mj-flex_node_weights.adb:90:20

 info: assertion proved
--> mj-flex_node_weights.adb:91:35

 info: precondition proved
--> mj-flex_node_weights.adb:91:44

 info: overflow check proved
--> mj-flex_node_weights.adb:91:73

 info: range check proved
--> mj-flex_node_weights.adb:91:73

 info: initialization of "Result" proved
--> mj-flex_node_weights.ads:108:24

 info: data dependencies proved
--> mj-flex_node_weights.ads:109:11

 info: postcondition proved
--> mj-flex_node_weights.ads:111:27

 info: precondition proved
--> mj-flex_node_weights.ads:112:28
Success: all checks proved (17 checks).
Summary logged in /var/tmp/sparkling-recovery-node-weights4-20261003/proof/Build/validation/obj/gnatprove/gnatprove.out
guarded: elapsed 4.3 s, peak group RSS 174 MB
