Phase 1 of 3: generation of data representation information ...
Phase 2 of 3: generation of Global contracts ...
Phase 3 of 3: flow analysis and proof ...
 info: index check proved
--> mj-flex_node_weights.adb:28:19

 info: index check proved
--> mj-flex_node_weights.adb:28:41

 info: float overflow check proved
--> mj-flex_node_weights.adb:28:51

 info: index check proved
--> mj-flex_node_weights.adb:30:19

 info: range check proved
--> mj-flex_node_weights.adb:31:29

 info: data dependencies proved
--> mj-flex_node_weights.ads:62:11

 info: postcondition proved
--> mj-flex_node_weights.ads:64:27

 info: range check proved
--> mj-flex_node_weights.ads:64:47

 info: float overflow check proved
--> mj-flex_node_weights.ads:70:65
Success: all checks proved (9 checks).
Summary logged in /var/tmp/sparkling-recovery-node-weights1-20261003/proof/Merge/validation/obj/gnatprove/gnatprove.out
guarded: elapsed 5.5 s, peak group RSS 159 MB
