Phase 1 of 3: generation of data representation information ...
Phase 2 of 3: generation of Global contracts ...
Phase 3 of 3: flow analysis and proof ...
 info: initialization of "E" proved
--> mj-flex_node_weights.adb:48:07

 info: precondition proved
--> mj-flex_node_weights.adb:51:15

 info: precondition proved
--> mj-flex_node_weights.adb:51:27

 info: subprogram variant proved
--> mj-flex_node_weights.adb:51:27

 info: range check proved
--> mj-flex_node_weights.adb:51:60

 info: index check proved
--> mj-flex_node_weights.adb:52:26

 info: index check proved
--> mj-flex_node_weights.adb:52:46

 info: range check proved
--> mj-flex_node_weights.adb:52:63

 info: implicit aspect Always_Terminates on "Fold" has been proved, subprogram will terminate
--> mj-flex_node_weights.ads:92:13

 info: data dependencies proved
--> mj-flex_node_weights.ads:94:28

 info: postcondition proved
--> mj-flex_node_weights.ads:97:27

 info: precondition proved
--> mj-flex_node_weights.ads:99:17

 info: precondition proved
--> mj-flex_node_weights.ads:99:29

 info: subprogram variant proved
--> mj-flex_node_weights.ads:99:29

 info: range check proved
--> mj-flex_node_weights.ads:99:62

 info: index check proved
--> mj-flex_node_weights.ads:100:28

 info: index check proved
--> mj-flex_node_weights.ads:100:48

 info: range check proved
--> mj-flex_node_weights.ads:100:65
Success: all checks proved (18 checks).
Summary logged in /var/tmp/sparkling-recovery-node-weights2-20261003/proof/Fold/validation/obj/gnatprove/gnatprove.out
guarded: elapsed 3.8 s, peak group RSS 163 MB
