Phase 1 of 3: generation of data representation information ...
Phase 2 of 3: generation of Global contracts ...
Phase 3 of 3: flow analysis and proof ...
 info: data dependencies proved
--> mj-flex_node_weights.adb:81:28

 info: precondition proved
--> mj-flex_node_weights.adb:83:23

 info: precondition proved
--> mj-flex_node_weights.adb:84:16

 info: postcondition proved
--> mj-flex_node_weights.adb:84:16

 info: index check proved
--> mj-flex_node_weights.adb:84:39

 info: index check proved
--> mj-flex_node_weights.adb:84:55

 info: precondition proved
--> mj-flex_node_weights.adb:85:10

 info: range check proved
--> mj-flex_node_weights.adb:85:43

 info: precondition proved
--> mj-flex_node_weights.adb:88:35

 info: precondition proved
--> mj-flex_node_weights.adb:89:35

 info: range check proved
--> mj-flex_node_weights.adb:89:68

 info: assertion proved
--> mj-flex_node_weights.adb:91:22

 info: assertion proved
--> mj-flex_node_weights.adb:92:22

 info: precondition proved
--> mj-flex_node_weights.adb:92:29

 info: index check proved
--> mj-flex_node_weights.adb:92:55

 info: index check proved
--> mj-flex_node_weights.adb:92:71

 info: precondition proved
--> mj-flex_node_weights.adb:93:07

 info: index check proved
--> mj-flex_node_weights.adb:93:42

 info: index check proved
--> mj-flex_node_weights.adb:93:58
Success: all checks proved (19 checks).
Summary logged in /var/tmp/sparkling-recovery-node-weights5-20261003/proof/Fold_Step/validation/obj/gnatprove/gnatprove.out
guarded: elapsed 3.8 s, peak group RSS 174 MB
