Phase 1 of 3: generation of data representation information ...
Phase 2 of 3: generation of Global contracts ...
Phase 3 of 3: flow analysis and proof ...
 info: float overflow check proved
--> mj-flex_node_weights.adb:5:20

 info: range check proved
--> mj-flex_node_weights.adb:5:20

 info: float overflow check proved
--> mj-flex_node_weights.adb:12:33

 info: range check proved
--> mj-flex_node_weights.adb:12:41

 info: assertion proved
--> mj-flex_node_weights.adb:13:32

 info: float overflow check proved
--> mj-flex_node_weights.adb:14:33

 info: range check proved
--> mj-flex_node_weights.adb:14:41

 info: assertion proved
--> mj-flex_node_weights.adb:15:32

 info: float overflow check proved
--> mj-flex_node_weights.adb:16:33

 info: range check proved
--> mj-flex_node_weights.adb:16:41

 info: assertion proved
--> mj-flex_node_weights.adb:17:32

 info: float overflow check proved
--> mj-flex_node_weights.adb:18:33

 info: range check proved
--> mj-flex_node_weights.adb:18:41

 info: loop invariant initialization proved
--> mj-flex_node_weights.adb:27:13

 info: loop invariant preservation proved
--> mj-flex_node_weights.adb:27:13

 info: index check proved
--> mj-flex_node_weights.adb:27:45

 info: index check proved
--> mj-flex_node_weights.adb:37:19

 info: index check proved
--> mj-flex_node_weights.adb:37:41

 info: float overflow check proved
--> mj-flex_node_weights.adb:37:51

 info: index check proved
--> mj-flex_node_weights.adb:39:19

 info: range check proved
--> mj-flex_node_weights.adb:40:29

 info: precondition proved
--> mj-flex_node_weights.adb:50:10

 info: range check proved
--> mj-flex_node_weights.adb:50:35

 info: float overflow check proved
--> mj-flex_node_weights.adb:50:40

 info: range check proved
--> mj-flex_node_weights.adb:50:40

 info: initialization of "E" proved
--> mj-flex_node_weights.adb:57:07

 info: precondition proved
--> mj-flex_node_weights.adb:60:15

 info: precondition proved
--> mj-flex_node_weights.adb:60:27

 info: subprogram variant proved
--> mj-flex_node_weights.adb:60:27

 info: range check proved
--> mj-flex_node_weights.adb:60:60

 info: index check proved
--> mj-flex_node_weights.adb:61:26

 info: index check proved
--> mj-flex_node_weights.adb:61:46

 info: range check proved
--> mj-flex_node_weights.adb:61:63

 info: data dependencies proved
--> mj-flex_node_weights.adb:68:28

 info: precondition proved
--> mj-flex_node_weights.adb:71:26

 info: precondition proved
--> mj-flex_node_weights.adb:72:16

 info: postcondition proved
--> mj-flex_node_weights.adb:72:16

 info: data dependencies proved
--> mj-flex_node_weights.adb:81:28

 info: precondition proved
--> mj-flex_node_weights.adb:83:23

 info: precondition proved
--> mj-flex_node_weights.adb:84:16

 info: postcondition proved
--> mj-flex_node_weights.adb:84:16

 info: index check proved
--> mj-flex_node_weights.adb:84:39

 info: index check proved
--> mj-flex_node_weights.adb:84:55

 info: precondition proved
--> mj-flex_node_weights.adb:85:10

 info: range check proved
--> mj-flex_node_weights.adb:85:43

 info: precondition proved
--> mj-flex_node_weights.adb:88:35

 info: precondition proved
--> mj-flex_node_weights.adb:89:35

 info: range check proved
--> mj-flex_node_weights.adb:89:68

 info: assertion proved
--> mj-flex_node_weights.adb:91:22

 info: assertion proved
--> mj-flex_node_weights.adb:92:22

 info: precondition proved
--> mj-flex_node_weights.adb:92:29

 info: index check proved
--> mj-flex_node_weights.adb:92:55

 info: index check proved
--> mj-flex_node_weights.adb:92:71

 info: precondition proved
--> mj-flex_node_weights.adb:93:07

 info: index check proved
--> mj-flex_node_weights.adb:93:42

 info: index check proved
--> mj-flex_node_weights.adb:93:58

 info: loop invariant initialization proved
--> mj-flex_node_weights.adb:101:43

 info: loop invariant preservation proved
--> mj-flex_node_weights.adb:101:43

 info: range check proved
--> mj-flex_node_weights.adb:101:60

 info: loop invariant initialization proved
--> mj-flex_node_weights.adb:102:43

 info: loop invariant preservation proved
--> mj-flex_node_weights.adb:102:43

 info: precondition proved
--> mj-flex_node_weights.adb:102:52

 info: range check proved
--> mj-flex_node_weights.adb:102:79

 info: precondition proved
--> mj-flex_node_weights.adb:103:10

 info: precondition proved
--> mj-flex_node_weights.adb:104:20

 info: assertion proved
--> mj-flex_node_weights.adb:105:35

 info: precondition proved
--> mj-flex_node_weights.adb:105:44

 info: overflow check proved
--> mj-flex_node_weights.adb:105:73

 info: range check proved
--> mj-flex_node_weights.adb:105:73

 info: implicit aspect Always_Terminates on "Sign" has been proved, subprogram will terminate
--> mj-flex_node_weights.ads:26:13

 info: implicit aspect Always_Terminates on "Term" has been proved, subprogram will terminate
--> mj-flex_node_weights.ads:29:13

 info: data dependencies proved
--> mj-flex_node_weights.ads:31:11

 info: postcondition proved
--> mj-flex_node_weights.ads:32:16

 info: float overflow check proved
--> mj-flex_node_weights.ads:32:36

 info: implicit aspect Always_Terminates on "Coordinate" has been proved, subprogram will terminate
--> mj-flex_node_weights.ads:34:13

 info: data dependencies proved
--> mj-flex_node_weights.ads:36:11

 info: postcondition proved
--> mj-flex_node_weights.ads:39:16

 info: float overflow check proved
--> mj-flex_node_weights.ads:42:36

 info: float overflow check proved
--> mj-flex_node_weights.ads:42:55

 info: float overflow check proved
--> mj-flex_node_weights.ads:44:18

 info: float overflow check proved
--> mj-flex_node_weights.ads:44:37

 info: float overflow check proved
--> mj-flex_node_weights.ads:44:56

 info: float overflow check proved
--> mj-flex_node_weights.ads:44:75

 info: float overflow check proved
--> mj-flex_node_weights.ads:46:19

 info: float overflow check proved
--> mj-flex_node_weights.ads:46:38

 info: float overflow check proved
--> mj-flex_node_weights.ads:46:57

 info: float overflow check proved
--> mj-flex_node_weights.ads:46:76

 info: float overflow check proved
--> mj-flex_node_weights.ads:46:95

 info: float overflow check proved
--> mj-flex_node_weights.ads:47:31

 info: float overflow check proved
--> mj-flex_node_weights.ads:48:23

 info: float overflow check proved
--> mj-flex_node_weights.ads:48:42

 info: float overflow check proved
--> mj-flex_node_weights.ads:48:61

 info: float overflow check proved
--> mj-flex_node_weights.ads:48:80

 info: float overflow check proved
--> mj-flex_node_weights.ads:48:99

 info: float overflow check proved
--> mj-flex_node_weights.ads:49:31

 info: float overflow check proved
--> mj-flex_node_weights.ads:49:50

 info: float overflow check proved
--> mj-flex_node_weights.ads:49:69

 info: implicit aspect Always_Terminates on "Bounded" has been proved, subprogram will terminate
--> mj-flex_node_weights.ads:51:13

 info: range check proved
--> mj-flex_node_weights.ads:54:18

 info: float overflow check proved
--> mj-flex_node_weights.ads:54:27

 info: range check proved
--> mj-flex_node_weights.ads:54:43

 info: float overflow check proved
--> mj-flex_node_weights.ads:54:52

 info: implicit aspect Always_Terminates on "Find" has been proved, subprogram will terminate
--> mj-flex_node_weights.ads:57:13

 info: data dependencies proved
--> mj-flex_node_weights.ads:58:11

 info: postcondition proved
--> mj-flex_node_weights.ads:59:16

 info: index check proved
--> mj-flex_node_weights.ads:61:25

 info: index check proved
--> mj-flex_node_weights.ads:63:21

 info: data dependencies proved
--> mj-flex_node_weights.ads:67:11

 info: postcondition proved
--> mj-flex_node_weights.ads:69:27

 info: range check proved
--> mj-flex_node_weights.ads:69:47

 info: float overflow check proved
--> mj-flex_node_weights.ads:75:65

 info: implicit aspect Always_Terminates on "After_Node" has been proved, subprogram will terminate
--> mj-flex_node_weights.ads:78:13

 info: data dependencies proved
--> mj-flex_node_weights.ads:81:11

 info: postcondition proved
--> mj-flex_node_weights.ads:83:27

 info: range check proved
--> mj-flex_node_weights.ads:83:63

 info: float overflow check proved
--> mj-flex_node_weights.ads:91:59

 info: range check proved
--> mj-flex_node_weights.ads:91:67

 info: float overflow check proved
--> mj-flex_node_weights.ads:91:72

 info: range check proved
--> mj-flex_node_weights.ads:92:31

 info: float overflow check proved
--> mj-flex_node_weights.ads:92:36

 info: implicit aspect Always_Terminates on "Fold" has been proved, subprogram will terminate
--> mj-flex_node_weights.ads:97:13

 info: data dependencies proved
--> mj-flex_node_weights.ads:99:28

 info: postcondition proved
--> mj-flex_node_weights.ads:102:27

 info: precondition proved
--> mj-flex_node_weights.ads:104:17

 info: precondition proved
--> mj-flex_node_weights.ads:104:29

 info: subprogram variant proved
--> mj-flex_node_weights.ads:104:29

 info: range check proved
--> mj-flex_node_weights.ads:104:62

 info: index check proved
--> mj-flex_node_weights.ads:105:28

 info: index check proved
--> mj-flex_node_weights.ads:105:48

 info: range check proved
--> mj-flex_node_weights.ads:105:65

 info: initialization of "Result" proved
--> mj-flex_node_weights.ads:108:24

 info: data dependencies proved
--> mj-flex_node_weights.ads:109:11

 info: postcondition proved
--> mj-flex_node_weights.ads:111:27

 info: precondition proved
--> mj-flex_node_weights.ads:112:28
Success: all checks proved (134 checks).
Summary logged in /var/tmp/sparkling-recovery-node-weights5-20261003/proof/whole/validation/obj/gnatprove/gnatprove.out
guarded: elapsed 56.3 s, peak group RSS 195 MB
