Phase 1 of 3: generation of data representation information ...
Phase 2 of 3: generation of Global contracts ...
Phase 3 of 3: flow analysis and proof ...
 info: loop invariant initialization proved
--> mj-flex_node_weights.adb:62:43

 info: loop invariant preservation proved
--> mj-flex_node_weights.adb:62:43

 info: range check proved
--> mj-flex_node_weights.adb:62:60

 info: loop invariant initialization proved
--> mj-flex_node_weights.adb:63:43

 medium: loop invariant might not be preserved by an arbitrary iteration
--> mj-flex_node_weights.adb:63:43
   63 |             pragma Loop_Invariant (Static => Result = Fold (Values, Bodies, Sgn, J));
      |                                              ^~~~~~~~~~~~~~~~~~~~~~~~~~~~~~~~~~~~~
      + provers reached time limit before completing the proof

 info: precondition proved
--> mj-flex_node_weights.adb:63:52

 info: range check proved
--> mj-flex_node_weights.adb:63:79

 info: precondition proved
--> mj-flex_node_weights.adb:64:20

 info: initialization of "Result" proved
--> mj-flex_node_weights.ads:103:24

 info: data dependencies proved
--> mj-flex_node_weights.ads:104:11

 medium: postcondition might fail, cannot prove Result = Fold (Values, Bodies, Sgn, Count)
--> mj-flex_node_weights.ads:107:19
  107 |             and then Result = Fold (Values, Bodies, Sgn, Count));
      |                      ^~~~~~~~~~~~~~~~~~~~~~~~~~~~~~~~~~~~~~~~~
      + provers reached time and memory limit before completing the proof

 info: precondition proved
--> mj-flex_node_weights.ads:107:28
Summary logged in /var/tmp/sparkling-recovery-node-weights2-20261003/proof/Build/validation/obj/gnatprove/gnatprove.out
gnatprove: unproved check messages considered as errors
guarded: elapsed 34.7 s, peak group RSS 172 MB
