Phase 1 of 3: generation of data representation information ...
Phase 2 of 3: generation of Global contracts ...
Phase 3 of 3: flow analysis and proof ...
 info: float overflow check proved
--> mj-flex_node_weights.adb:12:33

 info: range check proved
--> mj-flex_node_weights.adb:12:41

 info: assertion proved
--> mj-flex_node_weights.adb:13:32

 info: float overflow check proved
--> mj-flex_node_weights.adb:14:33

 info: range check proved
--> mj-flex_node_weights.adb:14:41

 info: assertion proved
--> mj-flex_node_weights.adb:15:32

 info: float overflow check proved
--> mj-flex_node_weights.adb:16:33

 info: range check proved
--> mj-flex_node_weights.adb:16:41

 info: assertion proved
--> mj-flex_node_weights.adb:17:32

 info: float overflow check proved
--> mj-flex_node_weights.adb:18:33

 info: range check proved
--> mj-flex_node_weights.adb:18:41

 info: implicit aspect Always_Terminates on "Coordinate" has been proved, subprogram will terminate
--> mj-flex_node_weights.ads:34:13

 info: data dependencies proved
--> mj-flex_node_weights.ads:36:11

 info: postcondition proved
--> mj-flex_node_weights.ads:39:16

 info: float overflow check proved
--> mj-flex_node_weights.ads:42:36

 info: float overflow check proved
--> mj-flex_node_weights.ads:42:55

 info: float overflow check proved
--> mj-flex_node_weights.ads:44:18

 info: float overflow check proved
--> mj-flex_node_weights.ads:44:37

 info: float overflow check proved
--> mj-flex_node_weights.ads:44:56

 info: float overflow check proved
--> mj-flex_node_weights.ads:44:75

 info: float overflow check proved
--> mj-flex_node_weights.ads:46:19

 info: float overflow check proved
--> mj-flex_node_weights.ads:46:38

 info: float overflow check proved
--> mj-flex_node_weights.ads:46:57

 info: float overflow check proved
--> mj-flex_node_weights.ads:46:76

 info: float overflow check proved
--> mj-flex_node_weights.ads:46:95

 info: float overflow check proved
--> mj-flex_node_weights.ads:47:31

 info: float overflow check proved
--> mj-flex_node_weights.ads:48:23

 info: float overflow check proved
--> mj-flex_node_weights.ads:48:42

 info: float overflow check proved
--> mj-flex_node_weights.ads:48:61

 info: float overflow check proved
--> mj-flex_node_weights.ads:48:80

 info: float overflow check proved
--> mj-flex_node_weights.ads:48:99

 info: float overflow check proved
--> mj-flex_node_weights.ads:49:31

 info: float overflow check proved
--> mj-flex_node_weights.ads:49:50

 info: float overflow check proved
--> mj-flex_node_weights.ads:49:69
Success: all checks proved (34 checks).
Summary logged in /var/tmp/sparkling-recovery-node-weights3-20261003/proof/Coordinate/validation/obj/gnatprove/gnatprove.out
guarded: elapsed 45.1 s, peak group RSS 179 MB
