Phase 1 of 3: generation of data representation information ...
Phase 2 of 3: generation of Global contracts ...
Phase 3 of 3: flow analysis and proof ...
Success: all checks proved (17 checks).
Summary logged in /var/tmp/sparkling-actuators-csr-20260930/verification-final/final-small-unfold_lanes/build/validation/obj/gnatprove/gnatprove.out
guarded: elapsed 5.8 s, peak group RSS 222 MB
 info: range check proved
--> mj-transmissions.ads:131:75

 info: range check proved
--> mj-transmissions.ads:132:62

 info: division check proved
--> mj-transmissions.ads:132:69

 info: postcondition proved
--> mj-transmissions.ads:133:14

 info: precondition proved
--> mj-transmissions.ads:133:38

 info: range check proved
--> mj-transmissions.ads:133:63

 info: precondition proved
--> mj-transmissions.ads:134:08

 info: precondition proved
--> mj-transmissions.ads:134:18

 info: precondition proved
--> mj-transmissions.ads:134:45

 info: overflow check proved
--> mj-transmissions.ads:134:75

 info: overflow check proved
--> mj-transmissions.ads:134:79

 info: index check proved
--> mj-transmissions.ads:134:79

 info: index check proved
--> mj-transmissions.ads:134:86

 info: overflow check proved
--> mj-transmissions.ads:134:100

 info: overflow check proved
--> mj-transmissions.ads:134:104

 info: index check proved
--> mj-transmissions.ads:134:104
