counts 2.00000000000000000E+00 1.30000000000000000E+01
free 1.18557834549867805E-01 3.45991928199888277E-01 5.27512433902981373E-02 -9.80992030229005252E+00
acc -1.76551561536496457E+01 -1.59186545594936586E+01 2.58485256276758477E+01 5.53139659361970928E+01
qfrc 3.90625000000000000E-03 0.00000000000000000E+00 1.01318359375000000E-01 2.72790018584853897E+02
aref -1.77432791511897427E+01 -1.59161762038581553E+01 2.09026750596866755E+01 1.65849737925539849E+01 1.13943361624055512E+01 1.13582054873826888E+01 1.49575839863015414E+01 1.16462968034794550E+01 1.46694926702047752E+01 5.87415605304441186E+01 5.87415605304441186E+01 5.87415605304441186E+01 5.87415605304441186E+01
reg 2.77777777777777608E+01 2.77777777777777608E+01 2.77777777777777608E+01 2.65258238486492139E-02 1.31578947368421133E+01 2.00000000000000016E-15 2.00000000000000016E-15 2.00000000000000016E-15 2.00000000000000016E-15 5.02594557132301500E-02 5.02594557132301500E-02 5.02594557132301500E-02 5.02594557132301500E-02
force -2.00000000000000004E-03 8.92208028781162884E-05 -2.00000000000000004E-03 -2.00000000000000004E-03 1.33818364118625965E-01 6.57894736842105700E+15 6.57894736842105700E+15 6.57894736842105600E+15 6.57894736842105800E+15 6.81980046462134766E+01 6.81980046462134766E+01 6.81980046462134766E+01 6.81980046462134766E+01
jac 1.00000000000000000E+00 0.00000000000000000E+00 0.00000000000000000E+00 0.00000000000000000E+00
jac 0.00000000000000000E+00 1.00000000000000000E+00 0.00000000000000000E+00 0.00000000000000000E+00
jac 0.00000000000000000E+00 0.00000000000000000E+00 1.00000000000000000E+00 0.00000000000000000E+00
jac 0.00000000000000000E+00 0.00000000000000000E+00 0.00000000000000000E+00 1.00000000000000000E+00
jac 2.46191380051002072E-02 6.29098932434079550E-01 7.76935281252040588E-01 0.00000000000000000E+00
jac 9.74609568133481402E-02 2.14479336669383446E-03 -1.73544185753233041E-03 0.00000000000000000E+00
jac -9.74609568133481402E-02 -2.14479336669383446E-03 1.73544185753233041E-03 0.00000000000000000E+00
jac -2.14358324136766686E-03 9.74763944509689229E-02 8.70386491274321338E-05 0.00000000000000000E+00
jac 2.14358324136766686E-03 -9.74763944509689229E-02 -8.70386491274321338E-05 0.00000000000000000E+00
jac 0.00000000000000000E+00 0.00000000000000000E+00 0.00000000000000000E+00 1.00000000000000000E+00
jac 0.00000000000000000E+00 0.00000000000000000E+00 0.00000000000000000E+00 1.00000000000000000E+00
jac 0.00000000000000000E+00 0.00000000000000000E+00 0.00000000000000000E+00 1.00000000000000000E+00
jac 0.00000000000000000E+00 0.00000000000000000E+00 0.00000000000000000E+00 1.00000000000000000E+00
state 9.99908248383470810E-01 4.31463524677952329E-04 -8.23545720575544551E-03 -1.07464365507852974E-02 -2.92728254594698642E-04 1.45981217484750215E-03 7.20950342377048086E-04 4.17551588952050010E-02 1.78906714911237635E-01 1.75000000000000044E-01
