counts 2.00000000000000000E+00 1.30000000000000000E+01
free -5.57514306403378512E-01 -1.28455206707337871E-01 6.63186063427093742E-01 -9.81038526039948344E+00
acc -7.16752828544524423E+00 1.44158850749175720E+01 8.12904189713771763E-02 4.58312913276621856E+01
qfrc 0.00000000000000000E+00 0.00000000000000000E+00 -1.95312500000000000E-03 2.33071310625064314E+02
aref -7.16726120243353648E+00 1.44090251523431565E+01 -9.85296179530476324E-01 -1.97412549635895616E+01 -3.87175318638215238E+00 1.24718012886227410E+01 1.38439881850614892E+01 1.45696245935499409E+01 1.17461648801342893E+01 4.87598257609862671E+01 4.87598257609862671E+01 4.87598257609862671E+01 4.87598257609862671E+01
reg 2.77777777777777608E+01 2.77777777777777608E+01 2.77777777777777608E+01 2.65258238486492139E-02 1.25648639283075375E-02 2.00000000000000016E-15 2.00000000000000016E-15 2.00000000000000016E-15 2.00000000000000016E-15 5.02594557132301500E-02 5.02594557132301500E-02 5.02594557132301500E-02 5.02594557132301500E-02
force 9.61498842148866737E-06 -2.46957212678950637E-04 -2.00000000000000004E-03 -2.00000000000000004E-03 0.00000000000000000E+00 6.57894736842105700E+15 6.57894736842105700E+15 6.57894736842105700E+15 6.57894736842105700E+15 5.82683276562660808E+01 5.82683276562660808E+01 5.82683276562660808E+01 5.82683276562660808E+01
jac 1.00000000000000000E+00 0.00000000000000000E+00 0.00000000000000000E+00 0.00000000000000000E+00
jac 0.00000000000000000E+00 1.00000000000000000E+00 0.00000000000000000E+00 0.00000000000000000E+00
jac 0.00000000000000000E+00 0.00000000000000000E+00 1.00000000000000000E+00 0.00000000000000000E+00
jac 0.00000000000000000E+00 0.00000000000000000E+00 0.00000000000000000E+00 1.00000000000000000E+00
jac 0.00000000000000000E+00 0.00000000000000000E+00 0.00000000000000000E+00 1.00000000000000000E+00
jac 9.74960114999726402E-02 8.81697393067408779E-04 1.87431124299430274E-05 0.00000000000000000E+00
jac -9.74960114999726402E-02 -8.81697393067408779E-04 -1.87431124299430274E-05 0.00000000000000000E+00
jac -8.81558582899721172E-04 9.74939966770059091E-02 -6.27269008383175299E-04 0.00000000000000000E+00
jac 8.81558582899721172E-04 -9.74939966770059091E-02 6.27269008383175299E-04 0.00000000000000000E+00
jac 0.00000000000000000E+00 0.00000000000000000E+00 0.00000000000000000E+00 1.00000000000000000E+00
jac 0.00000000000000000E+00 0.00000000000000000E+00 0.00000000000000000E+00 1.00000000000000000E+00
jac 0.00000000000000000E+00 0.00000000000000000E+00 0.00000000000000000E+00 1.00000000000000000E+00
jac 0.00000000000000000E+00 0.00000000000000000E+00 0.00000000000000000E+00 1.00000000000000000E+00
state 9.99984839339914999E-01 3.51867299698708060E-03 -5.03110213174498533E-04 -4.20558090864589767E-03 -1.80290860984840657E-03 3.21239916856593216E-04 -4.98128851897404641E-04 1.65371301781923295E-02 2.40095091481940998E-01 1.75000000000000044E-01
