counts 2.00000000000000000E+00 1.30000000000000000E+01
free -5.52388662996205704E-01 3.43255634228502249E-01 -1.42790739904968239E-01 -9.81012916874876595E+00
acc -8.01721509296198120E-01 1.72158761086916079E+00 -3.22895798662282871E+01 3.87901807953788804E+01
qfrc -1.25000000000000000E-01 2.50000000000000000E-01 -1.25000000000000000E-01 2.03573824391089886E+02
aref 3.05653976281671791E-01 6.69215963531185509E-01 1.54367577144912538E+01 5.34635934340067909E+00 1.88359741963441287E+01 1.31512429989246495E+01 1.31645464747595806E+01 1.32562123565027452E+01 1.30595771171814850E+01 4.13480833279459574E+01 4.13480833279459574E+01 4.13480833279459574E+01 4.13480833279459574E+01
reg 2.77777777777777608E+01 2.77777777777777608E+01 2.77777777777777608E+01 2.65258238486492139E-02 1.31578947368421133E+01 2.00000000000000016E-15 2.00000000000000016E-15 2.00000000000000016E-15 2.00000000000000016E-15 5.02594557132301500E-02 5.02594557132301500E-02 5.02594557132301500E-02 5.02594557132301500E-02
force 2.00000000000000004E-03 -2.00000000000000004E-03 2.00000000000000004E-03 -2.00000000000000004E-03 2.94818434839365651E-01 6.57894736842105600E+15 6.57894736842105800E+15 6.57894736842105700E+15 6.57894736842105700E+15 5.08939560977724668E+01 5.08939560977724668E+01 5.08939560977724668E+01 5.08939560977724668E+01
jac 1.00000000000000000E+00 0.00000000000000000E+00 0.00000000000000000E+00 0.00000000000000000E+00
jac 0.00000000000000000E+00 1.00000000000000000E+00 0.00000000000000000E+00 0.00000000000000000E+00
jac 0.00000000000000000E+00 0.00000000000000000E+00 1.00000000000000000E+00 0.00000000000000000E+00
jac 0.00000000000000000E+00 0.00000000000000000E+00 0.00000000000000000E+00 1.00000000000000000E+00
jac 6.12254121901503523E-01 6.54555853192330783E-01 -4.43510456772192363E-01 0.00000000000000000E+00
jac 9.74611593946703436E-02 -1.51859375004981191E-03 -2.29483822283228518E-03 0.00000000000000000E+00
jac -9.74611593946703436E-02 1.51859375004981191E-03 2.29483822283228518E-03 0.00000000000000000E+00
jac 1.56839195956995294E-03 9.74644888632490158E-02 2.11271325237614212E-03 0.00000000000000000E+00
jac -1.56839195956995294E-03 -9.74644888632490158E-02 -2.11271325237614212E-03 0.00000000000000000E+00
jac 0.00000000000000000E+00 0.00000000000000000E+00 0.00000000000000000E+00 1.00000000000000000E+00
jac 0.00000000000000000E+00 0.00000000000000000E+00 0.00000000000000000E+00 1.00000000000000000E+00
jac 0.00000000000000000E+00 0.00000000000000000E+00 0.00000000000000000E+00 1.00000000000000000E+00
jac 0.00000000000000000E+00 0.00000000000000000E+00 0.00000000000000000E+00 1.00000000000000000E+00
state 9.99840974447305908E-01 -1.09290033641035525E-02 -1.16855699389472965E-02 7.87592260823870641E-03 -8.69635277580951653E-03 -3.30457352932398080E-03 -5.49675784811168126E-03 -1.62793988220781033E-01 -3.13953233646170060E-02 1.25500000000000000E-01
