Phase 1 of 3: generation of data representation information ...
Phase 2 of 3: generation of Global contracts ...
Phase 3 of 3: flow analysis and proof ...
 info: float overflow check proved
--> mj-lu.adb:4:15

 info: float overflow check proved
--> mj-lu.adb:4:17

 info: length check proved
--> mj-lu.adb:9:16

 info: index check proved
--> mj-lu.adb:12:28

 info: index check proved
--> mj-lu.adb:12:55

 info: range check proved
--> mj-lu.adb:12:67

 info: cannot unroll loop (too many loop iterations) [info-unrolling-inlining]
--> mj-lu.adb:13:25

 info: index check proved
--> mj-lu.adb:14:24

 info: overflow check proved
--> mj-lu.adb:14:51

 info: index check proved
--> mj-lu.adb:14:51

 info: index check proved
--> mj-lu.adb:14:69

 info: overflow check proved
--> mj-lu.adb:15:32

 info: index check proved
--> mj-lu.adb:15:32

 info: range check proved
--> mj-lu.adb:15:44

 info: index check proved
--> mj-lu.adb:16:30

 info: overflow check proved
--> mj-lu.adb:16:48

 info: index check proved
--> mj-lu.adb:16:48

 info: overflow check proved
--> mj-lu.adb:16:51

 info: cannot unroll loop (too many loop iterations) [info-unrolling-inlining]
--> mj-lu.adb:16:54

 info: index check proved
--> mj-lu.adb:17:24

 info: index check proved
--> mj-lu.adb:17:46

 info: float overflow check proved
--> mj-lu.adb:24:35

 info: range check proved
--> mj-lu.adb:24:35

 info: range check proved
--> mj-lu.adb:25:32

 info: float overflow check proved
--> mj-lu.adb:25:32

 info: range check proved
--> mj-lu.adb:28:34

 info: float overflow check proved
--> mj-lu.adb:31:32

 info: range check proved
--> mj-lu.adb:31:32

 info: range check proved
--> mj-lu.adb:34:34

 info: range check proved
--> mj-lu.adb:37:32

 info: division check proved
--> mj-lu.adb:37:32

 info: float overflow check proved
--> mj-lu.adb:37:32

 info: range check proved
--> mj-lu.adb:40:34

 info: index check proved
--> mj-lu.adb:48:34

 info: index check proved
--> mj-lu.adb:50:10

 info: index check proved
--> mj-lu.adb:50:19

 info: index check proved
--> mj-lu.adb:50:26

 info: precondition proved
--> mj-lu.adb:55:07

 info: precondition proved
--> mj-lu.adb:55:24

 info: precondition proved
--> mj-lu.adb:55:40

 info: precondition proved
--> mj-lu.adb:60:10

 info: index check proved
--> mj-lu.adb:60:10

 info: precondition proved
--> mj-lu.adb:75:10

 info: loop invariant initialization proved
--> mj-lu.adb:76:33

 info: loop invariant preservation proved
--> mj-lu.adb:76:33

 info: loop invariant initialization proved
--> mj-lu.adb:77:33

 info: loop invariant preservation proved
--> mj-lu.adb:77:33

 info: loop invariant initialization proved
--> mj-lu.adb:78:43

 info: loop invariant preservation proved
--> mj-lu.adb:78:43

 info: index check proved
--> mj-lu.adb:78:71

 info: division check proved
--> mj-lu.adb:79:17

 info: division check proved
--> mj-lu.adb:79:35

 info: precondition proved
--> mj-lu.adb:79:61

 info: index check proved
--> mj-lu.adb:79:61

 info: division check proved
--> mj-lu.adb:79:75

 info: division check proved
--> mj-lu.adb:80:20

 info: division check proved
--> mj-lu.adb:80:38

 info: precondition proved
--> mj-lu.adb:80:64

 info: index check proved
--> mj-lu.adb:80:64

 info: division check proved
--> mj-lu.adb:80:78

 info: index check proved
--> mj-lu.adb:81:28

 info: float overflow check proved
--> mj-lu.adb:88:15

 info: range check proved
--> mj-lu.adb:88:15

 info: float overflow check proved
--> mj-lu.adb:88:17

 info: overflow check proved
--> mj-lu.adb:94:18

 info: loop invariant initialization proved
--> mj-lu.adb:95:43

 info: loop invariant preservation proved
--> mj-lu.adb:95:43

 info: overflow check proved
--> mj-lu.adb:95:56

 info: index check proved
--> mj-lu.adb:95:56

 info: index check proved
--> mj-lu.adb:95:75

 info: overflow check proved
--> mj-lu.adb:101:18

 info: precondition proved
--> mj-lu.adb:102:10

 info: range check proved
--> mj-lu.adb:102:60

 info: loop invariant initialization proved
--> mj-lu.adb:104:23

 info: loop invariant preservation proved
--> mj-lu.adb:104:23

 info: overflow check proved
--> mj-lu.adb:104:39

 info: overflow check proved
--> mj-lu.adb:104:64

 info: index check proved
--> mj-lu.adb:104:64

 info: index check proved
--> mj-lu.adb:104:82

 info: range check proved
--> mj-lu.adb:112:23

 info: loop invariant initialization proved
--> mj-lu.adb:113:33

 info: loop invariant preservation proved
--> mj-lu.adb:113:33

 info: loop invariant initialization proved
--> mj-lu.adb:114:33

 info: loop invariant preservation proved
--> mj-lu.adb:114:33

 info: index check proved
--> mj-lu.adb:114:69

 info: overflow check proved
--> mj-lu.adb:122:17

 info: precondition proved
--> mj-lu.adb:123:20

 info: index check proved
--> mj-lu.adb:123:20

 info: range check proved
--> mj-lu.adb:123:29

 info: precondition proved
--> mj-lu.adb:123:45

 info: index check proved
--> mj-lu.adb:123:45

 info: range check proved
--> mj-lu.adb:123:77

 info: loop invariant initialization proved
--> mj-lu.adb:124:33

 info: loop invariant preservation proved
--> mj-lu.adb:124:33

 info: loop invariant initialization proved
--> mj-lu.adb:125:33

 info: loop invariant preservation proved
--> mj-lu.adb:125:33

 info: precondition proved
--> mj-lu.adb:125:63

 info: index check proved
--> mj-lu.adb:125:63

 info: range check proved
--> mj-lu.adb:125:72

 info: precondition proved
--> mj-lu.adb:125:89

 info: index check proved
--> mj-lu.adb:125:89

 info: precondition proved
--> mj-lu.adb:137:07

 info: precondition proved
--> mj-lu.adb:137:26

 info: range check proved
--> mj-lu.adb:137:41

 info: precondition proved
--> mj-lu.adb:137:44

 info: index check proved
--> mj-lu.adb:137:44

 info: range check proved
--> mj-lu.adb:137:61

 info: precondition proved
--> mj-lu.adb:137:64

 info: index check proved
--> mj-lu.adb:137:64

 info: range check proved
--> mj-lu.adb:142:20

 info: precondition proved
--> mj-lu.adb:142:23

 info: index check proved
--> mj-lu.adb:142:23

 info: range check proved
--> mj-lu.adb:144:31

 info: precondition proved
--> mj-lu.adb:144:34

 info: index check proved
--> mj-lu.adb:144:34

 info: precondition proved
--> mj-lu.adb:146:07

 info: implicit aspect Always_Terminates on "Same_Outside" has been proved, subprogram will terminate
--> mj-lu.adb:149:13

 info: division check proved
--> mj-lu.adb:150:36

 info: division check proved
--> mj-lu.adb:150:54

 info: index check proved
--> mj-lu.adb:150:73

 info: index check proved
--> mj-lu.adb:150:81

 info: precondition proved
--> mj-lu.adb:156:47

 info: precondition proved
--> mj-lu.adb:156:85

 info: precondition proved
--> mj-lu.adb:157:14

 info: postcondition proved
--> mj-lu.adb:157:14

 info: precondition proved
--> mj-lu.adb:168:25

 info: index check proved
--> mj-lu.adb:168:25

 info: precondition proved
--> mj-lu.adb:168:53

 info: index check proved
--> mj-lu.adb:168:53

 info: precondition proved
--> mj-lu.adb:169:25

 info: index check proved
--> mj-lu.adb:169:25

 info: precondition proved
--> mj-lu.adb:169:53

 info: index check proved
--> mj-lu.adb:169:53

 info: precondition proved
--> mj-lu.adb:170:20

 info: index check proved
--> mj-lu.adb:170:20

 info: range check proved
--> mj-lu.adb:170:54

 info: precondition proved
--> mj-lu.adb:170:62

 info: index check proved
--> mj-lu.adb:170:62

 info: range check proved
--> mj-lu.adb:170:82

 info: precondition proved
--> mj-lu.adb:170:90

 info: index check proved
--> mj-lu.adb:170:90

 info: precondition proved
--> mj-lu.adb:171:51

 info: index check proved
--> mj-lu.adb:171:74

 info: index check proved
--> mj-lu.adb:171:87

 info: overflow check proved
--> mj-lu.adb:172:32

 info: precondition proved
--> mj-lu.adb:173:18

 info: index check proved
--> mj-lu.adb:173:18

 info: range check proved
--> mj-lu.adb:173:30

 info: range check proved
--> mj-lu.adb:173:52

 info: precondition proved
--> mj-lu.adb:173:62

 info: index check proved
--> mj-lu.adb:173:62

 info: range check proved
--> mj-lu.adb:173:74

 info: range check proved
--> mj-lu.adb:173:82

 info: precondition proved
--> mj-lu.adb:173:92

 info: index check proved
--> mj-lu.adb:173:92

 info: range check proved
--> mj-lu.adb:173:104

 info: postcondition proved
--> mj-lu.adb:174:14

 info: overflow check proved
--> mj-lu.adb:174:29

 info: precondition proved
--> mj-lu.adb:175:11

 info: index check proved
--> mj-lu.adb:175:11

 info: range check proved
--> mj-lu.adb:175:23

 info: range check proved
--> mj-lu.adb:175:45

 info: precondition proved
--> mj-lu.adb:175:55

 info: index check proved
--> mj-lu.adb:175:55

 info: range check proved
--> mj-lu.adb:175:67

 info: range check proved
--> mj-lu.adb:175:75

 info: precondition proved
--> mj-lu.adb:175:85

 info: index check proved
--> mj-lu.adb:175:85

 info: range check proved
--> mj-lu.adb:175:97

 info: overflow check proved
--> mj-lu.adb:178:17

 info: precondition proved
--> mj-lu.adb:180:28

 info: assertion proved
--> mj-lu.adb:180:28

 info: range check proved
--> mj-lu.adb:180:40

 info: precondition proved
--> mj-lu.adb:180:46

 info: assertion proved
--> mj-lu.adb:181:28

 info: precondition proved
--> mj-lu.adb:181:31

 info: index check proved
--> mj-lu.adb:181:31

 info: range check proved
--> mj-lu.adb:181:43

 info: precondition proved
--> mj-lu.adb:181:57

 info: index check proved
--> mj-lu.adb:181:57

 info: range check proved
--> mj-lu.adb:181:69

 info: assertion proved
--> mj-lu.adb:183:25

 info: precondition proved
--> mj-lu.adb:183:28

 info: index check proved
--> mj-lu.adb:183:28

 info: range check proved
--> mj-lu.adb:183:40

 info: range check proved
--> mj-lu.adb:183:62

 info: precondition proved
--> mj-lu.adb:183:72

 info: index check proved
--> mj-lu.adb:183:72

 info: range check proved
--> mj-lu.adb:183:84

 info: range check proved
--> mj-lu.adb:183:92

 info: precondition proved
--> mj-lu.adb:183:102

 info: index check proved
--> mj-lu.adb:183:102

 info: range check proved
--> mj-lu.adb:183:114

 info: loop invariant initialization proved
--> mj-lu.adb:184:33

 info: loop invariant preservation proved
--> mj-lu.adb:184:33

 info: overflow check proved
--> mj-lu.adb:184:47

 info: precondition proved
--> mj-lu.adb:185:15

 info: index check proved
--> mj-lu.adb:185:15

 info: range check proved
--> mj-lu.adb:185:27

 info: range check proved
--> mj-lu.adb:185:49

 info: precondition proved
--> mj-lu.adb:185:59

 info: index check proved
--> mj-lu.adb:185:59

 info: range check proved
--> mj-lu.adb:185:71

 info: range check proved
--> mj-lu.adb:185:79

 info: precondition proved
--> mj-lu.adb:185:89

 info: index check proved
--> mj-lu.adb:185:89

 info: range check proved
--> mj-lu.adb:185:101

 info: overflow check proved
--> mj-lu.adb:194:17

 info: assertion proved
--> mj-lu.adb:195:35

 info: precondition proved
--> mj-lu.adb:195:38

 info: index check proved
--> mj-lu.adb:195:38

 info: range check proved
--> mj-lu.adb:195:50

 info: precondition proved
--> mj-lu.adb:195:66

 info: index check proved
--> mj-lu.adb:195:66

 info: range check proved
--> mj-lu.adb:195:78

 info: precondition proved
--> mj-lu.adb:196:24

 info: index check proved
--> mj-lu.adb:196:24

 info: range check proved
--> mj-lu.adb:196:36

 info: precondition proved
--> mj-lu.adb:196:52

 info: index check proved
--> mj-lu.adb:196:52

 info: range check proved
--> mj-lu.adb:196:64

 info: length check proved
--> mj-lu.adb:197:17

 info: precondition proved
--> mj-lu.adb:198:10

 info: range check proved
--> mj-lu.adb:198:34

 info: precondition proved
--> mj-lu.adb:199:10

 info: precondition proved
--> mj-lu.adb:200:10

 info: range check proved
--> mj-lu.adb:200:59

 info: loop invariant initialization proved
--> mj-lu.adb:201:33

 info: loop invariant preservation proved
--> mj-lu.adb:201:33

 info: loop invariant initialization proved
--> mj-lu.adb:202:43

 info: loop invariant preservation proved
--> mj-lu.adb:202:43

 info: loop invariant initialization proved
--> mj-lu.adb:203:43

 info: loop invariant preservation proved
--> mj-lu.adb:203:43

 info: precondition proved
--> mj-lu.adb:204:43

 info: loop invariant preservation proved
--> mj-lu.adb:204:43

 info: loop invariant initialization proved
--> mj-lu.adb:204:43

 info: loop invariant initialization proved
--> mj-lu.adb:205:43

 info: loop invariant preservation proved
--> mj-lu.adb:205:43

 info: precondition proved
--> mj-lu.adb:205:72

 info: index check proved
--> mj-lu.adb:205:72

 info: precondition proved
--> mj-lu.adb:205:100

 info: index check proved
--> mj-lu.adb:205:100

 info: loop invariant initialization proved
--> mj-lu.adb:206:43

 info: loop invariant preservation proved
--> mj-lu.adb:206:43

 info: overflow check proved
--> mj-lu.adb:206:58

 info: precondition proved
--> mj-lu.adb:207:15

 info: index check proved
--> mj-lu.adb:207:15

 info: range check proved
--> mj-lu.adb:207:27

 info: range check proved
--> mj-lu.adb:207:49

 info: precondition proved
--> mj-lu.adb:207:59

 info: index check proved
--> mj-lu.adb:207:59

 info: range check proved
--> mj-lu.adb:207:71

 info: range check proved
--> mj-lu.adb:207:79

 info: precondition proved
--> mj-lu.adb:207:89

 info: index check proved
--> mj-lu.adb:207:89

 info: range check proved
--> mj-lu.adb:207:101

 info: loop invariant initialization proved
--> mj-lu.adb:208:43

 info: loop invariant preservation proved
--> mj-lu.adb:208:43

 info: overflow check proved
--> mj-lu.adb:208:58

 info: precondition proved
--> mj-lu.adb:209:15

 info: index check proved
--> mj-lu.adb:209:15

 info: range check proved
--> mj-lu.adb:209:27

 info: precondition proved
--> mj-lu.adb:209:43

 info: index check proved
--> mj-lu.adb:209:43

 info: range check proved
--> mj-lu.adb:209:55

 info: loop invariant initialization proved
--> mj-lu.adb:210:43

 info: loop invariant preservation proved
--> mj-lu.adb:210:43

 info: precondition proved
--> mj-lu.adb:211:15

 info: index check proved
--> mj-lu.adb:211:15

 info: precondition proved
--> mj-lu.adb:211:43

 info: index check proved
--> mj-lu.adb:211:43

 info: loop invariant initialization proved
--> mj-lu.adb:212:43

 info: loop invariant preservation proved
--> mj-lu.adb:212:43

 info: division check proved
--> mj-lu.adb:213:17

 info: index check proved
--> mj-lu.adb:213:33

 info: index check proved
--> mj-lu.adb:213:48

 info: loop invariant preservation proved
--> mj-lu.adb:214:33

 info: loop invariant initialization proved
--> mj-lu.adb:214:33

 info: precondition proved
--> mj-lu.adb:214:63

 info: index check proved
--> mj-lu.adb:214:63

 info: float overflow check proved
--> mj-lu.adb:214:85

 info: loop invariant preservation proved
--> mj-lu.adb:215:33

 info: loop invariant initialization proved
--> mj-lu.adb:215:33

 info: overflow check proved
--> mj-lu.adb:215:47

 info: precondition proved
--> mj-lu.adb:215:67

 info: index check proved
--> mj-lu.adb:215:67

 info: range check proved
--> mj-lu.adb:215:79

 info: loop invariant initialization proved
--> mj-lu.adb:216:33

 info: loop invariant preservation proved
--> mj-lu.adb:216:33

 info: precondition proved
--> mj-lu.adb:216:65

 info: index check proved
--> mj-lu.adb:216:65

 info: overflow check proved
--> mj-lu.adb:226:17

 info: assertion proved
--> mj-lu.adb:227:35

 info: precondition proved
--> mj-lu.adb:227:38

 info: index check proved
--> mj-lu.adb:227:38

 info: range check proved
--> mj-lu.adb:227:50

 info: precondition proved
--> mj-lu.adb:227:66

 info: index check proved
--> mj-lu.adb:227:66

 info: range check proved
--> mj-lu.adb:227:78

 info: precondition proved
--> mj-lu.adb:228:24

 info: index check proved
--> mj-lu.adb:228:24

 info: range check proved
--> mj-lu.adb:228:36

 info: precondition proved
--> mj-lu.adb:228:52

 info: index check proved
--> mj-lu.adb:228:52

 info: range check proved
--> mj-lu.adb:228:64

 info: length check proved
--> mj-lu.adb:229:17

 info: precondition proved
--> mj-lu.adb:230:10

 info: range check proved
--> mj-lu.adb:230:37

 info: precondition proved
--> mj-lu.adb:231:10

 info: precondition proved
--> mj-lu.adb:233:10

 info: range check proved
--> mj-lu.adb:233:59

 info: loop invariant preservation proved
--> mj-lu.adb:234:33

 info: loop invariant initialization proved
--> mj-lu.adb:234:33

 info: loop invariant initialization proved
--> mj-lu.adb:235:43

 info: loop invariant preservation proved
--> mj-lu.adb:235:43

 info: loop invariant preservation proved
--> mj-lu.adb:236:43

 info: loop invariant initialization proved
--> mj-lu.adb:236:43

 info: precondition proved
--> mj-lu.adb:237:43

 info: loop invariant initialization proved
--> mj-lu.adb:237:43

 info: loop invariant preservation proved
--> mj-lu.adb:237:43

 info: loop invariant preservation proved
--> mj-lu.adb:238:43

 info: loop invariant initialization proved
--> mj-lu.adb:238:43

 info: precondition proved
--> mj-lu.adb:238:72

 info: index check proved
--> mj-lu.adb:238:72

 info: precondition proved
--> mj-lu.adb:238:100

 info: index check proved
--> mj-lu.adb:238:100

 info: loop invariant initialization proved
--> mj-lu.adb:239:43

 info: loop invariant preservation proved
--> mj-lu.adb:239:43

 info: overflow check proved
--> mj-lu.adb:239:58

 info: precondition proved
--> mj-lu.adb:240:15

 info: index check proved
--> mj-lu.adb:240:15

 info: range check proved
--> mj-lu.adb:240:27

 info: range check proved
--> mj-lu.adb:240:49

 info: precondition proved
--> mj-lu.adb:240:59

 info: index check proved
--> mj-lu.adb:240:59

 info: range check proved
--> mj-lu.adb:240:71

 info: range check proved
--> mj-lu.adb:240:79

 info: precondition proved
--> mj-lu.adb:240:89

 info: index check proved
--> mj-lu.adb:240:89

 info: range check proved
--> mj-lu.adb:240:101

 info: loop invariant initialization proved
--> mj-lu.adb:241:43

 info: loop invariant preservation proved
--> mj-lu.adb:241:43

 info: overflow check proved
--> mj-lu.adb:241:58

 info: precondition proved
--> mj-lu.adb:242:15

 info: index check proved
--> mj-lu.adb:242:15

 info: range check proved
--> mj-lu.adb:242:27

 info: precondition proved
--> mj-lu.adb:242:43

 info: index check proved
--> mj-lu.adb:242:43

 info: range check proved
--> mj-lu.adb:242:55

 info: loop invariant initialization proved
--> mj-lu.adb:243:43

 info: loop invariant preservation proved
--> mj-lu.adb:243:43

 info: precondition proved
--> mj-lu.adb:244:15

 info: index check proved
--> mj-lu.adb:244:15

 info: precondition proved
--> mj-lu.adb:244:43

 info: index check proved
--> mj-lu.adb:244:43

 info: loop invariant preservation proved
--> mj-lu.adb:245:43

 info: loop invariant initialization proved
--> mj-lu.adb:245:43

 info: division check proved
--> mj-lu.adb:246:17

 info: index check proved
--> mj-lu.adb:246:33

 info: index check proved
--> mj-lu.adb:246:48

 info: implicit aspect Always_Terminates on "Same_Before" has been proved, subprogram will terminate
--> mj-lu.adb:250:13

 info: division check proved
--> mj-lu.adb:251:36

 info: division check proved
--> mj-lu.adb:251:54

 info: index check proved
--> mj-lu.adb:251:76

 info: index check proved
--> mj-lu.adb:251:84

 info: precondition proved
--> mj-lu.adb:257:52

 info: precondition proved
--> mj-lu.adb:257:93

 info: precondition proved
--> mj-lu.adb:258:14

 info: postcondition proved
--> mj-lu.adb:258:14

 info: overflow check proved
--> mj-lu.adb:269:32

 info: precondition proved
--> mj-lu.adb:269:53

 info: index check proved
--> mj-lu.adb:269:53

 info: range check proved
--> mj-lu.adb:269:65

 info: precondition proved
--> mj-lu.adb:269:81

 info: index check proved
--> mj-lu.adb:269:81

 info: range check proved
--> mj-lu.adb:269:93

 info: precondition proved
--> mj-lu.adb:270:27

 info: index check proved
--> mj-lu.adb:270:27

 info: range check proved
--> mj-lu.adb:270:39

 info: precondition proved
--> mj-lu.adb:270:55

 info: index check proved
--> mj-lu.adb:270:55

 info: range check proved
--> mj-lu.adb:270:67

 info: precondition proved
--> mj-lu.adb:271:22

 info: index check proved
--> mj-lu.adb:271:22

 info: range check proved
--> mj-lu.adb:271:34

 info: range check proved
--> mj-lu.adb:271:56

 info: precondition proved
--> mj-lu.adb:271:64

 info: index check proved
--> mj-lu.adb:271:64

 info: range check proved
--> mj-lu.adb:271:76

 info: range check proved
--> mj-lu.adb:271:84

 info: precondition proved
--> mj-lu.adb:271:92

 info: index check proved
--> mj-lu.adb:271:92

 info: range check proved
--> mj-lu.adb:271:104

 info: postcondition proved
--> mj-lu.adb:272:14

 info: overflow check proved
--> mj-lu.adb:272:29

 info: precondition proved
--> mj-lu.adb:273:11

 info: index check proved
--> mj-lu.adb:273:11

 info: range check proved
--> mj-lu.adb:273:23

 info: range check proved
--> mj-lu.adb:273:45

 info: precondition proved
--> mj-lu.adb:273:55

 info: index check proved
--> mj-lu.adb:273:55

 info: range check proved
--> mj-lu.adb:273:67

 info: range check proved
--> mj-lu.adb:273:75

 info: precondition proved
--> mj-lu.adb:273:85

 info: index check proved
--> mj-lu.adb:273:85

 info: range check proved
--> mj-lu.adb:273:97

 info: overflow check proved
--> mj-lu.adb:276:17

 info: assertion proved
--> mj-lu.adb:277:25

 info: precondition proved
--> mj-lu.adb:277:28

 info: index check proved
--> mj-lu.adb:277:28

 info: range check proved
--> mj-lu.adb:277:40

 info: range check proved
--> mj-lu.adb:277:62

 info: precondition proved
--> mj-lu.adb:277:72

 info: index check proved
--> mj-lu.adb:277:72

 info: range check proved
--> mj-lu.adb:277:84

 info: range check proved
--> mj-lu.adb:277:92

 info: precondition proved
--> mj-lu.adb:277:102

 info: index check proved
--> mj-lu.adb:277:102

 info: range check proved
--> mj-lu.adb:277:114

 info: loop invariant initialization proved
--> mj-lu.adb:278:33

 info: loop invariant preservation proved
--> mj-lu.adb:278:33

 info: overflow check proved
--> mj-lu.adb:278:47

 info: precondition proved
--> mj-lu.adb:279:15

 info: index check proved
--> mj-lu.adb:279:15

 info: range check proved
--> mj-lu.adb:279:27

 info: range check proved
--> mj-lu.adb:279:49

 info: precondition proved
--> mj-lu.adb:279:59

 info: index check proved
--> mj-lu.adb:279:59

 info: range check proved
--> mj-lu.adb:279:71

 info: range check proved
--> mj-lu.adb:279:79

 info: precondition proved
--> mj-lu.adb:279:89

 info: index check proved
--> mj-lu.adb:279:89

 info: range check proved
--> mj-lu.adb:279:101

 info: range check proved
--> mj-lu.adb:285:20

 info: precondition proved
--> mj-lu.adb:285:23

 info: index check proved
--> mj-lu.adb:285:23

 info: precondition proved
--> mj-lu.adb:289:07

 info: precondition proved
--> mj-lu.adb:292:07

 info: length check proved
--> mj-lu.adb:293:14

 info: precondition proved
--> mj-lu.adb:296:10

 info: range check proved
--> mj-lu.adb:296:39

 info: range check proved
--> mj-lu.adb:296:42

 info: precondition proved
--> mj-lu.adb:298:10

 info: precondition proved
--> mj-lu.adb:300:07

 info: assertion proved
--> mj-lu.adb:301:32

 info: precondition proved
--> mj-lu.adb:301:35

 info: index check proved
--> mj-lu.adb:301:35

 info: precondition proved
--> mj-lu.adb:302:32

 info: implicit aspect Always_Terminates on "Next_Stage" has been proved, subprogram will terminate
--> mj-lu.adb:305:13

 info: postcondition proved
--> mj-lu.adb:307:14

 info: float overflow check proved
--> mj-lu.adb:307:62

 info: float overflow check proved
--> mj-lu.adb:311:42

 info: range check proved
--> mj-lu.adb:311:42

 info: postcondition proved
--> mj-lu.adb:317:14

 info: division check proved
--> mj-lu.adb:327:47

 info: index check proved
--> mj-lu.adb:327:63

 info: index check proved
--> mj-lu.adb:327:76

 info: precondition proved
--> mj-lu.adb:328:50

 info: index check proved
--> mj-lu.adb:328:50

 info: postcondition proved
--> mj-lu.adb:329:14

 info: division check proved
--> mj-lu.adb:333:14

 info: assertion proved
--> mj-lu.adb:334:28

 info: precondition proved
--> mj-lu.adb:334:32

 info: division check proved
--> mj-lu.adb:334:46

 info: loop invariant preservation proved
--> mj-lu.adb:336:33

 info: loop invariant initialization proved
--> mj-lu.adb:336:33

 info: index check proved
--> mj-lu.adb:336:69

 info: initialization of "Result" proved
--> mj-lu.adb:341:59

 info: precondition proved
--> mj-lu.adb:344:73

 info: overflow check proved
--> mj-lu.adb:344:93

 info: postcondition proved
--> mj-lu.adb:345:25

 info: precondition proved
--> mj-lu.adb:345:46

 info: overflow check proved
--> mj-lu.adb:345:66

 info: float overflow check proved
--> mj-lu.adb:347:89

 info: range check proved
--> mj-lu.adb:347:89

 info: precondition proved
--> mj-lu.adb:350:37

 info: precondition proved
--> mj-lu.adb:353:07

 info: overflow check proved
--> mj-lu.adb:355:17

 info: length check proved
--> mj-lu.adb:356:17

 info: precondition proved
--> mj-lu.adb:357:10

 info: range check proved
--> mj-lu.adb:357:34

 info: precondition proved
--> mj-lu.adb:359:10

 info: range check proved
--> mj-lu.adb:359:35

 info: loop invariant initialization proved
--> mj-lu.adb:360:33

 info: loop invariant preservation proved
--> mj-lu.adb:360:33

 info: precondition proved
--> mj-lu.adb:361:33

 info: loop invariant initialization proved
--> mj-lu.adb:361:33

 info: loop invariant preservation proved
--> mj-lu.adb:361:33

 info: overflow check proved
--> mj-lu.adb:361:53

 info: loop invariant initialization proved
--> mj-lu.adb:362:33

 info: loop invariant preservation proved
--> mj-lu.adb:362:33

 info: division check proved
--> mj-lu.adb:363:17

 info: division check proved
--> mj-lu.adb:363:33

 info: index check proved
--> mj-lu.adb:363:52

 info: loop invariant initialization proved
--> mj-lu.adb:365:13

 info: loop invariant preservation proved
--> mj-lu.adb:365:13

 info: implicit aspect Always_Terminates on "Reciprocal_Of" has been proved, subprogram will terminate
--> mj-lu.adb:369:13

 info: postcondition proved
--> mj-lu.adb:371:14

 info: division check proved
--> mj-lu.adb:371:40

 info: float overflow check proved
--> mj-lu.adb:371:40

 info: division check proved
--> mj-lu.adb:374:17

 info: float overflow check proved
--> mj-lu.adb:374:17

 info: range check proved
--> mj-lu.adb:374:17

 info: initialization of "Max_Row" proved
--> mj-lu.adb:378:28

 info: initialization of "Reciprocal" proved
--> mj-lu.adb:378:51

 info: initialization of "Result" proved
--> mj-lu.adb:378:75

 info: precondition proved
--> mj-lu.adb:381:51

 info: postcondition proved
--> mj-lu.adb:382:25

 info: precondition proved
--> mj-lu.adb:384:43

 info: overflow check proved
--> mj-lu.adb:384:63

 info: division check proved
--> mj-lu.adb:385:35

 info: float overflow check proved
--> mj-lu.adb:385:35

 info: precondition proved
--> mj-lu.adb:385:39

 info: index check proved
--> mj-lu.adb:385:39

 info: precondition proved
--> mj-lu.adb:389:18

 info: precondition proved
--> mj-lu.adb:391:17

 info: index check proved
--> mj-lu.adb:391:17

 info: precondition proved
--> mj-lu.adb:392:28

 info: precondition proved
--> mj-lu.adb:393:21

 info: range check proved
--> mj-lu.adb:393:36

 info: precondition proved
--> mj-lu.adb:393:39

 info: index check proved
--> mj-lu.adb:393:39

 info: initialization of "Max_Row" proved
--> mj-lu.adb:399:07

 info: initialization of "Reciprocal" proved
--> mj-lu.adb:400:07

 info: precondition proved
--> mj-lu.adb:401:30

 info: length check proved
--> mj-lu.adb:403:09

 info: range check proved
--> mj-lu.adb:403:12

 info: range check proved
--> mj-lu.adb:403:23

 info: precondition proved
--> mj-lu.adb:406:28

 info: precondition proved
--> mj-lu.adb:409:10

 info: index check proved
--> mj-lu.adb:411:13

 info: precondition proved
--> mj-lu.adb:412:10

 info: float overflow check proved
--> mj-lu.adb:416:58

 info: range check proved
--> mj-lu.adb:416:58

 info: loop invariant preservation proved
--> mj-lu.adb:417:33

 info: loop invariant initialization proved
--> mj-lu.adb:417:33

 info: precondition proved
--> mj-lu.adb:418:33

 info: loop invariant initialization proved
--> mj-lu.adb:418:33

 info: loop invariant preservation proved
--> mj-lu.adb:418:33

 info: overflow check proved
--> mj-lu.adb:418:53

 info: loop invariant initialization proved
--> mj-lu.adb:419:33

 info: loop invariant preservation proved
--> mj-lu.adb:419:33

 info: loop invariant initialization proved
--> mj-lu.adb:420:33

 info: loop invariant preservation proved
--> mj-lu.adb:420:33

 info: postcondition proved
--> mj-lu.adb:427:25

 info: index check proved
--> mj-lu.adb:428:45

 info: index check proved
--> mj-lu.adb:428:79

 info: index check proved
--> mj-lu.adb:432:10

 info: initialization of "Result" proved
--> mj-lu.adb:436:68

 info: precondition proved
--> mj-lu.adb:440:24

 info: index check proved
--> mj-lu.adb:440:24

 info: postcondition proved
--> mj-lu.adb:441:25

 info: initialization of "T" proved
--> mj-lu.adb:445:07

 info: overflow check proved
--> mj-lu.adb:447:60

 info: range check proved
--> mj-lu.adb:451:12

 info: index check proved
--> mj-lu.adb:451:15

 info: range check proved
--> mj-lu.adb:453:31

 info: precondition proved
--> mj-lu.adb:453:34

 info: index check proved
--> mj-lu.adb:453:34

 info: range check proved
--> mj-lu.adb:453:51

 info: index check proved
--> mj-lu.adb:453:54

 info: loop invariant initialization proved
--> mj-lu.adb:455:33

 info: loop invariant preservation proved
--> mj-lu.adb:455:33

 info: loop invariant initialization proved
--> mj-lu.adb:456:43

 info: loop invariant preservation proved
--> mj-lu.adb:456:43

 info: precondition proved
--> mj-lu.adb:459:10

 info: range check proved
--> mj-lu.adb:459:21

 info: precondition proved
--> mj-lu.adb:459:24

 info: index check proved
--> mj-lu.adb:459:24

 info: assertion proved
--> mj-lu.adb:462:32

 info: precondition proved
--> mj-lu.adb:463:07

 info: length check proved
--> mj-lu.adb:469:09

 info: precondition proved
--> mj-lu.adb:471:10

 info: range check proved
--> mj-lu.adb:471:30

 info: index check proved
--> mj-lu.adb:471:33

 info: precondition proved
--> mj-lu.adb:472:10

 info: loop invariant initialization proved
--> mj-lu.adb:474:33

 info: loop invariant preservation proved
--> mj-lu.adb:474:33

 info: loop invariant initialization proved
--> mj-lu.adb:475:43

 info: loop invariant preservation proved
--> mj-lu.adb:475:43

 info: precondition proved
--> mj-lu.adb:478:10

 info: loop invariant initialization proved
--> mj-lu.adb:480:33

 info: loop invariant preservation proved
--> mj-lu.adb:480:33

 info: loop invariant preservation proved
--> mj-lu.adb:481:43

 info: loop invariant initialization proved
--> mj-lu.adb:481:43

 info: index check proved
--> mj-lu.adb:490:53

 info: overflow check proved
--> mj-lu.adb:490:75

 info: index check proved
--> mj-lu.adb:490:75

 info: overflow check proved
--> mj-lu.adb:490:78

 info: postcondition proved
--> mj-lu.adb:491:25

 info: index check proved
--> mj-lu.adb:492:45

 info: index check proved
--> mj-lu.adb:492:82

 info: overflow check proved
--> mj-lu.adb:493:34

 info: index check proved
--> mj-lu.adb:493:50

 info: index check proved
--> mj-lu.adb:493:60

 info: index check proved
--> mj-lu.adb:493:73

 info: index check proved
--> mj-lu.adb:493:83

 info: precondition proved
--> mj-lu.adb:497:07

 info: index check proved
--> mj-lu.adb:498:10

 info: initialization of "Pivot_Index" proved
--> mj-lu.adb:504:07

 info: initialization of "Result" proved
--> mj-lu.adb:504:34

 info: index check proved
--> mj-lu.adb:509:54

 info: overflow check proved
--> mj-lu.adb:509:77

 info: index check proved
--> mj-lu.adb:509:77

 info: overflow check proved
--> mj-lu.adb:509:80

 info: index check proved
--> mj-lu.adb:509:92

 info: postcondition proved
--> mj-lu.adb:510:25

 info: index check proved
--> mj-lu.adb:512:54

 info: overflow check proved
--> mj-lu.adb:512:77

 info: index check proved
--> mj-lu.adb:512:77

 info: overflow check proved
--> mj-lu.adb:512:80

 info: index check proved
--> mj-lu.adb:512:92

 info: index check proved
--> mj-lu.adb:513:70

 info: index check proved
--> mj-lu.adb:513:90

 info: overflow check proved
--> mj-lu.adb:514:32

 info: index check proved
--> mj-lu.adb:514:48

 info: index check proved
--> mj-lu.adb:514:58

 info: index check proved
--> mj-lu.adb:514:71

 info: index check proved
--> mj-lu.adb:514:81

 info: index check proved
--> mj-lu.adb:515:67

 info: index check proved
--> mj-lu.adb:516:26

 info: index check proved
--> mj-lu.adb:517:30

 info: index check proved
--> mj-lu.adb:517:45

 info: overflow check proved
--> mj-lu.adb:517:47

 info: index check proved
--> mj-lu.adb:517:59

 info: index check proved
--> mj-lu.adb:518:82

 info: index check proved
--> mj-lu.adb:518:92

 info: index check proved
--> mj-lu.adb:524:50

 info: overflow check proved
--> mj-lu.adb:524:52

 info: index check proved
--> mj-lu.adb:524:64

 info: overflow check proved
--> mj-lu.adb:524:66

 info: index check proved
--> mj-lu.adb:527:21

 info: index check proved
--> mj-lu.adb:527:60

 info: range check proved
--> mj-lu.adb:528:22

 info: index check proved
--> mj-lu.adb:528:44

 info: index check proved
--> mj-lu.adb:528:61

 info: overflow check proved
--> mj-lu.adb:528:63

 info: index check proved
--> mj-lu.adb:529:17

 info: precondition proved
--> mj-lu.adb:530:10

 info: range check proved
--> mj-lu.adb:530:84

 info: index check proved
--> mj-lu.adb:530:87

 info: initialization of "Result" proved
--> mj-lu.adb:538:71

 info: overflow check proved
--> mj-lu.adb:543:40

 info: index check proved
--> mj-lu.adb:543:40

 info: overflow check proved
--> mj-lu.adb:543:43

 info: index check proved
--> mj-lu.adb:543:55

 info: overflow check proved
--> mj-lu.adb:544:40

 info: index check proved
--> mj-lu.adb:544:40

 info: overflow check proved
--> mj-lu.adb:544:43

 info: index check proved
--> mj-lu.adb:544:55

 info: postcondition proved
--> mj-lu.adb:545:25

 info: overflow check proved
--> mj-lu.adb:546:32

 info: index check proved
--> mj-lu.adb:546:48

 info: index check proved
--> mj-lu.adb:546:58

 info: index check proved
--> mj-lu.adb:546:71

 info: index check proved
--> mj-lu.adb:546:81

 info: index check proved
--> mj-lu.adb:550:34

 info: index check proved
--> mj-lu.adb:551:34

 info: initialization of "T" proved
--> mj-lu.adb:552:07

 info: index check proved
--> mj-lu.adb:556:29

 info: overflow check proved
--> mj-lu.adb:556:31

 info: index check proved
--> mj-lu.adb:557:30

 info: overflow check proved
--> mj-lu.adb:557:32

 info: index check proved
--> mj-lu.adb:558:21

 info: index check proved
--> mj-lu.adb:558:35

 info: range check proved
--> mj-lu.adb:559:18

 info: index check proved
--> mj-lu.adb:559:21

 info: range check proved
--> mj-lu.adb:559:47

 info: index check proved
--> mj-lu.adb:559:50

 info: precondition proved
--> mj-lu.adb:561:13

 info: range check proved
--> mj-lu.adb:561:65

 info: overflow check proved
--> mj-lu.adb:562:21

 info: overflow check proved
--> mj-lu.adb:562:33

 info: index check proved
--> mj-lu.adb:563:24

 info: index check proved
--> mj-lu.adb:563:38

 info: overflow check proved
--> mj-lu.adb:564:21

 info: loop invariant initialization proved
--> mj-lu.adb:568:33

 info: loop invariant preservation proved
--> mj-lu.adb:568:33

 info: loop invariant initialization proved
--> mj-lu.adb:569:33

 info: loop invariant preservation proved
--> mj-lu.adb:569:33

 info: index check proved
--> mj-lu.adb:569:50

 info: index check proved
--> mj-lu.adb:569:67

 info: overflow check proved
--> mj-lu.adb:569:69

 info: loop invariant initialization proved
--> mj-lu.adb:570:33

 info: loop invariant preservation proved
--> mj-lu.adb:570:33

 info: index check proved
--> mj-lu.adb:570:50

 info: index check proved
--> mj-lu.adb:570:67

 info: overflow check proved
--> mj-lu.adb:570:69

 info: loop invariant initialization proved
--> mj-lu.adb:571:43

 info: loop invariant preservation proved
--> mj-lu.adb:571:43

 info: loop invariant initialization proved
--> mj-lu.adb:572:43

 info: loop invariant preservation proved
--> mj-lu.adb:572:43

 info: overflow check proved
--> mj-lu.adb:572:58

 info: index check proved
--> mj-lu.adb:572:74

 info: index check proved
--> mj-lu.adb:572:84

 info: index check proved
--> mj-lu.adb:572:100

 info: index check proved
--> mj-lu.adb:572:110

 info: index check proved
--> mj-lu.adb:574:27

 info: overflow check proved
--> mj-lu.adb:574:29

 info: initialization of "Result" proved
--> mj-lu.adb:579:53

 info: index check proved
--> mj-lu.adb:584:24

 info: index check proved
--> mj-lu.adb:584:34

 info: index check proved
--> mj-lu.adb:585:54

 info: overflow check proved
--> mj-lu.adb:585:77

 info: index check proved
--> mj-lu.adb:585:77

 info: overflow check proved
--> mj-lu.adb:585:80

 info: index check proved
--> mj-lu.adb:585:92

 info: postcondition proved
--> mj-lu.adb:586:25

 info: index check proved
--> mj-lu.adb:587:54

 info: overflow check proved
--> mj-lu.adb:587:77

 info: index check proved
--> mj-lu.adb:587:77

 info: overflow check proved
--> mj-lu.adb:587:80

 info: index check proved
--> mj-lu.adb:587:92

 info: overflow check proved
--> mj-lu.adb:588:32

 info: index check proved
--> mj-lu.adb:588:48

 info: index check proved
--> mj-lu.adb:588:58

 info: index check proved
--> mj-lu.adb:588:71

 info: index check proved
--> mj-lu.adb:588:81

 info: index check proved
--> mj-lu.adb:589:70

 info: index check proved
--> mj-lu.adb:589:90

 info: initialization of "JI" proved
--> mj-lu.adb:593:07

 info: initialization of "T" proved
--> mj-lu.adb:594:07

 info: index check proved
--> mj-lu.adb:597:21

 info: index check proved
--> mj-lu.adb:598:27

 info: overflow check proved
--> mj-lu.adb:598:29

 info: index check proved
--> mj-lu.adb:598:41

 info: overflow check proved
--> mj-lu.adb:598:43

 info: index check proved
--> mj-lu.adb:599:21

 info: index check proved
--> mj-lu.adb:600:24

 info: index check proved
--> mj-lu.adb:600:41

 info: overflow check proved
--> mj-lu.adb:600:43

 info: range check proved
--> mj-lu.adb:601:18

 info: index check proved
--> mj-lu.adb:601:21

 info: precondition proved
--> mj-lu.adb:601:26

 info: range check proved
--> mj-lu.adb:601:37

 info: index check proved
--> mj-lu.adb:601:40

 info: index check proved
--> mj-lu.adb:601:50

 info: precondition proved
--> mj-lu.adb:603:13

 info: range check proved
--> mj-lu.adb:603:65

 info: precondition proved
--> mj-lu.adb:604:13

 info: range check proved
--> mj-lu.adb:604:73

 info: index check proved
--> mj-lu.adb:604:84

 info: range check proved
--> mj-lu.adb:604:88

 info: index check proved
--> mj-lu.adb:604:99

 info: length check proved
--> mj-lu.adb:613:17

 info: range check proved
--> mj-lu.adb:613:20

 info: range check proved
--> mj-lu.adb:613:39

 info: overflow check proved
--> mj-lu.adb:613:61

 info: index check proved
--> mj-lu.adb:613:61

 info: overflow check proved
--> mj-lu.adb:613:64

 info: index check proved
--> mj-lu.adb:613:76

 info: precondition proved
--> mj-lu.adb:616:10

 warning: "Pivot_Index" is set by "Prepare_Pivot" but not used after the call
--> mj-lu.adb:616:89
  616 |             Prepare_Pivot (A, N, Row_Start, Column, Diagonal, Remaining, I, First_Clamped, Pivot_Index, Result);
      |                                                                                            ^~~~~~~~~~~

 info: precondition proved
--> mj-lu.adb:619:13

 info: loop invariant initialization proved
--> mj-lu.adb:621:36

 info: loop invariant preservation proved
--> mj-lu.adb:621:36

 info: loop invariant initialization proved
--> mj-lu.adb:622:36

 info: loop invariant preservation proved
--> mj-lu.adb:622:36

 info: index check proved
--> mj-lu.adb:622:68

 info: index check proved
--> mj-lu.adb:622:78

 info: loop invariant initialization proved
--> mj-lu.adb:623:36

 info: loop invariant preservation proved
--> mj-lu.adb:623:36

 info: index check proved
--> mj-lu.adb:623:72

 info: index check proved
--> mj-lu.adb:623:87

 info: overflow check proved
--> mj-lu.adb:623:89

 info: index check proved
--> mj-lu.adb:623:101

 info: loop invariant initialization proved
--> mj-lu.adb:624:36

 info: loop invariant preservation proved
--> mj-lu.adb:624:36

 info: index check proved
--> mj-lu.adb:624:72

 info: overflow check proved
--> mj-lu.adb:624:95

 info: index check proved
--> mj-lu.adb:624:95

 info: overflow check proved
--> mj-lu.adb:624:98

 info: index check proved
--> mj-lu.adb:624:110

 info: loop invariant initialization proved
--> mj-lu.adb:626:33

 info: loop invariant preservation proved
--> mj-lu.adb:626:33

 info: loop invariant initialization proved
--> mj-lu.adb:627:33

 info: loop invariant preservation proved
--> mj-lu.adb:627:33

 info: loop invariant initialization proved
--> mj-lu.adb:628:33

 info: loop invariant preservation proved
--> mj-lu.adb:628:33

 info: index check proved
--> mj-lu.adb:628:65

 info: index check proved
--> mj-lu.adb:628:75

 info: loop invariant initialization proved
--> mj-lu.adb:629:36

 info: loop invariant preservation proved
--> mj-lu.adb:629:36

 info: index check proved
--> mj-lu.adb:629:72

 info: index check proved
--> mj-lu.adb:629:87

 info: overflow check proved
--> mj-lu.adb:629:89

 info: index check proved
--> mj-lu.adb:629:101

 info: loop invariant initialization proved
--> mj-lu.adb:630:33

 info: loop invariant preservation proved
--> mj-lu.adb:630:33

 info: index check proved
--> mj-lu.adb:630:69

 info: overflow check proved
--> mj-lu.adb:630:92

 info: index check proved
--> mj-lu.adb:630:92

 info: overflow check proved
--> mj-lu.adb:630:95

 info: index check proved
--> mj-lu.adb:630:107

 info: initialization of "Result" proved
--> mj-lu.adb:636:37

 info: index check proved
--> mj-lu.adb:641:24

 info: index check proved
--> mj-lu.adb:641:34

 info: postcondition proved
--> mj-lu.adb:642:25

 info: range check proved
--> mj-lu.adb:647:20

 info: index check proved
--> mj-lu.adb:647:23

 info: index check proved
--> mj-lu.adb:649:60

 info: overflow check proved
--> mj-lu.adb:649:62

 info: range check proved
--> mj-lu.adb:649:62

 info: range check proved
--> mj-lu.adb:649:70

 info: index check proved
--> mj-lu.adb:649:81

 info: overflow check proved
--> mj-lu.adb:650:61

 info: index check proved
--> mj-lu.adb:650:61

 info: overflow check proved
--> mj-lu.adb:650:64

 info: index check proved
--> mj-lu.adb:650:82

 info: overflow check proved
--> mj-lu.adb:650:84

 info: range check proved
--> mj-lu.adb:654:31

 info: index check proved
--> mj-lu.adb:654:34

 info: range check proved
--> mj-lu.adb:654:38

 info: index check proved
--> mj-lu.adb:654:41

 info: index check proved
--> mj-lu.adb:654:49

 info: loop invariant initialization proved
--> mj-lu.adb:656:33

 info: loop invariant preservation proved
--> mj-lu.adb:656:33

 info: loop invariant initialization proved
--> mj-lu.adb:657:43

 info: loop invariant preservation proved
--> mj-lu.adb:657:43

 info: precondition proved
--> mj-lu.adb:660:10

 info: range check proved
--> mj-lu.adb:660:21

 info: index check proved
--> mj-lu.adb:660:24

 info: index check proved
--> mj-lu.adb:660:34

 info: assertion proved
--> mj-lu.adb:663:32

 info: precondition proved
--> mj-lu.adb:664:07

 info: length check proved
--> mj-lu.adb:671:09

 info: precondition proved
--> mj-lu.adb:674:10

 info: loop invariant initialization proved
--> mj-lu.adb:676:33

 info: loop invariant preservation proved
--> mj-lu.adb:676:33

 info: loop invariant initialization proved
--> mj-lu.adb:677:43

 info: loop invariant preservation proved
--> mj-lu.adb:677:43

 info: precondition proved
--> mj-lu.adb:680:10

 info: loop invariant initialization proved
--> mj-lu.adb:682:33

 info: loop invariant preservation proved
--> mj-lu.adb:682:33

 info: loop invariant initialization proved
--> mj-lu.adb:683:43

 info: loop invariant preservation proved
--> mj-lu.adb:683:43

 info: implicit aspect Always_Terminates on "Cell" has been proved, subprogram will terminate
--> mj-lu.ads:7:13

 info: overflow check proved
--> mj-lu.ads:7:73

 info: overflow check proved
--> mj-lu.ads:7:75

 info: range check proved
--> mj-lu.ads:7:75

 info: data dependencies proved
--> mj-lu.ads:8:11

 info: postcondition proved
--> mj-lu.ads:9:14

 info: overflow check proved
--> mj-lu.ads:9:31

 info: overflow check proved
--> mj-lu.ads:9:33

 info: division check proved
--> mj-lu.ads:11:28

 info: division check proved
--> mj-lu.ads:11:58

 info: implicit aspect Always_Terminates on "Bounded" has been proved, subprogram will terminate
--> mj-lu.ads:14:13

 info: data dependencies proved
--> mj-lu.ads:15:42

 info: implicit aspect Always_Terminates on "Is_Zero" has been proved, subprogram will terminate
--> mj-lu.ads:16:13

 info: data dependencies proved
--> mj-lu.ads:17:39

 info: implicit aspect Always_Terminates on "Dense_Shape" has been proved, subprogram will terminate
--> mj-lu.ads:18:13

 info: data dependencies proved
--> mj-lu.ads:19:49

 info: implicit aspect Always_Terminates on "Vector_Shape" has been proved, subprogram will terminate
--> mj-lu.ads:20:13

 info: data dependencies proved
--> mj-lu.ads:21:47

 info: implicit aspect Always_Terminates on "Index_Shape" has been proved, subprogram will terminate
--> mj-lu.ads:22:13

 info: data dependencies proved
--> mj-lu.ads:23:47

 info: implicit aspect Always_Terminates on "Pivots_Valid" has been proved, subprogram will terminate
--> mj-lu.ads:24:13

 info: index check proved
--> mj-lu.ads:25:63

 info: data dependencies proved
--> mj-lu.ads:26:11

 info: implicit aspect Always_Terminates on "Prefix_Good" has been proved, subprogram will terminate
--> mj-lu.ads:27:13

 info: precondition proved
--> mj-lu.ads:28:43

 info: index check proved
--> mj-lu.ads:28:43

 info: data dependencies proved
--> mj-lu.ads:29:11

 info: implicit aspect Always_Terminates on "Stage_Bounded" has been proved, subprogram will terminate
--> mj-lu.ads:30:13

 info: data dependencies proved
--> mj-lu.ads:31:46

 info: implicit aspect Always_Terminates on "CSR_Valid" has been proved, subprogram will terminate
--> mj-lu.ads:33:13

 info: index check proved
--> mj-lu.ads:36:62

 info: index check proved
--> mj-lu.ads:37:27

 info: range check proved
--> mj-lu.ads:37:38

 info: index check proved
--> mj-lu.ads:39:20

 info: overflow check proved
--> mj-lu.ads:39:49

 info: index check proved
--> mj-lu.ads:39:49

 info: index check proved
--> mj-lu.ads:39:66

 info: overflow check proved
--> mj-lu.ads:40:30

 info: index check proved
--> mj-lu.ads:40:30

 info: range check proved
--> mj-lu.ads:40:43

 info: index check proved
--> mj-lu.ads:41:28

 info: index check proved
--> mj-lu.ads:41:45

 info: overflow check proved
--> mj-lu.ads:41:63

 info: index check proved
--> mj-lu.ads:41:63

 info: overflow check proved
--> mj-lu.ads:41:66

 info: index check proved
--> mj-lu.ads:42:26

 info: index check proved
--> mj-lu.ads:42:36

 info: index check proved
--> mj-lu.ads:43:43

 info: overflow check proved
--> mj-lu.ads:43:61

 info: index check proved
--> mj-lu.ads:43:61

 info: overflow check proved
--> mj-lu.ads:43:64

 info: index check proved
--> mj-lu.ads:44:19

 info: index check proved
--> mj-lu.ads:45:39

 info: index check proved
--> mj-lu.ads:45:55

 info: overflow check proved
--> mj-lu.ads:45:69

 info: index check proved
--> mj-lu.ads:45:69

 info: data dependencies proved
--> mj-lu.ads:46:11

 info: initialization of "Diagonal" proved
--> mj-lu.ads:48:23

 info: initialization of "Result" proved
--> mj-lu.ads:48:49

 info: data dependencies proved
--> mj-lu.ads:49:11

 info: postcondition proved
--> mj-lu.ads:50:14

 info: initialization of "Result" proved
--> mj-lu.ads:52:64

 info: data dependencies proved
--> mj-lu.ads:53:11

 info: postcondition proved
--> mj-lu.ads:54:14

 info: float overflow check proved
--> mj-lu.ads:54:32

 info: float overflow check proved
--> mj-lu.ads:54:34

 info: float overflow check proved
--> mj-lu.ads:55:53

 info: float overflow check proved
--> mj-lu.ads:55:56

 info: initialization of "Result" proved
--> mj-lu.ads:57:53

 info: data dependencies proved
--> mj-lu.ads:58:11

 info: postcondition proved
--> mj-lu.ads:59:14

 info: float overflow check proved
--> mj-lu.ads:59:32

 info: float overflow check proved
--> mj-lu.ads:60:52

 info: initialization of "Result" proved
--> mj-lu.ads:61:55

 info: data dependencies proved
--> mj-lu.ads:62:11

 info: postcondition proved
--> mj-lu.ads:63:14

 info: division check proved
--> mj-lu.ads:63:32

 info: float overflow check proved
--> mj-lu.ads:63:32

 info: division check proved
--> mj-lu.ads:64:52

 info: float overflow check proved
--> mj-lu.ads:64:52

 info: implicit aspect Always_Terminates on "Clamped" has been proved, subprogram will terminate
--> mj-lu.ads:69:13

 info: data dependencies proved
--> mj-lu.ads:70:11

 info: postcondition proved
--> mj-lu.ads:71:14

 info: data dependencies proved
--> mj-lu.ads:75:11

 info: postcondition proved
--> mj-lu.ads:76:14

 info: index check proved
--> mj-lu.ads:76:63

 info: index check proved
--> mj-lu.ads:77:28

 info: index check proved
--> mj-lu.ads:77:53

 info: index check proved
--> mj-lu.ads:77:68

 info: data dependencies proved
--> mj-lu.ads:81:11

 info: postcondition proved
--> mj-lu.ads:84:25

 info: index check proved
--> mj-lu.ads:84:74

 info: division check proved
--> mj-lu.ads:85:13

 info: division check proved
--> mj-lu.ads:85:31

 info: precondition proved
--> mj-lu.ads:85:53

 info: index check proved
--> mj-lu.ads:85:53

 info: division check proved
--> mj-lu.ads:86:16

 info: division check proved
--> mj-lu.ads:86:34

 info: precondition proved
--> mj-lu.ads:86:56

 info: index check proved
--> mj-lu.ads:86:56

 info: index check proved
--> mj-lu.ads:86:84

 info: data dependencies proved
--> mj-lu.ads:89:11

 info: postcondition proved
--> mj-lu.ads:91:25

 info: index check proved
--> mj-lu.ads:91:74

 info: division check proved
--> mj-lu.ads:92:13

 info: division check proved
--> mj-lu.ads:92:31

 info: index check proved
--> mj-lu.ads:92:60

 info: data dependencies proved
--> mj-lu.ads:96:28

 info: postcondition proved
--> mj-lu.ads:97:14

 info: overflow check proved
--> mj-lu.ads:98:24

 info: overflow check proved
--> mj-lu.ads:98:26

 info: overflow check proved
--> mj-lu.ads:98:33

 info: overflow check proved
--> mj-lu.ads:99:27

 info: overflow check proved
--> mj-lu.ads:99:29

 info: overflow check proved
--> mj-lu.ads:99:36

 info: data dependencies proved
--> mj-lu.ads:101:11

 info: postcondition proved
--> mj-lu.ads:103:14

 info: index check proved
--> mj-lu.ads:104:36

 info: division check proved
--> mj-lu.ads:105:15

 info: precondition proved
--> mj-lu.ads:105:34

 info: index check proved
--> mj-lu.ads:105:34

 info: division check proved
--> mj-lu.ads:105:48

 info: division check proved
--> mj-lu.ads:106:18

 info: precondition proved
--> mj-lu.ads:106:37

 info: index check proved
--> mj-lu.ads:106:37

 info: division check proved
--> mj-lu.ads:106:51

 info: index check proved
--> mj-lu.ads:106:71

 info: implicit aspect Always_Terminates on "Fast_Subtract" has been proved, subprogram will terminate
--> mj-lu.ads:109:13

 info: data dependencies proved
--> mj-lu.ads:111:11

 info: postcondition proved
--> mj-lu.ads:113:14

 info: float overflow check proved
--> mj-lu.ads:113:38

 info: float overflow check proved
--> mj-lu.ads:113:40

 info: float overflow check proved
--> mj-lu.ads:114:49

 info: implicit aspect Always_Terminates on "Model_Subtract" has been proved, subprogram will terminate
--> mj-lu.ads:116:13

 info: data dependencies proved
--> mj-lu.ads:117:28

 info: postcondition proved
--> mj-lu.ads:118:14

 info: float overflow check proved
--> mj-lu.ads:118:39

 info: float overflow check proved
--> mj-lu.ads:118:41

 info: implicit aspect Always_Terminates on "Magnitude" has been proved, subprogram will terminate
--> mj-lu.ads:121:13

 info: data dependencies proved
--> mj-lu.ads:122:11

 info: postcondition proved
--> mj-lu.ads:123:14

 info: implicit aspect Always_Terminates on "Find_Pivot" has been proved, subprogram will terminate
--> mj-lu.ads:125:13

 info: data dependencies proved
--> mj-lu.ads:126:11

 info: postcondition proved
--> mj-lu.ads:127:14

 info: precondition proved
--> mj-lu.ads:128:50

 info: index check proved
--> mj-lu.ads:128:50

 info: range check proved
--> mj-lu.ads:128:59

 info: precondition proved
--> mj-lu.ads:128:76

 info: index check proved
--> mj-lu.ads:128:76

 info: data dependencies proved
--> mj-lu.ads:131:11

 info: precondition proved
--> mj-lu.ads:134:24

 info: index check proved
--> mj-lu.ads:134:24

 info: precondition proved
--> mj-lu.ads:134:65

 info: index check proved
--> mj-lu.ads:134:65

 info: postcondition proved
--> mj-lu.ads:135:25

 info: precondition proved
--> mj-lu.ads:135:53

 info: index check proved
--> mj-lu.ads:135:53

 info: float overflow check proved
--> mj-lu.ads:135:75

 info: precondition proved
--> mj-lu.ads:136:20

 info: index check proved
--> mj-lu.ads:136:20

 info: range check proved
--> mj-lu.ads:136:55

 info: precondition proved
--> mj-lu.ads:136:61

 info: index check proved
--> mj-lu.ads:136:61

 info: range check proved
--> mj-lu.ads:136:82

 info: precondition proved
--> mj-lu.ads:136:88

 info: index check proved
--> mj-lu.ads:136:88

 info: precondition proved
--> mj-lu.ads:137:51

 info: index check proved
--> mj-lu.ads:137:74

 info: index check proved
--> mj-lu.ads:137:86

 info: precondition proved
--> mj-lu.ads:139:29

 info: index check proved
--> mj-lu.ads:139:29

 info: precondition proved
--> mj-lu.ads:139:54

 info: index check proved
--> mj-lu.ads:139:54

 info: precondition proved
--> mj-lu.ads:140:46

 info: index check proved
--> mj-lu.ads:140:46

 info: precondition proved
--> mj-lu.ads:140:71

 info: index check proved
--> mj-lu.ads:140:71

 info: division check proved
--> mj-lu.ads:141:47

 info: index check proved
--> mj-lu.ads:141:63

 info: index check proved
--> mj-lu.ads:141:75

 info: initialization of "Result" proved
--> mj-lu.ads:143:40

 info: data dependencies proved
--> mj-lu.ads:144:11

 info: postcondition proved
--> mj-lu.ads:147:25

 info: precondition proved
--> mj-lu.ads:149:13

 info: index check proved
--> mj-lu.ads:149:13

 info: range check proved
--> mj-lu.ads:149:48

 info: precondition proved
--> mj-lu.ads:149:54

 info: index check proved
--> mj-lu.ads:149:54

 info: range check proved
--> mj-lu.ads:149:75

 info: precondition proved
--> mj-lu.ads:149:81

 info: index check proved
--> mj-lu.ads:149:81

 info: precondition proved
--> mj-lu.ads:151:51

 info: index check proved
--> mj-lu.ads:151:74

 info: index check proved
--> mj-lu.ads:151:86

 info: precondition proved
--> mj-lu.ads:153:29

 info: index check proved
--> mj-lu.ads:153:29

 info: precondition proved
--> mj-lu.ads:153:54

 info: index check proved
--> mj-lu.ads:153:54

 info: precondition proved
--> mj-lu.ads:154:46

 info: index check proved
--> mj-lu.ads:154:46

 info: precondition proved
--> mj-lu.ads:154:71

 info: index check proved
--> mj-lu.ads:154:71

 info: division check proved
--> mj-lu.ads:155:47

 info: index check proved
--> mj-lu.ads:155:63

 info: index check proved
--> mj-lu.ads:155:75

 info: data dependencies proved
--> mj-lu.ads:160:11

 info: precondition proved
--> mj-lu.ads:163:50

 info: index check proved
--> mj-lu.ads:163:50

 info: precondition proved
--> mj-lu.ads:163:91

 info: index check proved
--> mj-lu.ads:163:91

 info: postcondition proved
--> mj-lu.ads:164:25

 info: index check proved
--> mj-lu.ads:165:45

 info: division check proved
--> mj-lu.ads:166:15

 info: division check proved
--> mj-lu.ads:166:33

 info: range check proved
--> mj-lu.ads:167:29

 info: index check proved
--> mj-lu.ads:167:35

 info: range check proved
--> mj-lu.ads:167:43

 info: precondition proved
--> mj-lu.ads:167:49

 info: index check proved
--> mj-lu.ads:167:49

 info: division check proved
--> mj-lu.ads:167:63

 info: index check proved
--> mj-lu.ads:167:84

 info: precondition proved
--> mj-lu.ads:168:50

 info: index check proved
--> mj-lu.ads:168:50

 info: float overflow check proved
--> mj-lu.ads:168:72

 info: initialization of "Result" proved
--> mj-lu.ads:170:45

 info: data dependencies proved
--> mj-lu.ads:171:11

 info: postcondition proved
--> mj-lu.ads:173:25

 info: division check proved
--> mj-lu.ads:175:15

 info: division check proved
--> mj-lu.ads:175:33

 info: index check proved
--> mj-lu.ads:175:52

 info: index check proved
--> mj-lu.ads:175:64

 info: overflow check proved
--> mj-lu.ads:177:25

 info: precondition proved
--> mj-lu.ads:177:41

 info: index check proved
--> mj-lu.ads:177:41

 info: range check proved
--> mj-lu.ads:177:53

 info: range check proved
--> mj-lu.ads:177:76

 info: precondition proved
--> mj-lu.ads:177:82

 info: index check proved
--> mj-lu.ads:177:82

 info: range check proved
--> mj-lu.ads:177:94

 info: range check proved
--> mj-lu.ads:177:103

 info: precondition proved
--> mj-lu.ads:177:109

 info: index check proved
--> mj-lu.ads:177:109

 info: range check proved
--> mj-lu.ads:177:121

 info: initialization of "Result" proved
--> mj-lu.ads:181:49

 info: data dependencies proved
--> mj-lu.ads:182:11

 info: precondition proved
--> mj-lu.ads:184:50

 info: index check proved
--> mj-lu.ads:184:50

 info: precondition proved
--> mj-lu.ads:185:26

 info: index check proved
--> mj-lu.ads:185:26

 info: postcondition proved
--> mj-lu.ads:186:25

 info: division check proved
--> mj-lu.ads:188:15

 info: division check proved
--> mj-lu.ads:188:33

 info: index check proved
--> mj-lu.ads:188:51

 info: index check proved
--> mj-lu.ads:188:63

 info: precondition proved
--> mj-lu.ads:189:46

 info: index check proved
--> mj-lu.ads:189:46

 info: precondition proved
--> mj-lu.ads:189:71

 info: index check proved
--> mj-lu.ads:189:71

 info: float overflow check proved
--> mj-lu.ads:189:86

 info: overflow check proved
--> mj-lu.ads:190:34

 info: precondition proved
--> mj-lu.ads:191:15

 info: index check proved
--> mj-lu.ads:191:15

 info: range check proved
--> mj-lu.ads:191:27

 info: range check proved
--> mj-lu.ads:191:50

 info: precondition proved
--> mj-lu.ads:191:56

 info: index check proved
--> mj-lu.ads:191:56

 info: range check proved
--> mj-lu.ads:191:68

 info: range check proved
--> mj-lu.ads:191:73

 info: precondition proved
--> mj-lu.ads:191:76

 info: index check proved
--> mj-lu.ads:191:76

 info: range check proved
--> mj-lu.ads:191:94

 info: precondition proved
--> mj-lu.ads:191:100

 info: index check proved
--> mj-lu.ads:191:100

 info: range check proved
--> mj-lu.ads:191:112

 info: precondition proved
--> mj-lu.ads:193:43

 info: index check proved
--> mj-lu.ads:193:43

 info: float overflow check proved
--> mj-lu.ads:193:66

 info: data dependencies proved
--> mj-lu.ads:196:28

 info: postcondition proved
--> mj-lu.ads:198:14

 info: overflow check proved
--> mj-lu.ads:198:27

 info: index check proved
--> mj-lu.ads:198:27

 info: index check proved
--> mj-lu.ads:198:46

 info: data dependencies proved
--> mj-lu.ads:201:28

 info: postcondition proved
--> mj-lu.ads:203:14

 info: overflow check proved
--> mj-lu.ads:203:30

 info: overflow check proved
--> mj-lu.ads:203:59

 info: index check proved
--> mj-lu.ads:203:59

 info: index check proved
--> mj-lu.ads:203:77

 info: initialization of "P" proved
--> mj-lu.ads:207:28

 info: initialization of "Result" proved
--> mj-lu.ads:207:47

 info: data dependencies proved
--> mj-lu.ads:208:11

 info: postcondition proved
--> mj-lu.ads:210:14

 info: precondition proved
--> mj-lu.ads:212:76

 info: index check proved
--> mj-lu.ads:212:76

 info: initialization of "X" proved
--> mj-lu.ads:214:43

 info: initialization of "Result" proved
--> mj-lu.ads:214:63

 info: data dependencies proved
--> mj-lu.ads:215:11

 info: precondition proved
--> mj-lu.ads:217:50

 info: index check proved
--> mj-lu.ads:217:50

 info: postcondition proved
--> mj-lu.ads:219:25

 info: initialization of "Remaining" proved
--> mj-lu.ads:226:07

 info: initialization of "First_Clamped" proved
--> mj-lu.ads:226:34

 info: initialization of "Result" proved
--> mj-lu.ads:226:63

 info: data dependencies proved
--> mj-lu.ads:227:11

 info: postcondition proved
--> mj-lu.ads:231:14

 info: index check proved
--> mj-lu.ads:234:43

 info: index check proved
--> mj-lu.ads:234:53

 info: index check proved
--> mj-lu.ads:235:32

 info: index check proved
--> mj-lu.ads:235:47

 info: overflow check proved
--> mj-lu.ads:235:49

 info: index check proved
--> mj-lu.ads:235:61

 info: initialization of "X" proved
--> mj-lu.ads:238:23

 info: initialization of "Result" proved
--> mj-lu.ads:238:43

 info: data dependencies proved
--> mj-lu.ads:239:11

 info: index check proved
--> mj-lu.ads:242:50

 info: index check proved
--> mj-lu.ads:242:60

 info: postcondition proved
--> mj-lu.ads:244:25
Success: all checks proved (1150 checks).
Summary logged in /mnt/c/Users/Chello/Desktop/Sparkling Mujoco/experimental/lu-candidate/integration-20260928/evidence/closed-contracts-20260930/obj/gnatprove/gnatprove.out
