Phase 1 of 3: generation of data representation information ...
Phase 2 of 3: generation of Global contracts ...
Phase 3 of 3: flow analysis and proof ...
Success: all checks proved (34 checks).
Summary logged in /var/tmp/sparkling-services-prepare-whole2-r16-20261003/whole/validation/obj/gnatprove/gnatprove.out
guarded: elapsed 202.5 s, peak group RSS 533 MB
 info: postcondition proved
--> mj-data-controller_dynamics.adb:7:36

 info: initialization of "Result" proved
--> mj-data-controller_dynamics.adb:11:72

 info: postcondition proved
--> mj-data-controller_dynamics.adb:13:36

 info: initialization of "Result" proved
--> mj-data-controller_dynamics.adb:17:53

 info: postcondition proved
--> mj-data-controller_dynamics.adb:19:36

 info: pointer dereference check proved
--> mj-data-controller_dynamics.adb:34:58

 info: pointer dereference check proved
--> mj-data-controller_dynamics.adb:35:58

 info: pointer dereference check proved
--> mj-data-controller_dynamics.adb:36:61

 info: pointer dereference check proved
--> mj-data-controller_dynamics.adb:37:64

 info: assertion proved
--> mj-data-controller_dynamics.adb:44:32

 info: precondition proved
--> mj-data-controller_dynamics.adb:45:07

 info: pointer dereference check proved
--> mj-data-controller_dynamics.adb:45:40

 info: pointer dereference check proved
--> mj-data-controller_dynamics.adb:45:72

 info: precondition proved
--> mj-data-controller_dynamics.adb:47:07

 info: pointer dereference check proved
--> mj-data-controller_dynamics.adb:47:40

 info: pointer dereference check proved
--> mj-data-controller_dynamics.adb:48:43

 info: assertion proved
--> mj-data-controller_dynamics.adb:49:32

 info: assertion proved
--> mj-data-controller_dynamics.adb:50:32

 info: precondition proved
--> mj-data-controller_dynamics.adb:82:18

 info: precondition proved
--> mj-data-controller_dynamics.adb:90:21

 info: precondition proved
--> mj-data-controller_dynamics.adb:91:30

 info: precondition proved
--> mj-data-controller_dynamics.adb:92:30

 info: precondition proved
--> mj-data-controller_dynamics.adb:123:20

 info: precondition proved
--> mj-data-controller_dynamics.adb:128:22

 info: precondition proved
--> mj-data-controller_dynamics.adb:129:27

 info: precondition proved
--> mj-data-controller_dynamics.adb:160:07

 info: precondition proved
--> mj-data-controller_dynamics.adb:165:10

 info: precondition proved
--> mj-data-controller_dynamics.adb:166:27

 info: precondition proved
--> mj-data-controller_dynamics.adb:167:27

 info: precondition proved
--> mj-data-controller_dynamics.adb:174:10

 info: precondition proved
--> mj-data-controller_dynamics.adb:175:27

 info: precondition proved
--> mj-data-controller_dynamics.adb:176:27

 info: initialization of "Result" proved
--> mj-data-controller_dynamics.ads:4:67

 info: postcondition proved
--> mj-data-controller_dynamics.ads:6:36
