Phase 1 of 3: generation of data representation information ...
Phase 2 of 3: generation of Global contracts ...
Phase 3 of 3: flow analysis and proof ...
 info: float overflow check proved
--> mj-elastic_coordinates.adb:3:23

 info: float overflow check proved
--> mj-elastic_coordinates.adb:6:25

 info: float overflow check proved
--> mj-elastic_coordinates.adb:6:28

 info: float overflow check proved
--> mj-elastic_coordinates.adb:8:23

 info: float overflow check proved
--> mj-elastic_coordinates.adb:8:26

 info: length check proved
--> mj-elastic_coordinates.adb:11:19

 info: index check proved
--> mj-elastic_coordinates.adb:13:23

 info: loop invariant initialization proved
--> mj-elastic_coordinates.adb:14:33

 info: loop invariant preservation proved
--> mj-elastic_coordinates.adb:14:33

 info: index check proved
--> mj-elastic_coordinates.adb:15:25

 info: index check proved
--> mj-elastic_coordinates.adb:15:40

 info: index check proved
--> mj-elastic_coordinates.adb:15:74

 info: initialization of "Q" proved
--> mj-elastic_coordinates.adb:24:07

 info: initialization of "X" proved
--> mj-elastic_coordinates.adb:24:10

 info: range check proved
--> mj-elastic_coordinates.adb:28:33

 info: range check proved
--> mj-elastic_coordinates.adb:30:27

 info: range check proved
--> mj-elastic_coordinates.adb:32:19

 info: range check proved
--> mj-elastic_coordinates.adb:32:32

 info: range check proved
--> mj-elastic_coordinates.adb:32:47

 info: implicit aspect Always_Terminates on "World" has been proved, subprogram will terminate
--> mj-elastic_coordinates.ads:16:13

 info: data dependencies proved
--> mj-elastic_coordinates.ads:17:11

 info: postcondition proved
--> mj-elastic_coordinates.ads:17:35

 info: float overflow check proved
--> mj-elastic_coordinates.ads:18:38

 info: implicit aspect Always_Terminates on "Next_Velocity" has been proved, subprogram will terminate
--> mj-elastic_coordinates.ads:19:13

 info: data dependencies proved
--> mj-elastic_coordinates.ads:21:11

 info: postcondition proved
--> mj-elastic_coordinates.ads:21:35

 info: float overflow check proved
--> mj-elastic_coordinates.ads:22:48

 info: float overflow check proved
--> mj-elastic_coordinates.ads:22:51

 info: implicit aspect Always_Terminates on "Next_Offset" has been proved, subprogram will terminate
--> mj-elastic_coordinates.ads:23:13

 info: data dependencies proved
--> mj-elastic_coordinates.ads:24:11

 info: postcondition proved
--> mj-elastic_coordinates.ads:24:35

 info: float overflow check proved
--> mj-elastic_coordinates.ads:25:44

 info: float overflow check proved
--> mj-elastic_coordinates.ads:25:47

 info: implicit aspect Always_Terminates on "Admissible" has been proved, subprogram will terminate
--> mj-elastic_coordinates.ads:26:13

 info: range check proved
--> mj-elastic_coordinates.ads:29:37

 info: range check proved
--> mj-elastic_coordinates.ads:31:09

 info: range check proved
--> mj-elastic_coordinates.ads:31:30

 info: data dependencies proved
--> mj-elastic_coordinates.ads:32:28

 info: initialization of "Coordinates" proved
--> mj-elastic_coordinates.ads:33:41

 info: data dependencies proved
--> mj-elastic_coordinates.ads:34:11

 info: postcondition proved
--> mj-elastic_coordinates.ads:36:14

 info: index check proved
--> mj-elastic_coordinates.ads:36:52

 info: index check proved
--> mj-elastic_coordinates.ads:36:67

 info: index check proved
--> mj-elastic_coordinates.ads:37:30

 info: initialization of "Accepted" proved
--> mj-elastic_coordinates.ads:41:06

 info: data dependencies proved
--> mj-elastic_coordinates.ads:42:11

 info: postcondition proved
--> mj-elastic_coordinates.ads:44:14
Success: all checks proved (47 checks).
Summary logged in /var/tmp/sparkling-elastic-contact-fix-20260930/proof-coordinates-final/whole-unit/build/validation/obj/gnatprove/gnatprove.out
guarded: elapsed 34.3 s, peak group RSS 224 MB
