Phase 1 of 3: generation of data representation information ...
Phase 2 of 3: generation of Global contracts ...
Phase 3 of 3: flow analysis and proof ...
 info: float overflow check proved
--> mj-elastic_contact_math.adb:4:41

 info: float overflow check proved
--> mj-elastic_contact_math.adb:4:44

 info: float overflow check proved
--> mj-elastic_contact_math.adb:4:49

 info: division check proved
--> mj-elastic_contact_math.adb:4:49

 info: float overflow check proved
--> mj-elastic_contact_math.adb:6:23

 info: float overflow check proved
--> mj-elastic_contact_math.adb:6:29

 info: float overflow check proved
--> mj-elastic_contact_math.adb:6:35

 info: float overflow check proved
--> mj-elastic_contact_math.adb:6:42

 info: float overflow check proved
--> mj-elastic_contact_math.adb:6:48

 info: float overflow check proved
--> mj-elastic_contact_math.adb:8:23

 info: float overflow check proved
--> mj-elastic_contact_math.adb:8:29

 info: float overflow check proved
--> mj-elastic_contact_math.adb:8:35

 info: float overflow check proved
--> mj-elastic_contact_math.adb:8:48

 info: float overflow check proved
--> mj-elastic_contact_math.adb:8:54

 info: float overflow check proved
--> mj-elastic_contact_math.adb:8:60

 info: float overflow check proved
--> mj-elastic_contact_math.adb:9:23

 info: float overflow check proved
--> mj-elastic_contact_math.adb:9:29

 info: float overflow check proved
--> mj-elastic_contact_math.adb:9:35

 info: float overflow check proved
--> mj-elastic_contact_math.adb:12:20

 info: float overflow check proved
--> mj-elastic_contact_math.adb:12:33

 info: float overflow check proved
--> mj-elastic_contact_math.adb:12:46

 info: float overflow check proved
--> mj-elastic_contact_math.adb:16:20

 info: float overflow check proved
--> mj-elastic_contact_math.adb:16:33

 info: float overflow check proved
--> mj-elastic_contact_math.adb:16:46

 info: float overflow check proved
--> mj-elastic_contact_math.adb:20:20

 info: float overflow check proved
--> mj-elastic_contact_math.adb:20:29

 info: float overflow check proved
--> mj-elastic_contact_math.adb:20:38

 info: precondition proved
--> mj-elastic_contact_math.adb:23:17

 info: float overflow check proved
--> mj-elastic_contact_math.adb:23:29

 info: float overflow check proved
--> mj-elastic_contact_math.adb:23:35

 info: float overflow check proved
--> mj-elastic_contact_math.adb:23:41

 info: float overflow check proved
--> mj-elastic_contact_math.adb:23:48

 info: float overflow check proved
--> mj-elastic_contact_math.adb:23:54

 info: float overflow check proved
--> mj-elastic_contact_math.adb:28:41

 info: float overflow check proved
--> mj-elastic_contact_math.adb:28:50

 info: float overflow check proved
--> mj-elastic_contact_math.adb:28:55

 info: division check proved
--> mj-elastic_contact_math.adb:28:55

 info: float overflow check proved
--> mj-elastic_contact_math.adb:30:26

 info: float overflow check proved
--> mj-elastic_contact_math.adb:30:35

 info: division check proved
--> mj-elastic_contact_math.adb:32:20

 info: float overflow check proved
--> mj-elastic_contact_math.adb:32:20

 info: implicit aspect Always_Terminates on "Regularizer" has been proved, subprogram will terminate
--> mj-elastic_contact_math.ads:11:13

 info: data dependencies proved
--> mj-elastic_contact_math.ads:12:11

 info: postcondition proved
--> mj-elastic_contact_math.ads:12:35

 info: float overflow check proved
--> mj-elastic_contact_math.ads:13:62

 info: float overflow check proved
--> mj-elastic_contact_math.ads:13:65

 info: float overflow check proved
--> mj-elastic_contact_math.ads:13:70

 info: division check proved
--> mj-elastic_contact_math.ads:13:70

 info: implicit aspect Always_Terminates on "Dot" has been proved, subprogram will terminate
--> mj-elastic_contact_math.ads:14:13

 info: data dependencies proved
--> mj-elastic_contact_math.ads:14:50

 info: precondition proved
--> mj-elastic_contact_math.ads:15:13

 info: precondition proved
--> mj-elastic_contact_math.ads:15:43

 info: postcondition proved
--> mj-elastic_contact_math.ads:16:14

 info: float overflow check proved
--> mj-elastic_contact_math.ads:17:27

 info: float overflow check proved
--> mj-elastic_contact_math.ads:17:34

 info: float overflow check proved
--> mj-elastic_contact_math.ads:17:41

 info: float overflow check proved
--> mj-elastic_contact_math.ads:17:49

 info: float overflow check proved
--> mj-elastic_contact_math.ads:17:56

 info: implicit aspect Always_Terminates on "Cross" has been proved, subprogram will terminate
--> mj-elastic_contact_math.ads:18:13

 info: data dependencies proved
--> mj-elastic_contact_math.ads:18:54

 info: precondition proved
--> mj-elastic_contact_math.ads:19:13

 info: precondition proved
--> mj-elastic_contact_math.ads:19:43

 info: precondition proved
--> mj-elastic_contact_math.ads:20:14

 info: postcondition proved
--> mj-elastic_contact_math.ads:20:14

 info: float overflow check proved
--> mj-elastic_contact_math.ads:21:29

 info: float overflow check proved
--> mj-elastic_contact_math.ads:21:35

 info: float overflow check proved
--> mj-elastic_contact_math.ads:21:41

 info: float overflow check proved
--> mj-elastic_contact_math.ads:22:29

 info: float overflow check proved
--> mj-elastic_contact_math.ads:22:35

 info: float overflow check proved
--> mj-elastic_contact_math.ads:22:41

 info: float overflow check proved
--> mj-elastic_contact_math.ads:23:29

 info: float overflow check proved
--> mj-elastic_contact_math.ads:23:35

 info: float overflow check proved
--> mj-elastic_contact_math.ads:23:41

 info: implicit aspect Always_Terminates on "Add" has been proved, subprogram will terminate
--> mj-elastic_contact_math.ads:24:13

 info: data dependencies proved
--> mj-elastic_contact_math.ads:24:52

 info: precondition proved
--> mj-elastic_contact_math.ads:25:13

 info: precondition proved
--> mj-elastic_contact_math.ads:25:43

 info: precondition proved
--> mj-elastic_contact_math.ads:26:14

 info: postcondition proved
--> mj-elastic_contact_math.ads:26:14

 info: float overflow check proved
--> mj-elastic_contact_math.ads:27:52

 info: implicit aspect Always_Terminates on "Sub" has been proved, subprogram will terminate
--> mj-elastic_contact_math.ads:28:13

 info: data dependencies proved
--> mj-elastic_contact_math.ads:28:52

 info: precondition proved
--> mj-elastic_contact_math.ads:29:13

 info: precondition proved
--> mj-elastic_contact_math.ads:29:43

 info: precondition proved
--> mj-elastic_contact_math.ads:30:14

 info: postcondition proved
--> mj-elastic_contact_math.ads:30:14

 info: float overflow check proved
--> mj-elastic_contact_math.ads:31:52

 info: implicit aspect Always_Terminates on "Scale" has been proved, subprogram will terminate
--> mj-elastic_contact_math.ads:32:13

 info: data dependencies proved
--> mj-elastic_contact_math.ads:32:63

 info: precondition proved
--> mj-elastic_contact_math.ads:33:13

 info: precondition proved
--> mj-elastic_contact_math.ads:34:14

 info: postcondition proved
--> mj-elastic_contact_math.ads:34:14

 info: float overflow check proved
--> mj-elastic_contact_math.ads:35:54

 info: implicit aspect Always_Terminates on "Norm" has been proved, subprogram will terminate
--> mj-elastic_contact_math.ads:36:13

 info: data dependencies proved
--> mj-elastic_contact_math.ads:36:48

 info: precondition proved
--> mj-elastic_contact_math.ads:37:13

 info: postcondition proved
--> mj-elastic_contact_math.ads:38:14

 info: precondition proved
--> mj-elastic_contact_math.ads:39:46

 info: float overflow check proved
--> mj-elastic_contact_math.ads:40:17

 info: float overflow check proved
--> mj-elastic_contact_math.ads:40:23

 info: float overflow check proved
--> mj-elastic_contact_math.ads:40:29

 info: float overflow check proved
--> mj-elastic_contact_math.ads:40:36

 info: float overflow check proved
--> mj-elastic_contact_math.ads:40:42

 info: implicit aspect Always_Terminates on "Clip" has been proved, subprogram will terminate
--> mj-elastic_contact_math.ads:41:13

 info: data dependencies proved
--> mj-elastic_contact_math.ads:41:48

 info: postcondition proved
--> mj-elastic_contact_math.ads:42:14

 info: implicit aspect Always_Terminates on "Project" has been proved, subprogram will terminate
--> mj-elastic_contact_math.ads:45:13

 info: data dependencies proved
--> mj-elastic_contact_math.ads:46:67

 info: postcondition proved
--> mj-elastic_contact_math.ads:47:14

 info: float overflow check proved
--> mj-elastic_contact_math.ads:48:49

 info: float overflow check proved
--> mj-elastic_contact_math.ads:48:58

 info: float overflow check proved
--> mj-elastic_contact_math.ads:48:63

 info: division check proved
--> mj-elastic_contact_math.ads:48:63

 info: implicit aspect Always_Terminates on "Scatter" has been proved, subprogram will terminate
--> mj-elastic_contact_math.ads:49:13

 info: data dependencies proved
--> mj-elastic_contact_math.ads:49:76

 info: postcondition proved
--> mj-elastic_contact_math.ads:50:14

 info: float overflow check proved
--> mj-elastic_contact_math.ads:51:34

 info: float overflow check proved
--> mj-elastic_contact_math.ads:51:43

 info: implicit aspect Always_Terminates on "Weighted_Inverse" has been proved, subprogram will terminate
--> mj-elastic_contact_math.ads:52:13

 info: data dependencies proved
--> mj-elastic_contact_math.ads:52:65

 info: postcondition proved
--> mj-elastic_contact_math.ads:54:14

 info: division check proved
--> mj-elastic_contact_math.ads:55:37

 info: float overflow check proved
--> mj-elastic_contact_math.ads:55:37
Success: all checks proved (123 checks).
Summary logged in /var/tmp/sparkling-elastic-contact-fix-20260930/proof-math/whole-unit/build/validation/obj/gnatprove/gnatprove.out
guarded: elapsed 189.0 s, peak group RSS 198 MB
