Phase 1 of 3: generation of data representation information ...
Phase 2 of 3: generation of Global contracts ...
Phase 3 of 3: flow analysis and proof ...
Success: all checks proved (21 checks).
Summary logged in /var/tmp/constraint-cholesky-20261002-backsolve-fast/build/validation/obj/gnatprove/gnatprove.out
guarded: elapsed 8.1 s, peak group RSS 214 MB
 info: length check proved
--> mj-constraint_solvers-cholesky.adb:196:09

 info: loop invariant initialization proved
--> mj-constraint_solvers-cholesky.adb:198:43

 info: loop invariant preservation proved
--> mj-constraint_solvers-cholesky.adb:198:43

 info: loop invariant initialization proved
--> mj-constraint_solvers-cholesky.adb:200:12

 info: loop invariant preservation proved
--> mj-constraint_solvers-cholesky.adb:200:12

 info: precondition proved
--> mj-constraint_solvers-cholesky.adb:203:13

 info: range check proved
--> mj-constraint_solvers-cholesky.adb:203:42

 info: assertion proved
--> mj-constraint_solvers-cholesky.adb:204:46

 info: loop invariant initialization proved
--> mj-constraint_solvers-cholesky.adb:212:43

 info: loop invariant preservation proved
--> mj-constraint_solvers-cholesky.adb:212:43

 info: loop invariant initialization proved
--> mj-constraint_solvers-cholesky.adb:214:12

 info: loop invariant preservation proved
--> mj-constraint_solvers-cholesky.adb:214:12

 info: precondition proved
--> mj-constraint_solvers-cholesky.adb:217:13

 info: index check proved
--> mj-constraint_solvers-cholesky.adb:217:35

 info: range check proved
--> mj-constraint_solvers-cholesky.adb:217:42

 info: assertion proved
--> mj-constraint_solvers-cholesky.adb:218:46

 info: initialization of "X" proved
--> mj-constraint_solvers-cholesky.ads:91:49

 info: initialization of "Result" proved
--> mj-constraint_solvers-cholesky.ads:92:25

 info: data dependencies proved
--> mj-constraint_solvers-cholesky.ads:93:11

 info: precondition proved
--> mj-constraint_solvers-cholesky.ads:94:65

 info: postcondition proved
--> mj-constraint_solvers-cholesky.ads:97:25
