version 3.14.1 precision 8 types 8 8 initpoints 80 budget 80 80
contacts 50
0 1 -0.0059825657389729701 0.17886914870970352 -0.04031318024972072 -0.046313180249720719 0.88881136214085554 0.32404811566287278 0.32404811566287284
0 1 -0.0075925855625593661 0.18139253620051599 -0.0070386643196824186 -0.013189208971382356 0.95725706179795533 0.19629445379557484 0.21243211868039799
0 1 -0.0094344737314086859 0.18625677039356034 -0.0027626532484818292 -0.008283315812531139 0.91340735645247917 0.30367817191288898 0.27104717132288891
0 1 -0.0078475970986161391 0.18141066844205489 0.0018003655131179294 -0.0045130124424390093 0.93603049378325109 -0.26415025988579904 -0.23253291145587987
0 1 -0.0031532252916296388 0.15715109897067303 -0.030133620822235131 -0.024371575567252217 0.79735641125409784 0.42472193303531919 -0.4287587119006771
0 1 -0.00015778043790065554 0.17056859387788129 0.019305912956841826 0.012889254448720539 0.88807383397711515 -0.32505758367186821 0.32505758367186832
0 1 -0.0089667569013261207 0.18665302989252525 0.063137320489309243 0.056854783828184312 0.97699006108508246 0.13379826706769976 0.16609769495886234
0 1 -0.0092794174953079334 0.18464899938375745 -0.0024463303280186709 -0.010306578593849086 0.98645971488099882 -0.057618851578312515 0.15354901126251169
0 1 -0.0084784810592745709 0.18477109924470975 0.025257809311341566 0.025864502045042256 0.88807383397711526 0.32505758367186838 -0.32505758367186838
0 1 -0.0024072128122190348 0.15846422519844006 -0.0069579025203053329 -0.0020425963265244835 0.80995152559307071 0.45773141654248883 0.36668852790817469
0 1 -0.0095498897564749302 0.18484725255467513 0.030890313397228867 0.024908725616443413 0.78036096969382596 0.44329062144792025 0.44105575828326748
0 1 -0.002743295302033124 0.15499501453130909 -0.028403989255425147 -0.025002441350315568 0.78076032721466238 -0.51092430394857768 -0.35967995090401522
0 1 -0.0094846892296669393 0.1846578555511002 0.011785271455159001 0.006851422707562776 0.9649029659587639 -0.12723594545079792 -0.22972435758800644
0 1 -0.0011454731150936977 0.15449577134629494 0.047573691243917492 0.051120286504995151 0.78305670402169791 0.35763156527161666 0.50884365163382794
0 1 -4.2782275117879756e-05 0.15359889953714917 -0.00032558591987868547 0.003447465579694962 0.79523074192770327 0.42877796006844388 -0.42866948579606029
0 1 -6.4259670498970238e-05 0.17030619698002381 0.038355207940529108 0.032110889917468945 0.88807383397711526 -0.3250575836718681 0.3250575836718681
0 1 -0.0099969279706238947 0.18373507278668963 0.026010467567709306 0.02132440658349943 0.90703004671015697 0.34492975656641278 0.24149525336951416
0 1 -0.0011999243668207749 0.15405062210382736 -0.019191615427805477 -0.015630683356163601 0.78092351915471714 -0.50798846870421777 -0.36346412875902362
0 1 -0.0089884450267894676 0.18383804023036635 0.041342219010023024 0.034725305041861679 0.99279873473542946 -0.11239488377206233 -0.041449516397603178
0 1 -9.9509696042958742e-05 0.15461054639092292 0.038390181558230846 0.042258418231851745 0.7881709363435716 -0.4879907031029696 -0.3750355300346449
0 1 -0.0015991468415009966 0.15663918464797047 -0.0094755424843848274 -0.0050227041444195278 0.79737356610257537 -0.42560456661678853 -0.42785061523363227
0 1 -0.0068471404137526257 0.16010055813506663 0.030567161509728002 0.030378075559401901 0.77683698605248452 -0.44797823943421261 0.44253790130825543
0 1 -0.0093299372252530228 0.1860547055660694 -0.012980476426597819 -0.020536354596469148 0.98936575401976945 -0.078801473027961658 0.12225274075257637
0 1 -0.0098620484571704109 0.18378678649848951 -0.0021331044347318176 -0.0085491955458597522 0.91621460332304161 0.26581711212347553 0.29982005196440314
0 1 -0.0075423415129847442 0.18139416417645626 -0.031590331325115538 -0.036794617276512814 0.95891756116580484 0.23886470857706354 0.15303843270309386
0 1 -0.00017541706066955012 0.1705844120621588 -0.00045829589289832543 -0.0060428024976273784 0.88807383397711537 0.32505758367186738 -0.32505758367186899
0 1 -0.0045120861655934298 0.15620964493137557 0.027609063729373984 0.033266915484778468 0.79513125094324733 0.42880020580269623 -0.42883175870846107
0 1 -0.0090696397569178001 0.18674929959280656 0.021590577063978836 0.015593217271982773 0.92199111377467458 -0.27370719240533414 -0.27389187455294184
0 1 -8.8972032984663274e-05 0.15463057937117128 0.043215079220043098 0.047059478563119456 0.78821930554358521 -0.49006477702597812 -0.37221880754049286
0 1 -0.0051257112244439112 0.1770949495443539 -0.034979189563809833 -0.04102502998943186 0.90131133763269222 0.3038781525448313 0.30870040664162962
0 1 -0.00043530867350433794 0.15383131630407976 0.0044537701865279096 0.0080080803394648285 0.78174569661092908 0.35543205807342398 0.51238824920560322
0 1 -0.0077583263980498278 0.18139385062986527 0.040468472128037461 0.033892074270838492 0.94075207545670536 -0.26748349301644753 -0.20841812178316355
0 1 -9.4197431618668072e-05 0.17047259058931943 0.021160034143318979 0.015541917019789873 0.88807383397711526 0.3250575836718681 -0.32505758367186821
0 1 -7.1087437930648809e-05 0.17046967763019671 -0.0072772167046755041 -0.013678440536198194 0.88807383397711537 -0.32505758367186771 0.32505758367186827
0 1 -0.0092006713999544278 0.18657252718505157 0.011800737074195974 0.0058744163651443838 0.91880346802672175 -0.27654841535211888 -0.28164012694980262
0 1 -0.00044779871005723101 0.15434279983708227 0.037981337641204926 0.041660437964060951 0.78478831277124295 0.36276784610422835 0.50250054126395194
0 1 -0.0023759384795469028 0.17365773531660492 0.083284272859938974 0.077258572256626634 0.92733931959478966 0.2616004904689781 0.2675947864213033
0 1 -0.0010938183748107457 0.15788018996769498 -0.037504415307310628 -0.034597609698804016 0.80028484230543517 -0.54970598177826535 -0.23951514518576525
0 1 -0.0082800103900837196 0.18804336230390251 0.020595203712532536 0.010080775122215729 0.88807383397711503 -0.32505758367186838 0.32505758367186827
0 1 -0.0001261411101125611 0.17033421872527088 0.043124173662141385 0.036911423016390589 0.88807383397711537 -0.32505758367186793 0.32505758367186793
0 1 -0.0042670524940525301 0.15972812562011041 0.0069814542269536328 0.013943297892553693 0.79970989250080093 0.44835968464144405 -0.39929648260983003
0 1 -0.00094382676093364166 0.15646034070309769 0.048369066834021396 0.052421112332497577 0.79849871936160866 -0.46312161882461361 -0.38460130181155172
0 1 -0.0035404692830019544 0.16026377775573999 0.0067599424266450193 0.0090244835342663497 0.80649931020651577 -0.55947906567067351 -0.19115971780865446
0 1 -0.00024524313940559446 0.1713343500072822 -0.011729689829276026 -0.018827881706764818 0.8880738339771157 -0.32505758367186766 0.32505758367186777
0 1 -0.0074058700792975461 0.18130239821038016 0.054473939207068993 0.049138224231857763 0.96731998817697018 -0.13877165176170866 -0.21221326334758941
0 1 -0.008841334262277652 0.18688728971878299 -0.0058235366847332855 -0.011762198363349363 0.96622950167053534 -0.17892733616552953 -0.18543343407869187
0 1 -0.010303207922442615 0.1843990732791333 0.0017607422242822493 -0.0038803508705265747 0.91359812260576556 -0.27372695895715748 -0.30068591970906666
0 1 -0.0096439094648483482 0.18425152529292793 -0.0071211869296221239 -0.01362552203146038 0.94041542631756347 -0.26146961640530453 -0.21737632263155612
0 1 -0.00011601363549529975 0.17057203259176482 0.028339481419322229 0.022799798247122707 0.88807383397711526 0.32505758367186838 -0.32505758367186816
0 1 -0.007546578157745734 0.18138046305734418 0.046064258133805026 0.039548579199835045 0.95958733457612277 0.16918668553029539 0.22487332603126861
