version 3.14.1 precision 8 types 2 8 initpoints 80 budget 80 80
contacts 50
0 1 -0.014372122062474858 0.19281286910649686 0.020241450911611187 0.014241450911611185 -0.99985070506731688 0.012218174503365367 0.012218174503365362
0 1 -0.013979591105465934 0.19135742384627794 0.015955443368659623 0.0075197980635873215 -0.99821091473910684 -0.029037100924878746 -0.052266781664781846
0 1 -0.010117383708550925 0.19484090356430284 0.036266371837587817 0.0026401768974473115 -0.98015147699319582 0.16999801501448583 -0.10199880900869147
0 1 -0.013816901060505843 0.19126965320412076 0.011798777696120848 0.014851742878140353 -0.9974979562037295 -0.068467911619322822 0.017606034416397326
0 1 -0.014063809817673509 0.19140780627174755 0.017977028200390075 0.018524047717893614 -0.99855881227970944 -0.0097724413886278519 0.052771183498590689
0 1 -0.014193681824640966 0.19289636932424606 0.016702607654992881 0.01680448172333179 -0.9990428496637308 -0.022611519139923406 0.037444675695713102
0 1 -0.013453293144812903 0.1910911716152614 0.01195439618319538 0.006405314827470877 -0.99583892597457413 -0.066533127178256338 -0.062275007038847918
0 1 -0.013430569011414838 0.19108650815366379 0.025662649250786925 0.0058043388091501297 -0.99570627619998542 0.062892091884008697 -0.067923459234729255
0 1 -0.014226573281139897 0.19288089343365744 0.01513257603417425 0.011607727372302729 -0.999181404279193 -0.038062603850034973 -0.013702537386012559
0 1 -0.011030495050631549 0.189796451412931 0.033996864757656689 0.0019863025219769171 -0.98578529285235417 0.13541518019425525 -0.099448908334661107
0 1 -0.014075365025915068 0.19295232310552854 0.020596160871100867 0.018171561222366815 -0.99857945257863778 0.015713935976178237 0.050913152562817414
0 1 -0.014049902770943243 0.1929636985955939 0.022922880896035329 0.008763288632281846 -0.99838390352562445 0.038610353634018456 -0.041699181924739939
0 1 -0.013644972440173889 0.19114821757924919 0.010684283188867782 0.012527317149683012 -0.99688077332501768 -0.078795072362366839 -0.0044788777974398139
0 1 -0.014264596685157709 0.19286497016283682 0.018712324648377528 0.015796204417770413 -0.99961660678154418 -0.0028336291694182909 0.027542875526746027
0 1 -0.0080835309146730996 0.18832156682353793 0.0022211099449440659 -0.007253107289985186 -0.97422867776529531 -0.14390149159189011 -0.17369756514503462
0 1 -0.013496238924336809 0.19111060576058952 0.013966278708897877 0.0050544645466603436 -0.99604127081064675 -0.047572293824083685 -0.075091036097707245
0 1 -0.014274456628439229 0.19153817016136929 0.020632832686971362 0.0098257732565276701 -0.99941360473493912 0.015662888422408715 -0.030448655093162594
0 1 -0.013858783801829797 0.193054151453846 0.012011694539522562 0.012671853482725407 -0.99762466523661775 -0.068808342138541603 -0.0032310004134620258
0 1 -0.0095681326444585352 0.18901714421177798 0.039043546507898826 0.002647072499398339 -0.98011018905626657 0.17632215566219289 -0.091074226489863089
0 1 -0.013408635290817171 0.19107532546061554 0.016864124655930506 0.022688330560699251 -0.99560889611537462 -0.020153300945457423 0.091415373088595139
0 1 -0.01417176020932419 0.19290699356763566 0.016367338712318762 0.016718127787832888 -0.99899387121582983 -0.025915653468673274 0.036600876744987784
0 1 -0.014185511598223982 0.19147323674989861 0.014947051284966669 0.011197629865549882 -0.99909763342963109 -0.038808155024931658 -0.017258214822851944
0 1 -0.014060423646580486 0.19295867005815828 0.020684808482203016 0.018458779482337779 -0.99841809904690815 0.016581706480424029 0.053724728996573747
0 1 -0.013606520397293924 0.19116592934670687 0.026060912127383394 0.018217642435182254 -0.9965374654158442 0.066869022968112715 0.049412688551173735
0 1 -0.011521808032733456 0.19008324202283106 0.025963402272395172 -0.0027246284042087305 -0.98764692387920461 0.063447446929861415 -0.14327587106706879
0 1 -0.0085990561837209836 0.18858933246487344 0.012604466142577452 0.037273791932000339 -0.9761266637620587 -0.055338728455680199 0.21003419108721613
0 1 -0.01186323157605168 0.19026237325552453 0.0053852757776477007 0.021587078861522037 -0.98904987452480164 -0.12482703854592631 0.078730909751686673
0 1 -0.01427026090006954 0.19149344089145348 0.021927335535435664 0.013552265934432069 -0.99959186882109952 0.028072186453514884 0.0052960489481415412
0 1 -0.014279236167582803 0.19148300589130482 0.01691673316856513 0.014457953459311383 -0.99970260278965228 -0.01997977810370169 0.013982647908094515
0 1 -0.014151625238509193 0.1914176996968944 0.021202898153799998 0.016790200216620848 -0.99912005194755049 0.021075797092170473 0.03626199902451497
0 1 -0.01432892263205772 0.19283468361099587 0.020005757279112302 0.014207304442716708 -0.99988023479091381 0.0099057733653768014 0.011890825391907318
0 1 -0.0085846581029911731 0.18848406848522944 0.014786665965970894 -0.011572164086457703 -0.9764883606387984 -0.036431641293115852 -0.21246933202145132
0 1 -0.013855366438416013 0.19127551566789067 0.025959807043578594 0.011752565648189233 -0.99773471031927163 0.066216262747076315 -0.011868208454922778
0 1 -0.014222677134375201 0.19148718362564393 0.015567237332139553 0.014914044598247024 -0.99929062262795343 -0.032892156139582636 0.018340054316340268
0 1 -0.013849757974790017 0.19128588164975274 0.020379645091007273 0.020070806513693269 -0.99764849845537706 0.013125535201060306 0.067269561135906847
0 1 -0.014288170947110587 0.19285371543925001 0.017241310600567526 0.014805876388857246 -0.99969176356650991 -0.017321399332503675 0.017786145800748131
0 1 -0.011785090492750373 0.19020610929500442 0.033754663760809982 0.01994156400275696 -0.98879533303569733 0.13507549976048908 0.063548396764030762
0 1 -0.014365697056519147 0.19281646027260296 0.017595120308017645 0.012856258625199277 -0.99990335597820745 -0.013830268376046133 -0.0014150548275280864
0 1 -0.014191310650098328 0.19145769617733818 0.022131380538462486 0.015724837876554664 -0.99920976860840782 0.029984439324767673 0.026091602402146311
0 1 -0.0076524781203888212 0.18810741510935991 0.036973390258139269 -0.0075406439648291338 -0.97262570004261328 0.15302315251786891 -0.17488042317569402
0 1 -0.014261572636990561 0.19286470419041962 0.019059959181539198 0.016613380116278477 -0.9993671846110983 0.00059015631446082358 0.035565180134667411
0 1 -0.013886329701231118 0.19132854858486317 0.025297394857425329 0.0096892337677868014 -0.99770289762537245 0.059960125960426172 -0.031523187731345624
0 1 -0.014198526865774871 0.19144231864442118 0.015209105170578238 0.013464743214763703 -0.99933098629351969 -0.036301162915144021 0.0044503263508944889
0 1 -0.0080219461360699837 0.18819260799804435 0.029973744654449463 0.036842719562161508 -0.97441240605837232 0.093974698177266572 0.20417937952208934
0 1 -0.014372115234250736 0.19281332921648703 0.018048276948071137 0.012070582119316345 -0.99991425804625211 -0.0093686302976219646 -0.0091490612720552238
0 1 -0.0083656401404215083 0.18846774895490973 0.039001515321561542 0.029056141791863669 -0.97526472263177277 0.17237215231911754 0.13837110209449888
0 1 -0.014259427229055627 0.19148296916765487 0.017402347524744104 0.010371984574548299 -0.99956517499247433 -0.015317422622554214 -0.025195981950823076
0 1 -0.01412410695200526 0.19293016308660596 0.023603873989538914 0.014236982338262457 -0.99889742867990339 0.0453380273256586 0.012181553878523323
0 1 -0.014203114927449925 0.19289335003148139 0.02187843672711455 0.010449587572563158 -0.9992824834479056 0.028348208626556185 -0.025117669912868682
0 1 -0.013961550276196428 0.19300576263252434 0.018585049620624815 0.0067080244074582216 -0.99807110108214481 -0.0040853282053422901 -0.061946648643246817
