Phase 1 of 3: generation of data representation information ...
Phase 2 of 3: generation of Global contracts ...
Phase 3 of 3: flow analysis and proof ...
mj-data-fluid_phase.adb:20:07: info: initialization of "E" proved
mj-data-fluid_phase.adb:20:27: info: initialization of "Ok" proved
mj-data-fluid_phase.adb:20:50: info: data dependencies proved
mj-data-fluid_phase.adb:22:17: info: precondition proved
mj-data-fluid_phase.adb:22:65: info: precondition proved
mj-data-fluid_phase.adb:24:14: info: postcondition proved
mj-data-fluid_phase.adb:25:66: info: division check proved
mj-data-fluid_phase.adb:25:66: info: float overflow check proved
mj-data-fluid_phase.adb:26:72: info: precondition proved
mj-data-fluid_phase.adb:32:92: info: range check proved
mj-data-fluid_phase.adb:34:33: info: precondition proved
mj-data-fluid_phase.adb:36:52: info: range check proved
mj-data-fluid_phase.adb:36:67: info: range check proved
mj-data-fluid_phase.adb:36:82: info: range check proved
mj-data-fluid_phase.adb:36:97: info: range check proved
mj-data-fluid_phase.adb:37:52: info: range check proved
mj-data-fluid_phase.adb:37:67: info: range check proved
mj-data-fluid_phase.adb:37:82: info: range check proved
mj-data-fluid_phase.adb:37:97: info: range check proved
mj-data-fluid_phase.adb:38:52: info: range check proved
mj-data-fluid_phase.adb:38:67: info: range check proved
mj-data-fluid_phase.adb:38:82: info: range check proved
mj-data-fluid_phase.adb:38:97: info: range check proved
mj-data-fluid_phase.adb:40:40: medium: float overflow check might fail [reason for check: result of floating-point addition must be bounded] [provers reached time and memory limit before completing the proof]
mj-data-fluid_phase.adb:40:52: medium: float overflow check might fail [reason for check: result of floating-point addition must be bounded] [provers reached time and memory limit before completing the proof]
mj-data-fluid_phase.adb:40:65: info: float overflow check proved
mj-data-fluid_phase.adb:40:65: info: division check proved
mj-data-fluid_phase.adb:41:35: info: precondition proved
Summary logged in /tmp/sparkling-smooth-fragments-jpkwy51o/mj-data-euler-obj/gnatprove/gnatprove.out
gnatprove: unproved check messages considered as errors
guarded: elapsed 84.2 s, peak group RSS 330 MB
