Phase 1 of 3: generation of data representation information ...
Phase 2 of 3: generation of Global contracts ...
Phase 3 of 3: flow analysis and proof ...
mj-fluid_metadata.adb:7:33: info: float overflow check proved
mj-fluid_metadata.adb:7:33: info: range check proved
mj-fluid_metadata.adb:8:41: info: range check proved
mj-fluid_metadata.adb:8:41: info: float overflow check proved
mj-fluid_metadata.adb:9:47: info: range check proved
mj-fluid_metadata.adb:10:49: info: range check proved
mj-fluid_metadata.adb:10:49: info: division check proved
mj-fluid_metadata.adb:10:49: info: float overflow check proved
mj-fluid_metadata.adb:12:52: info: precondition proved
mj-fluid_metadata.adb:12:65: info: float overflow check proved
mj-fluid_metadata.ads:8:13: info: implicit aspect Always_Terminates on "Box_Length" has been proved, subprogram will terminate
mj-fluid_metadata.ads:9:11: info: data dependencies proved
mj-fluid_metadata.ads:10:14: info: postcondition proved
mj-fluid_metadata.ads:10:72: info: precondition proved
mj-fluid_metadata.ads:11:31: info: float overflow check proved
mj-fluid_metadata.ads:11:36: info: float overflow check proved
mj-fluid_metadata.ads:11:42: info: division check proved
mj-fluid_metadata.ads:11:42: info: float overflow check proved
mj-fluid_metadata.ads:11:49: info: float overflow check proved
Success: all checks proved (19 checks).
Summary logged in /tmp/sparkling-smooth-fragments-jpkwy51o/mj-fluid_metadata-obj/gnatprove/gnatprove.out
guarded: elapsed 10.1 s, peak group RSS 158 MB
