Phase 1 of 3: generation of data representation information ...
Phase 2 of 3: generation of Global contracts ...
Phase 3 of 3: flow analysis and proof ...
 info: initialization of "Result" proved
--> mj-contact_incidence.adb:54:29

 info: data dependencies proved
--> mj-contact_incidence.adb:55:11

 info: overflow check proved
--> mj-contact_incidence.adb:57:41

 info: overflow check proved
--> mj-contact_incidence.adb:58:45

 info: index check proved
--> mj-contact_incidence.adb:65:60

 info: index check proved
--> mj-contact_incidence.adb:65:77

 info: index check proved
--> mj-contact_incidence.adb:67:50

 info: index check proved
--> mj-contact_incidence.adb:67:65

 info: precondition proved
--> mj-contact_incidence.adb:68:14

 medium: postcondition might fail, cannot prove L.Data (L.Start (Vertex)+K).Face in F'Range
--> mj-contact_incidence.adb:68:14
   68 |                 Vertex_Matches (L, F, V) = Vertex_Matches (L'Old, F, V)))
      |                 ^~~~~~~~~~~~~~~~~~~~~~~~~~~~~~~~~~~~~~~~~~~~~~~~~~~~~~
      + in inlined expression function body at mj-contact_incidence.adb:19
      + provers reached time limit before completing the proof

 info: precondition proved
--> mj-contact_incidence.adb:68:41

 info: precondition proved
--> mj-contact_incidence.adb:69:45

 info: index check proved
--> mj-contact_incidence.adb:70:30

 info: index check proved
--> mj-contact_incidence.adb:70:46

 info: initialization of "Position" proved
--> mj-contact_incidence.adb:73:07

 info: index check proved
--> mj-contact_incidence.adb:76:16

 info: range check proved
--> mj-contact_incidence.adb:76:27

 info: index check proved
--> mj-contact_incidence.adb:76:45

 info: loop invariant initialization proved
--> mj-contact_incidence.adb:78:33

 info: loop invariant preservation proved
--> mj-contact_incidence.adb:78:33

 info: loop invariant initialization proved
--> mj-contact_incidence.adb:79:33

 info: loop invariant preservation proved
--> mj-contact_incidence.adb:79:33

 info: index check proved
--> mj-contact_incidence.adb:79:42

 info: index check proved
--> mj-contact_incidence.adb:79:73

 info: overflow check proved
--> mj-contact_incidence.adb:79:87

 info: loop invariant initialization proved
--> mj-contact_incidence.adb:80:33

 info: loop invariant preservation proved
--> mj-contact_incidence.adb:80:33

 info: index check proved
--> mj-contact_incidence.adb:80:41

 info: precondition proved
--> mj-contact_incidence.adb:80:51

 info: overflow check proved
--> mj-contact_incidence.adb:80:74

 info: overflow check proved
--> mj-contact_incidence.adb:80:87

 info: loop invariant initialization proved
--> mj-contact_incidence.adb:81:33

 info: loop invariant preservation proved
--> mj-contact_incidence.adb:81:33

 info: index check proved
--> mj-contact_incidence.adb:81:73

 info: index check proved
--> mj-contact_incidence.adb:81:97

 info: loop invariant initialization proved
--> mj-contact_incidence.adb:82:33

 info: loop invariant preservation proved
--> mj-contact_incidence.adb:82:33

 info: index check proved
--> mj-contact_incidence.adb:83:20

 info: overflow check proved
--> mj-contact_incidence.adb:83:46

 info: index check proved
--> mj-contact_incidence.adb:84:29

 info: index check proved
--> mj-contact_incidence.adb:84:54

 info: index check proved
--> mj-contact_incidence.adb:84:56

 info: index check proved
--> mj-contact_incidence.adb:85:29

 info: index check proved
--> mj-contact_incidence.adb:85:67

 info: index check proved
--> mj-contact_incidence.adb:85:69

 info: overflow check proved
--> mj-contact_incidence.adb:85:84

 info: overflow check proved
--> mj-contact_incidence.adb:86:52

 info: index check proved
--> mj-contact_incidence.adb:86:52

 info: index check proved
--> mj-contact_incidence.adb:86:71

 info: overflow check proved
--> mj-contact_incidence.adb:87:52

 info: index check proved
--> mj-contact_incidence.adb:90:21

 info: range check proved
--> mj-contact_incidence.adb:90:39

 info: range check proved
--> mj-contact_incidence.adb:90:57

 info: overflow check proved
--> mj-contact_incidence.adb:90:80

 info: index check proved
--> mj-contact_incidence.adb:91:21

 info: overflow check proved
--> mj-contact_incidence.adb:91:36

 info: range check proved
--> mj-contact_incidence.adb:91:36
Summary logged in /var/tmp/sparkling-meshmesh-proof7-20261001/Append_Vertex/validation/obj/gnatprove/gnatprove.out
gnatprove: unproved check messages considered as errors
guarded: elapsed 18.1 s, peak group RSS 250 MB
