Phase 1 of 3: generation of data representation information ...
Phase 2 of 3: generation of Global contracts ...
Phase 3 of 3: flow analysis and proof ...
 info: precondition proved
--> mj-convex_assets.adb:53:37

 info: index check proved
--> mj-convex_assets.adb:53:45

 info: initialization of "Value" proved
--> mj-convex_assets.adb:55:07

 info: overflow check proved
--> mj-convex_assets.adb:57:30

 info: loop invariant initialization proved
--> mj-convex_assets.adb:58:33

 info: loop invariant preservation proved
--> mj-convex_assets.adb:58:33

 info: overflow check proved
--> mj-convex_assets.adb:58:55

 info: loop invariant initialization proved
--> mj-convex_assets.adb:59:33

 info: loop invariant preservation proved
--> mj-convex_assets.adb:59:33

 info: index check proved
--> mj-convex_assets.adb:59:45

 info: loop invariant initialization proved
--> mj-convex_assets.adb:60:33

 info: loop invariant preservation proved
--> mj-convex_assets.adb:60:33

 info: precondition proved
--> mj-convex_assets.adb:60:46

 info: index check proved
--> mj-convex_assets.adb:60:54

 info: loop invariant initialization proved
--> mj-convex_assets.adb:61:33

 info: loop invariant preservation proved
--> mj-convex_assets.adb:61:33

 info: overflow check proved
--> mj-convex_assets.adb:61:56

 info: precondition proved
--> mj-convex_assets.adb:61:62

 info: index check proved
--> mj-convex_assets.adb:61:70

 info: loop invariant initialization proved
--> mj-convex_assets.adb:62:33

 info: loop invariant preservation proved
--> mj-convex_assets.adb:62:33

 info: loop invariant initialization proved
--> mj-convex_assets.adb:63:33

 info: loop invariant preservation proved
--> mj-convex_assets.adb:63:33

 info: precondition proved
--> mj-convex_assets.adb:64:19

 info: index check proved
--> mj-convex_assets.adb:64:27

 info: range check proved
--> mj-convex_assets.adb:65:45

 info: implicit aspect Always_Terminates on "Best_Vertex" has been proved, subprogram will terminate
--> mj-convex_assets.ads:48:13

 info: data dependencies proved
--> mj-convex_assets.ads:49:11

 info: overflow check proved
--> mj-convex_assets.ads:50:79

 info: overflow check proved
--> mj-convex_assets.ads:51:41

 info: overflow check proved
--> mj-convex_assets.ads:52:47

 info: index check proved
--> mj-convex_assets.ads:52:88

 info: postcondition proved
--> mj-convex_assets.ads:53:16

 info: overflow check proved
--> mj-convex_assets.ads:53:52

 info: overflow check proved
--> mj-convex_assets.ads:54:47

 info: precondition proved
--> mj-convex_assets.ads:55:25

 info: index check proved
--> mj-convex_assets.ads:55:34

 info: precondition proved
--> mj-convex_assets.ads:55:57

 info: index check proved
--> mj-convex_assets.ads:55:77

 info: overflow check proved
--> mj-convex_assets.ads:56:51

 info: precondition proved
--> mj-convex_assets.ads:57:25

 info: index check proved
--> mj-convex_assets.ads:57:34

 info: precondition proved
--> mj-convex_assets.ads:57:57

 info: index check proved
--> mj-convex_assets.ads:57:66
Success: all checks proved (44 checks).
Summary logged in /var/tmp/sparkling-meshmesh-proof7-20261001/Best_Vertex/validation/obj/gnatprove/gnatprove.out
guarded: elapsed 74.4 s, peak group RSS 193 MB
