Phase 1 of 3: generation of data representation information ...
Phase 2 of 3: generation of Global contracts ...
Phase 3 of 3: flow analysis and proof ...
 info: initialization of "N" proved
--> mj-convex_assets.adb:30:07

 info: initialization of "First_Edge" proved
--> mj-convex_assets.adb:30:10

 info: initialization of "Last" proved
--> mj-convex_assets.adb:30:22

 info: range check proved
--> mj-convex_assets.adb:33:12

 info: index check proved
--> mj-convex_assets.adb:33:16

 info: overflow check proved
--> mj-convex_assets.adb:35:34

 info: overflow check proved
--> mj-convex_assets.adb:35:36

 info: overflow check proved
--> mj-convex_assets.adb:35:38

 info: overflow check proved
--> mj-convex_assets.adb:35:63

 info: range check proved
--> mj-convex_assets.adb:35:63

 info: loop invariant preservation proved
--> mj-convex_assets.adb:37:33

 info: loop invariant initialization proved
--> mj-convex_assets.adb:37:33

 info: index check proved
--> mj-convex_assets.adb:37:37

 info: loop invariant preservation proved
--> mj-convex_assets.adb:38:33

 info: loop invariant initialization proved
--> mj-convex_assets.adb:38:33

 info: overflow check proved
--> mj-convex_assets.adb:39:28

 info: overflow check proved
--> mj-convex_assets.adb:39:30

 info: overflow check proved
--> mj-convex_assets.adb:39:32

 info: index check proved
--> mj-convex_assets.adb:39:32

 info: overflow check proved
--> mj-convex_assets.adb:39:65

 info: overflow check proved
--> mj-convex_assets.adb:39:67

 info: overflow check proved
--> mj-convex_assets.adb:39:69

 info: index check proved
--> mj-convex_assets.adb:39:69

 info: overflow check proved
--> mj-convex_assets.adb:40:37

 info: overflow check proved
--> mj-convex_assets.adb:40:39

 info: overflow check proved
--> mj-convex_assets.adb:40:41

 info: index check proved
--> mj-convex_assets.adb:40:41

 info: loop invariant initialization proved
--> mj-convex_assets.adb:41:33

 info: loop invariant preservation proved
--> mj-convex_assets.adb:41:33

 info: overflow check proved
--> mj-convex_assets.adb:42:36

 info: index check proved
--> mj-convex_assets.adb:42:62

 info: index check proved
--> mj-convex_assets.adb:43:21

 info: precondition proved
--> mj-convex_assets.adb:43:26

 info: range check proved
--> mj-convex_assets.adb:43:45

 info: index check proved
--> mj-convex_assets.adb:43:58

 info: range check proved
--> mj-convex_assets.adb:43:63

 info: overflow check proved
--> mj-convex_assets.adb:43:89

 info: overflow check proved
--> mj-convex_assets.adb:43:91

 info: overflow check proved
--> mj-convex_assets.adb:43:93

 info: index check proved
--> mj-convex_assets.adb:43:93

 info: index check proved
--> mj-convex_assets.adb:43:108

 info: index check proved
--> mj-convex_assets.adb:44:21

 info: index check proved
--> mj-convex_assets.adb:44:40

 info: index check proved
--> mj-convex_assets.adb:45:16

 info: index check proved
--> mj-convex_assets.adb:46:16

 info: precondition proved
--> mj-convex_assets.adb:46:22

 info: range check proved
--> mj-convex_assets.adb:46:40

 info: index check proved
--> mj-convex_assets.adb:46:43

 info: range check proved
--> mj-convex_assets.adb:46:47

 info: overflow check proved
--> mj-convex_assets.adb:46:63

 info: overflow check proved
--> mj-convex_assets.adb:46:65

 info: overflow check proved
--> mj-convex_assets.adb:46:67

 info: index check proved
--> mj-convex_assets.adb:46:67

 info: index check proved
--> mj-convex_assets.adb:46:71

 info: data dependencies proved
--> mj-convex_assets.ads:36:11

 info: postcondition proved
--> mj-convex_assets.ads:38:16

 info: index check proved
--> mj-convex_assets.ads:42:25

 info: overflow check proved
--> mj-convex_assets.ads:44:36

 info: overflow check proved
--> mj-convex_assets.ads:44:38

 info: overflow check proved
--> mj-convex_assets.ads:44:40

 info: index check proved
--> mj-convex_assets.ads:44:49

 info: overflow check proved
--> mj-convex_assets.ads:44:79

 info: index check proved
--> mj-convex_assets.ads:45:33

 info: index check proved
--> mj-convex_assets.ads:45:52

 info: overflow check proved
--> mj-convex_assets.ads:45:65

 info: index check proved
--> mj-convex_assets.ads:46:23

 info: precondition proved
--> mj-convex_assets.ads:46:28

 info: range check proved
--> mj-convex_assets.ads:46:47

 info: index check proved
--> mj-convex_assets.ads:46:53

 info: range check proved
--> mj-convex_assets.ads:46:58

 info: overflow check proved
--> mj-convex_assets.ads:46:77

 info: overflow check proved
--> mj-convex_assets.ads:46:79

 info: index check proved
--> mj-convex_assets.ads:46:88

 info: overflow check proved
--> mj-convex_assets.ads:46:101

 info: index check proved
--> mj-convex_assets.ads:46:101

 info: index check proved
--> mj-convex_assets.ads:46:109

 info: index check proved
--> mj-convex_assets.ads:47:23

 info: index check proved
--> mj-convex_assets.ads:47:35
Success: all checks proved (78 checks).
Summary logged in /var/tmp/sparkling-meshmesh-proof7-20261001/Compile_Graph/validation/obj/gnatprove/gnatprove.out
guarded: elapsed 15.5 s, peak group RSS 281 MB
