=========================
Summary of SPARK analysis
=========================

---------------------------------------------------------------------------------------------------------
SPARK Analysis results        Total      Flow                              Provers   Justified   Unproved
---------------------------------------------------------------------------------------------------------
Data Dependencies                 .         .                                    .           .          .
Flow Dependencies                 .         .                                    .           .          .
Initialization                    .         .                                    .           .          .
Non-Aliasing                      .         .                                    .           .          .
Run-time Checks                   9         .    9 (CVC5 56%, Trivial 22%, Z3 22%)           .          .
Assertions                        .         .                                    .           .          .
Functional Contracts              1         .                             1 (CVC5)           .          .
LSP Verification                  .         .                                    .           .          .
Termination                       1         1                                    .           .          .
Concurrency                       .         .                                    .           .          .
---------------------------------------------------------------------------------------------------------
Total                            11    1 (9%)                             10 (91%)           .          .


max steps used for successful proof: 10503

============================
Most difficult proved checks
============================

No check found with max time greater than 1 second

========================
Detailed analysis report
========================

Analyzed 1 unit
in unit mj-tendon_geometry, 1 subprograms and packages out of 1 analyzed
  MJ.Tendon_Geometry.Determinant at mj-tendon_geometry.adb:54 flow analyzed (0 errors, 0 checks, 0 warnings and 0 pragma Assume statements) and proved (10 checks)
