Phase 1 of 3: generation of data representation information ...
Phase 2 of 3: generation of Global contracts ...
Phase 3 of 3: flow analysis and proof ...
Summary logged in /var/tmp/sparkling-services-copy-prefix-min-r16-20261003/Copy_Prefix/validation/obj/gnatprove/gnatprove.out
guarded: elapsed 23.1 s, peak group RSS 159 MB
 info: range check proved
--> mj-controller_array_kernels.adb:4:07

 info: index check proved
--> mj-controller_array_kernels.adb:4:15

 info: index check proved
--> mj-controller_array_kernels.adb:4:35

 info: length check proved
--> mj-controller_array_kernels.adb:4:39

 info: range check proved
--> mj-controller_array_kernels.adb:4:42

 info: length check proved
--> mj-controller_array_kernels.adb:4:42

 info: data dependencies proved
--> mj-controller_array_kernels.ads:5:11

 medium: range check might fail, cannot prove upper bound for Target'Length
--> mj-controller_array_kernels.ads:7:34
    7 |             and then Count <= Target'Length and then Count <= Source'Length,
      |                               ~~~~~~^~~~~~~
      + provers reached time limit before completing the proof

 medium: range check might fail, cannot prove upper bound for Source'Length
--> mj-controller_array_kernels.ads:7:66
    7 |             and then Count <= Target'Length and then Count <= Source'Length,
      |                                                               ~~~~~~^~~~~~~
      + provers reached time limit before completing the proof

 info: postcondition proved
--> mj-controller_array_kernels.ads:8:16

 info: index check proved
--> mj-controller_array_kernels.ads:9:18

 info: index check proved
--> mj-controller_array_kernels.ads:9:50

 info: index check proved
--> mj-controller_array_kernels.ads:9:70
gnatprove: unproved check messages considered as errors
