Phase 1 of 3: generation of data representation information ...
Phase 2 of 3: generation of Global contracts ...
Phase 3 of 3: flow analysis and proof ...
 info: loop invariant initialization proved
--> mj-face_selection.adb:7:33

 info: loop invariant preservation proved
--> mj-face_selection.adb:7:33

 info: overflow check proved
--> mj-face_selection.adb:7:69

 info: loop invariant preservation proved
--> mj-face_selection.adb:8:33

 info: loop invariant initialization proved
--> mj-face_selection.adb:8:33

 info: index check proved
--> mj-face_selection.adb:8:82

 info: loop invariant initialization proved
--> mj-face_selection.adb:9:33

 info: loop invariant preservation proved
--> mj-face_selection.adb:9:33

 info: overflow check proved
--> mj-face_selection.adb:9:58

 info: index check proved
--> mj-face_selection.adb:9:67

 info: loop invariant initialization proved
--> mj-face_selection.adb:10:33

 info: loop invariant preservation proved
--> mj-face_selection.adb:10:33

 info: overflow check proved
--> mj-face_selection.adb:10:78

 info: index check proved
--> mj-face_selection.adb:10:87

 info: implicit aspect Always_Terminates on "Earliest_Minimum" has been proved, subprogram will terminate
--> mj-face_selection.ads:5:13

 info: data dependencies proved
--> mj-face_selection.ads:6:11

 info: postcondition proved
--> mj-face_selection.ads:7:16

 info: index check proved
--> mj-face_selection.ads:10:40

 info: index check proved
--> mj-face_selection.ads:11:64

 info: overflow check proved
--> mj-face_selection.ads:12:69

 info: index check proved
--> mj-face_selection.ads:13:17

 info: index check proved
--> mj-face_selection.ads:13:41
Success: all checks proved (22 checks).
Summary logged in /var/tmp/sparkling-meshmesh-proof6-20261001/Earliest_Minimum/validation/obj/gnatprove/gnatprove.out
guarded: elapsed 5.3 s, peak group RSS 165 MB
