Phase 1 of 3: generation of data representation information ...
Phase 2 of 3: generation of Global contracts ...
Phase 3 of 3: flow analysis and proof ...
Success: all checks proved (9 checks).
Summary logged in /var/tmp/sparkling-services-expmap-min6-20261003/Expmap_Term/validation/obj/gnatprove/gnatprove.out
guarded: elapsed 8.1 s, peak group RSS 140 MB
 info: division check proved
--> mj-actuator_geometry.adb:6:42

 info: float overflow check proved
--> mj-actuator_geometry.adb:6:42

 info: range check proved
--> mj-actuator_geometry.adb:6:42

 info: float overflow check proved
--> mj-actuator_geometry.adb:8:18

 info: implicit aspect Always_Terminates on "Expmap_Term" has been proved, subprogram will terminate
--> mj-actuator_geometry.ads:5:13

 info: postcondition proved
--> mj-actuator_geometry.ads:8:14

 info: division check proved
--> mj-actuator_geometry.ads:9:40

 info: float overflow check proved
--> mj-actuator_geometry.ads:9:40

 info: float overflow check proved
--> mj-actuator_geometry.ads:9:43
