Phase 1 of 3: generation of data representation information ...
Phase 2 of 3: generation of Global contracts ...
Phase 3 of 3: flow analysis and proof ...
Success: all checks proved (7 checks).
Summary logged in /var/tmp/sparkling-services-expmap-min6-20261003/Model_Expmap/validation/obj/gnatprove/gnatprove.out
guarded: elapsed 5.8 s, peak group RSS 152 MB
 info: implicit aspect Always_Terminates on "Expmap" has been proved, subprogram will terminate
--> mj-actuator_geometry.ads:18:16

 info: precondition proved
--> mj-actuator_geometry.ads:19:39

 info: float overflow check proved
--> mj-actuator_geometry.ads:21:38

 info: precondition proved
--> mj-actuator_geometry.ads:22:13

 info: precondition proved
--> mj-actuator_geometry.ads:23:13

 info: precondition proved
--> mj-actuator_geometry.ads:24:13

 info: postcondition proved
--> mj-actuator_geometry.ads:25:49
