Phase 1 of 3: generation of data representation information ...
Phase 2 of 3: generation of Global contracts ...
Phase 3 of 3: flow analysis and proof ...
Success: all checks proved (14 checks).
Summary logged in /var/tmp/sparkling-actuators-20260930/final-small-unfold_tail/build/validation/obj/gnatprove/gnatprove.out
guarded: elapsed 5.2 s, peak group RSS 211 MB
 info: range check proved
--> mj-transmissions.ads:120:69

 info: range check proved
--> mj-transmissions.ads:122:46

 info: float overflow check proved
--> mj-transmissions.ads:122:52

 info: precondition proved
--> mj-transmissions.ads:123:14

 info: postcondition proved
--> mj-transmissions.ads:123:14

 info: range check proved
--> mj-transmissions.ads:123:42

 info: precondition proved
--> mj-transmissions.ads:123:46

 info: precondition proved
--> mj-transmissions.ads:123:51

 info: precondition proved
--> mj-transmissions.ads:124:08

 info: index check proved
--> mj-transmissions.ads:124:36

 info: index check proved
--> mj-transmissions.ads:124:44

 info: index check proved
--> mj-transmissions.ads:124:55

 info: range check proved
--> mj-transmissions.ads:124:66
