Phase 1 of 3: generation of data representation information ...
Phase 2 of 3: generation of Global contracts ...
Phase 3 of 3: flow analysis and proof ...
mj-data-fluid_phase.adb:48:07: info: initialization of "E" proved
mj-data-fluid_phase.adb:48:27: info: initialization of "Ok" proved
mj-data-fluid_phase.adb:48:50: info: data dependencies proved
mj-data-fluid_phase.adb:52:66: medium: divide by zero might fail [possible fix: add precondition (Mass /= 0) to subprogram at line 46] [provers reached time limit before completing the proof]
mj-data-fluid_phase.adb:52:66: info: float overflow check proved
mj-data-fluid_phase.adb:53:17: medium: postcondition might fail, cannot prove E.Position = Read_Vector (M.Geoms.Geom_Pos.all, 3*G) [provers reached time limit before completing the proof]
mj-data-fluid_phase.adb:53:30: medium: precondition might fail, cannot prove Offset >= A'First [provers reached time limit before completing the proof]
mj-data-fluid_phase.adb:53:60: medium: pointer dereference check might fail [provers reached time limit before completing the proof]
mj-data-fluid_phase.adb:53:66: info: overflow check proved
mj-data-fluid_phase.adb:54:51: medium: pointer dereference check might fail [provers reached time limit before completing the proof]
mj-data-fluid_phase.adb:54:66: info: overflow check proved
mj-data-fluid_phase.adb:54:66: info: index check proved
mj-data-fluid_phase.adb:55:45: medium: pointer dereference check might fail [provers reached time limit before completing the proof]
mj-data-fluid_phase.adb:55:60: info: overflow check proved
mj-data-fluid_phase.adb:55:62: info: overflow check proved
mj-data-fluid_phase.adb:55:62: info: index check proved
mj-data-fluid_phase.adb:56:47: medium: pointer dereference check might fail [provers reached time limit before completing the proof]
mj-data-fluid_phase.adb:56:62: info: overflow check proved
mj-data-fluid_phase.adb:56:64: info: overflow check proved
mj-data-fluid_phase.adb:56:64: info: index check proved
mj-data-fluid_phase.adb:57:47: medium: pointer dereference check might fail [provers reached time limit before completing the proof]
mj-data-fluid_phase.adb:57:62: info: overflow check proved
mj-data-fluid_phase.adb:57:64: info: overflow check proved
mj-data-fluid_phase.adb:57:64: info: index check proved
mj-data-fluid_phase.adb:58:45: medium: pointer dereference check might fail [provers reached time limit before completing the proof]
mj-data-fluid_phase.adb:58:60: info: overflow check proved
mj-data-fluid_phase.adb:58:62: info: overflow check proved
mj-data-fluid_phase.adb:58:62: info: index check proved
mj-data-fluid_phase.adb:59:46: medium: pointer dereference check might fail [provers reached time limit before completing the proof]
mj-data-fluid_phase.adb:59:61: info: overflow check proved
mj-data-fluid_phase.adb:59:63: info: overflow check proved
mj-data-fluid_phase.adb:59:63: info: index check proved
mj-data-fluid_phase.adb:64:33: info: overflow check proved
mj-data-fluid_phase.adb:64:33: info: range check proved
mj-data-fluid_phase.adb:65:07: info: initialization of "Q" proved
mj-data-fluid_phase.adb:66:07: info: initialization of "Normal" proved
mj-data-fluid_phase.adb:69:97: info: range check proved
mj-data-fluid_phase.adb:70:39: medium: precondition might fail, cannot prove Offset >= A'First [provers reached time limit before completing the proof]
mj-data-fluid_phase.adb:70:68: medium: pointer dereference check might fail [provers reached time limit before completing the proof]
mj-data-fluid_phase.adb:70:73: info: overflow check proved
mj-data-fluid_phase.adb:71:32: info: precondition proved
mj-data-fluid_phase.adb:72:30: medium: precondition might fail, cannot prove Offset >= A'First [provers reached time limit before completing the proof]
mj-data-fluid_phase.adb:72:64: medium: pointer dereference check might fail [provers reached time limit before completing the proof]
mj-data-fluid_phase.adb:72:69: info: overflow check proved
mj-data-fluid_phase.adb:74:39: info: precondition proved
mj-data-fluid_phase.adb:76:38: medium: pointer dereference check might fail [provers reached time limit before completing the proof]
mj-data-fluid_phase.adb:76:51: info: overflow check proved
mj-data-fluid_phase.adb:76:51: medium: array index check might fail [reason for check: result of addition must be a valid index into the array] [provers reached time limit before completing the proof]
mj-data-fluid_phase.adb:77:74: medium: loop invariant might fail in first iteration, cannot prove M.Geoms.Geom_Fluid (A+L) in Nonneg_Tier0 [provers reached time limit before completing the proof]
mj-data-fluid_phase.adb:77:74: medium: loop invariant might not be preserved by an arbitrary iteration, cannot prove M.Geoms.Geom_Fluid (A+L) in Nonneg_Tier0 [provers reached time limit before completing the proof]
mj-data-fluid_phase.adb:77:81: medium: pointer dereference check might fail [provers reached time limit before completing the proof]
mj-data-fluid_phase.adb:77:95: info: overflow check proved
mj-data-fluid_phase.adb:77:95: info: index check proved
mj-data-fluid_phase.adb:79:49: medium: pointer dereference check might fail [provers reached time limit before completing the proof]
mj-data-fluid_phase.adb:79:49: info: range check proved
mj-data-fluid_phase.adb:79:61: info: index check proved
mj-data-fluid_phase.adb:80:43: medium: pointer dereference check might fail [provers reached time limit before completing the proof]
mj-data-fluid_phase.adb:80:43: medium: range check might fail [reason for check: value must fit in the target type of the assignment] [provers reached time limit before completing the proof]
mj-data-fluid_phase.adb:80:56: info: overflow check proved
mj-data-fluid_phase.adb:80:56: medium: array index check might fail [reason for check: result of addition must be a valid index into the array] [provers reached time limit before completing the proof]
mj-data-fluid_phase.adb:81:45: medium: pointer dereference check might fail [provers reached time limit before completing the proof]
mj-data-fluid_phase.adb:81:45: medium: range check might fail [reason for check: value must fit in the target type of the assignment] [provers reached time limit before completing the proof]
mj-data-fluid_phase.adb:81:58: info: overflow check proved
mj-data-fluid_phase.adb:81:58: medium: array index check might fail [reason for check: result of addition must be a valid index into the array] [provers reached time limit before completing the proof]
mj-data-fluid_phase.adb:82:45: medium: pointer dereference check might fail [provers reached time limit before completing the proof]
mj-data-fluid_phase.adb:82:45: medium: range check might fail [reason for check: value must fit in the target type of the assignment] [provers reached time limit before completing the proof]
mj-data-fluid_phase.adb:82:58: info: overflow check proved
mj-data-fluid_phase.adb:82:58: medium: array index check might fail [reason for check: result of addition must be a valid index into the array] [provers reached time limit before completing the proof]
mj-data-fluid_phase.adb:83:43: medium: pointer dereference check might fail [provers reached time limit before completing the proof]
mj-data-fluid_phase.adb:83:43: medium: range check might fail [reason for check: value must fit in the target type of the assignment] [provers reached time limit before completing the proof]
mj-data-fluid_phase.adb:83:56: info: overflow check proved
mj-data-fluid_phase.adb:83:56: medium: array index check might fail [reason for check: result of addition must be a valid index into the array] [provers reached time limit before completing the proof]
mj-data-fluid_phase.adb:84:44: medium: pointer dereference check might fail [provers reached time limit before completing the proof]
mj-data-fluid_phase.adb:84:44: medium: range check might fail [reason for check: value must fit in the target type of the assignment] [provers reached time limit before completing the proof]
mj-data-fluid_phase.adb:84:57: info: overflow check proved
mj-data-fluid_phase.adb:84:57: medium: array index check might fail [reason for check: result of addition must be a valid index into the array] [provers reached time limit before completing the proof]
mj-data-fluid_phase.adb:85:43: medium: precondition might fail, cannot prove Int64 (Offset) + 2 <= Int64 (A'Last) [provers reached time limit before completing the proof]
mj-data-fluid_phase.adb:85:74: medium: pointer dereference check might fail [provers reached time limit before completing the proof]
mj-data-fluid_phase.adb:85:79: info: overflow check proved
mj-data-fluid_phase.adb:86:46: medium: precondition might fail, cannot prove Int64 (Offset) + 2 <= Int64 (A'Last) [provers reached time limit before completing the proof]
mj-data-fluid_phase.adb:86:77: medium: pointer dereference check might fail [provers reached time limit before completing the proof]
mj-data-fluid_phase.adb:86:82: medium: overflow check might fail, cannot prove upper bound for A+9 [reason for check: result of addition must fit in a 32-bits machine integer] [provers reached time limit before completing the proof]
mj-data-fluid_phase.adb:87:35: medium: precondition might fail, cannot prove Offset >= A'First [provers reached time limit before completing the proof]
mj-data-fluid_phase.adb:87:65: medium: pointer dereference check might fail [provers reached time limit before completing the proof]
mj-data-fluid_phase.adb:87:70: info: overflow check proved
mj-data-fluid_phase.adb:88:32: info: precondition proved
mj-data-fluid_phase.adb:89:37: medium: pointer dereference check might fail [provers reached time limit before completing the proof]
mj-data-fluid_phase.adb:89:48: medium: array index check might fail [reason for check: value must be a valid index into the array] [possible fix: add precondition (G in Natural) to subprogram at line 46] [provers reached time limit before completing the proof]
mj-data-fluid_phase.adb:91:78: medium: float overflow check might fail [reason for check: result of floating-point addition must be bounded] [provers reached time limit before completing the proof]
mj-data-fluid_phase.adb:96:39: info: precondition proved
mj-data-fluid_phase.adb:97:39: info: precondition proved
mj-data-fluid_phase.adb:98:47: info: precondition proved
Summary logged in /tmp/sparkling-smooth-fragments-49debiw5/mj-data-euler-obj/gnatprove/gnatprove.out
gnatprove: unproved check messages considered as errors
guarded: elapsed 56.0 s, peak group RSS 559 MB
