Phase 1 of 3: generation of data representation information ...
Phase 2 of 3: generation of Global contracts ...
Phase 3 of 3: flow analysis and proof ...
Success: all checks proved (9 checks).
Summary logged in /var/tmp/sparkling-services-publish-acceleration-min-r19-20261003/Publish_Acceleration/validation/obj/gnatprove/gnatprove.out
guarded: elapsed 3.0 s, peak group RSS 143 MB
 info: precondition proved
--> mj-controller_array_kernels.adb:9:07

 info: initialization of "Valid" proved
--> mj-controller_array_kernels.ads:18:35

 info: data dependencies proved
--> mj-controller_array_kernels.ads:19:11

 info: range check proved
--> mj-controller_array_kernels.ads:21:49

 info: range check proved
--> mj-controller_array_kernels.ads:22:49

 info: postcondition proved
--> mj-controller_array_kernels.ads:23:16

 info: index check proved
--> mj-controller_array_kernels.ads:24:18

 info: index check proved
--> mj-controller_array_kernels.ads:24:50

 info: index check proved
--> mj-controller_array_kernels.ads:24:70
