Phase 1 of 3: generation of data representation information ...
Phase 2 of 3: generation of Global contracts ...
Phase 3 of 3: flow analysis and proof ...
Summary logged in /var/tmp/sparkling-constraint-assembly-20261001/whole-parenthesized/build/validation/obj/gnatprove/gnatprove.out
guarded: elapsed 220.4 s, peak group RSS 378 MB
 info: data dependencies proved
--> mj-constraint_assembly.adb:22:06

 info: overflow check proved
--> mj-constraint_assembly.adb:25:24

 info: range check proved
--> mj-constraint_assembly.adb:25:31

 info: postcondition proved
--> mj-constraint_assembly.adb:28:25

 info: index check proved
--> mj-constraint_assembly.adb:31:40

 info: range check proved
--> mj-constraint_assembly.adb:31:62

 info: overflow check proved
--> mj-constraint_assembly.adb:33:27

 info: index check proved
--> mj-constraint_assembly.adb:33:27

 info: index check proved
--> mj-constraint_assembly.adb:33:37

 info: index check proved
--> mj-constraint_assembly.adb:33:45

 info: overflow check proved
--> mj-constraint_assembly.adb:33:75

 info: index check proved
--> mj-constraint_assembly.adb:33:75

 info: index check proved
--> mj-constraint_assembly.adb:33:89

 info: index check proved
--> mj-constraint_assembly.adb:35:46

 info: index check proved
--> mj-constraint_assembly.adb:35:70

 info: overflow check proved
--> mj-constraint_assembly.adb:37:45

 info: range check proved
--> mj-constraint_assembly.adb:37:52

 info: index check proved
--> mj-constraint_assembly.adb:38:22

 info: index check proved
--> mj-constraint_assembly.adb:38:41

 info: index check proved
--> mj-constraint_assembly.adb:38:64

 info: index check proved
--> mj-constraint_assembly.adb:38:84

 info: overflow check proved
--> mj-constraint_assembly.adb:42:27

 info: index check proved
--> mj-constraint_assembly.adb:42:27

 info: index check proved
--> mj-constraint_assembly.adb:42:38

 info: index check proved
--> mj-constraint_assembly.adb:42:46

 info: overflow check proved
--> mj-constraint_assembly.adb:43:28

 info: index check proved
--> mj-constraint_assembly.adb:43:28

 info: loop invariant initialization proved
--> mj-constraint_assembly.adb:44:43

 info: loop invariant preservation proved
--> mj-constraint_assembly.adb:44:43

 info: overflow check proved
--> mj-constraint_assembly.adb:45:29

 info: index check proved
--> mj-constraint_assembly.adb:45:29

 info: index check proved
--> mj-constraint_assembly.adb:45:39

 info: index check proved
--> mj-constraint_assembly.adb:45:47

 info: overflow check proved
--> mj-constraint_assembly.adb:45:77

 info: index check proved
--> mj-constraint_assembly.adb:45:77

 info: index check proved
--> mj-constraint_assembly.adb:45:91

 info: loop invariant initialization proved
--> mj-constraint_assembly.adb:46:43

 info: loop invariant preservation proved
--> mj-constraint_assembly.adb:46:43

 info: overflow check proved
--> mj-constraint_assembly.adb:47:47

 info: index check proved
--> mj-constraint_assembly.adb:48:24

 info: index check proved
--> mj-constraint_assembly.adb:48:50

 info: index check proved
--> mj-constraint_assembly.adb:48:73

 info: index check proved
--> mj-constraint_assembly.adb:48:100

 info: index check proved
--> mj-constraint_assembly.adb:50:22

 info: range check proved
--> mj-constraint_assembly.adb:50:47

 info: data dependencies proved
--> mj-constraint_assembly.adb:57:23

 info: postcondition proved
--> mj-constraint_assembly.adb:60:14

 info: range check proved
--> mj-constraint_assembly.adb:73:42

 info: precondition proved
--> mj-constraint_assembly.adb:80:14

 info: range check proved
--> mj-constraint_assembly.adb:80:26

 info: precondition proved
--> mj-constraint_assembly.adb:84:10

 info: overflow check proved
--> mj-constraint_assembly.adb:84:32

 info: range check proved
--> mj-constraint_assembly.adb:84:32

 info: overflow check proved
--> mj-constraint_assembly.adb:84:46

 info: range check proved
--> mj-constraint_assembly.adb:84:46

 info: overflow check proved
--> mj-constraint_assembly.adb:84:51

 info: overflow check proved
--> mj-constraint_assembly.adb:84:56

 info: range check proved
--> mj-constraint_assembly.adb:85:30

 info: loop invariant initialization proved
--> mj-constraint_assembly.adb:86:33

 info: loop invariant preservation proved
--> mj-constraint_assembly.adb:86:33

 info: loop invariant initialization proved
--> mj-constraint_assembly.adb:87:33

 info: loop invariant preservation proved
--> mj-constraint_assembly.adb:87:33

 info: loop invariant initialization proved
--> mj-constraint_assembly.adb:89:43

 info: loop invariant preservation proved
--> mj-constraint_assembly.adb:89:43

 info: overflow check proved
--> mj-constraint_assembly.adb:90:44

 info: index check proved
--> mj-constraint_assembly.adb:90:44

 info: overflow check proved
--> mj-constraint_assembly.adb:91:23

 info: range check proved
--> mj-constraint_assembly.adb:91:23

 info: overflow check proved
--> mj-constraint_assembly.adb:91:33

 info: index check proved
--> mj-constraint_assembly.adb:91:54

 info: loop invariant initialization proved
--> mj-constraint_assembly.adb:92:43

 medium: loop invariant might not be preserved by an arbitrary iteration, cannot prove B.Values ((Old_Used + (Q - 1) * Width) + C) = J (Q, C)
--> mj-constraint_assembly.adb:93:12
   93 |               B.Values ((Old_Used + (Q - 1) * Width) + C) = J (Q, C)
      |               ^~~~~~~~~~~~~~~~~~~~~~~~~~~~~~~~~~~~~~~~~~~~~~~~~~~~~
      + possible fix: precondition of subprogram at mj-constraint_assembly.ads:93 should mention J
      --> mj-constraint_assembly.ads:93:04
   93 |       procedure Append
      |       ^
      + provers reached time limit before completing the proof

 info: overflow check proved
--> mj-constraint_assembly.adb:93:32

 info: overflow check proved
--> mj-constraint_assembly.adb:93:42

 info: overflow check proved
--> mj-constraint_assembly.adb:93:51

 info: index check proved
--> mj-constraint_assembly.adb:93:51

 info: index check proved
--> mj-constraint_assembly.adb:93:61

 info: index check proved
--> mj-constraint_assembly.adb:93:64

 info: overflow check proved
--> mj-constraint_assembly.adb:94:42

 info: overflow check proved
--> mj-constraint_assembly.adb:94:52

 info: overflow check proved
--> mj-constraint_assembly.adb:94:61

 info: index check proved
--> mj-constraint_assembly.adb:94:61

 info: index check proved
--> mj-constraint_assembly.adb:94:75

 info: loop invariant initialization proved
--> mj-constraint_assembly.adb:95:43

 info: loop invariant preservation proved
--> mj-constraint_assembly.adb:95:43

 info: overflow check proved
--> mj-constraint_assembly.adb:96:51

 info: index check proved
--> mj-constraint_assembly.adb:97:30

 info: index check proved
--> mj-constraint_assembly.adb:97:61

 info: loop invariant initialization proved
--> mj-constraint_assembly.adb:98:43

 info: loop invariant preservation proved
--> mj-constraint_assembly.adb:98:43

 info: overflow check proved
--> mj-constraint_assembly.adb:99:51

 info: overflow check proved
--> mj-constraint_assembly.adb:99:55

 info: index check proved
--> mj-constraint_assembly.adb:100:25

 info: index check proved
--> mj-constraint_assembly.adb:100:51

 info: index check proved
--> mj-constraint_assembly.adb:100:74

 info: index check proved
--> mj-constraint_assembly.adb:100:101

 info: overflow check proved
--> mj-constraint_assembly.adb:102:26

 info: range check proved
--> mj-constraint_assembly.adb:102:26

 info: range check proved
--> mj-constraint_assembly.adb:102:31

 info: overflow check proved
--> mj-constraint_assembly.adb:103:26

 info: range check proved
--> mj-constraint_assembly.adb:103:26

 info: range check proved
--> mj-constraint_assembly.adb:103:31

 info: overflow check proved
--> mj-constraint_assembly.adb:103:39

 info: overflow check proved
--> mj-constraint_assembly.adb:105:40

 info: range check proved
--> mj-constraint_assembly.adb:105:40

 info: range check proved
--> mj-constraint_assembly.adb:105:45

 info: overflow check proved
--> mj-constraint_assembly.adb:106:62

 info: range check proved
--> mj-constraint_assembly.adb:106:62

 info: range check proved
--> mj-constraint_assembly.adb:106:67

 info: overflow check proved
--> mj-constraint_assembly.adb:107:58

 info: range check proved
--> mj-constraint_assembly.adb:107:58

 info: range check proved
--> mj-constraint_assembly.adb:107:63

 info: loop invariant preservation proved
--> mj-constraint_assembly.adb:120:43

 info: loop invariant initialization proved
--> mj-constraint_assembly.adb:120:43

 info: overflow check proved
--> mj-constraint_assembly.adb:120:64

 info: index check proved
--> mj-constraint_assembly.adb:120:76

 info: loop invariant preservation proved
--> mj-constraint_assembly.adb:121:43

 info: loop invariant initialization proved
--> mj-constraint_assembly.adb:121:43

 info: overflow check proved
--> mj-constraint_assembly.adb:121:64

 info: index check proved
--> mj-constraint_assembly.adb:122:54

 info: index check proved
--> mj-constraint_assembly.adb:122:57

 info: loop invariant preservation proved
--> mj-constraint_assembly.adb:123:43

 info: loop invariant initialization proved
--> mj-constraint_assembly.adb:123:43

 info: overflow check proved
--> mj-constraint_assembly.adb:123:64

 info: initialization check proved
--> mj-constraint_assembly.adb:124:26

 info: index check proved
--> mj-constraint_assembly.adb:124:31

 info: loop invariant initialization proved
--> mj-constraint_assembly.adb:125:43

 info: loop invariant preservation proved
--> mj-constraint_assembly.adb:125:43

 info: overflow check proved
--> mj-constraint_assembly.adb:125:64

 info: initialization check proved
--> mj-constraint_assembly.adb:126:12

 info: index check proved
--> mj-constraint_assembly.adb:126:20

 info: index check proved
--> mj-constraint_assembly.adb:126:23

 info: precondition proved
--> mj-constraint_assembly.adb:126:28

 info: range check proved
--> mj-constraint_assembly.adb:126:64

 info: index check proved
--> mj-constraint_assembly.adb:127:15

 info: range check proved
--> mj-constraint_assembly.adb:127:51

 info: loop invariant initialization proved
--> mj-constraint_assembly.adb:129:46

 info: loop invariant preservation proved
--> mj-constraint_assembly.adb:129:46

 info: overflow check proved
--> mj-constraint_assembly.adb:129:67

 info: index check proved
--> mj-constraint_assembly.adb:130:57

 info: index check proved
--> mj-constraint_assembly.adb:130:60

 info: initialization check proved
--> mj-constraint_assembly.adb:131:26

 info: index check proved
--> mj-constraint_assembly.adb:131:34

 info: index check proved
--> mj-constraint_assembly.adb:131:37

 info: precondition proved
--> mj-constraint_assembly.adb:131:42

 info: range check proved
--> mj-constraint_assembly.adb:131:78

 info: loop invariant preservation proved
--> mj-constraint_assembly.adb:132:46

 info: loop invariant initialization proved
--> mj-constraint_assembly.adb:132:46

 info: overflow check proved
--> mj-constraint_assembly.adb:132:67

 info: index check proved
--> mj-constraint_assembly.adb:132:82

 info: index check proved
--> mj-constraint_assembly.adb:132:85

 info: loop invariant initialization proved
--> mj-constraint_assembly.adb:133:46

 info: loop invariant preservation proved
--> mj-constraint_assembly.adb:133:46

 info: overflow check proved
--> mj-constraint_assembly.adb:133:67

 info: initialization check proved
--> mj-constraint_assembly.adb:134:15

 info: index check proved
--> mj-constraint_assembly.adb:134:23

 info: index check proved
--> mj-constraint_assembly.adb:134:26

 info: precondition proved
--> mj-constraint_assembly.adb:134:31

 info: range check proved
--> mj-constraint_assembly.adb:134:64

 info: index check proved
--> mj-constraint_assembly.adb:136:36

 info: index check proved
--> mj-constraint_assembly.adb:136:39

 info: division check proved
--> mj-constraint_assembly.adb:137:21

 info: precondition proved
--> mj-constraint_assembly.adb:138:33

 info: index check proved
--> mj-constraint_assembly.adb:138:48

 info: index check proved
--> mj-constraint_assembly.adb:138:51

 info: index check proved
--> mj-constraint_assembly.adb:138:60

 info: overflow check proved
--> mj-constraint_assembly.adb:138:65

 info: division check proved
--> mj-constraint_assembly.adb:138:70

 info: index check proved
--> mj-constraint_assembly.adb:138:75

 info: overflow check proved
--> mj-constraint_assembly.adb:138:86

 info: division check proved
--> mj-constraint_assembly.adb:138:91

 info: index check proved
--> mj-constraint_assembly.adb:138:91

 info: precondition proved
--> mj-constraint_assembly.adb:140:33

 info: index check proved
--> mj-constraint_assembly.adb:140:48

 info: index check proved
--> mj-constraint_assembly.adb:140:51

 info: index check proved
--> mj-constraint_assembly.adb:140:60

 info: overflow check proved
--> mj-constraint_assembly.adb:140:65

 info: division check proved
--> mj-constraint_assembly.adb:140:70

 info: index check proved
--> mj-constraint_assembly.adb:140:75

 info: range check proved
--> mj-constraint_assembly.adb:140:79

 info: overflow check proved
--> mj-constraint_assembly.adb:140:87

 info: division check proved
--> mj-constraint_assembly.adb:140:92

 info: index check proved
--> mj-constraint_assembly.adb:140:92

 info: initialization of "Values" proved
--> mj-constraint_assembly.adb:151:07

 info: range check proved
--> mj-constraint_assembly.adb:151:07

 info: range check proved
--> mj-constraint_assembly.adb:151:65

 info: initialization of "Pos" proved
--> mj-constraint_assembly.adb:152:07

 info: range check proved
--> mj-constraint_assembly.adb:152:07

 info: precondition proved
--> mj-constraint_assembly.adb:160:14

 info: range check proved
--> mj-constraint_assembly.adb:160:54

 info: precondition proved
--> mj-constraint_assembly.adb:164:07

 info: initialization check proved
--> mj-constraint_assembly.adb:164:58
      + in value of subprogram parameter after the call at mj-constraint_assembly.adb:164

 info: initialization check proved
--> mj-constraint_assembly.adb:164:66
      + in value of subprogram parameter after the call at mj-constraint_assembly.adb:164

 info: assertion proved
--> mj-constraint_assembly.adb:165:32

 info: index check proved
--> mj-constraint_assembly.adb:166:28

 info: precondition proved
--> mj-constraint_assembly.adb:167:07

 info: precondition proved
--> mj-constraint_assembly.adb:171:10

 info: overflow check proved
--> mj-constraint_assembly.adb:171:47

 info: index check proved
--> mj-constraint_assembly.adb:171:47

 info: overflow check proved
--> mj-constraint_assembly.adb:172:21

 info: range check proved
--> mj-constraint_assembly.adb:172:21

 info: overflow check proved
--> mj-constraint_assembly.adb:172:31

 info: range check proved
--> mj-constraint_assembly.adb:172:38

 info: range check proved
--> mj-constraint_assembly.adb:172:52

 info: loop invariant initialization proved
--> mj-constraint_assembly.adb:175:43

 info: loop invariant preservation proved
--> mj-constraint_assembly.adb:175:43

 info: overflow check proved
--> mj-constraint_assembly.adb:176:44

 info: index check proved
--> mj-constraint_assembly.adb:176:44

 info: overflow check proved
--> mj-constraint_assembly.adb:177:23

 info: range check proved
--> mj-constraint_assembly.adb:177:23

 info: overflow check proved
--> mj-constraint_assembly.adb:177:33

 info: range check proved
--> mj-constraint_assembly.adb:177:40

 info: range check proved
--> mj-constraint_assembly.adb:177:54

 info: precondition proved
--> mj-constraint_assembly.adb:194:07

 info: precondition proved
--> mj-constraint_assembly.adb:210:07

 info: implicit aspect Always_Terminates on "Parameter_Is" has been proved, subprogram will terminate
--> mj-constraint_assembly.ads:35:13

 info: implicit aspect Always_Terminates on "Row_Is" has been proved, subprogram will terminate
--> mj-constraint_assembly.ads:47:13

 info: range check proved
--> mj-constraint_assembly.ads:59:07

 info: range check proved
--> mj-constraint_assembly.ads:60:07

 info: range check proved
--> mj-constraint_assembly.ads:61:07

 info: implicit aspect Always_Terminates on "Valid" has been proved, subprogram will terminate
--> mj-constraint_assembly.ads:64:13

 info: implicit aspect Always_Terminates on "Valid_Chain" has been proved, subprogram will terminate
--> mj-constraint_assembly.ads:70:13

 info: range check proved
--> mj-constraint_assembly.ads:71:37

 info: index check proved
--> mj-constraint_assembly.ads:73:58

 info: index check proved
--> mj-constraint_assembly.ads:73:72

 info: implicit aspect Always_Terminates on "Is_Contact" has been proved, subprogram will terminate
--> mj-constraint_assembly.ads:75:13

 info: data dependencies proved
--> mj-constraint_assembly.ads:79:06

 info: postcondition proved
--> mj-constraint_assembly.ads:80:25

 info: implicit aspect Always_Terminates on "Fits" has been proved, subprogram will terminate
--> mj-constraint_assembly.ads:86:13

 info: overflow check proved
--> mj-constraint_assembly.ads:88:21

 info: initialization of "Status" proved
--> mj-constraint_assembly.ads:96:28

 info: data dependencies proved
--> mj-constraint_assembly.ads:97:06

 info: precondition proved
--> mj-constraint_assembly.ads:104:20

 info: range check proved
--> mj-constraint_assembly.ads:104:36

 info: range check proved
--> mj-constraint_assembly.ads:104:50

 info: overflow check proved
--> mj-constraint_assembly.ads:107:30

 info: range check proved
--> mj-constraint_assembly.ads:107:35

 info: overflow check proved
--> mj-constraint_assembly.ads:108:39

 info: range check proved
--> mj-constraint_assembly.ads:108:44

 info: overflow check proved
--> mj-constraint_assembly.ads:108:52

 info: range check proved
--> mj-constraint_assembly.ads:108:59

 info: overflow check proved
--> mj-constraint_assembly.ads:109:35

 info: range check proved
--> mj-constraint_assembly.ads:109:65

 info: overflow check proved
--> mj-constraint_assembly.ads:110:35

 info: range check proved
--> mj-constraint_assembly.ads:110:88

 info: overflow check proved
--> mj-constraint_assembly.ads:111:35

 info: range check proved
--> mj-constraint_assembly.ads:111:84

 info: range check proved
--> mj-constraint_assembly.ads:112:41

 info: overflow check proved
--> mj-constraint_assembly.ads:113:46

 info: index check proved
--> mj-constraint_assembly.ads:113:46

 info: overflow check proved
--> mj-constraint_assembly.ads:114:25

 info: range check proved
--> mj-constraint_assembly.ads:114:25

 info: overflow check proved
--> mj-constraint_assembly.ads:114:35

 info: range check proved
--> mj-constraint_assembly.ads:114:42

 info: range check proved
--> mj-constraint_assembly.ads:114:56

 info: index check proved
--> mj-constraint_assembly.ads:114:70

 info: range check proved
--> mj-constraint_assembly.ads:115:41

 info: overflow check proved
--> mj-constraint_assembly.ads:116:34

 info: overflow check proved
--> mj-constraint_assembly.ads:116:44

 info: range check proved
--> mj-constraint_assembly.ads:116:51

 info: overflow check proved
--> mj-constraint_assembly.ads:116:60

 info: index check proved
--> mj-constraint_assembly.ads:116:60

 info: index check proved
--> mj-constraint_assembly.ads:116:70

 info: index check proved
--> mj-constraint_assembly.ads:116:73

 medium: postcondition might fail, cannot prove B.Columns ((B.Used'Old + (R - 1) * Chain'Length) + C) = Chain (C)
--> mj-constraint_assembly.ads:117:21
  117 |               and then B.Columns ((B.Used'Old + (R - 1) * Chain'Length) + C) = Chain (C)))
      |                        ^~~~~~~~~~~~~~~~~~~~~~~~~~~~~~~~~~~~~~~~~~~~~~~~~~~~~~~~~~~~~~~~
      + provers reached time limit before completing the proof

 info: overflow check proved
--> mj-constraint_assembly.ads:117:44

 info: overflow check proved
--> mj-constraint_assembly.ads:117:54

 info: range check proved
--> mj-constraint_assembly.ads:117:61

 info: overflow check proved
--> mj-constraint_assembly.ads:117:70

 info: index check proved
--> mj-constraint_assembly.ads:117:70

 info: index check proved
--> mj-constraint_assembly.ads:117:84

 info: index check proved
--> mj-constraint_assembly.ads:119:71

 info: index check proved
--> mj-constraint_assembly.ads:119:95

 info: index check proved
--> mj-constraint_assembly.ads:122:24

 info: index check proved
--> mj-constraint_assembly.ads:122:43

 info: index check proved
--> mj-constraint_assembly.ads:122:66

 info: index check proved
--> mj-constraint_assembly.ads:122:86

 info: implicit aspect Always_Terminates on "Edge_Value" has been proved, subprogram will terminate
--> mj-constraint_assembly.ads:124:13

 info: float overflow check proved
--> mj-constraint_assembly.ads:125:14

 info: range check proved
--> mj-constraint_assembly.ads:125:14

 info: float overflow check proved
--> mj-constraint_assembly.ads:125:19

 info: implicit aspect Always_Terminates on "Contact_Rows" has been proved, subprogram will terminate
--> mj-constraint_assembly.ads:128:13

 info: range check proved
--> mj-constraint_assembly.ads:129:55

 info: postcondition proved
--> mj-constraint_assembly.ads:130:19

 info: implicit aspect Always_Terminates on "Contact_Type" has been proved, subprogram will terminate
--> mj-constraint_assembly.ads:131:13

 info: implicit aspect Always_Terminates on "Contact_Parameter" has been proved, subprogram will terminate
--> mj-constraint_assembly.ads:135:13

 info: implicit aspect Always_Terminates on "Contact_Value" has been proved, subprogram will terminate
--> mj-constraint_assembly.ads:141:13

 info: index check proved
--> mj-constraint_assembly.ads:144:50

 info: index check proved
--> mj-constraint_assembly.ads:144:53

 info: precondition proved
--> mj-constraint_assembly.ads:145:12

 info: index check proved
--> mj-constraint_assembly.ads:145:27

 info: index check proved
--> mj-constraint_assembly.ads:145:30

 info: index check proved
--> mj-constraint_assembly.ads:145:39

 info: overflow check proved
--> mj-constraint_assembly.ads:145:44

 info: division check proved
--> mj-constraint_assembly.ads:145:49

 info: index check proved
--> mj-constraint_assembly.ads:145:54

 info: division check proved
--> mj-constraint_assembly.ads:146:20

 info: overflow check proved
--> mj-constraint_assembly.ads:146:42

 info: division check proved
--> mj-constraint_assembly.ads:146:47

 info: index check proved
--> mj-constraint_assembly.ads:146:47

 info: range check proved
--> mj-constraint_assembly.ads:146:57

 info: overflow check proved
--> mj-constraint_assembly.ads:146:65

 info: division check proved
--> mj-constraint_assembly.ads:146:70

 info: index check proved
--> mj-constraint_assembly.ads:146:70

 info: range check proved
--> mj-constraint_assembly.ads:148:39

 info: index check proved
--> mj-constraint_assembly.ads:151:80

 info: index check proved
--> mj-constraint_assembly.ads:151:84

 info: data dependencies proved
--> mj-constraint_assembly.ads:157:06

 info: range check proved
--> mj-constraint_assembly.ads:159:39

 info: index check proved
--> mj-constraint_assembly.ads:161:80

 info: index check proved
--> mj-constraint_assembly.ads:161:84

 info: range check proved
--> mj-constraint_assembly.ads:162:53

 info: postcondition proved
--> mj-constraint_assembly.ads:165:25

 info: initialization check proved
--> mj-constraint_assembly.ads:167:24

 info: index check proved
--> mj-constraint_assembly.ads:167:29

 info: range check proved
--> mj-constraint_assembly.ads:167:63

 info: initialization check proved
--> mj-constraint_assembly.ads:169:10

 info: index check proved
--> mj-constraint_assembly.ads:169:18

 info: index check proved
--> mj-constraint_assembly.ads:169:21

 info: precondition proved
--> mj-constraint_assembly.ads:169:26

 info: range check proved
--> mj-constraint_assembly.ads:169:59

 info: range check proved
--> mj-constraint_assembly.ads:169:62

 info: initialization of "Status" proved
--> mj-constraint_assembly.ads:174:38

 info: data dependencies proved
--> mj-constraint_assembly.ads:175:06

 info: range check proved
--> mj-constraint_assembly.ads:177:43

 info: index check proved
--> mj-constraint_assembly.ads:179:80

 info: index check proved
--> mj-constraint_assembly.ads:179:84

 info: precondition proved
--> mj-constraint_assembly.ads:182:19

 info: range check proved
--> mj-constraint_assembly.ads:182:63

 info: overflow check proved
--> mj-constraint_assembly.ads:185:30

 info: overflow check proved
--> mj-constraint_assembly.ads:186:39

 info: overflow check proved
--> mj-constraint_assembly.ads:186:66

 info: range check proved
--> mj-constraint_assembly.ads:186:73

 info: overflow check proved
--> mj-constraint_assembly.ads:190:46

 info: index check proved
--> mj-constraint_assembly.ads:190:46

 info: overflow check proved
--> mj-constraint_assembly.ads:191:25

 info: range check proved
--> mj-constraint_assembly.ads:191:25

 info: overflow check proved
--> mj-constraint_assembly.ads:191:35

 info: range check proved
--> mj-constraint_assembly.ads:191:42

 info: range check proved
--> mj-constraint_assembly.ads:191:56

 medium: postcondition might fail, cannot prove B.Values ((B.Used'Old + (R - 1) * Chain'Length) + C) = Contact_Value (Dim, Cone, J, Mu, R, C)
--> mj-constraint_assembly.ads:195:12
  195 |               B.Values ((B.Used'Old + (R - 1) * Chain'Length) + C) =
      |               ^~~~~~~~~~~~~~~~~~~~~~~~~~~~~~~~~~~~~~~~~~~~~~~~~~~~~~
  196 |                 Contact_Value (Dim, Cone, J, Mu, R, C)
      |                 ~~~~~~~~~~~~~~~~~~~~~~~~~~~~~~~~~~~~~
      + provers reached time limit before completing the proof

 info: overflow check proved
--> mj-constraint_assembly.ads:195:34

 info: overflow check proved
--> mj-constraint_assembly.ads:195:44

 info: range check proved
--> mj-constraint_assembly.ads:195:51

 info: overflow check proved
--> mj-constraint_assembly.ads:195:60

 info: index check proved
--> mj-constraint_assembly.ads:195:60

 info: precondition proved
--> mj-constraint_assembly.ads:196:14

 info: range check proved
--> mj-constraint_assembly.ads:196:50

 info: overflow check proved
--> mj-constraint_assembly.ads:197:44

 info: overflow check proved
--> mj-constraint_assembly.ads:197:54

 info: range check proved
--> mj-constraint_assembly.ads:197:61

 info: overflow check proved
--> mj-constraint_assembly.ads:197:70

 info: index check proved
--> mj-constraint_assembly.ads:197:70

 info: index check proved
--> mj-constraint_assembly.ads:197:84

 info: index check proved
--> mj-constraint_assembly.ads:199:71

 info: index check proved
--> mj-constraint_assembly.ads:199:95

 info: index check proved
--> mj-constraint_assembly.ads:202:24

 info: index check proved
--> mj-constraint_assembly.ads:202:43

 info: index check proved
--> mj-constraint_assembly.ads:202:66

 info: index check proved
--> mj-constraint_assembly.ads:202:86

 info: implicit aspect Always_Terminates on "Limit_Distance" has been proved, subprogram will terminate
--> mj-constraint_assembly.ads:204:13

 info: float overflow check proved
--> mj-constraint_assembly.ads:205:44

 info: range check proved
--> mj-constraint_assembly.ads:205:44

 info: float overflow check proved
--> mj-constraint_assembly.ads:205:53

 info: initialization of "Status" proved
--> mj-constraint_assembly.ads:208:62

 info: data dependencies proved
--> mj-constraint_assembly.ads:209:06

 info: postcondition proved
--> mj-constraint_assembly.ads:210:25

 info: precondition proved
--> mj-constraint_assembly.ads:212:19

 info: index check proved
--> mj-constraint_assembly.ads:216:35

 info: index check proved
--> mj-constraint_assembly.ads:217:31

 info: index check proved
--> mj-constraint_assembly.ads:217:64

 info: index check proved
--> mj-constraint_assembly.ads:220:48

 info: index check proved
--> mj-constraint_assembly.ads:220:72

 info: index check proved
--> mj-constraint_assembly.ads:222:43

 info: index check proved
--> mj-constraint_assembly.ads:222:62

 info: index check proved
--> mj-constraint_assembly.ads:223:34

 info: index check proved
--> mj-constraint_assembly.ads:223:54

 info: initialization of "Status" proved
--> mj-constraint_assembly.ads:227:42

 info: data dependencies proved
--> mj-constraint_assembly.ads:228:06

 info: postcondition proved
--> mj-constraint_assembly.ads:229:25

 info: precondition proved
--> mj-constraint_assembly.ads:231:19

 info: index check proved
--> mj-constraint_assembly.ads:235:35

 info: index check proved
--> mj-constraint_assembly.ads:237:31

 info: index check proved
--> mj-constraint_assembly.ads:238:30

 info: index check proved
--> mj-constraint_assembly.ads:241:48

 info: index check proved
--> mj-constraint_assembly.ads:241:72

 info: index check proved
--> mj-constraint_assembly.ads:243:43

 info: index check proved
--> mj-constraint_assembly.ads:243:62

 info: index check proved
--> mj-constraint_assembly.ads:244:34

 info: index check proved
--> mj-constraint_assembly.ads:244:54
gnatprove: unproved check messages considered as errors
