Setup
   [mkdir]        object directory for project Benchmark
   [mkdir]        exec directory for project Benchmark
Compile
   [Ada]          contact_bench.adb
   [C]            bench.c
   [Ada]          bench_adapter.adb
   [Ada]          mj.ads
   [Ada]          mj-activation.adb
   [Ada]          mj-adhesive_slider.adb
   [Ada]          mj-contact_slider.adb
   [Ada]          mj-types.ads
   [Ada]          mj-collision.adb
   [Ada]          mj-contact_rows.adb
Bind
   [gprbind]      contact_bench.bexch
   [Ada]          contact_bench.ali
Link
   [archive]      libbenchmark.a
   [index]        libbenchmark.a
   [link]         contact_bench.adb
