Phase 1 of 3: generation of data representation information ...
Phase 2 of 3: generation of Global contracts ...
Phase 3 of 3: flow analysis and proof ...
 info: loop invariant initialization proved
--> mj-contact_geometry.adb:5:33

 info: loop invariant preservation proved
--> mj-contact_geometry.adb:5:33

 info: loop invariant initialization proved
--> mj-contact_geometry.adb:6:33

 info: loop invariant preservation proved
--> mj-contact_geometry.adb:6:33

 info: loop invariant initialization proved
--> mj-contact_geometry.adb:8:13

 info: loop invariant preservation proved
--> mj-contact_geometry.adb:8:13

 info: index check proved
--> mj-contact_geometry.adb:9:24

 info: initialization check proved
--> mj-contact_geometry.adb:9:26

 info: index check proved
--> mj-contact_geometry.adb:9:58

 info: initialization check proved
--> mj-contact_geometry.adb:9:60

 info: index check proved
--> mj-contact_geometry.adb:10:28

 info: initialization check proved
--> mj-contact_geometry.adb:10:30

 info: index check proved
--> mj-contact_geometry.adb:10:62

 info: initialization check proved
--> mj-contact_geometry.adb:10:64

 info: index check proved
--> mj-contact_geometry.adb:11:28

 info: initialization check proved
--> mj-contact_geometry.adb:11:30

 info: index check proved
--> mj-contact_geometry.adb:11:61

 info: initialization check proved
--> mj-contact_geometry.adb:11:63

 info: index check proved
--> mj-contact_geometry.adb:12:50

 info: initialization check proved
--> mj-contact_geometry.adb:12:52

 info: index check proved
--> mj-contact_geometry.adb:12:87

 info: initialization check proved
--> mj-contact_geometry.adb:12:89

 info: loop invariant initialization proved
--> mj-contact_geometry.adb:13:33

 info: loop invariant preservation proved
--> mj-contact_geometry.adb:13:33

 info: initialization check proved
--> mj-contact_geometry.adb:13:66

 info: index check proved
--> mj-contact_geometry.adb:13:74

 info: initialization check proved
--> mj-contact_geometry.adb:13:86

 info: index check proved
--> mj-contact_geometry.adb:13:99

 info: unrolling loop [info-unrolling-inlining]
--> mj-contact_geometry.adb:14:24

 info: initialization check proved
--> mj-contact_geometry.adb:14:67

 info: implicit aspect Always_Terminates on "Valid_Object" has been proved, subprogram will terminate
--> mj-contact_geometry.ads:42:13

 info: overflow check proved
--> mj-contact_geometry.ads:46:38

 info: overflow check proved
--> mj-contact_geometry.ads:47:50

 info: index check proved
--> mj-contact_geometry.ads:48:28

 info: data dependencies proved
--> mj-contact_geometry.ads:48:58

 info: implicit aspect Always_Terminates on "As_Object" has been proved, subprogram will terminate
--> mj-contact_geometry.ads:49:13

 info: data dependencies proved
--> mj-contact_geometry.ads:50:59

 info: implicit aspect Always_Terminates on "Finite" has been proved, subprogram will terminate
--> mj-contact_geometry.ads:51:13

 info: data dependencies proved
--> mj-contact_geometry.ads:55:67

 info: implicit aspect Always_Terminates on "Active_Initialized" has been proved, subprogram will terminate
--> mj-contact_geometry.ads:56:13

 info: index check proved
--> mj-contact_geometry.ads:57:48

 info: data dependencies proved
--> mj-contact_geometry.ads:58:58

 info: postcondition proved
--> mj-contact_geometry.ads:59:14

 info: index check proved
--> mj-contact_geometry.ads:61:19

 info: initialization check proved
--> mj-contact_geometry.ads:61:21

 info: index check proved
--> mj-contact_geometry.ads:61:46

 info: initialization check proved
--> mj-contact_geometry.ads:61:48

 info: index check proved
--> mj-contact_geometry.ads:62:23

 info: initialization check proved
--> mj-contact_geometry.ads:62:25

 info: index check proved
--> mj-contact_geometry.ads:62:50

 info: initialization check proved
--> mj-contact_geometry.ads:62:52

 info: index check proved
--> mj-contact_geometry.ads:63:23

 info: initialization check proved
--> mj-contact_geometry.ads:63:25

 info: index check proved
--> mj-contact_geometry.ads:63:49

 info: initialization check proved
--> mj-contact_geometry.ads:63:51

 info: index check proved
--> mj-contact_geometry.ads:64:45

 info: initialization check proved
--> mj-contact_geometry.ads:64:47

 info: index check proved
--> mj-contact_geometry.ads:64:75

 info: initialization check proved
--> mj-contact_geometry.ads:64:77
Success: all checks proved (58 checks).
Summary logged in /var/tmp/sparkling-contact-proof-v3-20261001/mj-contact_geometry.adb/validation/obj/gnatprove/gnatprove.out
guarded: elapsed 19.2 s, peak group RSS 225 MB
