Phase 1 of 3: generation of data representation information ...
Phase 2 of 3: generation of Global contracts ...
Phase 3 of 3: flow analysis and proof ...
 info: initialization of "N" proved
--> mj-convex_assets.adb:4:07

 info: initialization of "Edge_Start" proved
--> mj-convex_assets.adb:4:10

 info: initialization of "Start" proved
--> mj-convex_assets.adb:4:22

 info: initialization of "Last" proved
--> mj-convex_assets.adb:4:29

 info: initialization of "Terminated" proved
--> mj-convex_assets.adb:5:07

 info: overflow check proved
--> mj-convex_assets.adb:9:35

 info: index check proved
--> mj-convex_assets.adb:10:14

 info: range check proved
--> mj-convex_assets.adb:11:21

 info: index check proved
--> mj-convex_assets.adb:11:25

 info: division check proved
--> mj-convex_assets.adb:12:41

 info: overflow check proved
--> mj-convex_assets.adb:13:34

 info: overflow check proved
--> mj-convex_assets.adb:13:36

 info: overflow check proved
--> mj-convex_assets.adb:13:38

 info: overflow check proved
--> mj-convex_assets.adb:13:63

 info: range check proved
--> mj-convex_assets.adb:13:63

 info: cannot unroll loop (too many loop iterations) [info-unrolling-inlining]
--> mj-convex_assets.adb:14:29

 info: cannot unroll loop (too many loop iterations) [info-unrolling-inlining]
--> mj-convex_assets.adb:15:25

 info: overflow check proved
--> mj-convex_assets.adb:16:29

 info: overflow check proved
--> mj-convex_assets.adb:16:31

 info: overflow check proved
--> mj-convex_assets.adb:16:33

 info: index check proved
--> mj-convex_assets.adb:16:33

 info: overflow check proved
--> mj-convex_assets.adb:16:65

 info: overflow check proved
--> mj-convex_assets.adb:16:67

 info: overflow check proved
--> mj-convex_assets.adb:16:69

 info: index check proved
--> mj-convex_assets.adb:16:69

 info: overflow check proved
--> mj-convex_assets.adb:17:29

 info: overflow check proved
--> mj-convex_assets.adb:17:31

 info: index check proved
--> mj-convex_assets.adb:17:31

 info: overflow check proved
--> mj-convex_assets.adb:17:63

 info: overflow check proved
--> mj-convex_assets.adb:17:65

 info: index check proved
--> mj-convex_assets.adb:17:65

 info: overflow check proved
--> mj-convex_assets.adb:17:75

 info: overflow check proved
--> mj-convex_assets.adb:18:29

 info: range check proved
--> mj-convex_assets.adb:18:29

 info: overflow check proved
--> mj-convex_assets.adb:18:46

 info: overflow check proved
--> mj-convex_assets.adb:18:48

 info: index check proved
--> mj-convex_assets.adb:18:48

 info: cannot unroll loop (too many loop iterations) [info-unrolling-inlining]
--> mj-convex_assets.adb:19:33

 info: index check proved
--> mj-convex_assets.adb:20:19

 info: index check proved
--> mj-convex_assets.adb:21:19

 info: initialization of "Value" proved
--> mj-convex_assets.adb:29:07

 info: overflow check proved
--> mj-convex_assets.adb:31:30

 info: loop invariant initialization proved
--> mj-convex_assets.adb:32:33

 info: loop invariant preservation proved
--> mj-convex_assets.adb:32:33

 info: overflow check proved
--> mj-convex_assets.adb:32:55

 info: loop invariant initialization proved
--> mj-convex_assets.adb:33:33

 info: loop invariant preservation proved
--> mj-convex_assets.adb:33:33

 info: overflow check proved
--> mj-convex_assets.adb:33:56

 info: precondition proved
--> mj-convex_assets.adb:33:62

 info: index check proved
--> mj-convex_assets.adb:33:70

 info: precondition proved
--> mj-convex_assets.adb:33:80

 info: index check proved
--> mj-convex_assets.adb:33:88

 info: precondition proved
--> mj-convex_assets.adb:34:33

 info: loop invariant initialization proved
--> mj-convex_assets.adb:34:33

 info: loop invariant preservation proved
--> mj-convex_assets.adb:34:33

 info: index check proved
--> mj-convex_assets.adb:34:41

 info: precondition proved
--> mj-convex_assets.adb:34:54

 info: index check proved
--> mj-convex_assets.adb:34:62

 info: loop invariant initialization proved
--> mj-convex_assets.adb:35:33

 info: loop invariant preservation proved
--> mj-convex_assets.adb:35:33

 info: precondition proved
--> mj-convex_assets.adb:35:36

 info: index check proved
--> mj-convex_assets.adb:35:44

 info: precondition proved
--> mj-convex_assets.adb:35:56

 info: index check proved
--> mj-convex_assets.adb:35:64

 info: precondition proved
--> mj-convex_assets.adb:36:19

 info: index check proved
--> mj-convex_assets.adb:36:27

 info: precondition proved
--> mj-convex_assets.adb:37:21

 info: index check proved
--> mj-convex_assets.adb:37:29

 info: range check proved
--> mj-convex_assets.adb:37:52

 info: implicit aspect Always_Terminates on "Valid_Graph" has been proved, subprogram will terminate
--> mj-convex_assets.ads:8:13

 info: data dependencies proved
--> mj-convex_assets.ads:8:75

 info: implicit aspect Always_Terminates on "Best_Vertex" has been proved, subprogram will terminate
--> mj-convex_assets.ads:9:13

 info: data dependencies proved
--> mj-convex_assets.ads:10:11

 info: overflow check proved
--> mj-convex_assets.ads:11:79

 info: overflow check proved
--> mj-convex_assets.ads:12:41

 info: overflow check proved
--> mj-convex_assets.ads:13:47

 info: index check proved
--> mj-convex_assets.ads:13:88

 info: postcondition proved
--> mj-convex_assets.ads:14:16

 info: overflow check proved
--> mj-convex_assets.ads:14:52

 info: overflow check proved
--> mj-convex_assets.ads:15:47

 info: precondition proved
--> mj-convex_assets.ads:16:25

 info: index check proved
--> mj-convex_assets.ads:16:34

 info: precondition proved
--> mj-convex_assets.ads:16:57

 info: index check proved
--> mj-convex_assets.ads:16:77

 info: overflow check proved
--> mj-convex_assets.ads:17:51

 info: precondition proved
--> mj-convex_assets.ads:18:25

 info: index check proved
--> mj-convex_assets.ads:18:34

 info: precondition proved
--> mj-convex_assets.ads:18:57

 info: index check proved
--> mj-convex_assets.ads:18:66
Success: all checks proved (86 checks).
Summary logged in /var/tmp/sparkling-contact-proof-v3-20261001/mj-convex_assets.adb/validation/obj/gnatprove/gnatprove.out
guarded: elapsed 108.5 s, peak group RSS 200 MB
