Phase 1 of 3: generation of data representation information ...
Phase 2 of 3: generation of Global contracts ...
Phase 3 of 3: flow analysis and proof ...
 medium: float overflow check might fail
--> mj-tendon_vectors.adb:3:14
    3 |         ((A (1) + B (1), A (2) + B (2), A (3) + B (3)));
      |           ~~~~~~^~~~~~
      + reason for check: result of floating-point addition must be bounded
      + provers reached step limit before completing the proof

 medium: float overflow check might fail
--> mj-tendon_vectors.adb:3:29
    3 |         ((A (1) + B (1), A (2) + B (2), A (3) + B (3)));
      |                          ~~~~~~^~~~~~
      + reason for check: result of floating-point addition must be bounded
      + provers reached step limit before completing the proof

 medium: float overflow check might fail
--> mj-tendon_vectors.adb:3:44
    3 |         ((A (1) + B (1), A (2) + B (2), A (3) + B (3)));
      |                                         ~~~~~~^~~~~~
      + reason for check: result of floating-point addition must be bounded
      + provers reached step limit before completing the proof

 medium: float overflow check might fail
--> mj-tendon_vectors.adb:5:14
    5 |         ((A (1) - B (1), A (2) - B (2), A (3) - B (3)));
      |           ~~~~~~^~~~~~
      + reason for check: result of floating-point subtraction must be bounded
      + provers reached step limit before completing the proof

 medium: float overflow check might fail
--> mj-tendon_vectors.adb:5:29
    5 |         ((A (1) - B (1), A (2) - B (2), A (3) - B (3)));
      |                          ~~~~~~^~~~~~
      + reason for check: result of floating-point subtraction must be bounded
      + provers reached step limit before completing the proof

 medium: float overflow check might fail
--> mj-tendon_vectors.adb:5:44
    5 |         ((A (1) - B (1), A (2) - B (2), A (3) - B (3)));
      |                                         ~~~~~~^~~~~~
      + reason for check: result of floating-point subtraction must be bounded
      + provers reached step limit before completing the proof

 medium: float overflow check might fail
--> mj-tendon_vectors.adb:7:14
    7 |         ((A (1) * S, A (2) * S, A (3) * S));
      |           ~~~~~~^~~
      + reason for check: result of floating-point multiplication must be bounded
      + provers reached step limit before completing the proof

 medium: float overflow check might fail
--> mj-tendon_vectors.adb:7:25
    7 |         ((A (1) * S, A (2) * S, A (3) * S));
      |                      ~~~~~~^~~
      + reason for check: result of floating-point multiplication must be bounded
      + provers reached step limit before completing the proof

 medium: float overflow check might fail
--> mj-tendon_vectors.adb:7:36
    7 |         ((A (1) * S, A (2) * S, A (3) * S));
      |                                 ~~~~~~^~~
      + reason for check: result of floating-point multiplication must be bounded
      + provers reached step limit before completing the proof

 medium: float overflow check might fail
--> mj-tendon_vectors.adb:10:37
   10 |          X : constant Product := A (1) * B (1);
      |                                  ~~~~~~^~~~~~
      + reason for check: result of floating-point multiplication must be bounded
      + provers reached step limit before completing the proof

 medium: range check might fail
--> mj-tendon_vectors.adb:10:37
   10 |          X : constant Product := A (1) * B (1);
      |                                  ~~~~~~^~~~~~
      + reason for check: default component value must fit in the type
      + provers reached step limit before completing the proof

 medium: float overflow check might fail
--> mj-tendon_vectors.adb:11:37
   11 |          Y : constant Product := A (2) * B (2);
      |                                  ~~~~~~^~~~~~
      + reason for check: result of floating-point multiplication must be bounded
      + provers reached step limit before completing the proof

 medium: range check might fail
--> mj-tendon_vectors.adb:11:37
   11 |          Y : constant Product := A (2) * B (2);
      |                                  ~~~~~~^~~~~~
      + reason for check: default component value must fit in the type
      + provers reached step limit before completing the proof

 medium: float overflow check might fail
--> mj-tendon_vectors.adb:12:37
   12 |          Z : constant Product := A (3) * B (3);
      |                                  ~~~~~~^~~~~~
      + reason for check: result of floating-point multiplication must be bounded
      + provers reached step limit before completing the proof

 medium: range check might fail
--> mj-tendon_vectors.adb:12:37
   12 |          Z : constant Product := A (3) * B (3);
      |                                  ~~~~~~^~~~~~
      + reason for check: default component value must fit in the type
      + provers reached step limit before completing the proof

 info: float overflow check proved
--> mj-tendon_vectors.adb:13:57

 info: range check proved
--> mj-tendon_vectors.adb:13:57

 info: float overflow check proved
--> mj-tendon_vectors.adb:15:17

 medium: float overflow check might fail
--> mj-tendon_vectors.adb:18:14
   18 |         ((A (2) * B (3) - A (3) * B (2),
      |           ~~~~~~^~~~~~
      + reason for check: result of floating-point multiplication must be bounded
      + provers reached step limit before completing the proof

 medium: float overflow check might fail
--> mj-tendon_vectors.adb:18:22
   18 |         ((A (2) * B (3) - A (3) * B (2),
      |           ~~~~~~~~~~~~~~^~~~~~~~~~~~~~
      + reason for check: result of floating-point subtraction must be bounded
      + provers reached step limit before completing the proof

 medium: float overflow check might fail
--> mj-tendon_vectors.adb:18:30
   18 |         ((A (2) * B (3) - A (3) * B (2),
      |                           ~~~~~~^~~~~~
      + reason for check: result of floating-point multiplication must be bounded
      + provers reached step limit before completing the proof

 medium: float overflow check might fail
--> mj-tendon_vectors.adb:19:14
   19 |           A (3) * B (1) - A (1) * B (3),
      |           ~~~~~~^~~~~~
      + reason for check: result of floating-point multiplication must be bounded
      + provers reached step limit before completing the proof

 medium: float overflow check might fail
--> mj-tendon_vectors.adb:19:22
   19 |           A (3) * B (1) - A (1) * B (3),
      |           ~~~~~~~~~~~~~~^~~~~~~~~~~~~~
      + reason for check: result of floating-point subtraction must be bounded
      + provers reached step limit before completing the proof

 medium: float overflow check might fail
--> mj-tendon_vectors.adb:19:30
   19 |           A (3) * B (1) - A (1) * B (3),
      |                           ~~~~~~^~~~~~
      + reason for check: result of floating-point multiplication must be bounded
      + provers reached step limit before completing the proof

 medium: float overflow check might fail
--> mj-tendon_vectors.adb:20:14
   20 |           A (1) * B (2) - A (2) * B (1)));
      |           ~~~~~~^~~~~~
      + reason for check: result of floating-point multiplication must be bounded
      + provers reached step limit before completing the proof

 medium: float overflow check might fail
--> mj-tendon_vectors.adb:20:22
   20 |           A (1) * B (2) - A (2) * B (1)));
      |           ~~~~~~~~~~~~~~^~~~~~~~~~~~~~
      + reason for check: result of floating-point subtraction must be bounded
      + provers reached step limit before completing the proof

 medium: float overflow check might fail
--> mj-tendon_vectors.adb:20:30
   20 |           A (1) * B (2) - A (2) * B (1)));
      |                           ~~~~~~^~~~~~
      + reason for check: result of floating-point multiplication must be bounded
      + provers reached step limit before completing the proof

 medium: precondition might fail, cannot prove Bounded (A, 1.0e100)
--> mj-tendon_vectors.adb:28:24
   28 |             Result (I) := Dot (Matrix_Row (M, I, Transpose), V);
      |                           ^~~~~~~~~~~~~~~~~~~~~~~~~~~~~~~~~~~~
      + provers reached step limit before completing the proof

 medium: precondition might fail, cannot prove I <= 3
--> mj-tendon_vectors.adb:28:29
   28 |             Result (I) := Dot (Matrix_Row (M, I, Transpose), V);
      |                                ^~~~~~~~~~~~~~~~~~~~~~~~~~~
      + provers reached step limit before completing the proof

 medium: loop invariant might fail in first iteration, cannot prove Result (K) = Dot_Model (Matrix_Row (M, K, Transpose), V)
--> mj-tendon_vectors.adb:29:67
   29 |             pragma Loop_Invariant (Static => (for all K in 1 .. I => Result (K) =
      |                                                                      ^~~~~~~~~~~~
   30 |               Dot_Model (Matrix_Row (M, K, Transpose), V)));
      |               ~~~~~~~~~~~~~~~~~~~~~~~~~~~~~~~~~~~~~~~~~~
      + provers reached step limit before completing the proof

 medium: loop invariant might not be preserved by an arbitrary iteration, cannot prove Result (K) = Dot_Model (Matrix_Row (M, K, Transpose), V)
--> mj-tendon_vectors.adb:29:67
   29 |             pragma Loop_Invariant (Static => (for all K in 1 .. I => Result (K) =
      |                                                                      ^~~~~~~~~~~~
   30 |               Dot_Model (Matrix_Row (M, K, Transpose), V)));
      |               ~~~~~~~~~~~~~~~~~~~~~~~~~~~~~~~~~~~~~~~~~~
      + provers reached step limit before completing the proof

 medium: array index check might fail
--> mj-tendon_vectors.adb:29:75
   29 |             pragma Loop_Invariant (Static => (for all K in 1 .. I => Result (K) =
      |                                                                              ^
      + reason for check: value must be a valid index into the array
      + provers reached step limit before completing the proof

 medium: precondition might fail, cannot prove Bounded (A, 1.0e100)
--> mj-tendon_vectors.adb:30:12
   30 |               Dot_Model (Matrix_Row (M, K, Transpose), V)));
      |               ^~~~~~~~~~~~~~~~~~~~~~~~~~~~~~~~~~~~~~~~~~
      + provers reached step limit before completing the proof

 medium: precondition might fail, cannot prove I <= 3
--> mj-tendon_vectors.adb:30:23
   30 |               Dot_Model (Matrix_Row (M, K, Transpose), V)));
      |                          ^~~~~~~~~~~~~~~~~~~~~~~~~~~
      + provers reached step limit before completing the proof

 info: index check proved
--> mj-tendon_vectors.ads:9:07

 info: index check proved
--> mj-tendon_vectors.ads:9:24

 info: index check proved
--> mj-tendon_vectors.ads:9:41

 info: implicit aspect Always_Terminates on "Bounded" has been proved, subprogram will terminate
--> mj-tendon_vectors.ads:11:13

 info: implicit aspect Always_Terminates on "Rotation_Bounded" has been proved, subprogram will terminate
--> mj-tendon_vectors.ads:14:13

 info: implicit aspect Always_Terminates on "Add" has been proved, subprogram will terminate
--> mj-tendon_vectors.ads:25:13

 medium: postcondition might fail, cannot prove Add'Result (I) = A (I) + B (I)
--> mj-tendon_vectors.ads:27:38
   27 |         Post => (for all I in 1 .. 3 => Add'Result (I) = A (I) + B (I));
      |                                         ^~~~~~~~~~~~~~~~~~~~~~~~~~~~~
      + provers reached step limit before completing the proof

 medium: float overflow check might fail
--> mj-tendon_vectors.ads:27:61
   27 |         Post => (for all I in 1 .. 3 => Add'Result (I) = A (I) + B (I));
      |                                                          ~~~~~~^~~~~~
      + reason for check: result of floating-point addition must be bounded
      + provers reached step limit before completing the proof

 info: implicit aspect Always_Terminates on "Sub" has been proved, subprogram will terminate
--> mj-tendon_vectors.ads:28:13

 medium: postcondition might fail, cannot prove Sub'Result (I) = A (I) - B (I)
--> mj-tendon_vectors.ads:30:38
   30 |         Post => (for all I in 1 .. 3 => Sub'Result (I) = A (I) - B (I));
      |                                         ^~~~~~~~~~~~~~~~~~~~~~~~~~~~~
      + provers reached step limit before completing the proof

 medium: float overflow check might fail
--> mj-tendon_vectors.ads:30:61
   30 |         Post => (for all I in 1 .. 3 => Sub'Result (I) = A (I) - B (I));
      |                                                          ~~~~~~^~~~~~
      + reason for check: result of floating-point subtraction must be bounded
      + provers reached step limit before completing the proof

 info: implicit aspect Always_Terminates on "Scale" has been proved, subprogram will terminate
--> mj-tendon_vectors.ads:31:13

 medium: postcondition might fail, cannot prove Scale'Result (I) = A (I) * S
--> mj-tendon_vectors.ads:33:38
   33 |         Post => (for all I in 1 .. 3 => Scale'Result (I) = A (I) * S);
      |                                         ^~~~~~~~~~~~~~~~~~~~~~~~~~~~
      + provers reached step limit before completing the proof

 medium: float overflow check might fail
--> mj-tendon_vectors.ads:33:63
   33 |         Post => (for all I in 1 .. 3 => Scale'Result (I) = A (I) * S);
      |                                                            ~~~~~~^~~
      + reason for check: result of floating-point multiplication must be bounded
      + provers reached step limit before completing the proof

 info: implicit aspect Always_Terminates on "Dot_Model" has been proved, subprogram will terminate
--> mj-tendon_vectors.ads:34:13

 medium: float overflow check might fail
--> mj-tendon_vectors.ads:35:14
   35 |         ((A (1) * B (1) + A (2) * B (2)) + A (3) * B (3)) with
      |           ~~~~~~^~~~~~
      + reason for check: result of floating-point multiplication must be bounded
      + provers reached step limit before completing the proof

 medium: float overflow check might fail
--> mj-tendon_vectors.ads:35:22
   35 |         ((A (1) * B (1) + A (2) * B (2)) + A (3) * B (3)) with
      |          ~~~~~~~~~~~~~~~^~~~~~~~~~~~~~~
      + reason for check: result of floating-point addition must be bounded
      + provers reached step limit before completing the proof

 medium: float overflow check might fail
--> mj-tendon_vectors.ads:35:30
   35 |         ((A (1) * B (1) + A (2) * B (2)) + A (3) * B (3)) with
      |                           ~~~~~~^~~~~~
      + reason for check: result of floating-point multiplication must be bounded
      + provers reached step limit before completing the proof

 medium: float overflow check might fail
--> mj-tendon_vectors.ads:35:39
   35 |         ((A (1) * B (1) + A (2) * B (2)) + A (3) * B (3)) with
      |          ~~~~~~~~~~~~~~~~~~~~~~~~~~~~~~~~^~~~~~~~~~~~~~
      + reason for check: result of floating-point addition must be bounded
      + provers reached step limit before completing the proof

 medium: float overflow check might fail
--> mj-tendon_vectors.ads:35:47
   35 |         ((A (1) * B (1) + A (2) * B (2)) + A (3) * B (3)) with
      |                                            ~~~~~~^~~~~~
      + reason for check: result of floating-point multiplication must be bounded
      + provers reached step limit before completing the proof

 info: data dependencies proved
--> mj-tendon_vectors.ads:36:23

 info: implicit aspect Always_Terminates on "Dot" has been proved, subprogram will terminate
--> mj-tendon_vectors.ads:38:13

 medium: postcondition might fail
--> mj-tendon_vectors.ads:40:25
   40 |         Post => (Static => Dot'Result = Dot_Model (A, B));
      |                            ^~~~~~~~~~~~~~~~~~~~~~~~~~~~
      + provers reached step limit before completing the proof

 info: precondition proved
--> mj-tendon_vectors.ads:40:38

 info: implicit aspect Always_Terminates on "Cross" has been proved, subprogram will terminate
--> mj-tendon_vectors.ads:41:13

 medium: postcondition might fail
--> mj-tendon_vectors.ads:43:14
   43 |         Post => Cross'Result =
      |                 ^~~~~~~~~~~~~~
      :
   46 |            A (1) * B (2) - A (2) * B (1));
      |            ~~~~~~~~~~~~~~~~~~~~~~~~~~~~
      + provers reached step limit before completing the proof

 info: float overflow check proved
--> mj-tendon_vectors.ads:44:15

 info: float overflow check proved
--> mj-tendon_vectors.ads:44:23

 info: float overflow check proved
--> mj-tendon_vectors.ads:44:31

 info: float overflow check proved
--> mj-tendon_vectors.ads:45:15

 info: float overflow check proved
--> mj-tendon_vectors.ads:45:23

 info: float overflow check proved
--> mj-tendon_vectors.ads:45:31

 info: float overflow check proved
--> mj-tendon_vectors.ads:46:15

 info: float overflow check proved
--> mj-tendon_vectors.ads:46:23

 info: float overflow check proved
--> mj-tendon_vectors.ads:46:31

 info: implicit aspect Always_Terminates on "Matrix_Row" has been proved, subprogram will terminate
--> mj-tendon_vectors.ads:47:13

 info: index check proved
--> mj-tendon_vectors.ads:48:32

 info: index check proved
--> mj-tendon_vectors.ads:48:42

 info: index check proved
--> mj-tendon_vectors.ads:48:52

 info: index check proved
--> mj-tendon_vectors.ads:49:16

 info: index check proved
--> mj-tendon_vectors.ads:49:26

 info: index check proved
--> mj-tendon_vectors.ads:49:36

 medium: postcondition might fail
--> mj-tendon_vectors.ads:51:14
   51 |         Post => Bounded (Matrix_Row'Result, 1.000001);
      |                 ^~~~~~~~~~~~~~~~~~~~~~~~~~~~~~~~~~~~
      + provers reached step limit before completing the proof

 info: implicit aspect Always_Terminates on "Multiply" has been proved, subprogram will terminate
--> mj-tendon_vectors.ads:52:13

 medium: postcondition might fail, cannot prove Multiply'Result (I) = Dot_Model (Matrix_Row (M, I, Transpose), V)
--> mj-tendon_vectors.ads:55:49
   55 |         Post => (Static => (for all I in 1 .. 3 => Multiply'Result (I) =
      |                                                    ^~~~~~~~~~~~~~~~~~~~~
   56 |           Dot_Model (Matrix_Row (M, I, Transpose), V)));
      |           ~~~~~~~~~~~~~~~~~~~~~~~~~~~~~~~~~~~~~~~~~~
      + provers reached step limit before completing the proof

 medium: precondition might fail, cannot prove Bounded (A, 1.0e100)
--> mj-tendon_vectors.ads:56:08
   56 |           Dot_Model (Matrix_Row (M, I, Transpose), V)));
      |           ^~~~~~~~~~~~~~~~~~~~~~~~~~~~~~~~~~~~~~~~~~
      + provers reached step limit before completing the proof

 info: precondition proved
--> mj-tendon_vectors.ads:56:19
Summary logged in /var/tmp/sparkling-spatial-tendons-20260930/kernel-proof-source-zuq3m6au/build/mj-tendon_vectors/validation/obj/gnatprove/gnatprove.out
gnatprove: unproved check messages considered as errors
guarded: elapsed 9.3 s, peak group RSS 229 MB
