Phase 1 of 3: generation of data representation information ...
Phase 2 of 3: generation of Global contracts ...
Phase 3 of 3: analysis of data and information flow ...
 info: initialization of "R" proved
--> mj-bvh.adb:4:07

 info: initialization of "Lo" proved
--> mj-bvh.adb:5:07

 info: initialization of "Hi" proved
--> mj-bvh.adb:5:11

 info: initialization of "L" proved
--> mj-bvh.adb:21:07

 info: initialization of "R" proved
--> mj-bvh.adb:21:10

 info: initialization of "N" proved
--> mj-bvh.adb:68:07

 info: initialization of "Mid" proved
--> mj-bvh.adb:68:10

 info: initialization of "I" proved
--> mj-bvh.adb:68:15

 info: initialization of "J" proved
--> mj-bvh.adb:68:18

 info: initialization of "Key" proved
--> mj-bvh.adb:68:21

 info: initialization of "K" proved
--> mj-bvh.adb:69:07

 info: initialization of "Bounds" proved
--> mj-bvh.adb:70:07

 info: initialization of "V" proved
--> mj-bvh.adb:112:07

 info: initialization of "Proj" proved
--> mj-bvh.adb:149:07

 info: initialization of "Radius" proved
--> mj-bvh.adb:149:13

 info: implicit aspect Always_Terminates on "Area" has been proved, subprogram will terminate
--> mj-bvh.adb:174:13

 info: initialization of "C" proved
--> mj-bvh.adb:189:07

 info: initialization of "Cache" proved
--> mj-bvh.adb:190:07

 info: initialization of "LA" proved
--> mj-bvh.adb:191:07

 info: initialization of "LB" proved
--> mj-bvh.adb:191:11

 info: initialization of "Hit" proved
--> mj-bvh.adb:191:15

 info: analyzing call to "Push" in context
--> mj-bvh.adb:200:32

 info: no contextual analysis of "Area" (in potentially unevaluated context)
--> mj-bvh.adb:216:50

 info: no contextual analysis of "Area" (in potentially unevaluated context)
--> mj-bvh.adb:216:84

 info: analyzing call to "Push" in context
--> mj-bvh.adb:217:19

 info: analyzing call to "Push" in context
--> mj-bvh.adb:217:60

 info: analyzing call to "Push" in context
--> mj-bvh.adb:219:19

 info: analyzing call to "Push" in context
--> mj-bvh.adb:219:60

 info: implicit aspect Always_Terminates on "Valid" has been proved, subprogram will terminate
--> mj-bvh.ads:12:13

 info: implicit aspect Always_Terminates on "Overlap" has been proved, subprogram will terminate
--> mj-bvh.ads:15:13

 info: data dependencies proved
--> mj-bvh.ads:19:11

 info: implicit aspect Always_Terminates on "Sphere_Overlap" has been proved, subprogram will terminate
--> mj-bvh.ads:20:13

 info: data dependencies proved
--> mj-bvh.ads:23:11

 info: implicit aspect Always_Terminates on "Contains" has been proved, subprogram will terminate
--> mj-bvh.ads:25:13

 info: implicit aspect Always_Terminates on "Union_Box" has been proved, subprogram will terminate
--> mj-bvh.ads:29:13

 info: data dependencies proved
--> mj-bvh.ads:30:11

 info: implicit aspect Always_Terminates on "Topology_Valid" has been proved, subprogram will terminate
--> mj-bvh.ads:42:13

 info: data dependencies proved
--> mj-bvh.ads:42:59

 info: implicit aspect Always_Terminates on "Valid" has been proved, subprogram will terminate
--> mj-bvh.ads:43:13

 info: data dependencies proved
--> mj-bvh.ads:43:50

 info: initialization of "Result" proved
--> mj-bvh.ads:45:53

 info: data dependencies proved
--> mj-bvh.ads:46:11

 info: initialization of "Result" proved
--> mj-bvh.ads:47:53

 info: data dependencies proved
--> mj-bvh.ads:48:11

 info: initialization of "Cache" proved
--> mj-bvh.ads:51:38

 info: data dependencies proved
--> mj-bvh.ads:52:11

 info: implicit aspect Always_Terminates on "Oriented_Overlap" has been proved, subprogram will terminate
--> mj-bvh.ads:54:13

 info: data dependencies proved
--> mj-bvh.ads:55:27

 info: initialization of "Count" proved
--> mj-bvh.ads:63:48

 info: initialization of "Result" proved
--> mj-bvh.ads:63:69

 info: data dependencies proved
--> mj-bvh.ads:64:11
 info: initialization of "Last" proved
--> mj-sdf_fields.adb:5:07

 info: initialization of "C" proved
--> mj-sdf_fields.adb:6:07

 info: implicit aspect Always_Terminates on "Product" has been proved, subprogram will terminate
--> mj-sdf_fields.adb:27:13

 info: data dependencies proved
--> mj-sdf_fields.adb:28:06

 info: initialization of "R" proved
--> mj-sdf_fields.adb:51:07

 info: initialization of "Q" proved
--> mj-sdf_fields.adb:51:10

 warning: initialization of "Factors" has no effect
--> mj-sdf_fields.adb:72:07
   72 |          Lo, Hi, Coord, Factors, Inv : Vec := Zero;
      |          ^~~~~~~~~~~~~~~~~~~~~~~~~~~~~~~~~~~~~~~~~

 info: initialization of "Signs" proved
--> mj-sdf_fields.adb:73:07

 info: initialization of "Child" proved
--> mj-sdf_fields.adb:74:07

 info: initialization of "Value" proved
--> mj-sdf_fields.adb:107:57

 info: initialization of "Result" proved
--> mj-sdf_fields.adb:107:75

 info: initialization of "D" proved
--> mj-sdf_fields.adb:109:07

 info: initialization of "D" proved, in call inlined at mj-sdf_fields.adb:136
--> mj-sdf_fields.adb:109:07

 info: initialization of "D" proved, in call inlined at mj-sdf_fields.adb:148
--> mj-sdf_fields.adb:109:07

 info: initialization of "W" proved
--> mj-sdf_fields.adb:110:07

 info: initialization of "W" proved, in call inlined at mj-sdf_fields.adb:136
--> mj-sdf_fields.adb:110:07

 info: initialization of "W" proved, in call inlined at mj-sdf_fields.adb:148
--> mj-sdf_fields.adb:110:07

 info: initialization of "Leaf" proved
--> mj-sdf_fields.adb:112:07

 info: initialization of "Leaf" proved, in call inlined at mj-sdf_fields.adb:136
--> mj-sdf_fields.adb:112:07

 info: initialization of "Leaf" proved, in call inlined at mj-sdf_fields.adb:148
--> mj-sdf_fields.adb:112:07

 warning: "DW" is set by "Locate" but not used after the call
--> mj-sdf_fields.adb:117:33
  117 |          Locate (F, T, P, Leaf, W, DW, Result);
      |                                    ^~

 warning: "DW" is set by "Locate" but not used after the call, in call inlined at mj-sdf_fields.adb:136
--> mj-sdf_fields.adb:117:33
  117 |          Locate (F, T, P, Leaf, W, DW, Result);
      |                                    ^

 warning: "DW" is set by "Locate" but not used after the call, in call inlined at mj-sdf_fields.adb:148
--> mj-sdf_fields.adb:117:33
  117 |          Locate (F, T, P, Leaf, W, DW, Result);
      |                                    ^

 warning: initialization of "B" has no effect
--> mj-sdf_fields.adb:125:07
  125 |          A, B, P, G0, G1 : Vec := Zero;
      |          ^~~~~~~~~~~~~~~~~~~~~~~~~~~~~

 warning: initialization of "P" has no effect
--> mj-sdf_fields.adb:125:07
  125 |          A, B, P, G0, G1 : Vec := Zero;
      |          ^~~~~~~~~~~~~~~~~~~~~~~~~~~~~

 info: initialization of "N" proved
--> mj-sdf_fields.adb:126:07

 info: initialization of "M" proved
--> mj-sdf_fields.adb:126:10

 info: initialization of "R" proved
--> mj-sdf_fields.adb:126:13

 info: initialization of "E" proved
--> mj-sdf_fields.adb:126:16

 info: initialization of "C" proved
--> mj-sdf_fields.adb:126:19

 info: initialization of "DF0" proved
--> mj-sdf_fields.adb:126:22

 info: initialization of "DF1" proved
--> mj-sdf_fields.adb:126:27

 info: initialization of "DW" proved
--> mj-sdf_fields.adb:128:07

 info: initialization of "Leaf" proved
--> mj-sdf_fields.adb:129:07

 info: analyzing call to "Oct_Value" in context
--> mj-sdf_fields.adb:136:10

 warning: "W" is set by "Locate" but not used after the call
--> mj-sdf_fields.adb:140:36
  140 |                Locate (F, T, P, Leaf, W, DW, Result);
      |                                       ^

 info: analyzing call to "Oct_Value" in context
--> mj-sdf_fields.adb:148:16

 info: implicit aspect Always_Terminates on "Valid" has been proved, subprogram will terminate
--> mj-sdf_fields.ads:23:13

 info: data dependencies proved
--> mj-sdf_fields.ads:23:63

 info: implicit aspect Always_Terminates on "Combine_Value" has been proved, subprogram will terminate
--> mj-sdf_fields.ads:24:13

 info: data dependencies proved
--> mj-sdf_fields.ads:30:11

 info: implicit aspect Always_Terminates on "Interpolate" has been proved, subprogram will terminate
--> mj-sdf_fields.ads:32:13

 info: data dependencies proved
--> mj-sdf_fields.ads:33:11

 info: initialization of "Distance" proved
--> mj-sdf_fields.ads:39:55

 info: data dependencies proved
--> mj-sdf_fields.ads:40:11

 info: initialization of "Leaf" proved
--> mj-sdf_fields.ads:43:22

 info: initialization of "W" proved
--> mj-sdf_fields.ads:43:42

 info: initialization of "DW" proved
--> mj-sdf_fields.ads:44:22

 info: initialization of "Result" proved
--> mj-sdf_fields.ads:44:49

 info: data dependencies proved
--> mj-sdf_fields.ads:45:11

 info: initialization of "Value" proved
--> mj-sdf_fields.ads:49:24

 info: initialization of "Gradient" proved
--> mj-sdf_fields.ads:49:42

 info: initialization of "Result" proved
--> mj-sdf_fields.ads:49:62

 info: data dependencies proved
--> mj-sdf_fields.ads:50:11
 info: initialization of "R" proved
--> mj-flex_collisions.adb:16:07

 info: implicit aspect Always_Terminates on "As_Object" has been proved, subprogram will terminate
--> mj-flex_collisions.adb:27:13

 info: implicit aspect Always_Terminates on "Corners" has been proved, subprogram will terminate
--> mj-flex_collisions.adb:34:13

 info: implicit aspect Always_Terminates on "Valid_Array" has been proved, subprogram will terminate
--> mj-flex_collisions.adb:36:13

 info: initialization of "Box" proved
--> mj-flex_collisions.adb:40:07

 info: initialization of "Item" proved
--> mj-flex_collisions.adb:41:07

 info: initialization of "B" proved
--> mj-flex_collisions.adb:61:07

 info: initialization of "S" proved
--> mj-flex_collisions.adb:80:07

 info: initialization of "P" proved
--> mj-flex_collisions.adb:80:18

 info: analyzing call to "As_Object" in context
--> mj-flex_collisions.adb:81:32

 info: initialization of "SA" proved
--> mj-flex_collisions.adb:116:07

 info: initialization of "SB" proved
--> mj-flex_collisions.adb:116:11

 info: initialization of "PA" proved
--> mj-flex_collisions.adb:116:23

 info: initialization of "PB" proved
--> mj-flex_collisions.adb:116:27

 info: analyzing call to "As_Object" in context
--> mj-flex_collisions.adb:134:36

 info: analyzing call to "As_Object" in context
--> mj-flex_collisions.adb:134:56

 info: initialization of "S" proved
--> mj-flex_collisions.adb:140:07

 info: initialization of "P" proved
--> mj-flex_collisions.adb:140:18

 info: initialization of "B" proved
--> mj-flex_collisions.adb:142:07

 info: analyzing call to "As_Object" in context
--> mj-flex_collisions.adb:161:46

 info: initialization of "Vertices" proved
--> mj-flex_collisions.adb:175:10

 info: initialization of "Result" proved
--> mj-flex_collisions.adb:182:78

 info: initialization of "D" proved
--> mj-flex_collisions.adb:194:07

 warning: initialization of "Next" has no effect
--> mj-flex_collisions.adb:215:07
  215 |          Best, Next : Integer := 0;
      |          ^~~~~~~~~~~~~~~~~~~~~~~~~

 info: initialization of "Best_Dist" proved
--> mj-flex_collisions.adb:216:07

 info: initialization of "Next_Dist" proved
--> mj-flex_collisions.adb:216:18

 info: initialization of "D2" proved
--> mj-flex_collisions.adb:216:29

 info: initialization of "Point" proved
--> mj-flex_collisions.adb:217:07

 info: initialization of "Temp" proved
--> mj-flex_collisions.adb:218:07

 info: initialization of parts of "M" without Relaxed_Initialization proved
--> mj-flex_collisions.adb:247:07

 info: initialization of "N" proved
--> mj-flex_collisions.adb:249:07

 info: initialization of "Before" proved
--> mj-flex_collisions.adb:249:10

 info: initialization of "Mask" proved
--> mj-flex_collisions.adb:250:07

 warning: initialization of "K" has no effect
--> mj-flex_collisions.adb:251:07
  251 |          K : Axis := 0;
      |          ^~~~~~~~~~~~~

 info: initialization of "Bounds_Array" proved
--> mj-flex_collisions.adb:252:07

 info: initialization of "Hit" proved
--> mj-flex_collisions.adb:253:07

 info: initialization of "Triangle" proved
--> mj-flex_collisions.adb:254:07

 info: analyzing call to "Test" in context
--> mj-flex_collisions.adb:293:13

 info: analyzing call to "Test" in context
--> mj-flex_collisions.adb:306:13

 info: analyzing call to "Test" in context
--> mj-flex_collisions.adb:312:16

 info: initialization of parts of "M" without Relaxed_Initialization proved
--> mj-flex_collisions.adb:322:07

 info: initialization of "N" proved
--> mj-flex_collisions.adb:324:07

 info: analyzing call to "Test" in context
--> mj-flex_collisions.adb:340:13

 info: analyzing call to "Test" in context
--> mj-flex_collisions.adb:344:36

 info: implicit aspect Always_Terminates on "Active" has been proved, subprogram will terminate
--> mj-flex_collisions.ads:28:13

 info: data dependencies proved
--> mj-flex_collisions.ads:29:63

 info: implicit aspect Always_Terminates on "Compatible" has been proved, subprogram will terminate
--> mj-flex_collisions.ads:30:13

 info: implicit aspect Always_Terminates on "Valid" has been proved, subprogram will terminate
--> mj-flex_collisions.ads:31:13

 info: implicit aspect Always_Terminates on "Bounds" has been proved, subprogram will terminate
--> mj-flex_collisions.ads:36:13

 info: data dependencies proved
--> mj-flex_collisions.ads:37:11

 info: implicit aspect Always_Terminates on "Fits" has been proved, subprogram will terminate
--> mj-flex_collisions.ads:40:13

 info: data dependencies proved
--> mj-flex_collisions.ads:41:27

 info: initialization of "Result" proved
--> mj-flex_collisions.ads:43:70

 info: data dependencies proved
--> mj-flex_collisions.ads:44:11

 info: initialization of "Result" proved
--> mj-flex_collisions.ads:49:49

 info: data dependencies proved
--> mj-flex_collisions.ads:50:11

 info: initialization of "Result" proved
--> mj-flex_collisions.ads:57:45

 info: data dependencies proved
--> mj-flex_collisions.ads:58:11

 info: initialization of "Result" proved
--> mj-flex_collisions.ads:63:51

 info: data dependencies proved
--> mj-flex_collisions.ads:64:11

 info: initialization of "Result" proved
--> mj-flex_collisions.ads:70:56

 info: data dependencies proved
--> mj-flex_collisions.ads:71:11

 info: initialization of "Result" proved
--> mj-flex_collisions.ads:83:39

 info: data dependencies proved
--> mj-flex_collisions.ads:84:11

 info: data dependencies proved
--> mj-flex_collisions.ads:88:11

 info: initialization of "Result" proved
--> mj-flex_collisions.ads:93:88

 info: data dependencies proved
--> mj-flex_collisions.ads:94:11

 info: initialization of "Result" proved
--> mj-flex_collisions.ads:100:43

 info: data dependencies proved
--> mj-flex_collisions.ads:101:11
 info: in instantiation at mj-sdf_collisions.adb:42
--> mj-builtin_sdf.ads:4:01
      + analyzing call to "Query" in context

 info: in instantiation at mj-sdf_collisions.adb:46
--> mj-builtin_sdf.ads:4:01
      + analyzing call to "Query" in context

 info: in instantiation at mj-sdf_collisions.adb:51
--> mj-builtin_sdf.ads:4:01
      + analyzing call to "Query" in context

 info: in instantiation at mj-sdf_collisions.adb:56
--> mj-builtin_sdf.ads:4:01
      + analyzing call to "Query" in context

 info: in instantiation at mj-sdf_collisions.adb:58
--> mj-builtin_sdf.ads:4:01
      + analyzing call to "Query" in context

 info: in instantiation at mj-sdf_collisions.adb:63
--> mj-builtin_sdf.ads:4:01
      + analyzing call to "Query" in context

 info: in instantiation at mj-sdf_collisions.adb:64
--> mj-builtin_sdf.ads:4:01
      + analyzing call to "Query" in context

 info: in instantiation at mj-sdf_collisions.adb:163
--> mj-builtin_sdf.ads:4:01
      + analyzing call to "Add_Contact" in context

 info: in instantiation at mj-sdf_collisions.adb:170
--> mj-builtin_sdf.ads:4:01
      + no contextual analysis of "Frank_Wolfe" (object renaming)

 info: in instantiation at mj-sdf_collisions.adb:276
--> mj-builtin_sdf.ads:4:01
      + analyzing call to "Triangle_Hit" in context

 info: in instantiation at mj-sdf_collisions.adb:306
--> mj-builtin_sdf.ads:4:01
      + analyzing call to "Add_Contact" in context

 info: in instantiation at mj-sdf_collisions.adb:325
--> mj-builtin_sdf.ads:4:01
      + analyzing call to "Process" in context

 info: in instantiation at mj-sdf_collisions.adb:339
--> mj-builtin_sdf.ads:4:01
      + analyzing call to "Process" in context

 info: in instantiation at mj-sdf_collisions.adb:348
--> mj-builtin_sdf.ads:4:01
      + analyzing call to "Add_Contact" in context

 info: in inlined body at mj-sdf_collisions.adb:276
--> mj-builtin_sdf.ads:4:01
      + in instantiation at mj-sdf_collisions.adb:163
      + analyzing call to "Triangle_Hit" in context

 info: in inlined body at mj-sdf_collisions.adb:306
--> mj-builtin_sdf.ads:4:01
      + in instantiation at mj-sdf_collisions.adb:163
      + analyzing call to "Add_Contact" in context

 info: implicit aspect Always_Terminates on "Halton" has been proved, subprogram will terminate, in instantiation at mj-builtin_sdf.ads:4
--> mj-sdf_collisions.ads:21:13

 info: data dependencies proved, in instantiation at mj-builtin_sdf.ads:4
--> mj-sdf_collisions.ads:22:11

 info: initialization of "Value" proved, in instantiation at mj-builtin_sdf.ads:4
--> mj-sdf_collisions.ads:24:24

 info: initialization of "Gradient" proved, in instantiation at mj-builtin_sdf.ads:4
--> mj-sdf_collisions.ads:24:42

 info: initialization of "Result" proved, in instantiation at mj-builtin_sdf.ads:4
--> mj-sdf_collisions.ads:24:62

 info: data dependencies proved, in instantiation at mj-builtin_sdf.ads:4
--> mj-sdf_collisions.ads:25:11

 info: initialization of "Depth" proved, in instantiation at mj-builtin_sdf.ads:4
--> mj-sdf_collisions.ads:27:39

 info: initialization of "Result" proved, in instantiation at mj-builtin_sdf.ads:4
--> mj-sdf_collisions.ads:27:57

 info: data dependencies proved, in instantiation at mj-builtin_sdf.ads:4
--> mj-sdf_collisions.ads:28:11

 info: initialization of "Result" proved, in instantiation at mj-builtin_sdf.ads:4
--> mj-sdf_collisions.ads:30:65

 info: data dependencies proved, in instantiation at mj-builtin_sdf.ads:4
--> mj-sdf_collisions.ads:31:11

 info: implicit aspect Always_Terminates on "Fits" has been proved, subprogram will terminate, in instantiation at mj-builtin_sdf.ads:4
--> mj-sdf_collisions.ads:39:13

 info: data dependencies proved, in instantiation at mj-builtin_sdf.ads:4
--> mj-sdf_collisions.ads:40:11

 info: initialization of "IDs" proved, in instantiation at mj-builtin_sdf.ads:4
--> mj-sdf_collisions.ads:48:46

 info: initialization of "Result" proved, in instantiation at mj-builtin_sdf.ads:4
--> mj-sdf_collisions.ads:48:66

 info: data dependencies proved, in instantiation at mj-builtin_sdf.ads:4
--> mj-sdf_collisions.ads:49:11

 info: implicit aspect Always_Terminates on "Relative_Pose" has been proved, subprogram will terminate, in instantiation at mj-builtin_sdf.ads:4
--> mj-sdf_collisions.adb:18:13

 info: initialization of "Value" proved, in instantiation at mj-builtin_sdf.ads:4
--> mj-sdf_collisions.adb:22:21

 info: initialization of "Gradient" proved, in instantiation at mj-builtin_sdf.ads:4
--> mj-sdf_collisions.adb:22:39

 info: initialization of "Result" proved, in instantiation at mj-builtin_sdf.ads:4
--> mj-sdf_collisions.adb:22:59

 warning: unused assignment, in call inlined at mj-sdf_collisions.adb:42, in instantiation at mj-builtin_sdf.ads:4
--> mj-sdf_collisions.adb:24:30
   24 |          Value := 0.0; Gradient := Zero; Result := Invalid_Input;
      |                        ~~~~~~~~~^~~~

 warning: unused assignment, in call inlined at mj-sdf_collisions.adb:51, in instantiation at mj-builtin_sdf.ads:4
--> mj-sdf_collisions.adb:24:30
   24 |          Value := 0.0; Gradient := Zero; Result := Invalid_Input;
      |                        ~~~~~~~~~^~~~

 warning: unused assignment, in call inlined at mj-sdf_collisions.adb:42, in instantiation at mj-builtin_sdf.ads:4
--> mj-sdf_collisions.adb:31:58
   31 |             Result := Numeric_Limit; Value := 0.0; Gradient := Zero;
      |                                                    ~~~~~~~~~^~~~

 warning: unused assignment, in call inlined at mj-sdf_collisions.adb:51, in instantiation at mj-builtin_sdf.ads:4
--> mj-sdf_collisions.adb:31:58
   31 |             Result := Numeric_Limit; Value := 0.0; Gradient := Zero;
      |                                                    ~~~~~~~~~^~~~

 info: initialization of "Y" proved, in instantiation at mj-builtin_sdf.ads:4
--> mj-sdf_collisions.adb:37:07

 info: initialization of "G1" proved, in instantiation at mj-builtin_sdf.ads:4
--> mj-sdf_collisions.adb:37:10

 info: initialization of "G2" proved, in instantiation at mj-builtin_sdf.ads:4
--> mj-sdf_collisions.adb:37:14

 info: initialization of "A" proved, in instantiation at mj-builtin_sdf.ads:4
--> mj-sdf_collisions.adb:38:07

 info: initialization of "B" proved, in instantiation at mj-builtin_sdf.ads:4
--> mj-sdf_collisions.adb:38:10

 info: initialization of "Unused" proved, in instantiation at mj-builtin_sdf.ads:4
--> mj-sdf_collisions.adb:38:13

 info: initialization of "Sign" proved, in instantiation at mj-builtin_sdf.ads:4
--> mj-sdf_collisions.adb:39:07

 info: initialization of "G" proved, in instantiation at mj-builtin_sdf.ads:4
--> mj-sdf_collisions.adb:78:07

 info: initialization of "X0" proved, in instantiation at mj-builtin_sdf.ads:4
--> mj-sdf_collisions.adb:78:10

 info: initialization of "D0" proved, in instantiation at mj-builtin_sdf.ads:4
--> mj-sdf_collisions.adb:79:07

 info: initialization of "Alpha" proved, in instantiation at mj-builtin_sdf.ads:4
--> mj-sdf_collisions.adb:79:19

 info: initialization of "Wolfe" proved, in instantiation at mj-builtin_sdf.ads:4
--> mj-sdf_collisions.adb:79:26

 info: initialization of "Added" proved, in instantiation at mj-builtin_sdf.ads:4
--> mj-sdf_collisions.adb:102:48

 info: initialization of "Result" proved, in instantiation at mj-builtin_sdf.ads:4
--> mj-sdf_collisions.adb:102:69

 info: initialization of "G" proved, in instantiation at mj-builtin_sdf.ads:4
--> mj-sdf_collisions.adb:103:07

 info: initialization of "G" proved, in call inlined at mj-sdf_collisions.adb:64, in instantiation at mj-builtin_sdf.ads:4
--> mj-sdf_collisions.adb:103:07

 info: initialization of "N" proved, in instantiation at mj-builtin_sdf.ads:4
--> mj-sdf_collisions.adb:103:10

 info: initialization of "N" proved, in call inlined at mj-sdf_collisions.adb:64, in instantiation at mj-builtin_sdf.ads:4
--> mj-sdf_collisions.adb:103:10

 info: initialization of "Len" proved, in instantiation at mj-builtin_sdf.ads:4
--> mj-sdf_collisions.adb:104:10

 info: initialization of "Len" proved, in call inlined at mj-sdf_collisions.adb:64, in instantiation at mj-builtin_sdf.ads:4
--> mj-sdf_collisions.adb:104:10

 info: initialization of "Scl" proved, in instantiation at mj-builtin_sdf.ads:4
--> mj-sdf_collisions.adb:104:15

 info: initialization of "Scl" proved, in call inlined at mj-sdf_collisions.adb:64, in instantiation at mj-builtin_sdf.ads:4
--> mj-sdf_collisions.adb:104:15

 warning: unused assignment, in call inlined at mj-sdf_collisions.adb:64, in instantiation at mj-builtin_sdf.ads:4
--> mj-sdf_collisions.adb:106:13
  106 |          Added := False; Result := Success;
      |          ~~~~~~^~~~

 warning: "D" is set by "Evaluate" but not used after the call, in instantiation at mj-builtin_sdf.ads:4
--> mj-sdf_collisions.adb:111:32
  111 |          Evaluate (P, T, X, True, D, G, Result);
      |                                   ^

 warning: "D" is set by "Evaluate" but not used after the call, in call inlined at mj-sdf_collisions.adb:64, in instantiation at mj-builtin_sdf.ads:4
--> mj-sdf_collisions.adb:111:32
  111 |          Evaluate (P, T, X, True, D, G, Result);
      |                                   ^

 warning: statement has no effect, in call inlined at mj-sdf_collisions.adb:64, in instantiation at mj-builtin_sdf.ads:4
--> mj-sdf_collisions.adb:115:32
  115 |          N := Scale (G, 1.0/Len); if not Flip then N := Scale (N, -1.0); end if;
      |                                   ^

 warning: unused assignment, in call inlined at mj-sdf_collisions.adb:64, in instantiation at mj-builtin_sdf.ads:4
--> mj-sdf_collisions.adb:120:63
  120 |          Points (M.Length) := X; M.Length := M.Length + 1; Added := True;
      |                                                            ~~~~~~^~~~

 info: initialization of "V" proved, in instantiation at mj-builtin_sdf.ads:4
--> mj-sdf_collisions.adb:130:07

 info: initialization of "X" proved, in instantiation at mj-builtin_sdf.ads:4
--> mj-sdf_collisions.adb:130:10

 info: initialization of "D" proved, in instantiation at mj-builtin_sdf.ads:4
--> mj-sdf_collisions.adb:131:07

 warning: "D" is set by "Descent" but not used after the call, in instantiation at mj-builtin_sdf.ads:4
--> mj-sdf_collisions.adb:157:63
  157 |             P.Kind := Collision; Descent (P, T, O.Iterations, X, D, Result);
      |                                                                  ^

 info: initialization of "D" proved, in instantiation at mj-builtin_sdf.ads:4
--> mj-sdf_collisions.adb:171:43

 info: initialization of "Result" proved, in instantiation at mj-builtin_sdf.ads:4
--> mj-sdf_collisions.adb:171:57

 info: initialization of "G" proved, in instantiation at mj-builtin_sdf.ads:4
--> mj-sdf_collisions.adb:172:07

 info: initialization of "Best_Point" proved, in instantiation at mj-builtin_sdf.ads:4
--> mj-sdf_collisions.adb:172:10

 info: initialization of "Best" proved, in instantiation at mj-builtin_sdf.ads:4
--> mj-sdf_collisions.adb:173:07

 info: initialization of "Value" proved, in instantiation at mj-builtin_sdf.ads:4
--> mj-sdf_collisions.adb:173:13

 warning: unused assignment, in instantiation at mj-builtin_sdf.ads:4
--> mj-sdf_collisions.adb:175:28
  175 |          D := Max_Val; Result := Success;
      |                        ~~~~~~~^~~~

 warning: "Value" is set by "Evaluate" but not used after the call, in instantiation at mj-builtin_sdf.ads:4
--> mj-sdf_collisions.adb:177:35
  177 |             Evaluate (P, T, X, True, Value, G, Result); if Result /= Success then return; end if;
      |                                      ^

 info: initialization of "Hit" proved, in instantiation at mj-builtin_sdf.ads:4
--> mj-sdf_collisions.adb:190:28

 info: initialization of "Result" proved, in instantiation at mj-builtin_sdf.ads:4
--> mj-sdf_collisions.adb:190:47

 info: initialization of "A" proved, in instantiation at mj-builtin_sdf.ads:4
--> mj-sdf_collisions.adb:195:07

 info: initialization of "A" proved, in call inlined at mj-sdf_collisions.adb:163, in instantiation at mj-builtin_sdf.ads:4
--> mj-sdf_collisions.adb:195:07

 info: initialization of "B" proved, in instantiation at mj-builtin_sdf.ads:4
--> mj-sdf_collisions.adb:195:10

 info: initialization of "B" proved, in call inlined at mj-sdf_collisions.adb:163, in instantiation at mj-builtin_sdf.ads:4
--> mj-sdf_collisions.adb:195:10

 info: initialization of "C" proved, in instantiation at mj-builtin_sdf.ads:4
--> mj-sdf_collisions.adb:195:13

 info: initialization of "C" proved, in call inlined at mj-sdf_collisions.adb:163, in instantiation at mj-builtin_sdf.ads:4
--> mj-sdf_collisions.adb:195:13

 info: initialization of "CA" proved, in instantiation at mj-builtin_sdf.ads:4
--> mj-sdf_collisions.adb:196:07

 info: initialization of "CA" proved, in call inlined at mj-sdf_collisions.adb:163, in instantiation at mj-builtin_sdf.ads:4
--> mj-sdf_collisions.adb:196:07

 info: initialization of "CB" proved, in instantiation at mj-builtin_sdf.ads:4
--> mj-sdf_collisions.adb:196:11

 info: initialization of "CB" proved, in call inlined at mj-sdf_collisions.adb:163, in instantiation at mj-builtin_sdf.ads:4
--> mj-sdf_collisions.adb:196:11

 info: initialization of "CC" proved, in instantiation at mj-builtin_sdf.ads:4
--> mj-sdf_collisions.adb:196:15

 info: initialization of "CC" proved, in call inlined at mj-sdf_collisions.adb:163, in instantiation at mj-builtin_sdf.ads:4
--> mj-sdf_collisions.adb:196:15

 info: initialization of "D" proved, in instantiation at mj-builtin_sdf.ads:4
--> mj-sdf_collisions.adb:197:07

 info: initialization of "D" proved, in call inlined at mj-sdf_collisions.adb:163, in instantiation at mj-builtin_sdf.ads:4
--> mj-sdf_collisions.adb:197:07

 info: initialization of "H" proved, in instantiation at mj-builtin_sdf.ads:4
--> mj-sdf_collisions.adb:197:10

 info: initialization of "H" proved, in call inlined at mj-sdf_collisions.adb:163, in instantiation at mj-builtin_sdf.ads:4
--> mj-sdf_collisions.adb:197:10

 info: initialization of "L1" proved, in instantiation at mj-builtin_sdf.ads:4
--> mj-sdf_collisions.adb:197:13

 info: initialization of "L1" proved, in call inlined at mj-sdf_collisions.adb:163, in instantiation at mj-builtin_sdf.ads:4
--> mj-sdf_collisions.adb:197:13

 info: initialization of "L2" proved, in instantiation at mj-builtin_sdf.ads:4
--> mj-sdf_collisions.adb:197:17

 info: initialization of "L2" proved, in call inlined at mj-sdf_collisions.adb:163, in instantiation at mj-builtin_sdf.ads:4
--> mj-sdf_collisions.adb:197:17

 info: initialization of "L3" proved, in instantiation at mj-builtin_sdf.ads:4
--> mj-sdf_collisions.adb:197:21

 info: initialization of "L3" proved, in call inlined at mj-sdf_collisions.adb:163, in instantiation at mj-builtin_sdf.ads:4
--> mj-sdf_collisions.adb:197:21

 info: initialization of "S" proved, in instantiation at mj-builtin_sdf.ads:4
--> mj-sdf_collisions.adb:197:25

 info: initialization of "S" proved, in call inlined at mj-sdf_collisions.adb:163, in instantiation at mj-builtin_sdf.ads:4
--> mj-sdf_collisions.adb:197:25

 info: initialization of "Area" proved, in instantiation at mj-builtin_sdf.ads:4
--> mj-sdf_collisions.adb:197:28

 info: initialization of "Area" proved, in call inlined at mj-sdf_collisions.adb:163, in instantiation at mj-builtin_sdf.ads:4
--> mj-sdf_collisions.adb:197:28

 info: initialization of "Radius" proved, in instantiation at mj-builtin_sdf.ads:4
--> mj-sdf_collisions.adb:197:34

 info: initialization of "Radius" proved, in call inlined at mj-sdf_collisions.adb:163, in instantiation at mj-builtin_sdf.ads:4
--> mj-sdf_collisions.adb:197:34

 info: initialization of "Denom" proved, in instantiation at mj-builtin_sdf.ads:4
--> mj-sdf_collisions.adb:197:42

 info: initialization of "Denom" proved, in call inlined at mj-sdf_collisions.adb:163, in instantiation at mj-builtin_sdf.ads:4
--> mj-sdf_collisions.adb:197:42

 info: initialization of "Lo" proved, in instantiation at mj-builtin_sdf.ads:4
--> mj-sdf_collisions.adb:221:07

 info: initialization of "Hi" proved, in instantiation at mj-builtin_sdf.ads:4
--> mj-sdf_collisions.adb:221:10

 info: initialization of "B" proved, in instantiation at mj-builtin_sdf.ads:4
--> mj-sdf_collisions.adb:222:07

 info: initialization of "Item" proved, in instantiation at mj-builtin_sdf.ads:4
--> mj-sdf_collisions.adb:223:07

 info: initialization of "Top" proved, in instantiation at mj-builtin_sdf.ads:4
--> mj-sdf_collisions.adb:256:07

 info: initialization of "Node" proved, in instantiation at mj-builtin_sdf.ads:4
--> mj-sdf_collisions.adb:256:12

 info: initialization of "Hit" proved, in instantiation at mj-builtin_sdf.ads:4
--> mj-sdf_collisions.adb:262:07

 info: initialization of "Added" proved, in instantiation at mj-builtin_sdf.ads:4
--> mj-sdf_collisions.adb:262:12

 info: initialization of "X" proved, in instantiation at mj-builtin_sdf.ads:4
--> mj-sdf_collisions.adb:263:07

 info: initialization of "D" proved, in instantiation at mj-builtin_sdf.ads:4
--> mj-sdf_collisions.adb:264:07

 info: initialization of "V" proved, in instantiation at mj-builtin_sdf.ads:4
--> mj-sdf_collisions.adb:266:10

 info: initialization of "V" proved, in call inlined at mj-sdf_collisions.adb:163, in instantiation at mj-builtin_sdf.ads:4
--> mj-sdf_collisions.adb:266:10

 info: initialization of parts of "Temp" without Relaxed_Initialization proved, in instantiation at mj-builtin_sdf.ads:4
--> mj-sdf_collisions.adb:270:10

 info: initialization of parts of "Temp" without Relaxed_Initialization proved, in call inlined at mj-sdf_collisions.adb:163, in instantiation at mj-builtin_sdf.ads:4
--> mj-sdf_collisions.adb:270:10

 warning: initialization of "Best" has no effect, in call inlined at mj-sdf_collisions.adb:163, in instantiation at mj-builtin_sdf.ads:4
--> mj-sdf_collisions.adb:271:10
  271 |             L, Best : Natural := 0;
      |             ^~~~~~~~~~~~~~~~~~~~~~

 info: initialization of "U" proved, in instantiation at mj-builtin_sdf.ads:4
--> mj-sdf_collisions.adb:272:10

 info: initialization of "U" proved, in call inlined at mj-sdf_collisions.adb:163, in instantiation at mj-builtin_sdf.ads:4
--> mj-sdf_collisions.adb:272:10

 info: initialization of "W" proved, in instantiation at mj-builtin_sdf.ads:4
--> mj-sdf_collisions.adb:272:13

 info: initialization of "W" proved, in call inlined at mj-sdf_collisions.adb:163, in instantiation at mj-builtin_sdf.ads:4
--> mj-sdf_collisions.adb:272:13

 info: initialization of "B0" proved, in instantiation at mj-builtin_sdf.ads:4
--> mj-sdf_collisions.adb:272:16

 info: initialization of "B0" proved, in call inlined at mj-sdf_collisions.adb:163, in instantiation at mj-builtin_sdf.ads:4
--> mj-sdf_collisions.adb:272:16

 warning: unused assignment, in call inlined at mj-sdf_collisions.adb:163, in instantiation at mj-builtin_sdf.ads:4
--> mj-sdf_collisions.adb:290:34
  290 |                      Candidates (N) := X; Depths (N) := D; Candidate_IDs (N) := Faces (Index).Id; N := N+1;
      |                      ~~~~~~~~~~~~~~~^~~~

 warning: unused assignment, in call inlined at mj-sdf_collisions.adb:163, in instantiation at mj-builtin_sdf.ads:4
--> mj-sdf_collisions.adb:290:51
  290 |                      Candidates (N) := X; Depths (N) := D; Candidate_IDs (N) := Faces (Index).Id; N := N+1;
      |                                           ~~~~~~~~~~~^~~~

 warning: unused assignment, in call inlined at mj-sdf_collisions.adb:163, in instantiation at mj-builtin_sdf.ads:4
--> mj-sdf_collisions.adb:290:75
  290 |                      Candidates (N) := X; Depths (N) := D; Candidate_IDs (N) := Faces (Index).Id; N := N+1;
      |                                                            ~~~~~~~~~~~~~~~~~~^~~~~~~~~~~~~~~~~~

 warning: statement has no effect, in call inlined at mj-sdf_collisions.adb:163, in instantiation at mj-builtin_sdf.ads:4
--> mj-sdf_collisions.adb:298:31
  298 |                for J in 1 .. L-1 loop if Local_Depths (J) < Local_Depths (Best) then Best := J; end if; end loop;
      |                                  ^

 warning: statement has no effect, in call inlined at mj-sdf_collisions.adb:163, in instantiation at mj-builtin_sdf.ads:4
--> mj-sdf_collisions.adb:298:36
  298 |                for J in 1 .. L-1 loop if Local_Depths (J) < Local_Depths (Best) then Best := J; end if; end loop;
      |                                       ^

 warning: unused assignment, in call inlined at mj-sdf_collisions.adb:163, in instantiation at mj-builtin_sdf.ads:4
--> mj-sdf_collisions.adb:298:88
  298 |                for J in 1 .. L-1 loop if Local_Depths (J) < Local_Depths (Best) then Best := J; end if; end loop;
      |                                                                                      ~~~~~^~~~

 warning: unused assignment, in call inlined at mj-sdf_collisions.adb:163, in instantiation at mj-builtin_sdf.ads:4
--> mj-sdf_collisions.adb:300:31
  300 |                   Candidates (N) := Local_Points (Best); Depths (N) := Local_Depths (Best);
      |                   ~~~~~~~~~~~~~~~^~~~~~~~~~~~~~~~~~

 warning: unused assignment, in call inlined at mj-sdf_collisions.adb:163, in instantiation at mj-builtin_sdf.ads:4
--> mj-sdf_collisions.adb:300:66
  300 |                   Candidates (N) := Local_Points (Best); Depths (N) := Local_Depths (Best);
      |                                                          ~~~~~~~~~~~^~~~~~~~~~~~~~~~~~

 warning: unused assignment, in call inlined at mj-sdf_collisions.adb:163, in instantiation at mj-builtin_sdf.ads:4
--> mj-sdf_collisions.adb:301:34
  301 |                   Candidate_IDs (N) := Faces (Index).Id; N := N+1;
      |                   ~~~~~~~~~~~~~~~~~~^~~~~~~~~~~~~~~~~~
 info: initialization of "Value" proved
--> mj-flex_support.adb:6:07

 info: implicit aspect Always_Terminates on "Select_Vertex" has been proved, subprogram will terminate
--> mj-flex_support.ads:6:13

 info: data dependencies proved
--> mj-flex_support.ads:7:11
 info: implicit aspect Always_Terminates on "Before" has been proved, subprogram will terminate
--> mj-collision_sap.adb:7:13

 info: initialization of "Width" proved
--> mj-collision_sap.adb:15:07

 info: initialization of "Lo" proved
--> mj-collision_sap.adb:15:14

 info: initialization of "Mid" proved
--> mj-collision_sap.adb:15:18

 info: initialization of "Hi" proved
--> mj-collision_sap.adb:15:23

 info: initialization of "I" proved
--> mj-collision_sap.adb:15:27

 info: initialization of "J" proved
--> mj-collision_sap.adb:15:29

 info: initialization of "Dest" proved
--> mj-collision_sap.adb:15:31

 info: initialization of "Pos" proved
--> mj-collision_sap.adb:15:37

 info: initialization of "First" proved
--> mj-collision_sap.adb:16:07

 info: initialization of "Second" proved
--> mj-collision_sap.adb:16:14

 info: initialization of "Hit" proved
--> mj-collision_sap.adb:17:07

 info: initialization of "Count" proved
--> mj-collision_sap.ads:7:52

 info: initialization of "Result" proved
--> mj-collision_sap.ads:7:73

 info: data dependencies proved
--> mj-collision_sap.ads:8:11
 info: implicit aspect Always_Terminates on "Normalized" has been proved, subprogram will terminate
--> mj-collision_poses.adb:4:13

 info: analyzing call to "Normalized" in context
--> mj-collision_poses.adb:28:14

 info: initialization of "Tmp" proved
--> mj-collision_poses.adb:42:07

 warning: initialization of "Q" has no effect
--> mj-collision_poses.adb:56:07
   56 |          Q : Quaternion := [others=>0.0];
      |          ^~~~~~~~~~~~~~~~~~~~~~~~~~~~~~

 info: initialization of "R" proved
--> mj-collision_poses.adb:57:07

 info: analyzing call to "Normalized" in context
--> mj-collision_poses.adb:63:30

 info: implicit aspect Always_Terminates on "From_Matrix" has been proved, subprogram will terminate
--> mj-collision_poses.ads:5:13

 info: data dependencies proved
--> mj-collision_poses.ads:5:61

 info: implicit aspect Always_Terminates on "To_Matrix" has been proved, subprogram will terminate
--> mj-collision_poses.ads:7:13

 info: data dependencies proved
--> mj-collision_poses.ads:7:59

 info: implicit aspect Always_Terminates on "Rotate" has been proved, subprogram will terminate
--> mj-collision_poses.ads:8:13

 info: data dependencies proved
--> mj-collision_poses.ads:8:62

 info: implicit aspect Always_Terminates on "Relative" has been proved, subprogram will terminate
--> mj-collision_poses.ads:9:13

 info: data dependencies proved
--> mj-collision_poses.ads:9:53
 info: initialization of "Changed" proved
--> mj-flex_normals.adb:4:53

 warning: initialization of "Inv" has no effect, in call inlined at mj-flex_normals.adb:58
--> mj-flex_normals.adb:5:07
    5 |          S2, Inv, New_N, Point, PS2 : Vec := Zero;
      |          ^~~~~~~~~~~~~~~~~~~~~~~~~~~~~~~~~~~~~

 warning: initialization of "New_N" has no effect, in call inlined at mj-flex_normals.adb:58
--> mj-flex_normals.adb:5:07
    5 |          S2, Inv, New_N, Point, PS2 : Vec := Zero;
      |          ^~~~~~~~~~~~~~~~~~~~~~~~~~~~~~~~~~~~~

 warning: initialization of "Point" has no effect, in call inlined at mj-flex_normals.adb:58
--> mj-flex_normals.adb:5:07
    5 |          S2, Inv, New_N, Point, PS2 : Vec := Zero;
      |          ^~~~~~~~~~~~~~~~~~~~~~~~~~~~~~~~~~~~~

 warning: initialization of "PS2" has no effect, in call inlined at mj-flex_normals.adb:58
--> mj-flex_normals.adb:5:07
    5 |          S2, Inv, New_N, Point, PS2 : Vec := Zero;
      |          ^~~~~~~~~~~~~~~~~~~~~~~~~~~~~~~~~~~~~

 warning: initialization of "Inv" has no effect
--> mj-flex_normals.adb:5:07
    5 |          S2, Inv, New_N, Point, PS2 : Vec := Zero;
      |          ^~~~~~~~~~~~~~~~~~~~~~~~~~~~~~~~~~~~~~~~

 warning: initialization of "New_N" has no effect
--> mj-flex_normals.adb:5:07
    5 |          S2, Inv, New_N, Point, PS2 : Vec := Zero;
      |          ^~~~~~~~~~~~~~~~~~~~~~~~~~~~~~~~~~~~~~~~

 warning: initialization of "Point" has no effect
--> mj-flex_normals.adb:5:07
    5 |          S2, Inv, New_N, Point, PS2 : Vec := Zero;
      |          ^~~~~~~~~~~~~~~~~~~~~~~~~~~~~~~~~~~~~~~~

 warning: initialization of "PS2" has no effect
--> mj-flex_normals.adb:5:07
    5 |          S2, Inv, New_N, Point, PS2 : Vec := Zero;
      |          ^~~~~~~~~~~~~~~~~~~~~~~~~~~~~~~~~~~~~~~~

 info: initialization of "C" proved, in call inlined at mj-flex_normals.adb:58
--> mj-flex_normals.adb:6:07

 info: initialization of "C" proved
--> mj-flex_normals.adb:6:07

 info: initialization of "A" proved, in call inlined at mj-flex_normals.adb:58
--> mj-flex_normals.adb:6:09

 info: initialization of "A" proved
--> mj-flex_normals.adb:6:09

 info: initialization of "B" proved, in call inlined at mj-flex_normals.adb:58
--> mj-flex_normals.adb:6:11

 info: initialization of "B" proved
--> mj-flex_normals.adb:6:11

 info: initialization of "Det" proved, in call inlined at mj-flex_normals.adb:58
--> mj-flex_normals.adb:6:13

 info: initialization of "Det" proved
--> mj-flex_normals.adb:6:13

 info: initialization of "T" proved, in call inlined at mj-flex_normals.adb:58
--> mj-flex_normals.adb:6:17

 info: initialization of "T" proved
--> mj-flex_normals.adb:6:17

 info: initialization of "Increment" proved, in call inlined at mj-flex_normals.adb:58
--> mj-flex_normals.adb:6:19

 info: initialization of "Increment" proved
--> mj-flex_normals.adb:6:19

 info: initialization of "Deriv" proved, in call inlined at mj-flex_normals.adb:58
--> mj-flex_normals.adb:6:29

 info: initialization of "Deriv" proved
--> mj-flex_normals.adb:6:29

 info: initialization of "Value" proved, in call inlined at mj-flex_normals.adb:58
--> mj-flex_normals.adb:6:35

 info: initialization of "Value" proved
--> mj-flex_normals.adb:6:35

 info: initialization of "Lambda" proved, in call inlined at mj-flex_normals.adb:58
--> mj-flex_normals.adb:6:41

 info: initialization of "Lambda" proved
--> mj-flex_normals.adb:6:41

 info: initialization of "Change" proved, in call inlined at mj-flex_normals.adb:58
--> mj-flex_normals.adb:6:48

 info: initialization of "Change" proved
--> mj-flex_normals.adb:6:48

 info: initialization of "Point" proved
--> mj-flex_normals.adb:46:07

 info: initialization of "N" proved
--> mj-flex_normals.adb:46:14

 info: initialization of "Changed" proved
--> mj-flex_normals.adb:47:07

 info: initialization of "D1" proved
--> mj-flex_normals.adb:48:07

 info: initialization of "D2" proved
--> mj-flex_normals.adb:48:10

 info: analyzing call to "Ellipsoid" in context
--> mj-flex_normals.adb:58:31

 info: initialization of "Result" proved
--> mj-flex_normals.ads:5:65

 info: data dependencies proved
--> mj-flex_normals.ads:6:11
 info: implicit aspect Always_Terminates on "Area" has been proved, subprogram will terminate
--> mj-flex_kernels.adb:6:13

 info: initialization of "X" proved
--> mj-flex_kernels.adb:8:39

 info: initialization of "D" proved
--> mj-flex_kernels.adb:8:53

 info: initialization of "Projected" proved
--> mj-flex_kernels.adb:26:07

 info: initialization of "V1" proved
--> mj-flex_kernels.adb:26:18

 info: initialization of "V2" proved
--> mj-flex_kernels.adb:26:22

 info: initialization of "X" proved
--> mj-flex_kernels.adb:26:26

 info: initialization of "Normal" proved
--> mj-flex_kernels.adb:26:29

 info: initialization of "Len" proved
--> mj-flex_kernels.adb:27:07

 info: initialization of "Dist" proved
--> mj-flex_kernels.adb:27:12

 info: initialization of "A2" proved
--> mj-flex_kernels.adb:29:07

 info: initialization of "B2" proved
--> mj-flex_kernels.adb:29:11

 info: initialization of "P2" proved
--> mj-flex_kernels.adb:29:15

 info: initialization of "Best" proved
--> mj-flex_kernels.adb:32:07

 info: analyzing call to "Segment" in context
--> mj-flex_kernels.adb:41:10

 info: analyzing call to "Segment" in context
--> mj-flex_kernels.adb:41:46

 info: analyzing call to "Segment" in context
--> mj-flex_kernels.adb:41:82

 info: initialization of "Local_Point" proved
--> mj-flex_kernels.adb:54:07

 info: initialization of "N" proved
--> mj-flex_kernels.adb:54:20

 info: initialization of "Corner" proved
--> mj-flex_kernels.adb:54:23

 info: initialization of "Val" proved
--> mj-flex_kernels.adb:55:07

 info: initialization of "Max_Value" proved
--> mj-flex_kernels.adb:55:12

 info: initialization of "Distance" proved
--> mj-flex_kernels.adb:55:23

 info: initialization of "Max_Axis" proved
--> mj-flex_kernels.adb:56:07

 info: initialization of parts of "Temp" without Relaxed_Initialization proved
--> mj-flex_kernels.adb:57:07

 info: initialization of "Vector" proved
--> mj-flex_kernels.adb:89:07

 info: initialization of "Closest" proved
--> mj-flex_kernels.adb:89:15

 info: initialization of "T" proved
--> mj-flex_kernels.adb:90:07

 info: initialization of "Distance" proved
--> mj-flex_kernels.adb:90:10

 info: initialization of parts of "Temp" without Relaxed_Initialization proved
--> mj-flex_kernels.adb:91:07

 info: initialization of "Angle" proved
--> mj-flex_kernels.adb:128:07

 info: initialization of "V" proved
--> mj-flex_kernels.adb:128:14

 info: implicit aspect Always_Terminates on "Bounded" has been proved, subprogram will terminate
--> mj-flex_kernels.ads:6:13

 info: implicit aspect Always_Terminates on "Sign" has been proved, subprogram will terminate
--> mj-flex_kernels.ads:8:13

 info: data dependencies proved
--> mj-flex_kernels.ads:9:11

 info: data dependencies proved
--> mj-flex_kernels.ads:13:11

 info: data dependencies proved
--> mj-flex_kernels.ads:19:11

 info: data dependencies proved
--> mj-flex_kernels.ads:25:11

 info: initialization of "C" proved
--> mj-flex_kernels.ads:30:28

 info: initialization of "Hit" proved
--> mj-flex_kernels.ads:30:65

 info: data dependencies proved
--> mj-flex_kernels.ads:31:11

 info: initialization of "S" proved
--> mj-flex_kernels.ads:33:63

 info: initialization of "P" proved
--> mj-flex_kernels.ads:33:78

 info: data dependencies proved
--> mj-flex_kernels.ads:34:11
 info: initialization of "Lo" proved
--> mj-flex_terrain.adb:10:07

 info: initialization of "Hi" proved
--> mj-flex_terrain.adb:10:10

 info: initialization of "Q" proved
--> mj-flex_terrain.adb:10:13

 info: initialization of "CMin" proved
--> mj-flex_terrain.adb:11:07

 info: initialization of "CMax" proved
--> mj-flex_terrain.adb:11:12

 info: initialization of "RMin" proved
--> mj-flex_terrain.adb:11:17

 info: initialization of "RMax" proved
--> mj-flex_terrain.adb:11:22

 info: initialization of parts of "Trial" without Relaxed_Initialization proved
--> mj-flex_terrain.adb:14:07

 info: implicit aspect Always_Terminates on "Grid" has been proved, subprogram will terminate
--> mj-flex_terrain.adb:15:16

 info: analyzing call to "Grid" in context
--> mj-flex_terrain.adb:47:13

 info: analyzing call to "Grid" in context
--> mj-flex_terrain.adb:47:59

 info: analyzing call to "Grid" in context
--> mj-flex_terrain.adb:48:13

 info: analyzing call to "Grid" in context
--> mj-flex_terrain.adb:48:56

 info: analyzing call to "Add_Vertex" in context
--> mj-flex_terrain.adb:50:10

 info: analyzing call to "Add_Vertex" in context
--> mj-flex_terrain.adb:50:35

 info: analyzing call to "Add_Vertex" in context
--> mj-flex_terrain.adb:53:16

 info: initialization of "Result" proved
--> mj-flex_terrain.ads:10:45

 info: data dependencies proved
--> mj-flex_terrain.ads:11:11
 warning: unused variable "Key"
--> mj-sdf_provider.ads:4:27
    4 |       procedure Unavailable (Key : Natural; X : Vec; Need_Gradient : Boolean;
      |                              ^~~

 warning: unused variable "X"
--> mj-sdf_provider.ads:4:42
    4 |       procedure Unavailable (Key : Natural; X : Vec; Need_Gradient : Boolean;
      |                                             ^

 warning: unused variable "Need_Gradient"
--> mj-sdf_provider.ads:4:51
    4 |       procedure Unavailable (Key : Natural; X : Vec; Need_Gradient : Boolean;
      |                                                      ^~~~~~~~~~~~~

 info: initialization of "Value" proved
--> mj-sdf_provider.ads:5:27

 info: initialization of "Gradient" proved
--> mj-sdf_provider.ads:5:45

 info: initialization of "Result" proved
--> mj-sdf_provider.ads:5:65

 info: data dependencies proved
--> mj-sdf_provider.ads:6:11
 info: in instantiation at mj-flex_driver.adb:99
--> mj-builtin_flex.ads:4:01
      + analyzing call to "Test" in context

 info: in instantiation at mj-flex_driver.adb:105
--> mj-builtin_flex.ads:4:01
      + analyzing call to "Test" in context

 info: in instantiation at mj-sdf_collisions.adb:42
--> mj-builtin_flex.ads:4:01
      + in instantiation at mj-flex_driver.ads:14
      + analyzing call to "Query" in context

 info: in instantiation at mj-sdf_collisions.adb:46
--> mj-builtin_flex.ads:4:01
      + in instantiation at mj-flex_driver.ads:14
      + analyzing call to "Query" in context

 info: in instantiation at mj-sdf_collisions.adb:51
--> mj-builtin_flex.ads:4:01
      + in instantiation at mj-flex_driver.ads:14
      + analyzing call to "Query" in context

 info: in instantiation at mj-sdf_collisions.adb:56
--> mj-builtin_flex.ads:4:01
      + in instantiation at mj-flex_driver.ads:14
      + analyzing call to "Query" in context

 info: in instantiation at mj-sdf_collisions.adb:58
--> mj-builtin_flex.ads:4:01
      + in instantiation at mj-flex_driver.ads:14
      + analyzing call to "Query" in context

 info: in instantiation at mj-sdf_collisions.adb:63
--> mj-builtin_flex.ads:4:01
      + in instantiation at mj-flex_driver.ads:14
      + analyzing call to "Query" in context

 info: in instantiation at mj-sdf_collisions.adb:64
--> mj-builtin_flex.ads:4:01
      + in instantiation at mj-flex_driver.ads:14
      + analyzing call to "Query" in context

 info: in instantiation at mj-sdf_collisions.adb:163
--> mj-builtin_flex.ads:4:01
      + in instantiation at mj-flex_driver.ads:14
      + analyzing call to "Add_Contact" in context

 info: in instantiation at mj-sdf_collisions.adb:170
--> mj-builtin_flex.ads:4:01
      + in instantiation at mj-flex_driver.ads:14
      + no contextual analysis of "Frank_Wolfe" (object renaming)

 info: in instantiation at mj-sdf_collisions.adb:276
--> mj-builtin_flex.ads:4:01
      + in instantiation at mj-flex_driver.ads:14
      + analyzing call to "Triangle_Hit" in context

 info: in instantiation at mj-sdf_collisions.adb:306
--> mj-builtin_flex.ads:4:01
      + in instantiation at mj-flex_driver.ads:14
      + analyzing call to "Add_Contact" in context

 info: in instantiation at mj-sdf_collisions.adb:325
--> mj-builtin_flex.ads:4:01
      + in instantiation at mj-flex_driver.ads:14
      + analyzing call to "Process" in context

 info: in instantiation at mj-sdf_collisions.adb:339
--> mj-builtin_flex.ads:4:01
      + in instantiation at mj-flex_driver.ads:14
      + analyzing call to "Process" in context

 info: in instantiation at mj-sdf_collisions.adb:348
--> mj-builtin_flex.ads:4:01
      + in instantiation at mj-flex_driver.ads:14
      + analyzing call to "Add_Contact" in context

 info: in inlined body at mj-sdf_collisions.adb:276
--> mj-builtin_flex.ads:4:01
      + in instantiation at mj-sdf_collisions.adb:163
      + in instantiation at mj-flex_driver.ads:14
      + analyzing call to "Triangle_Hit" in context

 info: in inlined body at mj-sdf_collisions.adb:306
--> mj-builtin_flex.ads:4:01
      + in instantiation at mj-sdf_collisions.adb:163
      + in instantiation at mj-flex_driver.ads:14
      + analyzing call to "Add_Contact" in context

 info: initialization of "Result" proved, in instantiation at mj-builtin_flex.ads:4
--> mj-flex_driver.ads:28:82

 info: data dependencies proved, in instantiation at mj-builtin_flex.ads:4
--> mj-flex_driver.ads:30:11

 info: implicit aspect Always_Terminates on "Halton" has been proved, subprogram will terminate, in instantiation at mj-flex_driver.ads:14, in instantiation at mj-builtin_flex.ads:4
--> mj-sdf_collisions.ads:21:13

 info: data dependencies proved, in instantiation at mj-flex_driver.ads:14, in instantiation at mj-builtin_flex.ads:4
--> mj-sdf_collisions.ads:22:11

 info: initialization of "Value" proved, in instantiation at mj-flex_driver.ads:14, in instantiation at mj-builtin_flex.ads:4
--> mj-sdf_collisions.ads:24:24

 info: initialization of "Gradient" proved, in instantiation at mj-flex_driver.ads:14, in instantiation at mj-builtin_flex.ads:4
--> mj-sdf_collisions.ads:24:42

 info: initialization of "Result" proved, in instantiation at mj-flex_driver.ads:14, in instantiation at mj-builtin_flex.ads:4
--> mj-sdf_collisions.ads:24:62

 info: data dependencies proved, in instantiation at mj-flex_driver.ads:14, in instantiation at mj-builtin_flex.ads:4
--> mj-sdf_collisions.ads:25:11

 info: initialization of "Depth" proved, in instantiation at mj-flex_driver.ads:14, in instantiation at mj-builtin_flex.ads:4
--> mj-sdf_collisions.ads:27:39

 info: initialization of "Result" proved, in instantiation at mj-flex_driver.ads:14, in instantiation at mj-builtin_flex.ads:4
--> mj-sdf_collisions.ads:27:57

 info: data dependencies proved, in instantiation at mj-flex_driver.ads:14, in instantiation at mj-builtin_flex.ads:4
--> mj-sdf_collisions.ads:28:11

 info: initialization of "Result" proved, in instantiation at mj-flex_driver.ads:14, in instantiation at mj-builtin_flex.ads:4
--> mj-sdf_collisions.ads:30:65

 info: data dependencies proved, in instantiation at mj-flex_driver.ads:14, in instantiation at mj-builtin_flex.ads:4
--> mj-sdf_collisions.ads:31:11

 info: implicit aspect Always_Terminates on "Fits" has been proved, subprogram will terminate, in instantiation at mj-flex_driver.ads:14, in instantiation at mj-builtin_flex.ads:4
--> mj-sdf_collisions.ads:39:13

 info: data dependencies proved, in instantiation at mj-flex_driver.ads:14, in instantiation at mj-builtin_flex.ads:4
--> mj-sdf_collisions.ads:40:11

 info: initialization of "IDs" proved, in instantiation at mj-flex_driver.ads:14, in instantiation at mj-builtin_flex.ads:4
--> mj-sdf_collisions.ads:48:46

 info: initialization of "Result" proved, in instantiation at mj-flex_driver.ads:14, in instantiation at mj-builtin_flex.ads:4
--> mj-sdf_collisions.ads:48:66

 info: data dependencies proved, in instantiation at mj-flex_driver.ads:14, in instantiation at mj-builtin_flex.ads:4
--> mj-sdf_collisions.ads:49:11

 info: initialization of parts of "M" without Relaxed_Initialization proved, in instantiation at mj-builtin_flex.ads:4
--> mj-flex_driver.adb:13:07

 info: initialization of "Faces" proved, in instantiation at mj-builtin_flex.ads:4
--> mj-flex_driver.adb:15:07

 info: initialization of "IDs" proved, in instantiation at mj-builtin_flex.ads:4
--> mj-flex_driver.adb:16:07

 info: initialization of "Top" proved, in instantiation at mj-builtin_flex.ads:4
--> mj-flex_driver.adb:19:07

 info: initialization of "Node" proved, in instantiation at mj-builtin_flex.ads:4
--> mj-flex_driver.adb:19:12

 info: initialization of "Cache" proved, in instantiation at mj-builtin_flex.ads:4
--> mj-flex_driver.adb:20:07

 info: initialization of "Bound" proved, in instantiation at mj-builtin_flex.ads:4
--> mj-flex_driver.adb:21:07

 info: initialization of "Hit" proved, in instantiation at mj-builtin_flex.ads:4
--> mj-flex_driver.adb:23:07

 warning: initialization of "Direction" has no effect, in instantiation at mj-builtin_flex.ads:4
--> mj-flex_driver.adb:24:07
   24 |          Lo, Hi, Direction, Support : Vec := Zero;
      |          ^~~~~~~~~~~~~~~~~~~~~~~~~~~~~~~~~~~~~

 warning: initialization of "Support" has no effect, in instantiation at mj-builtin_flex.ads:4
--> mj-flex_driver.adb:24:07
   24 |          Lo, Hi, Direction, Support : Vec := Zero;
      |          ^~~~~~~~~~~~~~~~~~~~~~~~~~~~~~~~~~~~~

 warning: initialization of "Vertex_ID" has no effect, in instantiation at mj-builtin_flex.ads:4
--> mj-flex_driver.adb:25:07
   25 |          Vertex_ID, Support_Cache : Integer:= -1;
      |          ^~~~~~~~~~~~~~~~~~~~~~~~~~~~~~~~~~~~~~~

 warning: "Vertex_ID" is set by "Support_Cached" but not used after the call, in instantiation at mj-builtin_flex.ads:4
--> mj-flex_driver.adb:84:112
   84 |                MJ.Convex_Contacts.Support_Cached (G.Geometry,Origin,Assets,Direction,Graphs,Support_Cache,Support,Vertex_ID); Hi (K):=Support (K);
      |                                                                                                                   ^

 warning: "Vertex_ID" is set by "Support_Cached" but not used after the call, in instantiation at mj-builtin_flex.ads:4
--> mj-flex_driver.adb:86:112
   86 |                MJ.Convex_Contacts.Support_Cached (G.Geometry,Origin,Assets,Direction,Graphs,Support_Cache,Support,Vertex_ID); Lo (K):=Support (K);
      |                                                                                                                   ^

 info: implicit aspect Always_Terminates on "Relative_Pose" has been proved, subprogram will terminate, in instantiation at mj-flex_driver.ads:14, in instantiation at mj-builtin_flex.ads:4
--> mj-sdf_collisions.adb:18:13

 info: initialization of "Value" proved, in instantiation at mj-flex_driver.ads:14, in instantiation at mj-builtin_flex.ads:4
--> mj-sdf_collisions.adb:22:21

 info: initialization of "Gradient" proved, in instantiation at mj-flex_driver.ads:14, in instantiation at mj-builtin_flex.ads:4
--> mj-sdf_collisions.adb:22:39

 info: initialization of "Result" proved, in instantiation at mj-flex_driver.ads:14, in instantiation at mj-builtin_flex.ads:4
--> mj-sdf_collisions.adb:22:59

 warning: unused assignment, in call inlined at mj-sdf_collisions.adb:42, in instantiation at mj-flex_driver.ads:14, in instantiation at mj-builtin_flex.ads:4
--> mj-sdf_collisions.adb:24:30
   24 |          Value := 0.0; Gradient := Zero; Result := Invalid_Input;
      |                        ~~~~~~~~~^~~~

 warning: unused assignment, in call inlined at mj-sdf_collisions.adb:51, in instantiation at mj-flex_driver.ads:14, in instantiation at mj-builtin_flex.ads:4
--> mj-sdf_collisions.adb:24:30
   24 |          Value := 0.0; Gradient := Zero; Result := Invalid_Input;
      |                        ~~~~~~~~~^~~~

 warning: unused assignment, in call inlined at mj-sdf_collisions.adb:42, in instantiation at mj-flex_driver.ads:14, in instantiation at mj-builtin_flex.ads:4
--> mj-sdf_collisions.adb:31:58
   31 |             Result := Numeric_Limit; Value := 0.0; Gradient := Zero;
      |                                                    ~~~~~~~~~^~~~

 warning: unused assignment, in call inlined at mj-sdf_collisions.adb:51, in instantiation at mj-flex_driver.ads:14, in instantiation at mj-builtin_flex.ads:4
--> mj-sdf_collisions.adb:31:58
   31 |             Result := Numeric_Limit; Value := 0.0; Gradient := Zero;
      |                                                    ~~~~~~~~~^~~~

 info: initialization of "Y" proved, in instantiation at mj-flex_driver.ads:14, in instantiation at mj-builtin_flex.ads:4
--> mj-sdf_collisions.adb:37:07

 info: initialization of "G1" proved, in instantiation at mj-flex_driver.ads:14, in instantiation at mj-builtin_flex.ads:4
--> mj-sdf_collisions.adb:37:10

 info: initialization of "G2" proved, in instantiation at mj-flex_driver.ads:14, in instantiation at mj-builtin_flex.ads:4
--> mj-sdf_collisions.adb:37:14

 info: initialization of "A" proved, in instantiation at mj-flex_driver.ads:14, in instantiation at mj-builtin_flex.ads:4
--> mj-sdf_collisions.adb:38:07

 info: initialization of "B" proved, in instantiation at mj-flex_driver.ads:14, in instantiation at mj-builtin_flex.ads:4
--> mj-sdf_collisions.adb:38:10

 info: initialization of "Unused" proved, in instantiation at mj-flex_driver.ads:14, in instantiation at mj-builtin_flex.ads:4
--> mj-sdf_collisions.adb:38:13

 info: initialization of "Sign" proved, in instantiation at mj-flex_driver.ads:14, in instantiation at mj-builtin_flex.ads:4
--> mj-sdf_collisions.adb:39:07

 info: initialization of "G" proved, in instantiation at mj-flex_driver.ads:14, in instantiation at mj-builtin_flex.ads:4
--> mj-sdf_collisions.adb:78:07

 info: initialization of "X0" proved, in instantiation at mj-flex_driver.ads:14, in instantiation at mj-builtin_flex.ads:4
--> mj-sdf_collisions.adb:78:10

 info: initialization of "D0" proved, in instantiation at mj-flex_driver.ads:14, in instantiation at mj-builtin_flex.ads:4
--> mj-sdf_collisions.adb:79:07

 info: initialization of "Alpha" proved, in instantiation at mj-flex_driver.ads:14, in instantiation at mj-builtin_flex.ads:4
--> mj-sdf_collisions.adb:79:19

 info: initialization of "Wolfe" proved, in instantiation at mj-flex_driver.ads:14, in instantiation at mj-builtin_flex.ads:4
--> mj-sdf_collisions.adb:79:26

 info: initialization of "Added" proved, in instantiation at mj-flex_driver.ads:14, in instantiation at mj-builtin_flex.ads:4
--> mj-sdf_collisions.adb:102:48

 info: initialization of "Result" proved, in instantiation at mj-flex_driver.ads:14, in instantiation at mj-builtin_flex.ads:4
--> mj-sdf_collisions.adb:102:69

 info: initialization of "G" proved, in call inlined at mj-sdf_collisions.adb:64, in instantiation at mj-flex_driver.ads:14, in instantiation at mj-builtin_flex.ads:4
--> mj-sdf_collisions.adb:103:07

 info: initialization of "G" proved, in instantiation at mj-flex_driver.ads:14, in instantiation at mj-builtin_flex.ads:4
--> mj-sdf_collisions.adb:103:07

 info: initialization of "N" proved, in call inlined at mj-sdf_collisions.adb:64, in instantiation at mj-flex_driver.ads:14, in instantiation at mj-builtin_flex.ads:4
--> mj-sdf_collisions.adb:103:10

 info: initialization of "N" proved, in instantiation at mj-flex_driver.ads:14, in instantiation at mj-builtin_flex.ads:4
--> mj-sdf_collisions.adb:103:10

 info: initialization of "Len" proved, in call inlined at mj-sdf_collisions.adb:64, in instantiation at mj-flex_driver.ads:14, in instantiation at mj-builtin_flex.ads:4
--> mj-sdf_collisions.adb:104:10

 info: initialization of "Len" proved, in instantiation at mj-flex_driver.ads:14, in instantiation at mj-builtin_flex.ads:4
--> mj-sdf_collisions.adb:104:10

 info: initialization of "Scl" proved, in call inlined at mj-sdf_collisions.adb:64, in instantiation at mj-flex_driver.ads:14, in instantiation at mj-builtin_flex.ads:4
--> mj-sdf_collisions.adb:104:15

 info: initialization of "Scl" proved, in instantiation at mj-flex_driver.ads:14, in instantiation at mj-builtin_flex.ads:4
--> mj-sdf_collisions.adb:104:15

 warning: unused assignment, in call inlined at mj-sdf_collisions.adb:64, in instantiation at mj-flex_driver.ads:14, in instantiation at mj-builtin_flex.ads:4
--> mj-sdf_collisions.adb:106:13
  106 |          Added := False; Result := Success;
      |          ~~~~~~^~~~

 warning: "D" is set by "Evaluate" but not used after the call, in call inlined at mj-sdf_collisions.adb:64, in instantiation at mj-flex_driver.ads:14, in instantiation at mj-builtin_flex.ads:4
--> mj-sdf_collisions.adb:111:32
  111 |          Evaluate (P, T, X, True, D, G, Result);
      |                                   ^

 warning: "D" is set by "Evaluate" but not used after the call, in instantiation at mj-flex_driver.ads:14, in instantiation at mj-builtin_flex.ads:4
--> mj-sdf_collisions.adb:111:32
  111 |          Evaluate (P, T, X, True, D, G, Result);
      |                                   ^

 warning: statement has no effect, in call inlined at mj-sdf_collisions.adb:64, in instantiation at mj-flex_driver.ads:14, in instantiation at mj-builtin_flex.ads:4
--> mj-sdf_collisions.adb:115:32
  115 |          N := Scale (G, 1.0/Len); if not Flip then N := Scale (N, -1.0); end if;
      |                                   ^

 warning: unused assignment, in call inlined at mj-sdf_collisions.adb:64, in instantiation at mj-flex_driver.ads:14, in instantiation at mj-builtin_flex.ads:4
--> mj-sdf_collisions.adb:120:63
  120 |          Points (M.Length) := X; M.Length := M.Length + 1; Added := True;
      |                                                            ~~~~~~^~~~

 info: initialization of "V" proved, in instantiation at mj-flex_driver.ads:14, in instantiation at mj-builtin_flex.ads:4
--> mj-sdf_collisions.adb:130:07

 info: initialization of "X" proved, in instantiation at mj-flex_driver.ads:14, in instantiation at mj-builtin_flex.ads:4
--> mj-sdf_collisions.adb:130:10

 info: initialization of "D" proved, in instantiation at mj-flex_driver.ads:14, in instantiation at mj-builtin_flex.ads:4
--> mj-sdf_collisions.adb:131:07

 warning: "D" is set by "Descent" but not used after the call, in instantiation at mj-flex_driver.ads:14, in instantiation at mj-builtin_flex.ads:4
--> mj-sdf_collisions.adb:157:63
  157 |             P.Kind := Collision; Descent (P, T, O.Iterations, X, D, Result);
      |                                                                  ^

 info: initialization of "D" proved, in instantiation at mj-flex_driver.ads:14, in instantiation at mj-builtin_flex.ads:4
--> mj-sdf_collisions.adb:171:43

 info: initialization of "Result" proved, in instantiation at mj-flex_driver.ads:14, in instantiation at mj-builtin_flex.ads:4
--> mj-sdf_collisions.adb:171:57

 info: initialization of "G" proved, in instantiation at mj-flex_driver.ads:14, in instantiation at mj-builtin_flex.ads:4
--> mj-sdf_collisions.adb:172:07

 info: initialization of "Best_Point" proved, in instantiation at mj-flex_driver.ads:14, in instantiation at mj-builtin_flex.ads:4
--> mj-sdf_collisions.adb:172:10

 info: initialization of "Best" proved, in instantiation at mj-flex_driver.ads:14, in instantiation at mj-builtin_flex.ads:4
--> mj-sdf_collisions.adb:173:07

 info: initialization of "Value" proved, in instantiation at mj-flex_driver.ads:14, in instantiation at mj-builtin_flex.ads:4
--> mj-sdf_collisions.adb:173:13

 warning: unused assignment, in instantiation at mj-flex_driver.ads:14, in instantiation at mj-builtin_flex.ads:4
--> mj-sdf_collisions.adb:175:28
  175 |          D := Max_Val; Result := Success;
      |                        ~~~~~~~^~~~

 warning: "Value" is set by "Evaluate" but not used after the call, in instantiation at mj-flex_driver.ads:14, in instantiation at mj-builtin_flex.ads:4
--> mj-sdf_collisions.adb:177:35
  177 |             Evaluate (P, T, X, True, Value, G, Result); if Result /= Success then return; end if;
      |                                      ^

 info: initialization of "Hit" proved, in instantiation at mj-flex_driver.ads:14, in instantiation at mj-builtin_flex.ads:4
--> mj-sdf_collisions.adb:190:28

 info: initialization of "Result" proved, in instantiation at mj-flex_driver.ads:14, in instantiation at mj-builtin_flex.ads:4
--> mj-sdf_collisions.adb:190:47

 info: initialization of "A" proved, in instantiation at mj-flex_driver.ads:14, in instantiation at mj-builtin_flex.ads:4
--> mj-sdf_collisions.adb:195:07

 info: initialization of "A" proved, in call inlined at mj-sdf_collisions.adb:163, in instantiation at mj-flex_driver.ads:14, in instantiation at mj-builtin_flex.ads:4
--> mj-sdf_collisions.adb:195:07

 info: initialization of "B" proved, in instantiation at mj-flex_driver.ads:14, in instantiation at mj-builtin_flex.ads:4
--> mj-sdf_collisions.adb:195:10

 info: initialization of "B" proved, in call inlined at mj-sdf_collisions.adb:163, in instantiation at mj-flex_driver.ads:14, in instantiation at mj-builtin_flex.ads:4
--> mj-sdf_collisions.adb:195:10

 info: initialization of "C" proved, in instantiation at mj-flex_driver.ads:14, in instantiation at mj-builtin_flex.ads:4
--> mj-sdf_collisions.adb:195:13

 info: initialization of "C" proved, in call inlined at mj-sdf_collisions.adb:163, in instantiation at mj-flex_driver.ads:14, in instantiation at mj-builtin_flex.ads:4
--> mj-sdf_collisions.adb:195:13

 info: initialization of "CA" proved, in instantiation at mj-flex_driver.ads:14, in instantiation at mj-builtin_flex.ads:4
--> mj-sdf_collisions.adb:196:07

 info: initialization of "CA" proved, in call inlined at mj-sdf_collisions.adb:163, in instantiation at mj-flex_driver.ads:14, in instantiation at mj-builtin_flex.ads:4
--> mj-sdf_collisions.adb:196:07

 info: initialization of "CB" proved, in instantiation at mj-flex_driver.ads:14, in instantiation at mj-builtin_flex.ads:4
--> mj-sdf_collisions.adb:196:11

 info: initialization of "CB" proved, in call inlined at mj-sdf_collisions.adb:163, in instantiation at mj-flex_driver.ads:14, in instantiation at mj-builtin_flex.ads:4
--> mj-sdf_collisions.adb:196:11

 info: initialization of "CC" proved, in instantiation at mj-flex_driver.ads:14, in instantiation at mj-builtin_flex.ads:4
--> mj-sdf_collisions.adb:196:15

 info: initialization of "CC" proved, in call inlined at mj-sdf_collisions.adb:163, in instantiation at mj-flex_driver.ads:14, in instantiation at mj-builtin_flex.ads:4
--> mj-sdf_collisions.adb:196:15

 info: initialization of "D" proved, in instantiation at mj-flex_driver.ads:14, in instantiation at mj-builtin_flex.ads:4
--> mj-sdf_collisions.adb:197:07

 info: initialization of "D" proved, in call inlined at mj-sdf_collisions.adb:163, in instantiation at mj-flex_driver.ads:14, in instantiation at mj-builtin_flex.ads:4
--> mj-sdf_collisions.adb:197:07

 info: initialization of "H" proved, in instantiation at mj-flex_driver.ads:14, in instantiation at mj-builtin_flex.ads:4
--> mj-sdf_collisions.adb:197:10

 info: initialization of "H" proved, in call inlined at mj-sdf_collisions.adb:163, in instantiation at mj-flex_driver.ads:14, in instantiation at mj-builtin_flex.ads:4
--> mj-sdf_collisions.adb:197:10

 info: initialization of "L1" proved, in instantiation at mj-flex_driver.ads:14, in instantiation at mj-builtin_flex.ads:4
--> mj-sdf_collisions.adb:197:13

 info: initialization of "L1" proved, in call inlined at mj-sdf_collisions.adb:163, in instantiation at mj-flex_driver.ads:14, in instantiation at mj-builtin_flex.ads:4
--> mj-sdf_collisions.adb:197:13

 info: initialization of "L2" proved, in instantiation at mj-flex_driver.ads:14, in instantiation at mj-builtin_flex.ads:4
--> mj-sdf_collisions.adb:197:17

 info: initialization of "L2" proved, in call inlined at mj-sdf_collisions.adb:163, in instantiation at mj-flex_driver.ads:14, in instantiation at mj-builtin_flex.ads:4
--> mj-sdf_collisions.adb:197:17

 info: initialization of "L3" proved, in instantiation at mj-flex_driver.ads:14, in instantiation at mj-builtin_flex.ads:4
--> mj-sdf_collisions.adb:197:21

 info: initialization of "L3" proved, in call inlined at mj-sdf_collisions.adb:163, in instantiation at mj-flex_driver.ads:14, in instantiation at mj-builtin_flex.ads:4
--> mj-sdf_collisions.adb:197:21

 info: initialization of "S" proved, in instantiation at mj-flex_driver.ads:14, in instantiation at mj-builtin_flex.ads:4
--> mj-sdf_collisions.adb:197:25

 info: initialization of "S" proved, in call inlined at mj-sdf_collisions.adb:163, in instantiation at mj-flex_driver.ads:14, in instantiation at mj-builtin_flex.ads:4
--> mj-sdf_collisions.adb:197:25

 info: initialization of "Area" proved, in instantiation at mj-flex_driver.ads:14, in instantiation at mj-builtin_flex.ads:4
--> mj-sdf_collisions.adb:197:28

 info: initialization of "Area" proved, in call inlined at mj-sdf_collisions.adb:163, in instantiation at mj-flex_driver.ads:14, in instantiation at mj-builtin_flex.ads:4
--> mj-sdf_collisions.adb:197:28

 info: initialization of "Radius" proved, in instantiation at mj-flex_driver.ads:14, in instantiation at mj-builtin_flex.ads:4
--> mj-sdf_collisions.adb:197:34

 info: initialization of "Radius" proved, in call inlined at mj-sdf_collisions.adb:163, in instantiation at mj-flex_driver.ads:14, in instantiation at mj-builtin_flex.ads:4
--> mj-sdf_collisions.adb:197:34

 info: initialization of "Denom" proved, in instantiation at mj-flex_driver.ads:14, in instantiation at mj-builtin_flex.ads:4
--> mj-sdf_collisions.adb:197:42

 info: initialization of "Denom" proved, in call inlined at mj-sdf_collisions.adb:163, in instantiation at mj-flex_driver.ads:14, in instantiation at mj-builtin_flex.ads:4
--> mj-sdf_collisions.adb:197:42

 info: initialization of "Lo" proved, in instantiation at mj-flex_driver.ads:14, in instantiation at mj-builtin_flex.ads:4
--> mj-sdf_collisions.adb:221:07

 info: initialization of "Hi" proved, in instantiation at mj-flex_driver.ads:14, in instantiation at mj-builtin_flex.ads:4
--> mj-sdf_collisions.adb:221:10

 info: initialization of "B" proved, in instantiation at mj-flex_driver.ads:14, in instantiation at mj-builtin_flex.ads:4
--> mj-sdf_collisions.adb:222:07

 info: initialization of "Item" proved, in instantiation at mj-flex_driver.ads:14, in instantiation at mj-builtin_flex.ads:4
--> mj-sdf_collisions.adb:223:07

 info: initialization of "Top" proved, in instantiation at mj-flex_driver.ads:14, in instantiation at mj-builtin_flex.ads:4
--> mj-sdf_collisions.adb:256:07

 info: initialization of "Node" proved, in instantiation at mj-flex_driver.ads:14, in instantiation at mj-builtin_flex.ads:4
--> mj-sdf_collisions.adb:256:12

 info: initialization of "Hit" proved, in instantiation at mj-flex_driver.ads:14, in instantiation at mj-builtin_flex.ads:4
--> mj-sdf_collisions.adb:262:07

 info: initialization of "Added" proved, in instantiation at mj-flex_driver.ads:14, in instantiation at mj-builtin_flex.ads:4
--> mj-sdf_collisions.adb:262:12

 info: initialization of "X" proved, in instantiation at mj-flex_driver.ads:14, in instantiation at mj-builtin_flex.ads:4
--> mj-sdf_collisions.adb:263:07

 info: initialization of "D" proved, in instantiation at mj-flex_driver.ads:14, in instantiation at mj-builtin_flex.ads:4
--> mj-sdf_collisions.adb:264:07

 info: initialization of "V" proved, in instantiation at mj-flex_driver.ads:14, in instantiation at mj-builtin_flex.ads:4
--> mj-sdf_collisions.adb:266:10

 info: initialization of "V" proved, in call inlined at mj-sdf_collisions.adb:163, in instantiation at mj-flex_driver.ads:14, in instantiation at mj-builtin_flex.ads:4
--> mj-sdf_collisions.adb:266:10

 info: initialization of parts of "Temp" without Relaxed_Initialization proved, in instantiation at mj-flex_driver.ads:14, in instantiation at mj-builtin_flex.ads:4
--> mj-sdf_collisions.adb:270:10

 info: initialization of parts of "Temp" without Relaxed_Initialization proved, in call inlined at mj-sdf_collisions.adb:163, in instantiation at mj-flex_driver.ads:14, in instantiation at mj-builtin_flex.ads:4
--> mj-sdf_collisions.adb:270:10

 warning: initialization of "Best" has no effect, in call inlined at mj-sdf_collisions.adb:163, in instantiation at mj-flex_driver.ads:14, in instantiation at mj-builtin_flex.ads:4
--> mj-sdf_collisions.adb:271:10
  271 |             L, Best : Natural := 0;
      |             ^~~~~~~~~~~~~~~~~~~~~~

 info: initialization of "U" proved, in instantiation at mj-flex_driver.ads:14, in instantiation at mj-builtin_flex.ads:4
--> mj-sdf_collisions.adb:272:10

 info: initialization of "U" proved, in call inlined at mj-sdf_collisions.adb:163, in instantiation at mj-flex_driver.ads:14, in instantiation at mj-builtin_flex.ads:4
--> mj-sdf_collisions.adb:272:10

 info: initialization of "W" proved, in instantiation at mj-flex_driver.ads:14, in instantiation at mj-builtin_flex.ads:4
--> mj-sdf_collisions.adb:272:13

 info: initialization of "W" proved, in call inlined at mj-sdf_collisions.adb:163, in instantiation at mj-flex_driver.ads:14, in instantiation at mj-builtin_flex.ads:4
--> mj-sdf_collisions.adb:272:13

 info: initialization of "B0" proved, in instantiation at mj-flex_driver.ads:14, in instantiation at mj-builtin_flex.ads:4
--> mj-sdf_collisions.adb:272:16

 info: initialization of "B0" proved, in call inlined at mj-sdf_collisions.adb:163, in instantiation at mj-flex_driver.ads:14, in instantiation at mj-builtin_flex.ads:4
--> mj-sdf_collisions.adb:272:16

 warning: unused assignment, in call inlined at mj-sdf_collisions.adb:163, in instantiation at mj-flex_driver.ads:14, in instantiation at mj-builtin_flex.ads:4
--> mj-sdf_collisions.adb:290:34
  290 |                      Candidates (N) := X; Depths (N) := D; Candidate_IDs (N) := Faces (Index).Id; N := N+1;
      |                      ~~~~~~~~~~~~~~~^~~~

 warning: unused assignment, in call inlined at mj-sdf_collisions.adb:163, in instantiation at mj-flex_driver.ads:14, in instantiation at mj-builtin_flex.ads:4
--> mj-sdf_collisions.adb:290:51
  290 |                      Candidates (N) := X; Depths (N) := D; Candidate_IDs (N) := Faces (Index).Id; N := N+1;
      |                                           ~~~~~~~~~~~^~~~

 warning: unused assignment, in call inlined at mj-sdf_collisions.adb:163, in instantiation at mj-flex_driver.ads:14, in instantiation at mj-builtin_flex.ads:4
--> mj-sdf_collisions.adb:290:75
  290 |                      Candidates (N) := X; Depths (N) := D; Candidate_IDs (N) := Faces (Index).Id; N := N+1;
      |                                                            ~~~~~~~~~~~~~~~~~~^~~~~~~~~~~~~~~~~~

 warning: statement has no effect, in call inlined at mj-sdf_collisions.adb:163, in instantiation at mj-flex_driver.ads:14, in instantiation at mj-builtin_flex.ads:4
--> mj-sdf_collisions.adb:298:31
  298 |                for J in 1 .. L-1 loop if Local_Depths (J) < Local_Depths (Best) then Best := J; end if; end loop;
      |                                  ^

 warning: statement has no effect, in call inlined at mj-sdf_collisions.adb:163, in instantiation at mj-flex_driver.ads:14, in instantiation at mj-builtin_flex.ads:4
--> mj-sdf_collisions.adb:298:36
  298 |                for J in 1 .. L-1 loop if Local_Depths (J) < Local_Depths (Best) then Best := J; end if; end loop;
      |                                       ^

 warning: unused assignment, in call inlined at mj-sdf_collisions.adb:163, in instantiation at mj-flex_driver.ads:14, in instantiation at mj-builtin_flex.ads:4
--> mj-sdf_collisions.adb:298:88
  298 |                for J in 1 .. L-1 loop if Local_Depths (J) < Local_Depths (Best) then Best := J; end if; end loop;
      |                                                                                      ~~~~~^~~~

 warning: unused assignment, in call inlined at mj-sdf_collisions.adb:163, in instantiation at mj-flex_driver.ads:14, in instantiation at mj-builtin_flex.ads:4
--> mj-sdf_collisions.adb:300:31
  300 |                   Candidates (N) := Local_Points (Best); Depths (N) := Local_Depths (Best);
      |                   ~~~~~~~~~~~~~~~^~~~~~~~~~~~~~~~~~

 warning: unused assignment, in call inlined at mj-sdf_collisions.adb:163, in instantiation at mj-flex_driver.ads:14, in instantiation at mj-builtin_flex.ads:4
--> mj-sdf_collisions.adb:300:66
  300 |                   Candidates (N) := Local_Points (Best); Depths (N) := Local_Depths (Best);
      |                                                          ~~~~~~~~~~~^~~~~~~~~~~~~~~~~~

 warning: unused assignment, in call inlined at mj-sdf_collisions.adb:163, in instantiation at mj-flex_driver.ads:14, in instantiation at mj-builtin_flex.ads:4
--> mj-sdf_collisions.adb:301:34
  301 |                   Candidate_IDs (N) := Faces (Index).Id; N := N+1;
      |                   ~~~~~~~~~~~~~~~~~~^~~~~~~~~~~~~~~~~~
Success: all checks proved (476 checks).
Summary logged in /var/tmp/sparkling-advanced-proof-reproducible-20261002-r1/flow/validation/obj/gnatprove/gnatprove.out
guarded: elapsed 2.9 s, peak group RSS 104 MB
