Phase 1 of 3: generation of data representation information ...
Phase 2 of 3: generation of Global contracts ...
Phase 3 of 3: flow analysis and proof ...
 info: precondition proved
--> mj-sdf_fields.adb:35:35

 info: precondition proved
--> mj-sdf_fields.adb:36:35

 info: precondition proved
--> mj-sdf_fields.adb:37:35

 info: precondition proved
--> mj-sdf_fields.adb:38:35

 info: precondition proved
--> mj-sdf_fields.adb:39:35

 info: precondition proved
--> mj-sdf_fields.adb:40:35

 info: precondition proved
--> mj-sdf_fields.adb:41:35

 info: precondition proved
--> mj-sdf_fields.adb:42:35

 info: float overflow check proved
--> mj-sdf_fields.adb:45:13

 info: float overflow check proved
--> mj-sdf_fields.adb:45:24

 info: float overflow check proved
--> mj-sdf_fields.adb:45:35

 info: float overflow check proved
--> mj-sdf_fields.adb:45:46

 info: float overflow check proved
--> mj-sdf_fields.adb:46:13

 info: float overflow check proved
--> mj-sdf_fields.adb:46:24

 info: float overflow check proved
--> mj-sdf_fields.adb:46:35

 info: float overflow check proved
--> mj-sdf_fields.adb:46:46

 info: analyzing call to "Oct_Value" in context
--> mj-sdf_fields.adb:136:10

 info: analyzing call to "Oct_Value" in context
--> mj-sdf_fields.adb:148:16

 info: implicit aspect Always_Terminates on "Interpolate" has been proved, subprogram will terminate
--> mj-sdf_fields.ads:32:13

 info: data dependencies proved
--> mj-sdf_fields.ads:33:11

 info: postcondition proved
--> mj-sdf_fields.ads:36:16

 info: float overflow check proved
--> mj-sdf_fields.ads:37:21

 info: float overflow check proved
--> mj-sdf_fields.ads:37:28

 info: float overflow check proved
--> mj-sdf_fields.ads:37:36

 info: float overflow check proved
--> mj-sdf_fields.ads:37:43

 info: float overflow check proved
--> mj-sdf_fields.ads:37:51

 info: float overflow check proved
--> mj-sdf_fields.ads:37:58

 info: float overflow check proved
--> mj-sdf_fields.ads:37:66

 info: float overflow check proved
--> mj-sdf_fields.ads:37:73

 info: float overflow check proved
--> mj-sdf_fields.ads:38:15

 info: float overflow check proved
--> mj-sdf_fields.ads:38:22

 info: float overflow check proved
--> mj-sdf_fields.ads:38:30

 info: float overflow check proved
--> mj-sdf_fields.ads:38:37

 info: float overflow check proved
--> mj-sdf_fields.ads:38:45

 info: float overflow check proved
--> mj-sdf_fields.ads:38:52

 info: float overflow check proved
--> mj-sdf_fields.ads:38:60

 info: float overflow check proved
--> mj-sdf_fields.ads:38:67
Success: all checks proved (35 checks).
Summary logged in /var/tmp/sparkling-advanced-proof-reproducible-20261002-r1/interpolation/validation/obj/gnatprove/gnatprove.out
guarded: elapsed 36.6 s, peak group RSS 200 MB
