Phase 1 of 3: generation of data representation information ...
Phase 2 of 3: generation of Global contracts ...
Phase 3 of 3: flow analysis and proof ...
mj-inverse_kernels.adb:3:19: info: float overflow check proved
mj-inverse_kernels.adb:5:16: info: float overflow check proved
mj-inverse_kernels.adb:5:30: info: float overflow check proved
mj-inverse_kernels.adb:7:13: info: float overflow check proved
mj-inverse_kernels.adb:7:24: info: float overflow check proved
mj-inverse_kernels.adb:7:37: info: float overflow check proved
mj-inverse_kernels.adb:7:48: info: float overflow check proved
mj-inverse_kernels.adb:11:15: info: index check proved
mj-inverse_kernels.adb:11:25: info: precondition proved
mj-inverse_kernels.adb:15:36: info: precondition proved
mj-inverse_kernels.adb:15:56: info: index check proved
mj-inverse_kernels.adb:18:32: info: index check proved
mj-inverse_kernels.ads:5:13: info: implicit aspect Always_Terminates on "Product" has been proved, subprogram will terminate
mj-inverse_kernels.ads:6:11: info: data dependencies proved
mj-inverse_kernels.ads:9:16: info: postcondition proved
mj-inverse_kernels.ads:9:45: info: float overflow check proved
mj-inverse_kernels.ads:11:13: info: implicit aspect Always_Terminates on "Accumulate" has been proved, subprogram will terminate
mj-inverse_kernels.ads:12:11: info: data dependencies proved
mj-inverse_kernels.ads:16:16: info: postcondition proved
mj-inverse_kernels.ads:16:45: info: float overflow check proved
mj-inverse_kernels.ads:16:59: info: float overflow check proved
mj-inverse_kernels.ads:18:13: info: implicit aspect Always_Terminates on "Required" has been proved, subprogram will terminate
mj-inverse_kernels.ads:19:11: info: data dependencies proved
mj-inverse_kernels.ads:25:16: info: postcondition proved
mj-inverse_kernels.ads:25:40: info: float overflow check proved
mj-inverse_kernels.ads:25:51: info: float overflow check proved
mj-inverse_kernels.ads:25:64: info: float overflow check proved
mj-inverse_kernels.ads:25:75: info: float overflow check proved
mj-inverse_kernels.ads:29:11: info: data dependencies proved
mj-inverse_kernels.ads:33:16: info: postcondition proved
mj-inverse_kernels.ads:33:24: info: index check proved
mj-inverse_kernels.ads:33:33: info: precondition proved
mj-inverse_kernels.ads:35:40: info: index check proved
mj-inverse_kernels.ads:35:57: info: index check proved
mj-inverse_kernels.ads:40:57: info: initialization of "Accepted" proved
mj-inverse_kernels.ads:41:11: info: data dependencies proved
mj-inverse_kernels.ads:43:27: info: index check proved
mj-inverse_kernels.ads:46:16: info: postcondition proved
mj-inverse_kernels.ads:47:18: info: index check proved
mj-inverse_kernels.ads:47:27: info: precondition proved
mj-inverse_kernels.ads:47:51: info: index check proved
mj-inverse_kernels.ads:48:27: info: index check proved
mj-inverse_kernels.ads:50:40: info: index check proved
mj-inverse_kernels.ads:50:57: info: index check proved
Success: all checks proved (44 checks).
Summary logged in /var/tmp/sparkling-services-inverse-kernels-final-20261003/build/validation/obj/gnatprove/gnatprove.out
guarded: elapsed 3.7 s, peak group RSS 118 MB
