Phase 1 of 3: generation of data representation information ...
Phase 2 of 3: generation of Global contracts ...
Phase 3 of 3: flow analysis and proof ...
mj-inverse_mass.adb:34:43: info: range check proved
mj-inverse_mass.adb:35:07: info: range check proved
mj-inverse_mass.adb:35:47: info: length check proved
mj-inverse_mass.adb:36:07: info: initialization of "Ok" proved
mj-inverse_mass.adb:40:33: info: loop invariant initialization proved
mj-inverse_mass.adb:40:33: info: loop invariant preservation proved
mj-inverse_mass.adb:41:28: info: precondition proved
mj-inverse_mass.adb:42:24: info: range check proved
mj-inverse_mass.adb:42:35: info: overflow check proved
mj-inverse_mass.adb:42:39: info: overflow check proved
mj-inverse_mass.adb:42:39: info: index check proved
mj-inverse_mass.adb:45:34: info: precondition proved
mj-inverse_mass.adb:45:52: info: range check proved
mj-inverse_mass.adb:46:36: info: loop invariant initialization proved
mj-inverse_mass.adb:46:36: info: loop invariant preservation proved
mj-inverse_mass.adb:48:42: info: precondition proved
mj-inverse_mass.adb:48:60: info: range check proved
mj-inverse_mass.adb:49:45: info: overflow check proved
mj-inverse_mass.adb:49:49: info: overflow check proved
mj-inverse_mass.adb:49:49: info: index check proved
mj-inverse_mass.adb:51:34: info: precondition proved
mj-inverse_mass.adb:51:55: info: range check proved
mj-inverse_mass.adb:51:75: info: index check proved
mj-inverse_mass.adb:53:34: info: precondition proved
mj-inverse_mass.adb:58:13: info: length check proved
mj-inverse_mass.ads:24:34: info: initialization of "Accepted" proved
mj-inverse_mass.ads:25:11: info: data dependencies proved
mj-inverse_mass.ads:28:31: info: range check proved
mj-inverse_mass.ads:35:54: medium: postcondition might fail, cannot prove Value = Model (Pattern, Mass, Acceleration) [provers reached time limit before completing the proof]
mj-inverse_mass.ads:35:62: info: precondition proved
Summary logged in /var/tmp/sparkling-services-inverse-multiply-20261003/build/validation/obj/gnatprove/gnatprove.out
gnatprove: unproved check messages considered as errors
guarded: elapsed 30.1 s, peak group RSS 224 MB
