=========================
Summary of SPARK analysis
=========================

---------------------------------------------------------------------------------
SPARK Analysis results        Total         Flow   Provers   Justified   Unproved
---------------------------------------------------------------------------------
Data Dependencies                 .            .         .           .          .
Flow Dependencies                 .            .         .           .          .
Initialization                   19           19         .           .          .
Non-Aliasing                      .            .         .           .          .
Run-time Checks                   .            .         .           .          .
Assertions                        .            .         .           .          .
Functional Contracts              .            .         .           .          .
LSP Verification                  .            .         .           .          .
Termination                       9            9         .           .          .
Concurrency                       .            .         .           .          .
---------------------------------------------------------------------------------
Total                            28    28 (100%)         .           .          .


============================
Most difficult proved checks
============================

No check found with max time greater than 1 second

========================
Detailed analysis report
========================

Analyzed 1 unit
in unit mj-spatial_tendons, 13 subprograms and packages out of 13 analyzed
proof skipped for this unit (only flow analysis was requested)
  MJ.Spatial_Tendons at mj-spatial_tendons.ads:5 flow analyzed (0 errors, 0 checks, 0 warnings and 0 pragma Assume statements)
  MJ.Spatial_Tendons.Evaluate at mj-spatial_tendons.ads:83 flow analyzed (0 errors, 0 checks, 0 warnings and 0 pragma Assume statements)
  MJ.Spatial_Tendons.Evaluate.Emit at mj-spatial_tendons.adb:75 flow analyzed (0 errors, 0 checks, 0 warnings and 0 pragma Assume statements)
  MJ.Spatial_Tendons.Path_Layout at mj-spatial_tendons.ads:49 flow analyzed (0 errors, 0 checks, 0 warnings and 0 pragma Assume statements)
  MJ.Spatial_Tendons.Path_Node_Valid at mj-spatial_tendons.ads:38 flow analyzed (0 errors, 0 checks, 0 warnings and 0 pragma Assume statements)
  MJ.Spatial_Tendons.Point_Column at mj-spatial_tendons.ads:103 flow analyzed (0 errors, 0 checks, 0 warnings and 0 pragma Assume statements)
  MJ.Spatial_Tendons.Project_Component at mj-spatial_tendons.ads:111 flow analyzed (0 errors, 0 checks, 0 warnings and 0 pragma Assume statements)
  MJ.Spatial_Tendons.Project_Force at mj-spatial_tendons.ads:140 flow analyzed (0 errors, 0 checks, 0 warnings and 0 pragma Assume statements)
  MJ.Spatial_Tendons.Valid_Kinematics at mj-spatial_tendons.ads:62 flow analyzed (0 errors, 0 checks, 0 warnings and 0 pragma Assume statements)
  MJ.Spatial_Tendons.Valid_Path at mj-spatial_tendons.ads:55 flow analyzed (0 errors, 0 checks, 0 warnings and 0 pragma Assume statements)
  MJ.Spatial_Tendons.Velocity at mj-spatial_tendons.ads:134 flow analyzed (0 errors, 0 checks, 0 warnings and 0 pragma Assume statements)
  MJ.Spatial_Tendons.Velocity_Add at mj-spatial_tendons.ads:117 flow analyzed (0 errors, 0 checks, 0 warnings and 0 pragma Assume statements)
  MJ.Spatial_Tendons.Velocity_Prefix at mj-spatial_tendons.ads:126 flow analyzed (0 errors, 0 checks, 0 warnings and 0 pragma Assume statements)
