Phase 1 of 3: generation of data representation information ...
Phase 2 of 3: generation of Global contracts ...
Phase 3 of 3: flow analysis and proof ...
Success: all checks proved (8 checks).
Summary logged in /var/tmp/sparkling-services-normalize-min5-20261003/Normalize_Reciprocal/validation/obj/gnatprove/gnatprove.out
guarded: elapsed 3.5 s, peak group RSS 136 MB
 info: division check proved
--> mj-actuator_geometry.adb:10:79

 info: float overflow check proved
--> mj-actuator_geometry.adb:10:79

 info: range check proved
--> mj-actuator_geometry.adb:10:79

 info: implicit aspect Always_Terminates on "Normalize_Reciprocal" has been proved, subprogram will terminate
--> mj-actuator_geometry.ads:22:13

 info: data dependencies proved
--> mj-actuator_geometry.ads:23:11

 info: postcondition proved
--> mj-actuator_geometry.ads:24:16

 info: division check proved
--> mj-actuator_geometry.ads:24:49

 info: float overflow check proved
--> mj-actuator_geometry.ads:24:49
