Phase 1 of 3: generation of data representation information ...
Phase 2 of 3: generation of Global contracts ...
Phase 3 of 3: flow analysis and proof ...
Success: all checks proved (11 checks).
Summary logged in /var/tmp/sparkling-services-normalize-min5-20261003/Normalize_Norm/validation/obj/gnatprove/gnatprove.out
guarded: elapsed 6.6 s, peak group RSS 141 MB
 info: implicit aspect Always_Terminates on "Normalize_Norm" has been proved, subprogram will terminate
--> mj-actuator_geometry.ads:18:13

 info: precondition proved
--> mj-actuator_geometry.ads:19:11

 info: float overflow check proved
--> mj-actuator_geometry.ads:19:25

 info: float overflow check proved
--> mj-actuator_geometry.ads:19:31

 info: float overflow check proved
--> mj-actuator_geometry.ads:19:37

 info: float overflow check proved
--> mj-actuator_geometry.ads:19:44

 info: float overflow check proved
--> mj-actuator_geometry.ads:19:50

 info: float overflow check proved
--> mj-actuator_geometry.ads:19:57

 info: float overflow check proved
--> mj-actuator_geometry.ads:19:63

 info: data dependencies proved
--> mj-actuator_geometry.ads:20:11

 info: postcondition proved
--> mj-actuator_geometry.ads:21:43
