=========================
Summary of SPARK analysis
=========================

--------------------------------------------------------------------------------
SPARK Analysis results        Total       Flow    Provers   Justified   Unproved
--------------------------------------------------------------------------------
Data Dependencies                 1          1          .           .          .
Flow Dependencies                 .          .          .           .          .
Initialization                    .          .          .           .          .
Non-Aliasing                      .          .          .           .          .
Run-time Checks                   8          .     8 (Z3)           .          .
Assertions                        .          .          .           .          .
Functional Contracts              1          .     1 (Z3)           .          .
LSP Verification                  .          .          .           .          .
Termination                       .          .          .           .          .
Concurrency                       .          .          .           .          .
--------------------------------------------------------------------------------
Total                            10    1 (10%)    9 (90%)           .          .


max steps used for successful proof: 1

============================
Most difficult proved checks
============================

No check found with max time greater than 1 second

========================
Detailed analysis report
========================

Analyzed 1 unit
in unit mj-constraint_solvers-cholesky, 1 subprograms and packages out of 1 analyzed
  MJ.Constraint_Solvers.Cholesky.Store at mj-constraint_solvers-cholesky.adb:16 flow analyzed (0 errors, 0 checks, 0 warnings and 0 pragma Assume statements) and proved (9 checks)
