Phase 1 of 3: generation of data representation information ...
Phase 2 of 3: generation of Global contracts ...
Phase 3 of 3: flow analysis and proof ...
 medium: precondition might fail, cannot prove S.Nf = S.Flexes'Length
--> mj-data-flex_elasticity-equalities.adb:121:07
  121 |          Append_Storage (Model.S.all, Flex_Id, Eq_Id, Rows, Responses, Result, Sparse);
      |          ^~~~~~~~~~~~~~~~~~~~~~~~~~~~~~~~~~~~~~~~~~~~~~~~~~~~~~~~~~~~~~~~~~~~~~~~~~~~
      + in inlined expression function body at mj-data-flex_elasticity.ads:131
      + possible fix: precondition of subprogram at mj-data-flex_elasticity-equalities.ads:12 should mention Model
      --> mj-data-flex_elasticity-equalities.ads:12:04
   12 |       procedure Append_Edges
      |       ^
      + provers reached time limit before completing the proof

 info: pointer dereference check proved
--> mj-data-flex_elasticity-equalities.adb:121:31

 info: initialization of "Result" proved
--> mj-data-flex_elasticity-equalities.ads:15:07

 info: data dependencies proved
--> mj-data-flex_elasticity-equalities.ads:16:06

 info: range check proved
--> mj-data-flex_elasticity-equalities.ads:18:26

 info: postcondition proved
--> mj-data-flex_elasticity-equalities.ads:19:25
Summary logged in /var/tmp/sparkling-flex-equality-adapter-20261003-r107-model/build/validation/obj/gnatprove/gnatprove.out
gnatprove: unproved check messages considered as errors
guarded: elapsed 94.8 s, peak group RSS 477 MB
