Phase 1 of 3: generation of data representation information ...
Phase 2 of 3: generation of Global contracts ...
Phase 3 of 3: flow analysis and proof ...
 info: initialization of "Result" proved
--> mj-data-flex_elasticity-equalities.adb:16:07

 info: range check proved
--> mj-data-flex_elasticity-equalities.adb:18:55

 info: postcondition proved
--> mj-data-flex_elasticity-equalities.adb:19:25

 info: index check proved
--> mj-data-flex_elasticity-equalities.adb:32:37

 info: range check proved
--> mj-data-flex_elasticity-equalities.adb:34:10

 info: index check proved
--> mj-data-flex_elasticity-equalities.adb:34:56

 info: length check proved
--> mj-data-flex_elasticity-equalities.adb:34:68

 info: index check proved
--> mj-data-flex_elasticity-equalities.adb:41:19

 info: index check proved
--> mj-data-flex_elasticity-equalities.adb:41:35

 info: overflow check proved
--> mj-data-flex_elasticity-equalities.adb:41:47

 info: index check proved
--> mj-data-flex_elasticity-equalities.adb:41:48

 info: loop invariant preservation proved
--> mj-data-flex_elasticity-equalities.adb:42:36

 info: loop invariant initialization proved
--> mj-data-flex_elasticity-equalities.adb:42:36

 info: overflow check proved
--> mj-data-flex_elasticity-equalities.adb:42:52

 info: index check proved
--> mj-data-flex_elasticity-equalities.adb:42:53

 info: loop invariant initialization proved
--> mj-data-flex_elasticity-equalities.adb:43:36

 info: loop invariant preservation proved
--> mj-data-flex_elasticity-equalities.adb:43:36

 info: overflow check proved
--> mj-data-flex_elasticity-equalities.adb:43:56

 info: index check proved
--> mj-data-flex_elasticity-equalities.adb:43:57

 info: overflow check proved
--> mj-data-flex_elasticity-equalities.adb:43:70

 info: loop invariant initialization proved
--> mj-data-flex_elasticity-equalities.adb:44:36

 info: loop invariant preservation proved
--> mj-data-flex_elasticity-equalities.adb:44:36

 info: overflow check proved
--> mj-data-flex_elasticity-equalities.adb:44:49

 info: index check proved
--> mj-data-flex_elasticity-equalities.adb:44:49

 info: index check proved
--> mj-data-flex_elasticity-equalities.adb:44:50

 info: loop invariant initialization proved
--> mj-data-flex_elasticity-equalities.adb:45:36

 info: loop invariant preservation proved
--> mj-data-flex_elasticity-equalities.adb:45:36

 info: overflow check proved
--> mj-data-flex_elasticity-equalities.adb:45:51

 info: index check proved
--> mj-data-flex_elasticity-equalities.adb:45:51

 info: index check proved
--> mj-data-flex_elasticity-equalities.adb:45:52

 info: loop invariant initialization proved
--> mj-data-flex_elasticity-equalities.adb:46:36

 info: loop invariant preservation proved
--> mj-data-flex_elasticity-equalities.adb:46:36

 info: index check proved
--> mj-data-flex_elasticity-equalities.adb:46:48

 info: index check proved
--> mj-data-flex_elasticity-equalities.adb:46:78

 info: loop invariant initialization proved
--> mj-data-flex_elasticity-equalities.adb:47:36

 info: loop invariant preservation proved
--> mj-data-flex_elasticity-equalities.adb:47:36

 info: overflow check proved
--> mj-data-flex_elasticity-equalities.adb:47:55

 info: index check proved
--> mj-data-flex_elasticity-equalities.adb:47:56

 info: index check proved
--> mj-data-flex_elasticity-equalities.adb:48:27

 info: index check proved
--> mj-data-flex_elasticity-equalities.adb:48:68

 info: loop invariant initialization proved
--> mj-data-flex_elasticity-equalities.adb:49:36

 info: loop invariant preservation proved
--> mj-data-flex_elasticity-equalities.adb:49:36

 info: overflow check proved
--> mj-data-flex_elasticity-equalities.adb:49:55

 info: index check proved
--> mj-data-flex_elasticity-equalities.adb:49:56

 info: index check proved
--> mj-data-flex_elasticity-equalities.adb:50:27

 info: index check proved
--> mj-data-flex_elasticity-equalities.adb:50:45

 info: overflow check proved
--> mj-data-flex_elasticity-equalities.adb:51:17

 info: index check proved
--> mj-data-flex_elasticity-equalities.adb:51:41

 info: overflow check proved
--> mj-data-flex_elasticity-equalities.adb:51:53

 info: index check proved
--> mj-data-flex_elasticity-equalities.adb:51:55

 info: loop invariant initialization proved
--> mj-data-flex_elasticity-equalities.adb:52:36

 info: loop invariant preservation proved
--> mj-data-flex_elasticity-equalities.adb:52:36

 info: overflow check proved
--> mj-data-flex_elasticity-equalities.adb:52:55

 info: index check proved
--> mj-data-flex_elasticity-equalities.adb:52:56

 info: index check proved
--> mj-data-flex_elasticity-equalities.adb:53:29

 info: index check proved
--> mj-data-flex_elasticity-equalities.adb:53:49

 info: overflow check proved
--> mj-data-flex_elasticity-equalities.adb:54:17

 info: index check proved
--> mj-data-flex_elasticity-equalities.adb:54:41

 info: overflow check proved
--> mj-data-flex_elasticity-equalities.adb:54:53

 info: index check proved
--> mj-data-flex_elasticity-equalities.adb:54:55

 info: index check proved
--> mj-data-flex_elasticity-equalities.adb:55:29

 info: overflow check proved
--> mj-data-flex_elasticity-equalities.adb:55:41

 info: index check proved
--> mj-data-flex_elasticity-equalities.adb:55:43

 info: loop invariant preservation proved
--> mj-data-flex_elasticity-equalities.adb:56:36

 info: loop invariant initialization proved
--> mj-data-flex_elasticity-equalities.adb:56:36

 info: index check proved
--> mj-data-flex_elasticity-equalities.adb:56:49

 info: overflow check proved
--> mj-data-flex_elasticity-equalities.adb:56:66

 info: index check proved
--> mj-data-flex_elasticity-equalities.adb:57:37

 info: precondition proved
--> mj-data-flex_elasticity-equalities.adb:58:18

 info: range check proved
--> mj-data-flex_elasticity-equalities.adb:58:33

 info: range check proved
--> mj-data-flex_elasticity-equalities.adb:58:38

 info: index check proved
--> mj-data-flex_elasticity-equalities.adb:59:47

 info: index check proved
--> mj-data-flex_elasticity-equalities.adb:60:28

 info: precondition proved
--> mj-data-flex_elasticity-equalities.adb:62:58

 info: range check proved
--> mj-data-flex_elasticity-equalities.adb:62:73

 info: overflow check proved
--> mj-data-flex_elasticity-equalities.adb:68:45

 info: overflow check proved
--> mj-data-flex_elasticity-equalities.adb:69:51

 info: index check proved
--> mj-data-flex_elasticity-equalities.adb:69:52

 info: overflow check proved
--> mj-data-flex_elasticity-equalities.adb:72:26

 info: index check proved
--> mj-data-flex_elasticity-equalities.adb:72:27

 info: overflow check proved
--> mj-data-flex_elasticity-equalities.adb:72:39

 info: index check proved
--> mj-data-flex_elasticity-equalities.adb:72:39

 info: overflow check proved
--> mj-data-flex_elasticity-equalities.adb:73:28

 info: index check proved
--> mj-data-flex_elasticity-equalities.adb:73:29

 info: overflow check proved
--> mj-data-flex_elasticity-equalities.adb:73:41

 info: index check proved
--> mj-data-flex_elasticity-equalities.adb:73:41

 info: index check proved
--> mj-data-flex_elasticity-equalities.adb:78:19

 info: index check proved
--> mj-data-flex_elasticity-equalities.adb:78:35

 info: overflow check proved
--> mj-data-flex_elasticity-equalities.adb:78:47

 info: index check proved
--> mj-data-flex_elasticity-equalities.adb:78:48

 info: loop invariant initialization proved
--> mj-data-flex_elasticity-equalities.adb:79:36

 info: loop invariant preservation proved
--> mj-data-flex_elasticity-equalities.adb:79:36

 info: loop invariant preservation proved
--> mj-data-flex_elasticity-equalities.adb:80:36

 info: loop invariant initialization proved
--> mj-data-flex_elasticity-equalities.adb:80:36

 info: loop invariant initialization proved
--> mj-data-flex_elasticity-equalities.adb:81:36

 info: loop invariant preservation proved
--> mj-data-flex_elasticity-equalities.adb:81:36

 info: loop invariant initialization proved
--> mj-data-flex_elasticity-equalities.adb:82:36

 info: loop invariant preservation proved
--> mj-data-flex_elasticity-equalities.adb:82:36

 info: overflow check proved
--> mj-data-flex_elasticity-equalities.adb:82:60

 info: overflow check proved
--> mj-data-flex_elasticity-equalities.adb:82:74

 info: index check proved
--> mj-data-flex_elasticity-equalities.adb:82:74

 info: index check proved
--> mj-data-flex_elasticity-equalities.adb:82:75

 info: loop invariant initialization proved
--> mj-data-flex_elasticity-equalities.adb:83:36

 info: loop invariant preservation proved
--> mj-data-flex_elasticity-equalities.adb:83:36

 info: overflow check proved
--> mj-data-flex_elasticity-equalities.adb:83:60

 info: overflow check proved
--> mj-data-flex_elasticity-equalities.adb:83:76

 info: index check proved
--> mj-data-flex_elasticity-equalities.adb:83:76

 info: index check proved
--> mj-data-flex_elasticity-equalities.adb:83:77

 info: index check proved
--> mj-data-flex_elasticity-equalities.adb:84:47

 info: index check proved
--> mj-data-flex_elasticity-equalities.adb:85:28

 info: precondition proved
--> mj-data-flex_elasticity-equalities.adb:87:58

 info: range check proved
--> mj-data-flex_elasticity-equalities.adb:87:73

 info: range check proved
--> mj-data-flex_elasticity-equalities.adb:89:24

 info: range check proved
--> mj-data-flex_elasticity-equalities.adb:89:36

 info: index check proved
--> mj-data-flex_elasticity-equalities.adb:89:39

 info: index check proved
--> mj-data-flex_elasticity-equalities.adb:89:61

 info: overflow check proved
--> mj-data-flex_elasticity-equalities.adb:89:69

 info: index check proved
--> mj-data-flex_elasticity-equalities.adb:89:71

 info: initialization of "Added" proved
--> mj-data-flex_elasticity-equalities.adb:90:22

 info: assertion proved
--> mj-data-flex_elasticity-equalities.adb:92:47

 info: assertion proved
--> mj-data-flex_elasticity-equalities.adb:93:47

 info: overflow check proved
--> mj-data-flex_elasticity-equalities.adb:93:60

 info: index check proved
--> mj-data-flex_elasticity-equalities.adb:93:61

 info: overflow check proved
--> mj-data-flex_elasticity-equalities.adb:93:73

 info: index check proved
--> mj-data-flex_elasticity-equalities.adb:93:73

 info: overflow check proved
--> mj-data-flex_elasticity-equalities.adb:94:39

 info: index check proved
--> mj-data-flex_elasticity-equalities.adb:94:39

 info: index check proved
--> mj-data-flex_elasticity-equalities.adb:94:40

 info: overflow check proved
--> mj-data-flex_elasticity-equalities.adb:94:53

 info: assertion proved
--> mj-data-flex_elasticity-equalities.adb:95:47

 info: overflow check proved
--> mj-data-flex_elasticity-equalities.adb:95:62

 info: index check proved
--> mj-data-flex_elasticity-equalities.adb:95:63

 info: overflow check proved
--> mj-data-flex_elasticity-equalities.adb:95:75

 info: index check proved
--> mj-data-flex_elasticity-equalities.adb:95:75

 info: overflow check proved
--> mj-data-flex_elasticity-equalities.adb:96:41

 info: index check proved
--> mj-data-flex_elasticity-equalities.adb:96:41

 info: index check proved
--> mj-data-flex_elasticity-equalities.adb:96:42

 info: overflow check proved
--> mj-data-flex_elasticity-equalities.adb:96:55

 info: index check proved
--> mj-data-flex_elasticity-equalities.adb:96:56

 info: assertion proved
--> mj-data-flex_elasticity-equalities.adb:97:47

 info: index check proved
--> mj-data-flex_elasticity-equalities.adb:98:47

 info: assertion proved
--> mj-data-flex_elasticity-equalities.adb:98:47

 info: assertion proved
--> mj-data-flex_elasticity-equalities.adb:99:47

 info: precondition proved
--> mj-data-flex_elasticity-equalities.adb:99:49

 info: range check proved
--> mj-data-flex_elasticity-equalities.adb:99:70

 info: precondition proved
--> mj-data-flex_elasticity-equalities.adb:100:43

 info: index check proved
--> mj-data-flex_elasticity-equalities.adb:101:63

 info: index check proved
--> mj-data-flex_elasticity-equalities.adb:101:67

 info: assertion proved
--> mj-data-flex_elasticity-equalities.adb:103:47

 info: index check proved
--> mj-data-flex_elasticity-equalities.adb:104:37

 info: index check proved
--> mj-data-flex_elasticity-equalities.adb:105:35

 info: index check proved
--> mj-data-flex_elasticity-equalities.adb:106:79

 info: index check proved
--> mj-data-flex_elasticity-equalities.adb:106:83
Success: all checks proved (159 checks).
Summary logged in /var/tmp/sparkling-flex-equality-adapter-20261003-r106-storage/build/validation/obj/gnatprove/gnatprove.out
guarded: elapsed 163.5 s, peak group RSS 579 MB
