Phase 1 of 3: generation of data representation information ...
Phase 2 of 3: generation of Global contracts ...
Phase 3 of 3: flow analysis and proof ...
 info: initialization of "Result" proved
--> mj-data-flex_elasticity.adb:189:27

 info: postcondition proved
--> mj-data-flex_elasticity.adb:196:25

 info: index check proved
--> mj-data-flex_elasticity.adb:199:20

 info: index check proved
--> mj-data-flex_elasticity.adb:199:50

 info: index check proved
--> mj-data-flex_elasticity.adb:200:29

 info: index check proved
--> mj-data-flex_elasticity.adb:200:52

 info: index check proved
--> mj-data-flex_elasticity.adb:202:19

 info: index check proved
--> mj-data-flex_elasticity.adb:202:44

 info: index check proved
--> mj-data-flex_elasticity.adb:203:28

 info: index check proved
--> mj-data-flex_elasticity.adb:203:51

 info: precondition proved
--> mj-data-flex_elasticity.adb:205:07

 info: precondition proved
--> mj-data-flex_elasticity.adb:207:07

 info: precondition proved
--> mj-data-flex_elasticity.adb:209:07

 info: range check proved
--> mj-data-flex_elasticity.adb:209:76
Success: all checks proved (14 checks).
Summary logged in /var/tmp/sparkling-flex-admission-proof-20261003-r134/validation/obj/gnatprove/gnatprove.out
guarded: elapsed 10.1 s, peak group RSS 1552 MB
