Phase 1 of 3: generation of data representation information ...
Phase 2 of 3: generation of Global contracts ...
Phase 3 of 3: flow analysis and proof ...
 info: initialization of "Result" proved
--> mj-data-flex_elasticity-equalities.adb:8:07

 info: range check proved
--> mj-data-flex_elasticity-equalities.adb:10:55

 info: index check proved
--> mj-data-flex_elasticity-equalities.adb:21:42

 info: index check proved
--> mj-data-flex_elasticity-equalities.adb:25:19

 info: index check proved
--> mj-data-flex_elasticity-equalities.adb:25:35

 info: overflow check proved
--> mj-data-flex_elasticity-equalities.adb:25:47

 info: index check proved
--> mj-data-flex_elasticity-equalities.adb:25:48

 info: loop invariant initialization proved
--> mj-data-flex_elasticity-equalities.adb:26:36

 info: loop invariant preservation proved
--> mj-data-flex_elasticity-equalities.adb:26:36

 info: overflow check proved
--> mj-data-flex_elasticity-equalities.adb:26:52

 info: index check proved
--> mj-data-flex_elasticity-equalities.adb:26:53

 info: loop invariant initialization proved
--> mj-data-flex_elasticity-equalities.adb:27:36

 info: loop invariant preservation proved
--> mj-data-flex_elasticity-equalities.adb:27:36

 info: overflow check proved
--> mj-data-flex_elasticity-equalities.adb:27:56

 info: index check proved
--> mj-data-flex_elasticity-equalities.adb:27:57

 info: overflow check proved
--> mj-data-flex_elasticity-equalities.adb:27:70

 info: index check proved
--> mj-data-flex_elasticity-equalities.adb:28:47

 info: index check proved
--> mj-data-flex_elasticity-equalities.adb:29:28

 info: range check proved
--> mj-data-flex_elasticity-equalities.adb:32:24

 info: range check proved
--> mj-data-flex_elasticity-equalities.adb:32:36

 info: index check proved
--> mj-data-flex_elasticity-equalities.adb:32:39

 info: range check proved
--> mj-data-flex_elasticity-equalities.adb:32:52

 info: index check proved
--> mj-data-flex_elasticity-equalities.adb:32:67

 info: overflow check proved
--> mj-data-flex_elasticity-equalities.adb:32:75

 info: index check proved
--> mj-data-flex_elasticity-equalities.adb:32:77

 info: overflow check proved
--> mj-data-flex_elasticity-equalities.adb:38:45

 info: overflow check proved
--> mj-data-flex_elasticity-equalities.adb:39:51

 info: index check proved
--> mj-data-flex_elasticity-equalities.adb:39:52

 info: index check proved
--> mj-data-flex_elasticity-equalities.adb:46:19

 info: index check proved
--> mj-data-flex_elasticity-equalities.adb:46:35

 info: overflow check proved
--> mj-data-flex_elasticity-equalities.adb:46:47

 info: index check proved
--> mj-data-flex_elasticity-equalities.adb:46:48

 info: loop invariant preservation proved
--> mj-data-flex_elasticity-equalities.adb:47:36

 info: loop invariant initialization proved
--> mj-data-flex_elasticity-equalities.adb:47:36

 info: loop invariant preservation proved
--> mj-data-flex_elasticity-equalities.adb:48:36

 info: loop invariant initialization proved
--> mj-data-flex_elasticity-equalities.adb:48:36

 info: loop invariant initialization proved
--> mj-data-flex_elasticity-equalities.adb:49:36

 info: loop invariant preservation proved
--> mj-data-flex_elasticity-equalities.adb:49:36

 info: index check proved
--> mj-data-flex_elasticity-equalities.adb:50:47

 info: index check proved
--> mj-data-flex_elasticity-equalities.adb:51:28

 info: range check proved
--> mj-data-flex_elasticity-equalities.adb:54:24

 info: range check proved
--> mj-data-flex_elasticity-equalities.adb:54:36

 info: index check proved
--> mj-data-flex_elasticity-equalities.adb:54:39

 info: range check proved
--> mj-data-flex_elasticity-equalities.adb:54:52

 info: index check proved
--> mj-data-flex_elasticity-equalities.adb:54:67

 info: overflow check proved
--> mj-data-flex_elasticity-equalities.adb:54:75

 info: index check proved
--> mj-data-flex_elasticity-equalities.adb:54:77

 info: range check proved
--> mj-data-flex_elasticity-equalities.adb:56:24

 info: range check proved
--> mj-data-flex_elasticity-equalities.adb:56:36

 info: index check proved
--> mj-data-flex_elasticity-equalities.adb:56:39

 info: index check proved
--> mj-data-flex_elasticity-equalities.adb:56:61

 info: overflow check proved
--> mj-data-flex_elasticity-equalities.adb:56:69

 info: index check proved
--> mj-data-flex_elasticity-equalities.adb:56:71

 info: initialization of "Added" proved
--> mj-data-flex_elasticity-equalities.adb:57:22

 medium: precondition might fail, cannot prove Chain (K - 1) < Chain (K)
--> mj-data-flex_elasticity-equalities.adb:59:43
   59 |                         MJ.Equality_Flex_Rows.Append
      |                         ~~~~~~~~~~~~~~~~~~~~~^~~~~~~
   60 |                           (Rows, Eq_Id, Chain, Values, S.Length (I), C.Rest, Added);
      |                           ~~~~~~~~~~~~~~~~~~~~~~~~~~~~~~~~~~~~~~~~~~~~~~~~~~~~~~~~
      + in inlined expression function body at mj-constraint_assembly.ads:73
      + provers reached time limit before completing the proof

 info: index check proved
--> mj-data-flex_elasticity-equalities.adb:60:63

 info: index check proved
--> mj-data-flex_elasticity-equalities.adb:60:67

 medium: assertion might fail
--> mj-data-flex_elasticity-equalities.adb:62:47
   62 |                         pragma Assert (Static => Added = CA.Success);
      |                                                  ^~~~~~~~~~~~~~~~~~
      + provers reached time limit before completing the proof

 info: index check proved
--> mj-data-flex_elasticity-equalities.adb:63:37

 info: index check proved
--> mj-data-flex_elasticity-equalities.adb:64:35

 info: index check proved
--> mj-data-flex_elasticity-equalities.adb:65:79

 info: index check proved
--> mj-data-flex_elasticity-equalities.adb:65:83
Summary logged in /var/tmp/sparkling-flex-equality-adapter-20261003-r99-storage/build/validation/obj/gnatprove/gnatprove.out
gnatprove: unproved check messages considered as errors
guarded: elapsed 103.5 s, peak group RSS 477 MB
