Phase 1 of 3: generation of data representation information ...
Phase 2 of 3: generation of Global contracts ...
Phase 3 of 3: flow analysis and proof ...
 info: implicit aspect Always_Terminates on "Edge_Chain" has been proved, subprogram will terminate
--> mj-data-flex_elasticity-equalities.adb:5:13

 info: range check proved
--> mj-data-flex_elasticity-equalities.adb:6:07

 info: range check proved
--> mj-data-flex_elasticity-equalities.adb:6:19

 info: index check proved
--> mj-data-flex_elasticity-equalities.adb:6:31

 info: range check proved
--> mj-data-flex_elasticity-equalities.adb:7:09

 info: index check proved
--> mj-data-flex_elasticity-equalities.adb:7:33

 info: overflow check proved
--> mj-data-flex_elasticity-equalities.adb:7:46

 info: index check proved
--> mj-data-flex_elasticity-equalities.adb:7:48

 info: postcondition proved
--> mj-data-flex_elasticity-equalities.adb:9:25

 info: range check proved
--> mj-data-flex_elasticity-equalities.adb:10:34

 info: index check proved
--> mj-data-flex_elasticity-equalities.adb:10:53

 info: index check proved
--> mj-data-flex_elasticity-equalities.adb:12:29

 info: index check proved
--> mj-data-flex_elasticity-equalities.adb:12:59

 info: overflow check proved
--> mj-data-flex_elasticity-equalities.adb:12:72

 info: overflow check proved
--> mj-data-flex_elasticity-equalities.adb:12:74

 info: index check proved
--> mj-data-flex_elasticity-equalities.adb:12:74
Success: all checks proved (18 checks).
Summary logged in /var/tmp/sparkling-flex-equality-adapter-20261003-r105-chain/build/validation/obj/gnatprove/gnatprove.out
guarded: elapsed 83.1 s, peak group RSS 477 MB
