Phase 1 of 3: generation of data representation information ...
Phase 2 of 3: generation of Global contracts ...
Phase 3 of 3: flow analysis and proof ...
 info: initialization of "Result" proved
--> mj-data-flex_elasticity.adb:189:27

 medium: range check might fail, cannot prove upper bound for Flex_Address'Length
--> mj-data-flex_elasticity.adb:192:61
  192 |           and then Flex_Address'First = 0 and then Flex_Address'Length = S.Nf
      |                                                    ~~~~~~~~~~~~^~~~~~~
      + provers reached time limit before completing the proof

 medium: range check might fail, cannot prove upper bound for Flex_Count'Length
--> mj-data-flex_elasticity.adb:193:57
  193 |           and then Flex_Count'First = 0 and then Flex_Count'Length = S.Nf
      |                                                  ~~~~~~~~~~^~~~~~~
      + provers reached time limit before completing the proof

 medium: range check might fail, cannot prove upper bound for Row_Address'Length
--> mj-data-flex_elasticity.adb:194:59
  194 |           and then Row_Address'First = 0 and then Row_Address'Length = S.Nedge
      |                                                   ~~~~~~~~~~~^~~~~~~
      + provers reached time limit before completing the proof

 medium: range check might fail, cannot prove upper bound for Row_Width'Length
--> mj-data-flex_elasticity.adb:195:55
  195 |           and then Row_Width'First = 0 and then Row_Width'Length = S.Nedge),
      |                                                 ~~~~~~~~~^~~~~~~
      + provers reached time limit before completing the proof

 info: postcondition proved
--> mj-data-flex_elasticity.adb:196:25

 info: index check proved
--> mj-data-flex_elasticity.adb:199:20

 info: index check proved
--> mj-data-flex_elasticity.adb:199:50

 info: index check proved
--> mj-data-flex_elasticity.adb:200:29

 info: index check proved
--> mj-data-flex_elasticity.adb:200:52

 info: index check proved
--> mj-data-flex_elasticity.adb:202:19

 info: index check proved
--> mj-data-flex_elasticity.adb:202:44

 info: index check proved
--> mj-data-flex_elasticity.adb:203:28

 info: index check proved
--> mj-data-flex_elasticity.adb:203:51

 info: precondition proved
--> mj-data-flex_elasticity.adb:205:07

 info: precondition proved
--> mj-data-flex_elasticity.adb:207:07

 info: precondition proved
--> mj-data-flex_elasticity.adb:209:07

 info: range check proved
--> mj-data-flex_elasticity.adb:209:76
Summary logged in /var/tmp/sparkling-flex-equality-adapter-20261003-r118-analysis/validation/obj/gnatprove/gnatprove.out
gnatprove: unproved check messages considered as errors
guarded: elapsed 34.7 s, peak group RSS 1593 MB
