Phase 1 of 3: generation of data representation information ...
Phase 2 of 3: generation of Global contracts ...
Phase 3 of 3: flow analysis and proof ...
 info: initialization of "Result" proved
--> mj-data-flex_elasticity.adb:132:24

 info: postcondition proved
--> mj-data-flex_elasticity.adb:136:25

 info: index check proved
--> mj-data-flex_elasticity.adb:137:46

 info: index check proved
--> mj-data-flex_elasticity.adb:138:27

 info: overflow check proved
--> mj-data-flex_elasticity.adb:138:44

 info: index check proved
--> mj-data-flex_elasticity.adb:138:53

 info: index check proved
--> mj-data-flex_elasticity.adb:139:27

 info: index check proved
--> mj-data-flex_elasticity.adb:139:52

 info: index check proved
--> mj-data-flex_elasticity.adb:140:27

 info: index check proved
--> mj-data-flex_elasticity.adb:140:45

 info: index check proved
--> mj-data-flex_elasticity.adb:144:22

 info: index check proved
--> mj-data-flex_elasticity.adb:145:27

 info: overflow check proved
--> mj-data-flex_elasticity.adb:145:47

 info: index check proved
--> mj-data-flex_elasticity.adb:145:57

 info: range check proved
--> mj-data-flex_elasticity.adb:146:35

 info: index check proved
--> mj-data-flex_elasticity.adb:146:44

 info: range check proved
--> mj-data-flex_elasticity.adb:146:68

 info: index check proved
--> mj-data-flex_elasticity.adb:146:75

 info: loop invariant initialization proved
--> mj-data-flex_elasticity.adb:147:33

 info: loop invariant preservation proved
--> mj-data-flex_elasticity.adb:147:33

 info: index check proved
--> mj-data-flex_elasticity.adb:148:20

 info: index check proved
--> mj-data-flex_elasticity.adb:149:29

 info: overflow check proved
--> mj-data-flex_elasticity.adb:149:46

 info: index check proved
--> mj-data-flex_elasticity.adb:149:55

 info: index check proved
--> mj-data-flex_elasticity.adb:150:29

 info: index check proved
--> mj-data-flex_elasticity.adb:150:54

 info: index check proved
--> mj-data-flex_elasticity.adb:151:29

 info: index check proved
--> mj-data-flex_elasticity.adb:151:47
Success: all checks proved (28 checks).
Summary logged in /var/tmp/sparkling-flex-equality-adapter-20261003-r114-analysis/validation/obj/gnatprove/gnatprove.out
guarded: elapsed 89.7 s, peak group RSS 1551 MB
