Phase 1 of 3: generation of data representation information ...
Phase 2 of 3: generation of Global contracts ...
Phase 3 of 3: flow analysis and proof ...
 info: initialization of "Result" proved
--> mj-data-flex_elasticity-equalities.adb:8:07

 info: range check proved
--> mj-data-flex_elasticity-equalities.adb:10:55

 info: postcondition proved
--> mj-data-flex_elasticity-equalities.adb:11:25

 info: index check proved
--> mj-data-flex_elasticity-equalities.adb:24:37

 info: range check proved
--> mj-data-flex_elasticity-equalities.adb:26:10

 info: index check proved
--> mj-data-flex_elasticity-equalities.adb:26:56

 info: length check proved
--> mj-data-flex_elasticity-equalities.adb:26:68

 info: index check proved
--> mj-data-flex_elasticity-equalities.adb:33:19

 info: index check proved
--> mj-data-flex_elasticity-equalities.adb:33:35

 info: overflow check proved
--> mj-data-flex_elasticity-equalities.adb:33:47

 info: index check proved
--> mj-data-flex_elasticity-equalities.adb:33:48

 info: loop invariant initialization proved
--> mj-data-flex_elasticity-equalities.adb:34:36

 info: loop invariant preservation proved
--> mj-data-flex_elasticity-equalities.adb:34:36

 info: overflow check proved
--> mj-data-flex_elasticity-equalities.adb:34:52

 info: index check proved
--> mj-data-flex_elasticity-equalities.adb:34:53

 info: loop invariant preservation proved
--> mj-data-flex_elasticity-equalities.adb:35:36

 info: loop invariant initialization proved
--> mj-data-flex_elasticity-equalities.adb:35:36

 info: overflow check proved
--> mj-data-flex_elasticity-equalities.adb:35:56

 info: index check proved
--> mj-data-flex_elasticity-equalities.adb:35:57

 info: overflow check proved
--> mj-data-flex_elasticity-equalities.adb:35:70

 info: loop invariant preservation proved
--> mj-data-flex_elasticity-equalities.adb:36:36

 info: loop invariant initialization proved
--> mj-data-flex_elasticity-equalities.adb:36:36

 info: overflow check proved
--> mj-data-flex_elasticity-equalities.adb:36:49

 info: index check proved
--> mj-data-flex_elasticity-equalities.adb:36:49

 info: index check proved
--> mj-data-flex_elasticity-equalities.adb:36:50

 info: loop invariant preservation proved
--> mj-data-flex_elasticity-equalities.adb:37:36

 info: loop invariant initialization proved
--> mj-data-flex_elasticity-equalities.adb:37:36

 info: overflow check proved
--> mj-data-flex_elasticity-equalities.adb:37:51

 info: index check proved
--> mj-data-flex_elasticity-equalities.adb:37:51

 info: index check proved
--> mj-data-flex_elasticity-equalities.adb:37:52

 info: loop invariant initialization proved
--> mj-data-flex_elasticity-equalities.adb:38:36

 info: loop invariant preservation proved
--> mj-data-flex_elasticity-equalities.adb:38:36

 info: index check proved
--> mj-data-flex_elasticity-equalities.adb:38:48

 info: index check proved
--> mj-data-flex_elasticity-equalities.adb:38:78

 info: loop invariant initialization proved
--> mj-data-flex_elasticity-equalities.adb:39:36

 info: loop invariant preservation proved
--> mj-data-flex_elasticity-equalities.adb:39:36

 info: overflow check proved
--> mj-data-flex_elasticity-equalities.adb:39:55

 info: index check proved
--> mj-data-flex_elasticity-equalities.adb:39:56

 info: index check proved
--> mj-data-flex_elasticity-equalities.adb:40:27

 info: index check proved
--> mj-data-flex_elasticity-equalities.adb:40:68

 info: loop invariant initialization proved
--> mj-data-flex_elasticity-equalities.adb:41:36

 info: loop invariant preservation proved
--> mj-data-flex_elasticity-equalities.adb:41:36

 info: overflow check proved
--> mj-data-flex_elasticity-equalities.adb:41:55

 info: index check proved
--> mj-data-flex_elasticity-equalities.adb:41:56

 info: index check proved
--> mj-data-flex_elasticity-equalities.adb:42:27

 info: index check proved
--> mj-data-flex_elasticity-equalities.adb:42:45

 info: overflow check proved
--> mj-data-flex_elasticity-equalities.adb:43:17

 info: index check proved
--> mj-data-flex_elasticity-equalities.adb:43:41

 info: overflow check proved
--> mj-data-flex_elasticity-equalities.adb:43:53

 info: index check proved
--> mj-data-flex_elasticity-equalities.adb:43:55

 info: loop invariant initialization proved
--> mj-data-flex_elasticity-equalities.adb:44:36

 info: loop invariant preservation proved
--> mj-data-flex_elasticity-equalities.adb:44:36

 info: overflow check proved
--> mj-data-flex_elasticity-equalities.adb:44:55

 info: index check proved
--> mj-data-flex_elasticity-equalities.adb:44:56

 info: index check proved
--> mj-data-flex_elasticity-equalities.adb:45:29

 info: index check proved
--> mj-data-flex_elasticity-equalities.adb:45:49

 info: overflow check proved
--> mj-data-flex_elasticity-equalities.adb:46:17

 info: index check proved
--> mj-data-flex_elasticity-equalities.adb:46:41

 info: overflow check proved
--> mj-data-flex_elasticity-equalities.adb:46:53

 info: index check proved
--> mj-data-flex_elasticity-equalities.adb:46:55

 info: index check proved
--> mj-data-flex_elasticity-equalities.adb:47:29

 info: overflow check proved
--> mj-data-flex_elasticity-equalities.adb:47:41

 info: index check proved
--> mj-data-flex_elasticity-equalities.adb:47:43

 info: loop invariant initialization proved
--> mj-data-flex_elasticity-equalities.adb:48:36

 info: index check proved
--> mj-data-flex_elasticity-equalities.adb:48:49

 info: overflow check proved
--> mj-data-flex_elasticity-equalities.adb:48:66

 info: index check proved
--> mj-data-flex_elasticity-equalities.adb:49:37

 medium: loop invariant might not be preserved by an arbitrary iteration, cannot prove Chain (K - 1) < Chain (K)
--> mj-data-flex_elasticity-equalities.adb:49:46
   49 |                  (if Include (S.Edges (P)) then CA.Valid_Chain
      |                                                 ^~~~~~~~~~~~~~
      :
   51 |                       S.Edge_Columns (S.Edges (P).Rowadr+K-1)], S.Nv)));
      |                       ~~~~~~~~~~~~~~~~~~~~~~~~~~~~~~~~~~~~~~~~~~~~~~
      + in inlined expression function body at mj-constraint_assembly.ads:73
      + provers reached time limit before completing the proof

 info: range check proved
--> mj-data-flex_elasticity-equalities.adb:50:18

 info: range check proved
--> mj-data-flex_elasticity-equalities.adb:50:30

 info: index check proved
--> mj-data-flex_elasticity-equalities.adb:50:42

 info: range check proved
--> mj-data-flex_elasticity-equalities.adb:51:21

 info: index check proved
--> mj-data-flex_elasticity-equalities.adb:51:45

 info: overflow check proved
--> mj-data-flex_elasticity-equalities.adb:51:54

 info: index check proved
--> mj-data-flex_elasticity-equalities.adb:51:56

 info: range check proved
--> mj-data-flex_elasticity-equalities.adb:51:63

 info: index check proved
--> mj-data-flex_elasticity-equalities.adb:52:47

 info: index check proved
--> mj-data-flex_elasticity-equalities.adb:53:28

 info: range check proved
--> mj-data-flex_elasticity-equalities.adb:56:24

 info: range check proved
--> mj-data-flex_elasticity-equalities.adb:56:36

 info: index check proved
--> mj-data-flex_elasticity-equalities.adb:56:39

 info: range check proved
--> mj-data-flex_elasticity-equalities.adb:56:52

 info: index check proved
--> mj-data-flex_elasticity-equalities.adb:56:67

 info: overflow check proved
--> mj-data-flex_elasticity-equalities.adb:56:75

 info: index check proved
--> mj-data-flex_elasticity-equalities.adb:56:77

 info: overflow check proved
--> mj-data-flex_elasticity-equalities.adb:62:45

 info: overflow check proved
--> mj-data-flex_elasticity-equalities.adb:63:51

 info: index check proved
--> mj-data-flex_elasticity-equalities.adb:63:52

 info: overflow check proved
--> mj-data-flex_elasticity-equalities.adb:66:26

 info: index check proved
--> mj-data-flex_elasticity-equalities.adb:66:27

 info: overflow check proved
--> mj-data-flex_elasticity-equalities.adb:66:39

 info: index check proved
--> mj-data-flex_elasticity-equalities.adb:66:39

 info: overflow check proved
--> mj-data-flex_elasticity-equalities.adb:67:28

 info: index check proved
--> mj-data-flex_elasticity-equalities.adb:67:29

 info: overflow check proved
--> mj-data-flex_elasticity-equalities.adb:67:41

 info: index check proved
--> mj-data-flex_elasticity-equalities.adb:67:41

 info: index check proved
--> mj-data-flex_elasticity-equalities.adb:72:19

 info: index check proved
--> mj-data-flex_elasticity-equalities.adb:72:35

 info: overflow check proved
--> mj-data-flex_elasticity-equalities.adb:72:47

 info: index check proved
--> mj-data-flex_elasticity-equalities.adb:72:48

 info: loop invariant preservation proved
--> mj-data-flex_elasticity-equalities.adb:73:36

 info: loop invariant initialization proved
--> mj-data-flex_elasticity-equalities.adb:73:36

 info: loop invariant initialization proved
--> mj-data-flex_elasticity-equalities.adb:74:36

 info: loop invariant preservation proved
--> mj-data-flex_elasticity-equalities.adb:74:36

 info: loop invariant initialization proved
--> mj-data-flex_elasticity-equalities.adb:75:36

 info: loop invariant preservation proved
--> mj-data-flex_elasticity-equalities.adb:75:36

 info: loop invariant initialization proved
--> mj-data-flex_elasticity-equalities.adb:76:36

 info: loop invariant preservation proved
--> mj-data-flex_elasticity-equalities.adb:76:36

 info: overflow check proved
--> mj-data-flex_elasticity-equalities.adb:76:60

 info: overflow check proved
--> mj-data-flex_elasticity-equalities.adb:76:74

 info: index check proved
--> mj-data-flex_elasticity-equalities.adb:76:74

 info: index check proved
--> mj-data-flex_elasticity-equalities.adb:76:75

 info: loop invariant preservation proved
--> mj-data-flex_elasticity-equalities.adb:77:36

 info: loop invariant initialization proved
--> mj-data-flex_elasticity-equalities.adb:77:36

 info: overflow check proved
--> mj-data-flex_elasticity-equalities.adb:77:60

 info: overflow check proved
--> mj-data-flex_elasticity-equalities.adb:77:76

 info: index check proved
--> mj-data-flex_elasticity-equalities.adb:77:76

 info: index check proved
--> mj-data-flex_elasticity-equalities.adb:77:77

 info: index check proved
--> mj-data-flex_elasticity-equalities.adb:78:47

 info: index check proved
--> mj-data-flex_elasticity-equalities.adb:79:28

 info: range check proved
--> mj-data-flex_elasticity-equalities.adb:82:24

 info: range check proved
--> mj-data-flex_elasticity-equalities.adb:82:36

 info: index check proved
--> mj-data-flex_elasticity-equalities.adb:82:39

 info: range check proved
--> mj-data-flex_elasticity-equalities.adb:82:52

 info: index check proved
--> mj-data-flex_elasticity-equalities.adb:82:67

 info: overflow check proved
--> mj-data-flex_elasticity-equalities.adb:82:75

 info: index check proved
--> mj-data-flex_elasticity-equalities.adb:82:77

 info: range check proved
--> mj-data-flex_elasticity-equalities.adb:84:24

 info: range check proved
--> mj-data-flex_elasticity-equalities.adb:84:36

 info: index check proved
--> mj-data-flex_elasticity-equalities.adb:84:39

 info: index check proved
--> mj-data-flex_elasticity-equalities.adb:84:61

 info: overflow check proved
--> mj-data-flex_elasticity-equalities.adb:84:69

 info: index check proved
--> mj-data-flex_elasticity-equalities.adb:84:71

 info: initialization of "Added" proved
--> mj-data-flex_elasticity-equalities.adb:85:22

 info: precondition proved
--> mj-data-flex_elasticity-equalities.adb:87:43

 info: index check proved
--> mj-data-flex_elasticity-equalities.adb:88:63

 info: index check proved
--> mj-data-flex_elasticity-equalities.adb:88:67

 medium: assertion might fail
--> mj-data-flex_elasticity-equalities.adb:90:47
   90 |                         pragma Assert (Static => Added = CA.Success);
      |                                                  ^~~~~~~~~~~~~~~~~~
      + provers reached time limit before completing the proof

 info: index check proved
--> mj-data-flex_elasticity-equalities.adb:91:37

 info: index check proved
--> mj-data-flex_elasticity-equalities.adb:92:35

 info: index check proved
--> mj-data-flex_elasticity-equalities.adb:93:79

 info: index check proved
--> mj-data-flex_elasticity-equalities.adb:93:83
Summary logged in /var/tmp/sparkling-flex-equality-adapter-20261003-r103-storage/build/validation/obj/gnatprove/gnatprove.out
gnatprove: unproved check messages considered as errors
guarded: elapsed 137.4 s, peak group RSS 566 MB
