Setup
   [mkdir]        object directory for project Flex_Constrained
   [mkdir]        exec directory for project Flex_Constrained
Compile
   [Ada]          flex_constrained_probe.adb
   [Ada]          flex_load_checks.adb
   [Ada]          mj.ads
   [Ada]          mj-data.adb
   [Ada]          mj-data-constrained.adb
mj-data-constrained.adb:400:44: warning: value conversion implemented by copy [enabled by default]
mj-data-constrained.adb:400:44: warning: use pair of types with same root type [enabled by default]
mj-data-constrained.adb:400:44: warning: to avoid new object in RM 4.6(58.5/5) [enabled by default]
mj-data-constrained.adb:559:46: warning: value conversion implemented by copy [enabled by default]
mj-data-constrained.adb:559:46: warning: use pair of types with same root type [enabled by default]
mj-data-constrained.adb:559:46: warning: to avoid new object in RM 4.6(58.5/5) [enabled by default]
mj-data-constrained.adb:560:46: warning: value conversion implemented by copy [enabled by default]
mj-data-constrained.adb:560:46: warning: use pair of types with same root type [enabled by default]
mj-data-constrained.adb:560:46: warning: to avoid new object in RM 4.6(58.5/5) [enabled by default]
mj-data-constrained.adb:606:62: warning: value conversion implemented by copy [enabled by default]
mj-data-constrained.adb:606:62: warning: use pair of types with same root type [enabled by default]
mj-data-constrained.adb:606:62: warning: to avoid new object in RM 4.6(58.5/5) [enabled by default]
mj-data-constrained.adb:609:62: warning: value conversion implemented by copy [enabled by default]
mj-data-constrained.adb:609:62: warning: use pair of types with same root type [enabled by default]
mj-data-constrained.adb:609:62: warning: to avoid new object in RM 4.6(58.5/5) [enabled by default]
mj-data-constrained.adb:615:43: warning: value conversion implemented by copy [enabled by default]
mj-data-constrained.adb:615:43: warning: use pair of types with same root type [enabled by default]
mj-data-constrained.adb:615:43: warning: to avoid new object in RM 4.6(58.5/5) [enabled by default]
   [Ada]          mj-data-constrained-endpoint_checks.adb
   [Ada]          mj-data-constrained-flex.adb
mj-data-constrained-flex.adb:197:47: warning: value conversion implemented by copy [enabled by default]
mj-data-constrained-flex.adb:197:47: warning: use pair of types with same root type [enabled by default]
mj-data-constrained-flex.adb:197:47: warning: to avoid new object in RM 4.6(58.5/5) [enabled by default]
mj-data-constrained-flex.adb:197:64: warning: value conversion implemented by copy [enabled by default]
mj-data-constrained-flex.adb:197:64: warning: use pair of types with same root type [enabled by default]
mj-data-constrained-flex.adb:197:64: warning: to avoid new object in RM 4.6(58.5/5) [enabled by default]
   [Ada]          mj-data-constrained-flex-test_export.adb
   [Ada]          mj-fields.ads
   [Ada]          mj-file_io.adb
   [Ada]          mj-mjb.adb
   [Ada]          mj-models.adb
   [Ada]          mj-types.ads
   [Ada]          sdf_load_checks.adb
   [Ada]          mj-data-flex_elasticity.adb
   [Ada]          mj-data-fluid_phase.adb
   [Ada]          mj-manifold_math.adb
   [Ada]          mj-mocap_kernels.adb
   [Ada]          mj-models-validity.ads
   [Ada]          mj-simple_kernels.adb
   [Ada]          mj-activation.adb
   [Ada]          mj-ancestor_rows.adb
   [Ada]          mj-bounds_kernels.adb
   [Ada]          mj-fluid_kernels.adb
   [Ada]          mj-smooth_actuation.adb
   [Ada]          mj-smooth_kernels.adb
   [Ada]          mj-smooth_math.adb
   [Ada]          mj-smooth_topology.adb
   [Ada]          mj-spatial_tendon_models.adb
   [Ada]          mj-constrained_kernels.adb
   [Ada]          mj-contact_geometry.adb
   [Ada]          mj-contact_parameters.adb
   [Ada]          mj-data-constrained-body_adhesion.adb
mj-data-constrained-body_adhesion.adb:15:31: warning: value conversion implemented by copy [enabled by default]
mj-data-constrained-body_adhesion.adb:15:31: warning: use pair of types with same root type [enabled by default]
mj-data-constrained-body_adhesion.adb:15:31: warning: to avoid new object in RM 4.6(58.5/5) [enabled by default]
mj-data-constrained-body_adhesion.adb:16:31: warning: value conversion implemented by copy [enabled by default]
mj-data-constrained-body_adhesion.adb:16:31: warning: use pair of types with same root type [enabled by default]
mj-data-constrained-body_adhesion.adb:16:31: warning: to avoid new object in RM 4.6(58.5/5) [enabled by default]
   [Ada]          mj-data-constrained-equalities.adb
mj-data-constrained-equalities.adb:29:64: warning: value conversion implemented by copy [enabled by default]
mj-data-constrained-equalities.adb:29:64: warning: use pair of types with same root type [enabled by default]
mj-data-constrained-equalities.adb:29:64: warning: to avoid new object in RM 4.6(58.5/5) [enabled by default]
mj-data-constrained-equalities.adb:31:64: warning: value conversion implemented by copy [enabled by default]
mj-data-constrained-equalities.adb:31:64: warning: use pair of types with same root type [enabled by default]
mj-data-constrained-equalities.adb:31:64: warning: to avoid new object in RM 4.6(58.5/5) [enabled by default]
mj-data-constrained-equalities.adb:39:42: warning: value conversion implemented by copy [enabled by default]
mj-data-constrained-equalities.adb:39:42: warning: use pair of types with same root type [enabled by default]
mj-data-constrained-equalities.adb:39:42: warning: to avoid new object in RM 4.6(58.5/5) [enabled by default]
mj-data-constrained-equalities.adb:39:95: warning: value conversion implemented by copy [enabled by default]
mj-data-constrained-equalities.adb:39:95: warning: use pair of types with same root type [enabled by default]
mj-data-constrained-equalities.adb:39:95: warning: to avoid new object in RM 4.6(58.5/5) [enabled by default]
mj-data-constrained-equalities.adb:274:57: warning: value conversion implemented by copy [enabled by default]
mj-data-constrained-equalities.adb:274:57: warning: use pair of types with same root type [enabled by default]
mj-data-constrained-equalities.adb:274:57: warning: to avoid new object in RM 4.6(58.5/5) [enabled by default]
mj-data-constrained-equalities.adb:274:83: warning: value conversion implemented by copy [enabled by default]
mj-data-constrained-equalities.adb:274:83: warning: use pair of types with same root type [enabled by default]
mj-data-constrained-equalities.adb:274:83: warning: to avoid new object in RM 4.6(58.5/5) [enabled by default]
mj-data-constrained-equalities.adb:274:105: warning: value conversion implemented by copy [enabled by default]
mj-data-constrained-equalities.adb:274:105: warning: use pair of types with same root type [enabled by default]
mj-data-constrained-equalities.adb:274:105: warning: to avoid new object in RM 4.6(58.5/5) [enabled by default]
mj-data-constrained-equalities.adb:275:57: warning: value conversion implemented by copy [enabled by default]
mj-data-constrained-equalities.adb:275:57: warning: use pair of types with same root type [enabled by default]
mj-data-constrained-equalities.adb:275:57: warning: to avoid new object in RM 4.6(58.5/5) [enabled by default]
mj-data-constrained-equalities.adb:275:83: warning: value conversion implemented by copy [enabled by default]
mj-data-constrained-equalities.adb:275:83: warning: use pair of types with same root type [enabled by default]
mj-data-constrained-equalities.adb:275:83: warning: to avoid new object in RM 4.6(58.5/5) [enabled by default]
mj-data-constrained-equalities.adb:275:105: warning: value conversion implemented by copy [enabled by default]
mj-data-constrained-equalities.adb:275:105: warning: use pair of types with same root type [enabled by default]
mj-data-constrained-equalities.adb:275:105: warning: to avoid new object in RM 4.6(58.5/5) [enabled by default]
mj-data-constrained-equalities.adb:276:45: warning: value conversion implemented by copy [enabled by default]
mj-data-constrained-equalities.adb:276:45: warning: use pair of types with same root type [enabled by default]
mj-data-constrained-equalities.adb:276:45: warning: to avoid new object in RM 4.6(58.5/5) [enabled by default]
mj-data-constrained-equalities.adb:277:45: warning: value conversion implemented by copy [enabled by default]
mj-data-constrained-equalities.adb:277:45: warning: use pair of types with same root type [enabled by default]
mj-data-constrained-equalities.adb:277:45: warning: to avoid new object in RM 4.6(58.5/5) [enabled by default]
mj-data-constrained-equalities.adb:303:37: warning: value conversion implemented by copy [enabled by default]
mj-data-constrained-equalities.adb:303:37: warning: use pair of types with same root type [enabled by default]
mj-data-constrained-equalities.adb:303:37: warning: to avoid new object in RM 4.6(58.5/5) [enabled by default]
mj-data-constrained-equalities.adb:303:68: warning: value conversion implemented by copy [enabled by default]
mj-data-constrained-equalities.adb:303:68: warning: use pair of types with same root type [enabled by default]
mj-data-constrained-equalities.adb:303:68: warning: to avoid new object in RM 4.6(58.5/5) [enabled by default]
mj-data-constrained-equalities.adb:304:53: warning: value conversion implemented by copy [enabled by default]
mj-data-constrained-equalities.adb:304:53: warning: use pair of types with same root type [enabled by default]
mj-data-constrained-equalities.adb:304:53: warning: to avoid new object in RM 4.6(58.5/5) [enabled by default]
mj-data-constrained-equalities.adb:304:84: warning: value conversion implemented by copy [enabled by default]
mj-data-constrained-equalities.adb:304:84: warning: use pair of types with same root type [enabled by default]
mj-data-constrained-equalities.adb:304:84: warning: to avoid new object in RM 4.6(58.5/5) [enabled by default]
   [Ada]          mj-data-constrained-tendons.adb
   [Ada]          mj-data-forward.adb
   [Ada]          mj-data-inertia_phase.adb
   [Ada]          mj-data-pipeline.adb
   [Ada]          mj-elliptic_response.adb
   [Ada]          mj-heightfield_contacts.adb
   [Ada]          mj-joint_limit_math.ads
   [Ada]          mj-joint_limits.adb
   [Ada]          mj-owned_step_publication.ads
   [Ada]          mj-collision_scene.adb
   [Ada]          mj-constrained_assets.adb
   [Ada]          mj-constraint_assembly.adb
   [Ada]          mj-constraint_solvers.adb
   [Ada]          mj-equality_scalar.adb
   [Ada]          mj-external_forces.adb
   [Ada]          mj-full_contacts.adb
   [Ada]          mj-joint_limit_response.adb
   [Ada]          mj-rigid_geometry.ads
   [Ada]          mj-surface_velocity.adb
   [Ada]          mj-data-flex_elasticity-equalities.adb
   [Ada]          mj-flex_contact_weights.adb
   [Ada]          mj-sdf_kernels.adb
   [Ada]          mj-validation.adb
   [Ada]          mj-flex_state.adb
   [Ada]          mj-bytes.adb
   [Ada]          mj-fixed.ads
   [Ada]          mj-mjb-readers.adb
   [Ada]          mj-sdf_scene.adb
   [Ada]          mj-equality_flex.adb
   [Ada]          mj-smooth_dynamics.adb
   [Ada]          mj-flex_elastic_kernels.adb
   [Ada]          mj-data-fluid_tree.adb
   [Ada]          mj-fluid_metadata.adb
   [Ada]          mj-spatial_kernels.adb
   [Ada]          mj-spatial_dynamics.adb
   [Ada]          mj-models-gen_clauses.ads
   [Ada]          mj-fluid_added_mass.adb
   [Ada]          mj-fluid_lift.adb
   [Ada]          mj-fluid_projection.adb
   [Ada]          mj-fluid_box.adb
   [Ada]          mj-fluid_geometry.adb
   [Ada]          mj-muscle_actuation.adb
   [Ada]          mj-tendon_geometry.adb
   [Ada]          mj-tendon_vectors.adb
   [Ada]          mj-spatial_tendons.adb
   [Ada]          mj-tendon_kernels.adb
   [Ada]          mj-adhesion.adb
   [Ada]          mj-data-manifold_actuation.adb
   [Ada]          mj-equality_geometry.adb
   [Ada]          mj-pose_arithmetic.adb
mj-pose_arithmetic.adb:174:43: warning: value conversion implemented by copy [enabled by default]
mj-pose_arithmetic.adb:174:43: warning: use pair of types with same root type [enabled by default]
mj-pose_arithmetic.adb:174:43: warning: to avoid new object in RM 4.6(58.5/5) [enabled by default]
mj-pose_arithmetic.adb:174:72: warning: value conversion implemented by copy [enabled by default]
mj-pose_arithmetic.adb:174:72: warning: use pair of types with same root type [enabled by default]
mj-pose_arithmetic.adb:174:72: warning: to avoid new object in RM 4.6(58.5/5) [enabled by default]
   [Ada]          mj-tendon_constraint_kernels.adb
   [Ada]          mj-data-external_loads.adb
   [Ada]          mj-data-mass_publication.adb
   [Ada]          mj-data-spatial.adb
   [Ada]          mj-solver_kernels.adb
   [Ada]          mj-solver_reductions.adb
   [Ada]          mj-spatial_storage.adb
   [Ada]          mj-data-actuation_phase.adb
   [Ada]          mj-data-forces_phase.adb
   [Ada]          mj-data-jacobians.adb
   [Ada]          mj-rigid_math.adb
   [Ada]          mj-convex_contacts.adb
   [Ada]          mj-blas.adb
   [Ada]          mj-step_publication.adb
   [Ada]          mj-collision_contacts.adb
   [Ada]          mj-convex_assets.adb
   [Ada]          mj-contact_incidence.adb
   [Ada]          mj-rigid_detector.adb
   [Ada]          mj-constrained_asset_kernels.adb
   [Ada]          mj-constraint_order.adb
   [Ada]          mj-constraint_solvers-cholesky.adb
   [Ada]          mj-constraint_solvers-dense_cholesky.adb
   [Ada]          mj-constraint_solvers-jacobian_transpose.adb
   [Ada]          mj-constraint_solvers-jacobians.adb
   [Ada]          mj-constraint_solvers-sparse_cholesky.adb
   [Ada]          mj-constraint_solvers-sparse_kernels.adb
   [Ada]          mj-constraint_scalar.adb
   [Ada]          mj-contact_rows.adb
   [Ada]          mj-solimp_curve.adb
   [Ada]          mj-equality_flex_rows.adb
   [Ada]          mj-flex_state_kernels.adb
   [Ada]          mj-sdf_fields.adb
   [Ada]          mj-builtin_flex.ads
   [Ada]          mj-bvh.adb
mj-bvh.adb:521:30: warning: "Proj" may be referenced before it has a value [enabled by default]
mj-bvh.adb:522:30: warning: "Radius" may be referenced before it has a value [enabled by default]
   [Ada]          mj-flex_collisions.adb
   [Ada]          mj-admitted_flex.ads
   [Ada]          mj-admitted_sdf.ads
   [Ada]          mj-fluid_transport.adb
   [Ada]          mj-muscle_kernels.adb
   [Ada]          mj-quaternions.adb
   [Ada]          mj-rotations.adb
   [Ada]          mj-data-spatial_tendon_phase.adb
   [Ada]          mj-fused_rne.adb
   [Ada]          mj-contact_features.adb
   [Ada]          mj-contact_inflation.adb
   [Ada]          mj-rigid_simplex.adb
   [Ada]          mj-rigid_support.adb
   [Ada]          mj-vector_models.adb
   [Ada]          mj-advanced_contacts.adb
   [Ada]          mj-rigid_narrowphase.adb
   [Ada]          mj-rigid_bvh.adb
   [Ada]          mj-quaternion_math.ads
   [Ada]          mj-constraint_solvers-reductions.adb
   [Ada]          mj-constraint_solvers-reduction_models.adb
   [Ada]          mj-flex_driver.adb
   [Ada]          mj-sdf_collisions.adb
   [Ada]          mj-sdf_provider.adb
   [Ada]          mj-collision_poses.adb
   [Ada]          mj-collision_sap.adb
mj-collision_sap.adb:23:58: warning: "Events" may be referenced before it has a value [enabled by default]
   [Ada]          mj-flex_kernels.adb
   [Ada]          mj-flex_normals.adb
   [Ada]          mj-flex_terrain.adb
   [Ada]          mj-primitive_contacts.adb
   [Ada]          mj-matrix_types.adb
   [Ada]          mj-matrices.adb
   [Ada]          mj-contact_perturbations.adb
   [Ada]          mj-rigid_ccd.adb
   [Ada]          mj-rigid_primitives.adb
   [Ada]          mj-matrix_models.adb
Bind
   [gprbind]      flex_constrained_probe.bexch
   [Ada]          flex_constrained_probe.ali
Link
   [link]         flex_constrained_probe.adb
guarded: elapsed 67.9 s, peak group RSS 393 MB
