Phase 1 of 3: generation of data representation information ...
Phase 2 of 3: generation of Global contracts ...
Phase 3 of 3: flow analysis and proof ...
Summary logged in /var/tmp/sparkling-services-advanced-publication-proof-r13-r5-20261003/Publish_Forces/validation/obj/gnatprove/gnatprove.out
guarded: elapsed 123.2 s, peak group RSS 1711 MB
 info: initialization of "Result" proved
--> mj-data-advanced_control.adb:409:51

 medium: postcondition might fail, cannot prove State_Values (D) = State_Values (D)'Old
--> mj-data-advanced_control.adb:412:14
  412 |             and State_Values (D) = State_Values (D)'Old
      |                 ^~~~~~~~~~~~~~~~~~~~~~~~~~~~~~~~~~~~~~~
      + provers reached time and memory limit before completing the proof

 info: pointer dereference check proved
--> mj-data-advanced_control.adb:417:41

 info: assertion proved
--> mj-data-advanced_control.adb:434:32

 info: assertion proved
--> mj-data-advanced_control.adb:435:32

 info: range check proved
--> mj-data-advanced_control.adb:437:23

 info: precondition proved
--> mj-data-advanced_control.adb:440:21

 info: precondition proved
--> mj-data-advanced_control.adb:441:21

 info: precondition proved
--> mj-data-advanced_control.adb:442:21

 info: length check proved
--> mj-data-advanced_control.adb:444:27

 info: pointer dereference check proved
--> mj-data-advanced_control.adb:444:27

 info: length check proved
--> mj-data-advanced_control.adb:444:31

 info: length check proved
--> mj-data-advanced_control.adb:444:34

 info: assertion proved
--> mj-data-advanced_control.adb:445:32

 info: pointer dereference check proved
--> mj-data-advanced_control.adb:445:52

 info: precondition proved
--> mj-data-advanced_control.adb:446:32

 medium: assertion might fail
--> mj-data-advanced_control.adb:446:32
  446 |          pragma Assert (Static => Array_Bounded (D.Dynamics.Actuator, 1.0e50));
      |                                   ^~~~~~~~~~~~~~~~~~~~~~~~~~~~~~~~~~~~~~~~~~
      + provers reached time limit before completing the proof

 info: assertion proved
--> mj-data-advanced_control.adb:449:32

 info: assertion proved
--> mj-data-advanced_control.adb:450:32

 info: assertion proved
--> mj-data-advanced_control.adb:451:32

 info: assertion proved
--> mj-data-advanced_control.adb:452:32

 info: assertion proved
--> mj-data-advanced_control.adb:453:32
gnatprove: unproved check messages considered as errors
