Phase 1 of 3: generation of data representation information ...
Phase 2 of 3: generation of Global contracts ...
Phase 3 of 3: analysis of data and information flow ...
 info: initialization of "Displacement" proved
--> mj-data-spatial_tendon_phase.adb:20:07

 info: initialization of "Origins" proved
--> mj-data-spatial_tendon_phase.adb:66:13

 info: initialization of "R" proved
--> mj-data-spatial_tendon_phase.adb:69:13

 info: initialization of "V" proved
--> mj-data-spatial_tendon_phase.adb:70:13

 info: initialization of "Position" proved
--> mj-data-spatial_tendon_phase.adb:70:16

 info: initialization of "B" proved
--> mj-data-spatial_tendon_phase.adb:71:13

 info: initialization of "Row" proved
--> mj-data-spatial_tendon_phase.adb:108:19

 info: initialization of "Length" proved
--> mj-data-spatial_tendon_phase.adb:109:19

 info: initialization of "Velocity" proved
--> mj-data-spatial_tendon_phase.adb:109:27

 info: initialization of "Spring" proved
--> mj-data-spatial_tendon_phase.adb:109:37

 info: initialization of "Damper" proved
--> mj-data-spatial_tendon_phase.adb:109:45

 info: initialization of "Eval" proved
--> mj-data-spatial_tendon_phase.adb:111:19

 warning: "Points" is set by "Evaluate" but not used after the call
--> mj-data-spatial_tendon_phase.adb:115:51
  115 |                                   Eval, Length, Row, Points, Count);
      |                                                      ^~~~~~

 warning: "Count" is set by "Evaluate" but not used after the call
--> mj-data-spatial_tendon_phase.adb:115:59
  115 |                                   Eval, Length, Row, Points, Count);
      |                                                              ^~~~~

 info: initialization of "Result" proved
--> mj-data-spatial_tendon_phase.ads:4:54

 info: data dependencies proved
--> mj-data-spatial_tendon_phase.ads:5:06
Success: all checks proved (14 checks).
Summary logged in /var/tmp/sparkling-spatial-tendons-20260930/spatial-integration-proof-cd0qzegv/mj-data-spatial_tendon_phase-whole/mj-data-spatial_tendon_phase-obj/gnatprove/gnatprove.out
guarded: elapsed 22.6 s, peak group RSS 145 MB
