Phase 1 of 3: generation of data representation information ...
Phase 2 of 3: generation of Global contracts ...
Phase 3 of 3: analysis of data and information flow ...
 info: initialization of "Accepted" proved
--> mj-spatial_tendon_models.adb:16:26

 info: data dependencies proved
--> mj-spatial_tendon_models.adb:17:06

 info: initialization of "Q" proved
--> mj-spatial_tendon_models.adb:33:07

 info: initialization of "R" proved
--> mj-spatial_tendon_models.adb:34:07

 info: initialization of "OK" proved
--> mj-spatial_tendon_models.adb:35:07

 info: initialization of "Obj" proved
--> mj-spatial_tendon_models.adb:36:07

 info: initialization of "X" proved
--> mj-spatial_tendon_models.adb:148:07

 info: implicit aspect Always_Terminates on "Count" has been proved, subprogram will terminate
--> mj-spatial_tendon_models.ads:26:13

 info: implicit aspect Always_Terminates on "Image" has been proved, subprogram will terminate
--> mj-spatial_tendon_models.ads:28:13

 info: implicit aspect Always_Terminates on "Ready" has been proved, subprogram will terminate
--> mj-spatial_tendon_models.ads:31:13

 info: initialization of "Accepted" proved
--> mj-spatial_tendon_models.ads:50:20

 info: data dependencies proved
--> mj-spatial_tendon_models.ads:51:06

 info: data dependencies proved
--> mj-spatial_tendon_models.ads:56:06

 info: implicit aspect Always_Terminates on "Displacement" has been proved, subprogram will terminate
--> mj-spatial_tendon_models.ads:61:13

 info: implicit aspect Always_Terminates on "Polynomial" has been proved, subprogram will terminate
--> mj-spatial_tendon_models.ads:70:13

 info: initialization of "Spring" proved
--> mj-spatial_tendon_models.ads:81:29

 info: initialization of "Damper" proved
--> mj-spatial_tendon_models.ads:81:37

 info: data dependencies proved
--> mj-spatial_tendon_models.ads:82:06
Success: all checks proved (18 checks).
Summary logged in /var/tmp/sparkling-spatial-tendons-20260930/spatial-integration-proof-cd0qzegv/mj-spatial_tendon_models-whole/mj-spatial_tendon_models-obj/gnatprove/gnatprove.out
guarded: elapsed 7.4 s, peak group RSS 99 MB
