Compile
   [Ada]          mj-data-advanced.adb
mj-data-advanced.adb:223:30: warning: value conversion implemented by copy [enabled by default]
mj-data-advanced.adb:223:30: warning: use pair of types with same root type [enabled by default]
mj-data-advanced.adb:223:30: warning: to avoid new object in RM 4.6(58.5/5) [enabled by default]
mj-data-advanced.adb:224:29: warning: value conversion implemented by copy [enabled by default]
mj-data-advanced.adb:224:29: warning: use pair of types with same root type [enabled by default]
mj-data-advanced.adb:224:29: warning: to avoid new object in RM 4.6(58.5/5) [enabled by default]
mj-data-advanced.adb:225:44: warning: value conversion implemented by copy [enabled by default]
mj-data-advanced.adb:225:44: warning: use pair of types with same root type [enabled by default]
mj-data-advanced.adb:225:44: warning: to avoid new object in RM 4.6(58.5/5) [enabled by default]
mj-data-advanced.adb:226:50: warning: value conversion implemented by copy [enabled by default]
mj-data-advanced.adb:226:50: warning: use pair of types with same root type [enabled by default]
mj-data-advanced.adb:226:50: warning: to avoid new object in RM 4.6(58.5/5) [enabled by default]
mj-data-advanced.adb:240:14: warning: value conversion implemented by copy [enabled by default]
mj-data-advanced.adb:240:14: warning: use pair of types with same root type [enabled by default]
mj-data-advanced.adb:240:14: warning: to avoid new object in RM 4.6(58.5/5) [enabled by default]
mj-data-advanced.adb:240:38: warning: value conversion implemented by copy [enabled by default]
mj-data-advanced.adb:240:38: warning: use pair of types with same root type [enabled by default]
mj-data-advanced.adb:240:38: warning: to avoid new object in RM 4.6(58.5/5) [enabled by default]
mj-data-advanced.adb:336:40: warning: value conversion implemented by copy [enabled by default]
mj-data-advanced.adb:336:40: warning: use pair of types with same root type [enabled by default]
mj-data-advanced.adb:336:40: warning: to avoid new object in RM 4.6(58.5/5) [enabled by default]
mj-data-advanced.adb:338:52: warning: value conversion implemented by copy [enabled by default]
mj-data-advanced.adb:338:52: warning: use pair of types with same root type [enabled by default]
mj-data-advanced.adb:338:52: warning: to avoid new object in RM 4.6(58.5/5) [enabled by default]
Bind
   [gprbind]      advanced_probe.bexch
   [Ada]          advanced_probe.ali
   [gprbind]      smooth_probe.bexch
   [Ada]          smooth_probe.ali
   [gprbind]      advanced_bench.bexch
   [Ada]          advanced_bench.ali
Link
   [link]         advanced_probe.adb
   [link]         smooth_probe.adb
   [link]         advanced_bench.adb
guarded: elapsed 3.9 s, peak group RSS 150 MB
