Phase 1 of 3: generation of data representation information ...
Phase 2 of 3: generation of Global contracts ...
Phase 3 of 3: flow analysis and proof ...
 info: data dependencies proved
--> mj-flex_shell_node_weights.adb:64:28

 info: postcondition proved
--> mj-flex_shell_node_weights.adb:68:16

 info: precondition proved
--> mj-flex_shell_node_weights.adb:68:18

 info: precondition proved
--> mj-flex_shell_node_weights.adb:68:48

 info: precondition proved
--> mj-flex_shell_node_weights.adb:71:37

 info: precondition proved
--> mj-flex_shell_node_weights.adb:72:37

 info: precondition proved
--> mj-flex_shell_node_weights.adb:75:07

 info: assertion proved
--> mj-flex_shell_node_weights.adb:76:32

 info: precondition proved
--> mj-flex_shell_node_weights.adb:79:13

 info: range check proved
--> mj-flex_shell_node_weights.adb:79:71

 info: range check proved
--> mj-flex_shell_node_weights.adb:79:81

 info: assertion proved
--> mj-flex_shell_node_weights.adb:81:35

 info: assertion proved
--> mj-flex_shell_node_weights.adb:82:35

 info: loop invariant initialization proved
--> mj-flex_shell_node_weights.adb:83:43

 info: loop invariant preservation proved
--> mj-flex_shell_node_weights.adb:83:43

 info: index check proved
--> mj-flex_shell_node_weights.adb:83:76

 info: index check proved
--> mj-flex_shell_node_weights.adb:83:90
Success: all checks proved (17 checks).
Summary logged in /var/tmp/sparkling-recovery-shell-node-weights5-20261003/proof/Same_Term/validation/obj/gnatprove/gnatprove.out
guarded: elapsed 27.6 s, peak group RSS 197 MB
