Phase 1 of 3: generation of data representation information ...
Phase 2 of 3: generation of Global contracts ...
Phase 3 of 3: flow analysis and proof ...
 info: precondition proved
--> mj-flex_shell_node_weights.adb:40:14

 info: precondition proved
--> mj-flex_shell_node_weights.adb:40:26

 info: subprogram variant proved
--> mj-flex_shell_node_weights.adb:40:26

 info: range check proved
--> mj-flex_shell_node_weights.adb:40:71

 info: index check proved
--> mj-flex_shell_node_weights.adb:41:35

 info: index check proved
--> mj-flex_shell_node_weights.adb:41:55

 info: range check proved
--> mj-flex_shell_node_weights.adb:41:78

 info: implicit aspect Always_Terminates on "Fold" has been proved, subprogram will terminate
--> mj-flex_shell_node_weights.ads:47:13

 info: data dependencies proved
--> mj-flex_shell_node_weights.ads:49:28

 info: postcondition proved
--> mj-flex_shell_node_weights.ads:51:27

 info: precondition proved
--> mj-flex_shell_node_weights.ads:53:12

 info: precondition proved
--> mj-flex_shell_node_weights.ads:53:24

 info: subprogram variant proved
--> mj-flex_shell_node_weights.ads:53:24

 info: range check proved
--> mj-flex_shell_node_weights.ads:53:69

 info: index check proved
--> mj-flex_shell_node_weights.ads:54:40

 info: index check proved
--> mj-flex_shell_node_weights.ads:54:60

 info: range check proved
--> mj-flex_shell_node_weights.ads:54:83
Success: all checks proved (17 checks).
Summary logged in /var/tmp/sparkling-recovery-shell-node-weights1-20261003/proof/Fold/validation/obj/gnatprove/gnatprove.out
guarded: elapsed 8.6 s, peak group RSS 256 MB
