Phase 1 of 3: generation of data representation information ...
Phase 2 of 3: generation of Global contracts ...
Phase 3 of 3: flow analysis and proof ...
 info: data dependencies proved
--> mj-flex_shell_node_weights.adb:105:28

 info: precondition proved
--> mj-flex_shell_node_weights.adb:108:23

 info: precondition proved
--> mj-flex_shell_node_weights.adb:109:16

 info: postcondition proved
--> mj-flex_shell_node_weights.adb:109:16

 info: index check proved
--> mj-flex_shell_node_weights.adb:109:51

 info: index check proved
--> mj-flex_shell_node_weights.adb:109:67

 info: precondition proved
--> mj-flex_shell_node_weights.adb:110:10

 info: range check proved
--> mj-flex_shell_node_weights.adb:110:55

 info: precondition proved
--> mj-flex_shell_node_weights.adb:113:38

 info: precondition proved
--> mj-flex_shell_node_weights.adb:114:38

 info: range check proved
--> mj-flex_shell_node_weights.adb:114:83

 info: assertion proved
--> mj-flex_shell_node_weights.adb:116:32

 info: assertion proved
--> mj-flex_shell_node_weights.adb:117:32

 info: precondition proved
--> mj-flex_shell_node_weights.adb:117:39

 info: index check proved
--> mj-flex_shell_node_weights.adb:118:36

 info: index check proved
--> mj-flex_shell_node_weights.adb:118:52

 info: precondition proved
--> mj-flex_shell_node_weights.adb:119:07

 info: index check proved
--> mj-flex_shell_node_weights.adb:119:54

 info: index check proved
--> mj-flex_shell_node_weights.adb:119:70
Success: all checks proved (19 checks).
Summary logged in /var/tmp/sparkling-recovery-shell-node-weights4-20261003/proof/Fold_Step/validation/obj/gnatprove/gnatprove.out
guarded: elapsed 9.9 s, peak group RSS 262 MB
