Phase 1 of 3: generation of data representation information ...
Phase 2 of 3: generation of Global contracts ...
Phase 3 of 3: flow analysis and proof ...
 info: precondition proved
--> mj-flex_shell_node_weights.adb:151:14

 info: precondition proved
--> mj-flex_shell_node_weights.adb:151:26

 info: subprogram variant proved
--> mj-flex_shell_node_weights.adb:151:26

 info: range check proved
--> mj-flex_shell_node_weights.adb:151:71

 info: index check proved
--> mj-flex_shell_node_weights.adb:152:35

 info: index check proved
--> mj-flex_shell_node_weights.adb:152:55

 info: range check proved
--> mj-flex_shell_node_weights.adb:152:78

 info: implicit aspect Always_Terminates on "Fold" has been proved, subprogram will terminate
--> mj-flex_shell_node_weights.ads:65:13

 info: data dependencies proved
--> mj-flex_shell_node_weights.ads:67:28

 info: postcondition proved
--> mj-flex_shell_node_weights.ads:69:27

 info: precondition proved
--> mj-flex_shell_node_weights.ads:71:12

 info: precondition proved
--> mj-flex_shell_node_weights.ads:71:24

 info: subprogram variant proved
--> mj-flex_shell_node_weights.ads:71:24

 info: range check proved
--> mj-flex_shell_node_weights.ads:71:69

 info: index check proved
--> mj-flex_shell_node_weights.ads:72:40

 info: index check proved
--> mj-flex_shell_node_weights.ads:72:60

 info: range check proved
--> mj-flex_shell_node_weights.ads:72:83
Success: all checks proved (17 checks).
Summary logged in /var/tmp/sparkling-recovery-shell-node-weights7-20261003/proof/Fold/validation/obj/gnatprove/gnatprove.out
guarded: elapsed 8.3 s, peak group RSS 260 MB
