Phase 1 of 3: generation of data representation information ...
Phase 2 of 3: generation of Global contracts ...
Phase 3 of 3: flow analysis and proof ...
 info: precondition proved
--> mj-flex_shell_node_weights.adb:19:39

 info: precondition proved
--> mj-flex_shell_node_weights.adb:24:18

 info: precondition proved
--> mj-flex_shell_node_weights.adb:24:43

 info: precondition proved
--> mj-flex_shell_node_weights.adb:25:18

 info: assertion proved
--> mj-flex_shell_node_weights.adb:27:38

 info: loop invariant initialization proved
--> mj-flex_shell_node_weights.adb:30:12

 info: loop invariant preservation proved
--> mj-flex_shell_node_weights.adb:30:12

 info: index check proved
--> mj-flex_shell_node_weights.adb:30:39

 info: implicit aspect Always_Terminates on "Bounded_Terms" has been proved, subprogram will terminate
--> mj-flex_shell_node_weights.ads:34:13

 info: data dependencies proved
--> mj-flex_shell_node_weights.ads:36:28

 info: range check proved
--> mj-flex_shell_node_weights.ads:38:53

 info: postcondition proved
--> mj-flex_shell_node_weights.ads:40:27

 info: precondition proved
--> mj-flex_shell_node_weights.ads:41:44
Success: all checks proved (13 checks).
Summary logged in /var/tmp/sparkling-recovery-shell-node-weights7-20261003/proof/Bounded_Terms/validation/obj/gnatprove/gnatprove.out
guarded: elapsed 29.5 s, peak group RSS 240 MB
