Phase 1 of 3: generation of data representation information ...
Phase 2 of 3: generation of Global contracts ...
Phase 3 of 3: flow analysis and proof ...
 info: data dependencies proved
--> mj-flex_shell_node_weights.adb:158:28

 info: range check proved
--> mj-flex_shell_node_weights.adb:159:75

 info: precondition proved
--> mj-flex_shell_node_weights.adb:164:26

 info: precondition proved
--> mj-flex_shell_node_weights.adb:165:16

 info: postcondition proved
--> mj-flex_shell_node_weights.adb:165:16

 info: precondition proved
--> mj-flex_shell_node_weights.adb:169:35

 info: precondition proved
--> mj-flex_shell_node_weights.adb:170:35

 info: precondition proved
--> mj-flex_shell_node_weights.adb:171:37

 info: assertion proved
--> mj-flex_shell_node_weights.adb:174:35

 info: assertion proved
--> mj-flex_shell_node_weights.adb:175:35

 info: precondition proved
--> mj-flex_shell_node_weights.adb:179:52

 info: precondition proved
--> mj-flex_shell_node_weights.adb:179:81

 info: assertion proved
--> mj-flex_shell_node_weights.adb:180:38

 info: precondition proved
--> mj-flex_shell_node_weights.adb:180:44

 info: assertion proved
--> mj-flex_shell_node_weights.adb:181:38

 info: precondition proved
--> mj-flex_shell_node_weights.adb:181:44

 info: precondition proved
--> mj-flex_shell_node_weights.adb:182:13

 info: assertion proved
--> mj-flex_shell_node_weights.adb:183:38

 info: precondition proved
--> mj-flex_shell_node_weights.adb:186:10

 info: index check proved
--> mj-flex_shell_node_weights.adb:186:38

 info: assertion proved
--> mj-flex_shell_node_weights.adb:187:35

 info: index check proved
--> mj-flex_shell_node_weights.adb:189:40

 info: precondition proved
--> mj-flex_shell_node_weights.adb:190:16

 info: precondition proved
--> mj-flex_shell_node_weights.adb:191:18

 info: precondition proved
--> mj-flex_shell_node_weights.adb:191:40

 info: assertion proved
--> mj-flex_shell_node_weights.adb:193:38

 info: assertion proved
--> mj-flex_shell_node_weights.adb:194:38

 info: loop invariant initialization proved
--> mj-flex_shell_node_weights.adb:195:46

 info: loop invariant preservation proved
--> mj-flex_shell_node_weights.adb:195:46

 info: index check proved
--> mj-flex_shell_node_weights.adb:195:79

 info: index check proved
--> mj-flex_shell_node_weights.adb:195:93

 info: assertion proved
--> mj-flex_shell_node_weights.adb:198:32

 info: assertion proved
--> mj-flex_shell_node_weights.adb:199:32
Success: all checks proved (33 checks).
Summary logged in /var/tmp/sparkling-recovery-shell-node-weights7-20261003/proof/Same_After/validation/obj/gnatprove/gnatprove.out
guarded: elapsed 22.4 s, peak group RSS 281 MB
