Phase 1 of 3: generation of data representation information ...
Phase 2 of 3: generation of Global contracts ...
Phase 3 of 3: flow analysis and proof ...
 info: data dependencies proved
--> mj-flex_shell_node_weights.adb:89:28

 info: postcondition proved
--> mj-flex_shell_node_weights.adb:94:16

 info: precondition proved
--> mj-flex_shell_node_weights.adb:94:18

 info: precondition proved
--> mj-flex_shell_node_weights.adb:94:54

 info: precondition proved
--> mj-flex_shell_node_weights.adb:99:07

 info: subprogram variant proved
--> mj-flex_shell_node_weights.adb:99:07

 info: range check proved
--> mj-flex_shell_node_weights.adb:99:48

 info: precondition proved
--> mj-flex_shell_node_weights.adb:100:07

 info: precondition proved
--> mj-flex_shell_node_weights.adb:100:20

 info: range check proved
--> mj-flex_shell_node_weights.adb:100:42

 info: precondition proved
--> mj-flex_shell_node_weights.adb:101:20

 info: range check proved
--> mj-flex_shell_node_weights.adb:101:43

 info: index check proved
--> mj-flex_shell_node_weights.adb:102:27

 info: index check proved
--> mj-flex_shell_node_weights.adb:102:42

 info: range check proved
--> mj-flex_shell_node_weights.adb:102:66
Success: all checks proved (15 checks).
Summary logged in /var/tmp/sparkling-recovery-shell-node-weights7-20261003/proof/Same_Expansion/validation/obj/gnatprove/gnatprove.out
guarded: elapsed 8.6 s, peak group RSS 188 MB
