Phase 1 of 3: generation of data representation information ...
Phase 2 of 3: generation of Global contracts ...
Phase 3 of 3: flow analysis and proof ...
 info: division check proved
--> mj-flex_shell_node_weights.adb:3:40

 info: range check proved
--> mj-flex_shell_node_weights.adb:3:40

 info: division check proved
--> mj-flex_shell_node_weights.adb:5:20

 info: division check proved
--> mj-flex_shell_node_weights.adb:5:34

 info: division check proved
--> mj-flex_shell_node_weights.adb:5:51

 info: implicit aspect Always_Terminates on "Unflat" has been proved, subprogram will terminate
--> mj-flex_shell_node_weights.ads:16:13

 info: data dependencies proved
--> mj-flex_shell_node_weights.ads:17:11

 info: postcondition proved
--> mj-flex_shell_node_weights.ads:20:16

 info: precondition proved
--> mj-flex_shell_node_weights.ads:21:21
Success: all checks proved (9 checks).
Summary logged in /var/tmp/sparkling-recovery-shell-node-weights7-20261003/proof/Unflat/validation/obj/gnatprove/gnatprove.out
guarded: elapsed 13.4 s, peak group RSS 150 MB
