Phase 1 of 3: generation of data representation information ...
Phase 2 of 3: generation of Global contracts ...
Phase 3 of 3: flow analysis and proof ...
 info: precondition proved
--> mj-flex_shell_node_weights.adb:53:37

 info: initialization of "Terms" proved
--> mj-flex_shell_node_weights.adb:54:07

 info: precondition proved
--> mj-flex_shell_node_weights.adb:57:10

 info: range check proved
--> mj-flex_shell_node_weights.adb:57:37

 info: precondition proved
--> mj-flex_shell_node_weights.adb:60:50

 info: precondition proved
--> mj-flex_shell_node_weights.adb:61:30

 info: precondition proved
--> mj-flex_shell_node_weights.adb:63:15

 info: precondition proved
--> mj-flex_shell_node_weights.adb:63:40

 info: initialization check proved
--> mj-flex_shell_node_weights.adb:63:62
      + in value of subprogram parameter after the call at mj-flex_shell_node_weights.adb:63

 info: assertion proved
--> mj-flex_shell_node_weights.adb:64:38

 info: assertion proved
--> mj-flex_shell_node_weights.adb:65:38

 info: precondition proved
--> mj-flex_shell_node_weights.adb:66:15

 info: assertion proved
--> mj-flex_shell_node_weights.adb:67:38

 info: precondition proved
--> mj-flex_shell_node_weights.adb:67:44

 info: precondition proved
--> mj-flex_shell_node_weights.adb:68:13

 info: precondition proved
--> mj-flex_shell_node_weights.adb:71:12

 info: index check proved
--> mj-flex_shell_node_weights.adb:71:31

 info: precondition proved
--> mj-flex_shell_node_weights.adb:71:39

 info: precondition proved
--> mj-flex_shell_node_weights.adb:72:10

 info: range check proved
--> mj-flex_shell_node_weights.adb:72:28

 info: range check proved
--> mj-flex_shell_node_weights.adb:72:41

 info: implicit aspect Always_Terminates on "After_Node" has been proved, subprogram will terminate
--> mj-flex_shell_node_weights.ads:42:13

 info: data dependencies proved
--> mj-flex_shell_node_weights.ads:45:11

 info: range check proved
--> mj-flex_shell_node_weights.ads:46:75

 info: postcondition proved
--> mj-flex_shell_node_weights.ads:50:27

 info: range check proved
--> mj-flex_shell_node_weights.ads:50:66

 info: precondition proved
--> mj-flex_shell_node_weights.ads:52:63

 info: precondition proved
--> mj-flex_shell_node_weights.ads:53:34

 info: precondition proved
--> mj-flex_shell_node_weights.ads:54:14

 info: precondition proved
--> mj-flex_shell_node_weights.ads:54:32

 info: precondition proved
--> mj-flex_shell_node_weights.ads:54:59

 info: precondition proved
--> mj-flex_shell_node_weights.ads:55:67

 info: index check proved
--> mj-flex_shell_node_weights.ads:56:62

 info: index check proved
--> mj-flex_shell_node_weights.ads:59:42

 info: index check proved
--> mj-flex_shell_node_weights.ads:60:62

 info: float overflow check proved
--> mj-flex_shell_node_weights.ads:62:58

 info: precondition proved
--> mj-flex_shell_node_weights.ads:62:60

 info: precondition proved
--> mj-flex_shell_node_weights.ads:63:24
Success: all checks proved (38 checks).
Summary logged in /var/tmp/sparkling-recovery-shell-node-weights4-20261003/proof/After_Node/validation/obj/gnatprove/gnatprove.out
guarded: elapsed 15.4 s, peak group RSS 278 MB
