Phase 1 of 3: generation of data representation information ...
Phase 2 of 3: generation of Global contracts ...
Phase 3 of 3: flow analysis and proof ...
 info: loop invariant initialization proved
--> mj-flex_shell_node_weights.adb:128:43

 info: loop invariant preservation proved
--> mj-flex_shell_node_weights.adb:128:43

 info: overflow check proved
--> mj-flex_shell_node_weights.adb:128:65

 info: range check proved
--> mj-flex_shell_node_weights.adb:128:65

 info: loop invariant initialization proved
--> mj-flex_shell_node_weights.adb:129:43

 info: loop invariant preservation proved
--> mj-flex_shell_node_weights.adb:129:43

 info: precondition proved
--> mj-flex_shell_node_weights.adb:129:52

 info: range check proved
--> mj-flex_shell_node_weights.adb:129:91

 info: precondition proved
--> mj-flex_shell_node_weights.adb:130:10

 info: precondition proved
--> mj-flex_shell_node_weights.adb:131:20

 info: overflow check proved
--> mj-flex_shell_node_weights.adb:131:83

 info: range check proved
--> mj-flex_shell_node_weights.adb:131:83

 info: assertion proved
--> mj-flex_shell_node_weights.adb:132:35

 info: precondition proved
--> mj-flex_shell_node_weights.adb:132:44

 info: overflow check proved
--> mj-flex_shell_node_weights.adb:132:85

 info: range check proved
--> mj-flex_shell_node_weights.adb:132:85

 info: initialization of "Result" proved
--> mj-flex_shell_node_weights.ads:75:06

 info: data dependencies proved
--> mj-flex_shell_node_weights.ads:76:11

 info: postcondition proved
--> mj-flex_shell_node_weights.ads:77:27

 info: precondition proved
--> mj-flex_shell_node_weights.ads:78:28
Success: all checks proved (20 checks).
Summary logged in /var/tmp/sparkling-recovery-shell-node-weights4-20261003/proof/Build/validation/obj/gnatprove/gnatprove.out
guarded: elapsed 10.9 s, peak group RSS 262 MB
