Phase 1 of 3: generation of data representation information ...
Phase 2 of 3: generation of Global contracts ...
Phase 3 of 3: flow analysis and proof ...
 info: assertion proved
--> mj-flex_shell_node_weights.adb:10:32

 info: range check proved
--> mj-flex_shell_node_weights.adb:10:38

 info: float overflow check proved
--> mj-flex_shell_node_weights.adb:10:46

 info: range check proved
--> mj-flex_shell_node_weights.adb:10:62

 info: float overflow check proved
--> mj-flex_shell_node_weights.adb:10:69

 info: assertion proved
--> mj-flex_shell_node_weights.adb:11:32

 info: range check proved
--> mj-flex_shell_node_weights.adb:11:39

 info: float overflow check proved
--> mj-flex_shell_node_weights.adb:11:46

 info: range check proved
--> mj-flex_shell_node_weights.adb:11:63

 info: float overflow check proved
--> mj-flex_shell_node_weights.adb:11:71

 info: data dependencies proved
--> mj-flex_shell_node_weights.ads:26:28

 info: postcondition proved
--> mj-flex_shell_node_weights.ads:28:16
Success: all checks proved (12 checks).
Summary logged in /var/tmp/sparkling-recovery-shell-node-weights1-20261003/proof/Widen/validation/obj/gnatprove/gnatprove.out
guarded: elapsed 14.5 s, peak group RSS 154 MB
