Phase 1 of 3: generation of data representation information ...
Phase 2 of 3: generation of Global contracts ...
Phase 3 of 3: flow analysis and proof ...
 info: data dependencies proved
--> mj-flex_shell_node_weights.adb:36:28

 info: postcondition proved
--> mj-flex_shell_node_weights.adb:37:16

 info: assertion proved
--> mj-flex_shell_node_weights.adb:43:35

 info: index check proved
--> mj-flex_shell_node_weights.adb:43:47

 info: assertion proved
--> mj-flex_shell_node_weights.adb:44:35

 info: index check proved
--> mj-flex_shell_node_weights.adb:44:48

 info: assertion proved
--> mj-flex_shell_node_weights.adb:45:35

 info: index check proved
--> mj-flex_shell_node_weights.adb:45:47

 info: index check proved
--> mj-flex_shell_node_weights.adb:45:73

 info: assertion proved
--> mj-flex_shell_node_weights.adb:47:35

 info: index check proved
--> mj-flex_shell_node_weights.adb:47:48

 info: assertion proved
--> mj-flex_shell_node_weights.adb:48:35

 info: index check proved
--> mj-flex_shell_node_weights.adb:48:47

 info: assertion proved
--> mj-flex_shell_node_weights.adb:49:35

 info: index check proved
--> mj-flex_shell_node_weights.adb:49:48

 info: index check proved
--> mj-flex_shell_node_weights.adb:49:73
Success: all checks proved (16 checks).
Summary logged in /var/tmp/sparkling-recovery-shell-node-weights5-20261003/proof/Same_Find/validation/obj/gnatprove/gnatprove.out
guarded: elapsed 4.0 s, peak group RSS 159 MB
