Phase 1 of 3: generation of data representation information ...
Phase 2 of 3: generation of Global contracts ...
Phase 3 of 3: flow analysis and proof ...
 info: division check proved
--> mj-flex_shell_node_weights.adb:3:40

 info: range check proved
--> mj-flex_shell_node_weights.adb:3:40

 info: division check proved
--> mj-flex_shell_node_weights.adb:5:20

 info: division check proved
--> mj-flex_shell_node_weights.adb:5:34

 info: division check proved
--> mj-flex_shell_node_weights.adb:5:51

 info: assertion proved
--> mj-flex_shell_node_weights.adb:10:32

 info: range check proved
--> mj-flex_shell_node_weights.adb:10:38

 info: float overflow check proved
--> mj-flex_shell_node_weights.adb:10:46

 info: range check proved
--> mj-flex_shell_node_weights.adb:10:62

 info: float overflow check proved
--> mj-flex_shell_node_weights.adb:10:69

 info: assertion proved
--> mj-flex_shell_node_weights.adb:11:32

 info: range check proved
--> mj-flex_shell_node_weights.adb:11:39

 info: float overflow check proved
--> mj-flex_shell_node_weights.adb:11:46

 info: range check proved
--> mj-flex_shell_node_weights.adb:11:63

 info: float overflow check proved
--> mj-flex_shell_node_weights.adb:11:71

 info: range check proved
--> mj-flex_shell_node_weights.adb:15:13

 info: float overflow check proved
--> mj-flex_shell_node_weights.adb:15:18

 info: range check proved
--> mj-flex_shell_node_weights.adb:15:18

 info: precondition proved
--> mj-flex_shell_node_weights.adb:19:39

 info: precondition proved
--> mj-flex_shell_node_weights.adb:24:18

 info: precondition proved
--> mj-flex_shell_node_weights.adb:24:43

 info: precondition proved
--> mj-flex_shell_node_weights.adb:25:18

 info: assertion proved
--> mj-flex_shell_node_weights.adb:27:38

 info: loop invariant initialization proved
--> mj-flex_shell_node_weights.adb:30:12

 info: loop invariant preservation proved
--> mj-flex_shell_node_weights.adb:30:12

 info: index check proved
--> mj-flex_shell_node_weights.adb:30:39

 info: data dependencies proved
--> mj-flex_shell_node_weights.adb:36:28

 info: postcondition proved
--> mj-flex_shell_node_weights.adb:37:16

 info: assertion proved
--> mj-flex_shell_node_weights.adb:43:35

 info: index check proved
--> mj-flex_shell_node_weights.adb:43:47

 info: assertion proved
--> mj-flex_shell_node_weights.adb:44:35

 info: index check proved
--> mj-flex_shell_node_weights.adb:44:48

 info: assertion proved
--> mj-flex_shell_node_weights.adb:45:35

 info: index check proved
--> mj-flex_shell_node_weights.adb:45:47

 info: index check proved
--> mj-flex_shell_node_weights.adb:45:73

 info: assertion proved
--> mj-flex_shell_node_weights.adb:47:35

 info: index check proved
--> mj-flex_shell_node_weights.adb:47:48

 info: assertion proved
--> mj-flex_shell_node_weights.adb:48:35

 info: index check proved
--> mj-flex_shell_node_weights.adb:48:47

 info: assertion proved
--> mj-flex_shell_node_weights.adb:49:35

 info: index check proved
--> mj-flex_shell_node_weights.adb:49:48

 info: index check proved
--> mj-flex_shell_node_weights.adb:49:73

 info: data dependencies proved
--> mj-flex_shell_node_weights.adb:54:28

 info: postcondition proved
--> mj-flex_shell_node_weights.adb:56:16

 info: float overflow check proved
--> mj-flex_shell_node_weights.adb:56:18

 info: float overflow check proved
--> mj-flex_shell_node_weights.adb:56:26

 info: data dependencies proved
--> mj-flex_shell_node_weights.adb:64:28

 info: postcondition proved
--> mj-flex_shell_node_weights.adb:68:16

 info: precondition proved
--> mj-flex_shell_node_weights.adb:68:18

 info: precondition proved
--> mj-flex_shell_node_weights.adb:68:48

 info: precondition proved
--> mj-flex_shell_node_weights.adb:71:37

 info: precondition proved
--> mj-flex_shell_node_weights.adb:72:37

 info: precondition proved
--> mj-flex_shell_node_weights.adb:75:07

 info: assertion proved
--> mj-flex_shell_node_weights.adb:76:32

 info: precondition proved
--> mj-flex_shell_node_weights.adb:79:13

 info: range check proved
--> mj-flex_shell_node_weights.adb:79:71

 info: range check proved
--> mj-flex_shell_node_weights.adb:79:81

 info: assertion proved
--> mj-flex_shell_node_weights.adb:81:35

 info: assertion proved
--> mj-flex_shell_node_weights.adb:82:35

 info: loop invariant initialization proved
--> mj-flex_shell_node_weights.adb:83:43

 info: loop invariant preservation proved
--> mj-flex_shell_node_weights.adb:83:43

 info: index check proved
--> mj-flex_shell_node_weights.adb:83:76

 info: index check proved
--> mj-flex_shell_node_weights.adb:83:90

 info: data dependencies proved
--> mj-flex_shell_node_weights.adb:89:28

 info: postcondition proved
--> mj-flex_shell_node_weights.adb:94:16

 info: precondition proved
--> mj-flex_shell_node_weights.adb:94:18

 info: precondition proved
--> mj-flex_shell_node_weights.adb:94:54

 info: precondition proved
--> mj-flex_shell_node_weights.adb:99:07

 info: subprogram variant proved
--> mj-flex_shell_node_weights.adb:99:07

 info: range check proved
--> mj-flex_shell_node_weights.adb:99:48

 info: precondition proved
--> mj-flex_shell_node_weights.adb:100:07

 info: precondition proved
--> mj-flex_shell_node_weights.adb:100:20

 info: range check proved
--> mj-flex_shell_node_weights.adb:100:42

 info: precondition proved
--> mj-flex_shell_node_weights.adb:101:20

 info: range check proved
--> mj-flex_shell_node_weights.adb:101:43

 info: index check proved
--> mj-flex_shell_node_weights.adb:102:27

 info: index check proved
--> mj-flex_shell_node_weights.adb:102:42

 info: range check proved
--> mj-flex_shell_node_weights.adb:102:66

 info: data dependencies proved
--> mj-flex_shell_node_weights.adb:107:28

 info: precondition proved
--> mj-flex_shell_node_weights.adb:111:55

 info: postcondition proved
--> mj-flex_shell_node_weights.adb:112:16

 info: precondition proved
--> mj-flex_shell_node_weights.adb:112:26

 info: precondition proved
--> mj-flex_shell_node_weights.adb:116:07

 info: precondition proved
--> mj-flex_shell_node_weights.adb:123:37

 info: initialization of "Terms" proved
--> mj-flex_shell_node_weights.adb:124:07

 info: precondition proved
--> mj-flex_shell_node_weights.adb:127:10

 info: range check proved
--> mj-flex_shell_node_weights.adb:127:37

 info: precondition proved
--> mj-flex_shell_node_weights.adb:130:50

 info: precondition proved
--> mj-flex_shell_node_weights.adb:131:30

 info: precondition proved
--> mj-flex_shell_node_weights.adb:133:15

 info: precondition proved
--> mj-flex_shell_node_weights.adb:133:40

 info: initialization check proved
--> mj-flex_shell_node_weights.adb:133:62
      + in value of subprogram parameter after the call at mj-flex_shell_node_weights.adb:133

 info: assertion proved
--> mj-flex_shell_node_weights.adb:134:38

 info: assertion proved
--> mj-flex_shell_node_weights.adb:135:38

 info: precondition proved
--> mj-flex_shell_node_weights.adb:136:15

 info: assertion proved
--> mj-flex_shell_node_weights.adb:137:38

 info: precondition proved
--> mj-flex_shell_node_weights.adb:137:44

 info: precondition proved
--> mj-flex_shell_node_weights.adb:138:13

 info: precondition proved
--> mj-flex_shell_node_weights.adb:141:12

 info: index check proved
--> mj-flex_shell_node_weights.adb:141:31

 info: precondition proved
--> mj-flex_shell_node_weights.adb:141:39

 info: precondition proved
--> mj-flex_shell_node_weights.adb:142:10

 info: range check proved
--> mj-flex_shell_node_weights.adb:142:28

 info: range check proved
--> mj-flex_shell_node_weights.adb:142:41

 info: precondition proved
--> mj-flex_shell_node_weights.adb:151:14

 info: precondition proved
--> mj-flex_shell_node_weights.adb:151:26

 info: subprogram variant proved
--> mj-flex_shell_node_weights.adb:151:26

 info: range check proved
--> mj-flex_shell_node_weights.adb:151:71

 info: index check proved
--> mj-flex_shell_node_weights.adb:152:35

 info: index check proved
--> mj-flex_shell_node_weights.adb:152:55

 info: range check proved
--> mj-flex_shell_node_weights.adb:152:78

 info: data dependencies proved
--> mj-flex_shell_node_weights.adb:158:28

 info: range check proved
--> mj-flex_shell_node_weights.adb:159:75

 info: precondition proved
--> mj-flex_shell_node_weights.adb:164:26

 info: precondition proved
--> mj-flex_shell_node_weights.adb:165:16

 info: postcondition proved
--> mj-flex_shell_node_weights.adb:165:16

 info: precondition proved
--> mj-flex_shell_node_weights.adb:169:35

 info: precondition proved
--> mj-flex_shell_node_weights.adb:170:35

 info: precondition proved
--> mj-flex_shell_node_weights.adb:171:37

 info: assertion proved
--> mj-flex_shell_node_weights.adb:174:35

 info: assertion proved
--> mj-flex_shell_node_weights.adb:175:35

 info: precondition proved
--> mj-flex_shell_node_weights.adb:179:52

 info: precondition proved
--> mj-flex_shell_node_weights.adb:179:81

 info: assertion proved
--> mj-flex_shell_node_weights.adb:180:38

 info: precondition proved
--> mj-flex_shell_node_weights.adb:180:44

 info: assertion proved
--> mj-flex_shell_node_weights.adb:181:38

 info: precondition proved
--> mj-flex_shell_node_weights.adb:181:44

 info: precondition proved
--> mj-flex_shell_node_weights.adb:182:13

 info: assertion proved
--> mj-flex_shell_node_weights.adb:183:38

 info: precondition proved
--> mj-flex_shell_node_weights.adb:186:10

 info: index check proved
--> mj-flex_shell_node_weights.adb:186:38

 info: assertion proved
--> mj-flex_shell_node_weights.adb:187:35

 info: index check proved
--> mj-flex_shell_node_weights.adb:189:40

 info: precondition proved
--> mj-flex_shell_node_weights.adb:190:16

 info: precondition proved
--> mj-flex_shell_node_weights.adb:191:18

 info: precondition proved
--> mj-flex_shell_node_weights.adb:191:40

 info: assertion proved
--> mj-flex_shell_node_weights.adb:193:38

 info: assertion proved
--> mj-flex_shell_node_weights.adb:194:38

 info: loop invariant preservation proved
--> mj-flex_shell_node_weights.adb:195:46

 info: loop invariant initialization proved
--> mj-flex_shell_node_weights.adb:195:46

 info: index check proved
--> mj-flex_shell_node_weights.adb:195:79

 info: index check proved
--> mj-flex_shell_node_weights.adb:195:93

 info: assertion proved
--> mj-flex_shell_node_weights.adb:198:32

 info: assertion proved
--> mj-flex_shell_node_weights.adb:199:32

 info: data dependencies proved
--> mj-flex_shell_node_weights.adb:204:28

 info: precondition proved
--> mj-flex_shell_node_weights.adb:207:23

 info: precondition proved
--> mj-flex_shell_node_weights.adb:208:16

 info: postcondition proved
--> mj-flex_shell_node_weights.adb:208:16

 info: index check proved
--> mj-flex_shell_node_weights.adb:208:51

 info: index check proved
--> mj-flex_shell_node_weights.adb:208:67

 info: precondition proved
--> mj-flex_shell_node_weights.adb:209:10

 info: range check proved
--> mj-flex_shell_node_weights.adb:209:55

 info: precondition proved
--> mj-flex_shell_node_weights.adb:212:38

 info: precondition proved
--> mj-flex_shell_node_weights.adb:213:38

 info: range check proved
--> mj-flex_shell_node_weights.adb:213:83

 info: assertion proved
--> mj-flex_shell_node_weights.adb:215:32

 info: assertion proved
--> mj-flex_shell_node_weights.adb:216:32

 info: precondition proved
--> mj-flex_shell_node_weights.adb:216:39

 info: index check proved
--> mj-flex_shell_node_weights.adb:217:36

 info: index check proved
--> mj-flex_shell_node_weights.adb:217:52

 info: precondition proved
--> mj-flex_shell_node_weights.adb:218:07

 info: index check proved
--> mj-flex_shell_node_weights.adb:218:54

 info: index check proved
--> mj-flex_shell_node_weights.adb:218:70

 info: loop invariant initialization proved
--> mj-flex_shell_node_weights.adb:227:43

 info: loop invariant preservation proved
--> mj-flex_shell_node_weights.adb:227:43

 info: overflow check proved
--> mj-flex_shell_node_weights.adb:227:65

 info: range check proved
--> mj-flex_shell_node_weights.adb:227:65

 info: loop invariant initialization proved
--> mj-flex_shell_node_weights.adb:228:43

 info: loop invariant preservation proved
--> mj-flex_shell_node_weights.adb:228:43

 info: precondition proved
--> mj-flex_shell_node_weights.adb:228:52

 info: range check proved
--> mj-flex_shell_node_weights.adb:228:91

 info: precondition proved
--> mj-flex_shell_node_weights.adb:229:10

 info: precondition proved
--> mj-flex_shell_node_weights.adb:230:20

 info: overflow check proved
--> mj-flex_shell_node_weights.adb:230:83

 info: range check proved
--> mj-flex_shell_node_weights.adb:230:83

 info: assertion proved
--> mj-flex_shell_node_weights.adb:231:35

 info: precondition proved
--> mj-flex_shell_node_weights.adb:231:44

 info: overflow check proved
--> mj-flex_shell_node_weights.adb:231:85

 info: range check proved
--> mj-flex_shell_node_weights.adb:231:85

 info: implicit aspect Always_Terminates on "Unflat" has been proved, subprogram will terminate
--> mj-flex_shell_node_weights.ads:16:13

 info: data dependencies proved
--> mj-flex_shell_node_weights.ads:17:11

 info: postcondition proved
--> mj-flex_shell_node_weights.ads:20:16

 info: precondition proved
--> mj-flex_shell_node_weights.ads:21:21

 info: implicit aspect Always_Terminates on "Valid_Layout" has been proved, subprogram will terminate
--> mj-flex_shell_node_weights.ads:22:13

 info: range check proved
--> mj-flex_shell_node_weights.ads:24:67

 info: data dependencies proved
--> mj-flex_shell_node_weights.ads:28:28

 info: postcondition proved
--> mj-flex_shell_node_weights.ads:30:16

 info: implicit aspect Always_Terminates on "Signed" has been proved, subprogram will terminate
--> mj-flex_shell_node_weights.ads:31:13

 info: data dependencies proved
--> mj-flex_shell_node_weights.ads:32:11

 info: postcondition proved
--> mj-flex_shell_node_weights.ads:33:16

 info: range check proved
--> mj-flex_shell_node_weights.ads:33:38

 info: float overflow check proved
--> mj-flex_shell_node_weights.ads:33:43

 info: implicit aspect Always_Terminates on "Bounded_Terms" has been proved, subprogram will terminate
--> mj-flex_shell_node_weights.ads:34:13

 info: data dependencies proved
--> mj-flex_shell_node_weights.ads:36:28

 info: range check proved
--> mj-flex_shell_node_weights.ads:38:53

 info: postcondition proved
--> mj-flex_shell_node_weights.ads:40:27

 info: precondition proved
--> mj-flex_shell_node_weights.ads:41:44

 info: implicit aspect Always_Terminates on "After_Node" has been proved, subprogram will terminate
--> mj-flex_shell_node_weights.ads:42:13

 info: data dependencies proved
--> mj-flex_shell_node_weights.ads:45:11

 info: range check proved
--> mj-flex_shell_node_weights.ads:46:75

 info: postcondition proved
--> mj-flex_shell_node_weights.ads:50:27

 info: range check proved
--> mj-flex_shell_node_weights.ads:50:66

 info: precondition proved
--> mj-flex_shell_node_weights.ads:52:63

 info: precondition proved
--> mj-flex_shell_node_weights.ads:53:34

 info: precondition proved
--> mj-flex_shell_node_weights.ads:54:14

 info: precondition proved
--> mj-flex_shell_node_weights.ads:54:32

 info: precondition proved
--> mj-flex_shell_node_weights.ads:54:59

 info: precondition proved
--> mj-flex_shell_node_weights.ads:55:67

 info: index check proved
--> mj-flex_shell_node_weights.ads:56:62

 info: index check proved
--> mj-flex_shell_node_weights.ads:59:42

 info: index check proved
--> mj-flex_shell_node_weights.ads:60:62

 info: float overflow check proved
--> mj-flex_shell_node_weights.ads:62:58

 info: precondition proved
--> mj-flex_shell_node_weights.ads:62:60

 info: precondition proved
--> mj-flex_shell_node_weights.ads:63:24

 info: implicit aspect Always_Terminates on "Fold" has been proved, subprogram will terminate
--> mj-flex_shell_node_weights.ads:65:13

 info: data dependencies proved
--> mj-flex_shell_node_weights.ads:67:28

 info: postcondition proved
--> mj-flex_shell_node_weights.ads:69:27

 info: precondition proved
--> mj-flex_shell_node_weights.ads:71:12

 info: precondition proved
--> mj-flex_shell_node_weights.ads:71:24

 info: subprogram variant proved
--> mj-flex_shell_node_weights.ads:71:24

 info: range check proved
--> mj-flex_shell_node_weights.ads:71:69

 info: index check proved
--> mj-flex_shell_node_weights.ads:72:40

 info: index check proved
--> mj-flex_shell_node_weights.ads:72:60

 info: range check proved
--> mj-flex_shell_node_weights.ads:72:83

 info: initialization of "Result" proved
--> mj-flex_shell_node_weights.ads:75:06

 info: data dependencies proved
--> mj-flex_shell_node_weights.ads:76:11

 info: postcondition proved
--> mj-flex_shell_node_weights.ads:77:27

 info: precondition proved
--> mj-flex_shell_node_weights.ads:78:28
Success: all checks proved (228 checks).
Summary logged in /var/tmp/sparkling-recovery-shell-node-weights7-20261003/proof/whole/validation/obj/gnatprove/gnatprove.out
guarded: elapsed 134.3 s, peak group RSS 310 MB
