Phase 1 of 3: generation of data representation information ...
Phase 2 of 3: generation of Global contracts ...
Phase 3 of 3: flow analysis and proof ...
 info: precondition proved
--> mj-flex_shell_node_weights.adb:123:37

 info: initialization of "Terms" proved
--> mj-flex_shell_node_weights.adb:124:07

 info: precondition proved
--> mj-flex_shell_node_weights.adb:127:10

 info: range check proved
--> mj-flex_shell_node_weights.adb:127:37

 info: precondition proved
--> mj-flex_shell_node_weights.adb:130:50

 info: precondition proved
--> mj-flex_shell_node_weights.adb:131:30

 info: precondition proved
--> mj-flex_shell_node_weights.adb:133:15

 info: precondition proved
--> mj-flex_shell_node_weights.adb:133:40

 info: initialization check proved
--> mj-flex_shell_node_weights.adb:133:62
      + in value of subprogram parameter after the call at mj-flex_shell_node_weights.adb:133

 info: assertion proved
--> mj-flex_shell_node_weights.adb:134:38

 info: assertion proved
--> mj-flex_shell_node_weights.adb:135:38

 info: precondition proved
--> mj-flex_shell_node_weights.adb:136:15

 info: assertion proved
--> mj-flex_shell_node_weights.adb:137:38

 info: precondition proved
--> mj-flex_shell_node_weights.adb:137:44

 info: precondition proved
--> mj-flex_shell_node_weights.adb:138:13

 info: precondition proved
--> mj-flex_shell_node_weights.adb:141:12

 info: index check proved
--> mj-flex_shell_node_weights.adb:141:31

 info: precondition proved
--> mj-flex_shell_node_weights.adb:141:39

 info: precondition proved
--> mj-flex_shell_node_weights.adb:142:10

 info: range check proved
--> mj-flex_shell_node_weights.adb:142:28

 info: range check proved
--> mj-flex_shell_node_weights.adb:142:41

 info: implicit aspect Always_Terminates on "After_Node" has been proved, subprogram will terminate
--> mj-flex_shell_node_weights.ads:42:13

 info: data dependencies proved
--> mj-flex_shell_node_weights.ads:45:11

 info: range check proved
--> mj-flex_shell_node_weights.ads:46:75

 info: postcondition proved
--> mj-flex_shell_node_weights.ads:50:27

 info: range check proved
--> mj-flex_shell_node_weights.ads:50:66

 info: precondition proved
--> mj-flex_shell_node_weights.ads:52:63

 info: precondition proved
--> mj-flex_shell_node_weights.ads:53:34

 info: precondition proved
--> mj-flex_shell_node_weights.ads:54:14

 info: precondition proved
--> mj-flex_shell_node_weights.ads:54:32

 info: precondition proved
--> mj-flex_shell_node_weights.ads:54:59

 info: precondition proved
--> mj-flex_shell_node_weights.ads:55:67

 info: index check proved
--> mj-flex_shell_node_weights.ads:56:62

 info: index check proved
--> mj-flex_shell_node_weights.ads:59:42

 info: index check proved
--> mj-flex_shell_node_weights.ads:60:62

 info: float overflow check proved
--> mj-flex_shell_node_weights.ads:62:58

 info: precondition proved
--> mj-flex_shell_node_weights.ads:62:60

 info: precondition proved
--> mj-flex_shell_node_weights.ads:63:24
Success: all checks proved (38 checks).
Summary logged in /var/tmp/sparkling-recovery-shell-node-weights7-20261003/proof/After_Node/validation/obj/gnatprove/gnatprove.out
guarded: elapsed 14.4 s, peak group RSS 291 MB
