Phase 1 of 3: generation of data representation information ...
Phase 2 of 3: generation of Global contracts ...
Phase 3 of 3: flow analysis and proof ...
 info: precondition proved
--> mj-flex_shell_node_weights.adb:39:37

 info: initialization of "Terms" proved
--> mj-flex_shell_node_weights.adb:40:07

 info: precondition proved
--> mj-flex_shell_node_weights.adb:43:10

 info: range check proved
--> mj-flex_shell_node_weights.adb:43:37

 info: precondition proved
--> mj-flex_shell_node_weights.adb:46:50

 info: precondition proved
--> mj-flex_shell_node_weights.adb:47:30

 info: precondition proved
--> mj-flex_shell_node_weights.adb:49:15

 info: precondition proved
--> mj-flex_shell_node_weights.adb:49:40

 info: initialization check proved
--> mj-flex_shell_node_weights.adb:49:62
      + in value of subprogram parameter after the call at mj-flex_shell_node_weights.adb:49

 info: assertion proved
--> mj-flex_shell_node_weights.adb:50:38

 info: assertion proved
--> mj-flex_shell_node_weights.adb:51:38

 info: precondition proved
--> mj-flex_shell_node_weights.adb:52:15

 info: precondition proved
--> mj-flex_shell_node_weights.adb:55:12

 info: index check proved
--> mj-flex_shell_node_weights.adb:55:31

 info: precondition proved
--> mj-flex_shell_node_weights.adb:55:39

 info: precondition proved
--> mj-flex_shell_node_weights.adb:56:10

 info: range check proved
--> mj-flex_shell_node_weights.adb:56:28

 info: range check proved
--> mj-flex_shell_node_weights.adb:56:41

 info: implicit aspect Always_Terminates on "After_Node" has been proved, subprogram will terminate
--> mj-flex_shell_node_weights.ads:42:13

 info: data dependencies proved
--> mj-flex_shell_node_weights.ads:45:11

 info: range check proved
--> mj-flex_shell_node_weights.ads:46:75

 info: range check proved
--> mj-flex_shell_node_weights.ads:50:66

 info: precondition proved
--> mj-flex_shell_node_weights.ads:52:63

 medium: postcondition might fail, cannot prove After_Node'Result = SW.Fold (E, Bounded_Terms (G, Unflat (G, Index), Bodies, Signed (Weight, Sgn)), 26, Visited)
--> mj-flex_shell_node_weights.ads:53:12
   53 |               After_Node'Result = SW.Fold (E,
      |               ^~~~~~~~~~~~~~~~~~~~~~~~~~~~~~~
   54 |                 Bounded_Terms (G, Unflat (G, Index), Bodies, Signed (Weight, Sgn)), 26, Visited))
      |                 ~~~~~~~~~~~~~~~~~~~~~~~~~~~~~~~~~~~~~~~~~~~~~~~~~~~~~~~~~~~~~~~~~~~~~~~~~~~~~~~
      + provers reached time and memory limit before completing the proof

 info: precondition proved
--> mj-flex_shell_node_weights.ads:53:34

 info: precondition proved
--> mj-flex_shell_node_weights.ads:54:14

 info: precondition proved
--> mj-flex_shell_node_weights.ads:54:32

 info: precondition proved
--> mj-flex_shell_node_weights.ads:54:59

 info: precondition proved
--> mj-flex_shell_node_weights.ads:55:67

 info: index check proved
--> mj-flex_shell_node_weights.ads:56:62

 info: index check proved
--> mj-flex_shell_node_weights.ads:59:42

 info: index check proved
--> mj-flex_shell_node_weights.ads:60:62

 info: float overflow check proved
--> mj-flex_shell_node_weights.ads:62:58

 info: precondition proved
--> mj-flex_shell_node_weights.ads:62:60

 info: precondition proved
--> mj-flex_shell_node_weights.ads:63:24
Summary logged in /var/tmp/sparkling-recovery-shell-node-weights3-20261003/proof/After_Node/validation/obj/gnatprove/gnatprove.out
gnatprove: unproved check messages considered as errors
guarded: elapsed 20.6 s, peak group RSS 277 MB
