Phase 1 of 3: generation of data representation information ...
Phase 2 of 3: generation of Global contracts ...
Phase 3 of 3: flow analysis and proof ...
 info: float overflow check proved
--> mj-contact_parameters.adb:41:45

 info: loop invariant initialization proved
--> mj-contact_parameters.adb:45:33

 info: loop invariant preservation proved
--> mj-contact_parameters.adb:45:33

 info: index check proved
--> mj-contact_parameters.adb:45:63

 info: index check proved
--> mj-contact_parameters.adb:46:56

 info: index check proved
--> mj-contact_parameters.adb:46:73

 info: data dependencies proved
--> mj-contact_parameters.ads:79:11

 info: postcondition proved
--> mj-contact_parameters.ads:84:16

 info: float overflow check proved
--> mj-contact_parameters.ads:85:51
Success: all checks proved (9 checks).
Summary logged in /var/tmp/sparkling-contact-deliveryproof-20261001/Configure/validation/obj/gnatprove/gnatprove.out
guarded: elapsed 6.1 s, peak group RSS 177 MB
