Phase 1 of 3: generation of data representation information ...
Phase 2 of 3: generation of Global contracts ...
Phase 3 of 3: flow analysis and proof ...
 info: initialization of "F" proved
--> mj-full_contacts.adb:19:07

 info: precondition proved
--> mj-full_contacts.adb:23:10

 info: initialization check proved
--> mj-full_contacts.adb:23:33

 info: initialization check proved
--> mj-full_contacts.adb:23:53

 info: initialization check proved
--> mj-full_contacts.adb:27:35

 info: initialization check proved
--> mj-full_contacts.adb:28:34

 info: predicate check proved
--> mj-full_contacts.adb:28:91

 info: overflow check proved
--> mj-full_contacts.adb:30:26

 info: range check proved
--> mj-full_contacts.adb:30:26

 info: loop invariant preservation proved
--> mj-full_contacts.adb:31:33

 info: loop invariant initialization proved
--> mj-full_contacts.adb:31:33

 info: overflow check proved
--> mj-full_contacts.adb:31:69

 info: loop invariant preservation proved
--> mj-full_contacts.adb:32:33

 info: loop invariant initialization proved
--> mj-full_contacts.adb:32:33

 info: index check proved
--> mj-full_contacts.adb:32:68

 info: loop invariant initialization proved
--> mj-full_contacts.adb:33:33

 info: loop invariant preservation proved
--> mj-full_contacts.adb:33:33

 info: index check proved
--> mj-full_contacts.adb:34:24

 info: initialization check proved
--> mj-full_contacts.adb:34:26

 info: index check proved
--> mj-full_contacts.adb:34:47

 info: initialization check proved
--> mj-full_contacts.adb:34:49

 info: index check proved
--> mj-full_contacts.adb:34:75

 info: initialization check proved
--> mj-full_contacts.adb:34:77

 info: index check proved
--> mj-full_contacts.adb:34:98

 info: initialization check proved
--> mj-full_contacts.adb:34:100

 info: index check proved
--> mj-full_contacts.adb:35:28

 info: initialization check proved
--> mj-full_contacts.adb:35:30

 info: index check proved
--> mj-full_contacts.adb:35:57

 info: initialization check proved
--> mj-full_contacts.adb:35:59

 info: index check proved
--> mj-full_contacts.adb:36:28

 info: initialization check proved
--> mj-full_contacts.adb:36:30

 info: index check proved
--> mj-full_contacts.adb:36:52

 info: initialization check proved
--> mj-full_contacts.adb:36:54

 info: index check proved
--> mj-full_contacts.adb:37:28

 info: initialization check proved
--> mj-full_contacts.adb:37:30

 info: index check proved
--> mj-full_contacts.adb:37:50

 info: initialization check proved
--> mj-full_contacts.adb:37:52

 info: index check proved
--> mj-full_contacts.adb:38:28

 info: initialization check proved
--> mj-full_contacts.adb:38:30

 info: index check proved
--> mj-full_contacts.adb:38:64

 info: initialization check proved
--> mj-full_contacts.adb:38:66

 info: index check proved
--> mj-full_contacts.adb:39:42

 info: initialization check proved
--> mj-full_contacts.adb:39:56

 info: initialization of "Result" proved
--> mj-full_contacts.ads:30:67

 info: data dependencies proved
--> mj-full_contacts.ads:31:11

 info: initialization check proved
--> mj-full_contacts.ads:33:81

 info: index check proved
--> mj-full_contacts.ads:33:89

 info: postcondition proved
--> mj-full_contacts.ads:34:16

 info: index check proved
--> mj-full_contacts.ads:36:69

 info: index check proved
--> mj-full_contacts.ads:37:36

 info: initialization check proved
--> mj-full_contacts.ads:37:38

 info: index check proved
--> mj-full_contacts.ads:37:59

 info: initialization check proved
--> mj-full_contacts.ads:37:61

 info: index check proved
--> mj-full_contacts.ads:38:30

 info: initialization check proved
--> mj-full_contacts.ads:38:32

 info: index check proved
--> mj-full_contacts.ads:38:53

 info: initialization check proved
--> mj-full_contacts.ads:38:55

 info: index check proved
--> mj-full_contacts.ads:39:30

 info: initialization check proved
--> mj-full_contacts.ads:39:32

 info: index check proved
--> mj-full_contacts.ads:39:59

 info: initialization check proved
--> mj-full_contacts.ads:39:61

 info: index check proved
--> mj-full_contacts.ads:40:30

 info: initialization check proved
--> mj-full_contacts.ads:40:32

 info: index check proved
--> mj-full_contacts.ads:40:54

 info: initialization check proved
--> mj-full_contacts.ads:40:56

 info: index check proved
--> mj-full_contacts.ads:41:30

 info: initialization check proved
--> mj-full_contacts.ads:41:32

 info: index check proved
--> mj-full_contacts.ads:41:52

 info: initialization check proved
--> mj-full_contacts.ads:41:54

 info: index check proved
--> mj-full_contacts.ads:42:30

 info: initialization check proved
--> mj-full_contacts.ads:42:32

 info: index check proved
--> mj-full_contacts.ads:42:66

 info: initialization check proved
--> mj-full_contacts.ads:42:68

 info: index check proved
--> mj-full_contacts.ads:43:44

 info: initialization check proved
--> mj-full_contacts.ads:43:58
Success: all checks proved (77 checks).
Summary logged in /var/tmp/sparkling-contact-deliveryproof-20261001/Finalize/validation/obj/gnatprove/gnatprove.out
guarded: elapsed 33.0 s, peak group RSS 319 MB
