Phase 1 of 3: generation of data representation information ...
Phase 2 of 3: generation of Global contracts ...
Phase 3 of 3: analysis of data and information flow ...
 info: initialization of "P" proved
--> mj-heightfield_contacts.adb:9:07

 info: initialization of "Dir" proved
--> mj-heightfield_contacts.adb:12:07

 info: initialization of "Point" proved
--> mj-heightfield_contacts.adb:12:12

 info: initialization of "Lo" proved
--> mj-heightfield_contacts.adb:12:19

 info: initialization of "Hi" proved
--> mj-heightfield_contacts.adb:12:23

 info: initialization of "CMin" proved
--> mj-heightfield_contacts.adb:14:07

 info: initialization of "CMax" proved
--> mj-heightfield_contacts.adb:14:13

 info: initialization of "RMin" proved
--> mj-heightfield_contacts.adb:14:19

 info: initialization of "RMax" proved
--> mj-heightfield_contacts.adb:14:25

 info: initialization of parts of "Trial" without Relaxed_Initialization proved
--> mj-heightfield_contacts.adb:17:07

 info: implicit aspect Always_Terminates on "Grid" has been proved, subprogram will terminate
--> mj-heightfield_contacts.adb:18:16

 warning: "Id" is set by "Support_Cached" but not used after the call
--> mj-heightfield_contacts.adb:42:110
   42 |             Dir := Zero; Dir (I) := 1.0; MJ.Convex_Contacts.Support_Cached (B, P, V, Dir, Graphs, Cache, Point, Id); Hi (I) := Point (I);
      |                                                                                                                 ^~

 warning: "Id" is set by "Support_Cached" but not used after the call
--> mj-heightfield_contacts.adb:43:98
   43 |             Dir (I) := -1.0; MJ.Convex_Contacts.Support_Cached (B, P, V, Dir, Graphs, Cache, Point, Id); Lo (I) := Point (I);
      |                                                                                                     ^~

 info: analyzing call to "Grid" in context
--> mj-heightfield_contacts.adb:48:15

 info: analyzing call to "Grid" in context
--> mj-heightfield_contacts.adb:48:66

 info: analyzing call to "Grid" in context
--> mj-heightfield_contacts.adb:49:15

 info: analyzing call to "Grid" in context
--> mj-heightfield_contacts.adb:49:63

 info: analyzing call to "Add_Vertex" in context
--> mj-heightfield_contacts.adb:51:10

 info: analyzing call to "Add_Vertex" in context
--> mj-heightfield_contacts.adb:51:37

 info: analyzing call to "Add_Vertex" in context
--> mj-heightfield_contacts.adb:54:16

 info: implicit aspect Always_Terminates on "Valid" has been proved, subprogram will terminate
--> mj-heightfield_contacts.ads:11:13

 info: data dependencies proved
--> mj-heightfield_contacts.ads:13:58

 info: initialization of "Result" proved
--> mj-heightfield_contacts.ads:17:45

 info: data dependencies proved
--> mj-heightfield_contacts.ads:18:11
Success: all checks proved (15 checks).
Summary logged in /var/tmp/sparkling-contact-deliveryproof-20261001/flow-mj-heightfield_contacts.adb/validation/obj/gnatprove/gnatprove.out
guarded: elapsed 2.9 s, peak group RSS 53 MB
