Phase 1 of 3: generation of data representation information ...
Phase 2 of 3: generation of Global contracts ...
Phase 3 of 3: analysis of data and information flow ...
 info: initialization of "Result" proved
--> mj-advanced_contacts.adb:7:62

 info: initialization of "Point" proved
--> mj-advanced_contacts.adb:10:07

 info: initialization of "Id" proved
--> mj-advanced_contacts.adb:11:07

 info: initialization of "D" proved
--> mj-advanced_contacts.adb:14:07

 info: initialization of "Value" proved
--> mj-advanced_contacts.adb:14:10

 info: initialization of "Area_Now" proved
--> mj-advanced_contacts.adb:14:17

 info: initialization of "Area_Next" proved
--> mj-advanced_contacts.adb:14:27

 info: initialization of "Anchor" proved
--> mj-advanced_contacts.adb:15:07

 info: initialization of "BIdx" proved
--> mj-advanced_contacts.adb:15:15

 info: initialization of "CIdx" proved
--> mj-advanced_contacts.adb:15:21

 info: initialization of "DIdx" proved
--> mj-advanced_contacts.adb:15:27

 info: initialization of "Next" proved
--> mj-advanced_contacts.adb:15:33

 info: initialization of "Count" proved
--> mj-advanced_contacts.adb:15:39

 info: initialization of "Keep" proved
--> mj-advanced_contacts.adb:16:07

 info: implicit aspect Always_Terminates on "Area" has been proved, subprogram will terminate
--> mj-advanced_contacts.adb:17:16

 info: no contextual analysis of "Plane_Hull" (nested subprogram)
--> mj-advanced_contacts.adb:19:07

 warning: "Cache" is set by "Support_Cached" but not used after the call
--> mj-advanced_contacts.adb:26:77
   26 |          MJ.Convex_Contacts.Support_Cached (B, PB, V, Scale (N, -1.0), Graphs, Cache, Point, Id);
      |                                                                                ^~~~~

 info: analyzing call to "Emit" in context
--> mj-advanced_contacts.adb:27:82

 info: analyzing call to "Emit" in context
--> mj-advanced_contacts.adb:66:78

 info: no contextual analysis of "Radius" (object renaming)
--> mj-advanced_contacts.adb:74:07

 info: implicit aspect Always_Terminates on "Radius" has been proved, subprogram will terminate
--> mj-advanced_contacts.adb:74:16

 info: implicit aspect Always_Terminates on "Curved" has been proved, subprogram will terminate
--> mj-advanced_contacts.adb:85:16

 info: initialization of "Result" proved
--> mj-advanced_contacts.ads:8:45

 info: data dependencies proved
--> mj-advanced_contacts.ads:9:11
Success: all checks proved (19 checks).
Summary logged in /var/tmp/sparkling-contact-deliveryproof-20261001/flow-mj-advanced_contacts.adb/validation/obj/gnatprove/gnatprove.out
guarded: elapsed 3.4 s, peak group RSS 66 MB
