Phase 1 of 3: generation of data representation information ...
Phase 2 of 3: generation of Global contracts ...
Phase 3 of 3: flow analysis and proof ...
 info: initialization of "N" proved
--> mj-full_contacts.adb:4:07

 info: initialization of "T" proved
--> mj-full_contacts.adb:4:10

 info: initialization of "B" proved
--> mj-full_contacts.adb:4:13

 info: initialization of "L" proved
--> mj-full_contacts.adb:5:07

 info: precondition proved
--> mj-full_contacts.adb:8:12

 info: precondition proved
--> mj-full_contacts.adb:9:12

 info: division check proved
--> mj-full_contacts.adb:9:30

 info: float overflow check proved
--> mj-full_contacts.adb:9:30

 info: precondition proved
--> mj-full_contacts.adb:10:10

 medium: precondition might fail, cannot prove X in -1.0e60 .. 1.0e60
--> mj-full_contacts.adb:13:12
   13 |          T := Sub (T, Scale (N, Dot (N, T))); T := Unit (T); B := Cross (N, T);
      |               ^~~~~~~~~~~~~~~~~~~~~~~~~~~
      + in inlined expression function body at mj-rigid_math.ads:7
      + provers reached time limit before completing the proof

 medium: precondition might fail, cannot prove X in -1.0e60 .. 1.0e60
--> mj-full_contacts.adb:13:20
   13 |          T := Sub (T, Scale (N, Dot (N, T))); T := Unit (T); B := Cross (N, T);
      |                       ^~~~~~~~~~~~~~~~~~~
      + in inlined expression function body at mj-rigid_math.ads:7
      + provers reached time limit before completing the proof

 medium: precondition might fail, cannot prove X in -1.0e60 .. 1.0e60
--> mj-full_contacts.adb:13:30
   13 |          T := Sub (T, Scale (N, Dot (N, T))); T := Unit (T); B := Cross (N, T);
      |                                 ^~~~~~~~~
      + in inlined expression function body at mj-rigid_math.ads:7
      + provers reached time limit before completing the proof

 medium: precondition might fail, cannot prove X in -1.0e60 .. 1.0e60
--> mj-full_contacts.adb:13:49
   13 |          T := Sub (T, Scale (N, Dot (N, T))); T := Unit (T); B := Cross (N, T);
      |                                                    ^~~~~~~
      + in inlined expression function body at mj-rigid_math.ads:7
      + provers reached time limit before completing the proof

 medium: precondition might fail, cannot prove X in -1.0e60 .. 1.0e60
--> mj-full_contacts.adb:13:64
   13 |          T := Sub (T, Scale (N, Dot (N, T))); T := Unit (T); B := Cross (N, T);
      |                                                                   ^~~~~~~~~~~
      + in inlined expression function body at mj-rigid_math.ads:7
      + provers reached time and memory limit before completing the proof

 medium: range check might fail
--> mj-full_contacts.adb:14:17
   14 |          Frame := [N (0), N (1), N (2), T (0), T (1), T (2), B (0), B (1), B (2)]; Result := Success;
      |                    ^~~~
      + provers reached time and memory limit before completing the proof

 medium: range check might fail
--> mj-full_contacts.adb:14:24
   14 |          Frame := [N (0), N (1), N (2), T (0), T (1), T (2), B (0), B (1), B (2)]; Result := Success;
      |                           ^~~~
      + provers reached time and memory limit before completing the proof

 medium: range check might fail
--> mj-full_contacts.adb:14:31
   14 |          Frame := [N (0), N (1), N (2), T (0), T (1), T (2), B (0), B (1), B (2)]; Result := Success;
      |                                  ^~~~
      + provers reached time and memory limit before completing the proof

 medium: range check might fail
--> mj-full_contacts.adb:14:38
   14 |          Frame := [N (0), N (1), N (2), T (0), T (1), T (2), B (0), B (1), B (2)]; Result := Success;
      |                                         ^~~~
      + provers reached time and memory limit before completing the proof

 medium: range check might fail
--> mj-full_contacts.adb:14:45
   14 |          Frame := [N (0), N (1), N (2), T (0), T (1), T (2), B (0), B (1), B (2)]; Result := Success;
      |                                                ^~~~
      + provers reached time and memory limit before completing the proof

 medium: range check might fail
--> mj-full_contacts.adb:14:52
   14 |          Frame := [N (0), N (1), N (2), T (0), T (1), T (2), B (0), B (1), B (2)]; Result := Success;
      |                                                       ^~~~
      + provers reached time and memory limit before completing the proof

 medium: range check might fail
--> mj-full_contacts.adb:14:59
   14 |          Frame := [N (0), N (1), N (2), T (0), T (1), T (2), B (0), B (1), B (2)]; Result := Success;
      |                                                              ^~~~
      + provers reached time and memory limit before completing the proof

 medium: range check might fail
--> mj-full_contacts.adb:14:66
   14 |          Frame := [N (0), N (1), N (2), T (0), T (1), T (2), B (0), B (1), B (2)]; Result := Success;
      |                                                                     ^~~~
      + provers reached time and memory limit before completing the proof

 medium: range check might fail
--> mj-full_contacts.adb:14:73
   14 |          Frame := [N (0), N (1), N (2), T (0), T (1), T (2), B (0), B (1), B (2)]; Result := Success;
      |                                                                            ^~~~
      + provers reached time and memory limit before completing the proof

 info: initialization of "Frame" proved
--> mj-full_contacts.ads:25:49

 info: initialization of "Result" proved
--> mj-full_contacts.ads:25:69

 info: data dependencies proved
--> mj-full_contacts.ads:26:11
Summary logged in /var/tmp/sparkling-contact-deliveryproof-20261001/Make_Frame/validation/obj/gnatprove/gnatprove.out
gnatprove: unproved check messages considered as errors
guarded: elapsed 98.1 s, peak group RSS 219 MB
