Phase 1 of 3: generation of data representation information ...
Phase 2 of 3: generation of Global contracts ...
Phase 3 of 3: flow analysis and proof ...
 info: division check proved
--> mj-contact_parameters.adb:4:53

 info: float overflow check proved
--> mj-contact_parameters.adb:4:53

 info: float overflow check proved
--> mj-contact_parameters.adb:4:56

 info: implicit aspect Always_Terminates on "Weight" has been proved, subprogram will terminate
--> mj-contact_parameters.ads:46:13

 info: data dependencies proved
--> mj-contact_parameters.ads:46:51

 info: postcondition proved
--> mj-contact_parameters.ads:48:14

 info: division check proved
--> mj-contact_parameters.ads:49:64

 info: float overflow check proved
--> mj-contact_parameters.ads:49:64

 info: float overflow check proved
--> mj-contact_parameters.ads:49:67
Success: all checks proved (9 checks).
Summary logged in /var/tmp/sparkling-contact-deliveryproof-20261001/Weight/validation/obj/gnatprove/gnatprove.out
guarded: elapsed 9.1 s, peak group RSS 135 MB
