Phase 1 of 3: generation of data representation information ...
Phase 2 of 3: generation of Global contracts ...
Phase 3 of 3: flow analysis and proof ...
 info: overflow check proved
--> mj-flex_ancestors.adb:16:31

 info: range check proved
--> mj-flex_ancestors.adb:16:44

 info: precondition proved
--> mj-flex_ancestors.adb:17:10

 info: overflow check proved
--> mj-flex_ancestors.adb:17:39

 info: range check proved
--> mj-flex_ancestors.adb:17:39

 info: loop invariant initialization proved
--> mj-flex_ancestors.adb:18:43

 info: loop invariant preservation proved
--> mj-flex_ancestors.adb:18:43

 info: overflow check proved
--> mj-flex_ancestors.adb:18:72

 info: precondition proved
--> mj-flex_ancestors.adb:19:12

 info: overflow check proved
--> mj-flex_ancestors.adb:19:45

 info: range check proved
--> mj-flex_ancestors.adb:19:45

 info: precondition proved
--> mj-flex_ancestors.adb:19:54

 info: precondition proved
--> mj-flex_ancestors.adb:20:14

 info: precondition proved
--> mj-flex_ancestors.adb:20:46

 info: overflow check proved
--> mj-flex_ancestors.adb:20:79

 info: overflow check proved
--> mj-flex_ancestors.adb:20:86

 info: range check proved
--> mj-flex_ancestors.adb:20:86

 info: index check proved
--> mj-flex_ancestors.adb:25:36

 info: range check proved
--> mj-flex_ancestors.adb:28:28

 info: index check proved
--> mj-flex_ancestors.adb:29:16

 info: index check proved
--> mj-flex_ancestors.adb:30:16

 info: index check proved
--> mj-flex_ancestors.adb:31:18

 info: index check proved
--> mj-flex_ancestors.adb:32:16

 info: overflow check proved
--> mj-flex_ancestors.adb:32:21

 info: index check proved
--> mj-flex_ancestors.adb:32:30

 info: index check proved
--> mj-flex_ancestors.adb:33:30

 info: overflow check proved
--> mj-flex_ancestors.adb:33:32

 info: index check proved
--> mj-flex_ancestors.adb:33:39

 info: overflow check proved
--> mj-flex_ancestors.adb:33:41

 info: index check proved
--> mj-flex_ancestors.adb:39:18

 info: overflow check proved
--> mj-flex_ancestors.adb:39:35

 info: index check proved
--> mj-flex_ancestors.adb:40:46

 info: index check proved
--> mj-flex_ancestors.adb:41:39

 info: overflow check proved
--> mj-flex_ancestors.adb:48:51

 info: index check proved
--> mj-flex_ancestors.adb:48:51

 info: loop invariant initialization proved
--> mj-flex_ancestors.adb:49:43

 info: loop invariant preservation proved
--> mj-flex_ancestors.adb:49:43

 info: loop invariant initialization proved
--> mj-flex_ancestors.adb:50:43

 info: loop invariant preservation proved
--> mj-flex_ancestors.adb:50:43

 info: index check proved
--> mj-flex_ancestors.adb:51:22

 info: overflow check proved
--> mj-flex_ancestors.adb:51:50

 info: index check proved
--> mj-flex_ancestors.adb:51:50

 info: loop invariant initialization proved
--> mj-flex_ancestors.adb:52:43

 info: loop invariant preservation proved
--> mj-flex_ancestors.adb:52:43

 info: overflow check proved
--> mj-flex_ancestors.adb:52:58

 info: index check proved
--> mj-flex_ancestors.adb:52:88

 info: initialization of "T" proved
--> mj-flex_ancestors.adb:60:07

 info: loop invariant initialization proved
--> mj-flex_ancestors.adb:64:43

 info: loop invariant preservation proved
--> mj-flex_ancestors.adb:64:43

 info: range check proved
--> mj-flex_ancestors.adb:64:62

 info: range check proved
--> mj-flex_ancestors.adb:64:99

 info: loop invariant initialization proved
--> mj-flex_ancestors.adb:65:43

 info: loop invariant preservation proved
--> mj-flex_ancestors.adb:65:43

 info: range check proved
--> mj-flex_ancestors.adb:65:63

 info: overflow check proved
--> mj-flex_ancestors.adb:65:70

 info: overflow check proved
--> mj-flex_ancestors.adb:65:87

 info: loop invariant initialization proved
--> mj-flex_ancestors.adb:66:43

 info: loop invariant preservation proved
--> mj-flex_ancestors.adb:66:43

 info: index check proved
--> mj-flex_ancestors.adb:67:21

 info: range check proved
--> mj-flex_ancestors.adb:67:39

 info: index check proved
--> mj-flex_ancestors.adb:67:67

 info: loop invariant initialization proved
--> mj-flex_ancestors.adb:68:43

 info: loop invariant preservation proved
--> mj-flex_ancestors.adb:68:43

 info: index check proved
--> mj-flex_ancestors.adb:69:21

 info: index check proved
--> mj-flex_ancestors.adb:69:34

 info: loop invariant preservation proved
--> mj-flex_ancestors.adb:70:43

 info: loop invariant initialization proved
--> mj-flex_ancestors.adb:70:43

 info: precondition proved
--> mj-flex_ancestors.adb:70:44

 info: precondition proved
--> mj-flex_ancestors.adb:70:69

 info: loop invariant initialization proved
--> mj-flex_ancestors.adb:71:43

 info: loop invariant preservation proved
--> mj-flex_ancestors.adb:71:43

 info: precondition proved
--> mj-flex_ancestors.adb:71:47

 info: overflow check proved
--> mj-flex_ancestors.adb:72:22

 info: precondition proved
--> mj-flex_ancestors.adb:72:23

 info: precondition proved
--> mj-flex_ancestors.adb:72:49

 info: loop invariant initialization proved
--> mj-flex_ancestors.adb:73:43

 info: loop invariant preservation proved
--> mj-flex_ancestors.adb:73:43

 info: index check proved
--> mj-flex_ancestors.adb:74:21

 info: precondition proved
--> mj-flex_ancestors.adb:74:24

 info: loop invariant initialization proved
--> mj-flex_ancestors.adb:75:43

 info: loop invariant preservation proved
--> mj-flex_ancestors.adb:75:43

 info: range check proved
--> mj-flex_ancestors.adb:75:87

 info: precondition proved
--> mj-flex_ancestors.adb:76:12

 info: range check proved
--> mj-flex_ancestors.adb:76:44

 info: precondition proved
--> mj-flex_ancestors.adb:76:47

 info: overflow check proved
--> mj-flex_ancestors.adb:76:78

 info: range check proved
--> mj-flex_ancestors.adb:76:78

 info: loop variant proved
--> mj-flex_ancestors.adb:77:31

 info: precondition proved
--> mj-flex_ancestors.adb:78:10

 info: precondition proved
--> mj-flex_ancestors.adb:79:10

 info: precondition proved
--> mj-flex_ancestors.adb:81:10

 info: index check proved
--> mj-flex_ancestors.adb:82:23

 info: range check proved
--> mj-flex_ancestors.adb:82:35

 info: range check proved
--> mj-flex_ancestors.adb:83:34

 info: precondition proved
--> mj-flex_ancestors.adb:86:07

 info: initialization of "A" proved
--> mj-flex_ancestors.adb:92:07

 info: initialization of "B" proved
--> mj-flex_ancestors.adb:92:10

 info: precondition proved
--> mj-flex_ancestors.adb:95:07

 info: range check proved
--> mj-flex_ancestors.adb:95:45

 info: precondition proved
--> mj-flex_ancestors.adb:96:07

 info: range check proved
--> mj-flex_ancestors.adb:96:45

 info: precondition proved
--> mj-flex_ancestors.adb:98:07

 info: implicit aspect Always_Terminates on "Valid_Chain" has been proved, subprogram will terminate
--> mj-flex_ancestors.ads:13:13

 info: index check proved
--> mj-flex_ancestors.ads:15:62

 info: index check proved
--> mj-flex_ancestors.ads:16:72

 info: index check proved
--> mj-flex_ancestors.ads:16:86

 info: implicit aspect Always_Terminates on "Body_Shape" has been proved, subprogram will terminate
--> mj-flex_ancestors.ads:28:13

 info: range check proved
--> mj-flex_ancestors.ads:30:20

 info: implicit aspect Always_Terminates on "Body_Model" has been proved, subprogram will terminate
--> mj-flex_ancestors.ads:33:13

 info: index check proved
--> mj-flex_ancestors.ads:35:15

 info: range check proved
--> mj-flex_ancestors.ads:35:34

 info: index check proved
--> mj-flex_ancestors.ads:36:19

 info: index check proved
--> mj-flex_ancestors.ads:36:24

 info: index check proved
--> mj-flex_ancestors.ads:37:19

 info: index check proved
--> mj-flex_ancestors.ads:37:24

 info: index check proved
--> mj-flex_ancestors.ads:38:21

 info: index check proved
--> mj-flex_ancestors.ads:38:26

 info: index check proved
--> mj-flex_ancestors.ads:39:19

 info: index check proved
--> mj-flex_ancestors.ads:39:24

 info: overflow check proved
--> mj-flex_ancestors.ads:39:32

 info: index check proved
--> mj-flex_ancestors.ads:39:41

 info: index check proved
--> mj-flex_ancestors.ads:39:46

 info: index check proved
--> mj-flex_ancestors.ads:40:26

 info: index check proved
--> mj-flex_ancestors.ads:40:31

 info: overflow check proved
--> mj-flex_ancestors.ads:40:34

 info: index check proved
--> mj-flex_ancestors.ads:40:41

 info: index check proved
--> mj-flex_ancestors.ads:40:46

 info: overflow check proved
--> mj-flex_ancestors.ads:40:49

 info: range check proved
--> mj-flex_ancestors.ads:41:81

 info: postcondition proved
--> mj-flex_ancestors.ads:43:16

 info: implicit aspect Always_Terminates on "Step_Model" has been proved, subprogram will terminate
--> mj-flex_ancestors.ads:44:13

 info: index check proved
--> mj-flex_ancestors.ads:45:25

 info: overflow check proved
--> mj-flex_ancestors.ads:45:69

 info: index check proved
--> mj-flex_ancestors.ads:48:33

 info: index check proved
--> mj-flex_ancestors.ads:49:33

 info: range check proved
--> mj-flex_ancestors.ads:51:36

 info: range check proved
--> mj-flex_ancestors.ads:51:74

 info: implicit aspect Always_Terminates on "Merged_Count" has been proved, subprogram will terminate
--> mj-flex_ancestors.ads:53:13

 info: precondition proved
--> mj-flex_ancestors.ads:55:17

 info: overflow check proved
--> mj-flex_ancestors.ads:56:13

 info: precondition proved
--> mj-flex_ancestors.ads:56:14

 info: subprogram variant proved
--> mj-flex_ancestors.ads:56:14

 info: precondition proved
--> mj-flex_ancestors.ads:56:35

 info: precondition proved
--> mj-flex_ancestors.ads:57:26

 info: range check proved
--> mj-flex_ancestors.ads:59:36

 info: range check proved
--> mj-flex_ancestors.ads:59:74

 info: postcondition proved
--> mj-flex_ancestors.ads:60:16

 info: overflow check proved
--> mj-flex_ancestors.ads:60:55

 info: implicit aspect Always_Terminates on "Links_Valid" has been proved, subprogram will terminate
--> mj-flex_ancestors.ads:63:13

 info: precondition proved
--> mj-flex_ancestors.ads:64:37

 info: precondition proved
--> mj-flex_ancestors.ads:65:09

 info: subprogram variant proved
--> mj-flex_ancestors.ads:65:09

 info: precondition proved
--> mj-flex_ancestors.ads:65:29

 info: precondition proved
--> mj-flex_ancestors.ads:66:21

 info: range check proved
--> mj-flex_ancestors.ads:68:36

 info: range check proved
--> mj-flex_ancestors.ads:68:74

 info: implicit aspect Always_Terminates on "Descending_Column" has been proved, subprogram will terminate
--> mj-flex_ancestors.ads:71:13

 info: precondition proved
--> mj-flex_ancestors.ads:74:17

 info: precondition proved
--> mj-flex_ancestors.ads:75:22

 info: precondition proved
--> mj-flex_ancestors.ads:76:12

 info: subprogram variant proved
--> mj-flex_ancestors.ads:76:12

 info: precondition proved
--> mj-flex_ancestors.ads:76:38

 info: precondition proved
--> mj-flex_ancestors.ads:77:30

 info: range check proved
--> mj-flex_ancestors.ads:77:63

 info: range check proved
--> mj-flex_ancestors.ads:80:38

 info: range check proved
--> mj-flex_ancestors.ads:80:76

 info: data dependencies proved
--> mj-flex_ancestors.ads:87:23

 info: range check proved
--> mj-flex_ancestors.ads:89:36

 info: range check proved
--> mj-flex_ancestors.ads:89:74

 info: postcondition proved
--> mj-flex_ancestors.ads:90:14

 info: precondition proved
--> mj-flex_ancestors.ads:91:08

 info: precondition proved
--> mj-flex_ancestors.ads:91:44

 info: precondition proved
--> mj-flex_ancestors.ads:92:13

 info: precondition proved
--> mj-flex_ancestors.ads:93:11

 info: precondition proved
--> mj-flex_ancestors.ads:93:52

 info: precondition proved
--> mj-flex_ancestors.ads:94:12

 info: precondition proved
--> mj-flex_ancestors.ads:94:44

 info: precondition proved
--> mj-flex_ancestors.ads:95:23

 info: precondition proved
--> mj-flex_ancestors.ads:96:12

 info: overflow check proved
--> mj-flex_ancestors.ads:96:41

 info: precondition proved
--> mj-flex_ancestors.ads:96:42

 info: precondition proved
--> mj-flex_ancestors.ads:97:14

 info: precondition proved
--> mj-flex_ancestors.ads:97:46

 info: precondition proved
--> mj-flex_ancestors.ads:98:21

 info: data dependencies proved
--> mj-flex_ancestors.ads:100:23

 info: range check proved
--> mj-flex_ancestors.ads:102:36

 info: range check proved
--> mj-flex_ancestors.ads:102:74

 info: precondition proved
--> mj-flex_ancestors.ads:103:48

 info: precondition proved
--> mj-flex_ancestors.ads:104:14

 info: postcondition proved
--> mj-flex_ancestors.ads:104:14

 info: precondition proved
--> mj-flex_ancestors.ads:104:49

 info: precondition proved
--> mj-flex_ancestors.ads:105:08

 info: precondition proved
--> mj-flex_ancestors.ads:105:40

 info: data dependencies proved
--> mj-flex_ancestors.ads:107:23

 info: range check proved
--> mj-flex_ancestors.ads:109:36

 info: range check proved
--> mj-flex_ancestors.ads:109:74

 info: precondition proved
--> mj-flex_ancestors.ads:110:48

 info: range check proved
--> mj-flex_ancestors.ads:111:31

 info: postcondition proved
--> mj-flex_ancestors.ads:112:14

 info: overflow check proved
--> mj-flex_ancestors.ads:112:43

 info: range check proved
--> mj-flex_ancestors.ads:112:56

 info: precondition proved
--> mj-flex_ancestors.ads:113:08

 info: overflow check proved
--> mj-flex_ancestors.ads:113:41

 info: range check proved
--> mj-flex_ancestors.ads:113:41

 info: precondition proved
--> mj-flex_ancestors.ads:113:50

 info: precondition proved
--> mj-flex_ancestors.ads:114:10

 info: precondition proved
--> mj-flex_ancestors.ads:114:42

 info: overflow check proved
--> mj-flex_ancestors.ads:114:75

 info: overflow check proved
--> mj-flex_ancestors.ads:114:82

 info: range check proved
--> mj-flex_ancestors.ads:114:82

 info: initialization of "Value" proved
--> mj-flex_ancestors.ads:117:24

 info: data dependencies proved
--> mj-flex_ancestors.ads:118:11

 info: range check proved
--> mj-flex_ancestors.ads:119:23

 info: postcondition proved
--> mj-flex_ancestors.ads:120:27

 info: precondition proved
--> mj-flex_ancestors.ads:120:33

 info: initialization of "Value" proved
--> mj-flex_ancestors.ads:122:62

 info: data dependencies proved
--> mj-flex_ancestors.ads:123:11

 info: range check proved
--> mj-flex_ancestors.ads:124:36

 info: range check proved
--> mj-flex_ancestors.ads:124:74

 info: postcondition proved
--> mj-flex_ancestors.ads:126:27

 info: precondition proved
--> mj-flex_ancestors.ads:126:33

 info: range check proved
--> mj-flex_ancestors.ads:127:70

 info: overflow check proved
--> mj-flex_ancestors.ads:128:56

 info: overflow check proved
--> mj-flex_ancestors.ads:129:56

 info: initialization of "Value" proved
--> mj-flex_ancestors.ads:130:45

 info: data dependencies proved
--> mj-flex_ancestors.ads:131:11

 info: postcondition proved
--> mj-flex_ancestors.ads:131:46

 info: index check proved
--> mj-flex_ancestors.ads:133:20

 info: overflow check proved
--> mj-flex_ancestors.ads:133:48

 info: index check proved
--> mj-flex_ancestors.ads:133:48

 info: index check proved
--> mj-flex_ancestors.ads:134:79

 info: initialization of "Value" proved
--> mj-flex_ancestors.ads:136:21

 info: initialization of "Result" proved
--> mj-flex_ancestors.ads:136:40

 info: data dependencies proved
--> mj-flex_ancestors.ads:137:11

 info: range check proved
--> mj-flex_ancestors.ads:138:36

 info: range check proved
--> mj-flex_ancestors.ads:138:74

 info: postcondition proved
--> mj-flex_ancestors.ads:139:27

 info: precondition proved
--> mj-flex_ancestors.ads:139:44

 info: precondition proved
--> mj-flex_ancestors.ads:140:43

 info: range check proved
--> mj-flex_ancestors.ads:140:68

 info: precondition proved
--> mj-flex_ancestors.ads:141:33

 info: index check proved
--> mj-flex_ancestors.ads:143:24

 info: precondition proved
--> mj-flex_ancestors.ads:143:27

 info: overflow check proved
--> mj-flex_ancestors.ads:143:72

 info: range check proved
--> mj-flex_ancestors.ads:143:72

 info: initialization of "Value" proved
--> mj-flex_ancestors.ads:146:21

 info: initialization of "Result" proved
--> mj-flex_ancestors.ads:146:40

 info: data dependencies proved
--> mj-flex_ancestors.ads:147:11

 info: range check proved
--> mj-flex_ancestors.ads:148:24

 info: range check proved
--> mj-flex_ancestors.ads:148:48

 info: postcondition proved
--> mj-flex_ancestors.ads:150:27

 info: precondition proved
--> mj-flex_ancestors.ads:151:11

 info: range check proved
--> mj-flex_ancestors.ads:151:51

 info: precondition proved
--> mj-flex_ancestors.ads:152:11

 info: range check proved
--> mj-flex_ancestors.ads:152:51

 info: precondition proved
--> mj-flex_ancestors.ads:153:11

 info: precondition proved
--> mj-flex_ancestors.ads:153:31

 info: range check proved
--> mj-flex_ancestors.ads:153:71

 info: precondition proved
--> mj-flex_ancestors.ads:154:13

 info: range check proved
--> mj-flex_ancestors.ads:154:53

 info: precondition proved
--> mj-flex_ancestors.ads:155:43

 info: range check proved
--> mj-flex_ancestors.ads:155:68

 info: precondition proved
--> mj-flex_ancestors.ads:156:33

 info: precondition proved
--> mj-flex_ancestors.ads:157:12

 info: range check proved
--> mj-flex_ancestors.ads:157:52

 info: precondition proved
--> mj-flex_ancestors.ads:158:12

 info: range check proved
--> mj-flex_ancestors.ads:158:52

 info: index check proved
--> mj-flex_ancestors.ads:160:24

 info: precondition proved
--> mj-flex_ancestors.ads:160:27

 info: precondition proved
--> mj-flex_ancestors.ads:161:16

 info: range check proved
--> mj-flex_ancestors.ads:161:56

 info: precondition proved
--> mj-flex_ancestors.ads:162:16

 info: range check proved
--> mj-flex_ancestors.ads:162:56

 info: overflow check proved
--> mj-flex_ancestors.ads:162:83

 info: range check proved
--> mj-flex_ancestors.ads:162:83
Success: all checks proved (275 checks).
Summary logged in /var/tmp/sparkling-flex-ancestors-proof-20261003-r195-whole/build/validation/obj/gnatprove/gnatprove.out
guarded: elapsed 20.6 s, peak group RSS 237 MB
