Phase 1 of 3: generation of data representation information ...
Phase 2 of 3: generation of Global contracts ...
Phase 3 of 3: flow analysis and proof ...
 info: initialization of "Result" proved
--> mj-data-flex_elasticity.adb:101:24

 info: postcondition proved
--> mj-data-flex_elasticity.adb:105:25

 info: index check proved
--> mj-data-flex_elasticity.adb:106:46

 info: index check proved
--> mj-data-flex_elasticity.adb:107:27

 info: overflow check proved
--> mj-data-flex_elasticity.adb:107:44

 info: index check proved
--> mj-data-flex_elasticity.adb:107:53

 info: index check proved
--> mj-data-flex_elasticity.adb:108:27

 info: index check proved
--> mj-data-flex_elasticity.adb:108:52

 info: index check proved
--> mj-data-flex_elasticity.adb:109:27

 info: index check proved
--> mj-data-flex_elasticity.adb:109:45

 info: index check proved
--> mj-data-flex_elasticity.adb:113:22

 info: index check proved
--> mj-data-flex_elasticity.adb:114:27

 info: overflow check proved
--> mj-data-flex_elasticity.adb:114:47

 info: index check proved
--> mj-data-flex_elasticity.adb:114:57

 info: range check proved
--> mj-data-flex_elasticity.adb:115:35

 info: index check proved
--> mj-data-flex_elasticity.adb:115:44

 info: range check proved
--> mj-data-flex_elasticity.adb:115:68

 info: index check proved
--> mj-data-flex_elasticity.adb:115:75

 info: loop invariant initialization proved
--> mj-data-flex_elasticity.adb:116:33

 info: loop invariant preservation proved
--> mj-data-flex_elasticity.adb:116:33

 info: index check proved
--> mj-data-flex_elasticity.adb:117:20

 info: index check proved
--> mj-data-flex_elasticity.adb:118:29

 info: overflow check proved
--> mj-data-flex_elasticity.adb:118:46

 info: index check proved
--> mj-data-flex_elasticity.adb:118:55

 info: index check proved
--> mj-data-flex_elasticity.adb:119:29

 info: index check proved
--> mj-data-flex_elasticity.adb:119:54

 info: index check proved
--> mj-data-flex_elasticity.adb:120:29

 info: index check proved
--> mj-data-flex_elasticity.adb:120:47
Success: all checks proved (28 checks).
Summary logged in /var/tmp/sparkling-flex-csr-analysis-20261003-r196/validation/obj/gnatprove/gnatprove.out
guarded: elapsed 9.4 s, peak group RSS 1561 MB
