Phase 1 of 3: generation of data representation information ...
Phase 2 of 3: generation of Global contracts ...
Phase 3 of 3: flow analysis and proof ...
 info: initialization of "Result" proved
--> mj-data-flex_elasticity.adb:127:28

 info: postcondition proved
--> mj-data-flex_elasticity.adb:132:25

 info: index check proved
--> mj-data-flex_elasticity.adb:133:46

 info: index check proved
--> mj-data-flex_elasticity.adb:134:27

 info: index check proved
--> mj-data-flex_elasticity.adb:135:27

 info: overflow check proved
--> mj-data-flex_elasticity.adb:135:45

 info: index check proved
--> mj-data-flex_elasticity.adb:135:54

 info: index check proved
--> mj-data-flex_elasticity.adb:136:27

 info: index check proved
--> mj-data-flex_elasticity.adb:136:48

 info: index check proved
--> mj-data-flex_elasticity.adb:137:27

 info: index check proved
--> mj-data-flex_elasticity.adb:137:46

 info: index check proved
--> mj-data-flex_elasticity.adb:141:22

 info: index check proved
--> mj-data-flex_elasticity.adb:142:27

 info: index check proved
--> mj-data-flex_elasticity.adb:143:27

 info: overflow check proved
--> mj-data-flex_elasticity.adb:143:37

 info: index check proved
--> mj-data-flex_elasticity.adb:143:47

 info: range check proved
--> mj-data-flex_elasticity.adb:144:31

 info: index check proved
--> mj-data-flex_elasticity.adb:144:40

 info: range check proved
--> mj-data-flex_elasticity.adb:144:65

 info: index check proved
--> mj-data-flex_elasticity.adb:144:72

 info: loop invariant initialization proved
--> mj-data-flex_elasticity.adb:145:33

 info: loop invariant preservation proved
--> mj-data-flex_elasticity.adb:145:33

 info: index check proved
--> mj-data-flex_elasticity.adb:146:20

 info: index check proved
--> mj-data-flex_elasticity.adb:146:53

 info: index check proved
--> mj-data-flex_elasticity.adb:147:29

 info: overflow check proved
--> mj-data-flex_elasticity.adb:147:47

 info: index check proved
--> mj-data-flex_elasticity.adb:147:56

 info: index check proved
--> mj-data-flex_elasticity.adb:148:29

 info: index check proved
--> mj-data-flex_elasticity.adb:148:50

 info: index check proved
--> mj-data-flex_elasticity.adb:149:29

 info: index check proved
--> mj-data-flex_elasticity.adb:149:48
Success: all checks proved (31 checks).
Summary logged in /var/tmp/sparkling-flex-csr-analysis-20261003-r196/validation/obj/gnatprove/gnatprove.out
guarded: elapsed 9.6 s, peak group RSS 1576 MB
