Phase 1 of 3: generation of data representation information ...
Phase 2 of 3: generation of Global contracts ...
Phase 3 of 3: flow analysis and proof ...
 info: initialization of "Result" proved
--> mj-data-flex_elasticity.adb:158:27

 info: postcondition proved
--> mj-data-flex_elasticity.adb:165:25

 info: index check proved
--> mj-data-flex_elasticity.adb:168:20

 info: index check proved
--> mj-data-flex_elasticity.adb:168:50

 info: index check proved
--> mj-data-flex_elasticity.adb:169:29

 info: index check proved
--> mj-data-flex_elasticity.adb:169:52

 info: index check proved
--> mj-data-flex_elasticity.adb:171:19

 info: index check proved
--> mj-data-flex_elasticity.adb:171:44

 info: index check proved
--> mj-data-flex_elasticity.adb:172:28

 info: index check proved
--> mj-data-flex_elasticity.adb:172:51

 info: precondition proved
--> mj-data-flex_elasticity.adb:174:07

 info: precondition proved
--> mj-data-flex_elasticity.adb:176:07

 info: precondition proved
--> mj-data-flex_elasticity.adb:178:07

 info: range check proved
--> mj-data-flex_elasticity.adb:178:76
Success: all checks proved (14 checks).
Summary logged in /var/tmp/sparkling-flex-csr-analysis-20261003-r196/validation/obj/gnatprove/gnatprove.out
guarded: elapsed 10.1 s, peak group RSS 1550 MB
