Phase 1 of 3: generation of data representation information ...
Phase 2 of 3: generation of Global contracts ...
Phase 3 of 3: flow analysis and proof ...
Success: all checks proved (26 checks).
Summary logged in /var/tmp/sparkling-services-stage-state2-whole-r19-20261003/whole/validation/obj/gnatprove/gnatprove.out
guarded: elapsed 4.5 s, peak group RSS 149 MB
 info: range check proved
--> mj-advanced_state.adb:4:39

 info: float overflow check proved
--> mj-advanced_state.adb:8:20

 info: float overflow check proved
--> mj-advanced_state.adb:8:27

 info: overflow check proved
--> mj-advanced_state.adb:23:25

 info: index check proved
--> mj-advanced_state.adb:23:25

 info: implicit aspect Always_Terminates on "Clip" has been proved, subprogram will terminate
--> mj-advanced_state.ads:3:13

 info: data dependencies proved
--> mj-advanced_state.ads:4:11

 info: postcondition proved
--> mj-advanced_state.ads:5:14

 info: implicit aspect Always_Terminates on "Next_Value" has been proved, subprogram will terminate
--> mj-advanced_state.ads:6:13

 info: data dependencies proved
--> mj-advanced_state.ads:7:11

 info: postcondition proved
--> mj-advanced_state.ads:8:14

 info: float overflow check proved
--> mj-advanced_state.ads:8:40

 info: float overflow check proved
--> mj-advanced_state.ads:8:47

 info: implicit aspect Always_Terminates on "PID_Count" has been proved, subprogram will terminate
--> mj-advanced_state.ads:9:13

 info: data dependencies proved
--> mj-advanced_state.ads:10:11

 info: postcondition proved
--> mj-advanced_state.ads:10:35

 info: implicit aspect Always_Terminates on "Staged_Value" has been proved, subprogram will terminate
--> mj-advanced_state.ads:13:13

 info: data dependencies proved
--> mj-advanced_state.ads:16:11

 info: postcondition proved
--> mj-advanced_state.ads:17:16

 info: data dependencies proved
--> mj-advanced_state.ads:25:11

 info: overflow check proved
--> mj-advanced_state.ads:29:31

 info: overflow check proved
--> mj-advanced_state.ads:29:54

 info: postcondition proved
--> mj-advanced_state.ads:30:16

 info: index check proved
--> mj-advanced_state.ads:32:61

 info: overflow check proved
--> mj-advanced_state.ads:34:33

 info: index check proved
--> mj-advanced_state.ads:36:32
