cube-aligned Ada/C 1.239 current/baseline 0.88
cube-rotated Ada/C 1.146 current/baseline 0.847
cube-margin Ada/C 1.081 current/baseline 0.863
cube-separated Ada/C 1.243 current/baseline 0.828
polytope-aligned Ada/C 1.36 current/baseline 1.019
polytope-rotated Ada/C 1.311 current/baseline 0.981
polytope-margin Ada/C 1.294 current/baseline 1.133
polytope-separated Ada/C 1.309 current/baseline 0.996
wide-face-aligned Ada/C 1.319 current/baseline 1.047
wide-face-rotated Ada/C 1.218 current/baseline 0.979
wide-face-margin Ada/C 1.208 current/baseline 1.065
wide-face-separated Ada/C 1.365 current/baseline 1.001
round-128-aligned Ada/C 1.264 current/baseline 0.818
round-128-rotated Ada/C 1.309 current/baseline 0.874
round-128-margin Ada/C 1.216 current/baseline 1.101
round-128-separated Ada/C 1.313 current/baseline 0.994
round-512-aligned Ada/C 1.312 current/baseline 0.663
round-512-rotated Ada/C 1.328 current/baseline 0.703
round-512-margin Ada/C 1.248 current/baseline 1.077
round-512-separated Ada/C 1.214 current/baseline 1.025
