Phase 1 of 3: generation of data representation information ...
Phase 2 of 3: generation of Global contracts ...
Phase 3 of 3: flow analysis and proof ...
 info: initialization of "Result" proved
--> mj-contact_incidence.adb:98:29

 info: data dependencies proved
--> mj-contact_incidence.adb:99:11

 info: overflow check proved
--> mj-contact_incidence.adb:101:41

 info: overflow check proved
--> mj-contact_incidence.adb:102:45

 info: index check proved
--> mj-contact_incidence.adb:109:60

 info: index check proved
--> mj-contact_incidence.adb:109:77

 info: range check proved
--> mj-contact_incidence.adb:110:20

 info: range check proved
--> mj-contact_incidence.adb:110:52

 info: index check proved
--> mj-contact_incidence.adb:112:50

 info: index check proved
--> mj-contact_incidence.adb:112:65

 info: precondition proved
--> mj-contact_incidence.adb:113:14

 medium: postcondition might fail, cannot prove L.Data (L.Start (Vertex)+K).Position = Find_Corner (F (L.Data (L.Start (Vertex)+K).Face), L.First+Vertex)
--> mj-contact_incidence.adb:113:14
  113 |                 Vertex_Matches (L, F, V) = Vertex_Matches (L'Old, F, V)))
      |                 ^~~~~~~~~~~~~~~~~~~~~~~~~~~~~~~~~~~~~~~~~~~~~~~~~~~~~~
      + in inlined expression function body at mj-contact_incidence.adb:21
      + provers reached time limit before completing the proof

 info: precondition proved
--> mj-contact_incidence.adb:113:41

 info: precondition proved
--> mj-contact_incidence.adb:114:45

 info: index check proved
--> mj-contact_incidence.adb:115:30

 info: index check proved
--> mj-contact_incidence.adb:115:46

 info: initialization of "Position" proved
--> mj-contact_incidence.adb:119:07

 info: index check proved
--> mj-contact_incidence.adb:122:16

 info: range check proved
--> mj-contact_incidence.adb:122:27

 info: index check proved
--> mj-contact_incidence.adb:122:45

 info: loop invariant initialization proved
--> mj-contact_incidence.adb:124:33

 info: loop invariant preservation proved
--> mj-contact_incidence.adb:124:33

 info: loop invariant initialization proved
--> mj-contact_incidence.adb:125:33

 info: loop invariant preservation proved
--> mj-contact_incidence.adb:125:33

 info: index check proved
--> mj-contact_incidence.adb:125:42

 info: index check proved
--> mj-contact_incidence.adb:125:73

 info: overflow check proved
--> mj-contact_incidence.adb:125:87

 info: loop invariant preservation proved
--> mj-contact_incidence.adb:126:33

 info: loop invariant initialization proved
--> mj-contact_incidence.adb:126:33

 info: index check proved
--> mj-contact_incidence.adb:126:41

 info: precondition proved
--> mj-contact_incidence.adb:126:51

 info: overflow check proved
--> mj-contact_incidence.adb:126:74

 info: overflow check proved
--> mj-contact_incidence.adb:126:87

 info: loop invariant initialization proved
--> mj-contact_incidence.adb:127:33

 info: loop invariant preservation proved
--> mj-contact_incidence.adb:127:33

 info: index check proved
--> mj-contact_incidence.adb:127:73

 info: index check proved
--> mj-contact_incidence.adb:127:97

 info: loop invariant initialization proved
--> mj-contact_incidence.adb:128:33

 info: loop invariant preservation proved
--> mj-contact_incidence.adb:128:33

 info: range check proved
--> mj-contact_incidence.adb:128:34

 info: range check proved
--> mj-contact_incidence.adb:128:66

 info: loop invariant initialization proved
--> mj-contact_incidence.adb:129:33

 info: loop invariant preservation proved
--> mj-contact_incidence.adb:129:33

 info: index check proved
--> mj-contact_incidence.adb:130:20

 info: overflow check proved
--> mj-contact_incidence.adb:130:46

 info: index check proved
--> mj-contact_incidence.adb:131:29

 info: index check proved
--> mj-contact_incidence.adb:131:54

 info: index check proved
--> mj-contact_incidence.adb:131:56

 info: index check proved
--> mj-contact_incidence.adb:132:29

 info: index check proved
--> mj-contact_incidence.adb:132:67

 info: index check proved
--> mj-contact_incidence.adb:132:69

 info: overflow check proved
--> mj-contact_incidence.adb:132:84

 info: overflow check proved
--> mj-contact_incidence.adb:133:52

 info: index check proved
--> mj-contact_incidence.adb:133:52

 info: index check proved
--> mj-contact_incidence.adb:133:71

 info: overflow check proved
--> mj-contact_incidence.adb:134:52

 info: index check proved
--> mj-contact_incidence.adb:137:21

 info: range check proved
--> mj-contact_incidence.adb:137:39

 info: range check proved
--> mj-contact_incidence.adb:137:57

 info: overflow check proved
--> mj-contact_incidence.adb:137:80

 info: index check proved
--> mj-contact_incidence.adb:138:21

 info: overflow check proved
--> mj-contact_incidence.adb:138:36

 info: range check proved
--> mj-contact_incidence.adb:138:36

 info: precondition proved
--> mj-contact_incidence.adb:141:07
Summary logged in /var/tmp/sparkling-meshmesh-proof9-20261001/Append_Vertex/validation/obj/gnatprove/gnatprove.out
gnatprove: unproved check messages considered as errors
guarded: elapsed 42.9 s, peak group RSS 264 MB
