Phase 1 of 3: generation of data representation information ...
Phase 2 of 3: generation of Global contracts ...
Phase 3 of 3: flow analysis and proof ...
 info: range check proved
--> mj-contact_incidence.adb:150:44

 info: range check proved
--> mj-contact_incidence.adb:151:51

 info: precondition proved
--> mj-contact_incidence.adb:153:10

 info: loop invariant initialization proved
--> mj-contact_incidence.adb:155:33

 info: loop invariant preservation proved
--> mj-contact_incidence.adb:155:33

 info: loop invariant initialization proved
--> mj-contact_incidence.adb:156:33

 info: loop invariant preservation proved
--> mj-contact_incidence.adb:156:33

 info: loop invariant initialization proved
--> mj-contact_incidence.adb:157:33

 info: loop invariant preservation proved
--> mj-contact_incidence.adb:157:33

 info: range check proved
--> mj-contact_incidence.adb:157:78

 info: loop invariant preservation proved
--> mj-contact_incidence.adb:158:33

 info: loop invariant initialization proved
--> mj-contact_incidence.adb:158:33

 info: precondition proved
--> mj-contact_incidence.adb:158:61

 info: loop invariant initialization proved
--> mj-contact_incidence.adb:159:33

 info: loop invariant preservation proved
--> mj-contact_incidence.adb:159:33

 info: index check proved
--> mj-contact_incidence.adb:159:70

 info: index check proved
--> mj-contact_incidence.adb:159:81

 info: initialization of "L" proved
--> mj-contact_incidence.ads:47:21

 info: initialization of "Result" proved
--> mj-contact_incidence.ads:47:37

 info: data dependencies proved
--> mj-contact_incidence.ads:48:11

 info: overflow check proved
--> mj-contact_incidence.ads:49:70

 medium: postcondition might fail, cannot prove Matches (L, F)
--> mj-contact_incidence.ads:50:16
   50 |           Post => Matches (L, F) and then
      |                   ^~~~~~~~~~~~~
      + provers reached time limit before completing the proof
Summary logged in /var/tmp/sparkling-meshmesh-proof9-20261001/Build/validation/obj/gnatprove/gnatprove.out
gnatprove: unproved check messages considered as errors
guarded: elapsed 48.7 s, peak group RSS 226 MB
