Phase 1 of 3: generation of data representation information ...
Phase 2 of 3: generation of Global contracts ...
Phase 3 of 3: flow analysis and proof ...
 info: initialization of "N" proved
--> mj-convex_assets.adb:66:07

 info: initialization of "Edge_Start" proved
--> mj-convex_assets.adb:66:10

 info: initialization of "Last" proved
--> mj-convex_assets.adb:66:22

 info: initialization of "Slot" proved
--> mj-convex_assets.adb:66:28

 info: initialization of "C" proved
--> mj-convex_assets.adb:67:07

 info: range check proved
--> mj-convex_assets.adb:70:12

 info: index check proved
--> mj-convex_assets.adb:70:16

 info: overflow check proved
--> mj-convex_assets.adb:72:34

 info: overflow check proved
--> mj-convex_assets.adb:72:36

 info: overflow check proved
--> mj-convex_assets.adb:72:38

 info: overflow check proved
--> mj-convex_assets.adb:72:63

 info: range check proved
--> mj-convex_assets.adb:72:63

 info: precondition proved
--> mj-convex_assets.adb:74:15

 info: overflow check proved
--> mj-convex_assets.adb:74:38

 info: range check proved
--> mj-convex_assets.adb:74:38

 info: overflow check proved
--> mj-convex_assets.adb:74:55

 info: overflow check proved
--> mj-convex_assets.adb:74:57

 info: index check proved
--> mj-convex_assets.adb:74:57

 info: index check proved
--> mj-convex_assets.adb:76:18

 info: range check proved
--> mj-convex_assets.adb:76:24

 info: loop invariant preservation proved
--> mj-convex_assets.adb:77:33

 info: loop invariant initialization proved
--> mj-convex_assets.adb:77:33

 info: index check proved
--> mj-convex_assets.adb:78:20

 info: index check proved
--> mj-convex_assets.adb:79:29

 info: precondition proved
--> mj-convex_assets.adb:79:34

 info: overflow check proved
--> mj-convex_assets.adb:79:57

 info: range check proved
--> mj-convex_assets.adb:79:57

 info: overflow check proved
--> mj-convex_assets.adb:79:74

 info: overflow check proved
--> mj-convex_assets.adb:79:76

 info: index check proved
--> mj-convex_assets.adb:79:76

 info: loop invariant preservation proved
--> mj-convex_assets.adb:82:33

 info: loop invariant initialization proved
--> mj-convex_assets.adb:82:33

 info: overflow check proved
--> mj-convex_assets.adb:83:34

 info: overflow check proved
--> mj-convex_assets.adb:83:36

 info: overflow check proved
--> mj-convex_assets.adb:83:55

 info: overflow check proved
--> mj-convex_assets.adb:83:57

 info: overflow check proved
--> mj-convex_assets.adb:83:59

 info: index check proved
--> mj-convex_assets.adb:84:21

 medium: precondition might fail, cannot prove Low < Graph_Index_Base
--> mj-convex_assets.adb:84:26
   84 |                then G (J) = Encode_Parts (Counts (J-(S.First_Graph+2+N)), G'Loop_Entry (J))
      |                             ^~~~~~~~~~~~~~~~~~~~~~~~~~~~~~~~~~~~~~~~~~~~~~~~~~~~~~~~~~~~~
      + provers reached time limit before completing the proof

 info: overflow check proved
--> mj-convex_assets.adb:84:49

 info: index check proved
--> mj-convex_assets.adb:84:49

 info: overflow check proved
--> mj-convex_assets.adb:84:64

 info: overflow check proved
--> mj-convex_assets.adb:84:66

 medium: range check might fail, cannot prove lower bound for G'Loop_Entry (J)
--> mj-convex_assets.adb:84:73
   84 |                then G (J) = Encode_Parts (Counts (J-(S.First_Graph+2+N)), G'Loop_Entry (J))
      |                                                                           ~^~~~~~~~~~~~~~
      + reason for check: input value must fit in parameter type
      + provers reached time limit before completing the proof

 info: index check proved
--> mj-convex_assets.adb:84:86

 info: index check proved
--> mj-convex_assets.adb:85:21

 info: index check proved
--> mj-convex_assets.adb:85:40

 info: overflow check proved
--> mj-convex_assets.adb:86:31

 info: overflow check proved
--> mj-convex_assets.adb:86:33

 info: overflow check proved
--> mj-convex_assets.adb:86:35

 info: index check proved
--> mj-convex_assets.adb:87:13

 medium: precondition might fail, cannot prove Low < Graph_Index_Base
--> mj-convex_assets.adb:87:22
   87 |             G (Slot) := Encode_Parts (Counts (K), G (Slot));
      |                         ^~~~~~~~~~~~~~~~~~~~~~~~~~~~~~~~~
      + provers reached time limit before completing the proof

 info: index check proved
--> mj-convex_assets.adb:87:44

 medium: range check might fail, cannot prove lower bound for G (Slot)
--> mj-convex_assets.adb:87:48
   87 |             G (Slot) := Encode_Parts (Counts (K), G (Slot));
      |                                                   ^~~~~~~
      + reason for check: input value must fit in parameter type
      + possible fix: loop invariant at line 82 should mention Slot
   82 |             pragma Loop_Invariant (for all J in G'Range =>
      |             ^
      + provers reached time limit before completing the proof

 info: index check proved
--> mj-convex_assets.adb:87:51

 info: data dependencies proved
--> mj-convex_assets.ads:54:11

 info: postcondition proved
--> mj-convex_assets.ads:55:16

 info: overflow check proved
--> mj-convex_assets.ads:59:36

 info: overflow check proved
--> mj-convex_assets.ads:59:38

 info: index check proved
--> mj-convex_assets.ads:59:47

 info: overflow check proved
--> mj-convex_assets.ads:59:77

 info: overflow check proved
--> mj-convex_assets.ads:59:79

 info: overflow check proved
--> mj-convex_assets.ads:59:81

 info: index check proved
--> mj-convex_assets.ads:59:90

 info: index check proved
--> mj-convex_assets.ads:60:23

 medium: precondition might fail, cannot prove Low < Graph_Index_Base
--> mj-convex_assets.ads:60:28
   60 |                  then G (J) = Encode_Parts (
      |                               ^~~~~~~~~~~~~~
   61 |                    Find_End (G'Old, S.First_Graph+2+2*G'Old (S.First_Graph)+G'Old (S.First_Graph+2+(J-(S.First_Graph+2+G'Old (S.First_Graph)))), S.First_Graph+(S.Graph_Length-1)), G'Old (J))
      |                    ~~~~~~~~~~~~~~~~~~~~~~~~~~~~~~~~~~~~~~~~~~~~~~~~~~~~~~~~~~~~~~~~~~~~~~~~~~~~~~~~~~~~~~~~~~~~~~~~~~~~~~~~~~~~~~~~~~~~~~~~~~~~~~~~~~~~~~~~~~~~~~~~~~~~~~~~~~~~~~~~~~~~~~~~~
      + provers reached time limit before completing the proof

 info: precondition proved
--> mj-convex_assets.ads:61:17

 info: range check proved
--> mj-convex_assets.ads:61:17

 info: overflow check proved
--> mj-convex_assets.ads:61:47

 info: overflow check proved
--> mj-convex_assets.ads:61:49

 info: overflow check proved
--> mj-convex_assets.ads:61:51

 info: index check proved
--> mj-convex_assets.ads:61:60

 info: overflow check proved
--> mj-convex_assets.ads:61:73

 info: range check proved
--> mj-convex_assets.ads:61:73

 info: overflow check proved
--> mj-convex_assets.ads:61:94

 info: overflow check proved
--> mj-convex_assets.ads:61:96

 info: index check proved
--> mj-convex_assets.ads:61:96

 info: overflow check proved
--> mj-convex_assets.ads:61:99

 info: overflow check proved
--> mj-convex_assets.ads:61:114

 info: overflow check proved
--> mj-convex_assets.ads:61:116

 info: index check proved
--> mj-convex_assets.ads:61:125

 info: overflow check proved
--> mj-convex_assets.ads:61:156

 info: range check proved
--> mj-convex_assets.ads:61:156

 medium: range check might fail, cannot prove lower bound for G'Old (J)
--> mj-convex_assets.ads:61:179
   61 |                    Find_End (G'Old, S.First_Graph+2+2*G'Old (S.First_Graph)+G'Old (S.First_Graph+2+(J-(S.First_Graph+2+G'Old (S.First_Graph)))), S.First_Graph+(S.Graph_Length-1)), G'Old (J))
      |                                                                                                                                                                                     ~^~~~~~~
      + reason for check: input value must fit in parameter type
      + provers reached time limit before completing the proof

 info: index check proved
--> mj-convex_assets.ads:61:185

 info: index check proved
--> mj-convex_assets.ads:62:23

 info: index check proved
--> mj-convex_assets.ads:62:35
Summary logged in /var/tmp/sparkling-meshmesh-proof9-20261001/Compile_Degrees/validation/obj/gnatprove/gnatprove.out
gnatprove: unproved check messages considered as errors
guarded: elapsed 60.9 s, peak group RSS 311 MB
