Phase 1 of 3: generation of data representation information ...
Phase 2 of 3: generation of Global contracts ...
Phase 3 of 3: flow analysis and proof ...
 info: initialization of "N" proved
--> mj-convex_assets.adb:32:07

 info: initialization of "First_Edge" proved
--> mj-convex_assets.adb:32:10

 info: initialization of "Last" proved
--> mj-convex_assets.adb:32:22

 info: range check proved
--> mj-convex_assets.adb:35:12

 info: index check proved
--> mj-convex_assets.adb:35:16

 info: overflow check proved
--> mj-convex_assets.adb:37:34

 info: overflow check proved
--> mj-convex_assets.adb:37:36

 info: overflow check proved
--> mj-convex_assets.adb:37:38

 info: overflow check proved
--> mj-convex_assets.adb:37:63

 info: range check proved
--> mj-convex_assets.adb:37:63

 info: loop invariant preservation proved
--> mj-convex_assets.adb:39:33

 info: loop invariant initialization proved
--> mj-convex_assets.adb:39:33

 info: index check proved
--> mj-convex_assets.adb:39:37

 info: loop invariant preservation proved
--> mj-convex_assets.adb:40:33

 info: overflow check proved
--> mj-convex_assets.adb:41:28

 info: overflow check proved
--> mj-convex_assets.adb:41:30

 info: overflow check proved
--> mj-convex_assets.adb:41:32

 info: index check proved
--> mj-convex_assets.adb:41:32

 info: overflow check proved
--> mj-convex_assets.adb:41:65

 info: overflow check proved
--> mj-convex_assets.adb:41:67

 info: overflow check proved
--> mj-convex_assets.adb:41:69

 info: index check proved
--> mj-convex_assets.adb:41:69

 medium: loop invariant might fail in first iteration, cannot prove G (S.First_Graph+2+N+V) in 0 .. S.Length-1
--> mj-convex_assets.adb:42:21
   42 |               and then G (S.First_Graph+2+N+V) in 0 .. S.Length-1);
      |                        ^~~~~~~~~~~~~~~~~~~~~~~~~~~~~~~~~~~~~~~~~~
      + provers gave up before completing the proof

 info: overflow check proved
--> mj-convex_assets.adb:42:37

 info: overflow check proved
--> mj-convex_assets.adb:42:39

 info: overflow check proved
--> mj-convex_assets.adb:42:41

 info: index check proved
--> mj-convex_assets.adb:42:41

 info: loop invariant initialization proved
--> mj-convex_assets.adb:43:33

 info: loop invariant preservation proved
--> mj-convex_assets.adb:43:33

 info: overflow check proved
--> mj-convex_assets.adb:44:36

 info: index check proved
--> mj-convex_assets.adb:44:62

 info: index check proved
--> mj-convex_assets.adb:45:21

 info: precondition proved
--> mj-convex_assets.adb:45:26

 info: range check proved
--> mj-convex_assets.adb:45:45

 info: index check proved
--> mj-convex_assets.adb:45:58

 info: range check proved
--> mj-convex_assets.adb:45:63

 info: overflow check proved
--> mj-convex_assets.adb:45:89

 info: overflow check proved
--> mj-convex_assets.adb:45:91

 info: overflow check proved
--> mj-convex_assets.adb:45:93

 info: index check proved
--> mj-convex_assets.adb:45:93

 info: index check proved
--> mj-convex_assets.adb:45:108

 info: index check proved
--> mj-convex_assets.adb:46:21

 info: index check proved
--> mj-convex_assets.adb:46:40

 info: index check proved
--> mj-convex_assets.adb:47:16

 info: index check proved
--> mj-convex_assets.adb:48:16

 info: precondition proved
--> mj-convex_assets.adb:48:22

 info: range check proved
--> mj-convex_assets.adb:48:40

 info: index check proved
--> mj-convex_assets.adb:48:43

 info: range check proved
--> mj-convex_assets.adb:48:47

 info: overflow check proved
--> mj-convex_assets.adb:48:63

 info: overflow check proved
--> mj-convex_assets.adb:48:65

 info: overflow check proved
--> mj-convex_assets.adb:48:67

 info: index check proved
--> mj-convex_assets.adb:48:67

 info: index check proved
--> mj-convex_assets.adb:48:71

 info: data dependencies proved
--> mj-convex_assets.ads:66:11

 info: postcondition proved
--> mj-convex_assets.ads:68:16

 info: index check proved
--> mj-convex_assets.ads:72:25

 info: overflow check proved
--> mj-convex_assets.ads:74:36

 info: overflow check proved
--> mj-convex_assets.ads:74:38

 info: overflow check proved
--> mj-convex_assets.ads:74:40

 info: index check proved
--> mj-convex_assets.ads:74:49

 info: overflow check proved
--> mj-convex_assets.ads:74:79

 info: index check proved
--> mj-convex_assets.ads:75:33

 info: index check proved
--> mj-convex_assets.ads:75:52

 info: overflow check proved
--> mj-convex_assets.ads:75:65

 info: index check proved
--> mj-convex_assets.ads:76:23

 info: precondition proved
--> mj-convex_assets.ads:76:28

 info: range check proved
--> mj-convex_assets.ads:76:47

 info: index check proved
--> mj-convex_assets.ads:76:53

 info: range check proved
--> mj-convex_assets.ads:76:58

 info: overflow check proved
--> mj-convex_assets.ads:76:77

 info: overflow check proved
--> mj-convex_assets.ads:76:79

 info: index check proved
--> mj-convex_assets.ads:76:88

 info: overflow check proved
--> mj-convex_assets.ads:76:101

 info: index check proved
--> mj-convex_assets.ads:76:101

 info: index check proved
--> mj-convex_assets.ads:76:109

 info: index check proved
--> mj-convex_assets.ads:77:23

 info: index check proved
--> mj-convex_assets.ads:77:35
Summary logged in /var/tmp/sparkling-meshmesh-proof9-20261001/Compile_Graph/validation/obj/gnatprove/gnatprove.out
gnatprove: unproved check messages considered as errors
guarded: elapsed 20.4 s, peak group RSS 279 MB
