Phase 1 of 3: generation of data representation information ...
Phase 2 of 3: generation of Global contracts ...
Phase 3 of 3: flow analysis and proof ...
 info: overflow check proved
--> mj-convex_assets.adb:62:11

 info: overflow check proved
--> mj-convex_assets.adb:62:28

 info: implicit aspect Always_Terminates on "Encode_Parts" has been proved, subprogram will terminate
--> mj-convex_assets.ads:49:13

 info: data dependencies proved
--> mj-convex_assets.ads:50:11

 info: postcondition proved
--> mj-convex_assets.ads:52:16

 info: overflow check proved
--> mj-convex_assets.ads:52:42

 info: overflow check proved
--> mj-convex_assets.ads:52:59
Success: all checks proved (7 checks).
Summary logged in /var/tmp/sparkling-meshmesh-proof9-20261001/Encode_Parts/validation/obj/gnatprove/gnatprove.out
guarded: elapsed 3.6 s, peak group RSS 123 MB
