Phase 1 of 3: generation of data representation information ...
Phase 2 of 3: generation of Global contracts ...
Phase 3 of 3: flow analysis and proof ...
 info: data dependencies proved
--> mj-contact_incidence.adb:52:18

 info: overflow check proved
--> mj-contact_incidence.adb:54:36

 info: overflow check proved
--> mj-contact_incidence.adb:54:76

 info: index check proved
--> mj-contact_incidence.adb:56:33

 info: index check proved
--> mj-contact_incidence.adb:56:51

 info: index check proved
--> mj-contact_incidence.adb:56:76

 info: index check proved
--> mj-contact_incidence.adb:56:93

 info: index check proved
--> mj-contact_incidence.adb:57:66

 info: index check proved
--> mj-contact_incidence.adb:57:82

 info: index check proved
--> mj-contact_incidence.adb:58:62

 info: index check proved
--> mj-contact_incidence.adb:58:79

 info: precondition proved
--> mj-contact_incidence.adb:59:16

 medium: postcondition might fail, cannot prove L.Data (L.Start (Vertex)+K).Face in F'Range
--> mj-contact_incidence.adb:59:16
   59 |           Post => Vertex_Matches (Before, F, V) = Vertex_Matches (After, F, V)
      |                   ^~~~~~~~~~~~~~~~~~~~~~~~~~~~~~~~~~~~~~~~~~~~~~~~~~~~~~~~~~~
      + in inlined expression function body at mj-contact_incidence.adb:19
      + provers reached time limit before completing the proof

 info: precondition proved
--> mj-contact_incidence.adb:59:48

 info: index check proved
--> mj-contact_incidence.adb:62:34

 info: assertion proved
--> mj-contact_incidence.adb:63:25

 info: index check proved
--> mj-contact_incidence.adb:63:52

 info: overflow check proved
--> mj-contact_incidence.adb:63:54

 info: index check proved
--> mj-contact_incidence.adb:63:54

 info: index check proved
--> mj-contact_incidence.adb:63:85

 info: overflow check proved
--> mj-contact_incidence.adb:63:87

 info: index check proved
--> mj-contact_incidence.adb:63:87

 info: loop invariant initialization proved
--> mj-contact_incidence.adb:64:33

 info: loop invariant preservation proved
--> mj-contact_incidence.adb:64:33

 info: index check proved
--> mj-contact_incidence.adb:65:39

 info: overflow check proved
--> mj-contact_incidence.adb:65:41

 info: index check proved
--> mj-contact_incidence.adb:65:41

 info: index check proved
--> mj-contact_incidence.adb:65:72

 info: overflow check proved
--> mj-contact_incidence.adb:65:74

 info: index check proved
--> mj-contact_incidence.adb:65:74
Summary logged in /var/tmp/sparkling-meshmesh-proof9-20261001/Preserve_Vertex/validation/obj/gnatprove/gnatprove.out
gnatprove: unproved check messages considered as errors
guarded: elapsed 9.7 s, peak group RSS 208 MB
