Phase 1 of 3: generation of data representation information ...
Phase 2 of 3: generation of Global contracts ...
Phase 3 of 3: flow analysis and proof ...
Success: all checks proved (12 checks).
Summary logged in /var/tmp/sparkling-actuation-20260930/proofs/expected-weights-9/mj-adhesion-obj/gnatprove/gnatprove.out
guarded: elapsed 15.9 s, peak group RSS 202 MB
 info: implicit aspect Always_Terminates on "Expected_Weights" has been proved, subprogram will terminate
--> mj-adhesion.ads:58:13

 info: range check proved
--> mj-adhesion.ads:60:07

 info: range check proved
--> mj-adhesion.ads:60:19

 info: precondition proved
--> mj-adhesion.ads:60:41

 info: range check proved
--> mj-adhesion.ads:60:77

 info: data dependencies proved
--> mj-adhesion.ads:61:29

 info: postcondition proved
--> mj-adhesion.ads:63:15

 info: range check proved
--> mj-adhesion.ads:63:79

 info: index check proved
--> mj-adhesion.ads:65:35

 info: precondition proved
--> mj-adhesion.ads:65:40

 info: range check proved
--> mj-adhesion.ads:65:72

 info: range check proved
--> mj-adhesion.ads:65:76
