Phase 1 of 3: generation of data representation information ...
Phase 2 of 3: generation of Global contracts ...
Phase 3 of 3: flow analysis and proof ...
Success: all checks proved (13 checks).
Summary logged in /var/tmp/sparkling-services-copy-prefix-whole2-r16-20261003/whole/validation/obj/gnatprove/gnatprove.out
guarded: elapsed 3.0 s, peak group RSS 156 MB
 info: range check proved
--> mj-controller_array_kernels.adb:4:07

 info: index check proved
--> mj-controller_array_kernels.adb:4:15

 info: index check proved
--> mj-controller_array_kernels.adb:4:35

 info: length check proved
--> mj-controller_array_kernels.adb:4:39

 info: range check proved
--> mj-controller_array_kernels.adb:4:42

 info: length check proved
--> mj-controller_array_kernels.adb:4:42

 info: data dependencies proved
--> mj-controller_array_kernels.ads:5:11

 info: range check proved
--> mj-controller_array_kernels.ads:7:49

 info: range check proved
--> mj-controller_array_kernels.ads:8:49

 info: postcondition proved
--> mj-controller_array_kernels.ads:9:16

 info: index check proved
--> mj-controller_array_kernels.ads:10:18

 info: index check proved
--> mj-controller_array_kernels.ads:10:50

 info: index check proved
--> mj-controller_array_kernels.ads:10:70
