Phase 1 of 3: generation of data representation information ...
Phase 2 of 3: generation of Global contracts ...
Phase 3 of 3: flow analysis and proof ...
mj-data-fluid_phase.adb:115:49: info: initialization of "Fluid" proved
mj-data-fluid_phase.adb:116:58: info: initialization of "Result" proved
mj-data-fluid_phase.adb:116:84: info: data dependencies proved
mj-data-fluid_phase.adb:120:23: info: range check proved
mj-data-fluid_phase.adb:121:41: info: precondition proved
mj-data-fluid_phase.adb:122:19: info: precondition proved
mj-data-fluid_phase.adb:123:14: medium: postcondition might fail [provers reached time limit before completing the proof]
mj-data-fluid_phase.adb:123:88: info: range check proved
mj-data-fluid_phase.adb:125:30: info: precondition proved
mj-data-fluid_phase.adb:128:38: info: range check proved
mj-data-fluid_phase.adb:130:07: info: range check proved
mj-data-fluid_phase.adb:130:41: info: length check proved
mj-data-fluid_phase.adb:133:07: info: initialization of "Ok" proved
mj-data-fluid_phase.adb:138:21: info: precondition proved
mj-data-fluid_phase.adb:138:30: info: precondition proved
mj-data-fluid_phase.adb:139:22: info: range check proved
mj-data-fluid_phase.adb:139:37: info: range check proved
mj-data-fluid_phase.adb:139:49: info: precondition proved
mj-data-fluid_phase.adb:144:33: info: cannot unroll loop (too many loop iterations) [info-unrolling-inlining]
mj-data-fluid_phase.adb:145:20: info: pointer dereference check proved
mj-data-fluid_phase.adb:145:33: info: index check proved
mj-data-fluid_phase.adb:145:54: info: range check proved
mj-data-fluid_phase.adb:146:20: info: pointer dereference check proved
mj-data-fluid_phase.adb:146:34: info: overflow check proved
mj-data-fluid_phase.adb:146:34: info: index check proved
mj-data-fluid_phase.adb:147:32: info: pointer dereference check proved
mj-data-fluid_phase.adb:147:32: info: index check proved
mj-data-fluid_phase.adb:147:45: info: index check proved
mj-data-fluid_phase.adb:150:27: info: range check proved
mj-data-fluid_phase.adb:150:37: info: cannot unroll loop (too many loop iterations) [info-unrolling-inlining]
mj-data-fluid_phase.adb:151:20: info: index check proved
mj-data-fluid_phase.adb:152:31: info: index check proved
mj-data-fluid_phase.adb:152:99: info: overflow check proved
mj-data-fluid_phase.adb:154:42: info: cannot unroll loop (too many loop iterations) [info-unrolling-inlining]
mj-data-fluid_phase.adb:155:29: info: pointer dereference check proved
mj-data-fluid_phase.adb:155:42: info: index check proved
mj-data-fluid_phase.adb:155:65: info: pointer dereference check proved
mj-data-fluid_phase.adb:155:79: info: overflow check proved
mj-data-fluid_phase.adb:155:79: info: index check proved
mj-data-fluid_phase.adb:156:82: info: overflow check proved
mj-data-fluid_phase.adb:162:16: info: absence of resource or memory leak proved
mj-data-fluid_phase.adb:162:19: info: range check proved
mj-data-fluid_phase.adb:163:27: info: range check proved
mj-data-fluid_phase.adb:164:33: info: loop invariant initialization proved
mj-data-fluid_phase.adb:164:33: info: loop invariant preservation proved
mj-data-fluid_phase.adb:164:59: info: pointer dereference check proved
mj-data-fluid_phase.adb:164:87: info: pointer dereference check proved
mj-data-fluid_phase.adb:164:95: info: range check proved
mj-data-fluid_phase.adb:165:33: info: loop invariant initialization proved
mj-data-fluid_phase.adb:165:33: info: loop invariant preservation proved
mj-data-fluid_phase.adb:166:33: info: loop invariant initialization proved
mj-data-fluid_phase.adb:166:33: info: loop invariant preservation proved
mj-data-fluid_phase.adb:166:81: info: pointer dereference check proved
mj-data-fluid_phase.adb:166:91: info: index check proved
mj-data-fluid_phase.adb:167:20: info: index check proved
mj-data-fluid_phase.adb:168:31: info: index check proved
mj-data-fluid_phase.adb:170:19: info: initialization of "E" proved
mj-data-fluid_phase.adb:172:19: info: precondition proved
mj-data-fluid_phase.adb:172:37: info: index check proved
mj-data-fluid_phase.adb:174:19: info: precondition proved
mj-data-fluid_phase.adb:174:44: info: pointer dereference check proved
mj-data-fluid_phase.adb:178:33: info: loop invariant initialization proved
mj-data-fluid_phase.adb:178:33: info: loop invariant preservation proved
mj-data-fluid_phase.adb:178:59: info: pointer dereference check proved
mj-data-fluid_phase.adb:178:87: info: pointer dereference check proved
mj-data-fluid_phase.adb:178:95: info: range check proved
mj-data-fluid_phase.adb:179:33: info: loop invariant preservation proved
mj-data-fluid_phase.adb:179:33: info: loop invariant initialization proved
mj-data-fluid_phase.adb:180:33: info: loop invariant preservation proved
mj-data-fluid_phase.adb:180:33: info: loop invariant initialization proved
mj-data-fluid_phase.adb:180:81: info: pointer dereference check proved
mj-data-fluid_phase.adb:180:91: info: index check proved
mj-data-fluid_phase.adb:181:29: info: pointer dereference check proved
mj-data-fluid_phase.adb:181:42: info: index check proved
mj-data-fluid_phase.adb:181:65: info: pointer dereference check proved
mj-data-fluid_phase.adb:181:79: info: overflow check proved
mj-data-fluid_phase.adb:181:79: info: index check proved
mj-data-fluid_phase.adb:183:25: info: initialization of "E" proved
mj-data-fluid_phase.adb:185:25: info: precondition proved
mj-data-fluid_phase.adb:185:62: info: index check proved
mj-data-fluid_phase.adb:187:25: info: precondition proved
mj-data-fluid_phase.adb:187:50: info: pointer dereference check proved
Summary logged in /tmp/sparkling-smooth-fragments-bvf2v3g4/mj-data-euler-obj/gnatprove/gnatprove.out
gnatprove: unproved check messages considered as errors
guarded: elapsed 97.4 s, peak group RSS 677 MB
