Phase 1 of 3: generation of data representation information ...
Phase 2 of 3: generation of Global contracts ...
Phase 3 of 3: flow analysis and proof ...
mj-elastic_kernels.adb:5:49: info: float overflow check proved
mj-elastic_kernels.adb:5:49: info: range check proved
mj-elastic_kernels.adb:6:49: info: float overflow check proved
mj-elastic_kernels.adb:6:49: info: range check proved
mj-elastic_kernels.adb:7:49: info: float overflow check proved
mj-elastic_kernels.adb:7:49: info: range check proved
mj-elastic_kernels.adb:8:33: info: float overflow check proved
mj-elastic_kernels.adb:8:33: info: range check proved
mj-elastic_kernels.adb:9:33: info: float overflow check proved
mj-elastic_kernels.adb:9:33: info: range check proved
mj-elastic_kernels.adb:10:33: info: float overflow check proved
mj-elastic_kernels.adb:10:33: info: range check proved
mj-elastic_kernels.adb:11:52: info: float overflow check proved
mj-elastic_kernels.adb:11:52: info: range check proved
mj-elastic_kernels.adb:13:17: info: float overflow check proved
mj-elastic_kernels.adb:16:45: info: precondition proved
mj-elastic_kernels.adb:17:76: info: division check proved
mj-elastic_kernels.adb:17:76: info: float overflow check proved
mj-elastic_kernels.adb:17:76: info: range check proved
mj-elastic_kernels.adb:20:62: info: float overflow check proved
mj-elastic_kernels.adb:20:62: info: range check proved
mj-elastic_kernels.adb:22:24: info: float overflow check proved
mj-elastic_kernels.adb:22:24: info: range check proved
mj-elastic_kernels.adb:25:09: info: float overflow check proved
mj-elastic_kernels.adb:25:09: info: range check proved
mj-elastic_kernels.adb:30:45: info: precondition proved
mj-elastic_kernels.adb:39:37: info: float overflow check proved
mj-elastic_kernels.adb:39:37: info: range check proved
mj-elastic_kernels.adb:40:37: info: float overflow check proved
mj-elastic_kernels.adb:40:37: info: range check proved
mj-elastic_kernels.adb:41:37: info: float overflow check proved
mj-elastic_kernels.adb:41:37: info: range check proved
mj-elastic_kernels.adb:42:55: info: float overflow check proved
mj-elastic_kernels.adb:42:55: info: range check proved
mj-elastic_kernels.adb:45:17: info: float overflow check proved
mj-elastic_kernels.adb:49:07: info: initialization of "D" proved
mj-elastic_kernels.adb:54:12: info: precondition proved
mj-elastic_kernels.adb:55:28: info: precondition proved
mj-elastic_kernels.adb:55:52: info: float overflow check proved
mj-elastic_kernels.adb:55:54: info: precondition proved
mj-elastic_kernels.adb:59:62: info: float overflow check proved
mj-elastic_kernels.adb:59:62: info: range check proved
mj-elastic_kernels.adb:59:70: info: float overflow check proved
mj-elastic_kernels.adb:60:63: info: float overflow check proved
mj-elastic_kernels.adb:60:63: info: range check proved
mj-elastic_kernels.adb:62:42: info: range check proved
mj-elastic_kernels.adb:62:78: info: range check proved
mj-elastic_kernels.adb:62:114: info: range check proved
mj-elastic_kernels.adb:63:42: info: range check proved
mj-elastic_kernels.adb:63:78: info: range check proved
mj-elastic_kernels.adb:63:114: info: range check proved
mj-elastic_kernels.adb:65:89: info: float overflow check proved
mj-elastic_kernels.adb:65:89: info: range check proved
mj-elastic_kernels.adb:68:07: info: initialization of "Result" proved
mj-elastic_kernels.adb:70:21: info: unrolling loop [info-unrolling-inlining]
mj-elastic_kernels.adb:71:50: info: range check proved
mj-elastic_kernels.adb:72:30: info: range check proved
mj-elastic_kernels.adb:72:72: info: range check proved
mj-elastic_kernels.adb:73:50: info: range check proved
mj-elastic_kernels.adb:74:30: info: range check proved
mj-elastic_kernels.adb:74:72: info: range check proved
mj-elastic_kernels.adb:79:16: info: float overflow check proved
mj-elastic_kernels.adb:79:21: info: float overflow check proved
mj-elastic_kernels.adb:83:28: info: precondition proved
mj-elastic_kernels.adb:84:07: info: initialization of "X" proved
mj-elastic_kernels.adb:88:40: info: range check proved
mj-elastic_kernels.adb:90:19: info: range check proved
mj-elastic_kernels.adb:91:19: info: range check proved
mj-elastic_kernels.ads:18:13: info: implicit aspect Always_Terminates on "Bounded" has been proved, subprogram will terminate
mj-elastic_kernels.ads:21:11: info: data dependencies proved
mj-elastic_kernels.ads:28:13: info: implicit aspect Always_Terminates on "Squared_Length" has been proved, subprogram will terminate
mj-elastic_kernels.ads:29:11: info: data dependencies proved
mj-elastic_kernels.ads:30:14: info: postcondition proved
mj-elastic_kernels.ads:32:25: info: float overflow check proved
mj-elastic_kernels.ads:32:43: info: float overflow check proved
mj-elastic_kernels.ads:33:09: info: float overflow check proved
mj-elastic_kernels.ads:33:27: info: float overflow check proved
mj-elastic_kernels.ads:33:45: info: float overflow check proved
mj-elastic_kernels.ads:34:09: info: float overflow check proved
mj-elastic_kernels.ads:34:27: info: float overflow check proved
mj-elastic_kernels.ads:34:45: info: float overflow check proved
mj-elastic_kernels.ads:35:13: info: implicit aspect Always_Terminates on "Edge_Length" has been proved, subprogram will terminate
mj-elastic_kernels.ads:36:11: info: data dependencies proved
mj-elastic_kernels.ads:37:14: info: postcondition proved
mj-elastic_kernels.ads:38:67: info: precondition proved
mj-elastic_kernels.ads:42:13: info: implicit aspect Always_Terminates on "Inverse_Length" has been proved, subprogram will terminate
mj-elastic_kernels.ads:43:11: info: data dependencies proved
mj-elastic_kernels.ads:44:14: info: postcondition proved
mj-elastic_kernels.ads:44:42: info: division check proved
mj-elastic_kernels.ads:44:42: info: float overflow check proved
mj-elastic_kernels.ads:45:13: info: implicit aspect Always_Terminates on "Direction_Component" has been proved, subprogram will terminate
mj-elastic_kernels.ads:46:34: info: data dependencies proved
mj-elastic_kernels.ads:47:14: info: postcondition proved
mj-elastic_kernels.ads:47:46: info: float overflow check proved
mj-elastic_kernels.ads:47:51: info: float overflow check proved
mj-elastic_kernels.ads:50:13: info: implicit aspect Always_Terminates on "Project_Force" has been proved, subprogram will terminate
mj-elastic_kernels.ads:51:11: info: data dependencies proved
mj-elastic_kernels.ads:51:35: info: postcondition proved
mj-elastic_kernels.ads:51:60: info: float overflow check proved
mj-elastic_kernels.ads:52:13: info: implicit aspect Always_Terminates on "Direction" has been proved, subprogram will terminate
mj-elastic_kernels.ads:53:11: info: data dependencies proved
mj-elastic_kernels.ads:54:14: info: precondition proved
mj-elastic_kernels.ads:54:14: info: postcondition proved
mj-elastic_kernels.ads:57:64: info: precondition proved
mj-elastic_kernels.ads:58:13: info: implicit aspect Always_Terminates on "Project_Velocity" has been proved, subprogram will terminate
mj-elastic_kernels.ads:59:11: info: data dependencies proved
mj-elastic_kernels.ads:59:34: info: precondition proved
mj-elastic_kernels.ads:60:14: info: postcondition proved
mj-elastic_kernels.ads:62:17: info: float overflow check proved
mj-elastic_kernels.ads:62:34: info: float overflow check proved
mj-elastic_kernels.ads:62:42: info: float overflow check proved
mj-elastic_kernels.ads:62:60: info: float overflow check proved
mj-elastic_kernels.ads:62:68: info: float overflow check proved
mj-elastic_kernels.ads:63:13: info: implicit aspect Always_Terminates on "Measure" has been proved, subprogram will terminate
mj-elastic_kernels.ads:64:11: info: data dependencies proved
mj-elastic_kernels.ads:65:14: info: precondition proved
mj-elastic_kernels.ads:65:14: info: postcondition proved
mj-elastic_kernels.ads:71:46: info: precondition proved
mj-elastic_kernels.ads:73:13: info: precondition proved
mj-elastic_kernels.ads:74:12: info: float overflow check proved
mj-elastic_kernels.ads:74:14: info: precondition proved
mj-elastic_kernels.ads:80:13: info: implicit aspect Always_Terminates on "Force" has been proved, subprogram will terminate
mj-elastic_kernels.ads:82:11: info: data dependencies proved
mj-elastic_kernels.ads:83:13: info: precondition proved
mj-elastic_kernels.ads:85:14: info: precondition proved
mj-elastic_kernels.ads:85:14: info: postcondition proved
mj-elastic_kernels.ads:86:17: info: precondition proved
mj-elastic_kernels.ads:88:52: info: float overflow check proved
mj-elastic_kernels.ads:88:65: info: float overflow check proved
mj-elastic_kernels.ads:88:73: info: float overflow check proved
mj-elastic_kernels.ads:89:61: info: float overflow check proved
mj-elastic_kernels.ads:89:75: info: float overflow check proved
mj-elastic_kernels.ads:92:13: info: implicit aspect Always_Terminates on "Add_Force" has been proved, subprogram will terminate
mj-elastic_kernels.ads:93:11: info: data dependencies proved
mj-elastic_kernels.ads:93:35: info: postcondition proved
mj-elastic_kernels.ads:93:56: info: float overflow check proved
mj-elastic_kernels.ads:94:13: info: implicit aspect Always_Terminates on "Add_Vertex" has been proved, subprogram will terminate
mj-elastic_kernels.ads:95:29: info: data dependencies proved
mj-elastic_kernels.ads:96:13: info: precondition proved
mj-elastic_kernels.ads:96:56: info: precondition proved
mj-elastic_kernels.ads:97:17: info: precondition proved
mj-elastic_kernels.ads:97:64: info: precondition proved
mj-elastic_kernels.ads:98:14: info: precondition proved
mj-elastic_kernels.ads:98:14: info: postcondition proved
mj-elastic_kernels.ads:99:17: info: precondition proved
mj-elastic_kernels.ads:102:12: info: float overflow check proved
mj-elastic_kernels.ads:104:12: info: float overflow check proved
mj-elastic_kernels.ads:114:13: info: implicit aspect Always_Terminates on "Apply_Delta" has been proved, subprogram will terminate
mj-elastic_kernels.ads:115:16: info: float overflow check proved
mj-elastic_kernels.ads:115:16: info: range check proved
mj-elastic_kernels.ads:116:11: info: data dependencies proved
mj-elastic_kernels.ads:116:35: info: postcondition proved
mj-elastic_kernels.ads:116:65: info: float overflow check proved
mj-elastic_kernels.ads:117:13: info: implicit aspect Always_Terminates on "Advance_Velocity" has been proved, subprogram will terminate
mj-elastic_kernels.ads:120:52: info: float overflow check proved
mj-elastic_kernels.ads:120:52: info: range check proved
mj-elastic_kernels.ads:121:48: info: float overflow check proved
mj-elastic_kernels.ads:121:48: info: range check proved
mj-elastic_kernels.ads:122:55: info: float overflow check proved
mj-elastic_kernels.ads:122:55: info: range check proved
mj-elastic_kernels.ads:123:50: info: float overflow check proved
mj-elastic_kernels.ads:123:50: info: range check proved
mj-elastic_kernels.ads:124:61: info: float overflow check proved
mj-elastic_kernels.ads:124:61: info: range check proved
mj-elastic_kernels.ads:124:61: info: division check proved
mj-elastic_kernels.ads:125:46: info: float overflow check proved
mj-elastic_kernels.ads:125:46: info: range check proved
mj-elastic_kernels.ads:127:11: info: data dependencies proved
mj-elastic_kernels.ads:130:14: info: postcondition proved
mj-elastic_kernels.ads:131:13: info: implicit aspect Always_Terminates on "Advance_Position" has been proved, subprogram will terminate
mj-elastic_kernels.ads:132:11: info: data dependencies proved
mj-elastic_kernels.ads:132:35: info: postcondition proved
mj-elastic_kernels.ads:133:52: info: float overflow check proved
mj-elastic_kernels.ads:133:57: info: float overflow check proved
mj-elastic_kernels.ads:136:53: info: initialization of "Accepted" proved
mj-elastic_kernels.ads:137:11: info: data dependencies proved
mj-elastic_kernels.ads:138:14: info: postcondition proved
mj-elastic_kernels.ads:139:24: info: precondition proved
mj-elastic_kernels.ads:140:43: info: float overflow check proved
mj-elastic_kernels.ads:140:48: info: float overflow check proved
Success: all checks proved (179 checks).
Summary logged in /tmp/sparkling-smooth-fragments-dzjoet_q/mj-elastic_kernels-obj/gnatprove/gnatprove.out
guarded: elapsed 62.4 s, peak group RSS 224 MB
