Phase 1 of 3: generation of data representation information ...
Phase 2 of 3: generation of Global contracts ...
Phase 3 of 3: flow analysis and proof ...
 info: initialization of "II" proved
--> mj-lu.adb:183:07

 info: initialization of "JI" proved
--> mj-lu.adb:183:11

 info: initialization of "IC" proved
--> mj-lu.adb:183:15

 info: initialization of "JC" proved
--> mj-lu.adb:183:19

 info: initialization of "T" proved
--> mj-lu.adb:184:07

 info: initialization of "Multiplier" proved
--> mj-lu.adb:184:10

 info: length check proved
--> mj-lu.adb:186:17

 info: range check proved
--> mj-lu.adb:186:20

 info: range check proved
--> mj-lu.adb:186:39

 info: overflow check proved
--> mj-lu.adb:186:61

 info: index check proved
--> mj-lu.adb:186:61

 info: overflow check proved
--> mj-lu.adb:186:64

 info: index check proved
--> mj-lu.adb:186:76

 info: loop invariant initialization proved
--> mj-lu.adb:189:33

 info: loop invariant preservation proved
--> mj-lu.adb:189:33

 info: loop invariant preservation proved
--> mj-lu.adb:190:33

 info: loop invariant initialization proved
--> mj-lu.adb:190:33

 info: loop invariant initialization proved
--> mj-lu.adb:191:33

 info: loop invariant preservation proved
--> mj-lu.adb:191:33

 info: index check proved
--> mj-lu.adb:191:69

 info: overflow check proved
--> mj-lu.adb:191:92

 info: index check proved
--> mj-lu.adb:191:92

 info: overflow check proved
--> mj-lu.adb:191:95

 info: index check proved
--> mj-lu.adb:191:107

 info: index check proved
--> mj-lu.adb:192:27

 info: overflow check proved
--> mj-lu.adb:192:29

 info: index check proved
--> mj-lu.adb:192:41

 info: overflow check proved
--> mj-lu.adb:192:43

 info: index check proved
--> mj-lu.adb:193:24

 info: index check proved
--> mj-lu.adb:193:56

 info: index check proved
--> mj-lu.adb:194:21

 info: index check proved
--> mj-lu.adb:194:38

 info: overflow check proved
--> mj-lu.adb:194:40

 info: index check proved
--> mj-lu.adb:195:20

 info: index check proved
--> mj-lu.adb:196:16

 info: range check proved
--> mj-lu.adb:196:32

 info: index check proved
--> mj-lu.adb:196:35

 info: loop invariant preservation proved
--> mj-lu.adb:200:33

 info: loop invariant initialization proved
--> mj-lu.adb:200:33

 info: loop invariant preservation proved
--> mj-lu.adb:201:33

 info: loop invariant initialization proved
--> mj-lu.adb:201:33

 info: loop invariant preservation proved
--> mj-lu.adb:202:33

 info: loop invariant initialization proved
--> mj-lu.adb:202:33

 info: index check proved
--> mj-lu.adb:202:69

 info: overflow check proved
--> mj-lu.adb:202:92

 info: index check proved
--> mj-lu.adb:202:92

 info: overflow check proved
--> mj-lu.adb:202:95

 info: index check proved
--> mj-lu.adb:202:107

 info: index check proved
--> mj-lu.adb:203:27

 info: index check proved
--> mj-lu.adb:204:33

 info: overflow check proved
--> mj-lu.adb:204:35

 info: index check proved
--> mj-lu.adb:204:47

 info: overflow check proved
--> mj-lu.adb:204:49

 info: index check proved
--> mj-lu.adb:205:27

 info: index check proved
--> mj-lu.adb:206:30

 info: index check proved
--> mj-lu.adb:206:47

 info: overflow check proved
--> mj-lu.adb:206:49

 info: range check proved
--> mj-lu.adb:207:24

 info: index check proved
--> mj-lu.adb:207:27

 medium: precondition might fail
--> mj-lu.adb:207:32
  207 |                      T := A (JI); Divide (T, A (II), Result);
      |                                   ^~~~~~~~~~~~~~~~~~~~~~~~~
      + provers reached time limit before completing the proof

 info: range check proved
--> mj-lu.adb:207:43

 info: index check proved
--> mj-lu.adb:207:46

 info: index check proved
--> mj-lu.adb:209:22

 info: index check proved
--> mj-lu.adb:210:36

 info: index check proved
--> mj-lu.adb:210:57

 info: index check proved
--> mj-lu.adb:211:41

 info: overflow check proved
--> mj-lu.adb:211:43

 info: index check proved
--> mj-lu.adb:211:55

 info: loop invariant initialization proved
--> mj-lu.adb:212:45

 info: loop invariant preservation proved
--> mj-lu.adb:212:45

 info: loop invariant initialization proved
--> mj-lu.adb:213:45

 info: loop invariant preservation proved
--> mj-lu.adb:213:45

 info: index check proved
--> mj-lu.adb:213:62

 info: index check proved
--> mj-lu.adb:213:79

 info: overflow check proved
--> mj-lu.adb:213:81

 info: index check proved
--> mj-lu.adb:213:93

 info: loop invariant preservation proved
--> mj-lu.adb:214:45

 info: loop invariant initialization proved
--> mj-lu.adb:214:45

 info: index check proved
--> mj-lu.adb:214:62

 info: index check proved
--> mj-lu.adb:214:79

 info: overflow check proved
--> mj-lu.adb:214:81

 info: index check proved
--> mj-lu.adb:214:93

 info: index check proved
--> mj-lu.adb:216:42

 info: overflow check proved
--> mj-lu.adb:216:44

 info: index check proved
--> mj-lu.adb:216:56

 info: index check proved
--> mj-lu.adb:217:33

 info: index check proved
--> mj-lu.adb:217:47

 info: range check proved
--> mj-lu.adb:218:30

 info: index check proved
--> mj-lu.adb:218:33

 info: range check proved
--> mj-lu.adb:218:59

 info: index check proved
--> mj-lu.adb:218:62

 info: index check proved
--> mj-lu.adb:220:28

 info: overflow check proved
--> mj-lu.adb:220:46

 info: overflow check proved
--> mj-lu.adb:220:58

 info: index check proved
--> mj-lu.adb:221:36

 info: index check proved
--> mj-lu.adb:221:50

 info: overflow check proved
--> mj-lu.adb:221:67

 info: index check proved
--> mj-lu.adb:225:39

 info: overflow check proved
--> mj-lu.adb:225:41

 info: index check proved
--> mj-lu.adb:225:53

 info: initialization of "Remaining" proved
--> mj-lu.ads:117:07

 info: initialization of "First_Clamped" proved
--> mj-lu.ads:117:34

 info: initialization of "Result" proved
--> mj-lu.ads:117:63

 info: data dependencies proved
--> mj-lu.ads:118:11

 medium: postcondition might fail
--> mj-lu.ads:122:14
  122 |         Post => Bounded (A) and then First_Clamped in -1 .. N-1
      |                 ^~~~~~~~~~~~~~~~~~~~~~~~~~~~~~~~~~~~~~~~~~~~~~~
      :
  125 |             (for all I in 0 .. N-1 => abs A (Diagonal (I)) >= Min_Val));
      |             ~~~~~~~~~~~~~~~~~~~~~~~~~~~~~~~~~~~~~~~~~~~~~~~~~~~~~~~~~~~
      + provers reached time limit before completing the proof

 info: index check proved
--> mj-lu.ads:125:43

 info: index check proved
--> mj-lu.ads:125:53
Summary logged in /var/tmp/sparkling-lu-20260928/evidence/final_algorithms/obj/gnatprove/gnatprove.out
gnatprove: unproved check messages considered as errors
