Phase 1 of 3: generation of data representation information ...
Phase 2 of 3: generation of Global contracts ...
Phase 3 of 3: flow analysis and proof ...
 info: initialization of "T" proved
--> mj-lu.adb:152:07

 info: length check proved
--> mj-lu.adb:154:09

 info: loop invariant initialization proved
--> mj-lu.adb:156:33

 info: loop invariant preservation proved
--> mj-lu.adb:156:33

 info: precondition proved
--> mj-lu.adb:157:10

 info: range check proved
--> mj-lu.adb:157:30

 info: index check proved
--> mj-lu.adb:157:33

 info: range check proved
--> mj-lu.adb:158:15

 info: index check proved
--> mj-lu.adb:158:18

 info: cannot unroll loop (too many loop iterations) [info-unrolling-inlining]
--> mj-lu.adb:159:28

 info: range check proved
--> mj-lu.adb:160:34

 info: overflow check proved
--> mj-lu.adb:160:38

 info: overflow check proved
--> mj-lu.adb:160:40

 info: index check proved
--> mj-lu.adb:160:40

 info: range check proved
--> mj-lu.adb:160:45

 info: index check proved
--> mj-lu.adb:160:48

 info: index check proved
--> mj-lu.adb:163:13

 info: loop invariant initialization proved
--> mj-lu.adb:167:33

 info: loop invariant preservation proved
--> mj-lu.adb:167:33

 info: range check proved
--> mj-lu.adb:168:15

 info: index check proved
--> mj-lu.adb:168:18

 info: overflow check proved
--> mj-lu.adb:169:20

 info: cannot unroll loop (too many loop iterations) [info-unrolling-inlining]
--> mj-lu.adb:169:30

 info: range check proved
--> mj-lu.adb:170:34

 info: overflow check proved
--> mj-lu.adb:170:38

 info: overflow check proved
--> mj-lu.adb:170:40

 info: index check proved
--> mj-lu.adb:170:40

 info: range check proved
--> mj-lu.adb:170:45

 info: index check proved
--> mj-lu.adb:170:48

 info: precondition proved
--> mj-lu.adb:173:10

 info: range check proved
--> mj-lu.adb:173:21

 info: overflow check proved
--> mj-lu.adb:173:25

 info: overflow check proved
--> mj-lu.adb:173:27

 info: index check proved
--> mj-lu.adb:173:27

 info: index check proved
--> mj-lu.adb:175:13

 info: initialization of "X" proved
--> mj-lu.ads:106:43

 info: initialization of "Result" proved
--> mj-lu.ads:106:63

 info: data dependencies proved
--> mj-lu.ads:107:11

 info: overflow check proved
--> mj-lu.ads:109:51

 info: overflow check proved
--> mj-lu.ads:109:53

 info: index check proved
--> mj-lu.ads:109:53

 medium: postcondition might fail
--> mj-lu.ads:111:14
  111 |         Post => Bounded (X) and then Result in Success | Numeric_Limit;
      |                 ^~~~~~~~~~~~~~~~~~~~~~~~~~~~~~~~~~~~~~~~~~~~~~~~~~~~~~
      + possible fix: loop invariant at mj-lu.adb:167 should mention Result
      --> mj-lu.adb:167:10
  167 |             pragma Loop_Invariant (Bounded (X));
      |             ^
      + provers reached time limit before completing the proof
Summary logged in /var/tmp/sparkling-lu-20260928/evidence/final_algorithms/obj/gnatprove/gnatprove.out
gnatprove: unproved check messages considered as errors
