Phase 1 of 3: generation of data representation information ...
Phase 2 of 3: generation of Global contracts ...
Phase 3 of 3: flow analysis and proof ...
Success: all checks proved (11 checks).
Summary logged in /var/tmp/sparkling-services-cosine-wide-min-20261003/Cosine/validation/obj/gnatprove/gnatprove.out
guarded: elapsed 1.5 s, peak group RSS 132 MB
 info: float overflow check proved
--> mj-trigonometry.adb:5:21

 info: float overflow check proved
--> mj-trigonometry.adb:5:25

 info: float overflow check proved
--> mj-trigonometry.adb:5:28

 info: division check proved
--> mj-trigonometry.adb:5:28

 info: implicit aspect Always_Terminates on "Cosine" has been proved, subprogram will terminate
--> mj-trigonometry.ads:10:13

 info: data dependencies proved
--> mj-trigonometry.ads:10:48

 info: postcondition proved
--> mj-trigonometry.ads:11:14

 info: float overflow check proved
--> mj-trigonometry.ads:12:51

 info: float overflow check proved
--> mj-trigonometry.ads:12:55

 info: float overflow check proved
--> mj-trigonometry.ads:12:58

 info: division check proved
--> mj-trigonometry.ads:12:58
