Phase 1 of 3: generation of data representation information ...
Phase 2 of 3: generation of Global contracts ...
Phase 3 of 3: flow analysis and proof ...
 info: precondition proved
--> mj-convex_assets.adb:29:28

 info: index check proved
--> mj-convex_assets.adb:29:36

 info: initialization of "Value" proved
--> mj-convex_assets.adb:30:07

 info: overflow check proved
--> mj-convex_assets.adb:32:30

 info: loop invariant initialization proved
--> mj-convex_assets.adb:33:33

 info: loop invariant preservation proved
--> mj-convex_assets.adb:33:33

 info: overflow check proved
--> mj-convex_assets.adb:33:55

 info: loop invariant initialization proved
--> mj-convex_assets.adb:34:33

 info: loop invariant preservation proved
--> mj-convex_assets.adb:34:33

 medium: precondition might fail, cannot prove X in -1.0e60 .. 1.0e60
--> mj-convex_assets.adb:34:46
   34 |             pragma Loop_Invariant (Best_Value = Dot (V (Best), D));
      |                                                 ^~~~~~~~~~~~~~~~
      + in inlined expression function body at mj-rigid_math.ads:7
      + provers reached time limit before completing the proof

 info: index check proved
--> mj-convex_assets.adb:34:54

 info: loop invariant initialization proved
--> mj-convex_assets.adb:35:33

 info: loop invariant preservation proved
--> mj-convex_assets.adb:35:33

 info: overflow check proved
--> mj-convex_assets.adb:35:56

 info: precondition proved
--> mj-convex_assets.adb:35:62

 info: index check proved
--> mj-convex_assets.adb:35:70

 info: precondition proved
--> mj-convex_assets.adb:36:33

 info: loop invariant initialization proved
--> mj-convex_assets.adb:36:33

 medium: loop invariant might not be preserved by an arbitrary iteration
--> mj-convex_assets.adb:36:33
   36 |             pragma Loop_Invariant (Dot (V (Seed), D) <= Best_Value);
      |                                    ^~~~~~~~~~~~~~~~~~~~~~~~~~~~~~~
      + provers reached time limit before completing the proof

 info: index check proved
--> mj-convex_assets.adb:36:41

 info: loop invariant preservation proved
--> mj-convex_assets.adb:37:33

 info: loop invariant initialization proved
--> mj-convex_assets.adb:37:33

 info: precondition proved
--> mj-convex_assets.adb:37:49

 info: index check proved
--> mj-convex_assets.adb:37:57

 info: precondition proved
--> mj-convex_assets.adb:38:19

 info: index check proved
--> mj-convex_assets.adb:38:27

 info: range check proved
--> mj-convex_assets.adb:39:45

 info: implicit aspect Always_Terminates on "Best_Vertex" has been proved, subprogram will terminate
--> mj-convex_assets.ads:9:13

 info: data dependencies proved
--> mj-convex_assets.ads:10:11

 info: overflow check proved
--> mj-convex_assets.ads:11:79

 info: overflow check proved
--> mj-convex_assets.ads:12:41

 info: overflow check proved
--> mj-convex_assets.ads:13:47

 info: index check proved
--> mj-convex_assets.ads:13:88

 info: overflow check proved
--> mj-convex_assets.ads:14:52

 info: overflow check proved
--> mj-convex_assets.ads:15:47

 medium: postcondition might fail, cannot prove MJ.Rigid_Math.Dot (V (K), D) <= MJ.Rigid_Math.Dot (V (Best_Vertex'Result), D)
--> mj-convex_assets.ads:16:12
   16 |               MJ.Rigid_Math.Dot (V (K), D) <= MJ.Rigid_Math.Dot (V (Best_Vertex'Result), D))
      |               ^~~~~~~~~~~~~~~~~~~~~~~~~~~~~~~~~~~~~~~~~~~~~~~~~~~~~~~~~~~~~~~~~~~~~~~~~~~~
      + provers reached time limit before completing the proof

 medium: precondition might fail, cannot prove X in -1.0e60 .. 1.0e60
--> mj-convex_assets.ads:16:25
   16 |               MJ.Rigid_Math.Dot (V (K), D) <= MJ.Rigid_Math.Dot (V (Best_Vertex'Result), D))
      |               ~~~~~~~~~~~~~^~~~~~~~~~~~~~
      + in inlined expression function body at mj-rigid_math.ads:7
      + provers reached time limit before completing the proof

 info: index check proved
--> mj-convex_assets.ads:16:34

 info: precondition proved
--> mj-convex_assets.ads:16:57

 info: index check proved
--> mj-convex_assets.ads:16:77

 info: overflow check proved
--> mj-convex_assets.ads:17:51

 info: precondition proved
--> mj-convex_assets.ads:18:25

 info: index check proved
--> mj-convex_assets.ads:18:34

 info: precondition proved
--> mj-convex_assets.ads:18:57

 info: index check proved
--> mj-convex_assets.ads:18:66
Summary logged in /var/tmp/sparkling-meshmesh-proof2-20261001/best/validation/obj/gnatprove/gnatprove.out
gnatprove: unproved check messages considered as errors
guarded: elapsed 53.3 s, peak group RSS 190 MB
