Phase 1 of 3: generation of data representation information ...
Phase 2 of 3: generation of Global contracts ...
Phase 3 of 3: flow analysis and proof ...
Success: all checks proved (9 checks).
Summary logged in /var/tmp/sparkling-actuators-csr-20260930/verification-final/final-small-rank_bounds/build/validation/obj/gnatprove/gnatprove.out
guarded: elapsed 3.6 s, peak group RSS 171 MB
 info: precondition proved
--> mj-transmissions.adb:48:19

 info: subprogram variant proved
--> mj-transmissions.adb:48:19

 info: range check proved
--> mj-transmissions.adb:48:35

 info: range check proved
--> mj-transmissions.ads:65:63

 info: postcondition proved
--> mj-transmissions.ads:66:14

 info: index check proved
--> mj-transmissions.ads:67:15

 info: precondition proved
--> mj-transmissions.ads:67:28

 info: range check proved
--> mj-transmissions.ads:67:40

 info: precondition proved
--> mj-transmissions.ads:67:43
