create SUCCESS
reset_qpos 0.00000000000000000E+00
reset_qvel 0.00000000000000000E+00
forward SUCCESS
forward_clamped -1.00000000000000000E+00
qacc 2.99999999999999986E-07
act_dot 4.99999999999999938E+14
mass 1.00000000000000000E+00
gravity 0.00000000000000000E+00
bias 0.00000000000000000E+00
passive -0.00000000000000000E+00
actuation 2.99999999999999986E-07
length 0.00000000000000000E+00
velocity 0.00000000000000000E+00
force 2.99999999999999986E-07
position 0.00000000000000000E+00 0.00000000000000000E+00 0.00000000000000000E+00
quaternion 1.00000000000000000E+00 0.00000000000000000E+00 0.00000000000000000E+00 0.00000000000000000E+00
position 0.00000000000000000E+00 0.00000000000000000E+00 0.00000000000000000E+00
quaternion 1.00000000000000000E+00 0.00000000000000000E+00 0.00000000000000000E+00 0.00000000000000000E+00
unchanged_qpos 0.00000000000000000E+00
unchanged_qvel 0.00000000000000000E+00
unchanged_time 1.25000000000000000E-01
act 2.99999999999999989E-01
step SUCCESS
step_clamped -1.00000000000000000E+00
qpos 3.60000000000000001E-12
qvel 1.19999999999999999E-09
time 1.29000000000000004E-01
lifecycle PASS
