create SUCCESS
reset_qpos 0.00000000000000000E+00
reset_qvel 0.00000000000000000E+00
forward SUCCESS
forward_clamped -1.00000000000000000E+00
qacc 1.98013266932447465E+02
act_dot 1.00000000000000000E+11
mass 1.00000000000000000E+00
gravity 0.00000000000000000E+00
bias 0.00000000000000000E+00
passive -0.00000000000000000E+00
actuation 1.98013266932447465E+02
length 0.00000000000000000E+00
velocity 0.00000000000000000E+00
force 1.98013266932447465E+02
position 0.00000000000000000E+00 0.00000000000000000E+00 0.00000000000000000E+00
quaternion 1.00000000000000000E+00 0.00000000000000000E+00 0.00000000000000000E+00 0.00000000000000000E+00
position 0.00000000000000000E+00 0.00000000000000000E+00 0.00000000000000000E+00
quaternion 1.00000000000000000E+00 0.00000000000000000E+00 0.00000000000000000E+00 0.00000000000000000E+00
unchanged_qpos 0.00000000000000000E+00
unchanged_qvel 0.00000000000000000E+00
unchanged_time 1.25000000000000000E-01
act 3.92105608476768851E+08
step SUCCESS
step_clamped -1.00000000000000000E+00
qpos 3.15252856936665531E-03
qvel 1.18023775081843274E+00
time 1.29000000000000004E-01
lifecycle PASS
