create SUCCESS
reset_qpos 0.00000000000000000E+00
reset_qvel 0.00000000000000000E+00
forward SUCCESS
forward_clamped -1.00000000000000000E+00
qacc 0.00000000000000000E+00
act_dot 1.00000000000000000E+00
mass 1.00000000000000000E+00
gravity 0.00000000000000000E+00
bias 0.00000000000000000E+00
passive -0.00000000000000000E+00
actuation 0.00000000000000000E+00
length 0.00000000000000000E+00
velocity 0.00000000000000000E+00
force 0.00000000000000000E+00
position 0.00000000000000000E+00 0.00000000000000000E+00 0.00000000000000000E+00
quaternion 1.00000000000000000E+00 0.00000000000000000E+00 0.00000000000000000E+00 0.00000000000000000E+00
position 0.00000000000000000E+00 0.00000000000000000E+00 0.00000000000000000E+00
quaternion 1.00000000000000000E+00 0.00000000000000000E+00 0.00000000000000000E+00 0.00000000000000000E+00
unchanged_qpos 0.00000000000000000E+00
unchanged_qvel 0.00000000000000000E+00
unchanged_time 1.25000000000000000E-01
act 3.99902333469941400E-03
step SUCCESS
step_clamped -1.00000000000000000E+00
qpos 7.99804666939962841E-15
qvel 3.99902333469981386E-12
time 1.29000000000000004E-01
lifecycle PASS
