create SUCCESS
reset_qpos 0.00000000000000000E+00
reset_qvel 0.00000000000000000E+00
forward SUCCESS
forward_clamped -1.00000000000000000E+00
qacc 1.84198322266090697E+00
act_dot -2.12254688781422622E+01
mass 2.82500000000000029E-01
gravity 4.90498695493965520E-01
bias 1.89258924152132732E-21
passive -1.74287667385945935E-02
actuation 8.47665056426547686E-03
length 2.30631505770648171E-03
velocity 8.71438336929729607E-02
force 8.47665056426547686E-03
position 0.00000000000000000E+00 0.00000000000000000E+00 0.00000000000000000E+00
quaternion 1.00000000000000000E+00 0.00000000000000000E+00 0.00000000000000000E+00 0.00000000000000000E+00
position 1.19999999999999996E-01 0.00000000000000000E+00 1.00000000000000006E-01
quaternion 9.99999335113930465E-01 0.00000000000000000E+00 1.15315727328043727E-03 0.00000000000000000E+00
unchanged_qpos 2.30631505770648171E-03
unchanged_qvel 8.71438336929729607E-02
unchanged_time 1.25000000000000000E-01
act -3.73570513679386318E-01
step SUCCESS
step_clamped -1.00000000000000000E+00
qpos 3.37749725138220477E-02
qvel 2.02105157922323642E-01
time 3.25000000000000178E-01
lifecycle PASS
