create SUCCESS
reset_qpos 0.00000000000000000E+00 0.00000000000000000E+00 0.00000000000000000E+00 0.00000000000000000E+00 0.00000000000000000E+00 0.00000000000000000E+00
reset_qvel 0.00000000000000000E+00 0.00000000000000000E+00 0.00000000000000000E+00 0.00000000000000000E+00 0.00000000000000000E+00 0.00000000000000000E+00
forward SUCCESS
forward_clamped -1.00000000000000000E+00
qacc 1.01044943334695958E+01 8.47977838850821897E-01 -3.12416071539089657E+00 -3.11710449281175883E+00 -9.38884362074678513E-01 -2.20082319675781868E+00
act_dot -2.81660458199099466E+01 2.98795822834697624E+01 -4.97018462892710211E+00 2.58072028892223351E+01 1.98517620596466173E+01 -2.47698191482134256E+01
mass 2.81770555206598683E+00 2.13989220950402625E+00 1.56559674146639338E+00 1.04006810609113542E+00 5.87918562516319687E-01 2.33854731861165871E-01 2.13989220950402625E+00 1.94657886694206539E+00 1.39555846137217210E+00 9.48844746614197265E-01 5.51638540830012847E-01 2.27686549396638266E-01 1.56559674146639338E+00 1.39555846137217210E+00 1.30463805580227898E+00 8.57073384332824317E-01 5.14891561795543962E-01 2.21311367828927130E-01 1.04006810609113542E+00 9.48844746614197265E-01 8.57073384332824317E-01 8.45208712863369516E-01 4.78054467176049214E-01 2.14893701847554408E-01 5.87918562516319687E-01 5.51638540830012847E-01 5.14891561795543962E-01 4.78054467176049214E-01 5.22200221488728911E-01 2.08900110744364459E-01 2.33854731861165871E-01 2.27686549396638266E-01 2.21311367828927130E-01 2.14893701847554408E-01 2.08900110744364459E-01 2.82500000000000029E-01
gravity 2.10789174014193676E+01 1.46403600182234523E+01 9.22504141972110681E+00 5.01564534454493227E+00 2.21636438244795597E+00 4.90385652892825430E-01
bias -1.34546901955553792E-04 3.62707594813844320E-04 5.75459813336896050E-04 5.20027842008650249E-04 5.61026806801007572E-04 2.75470083512985254E-04
passive -5.81443944350127414E-03 -1.83293654307975958E-02 -1.11302353557170396E-02 1.82916005529308624E-02 3.11967287214512390E-04 1.27084216737695932E-02
actuation -4.27674184272671606E-02 2.43830944387242676E-01 8.98555843773837272E-03 -4.50211437733280609E-02 5.42951839396381628E-02 -1.33059337461864907E-01
length 1.27580050260075878E-02 4.44948909562532802E-02 9.47975311421486722E-03 -8.96066203369114689E-02 8.56738642615524904E-02 -8.43930688114198913E-02
velocity 2.90721972175063681E-02 9.16468271539879753E-02 5.56511767785851930E-02 -9.14580027646543087E-02 -1.55983643607256195E-03 -6.35421083688479660E-02
force -4.27674184272671606E-02 2.43830944387242676E-01 8.98555843773837272E-03 -4.50211437733280609E-02 5.42951839396381628E-02 -1.33059337461864907E-01
position 0.00000000000000000E+00 0.00000000000000000E+00 0.00000000000000000E+00
quaternion 1.00000000000000000E+00 0.00000000000000000E+00 0.00000000000000000E+00 0.00000000000000000E+00
position 1.19999999999999996E-01 0.00000000000000000E+00 1.00000000000000006E-01
quaternion 9.99979654232461712E-01 0.00000000000000000E+00 6.37895925104436240E-03 0.00000000000000000E+00
position 2.41266000024174088E-01 0.00000000000000000E+00 1.98460942703881371E-01
quaternion 9.99590291217643534E-01 0.00000000000000000E+00 2.86225383819529687E-02 0.00000000000000000E+00
position 3.66791542390672687E-01 0.00000000000000000E+00 2.91430498008811045E-01
quaternion 9.99443395835435511E-01 0.00000000000000000E+00 3.33601337067594775E-02 0.00000000000000000E+00
position 4.93192759809130354E-01 0.00000000000000000E+00 3.83205942628446594E-01
quaternion 9.99934598392868912E-01 0.00000000000000000E+00 -1.14367362867173056E-02 0.00000000000000000E+00
position 6.10874170403119532E-01 0.00000000000000000E+00 4.85924420034456350E-01
quaternion 9.99507062182840023E-01 0.00000000000000000E+00 3.13947869339567392E-02 0.00000000000000000E+00
position 7.36913480819171740E-01 0.00000000000000000E+00 5.78196258803639007E-01
quaternion 9.99941717411063413E-01 0.00000000000000000E+00 -1.07963781433051548E-02 0.00000000000000000E+00
unchanged_qpos 1.27580050260075878E-02 4.44948909562532802E-02 9.47975311421486722E-03 -8.96066203369114689E-02 8.56738642615524904E-02 -8.43930688114198913E-02
unchanged_qvel 2.90721972175063681E-02 9.16468271539879753E-02 5.56511767785851930E-02 -9.14580027646543087E-02 -1.55983643607256195E-03 -6.35421083688479660E-02
unchanged_time 1.25000000000000000E-01
act -5.52455687216625857E-01 7.84527095475858416E-01 -8.09541091776086741E-02 4.21981879902983137E-01 4.13529501077872119E-01 -5.81290030566615989E-01
step SUCCESS
step_clamped -1.00000000000000000E+00
qpos 1.88548390316811199E-01 1.36743900616937059E-01 -7.57064601441574531E-02 -1.47210147491263627E-01 8.54189523587593896E-02 -1.88051156962744742E-01
qvel 1.71757788790544264E+00 8.63573323584542085E-01 -9.25969468891699066E-01 -4.68304332065800633E-01 -1.28994705827350908E-02 -9.92987444763080540E-01
time 3.25000000000000178E-01
lifecycle PASS
