create SUCCESS
reset_qpos 0.00000000000000000E+00
reset_qvel 0.00000000000000000E+00
forward SUCCESS
forward_clamped -1.00000000000000000E+00
qacc 1.20021488980754376E+00
act_dot -3.16500866289219687E+01
mass 2.82500000000000029E-01
gravity 4.89834251879213645E-01
bias -4.76456032830543941E-22
passive 8.60619119318596637E-03
actuation -8.25200523574582401E-02
length 5.21074236176810313E-02
velocity -4.30309559659298319E-02
force -8.25200523574582401E-02
position 0.00000000000000000E+00 0.00000000000000000E+00 0.00000000000000000E+00
quaternion 1.00000000000000000E+00 0.00000000000000000E+00 0.00000000000000000E+00 0.00000000000000000E+00
position 1.19999999999999996E-01 0.00000000000000000E+00 1.00000000000000006E-01
quaternion 9.99660621248551373E-01 0.00000000000000000E+00 2.60507643834223049E-02 0.00000000000000000E+00
unchanged_qpos 5.21074236176810313E-02
unchanged_qvel -4.30309559659298319E-02
unchanged_time 1.25000000000000000E-01
act -6.55254967441823655E-01
step SUCCESS
step_clamped -1.00000000000000000E+00
qpos 3.48002917996912339E-02
qvel -1.59613695821656937E-01
time 3.25000000000000178E-01
lifecycle PASS
