create SUCCESS
reset_qpos 0.00000000000000000E+00 0.00000000000000000E+00 0.00000000000000000E+00 0.00000000000000000E+00 0.00000000000000000E+00 0.00000000000000000E+00
reset_qvel 0.00000000000000000E+00 0.00000000000000000E+00 0.00000000000000000E+00 0.00000000000000000E+00 0.00000000000000000E+00 0.00000000000000000E+00
forward SUCCESS
forward_clamped -1.00000000000000000E+00
qacc 1.08804703974906563E+01 -6.60057808203303509E-01 -4.18978613900231700E+00 -1.85217278859819423E+00 -4.01310993230668878E-01 -1.55821432526728909E+00
act_dot 1.58036561366974637E-01 2.23193723563955171E-01 -3.88362281173282753E-01 -4.36155260353652929E-01 -6.28165612896061876E-01 -6.57044510115428637E-01
mass 2.80662221237733744E+00 2.12818490156472118E+00 1.55561770299082225E+00 1.03206437190398526E+00 5.81327822355920509E-01 2.29159156155237576E-01 2.12818490156472118E+00 1.93424759075210506E+00 1.38527419065354374E+00 9.40984268810218794E-01 5.45275105266211702E-01 2.23493825482346337E-01 1.55561770299082225E+00 1.38527419065354374E+00 1.29640079055498236E+00 8.51373562907612347E-01 5.10413540517745790E-01 2.18379788541790520E-01 1.03206437190398526E+00 9.40984268810218794E-01 8.51373562907612347E-01 8.42046335260242418E-01 4.75751940845646537E-01 2.13349597569191834E-01 5.81327822355920509E-01 5.45275105266211702E-01 5.10413540517745790E-01 4.75751940845646537E-01 5.20757546431050544E-01 2.08178773215525331E-01 2.29159156155237576E-01 2.23493825482346337E-01 2.18379788541790520E-01 2.13349597569191834E-01 2.08178773215525331E-01 2.82500000000000029E-01
gravity 2.01103981416639073E+01 1.35939590284118665E+01 8.67582605785181826E+00 4.91061085950908627E+00 2.18620459535863576E+00 4.88354399090910274E-01
bias -2.78204272344660664E-03 -2.13733010924158431E-03 -1.21739136945400381E-05 1.92586180648417421E-03 2.74433946112066611E-03 1.68627603601609506E-03
passive -1.20258031093662902E-02 -1.79978726384982073E-02 -1.80044651978207119E-02 -1.44163958084670644E-02 -5.48959721705639687E-03 1.46489328034703839E-02
actuation 1.08771381373124462E-01 8.85665540820418096E-02 -1.12537223404964221E-01 1.20730606221162426E-01 1.67596586840263767E-01 1.08984836584499839E-01
length 2.90837642752586889E-02 -9.76750213754470631E-02 -1.41178453127643461E-02 2.37783462024506037E-02 9.05181840212873901E-02 6.19807997964804680E-02
velocity 6.01290155468314491E-02 8.99893631924910398E-02 9.00223259891035632E-02 7.20819790423353202E-02 2.74479860852819835E-02 -7.32446640173519126E-02
force 1.08771381373124462E-01 8.85665540820418096E-02 -1.12537223404964221E-01 1.20730606221162426E-01 1.67596586840263767E-01 1.08984836584499839E-01
position 0.00000000000000000E+00 0.00000000000000000E+00 0.00000000000000000E+00
quaternion 1.00000000000000000E+00 0.00000000000000000E+00 0.00000000000000000E+00 0.00000000000000000E+00
position 1.19999999999999996E-01 0.00000000000000000E+00 1.00000000000000006E-01
quaternion 9.99894268695185051E-01 0.00000000000000000E+00 1.45413696232924005E-02 0.00000000000000000E+00
position 2.42857218085736570E-01 0.00000000000000000E+00 1.96468149999021791E-01
quaternion 9.99411962571551959E-01 0.00000000000000000E+00 -3.42889059154503628E-02 0.00000000000000000E+00
position 3.55721294558127399E-01 0.00000000000000000E+00 3.04457502446540018E-01
quaternion 9.99145022406154104E-01 0.00000000000000000E+00 -4.13427647963417466E-02 0.00000000000000000E+00
position 4.67049597218131440E-01 0.00000000000000000E+00 4.14029437844444459E-01
quaternion 9.99565927153398870E-01 0.00000000000000000E+00 -2.94611146083472338E-02 0.00000000000000000E+00
position 5.80951622204686546E-01 0.00000000000000000E+00 5.20923444710882810E-01
quaternion 9.99875281893057966E-01 0.00000000000000000E+00 1.57930573125666107E-02 0.00000000000000000E+00
position 7.04049978772930962E-01 0.00000000000000000E+00 6.17083699547261832E-01
quaternion 9.98905822943284671E-01 0.00000000000000000E+00 4.67670491906378646E-02 0.00000000000000000E+00
unchanged_qpos 2.90837642752586889E-02 -9.76750213754470631E-02 -1.41178453127643461E-02 2.37783462024506037E-02 9.05181840212873901E-02 6.19807997964804680E-02
unchanged_qvel 6.01290155468314491E-02 8.99893631924910398E-02 9.00223259891035632E-02 7.20819790423353202E-02 2.74479860852819835E-02 -7.32446640173519126E-02
unchanged_time 1.25000000000000000E-01
act 1.40062620523785986E-01 1.32758911347704955E-01 -1.89432955077274118E-01 3.43718646711387923E-02 4.32197954868433765E-02 -2.11099764183551968E-02
step SUCCESS
step_clamped -1.00000000000000000E+00
qpos 2.59560939461577211E-01 -8.42768341145464783E-02 -8.03438890981827553E-02 -2.57183624915857277E-03 8.23370311478685973E-02 1.34204201046435375E-02
qvel 2.24089672609471524E+00 8.71738044000653495E-02 -7.54958871552257715E-01 -3.59114813477816319E-01 -1.41861848542837149E-01 -4.22579091732961987E-01
time 3.25000000000000178E-01
lifecycle PASS
