create SUCCESS
reset_qpos 0.00000000000000000E+00
reset_qvel 0.00000000000000000E+00
forward SUCCESS
forward_clamped -1.00000000000000000E+00
qacc 9.96372855665996759E-01
act_dot -3.05610097586605178E-01
mass 2.82500000000000029E-01
gravity 4.90052286867653786E-01
bias -8.99972506457694110E-22
passive -1.26000956750279072E-02
actuation -1.90289544333336336E-01
length 4.27295627155181157E-02
velocity 6.30004783751395292E-02
force -1.90289544333336336E-01
position 0.00000000000000000E+00 0.00000000000000000E+00 0.00000000000000000E+00
quaternion 1.00000000000000000E+00 0.00000000000000000E+00 0.00000000000000000E+00 0.00000000000000000E+00
position 1.19999999999999996E-01 0.00000000000000000E+00 1.00000000000000006E-01
quaternion 9.99771781739891563E-01 0.00000000000000000E+00 2.13631560552868215E-02 0.00000000000000000E+00
unchanged_qpos 4.27295627155181157E-02
unchanged_qvel 6.30004783751395292E-02
unchanged_time 1.25000000000000000E-01
act -2.50800343655483815E-01
step SUCCESS
step_clamped -1.00000000000000000E+00
qpos 7.31179193616069284E-02
qvel 2.28039496261147223E-01
time 3.25000000000000178E-01
lifecycle PASS
