create SUCCESS
reset_qpos 0.00000000000000000E+00
reset_qvel 0.00000000000000000E+00
forward SUCCESS
forward_clamped -1.00000000000000000E+00
qacc -9.81459988234834313E+00
act_dot 5.88037692899862630E-02 4.03266221413613124E+00 3.45003354489017999E+00
removed_qacc -9.77448554697265770E+00
mass 1.00000000000000000E+00
gravity -9.81000000000000050E+00
bias 0.00000000000000000E+00
passive 1.28724763960760819E-04
actuation -1.72838794431401334E-04
length 2.19380439819590600E-02 2.19380439819590600E-02 2.19380439819590600E-02 2.19380439819590600E-02
velocity -1.28724763960760824E-03 -1.28724763960760824E-03 -1.28724763960760824E-03 -1.28724763960760824E-03
force 8.74444805943760430E-03 -7.35769935014360285E-05 -9.57392708376991752E-03 7.30217223402348072E-04
position 0.00000000000000000E+00 0.00000000000000000E+00 0.00000000000000000E+00
quaternion 1.00000000000000000E+00 0.00000000000000000E+00 0.00000000000000000E+00 0.00000000000000000E+00
position 0.00000000000000000E+00 0.00000000000000000E+00 1.02193804398195898E+00
quaternion 1.00000000000000000E+00 0.00000000000000000E+00 0.00000000000000000E+00 0.00000000000000000E+00
unchanged_qpos 2.19380439819590600E-02
unchanged_qvel -1.28724763960760824E-03
unchanged_time 1.25000000000000000E-01
act 1.09073763844029295E-02 1.02492224898165285E-01 1.69880483538498994E-01
step SUCCESS
step_clamped -1.00000000000000000E+00
qpos -1.74768335593646990E-01
qvel -1.93891952877719409E+00
time 3.25000000000000178E-01
lifecycle PASS
