=========================
Summary of SPARK analysis
=========================

---------------------------------------------------------------------------------
SPARK Analysis results        Total         Flow   Provers   Justified   Unproved
---------------------------------------------------------------------------------
Data Dependencies                 1            1         .           .          .
Flow Dependencies                 .            .         .           .          .
Initialization                    .            .         .           .          .
Non-Aliasing                      .            .         .           .          .
Run-time Checks                   .            .         .           .          .
Assertions                        .            .         .           .          .
Functional Contracts              .            .         .           .          .
LSP Verification                  .            .         .           .          .
Termination                      10           10         .           .          .
Concurrency                       .            .         .           .          .
---------------------------------------------------------------------------------
Total                            11    11 (100%)         .           .          .


============================
Most difficult proved checks
============================

No check found with max time greater than 1 second

========================
Detailed analysis report
========================

Analyzed 1 unit
in unit mj-tendon_vectors, 11 subprograms and packages out of 11 analyzed
proof skipped for this unit (only flow analysis was requested)
  MJ.Tendon_Vectors at mj-tendon_vectors.ads:4 flow analyzed (0 errors, 0 checks, 0 warnings and 0 pragma Assume statements)
  MJ.Tendon_Vectors.Add at mj-tendon_vectors.ads:25 flow analyzed (0 errors, 0 checks, 0 warnings and 0 pragma Assume statements)
  MJ.Tendon_Vectors.Bounded at mj-tendon_vectors.ads:11 flow analyzed (0 errors, 0 checks, 0 warnings and 0 pragma Assume statements)
  MJ.Tendon_Vectors.Cross at mj-tendon_vectors.ads:41 flow analyzed (0 errors, 0 checks, 0 warnings and 0 pragma Assume statements)
  MJ.Tendon_Vectors.Dot at mj-tendon_vectors.ads:38 flow analyzed (0 errors, 0 checks, 0 warnings and 0 pragma Assume statements)
  MJ.Tendon_Vectors.Dot_Model at mj-tendon_vectors.ads:34 flow analyzed (0 errors, 0 checks, 0 warnings and 0 pragma Assume statements)
  MJ.Tendon_Vectors.Matrix_Row at mj-tendon_vectors.ads:47 flow analyzed (0 errors, 0 checks, 0 warnings and 0 pragma Assume statements)
  MJ.Tendon_Vectors.Multiply at mj-tendon_vectors.ads:52 flow analyzed (0 errors, 0 checks, 0 warnings and 0 pragma Assume statements)
  MJ.Tendon_Vectors.Rotation_Bounded at mj-tendon_vectors.ads:14 flow analyzed (0 errors, 0 checks, 0 warnings and 0 pragma Assume statements)
  MJ.Tendon_Vectors.Scale at mj-tendon_vectors.ads:31 flow analyzed (0 errors, 0 checks, 0 warnings and 0 pragma Assume statements)
  MJ.Tendon_Vectors.Sub at mj-tendon_vectors.ads:28 flow analyzed (0 errors, 0 checks, 0 warnings and 0 pragma Assume statements)
