cube-aligned Ada/C 1.123 current/baseline 0.839
cube-rotated Ada/C 1.085 current/baseline 0.821
cube-margin Ada/C 0.966 current/baseline 0.787
cube-separated Ada/C 1.147 current/baseline 0.761
polytope-aligned Ada/C 1.243 current/baseline 0.956
polytope-rotated Ada/C 1.294 current/baseline 1.015
polytope-margin Ada/C 1.186 current/baseline 0.984
polytope-separated Ada/C 1.259 current/baseline 0.963
wide-face-aligned Ada/C 1.318 current/baseline 1.037
wide-face-rotated Ada/C 1.153 current/baseline 0.938
wide-face-margin Ada/C 1.131 current/baseline 0.993
wide-face-separated Ada/C 1.346 current/baseline 0.988
round-128-aligned Ada/C 1.202 current/baseline 0.761
round-128-rotated Ada/C 1.243 current/baseline 0.857
round-128-margin Ada/C 1.137 current/baseline 0.997
round-128-separated Ada/C 1.262 current/baseline 0.989
round-512-aligned Ada/C 1.221 current/baseline 0.629
round-512-rotated Ada/C 1.154 current/baseline 0.643
round-512-margin Ada/C 1.127 current/baseline 0.978
round-512-separated Ada/C 1.248 current/baseline 1.022
