=========================
Summary of SPARK analysis
=========================

---------------------------------------------------------------------------------
SPARK Analysis results        Total         Flow   Provers   Justified   Unproved
---------------------------------------------------------------------------------
Data Dependencies                 .            .         .           .          .
Flow Dependencies                 .            .         .           .          .
Initialization                   41           41         .           .          .
Non-Aliasing                      .            .         .           .          .
Run-time Checks                   .            .         .           .          .
Assertions                        .            .         .           .          .
Functional Contracts              .            .         .           .          .
LSP Verification                  .            .         .           .          .
Termination                      12           12         .           .          .
Concurrency                       .            .         .           .          .
---------------------------------------------------------------------------------
Total                            53    53 (100%)         .           .          .


============================
Most difficult proved checks
============================

No check found with max time greater than 1 second

========================
Detailed analysis report
========================

Analyzed 1 unit
in unit mj-tendon_geometry, 13 subprograms and packages out of 13 analyzed
proof skipped for this unit (only flow analysis was requested)
  MJ.Tendon_Geometry at mj-tendon_geometry.ads:7 flow analyzed (0 errors, 0 checks, 0 warnings and 0 pragma Assume statements)
  MJ.Tendon_Geometry.Circle at mj-tendon_geometry.adb:81 flow analyzed (0 errors, 0 checks, 0 warnings and 0 pragma Assume statements)
  MJ.Tendon_Geometry.Determinant at mj-tendon_geometry.adb:54 flow analyzed (0 errors, 0 checks, 0 warnings and 0 pragma Assume statements)
  MJ.Tendon_Geometry.Dot2 at mj-tendon_geometry.adb:23 flow analyzed (0 errors, 0 checks, 0 warnings and 0 pragma Assume statements)
  MJ.Tendon_Geometry.Inside at mj-tendon_geometry.adb:146 flow analyzed (0 errors, 0 checks, 0 warnings and 0 pragma Assume statements)
  MJ.Tendon_Geometry.Inside.Residual at mj-tendon_geometry.adb:155 flow analyzed (0 errors, 0 checks, 0 warnings and 0 pragma Assume statements)
  MJ.Tendon_Geometry.Intersect at mj-tendon_geometry.adb:65 flow analyzed (0 errors, 0 checks, 0 warnings and 0 pragma Assume statements)
  MJ.Tendon_Geometry.Norm at mj-tendon_geometry.ads:16 flow analyzed (0 errors, 0 checks, 0 warnings and 0 pragma Assume statements)
  MJ.Tendon_Geometry.Norm2 at mj-tendon_geometry.adb:34 flow analyzed (0 errors, 0 checks, 0 warnings and 0 pragma Assume statements)
  MJ.Tendon_Geometry.Pair_Bounded at mj-tendon_geometry.adb:21 flow analyzed (0 errors, 0 checks, 0 warnings and 0 pragma Assume statements)
  MJ.Tendon_Geometry.Unit at mj-tendon_geometry.ads:20 flow analyzed (0 errors, 0 checks, 0 warnings and 0 pragma Assume statements)
  MJ.Tendon_Geometry.Unit2 at mj-tendon_geometry.adb:37 flow analyzed (0 errors, 0 checks, 0 warnings and 0 pragma Assume statements)
  MJ.Tendon_Geometry.Wrap at mj-tendon_geometry.ads:27 flow analyzed (0 errors, 0 checks, 0 warnings and 0 pragma Assume statements)
