Phase 1 of 3: generation of data representation information ...
Phase 2 of 3: generation of Global contracts ...
Phase 3 of 3: flow analysis and proof ...
 info: initialization of "Result" proved
--> mj-contact_incidence.adb:105:29

 info: data dependencies proved
--> mj-contact_incidence.adb:106:11

 info: overflow check proved
--> mj-contact_incidence.adb:108:41

 info: overflow check proved
--> mj-contact_incidence.adb:109:45

 info: index check proved
--> mj-contact_incidence.adb:116:60

 info: index check proved
--> mj-contact_incidence.adb:116:77

 info: range check proved
--> mj-contact_incidence.adb:117:20

 info: range check proved
--> mj-contact_incidence.adb:117:52

 info: index check proved
--> mj-contact_incidence.adb:119:50

 info: index check proved
--> mj-contact_incidence.adb:119:65

 info: precondition proved
--> mj-contact_incidence.adb:120:14

 info: precondition proved
--> mj-contact_incidence.adb:120:41

 info: precondition proved
--> mj-contact_incidence.adb:121:45

 medium: postcondition might fail, cannot prove List_Matches (L.Data (L.Start (Vertex) .. L.Start (Vertex)+L.Size (Vertex)-1), F, L.First+Vertex)
--> mj-contact_incidence.adb:121:45
  121 |             and then (if Result = Success then Vertex_Matches (L, F, Vertex)
      |                                                ^~~~~~~~~~~~~~~~~~~~~~~~~~~~
      + in inlined expression function body at mj-contact_incidence.adb:27
      + provers reached time limit before completing the proof

 info: index check proved
--> mj-contact_incidence.adb:122:30

 info: index check proved
--> mj-contact_incidence.adb:122:46

 info: initialization of "Position" proved
--> mj-contact_incidence.adb:126:07

 info: index check proved
--> mj-contact_incidence.adb:129:16

 info: range check proved
--> mj-contact_incidence.adb:129:27

 info: index check proved
--> mj-contact_incidence.adb:129:45

 info: loop invariant initialization proved
--> mj-contact_incidence.adb:131:33

 info: loop invariant preservation proved
--> mj-contact_incidence.adb:131:33

 info: loop invariant initialization proved
--> mj-contact_incidence.adb:132:33

 info: loop invariant preservation proved
--> mj-contact_incidence.adb:132:33

 info: index check proved
--> mj-contact_incidence.adb:132:42

 info: index check proved
--> mj-contact_incidence.adb:132:73

 info: overflow check proved
--> mj-contact_incidence.adb:132:87

 info: loop invariant preservation proved
--> mj-contact_incidence.adb:133:33

 info: loop invariant initialization proved
--> mj-contact_incidence.adb:133:33

 info: index check proved
--> mj-contact_incidence.adb:133:41

 info: precondition proved
--> mj-contact_incidence.adb:133:51

 info: overflow check proved
--> mj-contact_incidence.adb:133:74

 info: overflow check proved
--> mj-contact_incidence.adb:133:87

 info: loop invariant initialization proved
--> mj-contact_incidence.adb:134:33

 info: loop invariant preservation proved
--> mj-contact_incidence.adb:134:33

 info: index check proved
--> mj-contact_incidence.adb:134:73

 info: index check proved
--> mj-contact_incidence.adb:134:97

 info: loop invariant initialization proved
--> mj-contact_incidence.adb:135:33

 info: loop invariant preservation proved
--> mj-contact_incidence.adb:135:33

 info: range check proved
--> mj-contact_incidence.adb:135:34

 info: range check proved
--> mj-contact_incidence.adb:135:66

 info: loop invariant initialization proved
--> mj-contact_incidence.adb:136:33

 info: loop invariant preservation proved
--> mj-contact_incidence.adb:136:33

 info: index check proved
--> mj-contact_incidence.adb:137:20

 info: overflow check proved
--> mj-contact_incidence.adb:137:46

 info: index check proved
--> mj-contact_incidence.adb:138:29

 info: index check proved
--> mj-contact_incidence.adb:138:54

 info: index check proved
--> mj-contact_incidence.adb:138:56

 info: index check proved
--> mj-contact_incidence.adb:139:29

 info: index check proved
--> mj-contact_incidence.adb:139:67

 info: index check proved
--> mj-contact_incidence.adb:139:69

 info: overflow check proved
--> mj-contact_incidence.adb:139:84

 info: overflow check proved
--> mj-contact_incidence.adb:140:52

 info: index check proved
--> mj-contact_incidence.adb:140:52

 info: index check proved
--> mj-contact_incidence.adb:140:71

 info: overflow check proved
--> mj-contact_incidence.adb:141:52

 info: index check proved
--> mj-contact_incidence.adb:144:21

 info: range check proved
--> mj-contact_incidence.adb:144:39

 info: range check proved
--> mj-contact_incidence.adb:144:57

 info: overflow check proved
--> mj-contact_incidence.adb:144:80

 info: index check proved
--> mj-contact_incidence.adb:145:21

 info: overflow check proved
--> mj-contact_incidence.adb:145:36

 info: range check proved
--> mj-contact_incidence.adb:145:36

 info: precondition proved
--> mj-contact_incidence.adb:148:07
Summary logged in /var/tmp/sparkling-meshmesh-proof10-20261001/Append_Vertex/validation/obj/gnatprove/gnatprove.out
gnatprove: unproved check messages considered as errors
guarded: elapsed 15.6 s, peak group RSS 266 MB
