Phase 1 of 3: generation of data representation information ...
Phase 2 of 3: generation of Global contracts ...
Phase 3 of 3: flow analysis and proof ...
 info: precondition proved
--> mj-convex_assets.adb:98:37

 info: index check proved
--> mj-convex_assets.adb:98:45

 info: initialization of "Value" proved
--> mj-convex_assets.adb:100:07

 info: overflow check proved
--> mj-convex_assets.adb:102:30

 info: loop invariant initialization proved
--> mj-convex_assets.adb:103:33

 info: loop invariant preservation proved
--> mj-convex_assets.adb:103:33

 info: overflow check proved
--> mj-convex_assets.adb:103:55

 info: loop invariant initialization proved
--> mj-convex_assets.adb:104:33

 info: loop invariant preservation proved
--> mj-convex_assets.adb:104:33

 info: index check proved
--> mj-convex_assets.adb:104:45

 info: loop invariant initialization proved
--> mj-convex_assets.adb:105:33

 info: loop invariant preservation proved
--> mj-convex_assets.adb:105:33

 info: precondition proved
--> mj-convex_assets.adb:105:46

 info: index check proved
--> mj-convex_assets.adb:105:54

 info: loop invariant initialization proved
--> mj-convex_assets.adb:106:33

 info: loop invariant preservation proved
--> mj-convex_assets.adb:106:33

 info: overflow check proved
--> mj-convex_assets.adb:106:56

 info: precondition proved
--> mj-convex_assets.adb:106:62

 info: index check proved
--> mj-convex_assets.adb:106:70

 info: loop invariant initialization proved
--> mj-convex_assets.adb:107:33

 info: loop invariant preservation proved
--> mj-convex_assets.adb:107:33

 info: loop invariant initialization proved
--> mj-convex_assets.adb:108:33

 info: loop invariant preservation proved
--> mj-convex_assets.adb:108:33

 info: precondition proved
--> mj-convex_assets.adb:109:19

 info: index check proved
--> mj-convex_assets.adb:109:27

 info: range check proved
--> mj-convex_assets.adb:110:45

 info: implicit aspect Always_Terminates on "Best_Vertex" has been proved, subprogram will terminate
--> mj-convex_assets.ads:78:13

 info: data dependencies proved
--> mj-convex_assets.ads:79:11

 info: overflow check proved
--> mj-convex_assets.ads:80:79

 info: overflow check proved
--> mj-convex_assets.ads:81:41

 info: overflow check proved
--> mj-convex_assets.ads:82:47

 info: index check proved
--> mj-convex_assets.ads:82:88

 info: postcondition proved
--> mj-convex_assets.ads:83:16

 info: overflow check proved
--> mj-convex_assets.ads:83:52

 info: overflow check proved
--> mj-convex_assets.ads:84:47

 info: precondition proved
--> mj-convex_assets.ads:85:25

 info: index check proved
--> mj-convex_assets.ads:85:34

 info: precondition proved
--> mj-convex_assets.ads:85:57

 info: index check proved
--> mj-convex_assets.ads:85:77

 info: overflow check proved
--> mj-convex_assets.ads:86:51

 info: precondition proved
--> mj-convex_assets.ads:87:25

 info: index check proved
--> mj-convex_assets.ads:87:34

 info: precondition proved
--> mj-convex_assets.ads:87:57

 info: index check proved
--> mj-convex_assets.ads:87:66
Success: all checks proved (44 checks).
Summary logged in /var/tmp/sparkling-meshmesh-proof10-20261001/Best_Vertex/validation/obj/gnatprove/gnatprove.out
guarded: elapsed 71.9 s, peak group RSS 195 MB
