Phase 1 of 3: generation of data representation information ...
Phase 2 of 3: generation of Global contracts ...
Phase 3 of 3: flow analysis and proof ...
 info: range check proved
--> mj-contact_incidence.adb:157:44

 info: range check proved
--> mj-contact_incidence.adb:158:51

 info: precondition proved
--> mj-contact_incidence.adb:160:10

 info: loop invariant initialization proved
--> mj-contact_incidence.adb:162:33

 info: loop invariant preservation proved
--> mj-contact_incidence.adb:162:33

 info: loop invariant initialization proved
--> mj-contact_incidence.adb:163:33

 info: loop invariant preservation proved
--> mj-contact_incidence.adb:163:33

 info: loop invariant initialization proved
--> mj-contact_incidence.adb:164:33

 info: loop invariant preservation proved
--> mj-contact_incidence.adb:164:33

 info: range check proved
--> mj-contact_incidence.adb:164:78

 info: loop invariant preservation proved
--> mj-contact_incidence.adb:165:33

 info: loop invariant initialization proved
--> mj-contact_incidence.adb:165:33

 info: precondition proved
--> mj-contact_incidence.adb:165:61

 info: loop invariant initialization proved
--> mj-contact_incidence.adb:166:33

 info: loop invariant preservation proved
--> mj-contact_incidence.adb:166:33

 info: index check proved
--> mj-contact_incidence.adb:166:70

 info: index check proved
--> mj-contact_incidence.adb:166:81

 info: initialization of "L" proved
--> mj-contact_incidence.ads:47:21

 info: initialization of "Result" proved
--> mj-contact_incidence.ads:47:37

 info: data dependencies proved
--> mj-contact_incidence.ads:48:11

 info: overflow check proved
--> mj-contact_incidence.ads:49:70

 medium: postcondition might fail, cannot prove L = Empty_Lookup
--> mj-contact_incidence.ads:51:37
   51 |             (if Result /= Success then L = Empty_Lookup
      |                                        ^~~~~~~~~~~~~~~~
      + provers reached time limit before completing the proof
Summary logged in /var/tmp/sparkling-meshmesh-proof10-20261001/Build/validation/obj/gnatprove/gnatprove.out
gnatprove: unproved check messages considered as errors
guarded: elapsed 10.7 s, peak group RSS 218 MB
