Phase 1 of 3: generation of data representation information ...
Phase 2 of 3: generation of Global contracts ...
Phase 3 of 3: flow analysis and proof ...
 info: initialization of "N" proved
--> mj-convex_assets.adb:68:07

 info: initialization of "Edge_Start" proved
--> mj-convex_assets.adb:68:10

 info: initialization of "Last" proved
--> mj-convex_assets.adb:68:22

 info: initialization of "Slot" proved
--> mj-convex_assets.adb:68:28

 info: initialization of "C" proved
--> mj-convex_assets.adb:69:07

 info: range check proved
--> mj-convex_assets.adb:72:12

 info: index check proved
--> mj-convex_assets.adb:72:16

 info: overflow check proved
--> mj-convex_assets.adb:74:34

 info: overflow check proved
--> mj-convex_assets.adb:74:36

 info: overflow check proved
--> mj-convex_assets.adb:74:38

 info: overflow check proved
--> mj-convex_assets.adb:74:63

 info: range check proved
--> mj-convex_assets.adb:74:63

 info: precondition proved
--> mj-convex_assets.adb:76:15

 info: overflow check proved
--> mj-convex_assets.adb:76:38

 info: range check proved
--> mj-convex_assets.adb:76:38

 info: overflow check proved
--> mj-convex_assets.adb:76:55

 info: overflow check proved
--> mj-convex_assets.adb:76:57

 info: index check proved
--> mj-convex_assets.adb:76:57

 info: index check proved
--> mj-convex_assets.adb:78:18

 info: range check proved
--> mj-convex_assets.adb:78:24

 info: loop invariant preservation proved
--> mj-convex_assets.adb:79:33

 info: loop invariant initialization proved
--> mj-convex_assets.adb:79:33

 info: index check proved
--> mj-convex_assets.adb:80:20

 info: index check proved
--> mj-convex_assets.adb:81:29

 info: precondition proved
--> mj-convex_assets.adb:81:34

 info: overflow check proved
--> mj-convex_assets.adb:81:57

 info: range check proved
--> mj-convex_assets.adb:81:57

 info: overflow check proved
--> mj-convex_assets.adb:81:74

 info: overflow check proved
--> mj-convex_assets.adb:81:76

 info: index check proved
--> mj-convex_assets.adb:81:76

 info: loop invariant preservation proved
--> mj-convex_assets.adb:84:33

 info: loop invariant initialization proved
--> mj-convex_assets.adb:84:33

 info: index check proved
--> mj-convex_assets.adb:84:37

 info: loop invariant initialization proved
--> mj-convex_assets.adb:85:33

 info: loop invariant preservation proved
--> mj-convex_assets.adb:85:33

 info: overflow check proved
--> mj-convex_assets.adb:86:39

 info: overflow check proved
--> mj-convex_assets.adb:86:41

 info: overflow check proved
--> mj-convex_assets.adb:86:43

 info: index check proved
--> mj-convex_assets.adb:86:43

 info: loop invariant preservation proved
--> mj-convex_assets.adb:87:33

 info: loop invariant initialization proved
--> mj-convex_assets.adb:87:33

 info: overflow check proved
--> mj-convex_assets.adb:88:34

 info: overflow check proved
--> mj-convex_assets.adb:88:36

 info: overflow check proved
--> mj-convex_assets.adb:88:55

 info: overflow check proved
--> mj-convex_assets.adb:88:57

 info: overflow check proved
--> mj-convex_assets.adb:88:59

 info: index check proved
--> mj-convex_assets.adb:89:21

 medium: precondition might fail, cannot prove Low < Graph_Index_Base
--> mj-convex_assets.adb:89:26
   89 |                then G (J) = Encode_Parts (Counts (J-(S.First_Graph+2+N)), G'Loop_Entry (J))
      |                             ^~~~~~~~~~~~~~~~~~~~~~~~~~~~~~~~~~~~~~~~~~~~~~~~~~~~~~~~~~~~~
      + provers reached time limit before completing the proof

 info: overflow check proved
--> mj-convex_assets.adb:89:49

 info: index check proved
--> mj-convex_assets.adb:89:49

 info: overflow check proved
--> mj-convex_assets.adb:89:64

 info: overflow check proved
--> mj-convex_assets.adb:89:66

 medium: range check might fail, cannot prove lower bound for G'Loop_Entry (J)
--> mj-convex_assets.adb:89:73
   89 |                then G (J) = Encode_Parts (Counts (J-(S.First_Graph+2+N)), G'Loop_Entry (J))
      |                                                                           ~^~~~~~~~~~~~~~
      + reason for check: input value must fit in parameter type
      + provers gave up before completing the proof

 info: index check proved
--> mj-convex_assets.adb:89:86

 info: index check proved
--> mj-convex_assets.adb:90:21

 info: index check proved
--> mj-convex_assets.adb:90:40

 info: overflow check proved
--> mj-convex_assets.adb:91:31

 info: overflow check proved
--> mj-convex_assets.adb:91:33

 info: overflow check proved
--> mj-convex_assets.adb:91:35

 info: index check proved
--> mj-convex_assets.adb:92:13

 info: precondition proved
--> mj-convex_assets.adb:92:22

 info: index check proved
--> mj-convex_assets.adb:92:44

 info: range check proved
--> mj-convex_assets.adb:92:48

 info: index check proved
--> mj-convex_assets.adb:92:51

 info: data dependencies proved
--> mj-convex_assets.ads:54:11

 info: postcondition proved
--> mj-convex_assets.ads:55:16

 info: overflow check proved
--> mj-convex_assets.ads:59:36

 info: overflow check proved
--> mj-convex_assets.ads:59:38

 info: index check proved
--> mj-convex_assets.ads:59:47

 info: overflow check proved
--> mj-convex_assets.ads:59:77

 info: overflow check proved
--> mj-convex_assets.ads:59:79

 info: overflow check proved
--> mj-convex_assets.ads:59:81

 info: index check proved
--> mj-convex_assets.ads:59:90

 info: index check proved
--> mj-convex_assets.ads:60:23

 medium: precondition might fail, cannot prove Low < Graph_Index_Base
--> mj-convex_assets.ads:60:28
   60 |                  then G (J) = Encode_Parts (
      |                               ^~~~~~~~~~~~~~
   61 |                    Find_End (G'Old, S.First_Graph+2+2*G'Old (S.First_Graph)+G'Old (S.First_Graph+2+(J-(S.First_Graph+2+G'Old (S.First_Graph)))), S.First_Graph+(S.Graph_Length-1)), G'Old (J))
      |                    ~~~~~~~~~~~~~~~~~~~~~~~~~~~~~~~~~~~~~~~~~~~~~~~~~~~~~~~~~~~~~~~~~~~~~~~~~~~~~~~~~~~~~~~~~~~~~~~~~~~~~~~~~~~~~~~~~~~~~~~~~~~~~~~~~~~~~~~~~~~~~~~~~~~~~~~~~~~~~~~~~~~~~~~~~
      + provers reached time limit before completing the proof

 info: precondition proved
--> mj-convex_assets.ads:61:17

 info: range check proved
--> mj-convex_assets.ads:61:17

 info: overflow check proved
--> mj-convex_assets.ads:61:47

 info: overflow check proved
--> mj-convex_assets.ads:61:49

 info: overflow check proved
--> mj-convex_assets.ads:61:51

 info: index check proved
--> mj-convex_assets.ads:61:60

 info: overflow check proved
--> mj-convex_assets.ads:61:73

 info: range check proved
--> mj-convex_assets.ads:61:73

 info: overflow check proved
--> mj-convex_assets.ads:61:94

 info: overflow check proved
--> mj-convex_assets.ads:61:96

 info: index check proved
--> mj-convex_assets.ads:61:96

 info: overflow check proved
--> mj-convex_assets.ads:61:99

 info: overflow check proved
--> mj-convex_assets.ads:61:114

 info: overflow check proved
--> mj-convex_assets.ads:61:116

 info: index check proved
--> mj-convex_assets.ads:61:125

 info: overflow check proved
--> mj-convex_assets.ads:61:156

 info: range check proved
--> mj-convex_assets.ads:61:156

 medium: range check might fail, cannot prove lower bound for G'Old (J)
--> mj-convex_assets.ads:61:179
   61 |                    Find_End (G'Old, S.First_Graph+2+2*G'Old (S.First_Graph)+G'Old (S.First_Graph+2+(J-(S.First_Graph+2+G'Old (S.First_Graph)))), S.First_Graph+(S.Graph_Length-1)), G'Old (J))
      |                                                                                                                                                                                     ~^~~~~~~
      + reason for check: input value must fit in parameter type
      + provers reached time limit before completing the proof

 info: index check proved
--> mj-convex_assets.ads:61:185

 info: index check proved
--> mj-convex_assets.ads:62:23

 info: index check proved
--> mj-convex_assets.ads:62:35
Summary logged in /var/tmp/sparkling-meshmesh-proof10-20261001/Compile_Degrees/validation/obj/gnatprove/gnatprove.out
gnatprove: unproved check messages considered as errors
guarded: elapsed 53.6 s, peak group RSS 332 MB
