Phase 1 of 3: generation of data representation information ...
Phase 2 of 3: generation of Global contracts ...
Phase 3 of 3: flow analysis and proof ...
 info: initialization of "N" proved
--> mj-convex_assets.adb:34:07

 info: initialization of "First_Edge" proved
--> mj-convex_assets.adb:34:10

 info: initialization of "Last" proved
--> mj-convex_assets.adb:34:22

 info: range check proved
--> mj-convex_assets.adb:37:12

 info: index check proved
--> mj-convex_assets.adb:37:16

 info: overflow check proved
--> mj-convex_assets.adb:39:34

 info: overflow check proved
--> mj-convex_assets.adb:39:36

 info: overflow check proved
--> mj-convex_assets.adb:39:38

 info: overflow check proved
--> mj-convex_assets.adb:39:63

 info: range check proved
--> mj-convex_assets.adb:39:63

 info: loop invariant preservation proved
--> mj-convex_assets.adb:41:33

 info: loop invariant initialization proved
--> mj-convex_assets.adb:41:33

 info: index check proved
--> mj-convex_assets.adb:41:37

 info: loop invariant preservation proved
--> mj-convex_assets.adb:42:33

 info: loop invariant initialization proved
--> mj-convex_assets.adb:42:33

 info: overflow check proved
--> mj-convex_assets.adb:43:28

 info: overflow check proved
--> mj-convex_assets.adb:43:30

 info: overflow check proved
--> mj-convex_assets.adb:43:32

 info: index check proved
--> mj-convex_assets.adb:43:32

 info: overflow check proved
--> mj-convex_assets.adb:43:65

 info: overflow check proved
--> mj-convex_assets.adb:43:67

 info: overflow check proved
--> mj-convex_assets.adb:43:69

 info: index check proved
--> mj-convex_assets.adb:43:69

 info: overflow check proved
--> mj-convex_assets.adb:44:37

 info: overflow check proved
--> mj-convex_assets.adb:44:39

 info: overflow check proved
--> mj-convex_assets.adb:44:41

 info: index check proved
--> mj-convex_assets.adb:44:41

 info: loop invariant initialization proved
--> mj-convex_assets.adb:45:33

 info: loop invariant preservation proved
--> mj-convex_assets.adb:45:33

 info: overflow check proved
--> mj-convex_assets.adb:46:36

 info: index check proved
--> mj-convex_assets.adb:46:62

 info: index check proved
--> mj-convex_assets.adb:47:21

 info: precondition proved
--> mj-convex_assets.adb:47:26

 info: range check proved
--> mj-convex_assets.adb:47:45

 info: index check proved
--> mj-convex_assets.adb:47:58

 info: range check proved
--> mj-convex_assets.adb:47:63

 info: overflow check proved
--> mj-convex_assets.adb:47:89

 info: overflow check proved
--> mj-convex_assets.adb:47:91

 info: overflow check proved
--> mj-convex_assets.adb:47:93

 info: index check proved
--> mj-convex_assets.adb:47:93

 info: index check proved
--> mj-convex_assets.adb:47:108

 info: index check proved
--> mj-convex_assets.adb:48:21

 info: index check proved
--> mj-convex_assets.adb:48:40

 info: index check proved
--> mj-convex_assets.adb:49:16

 info: index check proved
--> mj-convex_assets.adb:50:16

 info: precondition proved
--> mj-convex_assets.adb:50:22

 info: range check proved
--> mj-convex_assets.adb:50:40

 info: index check proved
--> mj-convex_assets.adb:50:43

 info: range check proved
--> mj-convex_assets.adb:50:47

 info: overflow check proved
--> mj-convex_assets.adb:50:63

 info: overflow check proved
--> mj-convex_assets.adb:50:65

 info: overflow check proved
--> mj-convex_assets.adb:50:67

 info: index check proved
--> mj-convex_assets.adb:50:67

 info: index check proved
--> mj-convex_assets.adb:50:71

 info: data dependencies proved
--> mj-convex_assets.ads:66:11

 info: postcondition proved
--> mj-convex_assets.ads:68:16

 info: index check proved
--> mj-convex_assets.ads:72:25

 info: overflow check proved
--> mj-convex_assets.ads:74:36

 info: overflow check proved
--> mj-convex_assets.ads:74:38

 info: overflow check proved
--> mj-convex_assets.ads:74:40

 info: index check proved
--> mj-convex_assets.ads:74:49

 info: overflow check proved
--> mj-convex_assets.ads:74:79

 info: index check proved
--> mj-convex_assets.ads:75:33

 info: index check proved
--> mj-convex_assets.ads:75:52

 info: overflow check proved
--> mj-convex_assets.ads:75:65

 info: index check proved
--> mj-convex_assets.ads:76:23

 info: precondition proved
--> mj-convex_assets.ads:76:28

 info: range check proved
--> mj-convex_assets.ads:76:47

 info: index check proved
--> mj-convex_assets.ads:76:53

 info: range check proved
--> mj-convex_assets.ads:76:58

 info: overflow check proved
--> mj-convex_assets.ads:76:77

 info: overflow check proved
--> mj-convex_assets.ads:76:79

 info: index check proved
--> mj-convex_assets.ads:76:88

 info: overflow check proved
--> mj-convex_assets.ads:76:101

 info: index check proved
--> mj-convex_assets.ads:76:101

 info: index check proved
--> mj-convex_assets.ads:76:109

 info: index check proved
--> mj-convex_assets.ads:77:23

 info: index check proved
--> mj-convex_assets.ads:77:35
Success: all checks proved (78 checks).
Summary logged in /var/tmp/sparkling-meshmesh-proof10-20261001/Compile_Graph/validation/obj/gnatprove/gnatprove.out
guarded: elapsed 15.1 s, peak group RSS 281 MB
