Phase 1 of 3: generation of data representation information ...
Phase 2 of 3: generation of Global contracts ...
Phase 3 of 3: flow analysis and proof ...
 info: loop invariant initialization proved
--> mj-convex_assets.adb:58:33

 info: loop invariant preservation proved
--> mj-convex_assets.adb:58:33

 info: overflow check proved
--> mj-convex_assets.adb:58:56

 info: index check proved
--> mj-convex_assets.adb:58:65

 info: index check proved
--> mj-convex_assets.adb:59:16

 info: overflow check proved
--> mj-convex_assets.adb:59:36

 info: implicit aspect Always_Terminates on "Find_End" has been proved, subprogram will terminate
--> mj-convex_assets.ads:42:13

 info: data dependencies proved
--> mj-convex_assets.ads:43:11

 info: postcondition proved
--> mj-convex_assets.ads:45:16

 info: index check proved
--> mj-convex_assets.ads:46:53

 info: overflow check proved
--> mj-convex_assets.ads:47:38

 info: overflow check proved
--> mj-convex_assets.ads:47:62

 info: index check proved
--> mj-convex_assets.ads:47:62

 info: overflow check proved
--> mj-convex_assets.ads:48:49

 info: overflow check proved
--> mj-convex_assets.ads:48:65

 info: index check proved
--> mj-convex_assets.ads:48:74
Success: all checks proved (16 checks).
Summary logged in /var/tmp/sparkling-meshmesh-proof10-20261001/Find_End/validation/obj/gnatprove/gnatprove.out
guarded: elapsed 3.9 s, peak group RSS 141 MB
