Phase 1 of 3: generation of data representation information ...
Phase 2 of 3: generation of Global contracts ...
Phase 3 of 3: flow analysis and proof ...
 info: loop invariant initialization proved
--> mj-contact_incidence.adb:5:33

 info: loop invariant preservation proved
--> mj-contact_incidence.adb:5:33

 info: index check proved
--> mj-contact_incidence.adb:5:69

 info: implicit aspect Always_Terminates on "Find_Corner" has been proved, subprogram will terminate
--> mj-contact_incidence.ads:17:13

 info: data dependencies proved
--> mj-contact_incidence.ads:18:11

 info: postcondition proved
--> mj-contact_incidence.ads:19:16

 info: index check proved
--> mj-contact_incidence.ads:21:34

 info: index check proved
--> mj-contact_incidence.ads:22:75

 info: index check proved
--> mj-contact_incidence.ads:23:61
Success: all checks proved (9 checks).
Summary logged in /var/tmp/sparkling-meshmesh-proof10-20261001/Find_Corner/validation/obj/gnatprove/gnatprove.out
guarded: elapsed 3.7 s, peak group RSS 150 MB
