Phase 1 of 3: generation of data representation information ...
Phase 2 of 3: generation of Global contracts ...
Phase 3 of 3: flow analysis and proof ...
 info: range check proved
--> mj-contact_incidence.adb:17:18

 info: precondition proved
--> mj-contact_incidence.adb:17:28

 info: index check proved
--> mj-contact_incidence.adb:19:17

 info: index check proved
--> mj-contact_incidence.adb:20:26

 info: index check proved
--> mj-contact_incidence.adb:20:49

 info: index check proved
--> mj-contact_incidence.adb:20:51

 info: index check proved
--> mj-contact_incidence.adb:21:26

 info: index check proved
--> mj-contact_incidence.adb:21:62

 info: index check proved
--> mj-contact_incidence.adb:21:64

 info: overflow check proved
--> mj-contact_incidence.adb:22:51

 info: index check proved
--> mj-contact_incidence.adb:22:51

 info: index check proved
--> mj-contact_incidence.adb:22:68

 info: implicit aspect Always_Terminates on "List_Matches" has been proved, subprogram will terminate
--> mj-contact_incidence.ads:67:13

 info: data dependencies proved
--> mj-contact_incidence.ads:68:18

 info: postcondition proved
--> mj-contact_incidence.ads:69:16

 info: range check proved
--> mj-contact_incidence.ads:70:15

 info: precondition proved
--> mj-contact_incidence.ads:70:25

 info: index check proved
--> mj-contact_incidence.ads:72:19

 info: index check proved
--> mj-contact_incidence.ads:73:28

 info: index check proved
--> mj-contact_incidence.ads:73:51

 info: index check proved
--> mj-contact_incidence.ads:73:53

 info: index check proved
--> mj-contact_incidence.ads:74:28

 info: index check proved
--> mj-contact_incidence.ads:74:64

 info: index check proved
--> mj-contact_incidence.ads:74:66

 info: overflow check proved
--> mj-contact_incidence.ads:75:53

 info: index check proved
--> mj-contact_incidence.ads:75:53

 info: index check proved
--> mj-contact_incidence.ads:75:70
Success: all checks proved (27 checks).
Summary logged in /var/tmp/sparkling-meshmesh-proof10-20261001/List_Matches/validation/obj/gnatprove/gnatprove.out
guarded: elapsed 4.2 s, peak group RSS 184 MB
