Phase 1 of 3: generation of data representation information ...
Phase 2 of 3: generation of Global contracts ...
Phase 3 of 3: flow analysis and proof ...
 info: precondition proved
--> mj-contact_incidence.adb:12:58

 info: subprogram variant proved
--> mj-contact_incidence.adb:12:58

 info: overflow check proved
--> mj-contact_incidence.adb:12:86

 info: overflow check proved
--> mj-contact_incidence.adb:13:08

 info: range check proved
--> mj-contact_incidence.adb:13:08

 info: index check proved
--> mj-contact_incidence.adb:13:30

 info: index check proved
--> mj-contact_incidence.adb:13:50

 info: implicit aspect Always_Terminates on "Model_Count" has been proved, subprogram will terminate
--> mj-contact_incidence.ads:25:13

 info: data dependencies proved
--> mj-contact_incidence.ads:26:18

 info: postcondition proved
--> mj-contact_incidence.ads:29:16

 info: overflow check proved
--> mj-contact_incidence.ads:29:94

 info: overflow check proved
--> mj-contact_incidence.ads:29:112
Success: all checks proved (12 checks).
Summary logged in /var/tmp/sparkling-meshmesh-proof10-20261001/Model_Count/validation/obj/gnatprove/gnatprove.out
guarded: elapsed 3.7 s, peak group RSS 156 MB
