Phase 1 of 3: generation of data representation information ...
Phase 2 of 3: generation of Global contracts ...
Phase 3 of 3: flow analysis and proof ...
 info: data dependencies proved
--> mj-contact_incidence.adb:78:18

 info: overflow check proved
--> mj-contact_incidence.adb:81:77

 info: index check proved
--> mj-contact_incidence.adb:85:62

 info: index check proved
--> mj-contact_incidence.adb:85:79

 info: postcondition proved
--> mj-contact_incidence.adb:86:16

 info: index check proved
--> mj-contact_incidence.adb:87:49

 info: index check proved
--> mj-contact_incidence.adb:87:65

 info: precondition proved
--> mj-contact_incidence.adb:88:12

 info: precondition proved
--> mj-contact_incidence.adb:88:43

 info: precondition proved
--> mj-contact_incidence.adb:93:13

 info: loop invariant initialization proved
--> mj-contact_incidence.adb:95:33

 info: loop invariant preservation proved
--> mj-contact_incidence.adb:95:33

 info: index check proved
--> mj-contact_incidence.adb:96:51

 info: index check proved
--> mj-contact_incidence.adb:96:67

 info: precondition proved
--> mj-contact_incidence.adb:97:14

 info: precondition proved
--> mj-contact_incidence.adb:97:45
Success: all checks proved (16 checks).
Summary logged in /var/tmp/sparkling-meshmesh-proof10-20261001/Preserve_Prefix/validation/obj/gnatprove/gnatprove.out
guarded: elapsed 5.4 s, peak group RSS 202 MB
