Phase 1 of 3: generation of data representation information ...
Phase 2 of 3: generation of Global contracts ...
Phase 3 of 3: flow analysis and proof ...
 info: data dependencies proved
--> mj-contact_incidence.adb:57:18

 info: overflow check proved
--> mj-contact_incidence.adb:59:36

 info: overflow check proved
--> mj-contact_incidence.adb:59:76

 info: index check proved
--> mj-contact_incidence.adb:61:33

 info: index check proved
--> mj-contact_incidence.adb:61:51

 info: index check proved
--> mj-contact_incidence.adb:61:76

 info: index check proved
--> mj-contact_incidence.adb:61:93

 info: index check proved
--> mj-contact_incidence.adb:62:66

 info: index check proved
--> mj-contact_incidence.adb:62:82

 info: index check proved
--> mj-contact_incidence.adb:63:62

 info: index check proved
--> mj-contact_incidence.adb:63:79

 info: precondition proved
--> mj-contact_incidence.adb:64:16

 info: postcondition proved
--> mj-contact_incidence.adb:64:16

 info: precondition proved
--> mj-contact_incidence.adb:64:48

 info: index check proved
--> mj-contact_incidence.adb:67:34

 info: assertion proved
--> mj-contact_incidence.adb:68:25

 info: index check proved
--> mj-contact_incidence.adb:68:52

 info: overflow check proved
--> mj-contact_incidence.adb:68:54

 info: index check proved
--> mj-contact_incidence.adb:68:54

 info: index check proved
--> mj-contact_incidence.adb:68:85

 info: overflow check proved
--> mj-contact_incidence.adb:68:87

 info: index check proved
--> mj-contact_incidence.adb:68:87

 info: loop invariant initialization proved
--> mj-contact_incidence.adb:69:33

 info: loop invariant preservation proved
--> mj-contact_incidence.adb:69:33

 info: index check proved
--> mj-contact_incidence.adb:70:39

 info: overflow check proved
--> mj-contact_incidence.adb:70:41

 info: index check proved
--> mj-contact_incidence.adb:70:41

 info: index check proved
--> mj-contact_incidence.adb:70:72

 info: overflow check proved
--> mj-contact_incidence.adb:70:74

 info: index check proved
--> mj-contact_incidence.adb:70:74

 info: assertion proved
--> mj-contact_incidence.adb:72:22

 info: range check proved
--> mj-contact_incidence.adb:72:28

 info: index check proved
--> mj-contact_incidence.adb:72:49

 info: index check proved
--> mj-contact_incidence.adb:72:69

 info: index check proved
--> mj-contact_incidence.adb:72:85

 info: range check proved
--> mj-contact_incidence.adb:73:27

 info: index check proved
--> mj-contact_incidence.adb:73:47

 info: index check proved
--> mj-contact_incidence.adb:73:66

 info: index check proved
--> mj-contact_incidence.adb:73:81
Success: all checks proved (39 checks).
Summary logged in /var/tmp/sparkling-meshmesh-proof10-20261001/Preserve_Vertex/validation/obj/gnatprove/gnatprove.out
guarded: elapsed 5.2 s, peak group RSS 209 MB
