Phase 1 of 3: generation of data representation information ...
Phase 2 of 3: generation of Global contracts ...
Phase 3 of 3: flow analysis and proof ...
 info: implicit aspect Always_Terminates on "Unit2" has been proved, subprogram will terminate
--> mj-tendon_geometry.adb:37:13

 info: postcondition proved
--> mj-tendon_geometry.adb:39:14

 info: precondition proved
--> mj-tendon_geometry.adb:39:33

 info: float overflow check proved
--> mj-tendon_geometry.adb:40:20

 info: division check proved
--> mj-tendon_geometry.adb:40:27

 info: float overflow check proved
--> mj-tendon_geometry.adb:40:27

 info: precondition proved
--> mj-tendon_geometry.adb:40:29

 info: float overflow check proved
--> mj-tendon_geometry.adb:40:47

 info: division check proved
--> mj-tendon_geometry.adb:40:54

 info: float overflow check proved
--> mj-tendon_geometry.adb:40:54

 info: precondition proved
--> mj-tendon_geometry.adb:40:56

 info: precondition proved
--> mj-tendon_geometry.adb:43:28

 info: initialization of "S" proved
--> mj-tendon_geometry.adb:44:07

 info: division check proved
--> mj-tendon_geometry.adb:49:16

 info: float overflow check proved
--> mj-tendon_geometry.adb:49:16

 info: float overflow check proved
--> mj-tendon_geometry.adb:50:21

 info: float overflow check proved
--> mj-tendon_geometry.adb:50:32

 info: no contextual analysis of "Inside" (in potentially unevaluated context)
--> mj-tendon_geometry.adb:278:57

 info: no contextual analysis of "Circle" (in potentially unevaluated context)
--> mj-tendon_geometry.adb:279:18
Success: all checks proved (17 checks).
Summary logged in /var/tmp/sparkling-spatial-tendons-20260930/proof/mj-tendon_geometry-Unit2/validation/obj/gnatprove/gnatprove.out
guarded: elapsed 5.1 s, peak group RSS 137 MB
