Phase 1 of 3: generation of data representation information ...
Phase 2 of 3: generation of Global contracts ...
Phase 3 of 3: flow analysis and proof ...
 info: precondition proved
--> mj-tendon_geometry.adb:17:28

 info: precondition proved
--> mj-tendon_geometry.adb:19:53

 info: division check proved
--> mj-tendon_geometry.adb:19:67

 info: float overflow check proved
--> mj-tendon_geometry.adb:19:67

 info: no contextual analysis of "Inside" (in potentially unevaluated context)
--> mj-tendon_geometry.adb:278:57

 info: no contextual analysis of "Circle" (in potentially unevaluated context)
--> mj-tendon_geometry.adb:279:18

 info: implicit aspect Always_Terminates on "Unit" has been proved, subprogram will terminate
--> mj-tendon_geometry.ads:20:13

 info: postcondition proved
--> mj-tendon_geometry.ads:22:14

 info: precondition proved
--> mj-tendon_geometry.ads:24:35

 info: precondition proved
--> mj-tendon_geometry.ads:25:13

 info: division check proved
--> mj-tendon_geometry.ads:25:27

 info: float overflow check proved
--> mj-tendon_geometry.ads:25:27

 info: precondition proved
--> mj-tendon_geometry.ads:25:29
Success: all checks proved (11 checks).
Summary logged in /var/tmp/sparkling-spatial-tendons-20260930/proof/mj-tendon_geometry-Unit/validation/obj/gnatprove/gnatprove.out
guarded: elapsed 52.8 s, peak group RSS 193 MB
