Phase 1 of 3: generation of data representation information ...
Phase 2 of 3: generation of Global contracts ...
Phase 3 of 3: flow analysis and proof ...
 info: precondition proved
--> mj-data-pipeline.adb:831:07

 info: non-aliasing of formal parameters "Bodies" and "Linear" proved
--> mj-data-pipeline.adb:832:24

 info: non-aliasing of formal parameters "Bodies" and "Angular" proved
--> mj-data-pipeline.adb:832:24

 info: non-aliasing of formal parameters "Bodies" and "Valid" proved
--> mj-data-pipeline.adb:832:24

 info: pointer dereference check proved
--> mj-data-pipeline.adb:832:24

 info: non-aliasing of formal parameters "Joints" and "Linear" proved
--> mj-data-pipeline.adb:832:44

 info: non-aliasing of formal parameters "Joints" and "Angular" proved
--> mj-data-pipeline.adb:832:44

 info: non-aliasing of formal parameters "Joints" and "Valid" proved
--> mj-data-pipeline.adb:832:44

 info: pointer dereference check proved
--> mj-data-pipeline.adb:832:44

 info: non-aliasing of formal parameters "Body_Poses" and "Linear" proved
--> mj-data-pipeline.adb:833:29

 info: non-aliasing of formal parameters "Body_Poses" and "Angular" proved
--> mj-data-pipeline.adb:833:29

 info: non-aliasing of formal parameters "Body_Poses" and "Valid" proved
--> mj-data-pipeline.adb:833:29

 info: pointer dereference check proved
--> mj-data-pipeline.adb:833:29

 info: non-aliasing of formal parameters "Joint_Poses" and "Linear" proved
--> mj-data-pipeline.adb:833:53

 info: non-aliasing of formal parameters "Joint_Poses" and "Angular" proved
--> mj-data-pipeline.adb:833:53

 info: non-aliasing of formal parameters "Joint_Poses" and "Valid" proved
--> mj-data-pipeline.adb:833:53

 info: pointer dereference check proved
--> mj-data-pipeline.adb:833:53

 info: non-aliasing of formal parameters "Linear" and "Angular" proved
--> mj-data-pipeline.adb:834:38

 info: non-aliasing of formal parameters "Linear" and "Valid" proved
--> mj-data-pipeline.adb:834:38

 info: pointer dereference check proved
--> mj-data-pipeline.adb:834:38

 info: non-aliasing of formal parameters "Angular" and "Valid" proved
--> mj-data-pipeline.adb:834:72

 info: pointer dereference check proved
--> mj-data-pipeline.adb:834:72

 info: precondition proved
--> mj-data-pipeline.adb:836:07

 info: assertion proved
--> mj-data-pipeline.adb:837:32

 info: initialization of "Result" proved
--> mj-data-pipeline.ads:40:55

 info: data dependencies proved
--> mj-data-pipeline.ads:41:11

 info: postcondition proved
--> mj-data-pipeline.ads:42:14

 info: pointer dereference check proved
--> mj-data-pipeline.ads:52:52

 info: pointer dereference check proved
--> mj-data-pipeline.ads:52:74

 info: pointer dereference check proved
--> mj-data-pipeline.ads:54:55

 info: pointer dereference check proved
--> mj-data-pipeline.ads:54:80

 info: pointer dereference check proved
--> mj-data-pipeline.ads:55:31

 info: pointer dereference check proved
--> mj-data-pipeline.ads:55:53

 info: pointer dereference check proved
--> mj-data-pipeline.ads:57:57

 info: pointer dereference check proved
--> mj-data-pipeline.ads:58:59

 info: precondition proved
--> mj-data-pipeline.ads:59:37

 info: pointer dereference check proved
--> mj-data-pipeline.ads:59:65

 info: precondition proved
--> mj-data-pipeline.ads:60:30

 info: pointer dereference check proved
--> mj-data-pipeline.ads:60:58
Success: all checks proved (39 checks).
Summary logged in /var/tmp/sparkling-spatial-tendons-20260930/spatial-integration-proof-eto983ao/mj-data-pipeline-Ensure_Jacobians/mj-data-pipeline-obj/gnatprove/gnatprove.out
guarded: elapsed 125.1 s, peak group RSS 885 MB
