Phase 1 of 3: generation of data representation information ...
Phase 2 of 3: generation of Global contracts ...
Phase 3 of 3: flow analysis and proof ...
Summary logged in /var/tmp/sparkling-services-advanced-prepare-min4-r15-20261003/Prepare/validation/obj/gnatprove/gnatprove.out
guarded: elapsed 170.7 s, peak group RSS 804 MB
 info: pointer dereference check proved
--> mj-data-controller_dynamics.adb:16:58

 info: pointer dereference check proved
--> mj-data-controller_dynamics.adb:17:58

 info: precondition proved
--> mj-data-controller_dynamics.adb:23:07

 info: pointer dereference check proved
--> mj-data-controller_dynamics.adb:23:40

 info: pointer dereference check proved
--> mj-data-controller_dynamics.adb:23:72

 info: assertion proved
--> mj-data-controller_dynamics.adb:25:32

 info: assertion proved
--> mj-data-controller_dynamics.adb:26:32

 info: precondition proved
--> mj-data-controller_dynamics.adb:28:18

 info: assertion proved
--> mj-data-controller_dynamics.adb:29:35

 info: assertion proved
--> mj-data-controller_dynamics.adb:30:32

 info: precondition proved
--> mj-data-controller_dynamics.adb:34:18

 info: assertion proved
--> mj-data-controller_dynamics.adb:35:35

 medium: assertion might fail
--> mj-data-controller_dynamics.adb:36:32
   36 |          pragma Assert (Static => State_Values (D) = Initial_State);
      |                                   ^~~~~~~~~~~~~~~~~~~~~~~~~~~~~~~~
      + provers reached time limit before completing the proof

 info: precondition proved
--> mj-data-controller_dynamics.adb:39:20

 info: assertion proved
--> mj-data-controller_dynamics.adb:40:32

 medium: assertion might fail
--> mj-data-controller_dynamics.adb:41:32
   41 |          pragma Assert (Static => State_Values (D) = Initial_State);
      |                                   ^~~~~~~~~~~~~~~~~~~~~~~~~~~~~~~~
      + provers reached time limit before completing the proof

 info: precondition proved
--> mj-data-controller_dynamics.adb:43:19

 info: assertion proved
--> mj-data-controller_dynamics.adb:44:32

 info: assertion proved
--> mj-data-controller_dynamics.adb:45:32

 info: initialization of "Result" proved
--> mj-data-controller_dynamics.ads:4:67

 medium: postcondition might fail, cannot prove State_Values (D) = State_Values (D)'Old
--> mj-data-controller_dynamics.ads:8:36
    8 |       pragma Postcondition (Static => State_Values (D) = State_Values (D)'Old);
      |                                       ^~~~~~~~~~~~~~~~~~~~~~~~~~~~~~~~~~~~~~~
      + provers reached time limit before completing the proof
gnatprove: unproved check messages considered as errors
