=========================
Summary of SPARK analysis
=========================

--------------------------------------------------------------------------------
SPARK Analysis results        Total       Flow    Provers   Justified   Unproved
--------------------------------------------------------------------------------
Data Dependencies                 .          .          .           .          .
Flow Dependencies                 .          .          .           .          .
Initialization                    .          .          .           .          .
Non-Aliasing                      .          .          .           .          .
Run-time Checks                   .          .          .           .          .
Assertions                        .          .          .           .          .
Functional Contracts              3          .     3 (Z3)           .          .
LSP Verification                  .          .          .           .          .
Termination                       1          1          .           .          .
Concurrency                       .          .          .           .          .
--------------------------------------------------------------------------------
Total                             4    1 (25%)    3 (75%)           .          .


max steps used for successful proof: 1

============================
Most difficult proved checks
============================

No check found with max time greater than 1 second

========================
Detailed analysis report
========================

Analyzed 1 unit
in unit mj-tendon_geometry, 1 subprograms and packages out of 1 analyzed
  MJ.Tendon_Geometry.Norm2 at mj-tendon_geometry.adb:34 flow analyzed (0 errors, 0 checks, 0 warnings and 0 pragma Assume statements) and proved (3 checks)
