Phase 1 of 3: generation of data representation information ...
Phase 2 of 3: generation of Global contracts ...
Phase 3 of 3: flow analysis and proof ...
 info: initialization of "Result" proved
--> mj-data-flex_elasticity-material_loading.adb:250:24

 info: pointer dereference check proved
--> mj-data-flex_elasticity-material_loading.adb:254:55

 info: index check proved
--> mj-data-flex_elasticity-material_loading.adb:254:66

 info: postcondition proved
--> mj-data-flex_elasticity-material_loading.adb:255:25

 info: pointer dereference check proved
--> mj-data-flex_elasticity-material_loading.adb:256:17

 info: index check proved
--> mj-data-flex_elasticity-material_loading.adb:256:28

 info: pointer dereference check proved
--> mj-data-flex_elasticity-material_loading.adb:257:35

 info: index check proved
--> mj-data-flex_elasticity-material_loading.adb:257:50

 info: pointer dereference check proved
--> mj-data-flex_elasticity-material_loading.adb:257:73

 info: index check proved
--> mj-data-flex_elasticity-material_loading.adb:257:88

 info: pointer dereference check proved
--> mj-data-flex_elasticity-material_loading.adb:259:33

 info: index check proved
--> mj-data-flex_elasticity-material_loading.adb:259:48

 info: pointer dereference check proved
--> mj-data-flex_elasticity-material_loading.adb:259:71

 info: index check proved
--> mj-data-flex_elasticity-material_loading.adb:259:86

 info: pointer dereference check proved
--> mj-data-flex_elasticity-material_loading.adb:261:36

 info: index check proved
--> mj-data-flex_elasticity-material_loading.adb:261:51

 info: pointer dereference check proved
--> mj-data-flex_elasticity-material_loading.adb:261:74

 info: index check proved
--> mj-data-flex_elasticity-material_loading.adb:261:89

 info: pointer dereference check proved
--> mj-data-flex_elasticity-material_loading.adb:263:18

 info: index check proved
--> mj-data-flex_elasticity-material_loading.adb:263:38

 info: pointer dereference check proved
--> mj-data-flex_elasticity-material_loading.adb:263:57

 info: index check proved
--> mj-data-flex_elasticity-material_loading.adb:263:75

 info: pointer dereference check proved
--> mj-data-flex_elasticity-material_loading.adb:264:22

 info: index check proved
--> mj-data-flex_elasticity-material_loading.adb:264:42

 info: pointer dereference check proved
--> mj-data-flex_elasticity-material_loading.adb:265:20

 info: index check proved
--> mj-data-flex_elasticity-material_loading.adb:265:40

 info: overflow check proved
--> mj-data-flex_elasticity-material_loading.adb:265:65

 info: pointer dereference check proved
--> mj-data-flex_elasticity-material_loading.adb:266:22

 info: index check proved
--> mj-data-flex_elasticity-material_loading.adb:266:40

 info: pointer dereference check proved
--> mj-data-flex_elasticity-material_loading.adb:267:20

 info: index check proved
--> mj-data-flex_elasticity-material_loading.adb:267:38

 info: overflow check proved
--> mj-data-flex_elasticity-material_loading.adb:267:61

 info: pointer dereference check proved
--> mj-data-flex_elasticity-material_loading.adb:268:29

 info: index check proved
--> mj-data-flex_elasticity-material_loading.adb:268:42

 info: pointer dereference check proved
--> mj-data-flex_elasticity-material_loading.adb:269:36

 info: index check proved
--> mj-data-flex_elasticity-material_loading.adb:269:56

 info: pointer dereference check proved
--> mj-data-flex_elasticity-material_loading.adb:270:31

 info: index check proved
--> mj-data-flex_elasticity-material_loading.adb:270:51

 info: pointer dereference check proved
--> mj-data-flex_elasticity-material_loading.adb:271:20

 info: pointer dereference check proved
--> mj-data-flex_elasticity-material_loading.adb:271:38

 info: index check proved
--> mj-data-flex_elasticity-material_loading.adb:271:38

 info: index check proved
--> mj-data-flex_elasticity-material_loading.adb:271:58

 info: pointer dereference check proved
--> mj-data-flex_elasticity-material_loading.adb:272:30

 info: index check proved
--> mj-data-flex_elasticity-material_loading.adb:272:45

 info: pointer dereference check proved
--> mj-data-flex_elasticity-material_loading.adb:273:37

 info: index check proved
--> mj-data-flex_elasticity-material_loading.adb:273:58

 info: pointer dereference check proved
--> mj-data-flex_elasticity-material_loading.adb:274:35

 info: index check proved
--> mj-data-flex_elasticity-material_loading.adb:274:54

 info: pointer dereference check proved
--> mj-data-flex_elasticity-material_loading.adb:275:33

 info: index check proved
--> mj-data-flex_elasticity-material_loading.adb:275:48

 info: pointer dereference check proved
--> mj-data-flex_elasticity-material_loading.adb:276:33

 info: index check proved
--> mj-data-flex_elasticity-material_loading.adb:276:48

 info: pointer dereference check proved
--> mj-data-flex_elasticity-material_loading.adb:277:33

 info: index check proved
--> mj-data-flex_elasticity-material_loading.adb:277:48

 info: pointer dereference check proved
--> mj-data-flex_elasticity-material_loading.adb:278:32

 info: index check proved
--> mj-data-flex_elasticity-material_loading.adb:278:47

 info: pointer dereference check proved
--> mj-data-flex_elasticity-material_loading.adb:279:34

 info: index check proved
--> mj-data-flex_elasticity-material_loading.adb:279:45

 info: pointer dereference check proved
--> mj-data-flex_elasticity-material_loading.adb:280:33

 info: index check proved
--> mj-data-flex_elasticity-material_loading.adb:280:53

 info: pointer dereference check proved
--> mj-data-flex_elasticity-material_loading.adb:281:33

 info: index check proved
--> mj-data-flex_elasticity-material_loading.adb:281:51

 info: overflow check proved
--> mj-data-flex_elasticity-material_loading.adb:284:55

 info: pointer dereference check proved
--> mj-data-flex_elasticity-material_loading.adb:285:33

 info: index check proved
--> mj-data-flex_elasticity-material_loading.adb:285:48

 info: overflow check proved
--> mj-data-flex_elasticity-material_loading.adb:285:79

 info: pointer dereference check proved
--> mj-data-flex_elasticity-material_loading.adb:285:81

 info: index check proved
--> mj-data-flex_elasticity-material_loading.adb:285:96

 info: pointer dereference check proved
--> mj-data-flex_elasticity-material_loading.adb:286:33

 info: index check proved
--> mj-data-flex_elasticity-material_loading.adb:286:48

 info: overflow check proved
--> mj-data-flex_elasticity-material_loading.adb:286:79

 info: pointer dereference check proved
--> mj-data-flex_elasticity-material_loading.adb:286:81

 info: index check proved
--> mj-data-flex_elasticity-material_loading.adb:286:96

 info: pointer dereference check proved
--> mj-data-flex_elasticity-material_loading.adb:287:18

 info: index check proved
--> mj-data-flex_elasticity-material_loading.adb:287:33

 info: pointer dereference check proved
--> mj-data-flex_elasticity-material_loading.adb:288:18

 info: index check proved
--> mj-data-flex_elasticity-material_loading.adb:288:39

 info: pointer dereference check proved
--> mj-data-flex_elasticity-material_loading.adb:289:18

 info: index check proved
--> mj-data-flex_elasticity-material_loading.adb:289:37

 info: pointer dereference check proved
--> mj-data-flex_elasticity-material_loading.adb:290:11

 info: index check proved
--> mj-data-flex_elasticity-material_loading.adb:290:31

 info: overflow check proved
--> mj-data-flex_elasticity-material_loading.adb:292:65

 info: overflow check proved
--> mj-data-flex_elasticity-material_loading.adb:292:68

 info: pointer dereference check proved
--> mj-data-flex_elasticity-material_loading.adb:292:70

 info: index check proved
--> mj-data-flex_elasticity-material_loading.adb:292:85

 info: overflow check proved
--> mj-data-flex_elasticity-material_loading.adb:293:64

 info: overflow check proved
--> mj-data-flex_elasticity-material_loading.adb:293:67

 info: pointer dereference check proved
--> mj-data-flex_elasticity-material_loading.adb:293:69

 info: index check proved
--> mj-data-flex_elasticity-material_loading.adb:293:84

 info: range check proved
--> mj-data-flex_elasticity-material_loading.adb:294:20

 info: range check proved
--> mj-data-flex_elasticity-material_loading.adb:294:41

 info: range check proved
--> mj-data-flex_elasticity-material_loading.adb:294:54

 info: range check proved
--> mj-data-flex_elasticity-material_loading.adb:295:23

 info: pointer dereference check proved
--> mj-data-flex_elasticity-material_loading.adb:295:37

 info: range check proved
--> mj-data-flex_elasticity-material_loading.adb:295:37

 info: index check proved
--> mj-data-flex_elasticity-material_loading.adb:295:52

 info: range check proved
--> mj-data-flex_elasticity-material_loading.adb:295:73

 info: pointer dereference check proved
--> mj-data-flex_elasticity-material_loading.adb:295:87

 info: range check proved
--> mj-data-flex_elasticity-material_loading.adb:295:87

 info: index check proved
--> mj-data-flex_elasticity-material_loading.adb:295:102

 info: pointer dereference check proved
--> mj-data-flex_elasticity-material_loading.adb:296:19

 info: index check proved
--> mj-data-flex_elasticity-material_loading.adb:296:32

 info: pointer dereference check proved
--> mj-data-flex_elasticity-material_loading.adb:296:59

 info: range check proved
--> mj-data-flex_elasticity-material_loading.adb:296:59

 info: index check proved
--> mj-data-flex_elasticity-material_loading.adb:296:79

 info: pointer dereference check proved
--> mj-data-flex_elasticity-material_loading.adb:297:38

 info: index check proved
--> mj-data-flex_elasticity-material_loading.adb:297:53

 info: pointer dereference check proved
--> mj-data-flex_elasticity-material_loading.adb:297:70

 info: index check proved
--> mj-data-flex_elasticity-material_loading.adb:297:87

 info: pointer dereference check proved
--> mj-data-flex_elasticity-material_loading.adb:298:21

 info: range check proved
--> mj-data-flex_elasticity-material_loading.adb:298:21

 info: index check proved
--> mj-data-flex_elasticity-material_loading.adb:298:36

 info: pointer dereference check proved
--> mj-data-flex_elasticity-material_loading.adb:298:59

 info: range check proved
--> mj-data-flex_elasticity-material_loading.adb:298:59

 info: index check proved
--> mj-data-flex_elasticity-material_loading.adb:298:80

 info: pointer dereference check proved
--> mj-data-flex_elasticity-material_loading.adb:298:101

 info: range check proved
--> mj-data-flex_elasticity-material_loading.adb:298:101

 info: index check proved
--> mj-data-flex_elasticity-material_loading.adb:298:120
Success: all checks proved (118 checks).
Summary logged in /var/tmp/sparkling-flex-material-analysis-20261003-r272/validation/obj/gnatprove/gnatprove.out
guarded: elapsed 79.1 s, peak group RSS 426 MB
