Phase 1 of 3: generation of data representation information ...
Phase 2 of 3: generation of Global contracts ...
Phase 3 of 3: flow analysis and proof ...
Success: all checks proved (8 checks).
Summary logged in /var/tmp/sparkling-services-expmap-min3-20261003/Norm3/validation/obj/gnatprove/gnatprove.out
guarded: elapsed 3.3 s, peak group RSS 140 MB
 info: implicit aspect Always_Terminates on "Norm3" has been proved, subprogram will terminate
--> mj-actuator_geometry.ads:6:16

 info: precondition proved
--> mj-actuator_geometry.ads:7:14

 info: float overflow check proved
--> mj-actuator_geometry.ads:7:27

 info: float overflow check proved
--> mj-actuator_geometry.ads:7:33

 info: float overflow check proved
--> mj-actuator_geometry.ads:7:39

 info: float overflow check proved
--> mj-actuator_geometry.ads:7:46

 info: float overflow check proved
--> mj-actuator_geometry.ads:7:52

 info: postcondition proved
--> mj-actuator_geometry.ads:8:49
