Phase 1 of 3: generation of data representation information ...
Phase 2 of 3: generation of Global contracts ...
Phase 3 of 3: flow analysis and proof ...
Summary logged in /var/tmp/sparkling-services-advanced-controller-compose-r13-r2-20261003/Evaluate/validation/obj/gnatprove/gnatprove.out
guarded: elapsed 124.0 s, peak group RSS 1715 MB
 info: analyzing call to "Stage" in context
--> mj-data-advanced_control.adb:308:55

 info: analyzing call to "Stage" in context
--> mj-data-advanced_control.adb:311:66

 info: analyzing call to "Stage" in context
--> mj-data-advanced_control.adb:330:56

 info: analyzing call to "Stage" in context
--> mj-data-advanced_control.adb:338:25

 info: analyzing call to "Stage" in context
--> mj-data-advanced_control.adb:364:22

 info: analyzing call to "Stage" in context
--> mj-data-advanced_control.adb:393:19

 info: precondition proved
--> mj-data-advanced_control.adb:441:10

 info: initialization of "Result" proved
--> mj-data-advanced_control.ads:47:70

 info: data dependencies proved
--> mj-data-advanced_control.ads:49:11

 medium: postcondition might fail, cannot prove Inputs (E) = Inputs (E)'Old
--> mj-data-advanced_control.ads:52:64
   52 |             and then Activation (E) = Activation (E)'Old and then Inputs (E) = Inputs (E)'Old
      |                                                                   ^~~~~~~~~~~~~~~~~~~~~~~~~~~
      + provers reached time limit before completing the proof
gnatprove: unproved check messages considered as errors
