Phase 1 of 3: generation of data representation information ...
Phase 2 of 3: generation of Global contracts ...
Phase 3 of 3: flow analysis and proof ...
 info: loop invariant initialization proved
--> mj-contact_incidence.adb:5:33

 info: loop invariant preservation proved
--> mj-contact_incidence.adb:5:33

 info: index check proved
--> mj-contact_incidence.adb:5:69

 info: precondition proved
--> mj-contact_incidence.adb:12:37

 info: subprogram variant proved
--> mj-contact_incidence.adb:12:37

 info: overflow check proved
--> mj-contact_incidence.adb:12:65

 info: overflow check proved
--> mj-contact_incidence.adb:13:08

 info: range check proved
--> mj-contact_incidence.adb:13:08

 info: index check proved
--> mj-contact_incidence.adb:13:30

 info: index check proved
--> mj-contact_incidence.adb:13:50

 info: index check proved
--> mj-contact_incidence.adb:16:15

 info: index check proved
--> mj-contact_incidence.adb:16:50

 info: index check proved
--> mj-contact_incidence.adb:17:24

 medium: precondition might fail, cannot prove Last >= Integer (F'First)-1
--> mj-contact_incidence.adb:17:34
   17 |          and then L.Size (Vertex) = Model_Count (F, L.First+Vertex, F'Last)
      |                                     ^~~~~~~~~~~~~~~~~~~~~~~~~~~~~~~~~~~~~~
      + provers reached time limit before completing the proof

 info: overflow check proved
--> mj-contact_incidence.adb:17:57

 info: index check proved
--> mj-contact_incidence.adb:18:43

 info: index check proved
--> mj-contact_incidence.adb:19:26

 info: overflow check proved
--> mj-contact_incidence.adb:19:33

 info: index check proved
--> mj-contact_incidence.adb:19:33

 info: index check proved
--> mj-contact_incidence.adb:20:35

 info: overflow check proved
--> mj-contact_incidence.adb:20:42

 info: index check proved
--> mj-contact_incidence.adb:20:42

 info: index check proved
--> mj-contact_incidence.adb:20:77

 info: overflow check proved
--> mj-contact_incidence.adb:20:84

 info: index check proved
--> mj-contact_incidence.adb:20:84

 info: index check proved
--> mj-contact_incidence.adb:20:87

 info: index check proved
--> mj-contact_incidence.adb:21:38

 info: overflow check proved
--> mj-contact_incidence.adb:21:45

 info: index check proved
--> mj-contact_incidence.adb:21:45

 info: index check proved
--> mj-contact_incidence.adb:21:48

 info: index check proved
--> mj-contact_incidence.adb:21:81

 info: overflow check proved
--> mj-contact_incidence.adb:21:88

 info: index check proved
--> mj-contact_incidence.adb:21:88

 info: overflow check proved
--> mj-contact_incidence.adb:21:111

 info: index check proved
--> mj-contact_incidence.adb:22:50

 info: overflow check proved
--> mj-contact_incidence.adb:22:57

 info: index check proved
--> mj-contact_incidence.adb:22:59

 info: index check proved
--> mj-contact_incidence.adb:22:87

 info: overflow check proved
--> mj-contact_incidence.adb:22:94

 info: index check proved
--> mj-contact_incidence.adb:22:94

 medium: range check might fail, cannot prove upper bound for F'Length
--> mj-contact_incidence.adb:25:78
   25 |         (not L.Ready or else (L.First_Facet = F'First and then L.Facet_Count = F'Length
      |                                                                                ~^~~~~~~
      + provers reached time limit before completing the proof

 info: overflow check proved
--> mj-contact_incidence.adb:27:64

 info: precondition proved
--> mj-contact_incidence.adb:28:49

 info: overflow check proved
--> mj-contact_incidence.adb:34:57

 info: overflow check proved
--> mj-contact_incidence.adb:35:30

 info: index check proved
--> mj-contact_incidence.adb:35:30

 info: overflow check proved
--> mj-contact_incidence.adb:35:73

 info: index check proved
--> mj-contact_incidence.adb:35:73

 info: overflow check proved
--> mj-contact_incidence.adb:40:36

 info: overflow check proved
--> mj-contact_incidence.adb:40:45

 medium: range check might fail, cannot prove upper bound for F'Length
--> mj-contact_incidence.adb:41:66
   41 |          and then L.First_Facet = F'First and then L.Facet_Count = F'Length);
      |                                                                    ~^~~~~~~
      + provers reached time limit before completing the proof

 info: overflow check proved
--> mj-contact_incidence.adb:44:21

 info: index check proved
--> mj-contact_incidence.adb:44:21

 info: overflow check proved
--> mj-contact_incidence.adb:47:30

 info: index check proved
--> mj-contact_incidence.adb:47:30

 info: overflow check proved
--> mj-contact_incidence.adb:47:39

 info: index check proved
--> mj-contact_incidence.adb:47:39

 warning: initialization of "Begin_At" has no effect
--> mj-contact_incidence.adb:51:07
   51 |          Used, Begin_At, Position : Natural := 0;
      |          ^~~~~~~~~~~~~~~~~~~~~~~~~~~~~~~~~~~~~~~

 warning: initialization of "Position" has no effect
--> mj-contact_incidence.adb:51:07
   51 |          Used, Begin_At, Position : Natural := 0;
      |          ^~~~~~~~~~~~~~~~~~~~~~~~~~~~~~~~~~~~~~~

 info: range check proved
--> mj-contact_incidence.adb:55:44

 medium: range check might fail, cannot prove lower bound for F'First
--> mj-contact_incidence.adb:56:25
   56 |          L.First_Facet := F'First; L.Facet_Count := F'Length;
      |                           ~^~~~~~
      + reason for check: value must fit in the target type of the assignment
      + provers reached time limit before completing the proof

 info: range check proved
--> mj-contact_incidence.adb:56:51

 info: loop invariant initialization proved
--> mj-contact_incidence.adb:58:33

 info: loop invariant preservation proved
--> mj-contact_incidence.adb:58:33

 info: loop invariant initialization proved
--> mj-contact_incidence.adb:59:33

 info: loop invariant preservation proved
--> mj-contact_incidence.adb:59:33

 info: loop invariant initialization proved
--> mj-contact_incidence.adb:60:33

 info: loop invariant preservation proved
--> mj-contact_incidence.adb:60:33

 info: range check proved
--> mj-contact_incidence.adb:60:78

 info: loop invariant initialization proved
--> mj-contact_incidence.adb:61:33

 info: precondition proved
--> mj-contact_incidence.adb:61:63

 medium: loop invariant might not be preserved by an arbitrary iteration, cannot prove L.Size (Vertex) = Model_Count (F, L.First+Vertex, F'Last)
--> mj-contact_incidence.adb:61:63
   61 |             pragma Loop_Invariant (for all V in 0 .. Vertex-1 => Vertex_Matches (L, F, V));
      |                                                                  ^~~~~~~~~~~~~~~~~~~~~~~
      + in inlined expression function body at mj-contact_incidence.adb:17
      + provers reached time and memory limit before completing the proof

 info: loop invariant initialization proved
--> mj-contact_incidence.adb:62:33

 info: loop invariant preservation proved
--> mj-contact_incidence.adb:62:33

 info: index check proved
--> mj-contact_incidence.adb:62:72

 info: index check proved
--> mj-contact_incidence.adb:62:83

 info: loop invariant initialization proved
--> mj-contact_incidence.adb:65:36

 info: loop invariant preservation proved
--> mj-contact_incidence.adb:65:36

 info: loop invariant initialization proved
--> mj-contact_incidence.adb:66:36

 info: loop invariant preservation proved
--> mj-contact_incidence.adb:66:36

 info: overflow check proved
--> mj-contact_incidence.adb:66:40

 info: precondition proved
--> mj-contact_incidence.adb:66:52

 info: overflow check proved
--> mj-contact_incidence.adb:66:80

 info: overflow check proved
--> mj-contact_incidence.adb:66:93

 info: precondition proved
--> mj-contact_incidence.adb:67:66

 medium: loop invariant might fail in first iteration, cannot prove L.Data (L.Start (Vertex)+K).Face in F'Range
--> mj-contact_incidence.adb:67:66
   67 |                pragma Loop_Invariant (for all V in 0 .. Vertex-1 => Vertex_Matches (L, F, V));
      |                                                                     ^~~~~~~~~~~~~~~~~~~~~~~
      + in inlined expression function body at mj-contact_incidence.adb:19
      + provers reached time limit before completing the proof

 medium: loop invariant might not be preserved by an arbitrary iteration, cannot prove L.Data (L.Start (Vertex)+K).Face in F'Range
--> mj-contact_incidence.adb:67:66
   67 |                pragma Loop_Invariant (for all V in 0 .. Vertex-1 => Vertex_Matches (L, F, V));
      |                                                                     ^~~~~~~~~~~~~~~~~~~~~~~
      + in inlined expression function body at mj-contact_incidence.adb:19
      + provers reached time limit before completing the proof

 info: loop invariant initialization proved
--> mj-contact_incidence.adb:68:36

 info: loop invariant preservation proved
--> mj-contact_incidence.adb:68:36

 info: index check proved
--> mj-contact_incidence.adb:68:75

 info: index check proved
--> mj-contact_incidence.adb:68:86

 info: loop invariant initialization proved
--> mj-contact_incidence.adb:69:36

 info: loop invariant preservation proved
--> mj-contact_incidence.adb:69:36

 info: index check proved
--> mj-contact_incidence.adb:70:23

 info: overflow check proved
--> mj-contact_incidence.adb:70:49

 info: index check proved
--> mj-contact_incidence.adb:71:32

 info: index check proved
--> mj-contact_incidence.adb:71:57

 info: index check proved
--> mj-contact_incidence.adb:71:59

 info: index check proved
--> mj-contact_incidence.adb:72:35

 info: index check proved
--> mj-contact_incidence.adb:72:37

 info: index check proved
--> mj-contact_incidence.adb:72:61

 info: overflow check proved
--> mj-contact_incidence.adb:72:88

 info: overflow check proved
--> mj-contact_incidence.adb:73:55

 info: index check proved
--> mj-contact_incidence.adb:73:55

 info: index check proved
--> mj-contact_incidence.adb:73:74

 info: overflow check proved
--> mj-contact_incidence.adb:74:60

 info: index check proved
--> mj-contact_incidence.adb:77:24

 info: range check proved
--> mj-contact_incidence.adb:77:42

 info: range check proved
--> mj-contact_incidence.adb:77:60

 info: overflow check proved
--> mj-contact_incidence.adb:77:83

 info: index check proved
--> mj-contact_incidence.adb:80:19

 info: range check proved
--> mj-contact_incidence.adb:80:30

 info: index check proved
--> mj-contact_incidence.adb:80:48

 info: overflow check proved
--> mj-contact_incidence.adb:80:63

 info: range check proved
--> mj-contact_incidence.adb:80:63

 info: implicit aspect Always_Terminates on "Find_Corner" has been proved, subprogram will terminate
--> mj-contact_incidence.ads:17:13

 info: data dependencies proved
--> mj-contact_incidence.ads:18:11

 info: postcondition proved
--> mj-contact_incidence.ads:19:16

 info: index check proved
--> mj-contact_incidence.ads:21:34

 info: index check proved
--> mj-contact_incidence.ads:22:75

 info: index check proved
--> mj-contact_incidence.ads:23:61

 info: implicit aspect Always_Terminates on "Model_Count" has been proved, subprogram will terminate
--> mj-contact_incidence.ads:25:13

 info: data dependencies proved
--> mj-contact_incidence.ads:26:18

 info: overflow check proved
--> mj-contact_incidence.ads:27:76

 info: postcondition proved
--> mj-contact_incidence.ads:29:16

 info: overflow check proved
--> mj-contact_incidence.ads:29:73

 info: overflow check proved
--> mj-contact_incidence.ads:29:91

 info: implicit aspect Always_Terminates on "Matches" has been proved, subprogram will terminate
--> mj-contact_incidence.ads:30:13

 info: data dependencies proved
--> mj-contact_incidence.ads:30:78

 info: implicit aspect Always_Terminates on "Describes" has been proved, subprogram will terminate
--> mj-contact_incidence.ads:31:13

 info: data dependencies proved
--> mj-contact_incidence.ads:32:18

 info: implicit aspect Always_Terminates on "Covers" has been proved, subprogram will terminate
--> mj-contact_incidence.ads:34:13

 info: data dependencies proved
--> mj-contact_incidence.ads:35:11

 info: implicit aspect Always_Terminates on "Has_Vertex" has been proved, subprogram will terminate
--> mj-contact_incidence.ads:36:13

 info: data dependencies proved
--> mj-contact_incidence.ads:37:11

 info: implicit aspect Always_Terminates on "Count" has been proved, subprogram will terminate
--> mj-contact_incidence.ads:38:13

 info: data dependencies proved
--> mj-contact_incidence.ads:39:11

 info: implicit aspect Always_Terminates on "Item" has been proved, subprogram will terminate
--> mj-contact_incidence.ads:40:13

 info: data dependencies proved
--> mj-contact_incidence.ads:41:11

 info: precondition proved
--> mj-contact_incidence.ads:42:56

 info: initialization of "L" proved
--> mj-contact_incidence.ads:47:21

 info: initialization of "Result" proved
--> mj-contact_incidence.ads:47:37

 info: data dependencies proved
--> mj-contact_incidence.ads:48:11

 info: overflow check proved
--> mj-contact_incidence.ads:49:70

 medium: postcondition might fail, cannot prove Matches (L, F)
--> mj-contact_incidence.ads:50:16
   50 |           Post => Matches (L, F) and then
      |                   ^~~~~~~~~~~~~
      + provers reached time limit before completing the proof

 info: implicit aspect Always_Terminates on "Vertex_Matches" has been proved, subprogram will terminate
--> mj-contact_incidence.ads:66:13

 info: data dependencies proved
--> mj-contact_incidence.ads:67:18

 info: overflow check proved
--> mj-contact_incidence.ads:68:64
Summary logged in /var/tmp/sparkling-meshmesh-proof-20261001/mj-contact_incidence-whole/validation/obj/gnatprove/gnatprove.out
gnatprove: unproved check messages considered as errors
guarded: elapsed 102.6 s, peak group RSS 284 MB
