Phase 1 of 3: generation of data representation information ...
Phase 2 of 3: generation of Global contracts ...
Phase 3 of 3: flow analysis and proof ...
 warning: initialization of "Begin_At" has no effect
--> mj-contact_incidence.adb:51:07
   51 |          Used, Begin_At, Position : Natural := 0;
      |          ^~~~~~~~~~~~~~~~~~~~~~~~~~~~~~~~~~~~~~~

 warning: initialization of "Position" has no effect
--> mj-contact_incidence.adb:51:07
   51 |          Used, Begin_At, Position : Natural := 0;
      |          ^~~~~~~~~~~~~~~~~~~~~~~~~~~~~~~~~~~~~~~

 info: range check proved
--> mj-contact_incidence.adb:55:44

 medium: range check might fail, cannot prove lower bound for F'First
--> mj-contact_incidence.adb:56:25
   56 |          L.First_Facet := F'First; L.Facet_Count := F'Length;
      |                           ~^~~~~~
      + reason for check: value must fit in the target type of the assignment
      + provers reached time limit before completing the proof

 info: range check proved
--> mj-contact_incidence.adb:56:51

 info: loop invariant initialization proved
--> mj-contact_incidence.adb:58:33

 info: loop invariant preservation proved
--> mj-contact_incidence.adb:58:33

 info: loop invariant initialization proved
--> mj-contact_incidence.adb:59:33

 info: loop invariant preservation proved
--> mj-contact_incidence.adb:59:33

 info: loop invariant initialization proved
--> mj-contact_incidence.adb:60:33

 info: loop invariant preservation proved
--> mj-contact_incidence.adb:60:33

 info: range check proved
--> mj-contact_incidence.adb:60:78

 info: loop invariant initialization proved
--> mj-contact_incidence.adb:61:33

 info: precondition proved
--> mj-contact_incidence.adb:61:63

 medium: loop invariant might not be preserved by an arbitrary iteration, cannot prove L.Size (Vertex) = Model_Count (F, L.First+Vertex, F'Last)
--> mj-contact_incidence.adb:61:63
   61 |             pragma Loop_Invariant (for all V in 0 .. Vertex-1 => Vertex_Matches (L, F, V));
      |                                                                  ^~~~~~~~~~~~~~~~~~~~~~~
      + in inlined expression function body at mj-contact_incidence.adb:17
      + provers reached time and memory limit before completing the proof

 info: loop invariant initialization proved
--> mj-contact_incidence.adb:62:33

 info: loop invariant preservation proved
--> mj-contact_incidence.adb:62:33

 info: index check proved
--> mj-contact_incidence.adb:62:72

 info: index check proved
--> mj-contact_incidence.adb:62:83

 info: loop invariant initialization proved
--> mj-contact_incidence.adb:65:36

 info: loop invariant preservation proved
--> mj-contact_incidence.adb:65:36

 info: loop invariant initialization proved
--> mj-contact_incidence.adb:66:36

 info: loop invariant preservation proved
--> mj-contact_incidence.adb:66:36

 info: overflow check proved
--> mj-contact_incidence.adb:66:40

 info: precondition proved
--> mj-contact_incidence.adb:66:52

 info: overflow check proved
--> mj-contact_incidence.adb:66:80

 info: overflow check proved
--> mj-contact_incidence.adb:66:93

 info: precondition proved
--> mj-contact_incidence.adb:67:66

 medium: loop invariant might fail in first iteration, cannot prove L.Data (L.Start (Vertex)+K).Face in F'Range
--> mj-contact_incidence.adb:67:66
   67 |                pragma Loop_Invariant (for all V in 0 .. Vertex-1 => Vertex_Matches (L, F, V));
      |                                                                     ^~~~~~~~~~~~~~~~~~~~~~~
      + in inlined expression function body at mj-contact_incidence.adb:19
      + provers reached time limit before completing the proof

 medium: loop invariant might not be preserved by an arbitrary iteration, cannot prove L.Data (L.Start (Vertex)+K).Face in F'Range
--> mj-contact_incidence.adb:67:66
   67 |                pragma Loop_Invariant (for all V in 0 .. Vertex-1 => Vertex_Matches (L, F, V));
      |                                                                     ^~~~~~~~~~~~~~~~~~~~~~~
      + in inlined expression function body at mj-contact_incidence.adb:19
      + provers reached time limit before completing the proof

 info: loop invariant initialization proved
--> mj-contact_incidence.adb:68:36

 info: loop invariant preservation proved
--> mj-contact_incidence.adb:68:36

 info: index check proved
--> mj-contact_incidence.adb:68:75

 info: index check proved
--> mj-contact_incidence.adb:68:86

 info: loop invariant initialization proved
--> mj-contact_incidence.adb:69:36

 info: loop invariant preservation proved
--> mj-contact_incidence.adb:69:36

 info: index check proved
--> mj-contact_incidence.adb:70:23

 info: overflow check proved
--> mj-contact_incidence.adb:70:49

 info: index check proved
--> mj-contact_incidence.adb:71:32

 info: index check proved
--> mj-contact_incidence.adb:71:57

 info: index check proved
--> mj-contact_incidence.adb:71:59

 info: index check proved
--> mj-contact_incidence.adb:72:35

 info: index check proved
--> mj-contact_incidence.adb:72:37

 info: index check proved
--> mj-contact_incidence.adb:72:61

 info: overflow check proved
--> mj-contact_incidence.adb:72:88

 info: overflow check proved
--> mj-contact_incidence.adb:73:55

 info: index check proved
--> mj-contact_incidence.adb:73:55

 info: index check proved
--> mj-contact_incidence.adb:73:74

 info: overflow check proved
--> mj-contact_incidence.adb:74:60

 info: index check proved
--> mj-contact_incidence.adb:77:24

 info: range check proved
--> mj-contact_incidence.adb:77:42

 info: range check proved
--> mj-contact_incidence.adb:77:60

 info: overflow check proved
--> mj-contact_incidence.adb:77:83

 info: index check proved
--> mj-contact_incidence.adb:80:19

 info: range check proved
--> mj-contact_incidence.adb:80:30

 info: index check proved
--> mj-contact_incidence.adb:80:48

 info: overflow check proved
--> mj-contact_incidence.adb:80:63

 info: range check proved
--> mj-contact_incidence.adb:80:63

 info: initialization of "L" proved
--> mj-contact_incidence.ads:47:21

 info: initialization of "Result" proved
--> mj-contact_incidence.ads:47:37

 info: data dependencies proved
--> mj-contact_incidence.ads:48:11

 info: overflow check proved
--> mj-contact_incidence.ads:49:70

 medium: postcondition might fail, cannot prove Matches (L, F)
--> mj-contact_incidence.ads:50:16
   50 |           Post => Matches (L, F) and then
      |                   ^~~~~~~~~~~~~
      + provers reached time limit before completing the proof
Summary logged in /var/tmp/sparkling-meshmesh-proof-20261001/mj-contact_incidence-Build/validation/obj/gnatprove/gnatprove.out
gnatprove: unproved check messages considered as errors
guarded: elapsed 68.4 s, peak group RSS 277 MB
