Phase 1 of 3: generation of data representation information ...
Phase 2 of 3: generation of Global contracts ...
Phase 3 of 3: flow analysis and proof ...
Success: all checks proved (230 checks).
Summary logged in /var/tmp/sparkling-joint-limits-20261001/proof-whole-final/whole-mj-joint_limit_response/build/validation/obj/gnatprove/gnatprove.out
guarded: elapsed 96.6 s, peak group RSS 244 MB
 info: float overflow check proved
--> mj-joint_limit_response.adb:4:16

 info: range check proved
--> mj-joint_limit_response.adb:4:16

 info: division check proved
--> mj-joint_limit_response.adb:4:16

 info: range check proved
--> mj-joint_limit_response.adb:12:70

 info: float overflow check proved
--> mj-joint_limit_response.adb:12:82

 info: range check proved
--> mj-joint_limit_response.adb:14:13

 info: range check proved
--> mj-joint_limit_response.adb:15:13

 info: range check proved
--> mj-joint_limit_response.adb:15:64

 info: range check proved
--> mj-joint_limit_response.adb:16:13

 info: division check proved
--> mj-joint_limit_response.adb:22:21

 info: float overflow check proved
--> mj-joint_limit_response.adb:22:21

 info: range check proved
--> mj-joint_limit_response.adb:22:21

 info: float overflow check proved
--> mj-joint_limit_response.adb:23:26

 info: float overflow check proved
--> mj-joint_limit_response.adb:23:39

 info: float overflow check proved
--> mj-joint_limit_response.adb:23:49

 info: float overflow check proved
--> mj-joint_limit_response.adb:23:59

 info: float overflow check proved
--> mj-joint_limit_response.adb:23:69

 info: range check proved
--> mj-joint_limit_response.adb:25:14

 info: division check proved
--> mj-joint_limit_response.adb:25:22

 info: float overflow check proved
--> mj-joint_limit_response.adb:25:22

 info: float overflow check proved
--> mj-joint_limit_response.adb:25:53

 info: division check proved
--> mj-joint_limit_response.adb:30:39

 info: float overflow check proved
--> mj-joint_limit_response.adb:30:39

 info: range check proved
--> mj-joint_limit_response.adb:30:39

 info: float overflow check proved
--> mj-joint_limit_response.adb:30:70

 info: range check proved
--> mj-joint_limit_response.adb:31:14

 info: division check proved
--> mj-joint_limit_response.adb:31:22

 info: float overflow check proved
--> mj-joint_limit_response.adb:31:22

 info: initialization of "X" proved
--> mj-joint_limit_response.adb:36:07

 info: initialization of "Y" proved
--> mj-joint_limit_response.adb:36:10

 info: float overflow check proved
--> mj-joint_limit_response.adb:38:69

 info: range check proved
--> mj-joint_limit_response.adb:38:69

 info: float overflow check proved
--> mj-joint_limit_response.adb:38:76

 info: float overflow check proved
--> mj-joint_limit_response.adb:39:27

 info: division check proved
--> mj-joint_limit_response.adb:39:37

 info: float overflow check proved
--> mj-joint_limit_response.adb:39:37

 info: precondition proved
--> mj-joint_limit_response.adb:41:60

 info: float overflow check proved
--> mj-joint_limit_response.adb:42:19

 info: range check proved
--> mj-joint_limit_response.adb:42:19

 info: float overflow check proved
--> mj-joint_limit_response.adb:42:23

 info: float overflow check proved
--> mj-joint_limit_response.adb:42:36

 info: float overflow check proved
--> mj-joint_limit_response.adb:50:39

 info: float overflow check proved
--> mj-joint_limit_response.adb:50:46

 info: division check proved
--> mj-joint_limit_response.adb:50:46

 info: float overflow check proved
--> mj-joint_limit_response.adb:50:54

 info: range check proved
--> mj-joint_limit_response.adb:50:54

 info: float overflow check proved
--> mj-joint_limit_response.adb:51:69

 info: range check proved
--> mj-joint_limit_response.adb:51:69

 info: float overflow check proved
--> mj-joint_limit_response.adb:52:25

 info: float overflow check proved
--> mj-joint_limit_response.adb:52:32

 info: division check proved
--> mj-joint_limit_response.adb:52:32

 info: float overflow check proved
--> mj-joint_limit_response.adb:52:38

 info: range check proved
--> mj-joint_limit_response.adb:52:38

 info: float overflow check proved
--> mj-joint_limit_response.adb:52:45

 info: initialization of "Raw_X" proved
--> mj-joint_limit_response.adb:57:07

 info: initialization of "X" proved
--> mj-joint_limit_response.adb:57:14

 info: initialization of "YP" proved
--> mj-joint_limit_response.adb:58:07

 info: initialization of "Signed" proved
--> mj-joint_limit_response.adb:59:07

 info: initialization of "Scaled" proved
--> mj-joint_limit_response.adb:59:15

 info: float overflow check proved
--> mj-joint_limit_response.adb:62:26

 info: division check proved
--> mj-joint_limit_response.adb:62:36

 info: float overflow check proved
--> mj-joint_limit_response.adb:62:36

 info: range check proved
--> mj-joint_limit_response.adb:65:31

 info: float overflow check proved
--> mj-joint_limit_response.adb:66:20

 info: range check proved
--> mj-joint_limit_response.adb:66:20

 info: float overflow check proved
--> mj-joint_limit_response.adb:67:24

 info: range check proved
--> mj-joint_limit_response.adb:67:24

 info: float overflow check proved
--> mj-joint_limit_response.adb:67:37

 info: range check proved
--> mj-joint_limit_response.adb:68:37

 info: float overflow check proved
--> mj-joint_limit_response.adb:73:53

 info: range check proved
--> mj-joint_limit_response.adb:73:53

 info: float overflow check proved
--> mj-joint_limit_response.adb:74:33

 info: float overflow check proved
--> mj-joint_limit_response.adb:74:42

 info: float overflow check proved
--> mj-joint_limit_response.adb:74:62

 info: float overflow check proved
--> mj-joint_limit_response.adb:74:72

 info: range check proved
--> mj-joint_limit_response.adb:74:72

 info: float overflow check proved
--> mj-joint_limit_response.adb:74:92

 info: float overflow check proved
--> mj-joint_limit_response.adb:81:18

 info: float overflow check proved
--> mj-joint_limit_response.adb:81:30

 info: range check proved
--> mj-joint_limit_response.adb:81:30

 info: float overflow check proved
--> mj-joint_limit_response.adb:81:36

 info: float overflow check proved
--> mj-joint_limit_response.adb:81:41

 info: float overflow check proved
--> mj-joint_limit_response.adb:81:54

 info: float overflow check proved
--> mj-joint_limit_response.adb:81:64

 info: float overflow check proved
--> mj-joint_limit_response.adb:81:84

 info: precondition proved
--> mj-joint_limit_response.adb:87:36

 info: precondition proved
--> mj-joint_limit_response.adb:98:36

 info: range check proved
--> mj-joint_limit_response.adb:99:43

 info: float overflow check proved
--> mj-joint_limit_response.adb:99:71

 info: range check proved
--> mj-joint_limit_response.adb:99:71

 info: division check proved
--> mj-joint_limit_response.adb:99:71

 info: range check proved
--> mj-joint_limit_response.adb:100:38

 info: implicit aspect Always_Terminates on "Divide_Width" has been proved, subprogram will terminate
--> mj-joint_limit_response.ads:37:13

 info: data dependencies proved
--> mj-joint_limit_response.ads:38:11

 info: postcondition proved
--> mj-joint_limit_response.ads:38:35

 info: float overflow check proved
--> mj-joint_limit_response.ads:38:59

 info: division check proved
--> mj-joint_limit_response.ads:38:59

 info: implicit aspect Always_Terminates on "Sanitize" has been proved, subprogram will terminate
--> mj-joint_limit_response.ads:52:16

 info: range check proved
--> mj-joint_limit_response.ads:56:76

 info: float overflow check proved
--> mj-joint_limit_response.ads:56:88

 info: range check proved
--> mj-joint_limit_response.ads:58:16

 info: range check proved
--> mj-joint_limit_response.ads:59:16

 info: range check proved
--> mj-joint_limit_response.ads:60:16

 info: range check proved
--> mj-joint_limit_response.ads:61:16

 info: data dependencies proved
--> mj-joint_limit_response.ads:62:14

 info: implicit aspect Always_Terminates on "K" has been proved, subprogram will terminate
--> mj-joint_limit_response.ads:63:16

 info: division check proved
--> mj-joint_limit_response.ads:65:15

 info: float overflow check proved
--> mj-joint_limit_response.ads:65:15

 info: range check proved
--> mj-joint_limit_response.ads:65:15

 info: float overflow check proved
--> mj-joint_limit_response.ads:66:27

 info: float overflow check proved
--> mj-joint_limit_response.ads:66:40

 info: float overflow check proved
--> mj-joint_limit_response.ads:66:50

 info: float overflow check proved
--> mj-joint_limit_response.ads:66:60

 info: float overflow check proved
--> mj-joint_limit_response.ads:66:70

 info: range check proved
--> mj-joint_limit_response.ads:67:15

 info: division check proved
--> mj-joint_limit_response.ads:67:23

 info: float overflow check proved
--> mj-joint_limit_response.ads:67:23

 info: float overflow check proved
--> mj-joint_limit_response.ads:67:54

 info: data dependencies proved
--> mj-joint_limit_response.ads:68:14

 info: implicit aspect Always_Terminates on "B" has been proved, subprogram will terminate
--> mj-joint_limit_response.ads:69:16

 info: division check proved
--> mj-joint_limit_response.ads:70:35

 info: float overflow check proved
--> mj-joint_limit_response.ads:70:35

 info: range check proved
--> mj-joint_limit_response.ads:70:35

 info: float overflow check proved
--> mj-joint_limit_response.ads:70:66

 info: range check proved
--> mj-joint_limit_response.ads:71:15

 info: division check proved
--> mj-joint_limit_response.ads:71:23

 info: float overflow check proved
--> mj-joint_limit_response.ads:71:23

 info: data dependencies proved
--> mj-joint_limit_response.ads:72:14

 info: implicit aspect Always_Terminates on "Impedance" has been proved, subprogram will terminate
--> mj-joint_limit_response.ads:74:16

 info: float overflow check proved
--> mj-joint_limit_response.ads:76:66

 info: range check proved
--> mj-joint_limit_response.ads:76:66

 info: float overflow check proved
--> mj-joint_limit_response.ads:76:74

 info: range check proved
--> mj-joint_limit_response.ads:77:45

 info: float overflow check proved
--> mj-joint_limit_response.ads:77:60

 info: division check proved
--> mj-joint_limit_response.ads:77:70

 info: float overflow check proved
--> mj-joint_limit_response.ads:77:70

 info: float overflow check proved
--> mj-joint_limit_response.ads:79:18

 info: range check proved
--> mj-joint_limit_response.ads:79:18

 info: precondition proved
--> mj-joint_limit_response.ads:79:74

 info: float overflow check proved
--> mj-joint_limit_response.ads:80:20

 info: float overflow check proved
--> mj-joint_limit_response.ads:80:33

 info: data dependencies proved
--> mj-joint_limit_response.ads:81:14

 info: implicit aspect Always_Terminates on "Shape_Derivative" has been proved, subprogram will terminate
--> mj-joint_limit_response.ads:82:16

 info: float overflow check proved
--> mj-joint_limit_response.ads:85:62

 info: float overflow check proved
--> mj-joint_limit_response.ads:85:69

 info: division check proved
--> mj-joint_limit_response.ads:85:69

 info: float overflow check proved
--> mj-joint_limit_response.ads:85:77

 info: range check proved
--> mj-joint_limit_response.ads:85:77

 info: float overflow check proved
--> mj-joint_limit_response.ads:86:74

 info: range check proved
--> mj-joint_limit_response.ads:86:74

 info: float overflow check proved
--> mj-joint_limit_response.ads:87:23

 info: float overflow check proved
--> mj-joint_limit_response.ads:87:30

 info: division check proved
--> mj-joint_limit_response.ads:87:30

 info: float overflow check proved
--> mj-joint_limit_response.ads:87:36

 info: float overflow check proved
--> mj-joint_limit_response.ads:87:43

 info: data dependencies proved
--> mj-joint_limit_response.ads:88:14

 info: implicit aspect Always_Terminates on "Derivative" has been proved, subprogram will terminate
--> mj-joint_limit_response.ads:89:16

 info: float overflow check proved
--> mj-joint_limit_response.ads:92:59

 info: range check proved
--> mj-joint_limit_response.ads:92:69

 info: division check proved
--> mj-joint_limit_response.ads:92:69

 info: float overflow check proved
--> mj-joint_limit_response.ads:92:69

 info: range check proved
--> mj-joint_limit_response.ads:93:45

 info: range check proved
--> mj-joint_limit_response.ads:95:69

 info: float overflow check proved
--> mj-joint_limit_response.ads:96:57

 info: range check proved
--> mj-joint_limit_response.ads:96:57

 info: float overflow check proved
--> mj-joint_limit_response.ads:97:61

 info: range check proved
--> mj-joint_limit_response.ads:97:61

 info: float overflow check proved
--> mj-joint_limit_response.ads:97:74

 info: range check proved
--> mj-joint_limit_response.ads:98:43

 info: data dependencies proved
--> mj-joint_limit_response.ads:99:14

 info: implicit aspect Always_Terminates on "Velocity" has been proved, subprogram will terminate
--> mj-joint_limit_response.ads:100:16

 info: float overflow check proved
--> mj-joint_limit_response.ads:101:49

 info: range check proved
--> mj-joint_limit_response.ads:101:49

 info: float overflow check proved
--> mj-joint_limit_response.ads:102:30

 info: float overflow check proved
--> mj-joint_limit_response.ads:102:39

 info: float overflow check proved
--> mj-joint_limit_response.ads:102:59

 info: float overflow check proved
--> mj-joint_limit_response.ads:102:69

 info: range check proved
--> mj-joint_limit_response.ads:102:69

 info: float overflow check proved
--> mj-joint_limit_response.ads:102:89

 info: data dependencies proved
--> mj-joint_limit_response.ads:103:14

 info: implicit aspect Always_Terminates on "Reference" has been proved, subprogram will terminate
--> mj-joint_limit_response.ads:105:16

 info: float overflow check proved
--> mj-joint_limit_response.ads:108:14

 info: float overflow check proved
--> mj-joint_limit_response.ads:108:26

 info: range check proved
--> mj-joint_limit_response.ads:108:26

 info: float overflow check proved
--> mj-joint_limit_response.ads:108:32

 info: float overflow check proved
--> mj-joint_limit_response.ads:108:37

 info: float overflow check proved
--> mj-joint_limit_response.ads:108:50

 info: float overflow check proved
--> mj-joint_limit_response.ads:108:60

 info: float overflow check proved
--> mj-joint_limit_response.ads:108:80

 info: data dependencies proved
--> mj-joint_limit_response.ads:109:14

 info: implicit aspect Always_Terminates on "Matches" has been proved, subprogram will terminate
--> mj-joint_limit_response.ads:110:16

 info: range check proved
--> mj-joint_limit_response.ads:113:29

 info: precondition proved
--> mj-joint_limit_response.ads:114:28

 info: range check proved
--> mj-joint_limit_response.ads:118:16

 info: precondition proved
--> mj-joint_limit_response.ads:120:87

 info: range check proved
--> mj-joint_limit_response.ads:121:63

 info: float overflow check proved
--> mj-joint_limit_response.ads:122:31

 info: division check proved
--> mj-joint_limit_response.ads:122:31

 info: range check proved
--> mj-joint_limit_response.ads:123:52

 info: data dependencies proved
--> mj-joint_limit_response.ads:125:14

 info: implicit aspect Always_Terminates on "Sanitize" has been proved, subprogram will terminate
--> mj-joint_limit_response.ads:129:13

 info: data dependencies proved
--> mj-joint_limit_response.ads:131:11

 info: postcondition proved
--> mj-joint_limit_response.ads:132:25

 info: implicit aspect Always_Terminates on "Stiffness" has been proved, subprogram will terminate
--> mj-joint_limit_response.ads:134:13

 info: data dependencies proved
--> mj-joint_limit_response.ads:134:67

 info: postcondition proved
--> mj-joint_limit_response.ads:135:25

 info: implicit aspect Always_Terminates on "Damping" has been proved, subprogram will terminate
--> mj-joint_limit_response.ads:136:13

 info: data dependencies proved
--> mj-joint_limit_response.ads:136:65

 info: postcondition proved
--> mj-joint_limit_response.ads:138:25

 info: precondition proved
--> mj-joint_limit_response.ads:138:47

 info: implicit aspect Always_Terminates on "Impedance" has been proved, subprogram will terminate
--> mj-joint_limit_response.ads:139:13

 info: data dependencies proved
--> mj-joint_limit_response.ads:140:87

 info: postcondition proved
--> mj-joint_limit_response.ads:141:25

 info: implicit aspect Always_Terminates on "Impedance_Derivative" has been proved, subprogram will terminate
--> mj-joint_limit_response.ads:142:13

 info: data dependencies proved
--> mj-joint_limit_response.ads:143:74

 info: postcondition proved
--> mj-joint_limit_response.ads:144:25

 info: implicit aspect Always_Terminates on "Shape_Derivative" has been proved, subprogram will terminate
--> mj-joint_limit_response.ads:145:13

 info: data dependencies proved
--> mj-joint_limit_response.ads:147:54

 info: postcondition proved
--> mj-joint_limit_response.ads:148:25

 info: implicit aspect Always_Terminates on "Row_Velocity" has been proved, subprogram will terminate
--> mj-joint_limit_response.ads:149:13

 info: data dependencies proved
--> mj-joint_limit_response.ads:150:11

 info: postcondition proved
--> mj-joint_limit_response.ads:151:25

 info: precondition proved
--> mj-joint_limit_response.ads:151:52

 info: implicit aspect Always_Terminates on "Reference" has been proved, subprogram will terminate
--> mj-joint_limit_response.ads:152:13

 info: data dependencies proved
--> mj-joint_limit_response.ads:155:11

 info: postcondition proved
--> mj-joint_limit_response.ads:155:46

 info: initialization of "R" proved
--> mj-joint_limit_response.ads:159:41

 info: data dependencies proved
--> mj-joint_limit_response.ads:160:11

 info: postcondition proved
--> mj-joint_limit_response.ads:162:25

 info: precondition proved
--> mj-joint_limit_response.ads:162:30
