Phase 1 of 3: generation of data representation information ...
Phase 2 of 3: generation of Global contracts ...
Phase 3 of 3: flow analysis and proof ...
 info: initialization of "X" proved
--> mj-spatial_tendon_models.adb:148:07

 info: precondition proved
--> mj-spatial_tendon_models.adb:152:15

 info: float overflow check proved
--> mj-spatial_tendon_models.adb:153:23

 info: precondition proved
--> mj-spatial_tendon_models.adb:153:25

 info: float overflow check proved
--> mj-spatial_tendon_models.adb:156:30

 info: precondition proved
--> mj-spatial_tendon_models.adb:156:32

 info: initialization of "Spring" proved
--> mj-spatial_tendon_models.ads:81:29

 info: initialization of "Damper" proved
--> mj-spatial_tendon_models.ads:81:37

 info: data dependencies proved
--> mj-spatial_tendon_models.ads:82:06

 info: postcondition proved
--> mj-spatial_tendon_models.ads:91:14

 info: precondition proved
--> mj-spatial_tendon_models.ads:93:11

 info: float overflow check proved
--> mj-spatial_tendon_models.ads:93:51

 info: precondition proved
--> mj-spatial_tendon_models.ads:93:53

 info: precondition proved
--> mj-spatial_tendon_models.ads:94:49

 info: float overflow check proved
--> mj-spatial_tendon_models.ads:97:20

 info: precondition proved
--> mj-spatial_tendon_models.ads:97:22
Success: all checks proved (16 checks).
Summary logged in /var/tmp/sparkling-spatial-tendons-20260930/spatial-integration-proof-p669asaf/mj-spatial_tendon_models-Spring_Damper/mj-spatial_tendon_models-obj/gnatprove/gnatprove.out
guarded: elapsed 34.8 s, peak group RSS 270 MB
