Phase 1 of 3: generation of data representation information ...
Phase 2 of 3: generation of Global contracts ...
Phase 3 of 3: flow analysis and proof ...
 info: implicit aspect Always_Terminates on "Column" has been proved, subprogram will terminate
--> mj-tendon_adapters.ads:6:13

 info: overflow check proved
--> mj-tendon_adapters.ads:7:16

 info: index check proved
--> mj-tendon_adapters.ads:7:16

 info: overflow check proved
--> mj-tendon_adapters.ads:7:30

 info: overflow check proved
--> mj-tendon_adapters.ads:7:37

 info: overflow check proved
--> mj-tendon_adapters.ads:8:16

 info: overflow check proved
--> mj-tendon_adapters.ads:8:30

 info: overflow check proved
--> mj-tendon_adapters.ads:8:37

 info: overflow check proved
--> mj-tendon_adapters.ads:8:44

 info: index check proved
--> mj-tendon_adapters.ads:8:44

 info: overflow check proved
--> mj-tendon_adapters.ads:9:16

 info: overflow check proved
--> mj-tendon_adapters.ads:9:30

 info: overflow check proved
--> mj-tendon_adapters.ads:9:37

 info: overflow check proved
--> mj-tendon_adapters.ads:9:44

 info: index check proved
--> mj-tendon_adapters.ads:9:44

 info: data dependencies proved
--> mj-tendon_adapters.ads:10:06

 info: overflow check proved
--> mj-tendon_adapters.ads:12:56

 info: overflow check proved
--> mj-tendon_adapters.ads:12:70

 info: overflow check proved
--> mj-tendon_adapters.ads:12:77

 info: overflow check proved
--> mj-tendon_adapters.ads:12:84
Success: all checks proved (20 checks).
Summary logged in /var/tmp/sparkling-spatial-tendons-20260930/spatial-integration-proof-p669asaf/mj-tendon_adapters-Column/mj-tendon_adapters-obj/gnatprove/gnatprove.out
guarded: elapsed 6.4 s, peak group RSS 181 MB
