Phase 1 of 3: generation of data representation information ...
Phase 2 of 3: generation of Global contracts ...
Phase 3 of 3: flow analysis and proof ...
 info: implicit aspect Always_Terminates on "Jacobian" has been proved, subprogram will terminate
--> mj-tendon_adapters.ads:14:13

 info: range check proved
--> mj-tendon_adapters.ads:16:07

 info: range check proved
--> mj-tendon_adapters.ads:16:19

 info: range check proved
--> mj-tendon_adapters.ads:16:36

 info: range check proved
--> mj-tendon_adapters.ads:16:48

 info: precondition proved
--> mj-tendon_adapters.ads:16:63

 info: data dependencies proved
--> mj-tendon_adapters.ads:17:06

 info: range check proved
--> mj-tendon_adapters.ads:19:28

 info: overflow check proved
--> mj-tendon_adapters.ads:19:58

 info: postcondition proved
--> mj-tendon_adapters.ads:20:14
Success: all checks proved (10 checks).
Summary logged in /var/tmp/sparkling-spatial-tendons-20260930/spatial-integration-proof-p669asaf/mj-tendon_adapters-Jacobian/mj-tendon_adapters-obj/gnatprove/gnatprove.out
guarded: elapsed 5.4 s, peak group RSS 185 MB
