create SUCCESS
reset_qpos 0.00000000000000000E+00
reset_qvel 0.00000000000000000E+00
forward SUCCESS
forward_clamped -1.00000000000000000E+00
qacc 1.00000000000000000E+00
act_dot 1.00000000000000000E+00
mass 1.00000000000000000E+00
gravity 0.00000000000000000E+00
bias 0.00000000000000000E+00
passive -0.00000000000000000E+00
actuation 1.00000000000000000E+00
length 0.00000000000000000E+00
velocity 0.00000000000000000E+00
force 1.00000000000000000E+00
position 0.00000000000000000E+00 0.00000000000000000E+00 0.00000000000000000E+00
quaternion 1.00000000000000000E+00 0.00000000000000000E+00 0.00000000000000000E+00 0.00000000000000000E+00
position 0.00000000000000000E+00 0.00000000000000000E+00 0.00000000000000000E+00
quaternion 1.00000000000000000E+00 0.00000000000000000E+00 0.00000000000000000E+00 0.00000000000000000E+00
unchanged_qpos 0.00000000000000000E+00
unchanged_qvel 0.00000000000000000E+00
unchanged_time 1.25000000000000000E-01
act 1.00000000000000000E+10
step NUMERIC_LIMIT
step_clamped -1.00000000000000000E+00
qpos 0.00000000000000000E+00
qvel 0.00000000000000000E+00
time 1.25000000000000000E-01
lifecycle PASS
