Phase 1 of 3: generation of data representation information ...
Phase 2 of 3: generation of Global contracts ...
Phase 3 of 3: flow analysis and proof ...
Success: all checks proved (56 checks).
Summary logged in /var/tmp/sparkling-equality-flex-row-20261003-r92-whole/build/validation/obj/gnatprove/gnatprove.out
guarded: elapsed 22.9 s, peak group RSS 265 MB
 info: range check proved
--> mj-equality_flex_rows.adb:7:07

 info: range check proved
--> mj-equality_flex_rows.adb:7:40

 info: index check proved
--> mj-equality_flex_rows.adb:12:16

 info: index check proved
--> mj-equality_flex_rows.adb:12:30

 info: loop invariant initialization proved
--> mj-equality_flex_rows.adb:13:33

 info: loop invariant preservation proved
--> mj-equality_flex_rows.adb:13:33

 info: index check proved
--> mj-equality_flex_rows.adb:13:62

 info: loop invariant preservation proved
--> mj-equality_flex_rows.adb:14:33

 info: loop invariant initialization proved
--> mj-equality_flex_rows.adb:14:33

 info: initialization check proved
--> mj-equality_flex_rows.adb:14:56

 info: index check proved
--> mj-equality_flex_rows.adb:14:62

 info: index check proved
--> mj-equality_flex_rows.adb:14:75

 info: assertion proved
--> mj-equality_flex_rows.adb:16:32

 info: initialization check proved
--> mj-equality_flex_rows.adb:16:61

 info: index check proved
--> mj-equality_flex_rows.adb:16:67

 info: index check proved
--> mj-equality_flex_rows.adb:16:80

 info: precondition proved
--> mj-equality_flex_rows.adb:17:09

 info: initialization check proved
--> mj-equality_flex_rows.adb:17:48

 info: range check proved
--> mj-equality_flex_rows.adb:17:48

 info: assertion proved
--> mj-equality_flex_rows.adb:18:32

 info: overflow check proved
--> mj-equality_flex_rows.adb:20:36

 info: overflow check proved
--> mj-equality_flex_rows.adb:20:40

 info: overflow check proved
--> mj-equality_flex_rows.adb:20:43

 info: range check proved
--> mj-equality_flex_rows.adb:20:49

 info: overflow check proved
--> mj-equality_flex_rows.adb:20:58

 info: index check proved
--> mj-equality_flex_rows.adb:20:58

 info: index check proved
--> mj-equality_flex_rows.adb:20:72

 info: assertion proved
--> mj-equality_flex_rows.adb:21:32

 info: overflow check proved
--> mj-equality_flex_rows.adb:22:61

 info: index check proved
--> mj-equality_flex_rows.adb:22:61

 info: index check proved
--> mj-equality_flex_rows.adb:22:74

 info: initialization of "Status" proved
--> mj-equality_flex_rows.ads:14:07

 info: data dependencies proved
--> mj-equality_flex_rows.ads:15:06

 info: postcondition proved
--> mj-equality_flex_rows.ads:18:25

 info: precondition proved
--> mj-equality_flex_rows.ads:20:22

 info: range check proved
--> mj-equality_flex_rows.ads:20:44

 info: overflow check proved
--> mj-equality_flex_rows.ads:23:63

 info: range check proved
--> mj-equality_flex_rows.ads:23:70

 info: index check proved
--> mj-equality_flex_rows.ads:25:46

 info: range check proved
--> mj-equality_flex_rows.ads:25:71

 info: float overflow check proved
--> mj-equality_flex_rows.ads:26:19

 info: range check proved
--> mj-equality_flex_rows.ads:26:19

 info: overflow check proved
--> mj-equality_flex_rows.ads:28:34

 info: index check proved
--> mj-equality_flex_rows.ads:28:34

 info: index check proved
--> mj-equality_flex_rows.ads:28:48

 info: overflow check proved
--> mj-equality_flex_rows.ads:30:33

 info: index check proved
--> mj-equality_flex_rows.ads:30:33

 info: index check proved
--> mj-equality_flex_rows.ads:30:48

 info: index check proved
--> mj-equality_flex_rows.ads:32:48

 info: index check proved
--> mj-equality_flex_rows.ads:32:72

 info: index check proved
--> mj-equality_flex_rows.ads:35:24

 info: index check proved
--> mj-equality_flex_rows.ads:35:43

 info: index check proved
--> mj-equality_flex_rows.ads:35:66

 info: index check proved
--> mj-equality_flex_rows.ads:35:86
