Phase 1 of 3: generation of data representation information ...
Phase 2 of 3: generation of Global contracts ...
Phase 3 of 3: flow analysis and proof ...
 info: implicit aspect Always_Terminates on "Dot" has been proved, subprogram will terminate
--> mj-cholesky.adb:6:13

 medium: postcondition might fail
--> mj-cholesky.adb:8:27
    8 |           Post => (Static => Dot'Result = Dot_Value (A, B, A0, B0, Count)
      |                              ^~~~~~~~~~~~~~~~~~~~~~~~~~~~~~~~~~~~~~~~~~~~
    9 |                    and then abs Dot'Result <= 1.0e207)
      |                    ~~~~~~~~~~~~~~~~~~~~~~~~~~~~~~~~~~
      + provers reached time limit before completing the proof

 info: precondition proved
--> mj-cholesky.adb:8:40

 info: initialization of "Result" proved
--> mj-cholesky.adb:13:07

 warning: initialization of "K" has no effect
--> mj-cholesky.adb:14:07
   14 |          K : Natural := 0;
      |          ^~~~~~~~~~~~~~~~

 info: division check proved
--> mj-cholesky.adb:16:31

 warning: pragma "LOOP_OPTIMIZE" ignored (not yet supported) [ignored-pragma]
--> mj-cholesky.adb:17:10
   17 |             pragma Loop_Optimize (No_Vector);
      |             ^~~~~~~~~~~~~~~~~~~~~~~~~~~~~~~

 warning: pragma "LOOP_OPTIMIZE" ignored (not yet supported) [ignored-pragma]
--> mj-cholesky.adb:19:13
   19 |                pragma Loop_Optimize (Vector);
      |                ^~~~~~~~~~~~~~~~~~~~~~~~~~~~

 info: precondition proved
--> mj-cholesky.adb:20:13

 info: range check proved
--> mj-cholesky.adb:20:40

 info: float overflow check proved
--> mj-cholesky.adb:21:32

 medium: range check might fail
--> mj-cholesky.adb:21:43
   21 |                Acc (L) := Acc (L) + Product (A (A0 + 4 * Block + L), B (B0 + 4 * Block + L));
      |                                              ^~~~~~~~~~~~~~~~~~~~~
      + reason for check: input value must fit in parameter type
      + provers reached time limit before completing the proof

 info: overflow check proved
--> mj-cholesky.adb:21:49

 info: overflow check proved
--> mj-cholesky.adb:21:53

 info: overflow check proved
--> mj-cholesky.adb:21:61

 info: index check proved
--> mj-cholesky.adb:21:61

 medium: range check might fail
--> mj-cholesky.adb:21:67
   21 |                Acc (L) := Acc (L) + Product (A (A0 + 4 * Block + L), B (B0 + 4 * Block + L));
      |                                                                      ^~~~~~~~~~~~~~~~~~~~~
      + reason for check: input value must fit in parameter type
      + provers reached time limit before completing the proof

 info: overflow check proved
--> mj-cholesky.adb:21:73

 info: overflow check proved
--> mj-cholesky.adb:21:77

 info: overflow check proved
--> mj-cholesky.adb:21:85

 info: index check proved
--> mj-cholesky.adb:21:85

 medium: loop invariant might fail in first iteration, cannot prove Acc (J) = Lane_Sum (A, B, A0, B0, (if J <= L then Block + 1 else Block), J)
--> mj-cholesky.adb:23:48
   23 |                  (Static => (for all J in Lane => Acc (J) =
      |                                                   ^~~~~~~~~
   24 |                    Lane_Sum (A, B, A0, B0, (if J <= L then Block + 1 else Block), J)));
      |                    ~~~~~~~~~~~~~~~~~~~~~~~~~~~~~~~~~~~~~~~~~~~~~~~~~~~~~~~~~~~~~~~~
      + provers reached time limit before completing the proof

 medium: loop invariant might not be preserved by an arbitrary iteration, cannot prove Acc (J) = Lane_Sum (A, B, A0, B0, (if J <= L then Block + 1 else Block), J)
--> mj-cholesky.adb:23:48
   23 |                  (Static => (for all J in Lane => Acc (J) =
      |                                                   ^~~~~~~~~
   24 |                    Lane_Sum (A, B, A0, B0, (if J <= L then Block + 1 else Block), J)));
      |                    ~~~~~~~~~~~~~~~~~~~~~~~~~~~~~~~~~~~~~~~~~~~~~~~~~~~~~~~~~~~~~~~~
      + provers reached time limit before completing the proof

 medium: precondition might fail
--> mj-cholesky.adb:24:17
   24 |                    Lane_Sum (A, B, A0, B0, (if J <= L then Block + 1 else Block), J)));
      |                    ^~~~~~~~~~~~~~~~~~~~~~~~~~~~~~~~~~~~~~~~~~~~~~~~~~~~~~~~~~~~~~~~
      + provers reached time limit before completing the proof

 info: overflow check proved
--> mj-cholesky.adb:24:63

 info: range check proved
--> mj-cholesky.adb:24:63

 info: range check proved
--> mj-cholesky.adb:24:72

 medium: loop invariant might not be preserved by an arbitrary iteration, cannot prove abs Acc (J) <= Real (if J <= L then Block + 1 else Block) * Step_Bound
--> mj-cholesky.adb:26:37
   26 |                  (for all J in Lane => abs Acc (J) <=
      |                                        ^~~~~~~~~~~~~~
   27 |                    Real (if J <= L then Block + 1 else Block) * Step_Bound);
      |                    ~~~~~~~~~~~~~~~~~~~~~~~~~~~~~~~~~~~~~~~~~~~~~~~~~~~~~~~
      + provers reached time limit before completing the proof

 medium: loop invariant might fail in first iteration, cannot prove abs Acc (J) <= Real (if J <= L then Block + 1 else Block) * Step_Bound
--> mj-cholesky.adb:26:37
   26 |                  (for all J in Lane => abs Acc (J) <=
      |                                        ^~~~~~~~~~~~~~
   27 |                    Real (if J <= L then Block + 1 else Block) * Step_Bound);
      |                    ~~~~~~~~~~~~~~~~~~~~~~~~~~~~~~~~~~~~~~~~~~~~~~~~~~~~~~~
      + provers reached time limit before completing the proof

 info: range check proved
--> mj-cholesky.adb:27:44

 info: overflow check proved
--> mj-cholesky.adb:27:44

 info: range check proved
--> mj-cholesky.adb:27:53

 medium: float overflow check might fail
--> mj-cholesky.adb:27:60
   27 |                    Real (if J <= L then Block + 1 else Block) * Step_Bound);
      |                    ~~~~~~~~~~~~~~~~~~~~~~~~~~~~~~~~~~~~~~~~~~~^~~~~~~~~~~~
      + reason for check: result of floating-point multiplication must be bounded
      + provers reached time limit before completing the proof

 info: loop invariant initialization proved
--> mj-cholesky.adb:30:23

 info: loop invariant preservation proved
--> mj-cholesky.adb:30:23

 info: precondition proved
--> mj-cholesky.adb:31:25

 info: overflow check proved
--> mj-cholesky.adb:31:55

 info: range check proved
--> mj-cholesky.adb:31:55

 info: loop invariant initialization proved
--> mj-cholesky.adb:33:13

 info: loop invariant preservation proved
--> mj-cholesky.adb:33:13

 info: range check proved
--> mj-cholesky.adb:33:61

 info: overflow check proved
--> mj-cholesky.adb:33:61

 info: float overflow check proved
--> mj-cholesky.adb:33:66

 info: division check proved
--> mj-cholesky.adb:35:23

 medium: float overflow check might fail
--> mj-cholesky.adb:36:26
   36 |          Result := (Acc (0) + Acc (2)) + (Acc (1) + Acc (3));
      |                    ~~~~~~~~~^~~~~~~~~
      + reason for check: result of floating-point addition must be bounded
      + provers reached time limit before completing the proof

 medium: float overflow check might fail
--> mj-cholesky.adb:36:37
   36 |          Result := (Acc (0) + Acc (2)) + (Acc (1) + Acc (3));
      |                    ~~~~~~~~~~~~~~~~~~~~^~~~~~~~~~~~~~~~~~~~
      + reason for check: result of floating-point addition must be bounded
      + provers reached time limit before completing the proof

 medium: float overflow check might fail
--> mj-cholesky.adb:36:48
   36 |          Result := (Acc (0) + Acc (2)) + (Acc (1) + Acc (3));
      |                                          ~~~~~~~~~^~~~~~~~~
      + reason for check: result of floating-point addition must be bounded
      + provers reached time limit before completing the proof

 info: float overflow check proved
--> mj-cholesky.adb:38:37

 info: range check proved
--> mj-cholesky.adb:39:23

 info: overflow check proved
--> mj-cholesky.adb:39:29

 info: index check proved
--> mj-cholesky.adb:39:29

 info: range check proved
--> mj-cholesky.adb:39:35

 info: overflow check proved
--> mj-cholesky.adb:39:41

 info: index check proved
--> mj-cholesky.adb:39:41

 info: float overflow check proved
--> mj-cholesky.adb:39:47

 medium: range check might fail
--> mj-cholesky.adb:39:58
   39 |               ((Product (A (A0 + K), B (B0 + K)) + Product (A (A0 + K + 1), B (B0 + K + 1)))
      |                                                             ^~~~~~~~~~~~~
      + reason for check: input value must fit in parameter type
      + provers reached time limit before completing the proof

 info: overflow check proved
--> mj-cholesky.adb:39:64

 info: overflow check proved
--> mj-cholesky.adb:39:68

 info: index check proved
--> mj-cholesky.adb:39:68

 medium: range check might fail
--> mj-cholesky.adb:39:74
   39 |               ((Product (A (A0 + K), B (B0 + K)) + Product (A (A0 + K + 1), B (B0 + K + 1)))
      |                                                                             ^~~~~~~~~~~~~
      + reason for check: input value must fit in parameter type
      + provers reached time limit before completing the proof

 info: overflow check proved
--> mj-cholesky.adb:39:80

 info: overflow check proved
--> mj-cholesky.adb:39:84

 info: index check proved
--> mj-cholesky.adb:39:84

 info: float overflow check proved
--> mj-cholesky.adb:40:13

 medium: range check might fail
--> mj-cholesky.adb:40:24
   40 |                + Product (A (A0 + K + 2), B (B0 + K + 2)));
      |                           ^~~~~~~~~~~~~
      + reason for check: input value must fit in parameter type
      + provers reached time limit before completing the proof

 info: overflow check proved
--> mj-cholesky.adb:40:30

 info: overflow check proved
--> mj-cholesky.adb:40:34

 info: index check proved
--> mj-cholesky.adb:40:34

 medium: range check might fail
--> mj-cholesky.adb:40:40
   40 |                + Product (A (A0 + K + 2), B (B0 + K + 2)));
      |                                           ^~~~~~~~~~~~~
      + reason for check: input value must fit in parameter type
      + provers reached time limit before completing the proof

 info: overflow check proved
--> mj-cholesky.adb:40:46

 info: overflow check proved
--> mj-cholesky.adb:40:50

 info: index check proved
--> mj-cholesky.adb:40:50

 info: float overflow check proved
--> mj-cholesky.adb:41:37

 info: range check proved
--> mj-cholesky.adb:42:22

 info: overflow check proved
--> mj-cholesky.adb:42:28

 info: index check proved
--> mj-cholesky.adb:42:28

 info: range check proved
--> mj-cholesky.adb:42:34

 info: overflow check proved
--> mj-cholesky.adb:42:40

 info: index check proved
--> mj-cholesky.adb:42:40

 info: float overflow check proved
--> mj-cholesky.adb:42:46

 medium: range check might fail
--> mj-cholesky.adb:42:57
   42 |               (Product (A (A0 + K), B (B0 + K)) + Product (A (A0 + K + 1), B (B0 + K + 1)));
      |                                                            ^~~~~~~~~~~~~
      + reason for check: input value must fit in parameter type
      + provers reached time limit before completing the proof

 info: overflow check proved
--> mj-cholesky.adb:42:63

 info: overflow check proved
--> mj-cholesky.adb:42:67

 info: index check proved
--> mj-cholesky.adb:42:67

 medium: range check might fail
--> mj-cholesky.adb:42:73
   42 |               (Product (A (A0 + K), B (B0 + K)) + Product (A (A0 + K + 1), B (B0 + K + 1)));
      |                                                                            ^~~~~~~~~~~~~
      + reason for check: input value must fit in parameter type
      + provers reached time limit before completing the proof

 info: overflow check proved
--> mj-cholesky.adb:42:79

 info: overflow check proved
--> mj-cholesky.adb:42:83

 info: index check proved
--> mj-cholesky.adb:42:83

 info: float overflow check proved
--> mj-cholesky.adb:43:37

 info: range check proved
--> mj-cholesky.adb:43:48

 info: overflow check proved
--> mj-cholesky.adb:43:54

 info: index check proved
--> mj-cholesky.adb:43:54

 info: range check proved
--> mj-cholesky.adb:43:60

 info: overflow check proved
--> mj-cholesky.adb:43:66

 info: index check proved
--> mj-cholesky.adb:43:66

 info: initialization of "Pivot" proved
--> mj-cholesky.adb:51:07

 info: initialization of "Inverse" proved
--> mj-cholesky.adb:51:14

 info: initialization of "Deficient" proved
--> mj-cholesky.adb:52:07

 info: loop invariant initialization proved
--> mj-cholesky.adb:56:33

 info: loop invariant preservation proved
--> mj-cholesky.adb:56:33

 info: precondition proved
--> mj-cholesky.adb:57:33

 info: loop invariant initialization proved
--> mj-cholesky.adb:57:33

 medium: loop invariant might not be preserved by an arbitrary iteration
--> mj-cholesky.adb:57:33
   57 |             pragma Loop_Invariant (Same_Upper (A, A'Loop_Entry, N));
      |                                    ^~~~~~~~~~~~~~~~~~~~~~~~~~~~~~
      + provers reached time limit before completing the proof

 info: overflow check proved
--> mj-cholesky.adb:58:24

 info: overflow check proved
--> mj-cholesky.adb:58:28

 info: index check proved
--> mj-cholesky.adb:58:28

 info: float overflow check proved
--> mj-cholesky.adb:60:28

 medium: precondition might fail
--> mj-cholesky.adb:60:30
   60 |                Pivot := Pivot - Dot (A, A, J * N, J * N, J);
      |                                 ^~~~~~~~~~~~~~~~~~~~~~~~~~
      + provers reached time limit before completing the proof

 info: overflow check proved
--> mj-cholesky.adb:60:43

 info: overflow check proved
--> mj-cholesky.adb:60:50

 info: range check proved
--> mj-cholesky.adb:64:26

 info: overflow check proved
--> mj-cholesky.adb:66:15

 info: overflow check proved
--> mj-cholesky.adb:66:19

 info: index check proved
--> mj-cholesky.adb:66:19

 info: overflow check proved
--> mj-cholesky.adb:68:24

 info: cannot unroll loop (too many loop iterations) [info-unrolling-inlining]
--> mj-cholesky.adb:68:37

 info: overflow check proved
--> mj-cholesky.adb:69:21

 info: overflow check proved
--> mj-cholesky.adb:69:25

 medium: array index check might fail
--> mj-cholesky.adb:69:25
   69 |                   A (I * N + J) := 0.0;
      |                      ~~~~~~^~~
      + reason for check: result of addition must be a valid index into the array
      + provers reached time limit before completing the proof

 info: division check proved
--> mj-cholesky.adb:72:28

 medium: float overflow check might fail
--> mj-cholesky.adb:72:28
   72 |                Inverse := 1.0 / A (J * N + J);
      |                           ~~~~^~~~~~~~~~~~~~
      + reason for check: result of floating-point division must be bounded
      + provers reached time limit before completing the proof

 info: overflow check proved
--> mj-cholesky.adb:72:35

 info: overflow check proved
--> mj-cholesky.adb:72:39

 info: index check proved
--> mj-cholesky.adb:72:39

 info: overflow check proved
--> mj-cholesky.adb:73:24

 info: cannot unroll loop (too many loop iterations) [info-unrolling-inlining]
--> mj-cholesky.adb:73:37

 info: overflow check proved
--> mj-cholesky.adb:74:21

 info: overflow check proved
--> mj-cholesky.adb:74:25

 info: index check proved
--> mj-cholesky.adb:74:25

 medium: range check might fail
--> mj-cholesky.adb:75:19
   75 |                     (A (I * N + J), Dot (A, A, I * N, J * N, J), Inverse);
      |                      ^~~~~~~~~~~~
      + reason for check: input value must fit in parameter type
      + possible fix: loop at line 73 should mention A in a loop invariant
   73 |                for I in J + 1 .. N - 1 loop
      |                                        ^
      + provers reached time limit before completing the proof

 info: overflow check proved
--> mj-cholesky.adb:75:24

 info: overflow check proved
--> mj-cholesky.adb:75:28

 medium: array index check might fail
--> mj-cholesky.adb:75:28
   75 |                     (A (I * N + J), Dot (A, A, I * N, J * N, J), Inverse);
      |                         ~~~~~~^~~
      + reason for check: result of addition must be a valid index into the array
      + provers reached time limit before completing the proof

 medium: precondition might fail
--> mj-cholesky.adb:75:34
   75 |                     (A (I * N + J), Dot (A, A, I * N, J * N, J), Inverse);
      |                                     ^~~~~~~~~~~~~~~~~~~~~~~~~~
      + possible fix: loop at line 73 should mention A in a loop invariant
   73 |                for I in J + 1 .. N - 1 loop
      |                                        ^
      + provers reached time limit before completing the proof

 medium: range check might fail
--> mj-cholesky.adb:75:34
   75 |                     (A (I * N + J), Dot (A, A, I * N, J * N, J), Inverse);
      |                                     ^~~~~~~~~~~~~~~~~~~~~~~~~~
      + reason for check: input value must fit in parameter type
      + possible fix: loop at line 73 should mention A in a loop invariant
   73 |                for I in J + 1 .. N - 1 loop
      |                                        ^
      + provers reached time limit before completing the proof

 info: overflow check proved
--> mj-cholesky.adb:75:47

 info: range check proved
--> mj-cholesky.adb:75:47

 info: overflow check proved
--> mj-cholesky.adb:75:54

 medium: range check might fail
--> mj-cholesky.adb:75:63
   75 |                     (A (I * N + J), Dot (A, A, I * N, J * N, J), Inverse);
      |                                                                  ^~~~~~~
      + reason for check: input value must fit in parameter type
      + possible fix: loop invariant at line 56 should mention Inverse
   56 |             pragma Loop_Invariant (Rank in N - J .. N);
      |             ^
      + provers reached time limit before completing the proof

 info: cannot unroll loop (too many loop iterations) [info-unrolling-inlining]
--> mj-cholesky.adb:83:27

 info: index check proved
--> mj-cholesky.adb:85:16

 info: index check proved
--> mj-cholesky.adb:85:25

 info: float overflow check proved
--> mj-cholesky.adb:85:28

 medium: precondition might fail
--> mj-cholesky.adb:85:30
   85 |                X (I) := X (I) - Dot (A, X, I * N, 0, I);
      |                                 ^~~~~~~~~~~~~~~~~~~~~~
      + possible fix: loop at line 83 should mention X in a loop invariant
   83 |          for I in 0 .. N - 1 loop
      |                              ^
      + provers reached time limit before completing the proof

 info: overflow check proved
--> mj-cholesky.adb:85:43

 info: index check proved
--> mj-cholesky.adb:87:13

 info: index check proved
--> mj-cholesky.adb:87:22

 info: division check proved
--> mj-cholesky.adb:87:25

 medium: float overflow check might fail
--> mj-cholesky.adb:87:25
   87 |             X (I) := X (I) / A (I * N + I);
      |                      ~~~~~~^~~~~~~~~~~~~~
      + reason for check: result of floating-point division must be bounded
      + possible fix: loop at line 83 should mention X in a loop invariant
   83 |          for I in 0 .. N - 1 loop
      |                              ^
      + provers reached time limit before completing the proof

 info: overflow check proved
--> mj-cholesky.adb:87:32

 info: overflow check proved
--> mj-cholesky.adb:87:36

 medium: array index check might fail
--> mj-cholesky.adb:87:36
   87 |             X (I) := X (I) / A (I * N + I);
      |                                 ~~~~~~^~~
      + reason for check: result of addition must be a valid index into the array
      + provers reached time limit before completing the proof

 info: cannot unroll loop (too many loop iterations) [info-unrolling-inlining]
--> mj-cholesky.adb:89:35

 info: overflow check proved
--> mj-cholesky.adb:90:21

 info: cannot unroll loop (too many loop iterations) [info-unrolling-inlining]
--> mj-cholesky.adb:90:34

 info: index check proved
--> mj-cholesky.adb:91:16

 info: index check proved
--> mj-cholesky.adb:91:25

 medium: float overflow check might fail
--> mj-cholesky.adb:91:28
   91 |                X (I) := X (I) - A (J * N + I) * X (J);
      |                         ~~~~~~^~~~~~~~~~~~~~~~~~~~~~
      + reason for check: result of floating-point subtraction must be bounded
      + possible fix: loop at line 90 should mention X in a loop invariant
   90 |             for J in I + 1 .. N - 1 loop
      |                                     ^
      + provers reached time limit before completing the proof

 info: overflow check proved
--> mj-cholesky.adb:91:35

 info: overflow check proved
--> mj-cholesky.adb:91:39

 medium: array index check might fail
--> mj-cholesky.adb:91:39
   91 |                X (I) := X (I) - A (J * N + I) * X (J);
      |                                    ~~~~~~^~~
      + reason for check: result of addition must be a valid index into the array
      + provers reached time limit before completing the proof

 medium: float overflow check might fail
--> mj-cholesky.adb:91:44
   91 |                X (I) := X (I) - A (J * N + I) * X (J);
      |                                 ~~~~~~~~~~~~~~^~~~~~
      + reason for check: result of floating-point multiplication must be bounded
      + possible fix: loop at line 90 should mention X in a loop invariant
   90 |             for J in I + 1 .. N - 1 loop
      |                                     ^
      + provers reached time limit before completing the proof

 info: index check proved
--> mj-cholesky.adb:91:49

 info: index check proved
--> mj-cholesky.adb:93:13

 info: index check proved
--> mj-cholesky.adb:93:22

 info: division check proved
--> mj-cholesky.adb:93:25

 medium: float overflow check might fail
--> mj-cholesky.adb:93:25
   93 |             X (I) := X (I) / A (I * N + I);
      |                      ~~~~~~^~~~~~~~~~~~~~
      + reason for check: result of floating-point division must be bounded
      + possible fix: loop at line 90 should mention X in a loop invariant
   90 |             for J in I + 1 .. N - 1 loop
      |                                     ^
      + provers reached time limit before completing the proof

 info: overflow check proved
--> mj-cholesky.adb:93:32

 info: overflow check proved
--> mj-cholesky.adb:93:36

 medium: array index check might fail
--> mj-cholesky.adb:93:36
   93 |             X (I) := X (I) / A (I * N + I);
      |                                 ~~~~~~^~~
      + reason for check: result of addition must be a valid index into the array
      + provers reached time limit before completing the proof

 info: initialization of "Diagonal" proved
--> mj-cholesky.adb:99:07

 info: initialization of "Square" proved
--> mj-cholesky.adb:99:17

 info: initialization of "R" proved
--> mj-cholesky.adb:99:25

 info: initialization of "C" proved
--> mj-cholesky.adb:99:28

 info: initialization of "Inverse_C" proved
--> mj-cholesky.adb:99:31

 info: initialization of "S" proved
--> mj-cholesky.adb:99:42

 info: loop invariant initialization proved
--> mj-cholesky.adb:103:33

 info: loop invariant preservation proved
--> mj-cholesky.adb:103:33

 info: precondition proved
--> mj-cholesky.adb:104:33

 info: loop invariant initialization proved
--> mj-cholesky.adb:104:33

 medium: loop invariant might not be preserved by an arbitrary iteration
--> mj-cholesky.adb:104:33
  104 |             pragma Loop_Invariant (Same_Upper (A, A'Loop_Entry, N));
      |                                    ^~~~~~~~~~~~~~~~~~~~~~~~~~~~~~
      + provers reached time and memory limit before completing the proof

 info: index check proved
--> mj-cholesky.adb:105:16

 info: overflow check proved
--> mj-cholesky.adb:106:30

 info: overflow check proved
--> mj-cholesky.adb:106:34

 info: index check proved
--> mj-cholesky.adb:106:34

 medium: range check might fail
--> mj-cholesky.adb:107:38
  107 |                Square := Update_Square (Diagonal, X (K), Plus);
      |                                         ^~~~~~~~
      + reason for check: input value must fit in parameter type
      + possible fix: loop invariant at line 103 should mention Diagonal
  103 |             pragma Loop_Invariant (Rank in N - K .. N);
      |             ^
      + provers reached time limit before completing the proof

 medium: range check might fail
--> mj-cholesky.adb:107:48
  107 |                Square := Update_Square (Diagonal, X (K), Plus);
      |                                                   ^~~~
      + reason for check: input value must fit in parameter type
      + possible fix: loop invariant at line 103 should mention X
  103 |             pragma Loop_Invariant (Rank in N - K .. N);
      |             ^
      + provers reached time limit before completing the proof

 info: index check proved
--> mj-cholesky.adb:107:51

 info: range check proved
--> mj-cholesky.adb:109:29

 info: range check proved
--> mj-cholesky.adb:111:32

 medium: divide by zero might fail
--> mj-cholesky.adb:112:20
  112 |                C := R / Diagonal;
      |                     ~~^~~~~~~~~~
      + possible fix: loop invariant at line 103 should mention Diagonal and R
  103 |             pragma Loop_Invariant (Rank in N - K .. N);
      |             ^
      + provers reached time limit before completing the proof

 medium: float overflow check might fail
--> mj-cholesky.adb:112:20
  112 |                C := R / Diagonal;
      |                     ~~^~~~~~~~~~
      + reason for check: result of floating-point division must be bounded
      + possible fix: loop invariant at line 103 should mention Diagonal and R
  103 |             pragma Loop_Invariant (Rank in N - K .. N);
      |             ^
      + provers reached time limit before completing the proof

 medium: divide by zero might fail
--> mj-cholesky.adb:113:30
  113 |                Inverse_C := 1.0 / C;
      |                             ~~~~^~~
      + possible fix: loop invariant at line 103 should mention C
  103 |             pragma Loop_Invariant (Rank in N - K .. N);
      |             ^
      + provers reached time limit before completing the proof

 medium: float overflow check might fail
--> mj-cholesky.adb:113:30
  113 |                Inverse_C := 1.0 / C;
      |                             ~~~~^~~
      + reason for check: result of floating-point division must be bounded
      + possible fix: loop invariant at line 103 should mention C
  103 |             pragma Loop_Invariant (Rank in N - K .. N);
      |             ^
      + provers reached time limit before completing the proof

 info: index check proved
--> mj-cholesky.adb:114:21

 info: division check proved
--> mj-cholesky.adb:114:24

 medium: float overflow check might fail
--> mj-cholesky.adb:114:24
  114 |                S := X (K) / Diagonal;
      |                     ~~~~~~^~~~~~~~~~
      + reason for check: result of floating-point division must be bounded
      + possible fix: loop invariant at line 103 should mention Diagonal and X
  103 |             pragma Loop_Invariant (Rank in N - K .. N);
      |             ^
      + provers reached time limit before completing the proof

 info: overflow check proved
--> mj-cholesky.adb:115:18

 info: overflow check proved
--> mj-cholesky.adb:115:22

 info: index check proved
--> mj-cholesky.adb:115:22

 info: overflow check proved
--> mj-cholesky.adb:118:27

 info: cannot unroll loop (too many loop iterations) [info-unrolling-inlining]
--> mj-cholesky.adb:118:40

 info: overflow check proved
--> mj-cholesky.adb:119:24

 info: overflow check proved
--> mj-cholesky.adb:119:28

 info: index check proved
--> mj-cholesky.adb:119:28

 medium: range check might fail
--> mj-cholesky.adb:120:22
  120 |                        (A (I * N + K), S, X (I), Inverse_C, True);
      |                         ^~~~~~~~~~~~
      + reason for check: input value must fit in parameter type
      + possible fix: loop at line 118 should mention A in a loop invariant
  118 |                   for I in K + 1 .. N - 1 loop
      |                                           ^
      + provers reached time limit before completing the proof

 info: overflow check proved
--> mj-cholesky.adb:120:27

 info: overflow check proved
--> mj-cholesky.adb:120:31

 medium: array index check might fail
--> mj-cholesky.adb:120:31
  120 |                        (A (I * N + K), S, X (I), Inverse_C, True);
      |                            ~~~~~~^~~
      + reason for check: result of addition must be a valid index into the array
      + provers reached time limit before completing the proof

 medium: range check might fail
--> mj-cholesky.adb:120:37
  120 |                        (A (I * N + K), S, X (I), Inverse_C, True);
      |                                        ^
      + reason for check: input value must fit in parameter type
      + possible fix: loop invariant at line 103 should mention S
  103 |             pragma Loop_Invariant (Rank in N - K .. N);
      |             ^
      + provers reached time limit before completing the proof

 medium: range check might fail
--> mj-cholesky.adb:120:40
  120 |                        (A (I * N + K), S, X (I), Inverse_C, True);
      |                                           ^~~~
      + reason for check: input value must fit in parameter type
      + possible fix: loop invariant at line 103 should mention X
  103 |             pragma Loop_Invariant (Rank in N - K .. N);
      |             ^
      + provers reached time limit before completing the proof

 info: index check proved
--> mj-cholesky.adb:120:43

 medium: range check might fail
--> mj-cholesky.adb:120:47
  120 |                        (A (I * N + K), S, X (I), Inverse_C, True);
      |                                                  ^~~~~~~~~
      + reason for check: input value must fit in parameter type
      + possible fix: loop invariant at line 103 should mention Inverse_C
  103 |             pragma Loop_Invariant (Rank in N - K .. N);
      |             ^
      + provers reached time limit before completing the proof

 info: overflow check proved
--> mj-cholesky.adb:123:27

 info: cannot unroll loop (too many loop iterations) [info-unrolling-inlining]
--> mj-cholesky.adb:123:40

 info: overflow check proved
--> mj-cholesky.adb:124:24

 info: overflow check proved
--> mj-cholesky.adb:124:28

 info: index check proved
--> mj-cholesky.adb:124:28

 medium: range check might fail
--> mj-cholesky.adb:125:22
  125 |                        (A (I * N + K), S, X (I), Inverse_C, False);
      |                         ^~~~~~~~~~~~
      + reason for check: input value must fit in parameter type
      + possible fix: loop at line 123 should mention A in a loop invariant
  123 |                   for I in K + 1 .. N - 1 loop
      |                                           ^
      + provers reached time limit before completing the proof

 info: overflow check proved
--> mj-cholesky.adb:125:27

 info: overflow check proved
--> mj-cholesky.adb:125:31

 medium: array index check might fail
--> mj-cholesky.adb:125:31
  125 |                        (A (I * N + K), S, X (I), Inverse_C, False);
      |                            ~~~~~~^~~
      + reason for check: result of addition must be a valid index into the array
      + provers reached time limit before completing the proof

 medium: range check might fail
--> mj-cholesky.adb:125:37
  125 |                        (A (I * N + K), S, X (I), Inverse_C, False);
      |                                        ^
      + reason for check: input value must fit in parameter type
      + possible fix: loop invariant at line 103 should mention S
  103 |             pragma Loop_Invariant (Rank in N - K .. N);
      |             ^
      + provers reached time limit before completing the proof

 medium: range check might fail
--> mj-cholesky.adb:125:40
  125 |                        (A (I * N + K), S, X (I), Inverse_C, False);
      |                                           ^~~~
      + reason for check: input value must fit in parameter type
      + possible fix: loop invariant at line 103 should mention X
  103 |             pragma Loop_Invariant (Rank in N - K .. N);
      |             ^
      + provers reached time limit before completing the proof

 info: index check proved
--> mj-cholesky.adb:125:43

 medium: range check might fail
--> mj-cholesky.adb:125:47
  125 |                        (A (I * N + K), S, X (I), Inverse_C, False);
      |                                                  ^~~~~~~~~
      + reason for check: input value must fit in parameter type
      + possible fix: loop invariant at line 103 should mention Inverse_C
  103 |             pragma Loop_Invariant (Rank in N - K .. N);
      |             ^
      + provers reached time limit before completing the proof

 info: overflow check proved
--> mj-cholesky.adb:128:24

 info: cannot unroll loop (too many loop iterations) [info-unrolling-inlining]
--> mj-cholesky.adb:128:37

 info: index check proved
--> mj-cholesky.adb:129:19

 medium: range check might fail
--> mj-cholesky.adb:129:40
  129 |                   X (I) := Update_Vector (C, X (I), S, A (I * N + K));
      |                                           ^
      + reason for check: input value must fit in parameter type
      + possible fix: loop invariant at line 103 should mention C
  103 |             pragma Loop_Invariant (Rank in N - K .. N);
      |             ^
      + provers reached time and memory limit before completing the proof

 medium: range check might fail
--> mj-cholesky.adb:129:43
  129 |                   X (I) := Update_Vector (C, X (I), S, A (I * N + K));
      |                                              ^~~~
      + reason for check: input value must fit in parameter type
      + possible fix: loop at line 128 should mention X in a loop invariant
  128 |                for I in K + 1 .. N - 1 loop
      |                                        ^
      + provers reached time and memory limit before completing the proof

 info: index check proved
--> mj-cholesky.adb:129:46

 medium: range check might fail
--> mj-cholesky.adb:129:50
  129 |                   X (I) := Update_Vector (C, X (I), S, A (I * N + K));
      |                                                     ^
      + reason for check: input value must fit in parameter type
      + possible fix: loop invariant at line 103 should mention S
  103 |             pragma Loop_Invariant (Rank in N - K .. N);
      |             ^
      + provers reached time and memory limit before completing the proof

 medium: range check might fail
--> mj-cholesky.adb:129:53
  129 |                   X (I) := Update_Vector (C, X (I), S, A (I * N + K));
      |                                                        ^~~~~~~~~~~~
      + reason for check: input value must fit in parameter type
      + provers reached time and memory limit before completing the proof

 info: overflow check proved
--> mj-cholesky.adb:129:58

 info: overflow check proved
--> mj-cholesky.adb:129:62

 medium: array index check might fail
--> mj-cholesky.adb:129:62
  129 |                   X (I) := Update_Vector (C, X (I), S, A (I * N + K));
      |                                                           ~~~~~~^~~
      + reason for check: result of addition must be a valid index into the array
      + provers reached time and memory limit before completing the proof

 info: implicit aspect Always_Terminates on "Shape" has been proved, subprogram will terminate
--> mj-cholesky.ads:12:13

 medium: range check might fail
--> mj-cholesky.ads:13:29
   13 |         (A'First = 0 and then A'Length = N * N) with Global => null;
      |                               ~^~~~~~~
      + provers reached time limit before completing the proof

 info: data dependencies proved
--> mj-cholesky.ads:13:51

 info: implicit aspect Always_Terminates on "Vector_Shape" has been proved, subprogram will terminate
--> mj-cholesky.ads:14:13

 medium: range check might fail
--> mj-cholesky.ads:15:29
   15 |         (X'First = 0 and then X'Length = N) with Global => null;
      |                               ~^~~~~~~
      + provers reached time limit before completing the proof

 info: data dependencies proved
--> mj-cholesky.ads:15:47

 info: implicit aspect Always_Terminates on "Positive_Diagonal" has been proved, subprogram will terminate
--> mj-cholesky.ads:16:13

 info: overflow check proved
--> mj-cholesky.ads:17:39

 info: overflow check proved
--> mj-cholesky.ads:17:43

 info: index check proved
--> mj-cholesky.ads:17:43

 info: data dependencies proved
--> mj-cholesky.ads:18:11

 info: implicit aspect Always_Terminates on "Same_Upper" has been proved, subprogram will terminate
--> mj-cholesky.ads:19:13

 info: overflow check proved
--> mj-cholesky.ads:21:25

 info: overflow check proved
--> mj-cholesky.ads:21:46

 info: overflow check proved
--> mj-cholesky.ads:21:50

 info: index check proved
--> mj-cholesky.ads:21:50

 info: overflow check proved
--> mj-cholesky.ads:21:62

 info: overflow check proved
--> mj-cholesky.ads:21:66

 info: index check proved
--> mj-cholesky.ads:21:66

 info: data dependencies proved
--> mj-cholesky.ads:22:18

 info: initialization of "Rank" proved
--> mj-cholesky.ads:27:43

 info: data dependencies proved
--> mj-cholesky.ads:28:11

 medium: postcondition might fail
--> mj-cholesky.ads:29:14
   29 |         Post => Rank <= N and then Same_Upper (A, A'Old, N);
      |                 ^~~~~~~~~~~~~~~~~~~~~~~~~~~~~~~~~~~~~~~~~~
      + provers reached time limit before completing the proof

 info: precondition proved
--> mj-cholesky.ads:29:33

 info: data dependencies proved
--> mj-cholesky.ads:33:11

 info: precondition proved
--> mj-cholesky.ads:35:17

 info: initialization of "Rank" proved
--> mj-cholesky.ads:40:38

 info: data dependencies proved
--> mj-cholesky.ads:41:11

 info: precondition proved
--> mj-cholesky.ads:43:17

 medium: postcondition might fail
--> mj-cholesky.ads:44:14
   44 |         Post => Rank <= N and then Same_Upper (A, A'Old, N)
      |                 ^~~~~~~~~~~~~~~~~~~~~~~~~~~~~~~~~~~~~~~~~~~
      :
   47 |                     then A = A'Old and then X = X'Old and then Rank = N);
      |                     ~~~~~~~~~~~~~~~~~~~~~~~~~~~~~~~~~~~~~~~~~~~~~~~~~~~~
      + possible fix: loop invariant at mj-cholesky.adb:103 should mention X
      --> mj-cholesky.adb:103:10
  103 |             pragma Loop_Invariant (Rank in N - K .. N);
      |             ^
      + provers reached time limit before completing the proof

 info: precondition proved
--> mj-cholesky.ads:44:33

 info: index check proved
--> mj-cholesky.ads:45:35

 info: index check proved
--> mj-cholesky.ads:45:47

 info: index check proved
--> mj-cholesky.ads:46:53
Summary logged in /tmp/cholesky-proof-final/obj/validation/gnatprove/gnatprove.out
gnatprove: unproved check messages considered as errors
