=========================
Summary of SPARK analysis
=========================

----------------------------------------------------------------------------------------------------------
SPARK Analysis results        Total       Flow                              Provers   Justified   Unproved
----------------------------------------------------------------------------------------------------------
Data Dependencies                 1          1                                    .           .          .
Flow Dependencies                 .          .                                    .           .          .
Initialization                    .          .                                    .           .          .
Non-Aliasing                      .          .                                    .           .          .
Run-time Checks                   7          .    7 (CVC5 29%, Trivial 14%, Z3 57%)           .          .
Assertions                        .          .                                    .           .          .
Functional Contracts              1          .                             1 (CVC5)           .          .
LSP Verification                  .          .                                    .           .          .
Termination                       1          1                                    .           .          .
Concurrency                       .          .                                    .           .          .
----------------------------------------------------------------------------------------------------------
Total                            10    2 (20%)                              8 (80%)           .          .


max steps used for successful proof: 5989

============================
Most difficult proved checks
============================

No check found with max time greater than 1 second

========================
Detailed analysis report
========================

Analyzed 1 unit
in unit mj-constraint_solvers-cholesky, 1 subprograms and packages out of 1 analyzed
  MJ.Constraint_Solvers.Cholesky.Subtract at mj-constraint_solvers-cholesky.ads:37 flow analyzed (0 errors, 0 checks, 0 warnings and 0 pragma Assume statements) and proved (8 checks)
