=========================
Summary of SPARK analysis
=========================

-----------------------------------------------------------------------------------------------------
SPARK Analysis results        Total        Flow                       Provers   Justified    Unproved
-----------------------------------------------------------------------------------------------------
Data Dependencies                 1           1                             .           .           .
Flow Dependencies                 .           .                             .           .           .
Initialization                    .           .                             .           .           .
Non-Aliasing                      .           .                             .           .           .
Run-time Checks                  54           .    21 (CVC5 90%, Trivial 10%)           .          33
Assertions                        2           .                             .           .           2
Functional Contracts             14           .                      2 (CVC5)           .          12
LSP Verification                  .           .                             .           .           .
Termination                      10          10                             .           .           .
Concurrency                       .           .                             .           .           .
-----------------------------------------------------------------------------------------------------
Total                            81    11 (14%)                      23 (28%)           .    47 (58%)


max steps used for successful proof: 1

============================
Most difficult proved checks
============================

No check found with max time greater than 1 second

========================
Detailed analysis report
========================

Analyzed 1 unit
in unit mj-tendon_vectors, 11 subprograms and packages out of 11 analyzed
  MJ.Tendon_Vectors at mj-tendon_vectors.ads:4 flow analyzed (0 errors, 0 checks, 0 warnings and 0 pragma Assume statements) and proved (3 checks)
  MJ.Tendon_Vectors.Add at mj-tendon_vectors.ads:25 flow analyzed (0 errors, 0 checks, 0 warnings and 0 pragma Assume statements) and not proved, 0 checks out of 5 proved
  MJ.Tendon_Vectors.Bounded at mj-tendon_vectors.ads:11 flow analyzed (0 errors, 0 checks, 0 warnings and 0 pragma Assume statements) and proved (0 checks)
  MJ.Tendon_Vectors.Cross at mj-tendon_vectors.ads:41 flow analyzed (0 errors, 0 checks, 0 warnings and 0 pragma Assume statements) and not proved, 9 checks out of 19 proved
  MJ.Tendon_Vectors.Dot at mj-tendon_vectors.ads:38 flow analyzed (0 errors, 0 checks, 0 warnings and 0 pragma Assume statements) and not proved, 4 checks out of 11 proved
  MJ.Tendon_Vectors.Dot_Model at mj-tendon_vectors.ads:34 flow analyzed (0 errors, 0 checks, 0 warnings and 0 pragma Assume statements) and not proved, 0 checks out of 5 proved
  MJ.Tendon_Vectors.Matrix_Row at mj-tendon_vectors.ads:47 flow analyzed (0 errors, 0 checks, 0 warnings and 0 pragma Assume statements) and not proved, 6 checks out of 7 proved
  MJ.Tendon_Vectors.Multiply at mj-tendon_vectors.ads:52 flow analyzed (0 errors, 0 checks, 0 warnings and 0 pragma Assume statements) and not proved, 1 checks out of 10 proved
  MJ.Tendon_Vectors.Rotation_Bounded at mj-tendon_vectors.ads:14 flow analyzed (0 errors, 0 checks, 0 warnings and 0 pragma Assume statements) and proved (0 checks)
  MJ.Tendon_Vectors.Scale at mj-tendon_vectors.ads:31 flow analyzed (0 errors, 0 checks, 0 warnings and 0 pragma Assume statements) and not proved, 0 checks out of 5 proved
  MJ.Tendon_Vectors.Sub at mj-tendon_vectors.ads:28 flow analyzed (0 errors, 0 checks, 0 warnings and 0 pragma Assume statements) and not proved, 0 checks out of 5 proved
