Phase 1 of 3: generation of data representation information ...
Phase 2 of 3: generation of Global contracts ...
Phase 3 of 3: flow analysis and proof ...
 info: float overflow check proved
--> mj-sensor_kernels.adb:17:23

 info: range check proved
--> mj-sensor_kernels.adb:17:23

 info: float overflow check proved
--> mj-sensor_kernels.adb:17:37

 info: implicit aspect Always_Terminates on "Accumulate" has been proved, subprogram will terminate
--> mj-sensor_kernels.ads:22:13

 info: data dependencies proved
--> mj-sensor_kernels.ads:23:11

 info: postcondition proved
--> mj-sensor_kernels.ads:24:16

 info: float overflow check proved
--> mj-sensor_kernels.ads:24:42

 info: float overflow check proved
--> mj-sensor_kernels.ads:24:56
Success: all checks proved (8 checks).
Summary logged in /var/tmp/sparkling-services-sensor-proof-accumulate/proof/obj/gnatprove/gnatprove.out
guarded: elapsed 3.1 s, peak group RSS 126 MB
