Phase 1 of 3: generation of data representation information ...
Phase 2 of 3: generation of Global contracts ...
Phase 3 of 3: flow analysis and proof ...
 info: float overflow check proved
--> mj-sensor_kernels.adb:19:23

 info: division check proved
--> mj-sensor_kernels.adb:19:28

 info: float overflow check proved
--> mj-sensor_kernels.adb:19:28

 info: float overflow check proved
--> mj-sensor_kernels.adb:19:33

 info: range check proved
--> mj-sensor_kernels.adb:19:33

 info: implicit aspect Always_Terminates on "Projection" has been proved, subprogram will terminate
--> mj-sensor_kernels.ads:25:13

 info: data dependencies proved
--> mj-sensor_kernels.ads:26:11

 info: postcondition proved
--> mj-sensor_kernels.ads:27:16

 info: float overflow check proved
--> mj-sensor_kernels.ads:27:42

 info: division check proved
--> mj-sensor_kernels.ads:27:47

 info: float overflow check proved
--> mj-sensor_kernels.ads:27:47

 info: float overflow check proved
--> mj-sensor_kernels.ads:27:52
Success: all checks proved (12 checks).
Summary logged in /var/tmp/sparkling-services-sensor-proof-projection/proof/obj/gnatprove/gnatprove.out
guarded: elapsed 6.9 s, peak group RSS 134 MB
