Phase 1 of 3: generation of data representation information ...
Phase 2 of 3: generation of Global contracts ...
Phase 3 of 3: flow analysis and proof ...
 info: float overflow check proved
--> mj-sensor_kernels.adb:15:20

 info: float overflow check proved
--> mj-sensor_kernels.adb:15:33

 info: range check proved
--> mj-sensor_kernels.adb:15:33

 info: implicit aspect Always_Terminates on "Relative" has been proved, subprogram will terminate
--> mj-sensor_kernels.ads:20:13

 info: data dependencies proved
--> mj-sensor_kernels.ads:21:11

 info: postcondition proved
--> mj-sensor_kernels.ads:21:35

 info: float overflow check proved
--> mj-sensor_kernels.ads:21:56

 info: float overflow check proved
--> mj-sensor_kernels.ads:21:69
Success: all checks proved (8 checks).
Summary logged in /var/tmp/sparkling-services-sensor-proof-relative/proof/obj/gnatprove/gnatprove.out
guarded: elapsed 3.1 s, peak group RSS 123 MB
