Phase 1 of 3: generation of data representation information ...
Phase 2 of 3: generation of Global contracts ...
Phase 3 of 3: flow analysis and proof ...
 info: float overflow check proved
--> mj-sensor_kernels.adb:13:20

 info: float overflow check proved
--> mj-sensor_kernels.adb:13:24

 info: float overflow check proved
--> mj-sensor_kernels.adb:13:28

 info: float overflow check proved
--> mj-sensor_kernels.adb:13:33

 info: range check proved
--> mj-sensor_kernels.adb:13:33

 info: float overflow check proved
--> mj-sensor_kernels.adb:13:37

 info: implicit aspect Always_Terminates on "Sum3" has been proved, subprogram will terminate
--> mj-sensor_kernels.ads:18:13

 info: data dependencies proved
--> mj-sensor_kernels.ads:19:11

 info: postcondition proved
--> mj-sensor_kernels.ads:19:35

 info: float overflow check proved
--> mj-sensor_kernels.ads:19:52

 info: float overflow check proved
--> mj-sensor_kernels.ads:19:56

 info: float overflow check proved
--> mj-sensor_kernels.ads:19:60

 info: float overflow check proved
--> mj-sensor_kernels.ads:19:65

 info: float overflow check proved
--> mj-sensor_kernels.ads:19:69
Success: all checks proved (14 checks).
Summary logged in /var/tmp/sparkling-services-sensor-proof-sum3/proof/obj/gnatprove/gnatprove.out
guarded: elapsed 3.6 s, peak group RSS 125 MB
