Phase 1 of 3: generation of data representation information ...
Phase 2 of 3: generation of Global contracts ...
Phase 3 of 3: flow analysis and proof ...
 info: division check proved
--> mj-sensor_kernels.adb:3:13

 info: division check proved
--> mj-sensor_kernels.adb:3:33

 info: division check proved
--> mj-sensor_kernels.adb:3:38

 info: division check proved
--> mj-sensor_kernels.adb:3:58

 info: division check proved
--> mj-sensor_kernels.adb:3:63

 info: division check proved
--> mj-sensor_kernels.adb:4:20

 info: division check proved
--> mj-sensor_kernels.adb:4:25

 info: division check proved
--> mj-sensor_kernels.adb:4:45

 info: division check proved
--> mj-sensor_kernels.adb:4:51

 info: range check proved
--> mj-sensor_kernels.adb:4:58

 info: division check proved
--> mj-sensor_kernels.adb:4:67

 info: division check proved
--> mj-sensor_kernels.adb:4:73

 info: range check proved
--> mj-sensor_kernels.adb:8:42

 info: range check proved
--> mj-sensor_kernels.adb:9:42

 info: float overflow check proved
--> mj-sensor_kernels.adb:13:20

 info: float overflow check proved
--> mj-sensor_kernels.adb:13:24

 info: float overflow check proved
--> mj-sensor_kernels.adb:13:28

 info: float overflow check proved
--> mj-sensor_kernels.adb:13:33

 info: range check proved
--> mj-sensor_kernels.adb:13:33

 info: float overflow check proved
--> mj-sensor_kernels.adb:13:37

 info: float overflow check proved
--> mj-sensor_kernels.adb:15:20

 info: float overflow check proved
--> mj-sensor_kernels.adb:15:33

 info: range check proved
--> mj-sensor_kernels.adb:15:33

 info: float overflow check proved
--> mj-sensor_kernels.adb:17:23

 info: range check proved
--> mj-sensor_kernels.adb:17:23

 info: float overflow check proved
--> mj-sensor_kernels.adb:17:37

 info: float overflow check proved
--> mj-sensor_kernels.adb:19:23

 info: division check proved
--> mj-sensor_kernels.adb:19:28

 info: float overflow check proved
--> mj-sensor_kernels.adb:19:28

 info: float overflow check proved
--> mj-sensor_kernels.adb:19:33

 info: range check proved
--> mj-sensor_kernels.adb:19:33

 info: implicit aspect Always_Terminates on "Range_Width" has been proved, subprogram will terminate
--> mj-sensor_kernels.ads:7:13

 info: data dependencies proved
--> mj-sensor_kernels.ads:8:11

 info: postcondition proved
--> mj-sensor_kernels.ads:9:16

 info: division check proved
--> mj-sensor_kernels.ads:10:16

 info: division check proved
--> mj-sensor_kernels.ads:10:36

 info: division check proved
--> mj-sensor_kernels.ads:10:41

 info: division check proved
--> mj-sensor_kernels.ads:10:61

 info: division check proved
--> mj-sensor_kernels.ads:10:66

 info: division check proved
--> mj-sensor_kernels.ads:11:23

 info: division check proved
--> mj-sensor_kernels.ads:11:28

 info: division check proved
--> mj-sensor_kernels.ads:11:48

 info: division check proved
--> mj-sensor_kernels.ads:11:54

 info: division check proved
--> mj-sensor_kernels.ads:11:70

 info: division check proved
--> mj-sensor_kernels.ads:11:76

 info: implicit aspect Always_Terminates on "Clip" has been proved, subprogram will terminate
--> mj-sensor_kernels.ads:12:13

 info: data dependencies proved
--> mj-sensor_kernels.ads:13:11

 info: postcondition proved
--> mj-sensor_kernels.ads:14:16

 info: implicit aspect Always_Terminates on "Sum3" has been proved, subprogram will terminate
--> mj-sensor_kernels.ads:18:13

 info: data dependencies proved
--> mj-sensor_kernels.ads:19:11

 info: postcondition proved
--> mj-sensor_kernels.ads:19:35

 info: float overflow check proved
--> mj-sensor_kernels.ads:19:52

 info: float overflow check proved
--> mj-sensor_kernels.ads:19:56

 info: float overflow check proved
--> mj-sensor_kernels.ads:19:60

 info: float overflow check proved
--> mj-sensor_kernels.ads:19:65

 info: float overflow check proved
--> mj-sensor_kernels.ads:19:69

 info: implicit aspect Always_Terminates on "Relative" has been proved, subprogram will terminate
--> mj-sensor_kernels.ads:20:13

 info: data dependencies proved
--> mj-sensor_kernels.ads:21:11

 info: postcondition proved
--> mj-sensor_kernels.ads:21:35

 info: float overflow check proved
--> mj-sensor_kernels.ads:21:56

 info: float overflow check proved
--> mj-sensor_kernels.ads:21:69

 info: implicit aspect Always_Terminates on "Accumulate" has been proved, subprogram will terminate
--> mj-sensor_kernels.ads:22:13

 info: data dependencies proved
--> mj-sensor_kernels.ads:23:11

 info: postcondition proved
--> mj-sensor_kernels.ads:24:16

 info: float overflow check proved
--> mj-sensor_kernels.ads:24:42

 info: float overflow check proved
--> mj-sensor_kernels.ads:24:56

 info: implicit aspect Always_Terminates on "Projection" has been proved, subprogram will terminate
--> mj-sensor_kernels.ads:25:13

 info: data dependencies proved
--> mj-sensor_kernels.ads:26:11

 info: postcondition proved
--> mj-sensor_kernels.ads:27:16

 info: float overflow check proved
--> mj-sensor_kernels.ads:27:42

 info: division check proved
--> mj-sensor_kernels.ads:27:47

 info: float overflow check proved
--> mj-sensor_kernels.ads:27:47

 info: float overflow check proved
--> mj-sensor_kernels.ads:27:52
Success: all checks proved (73 checks).
Summary logged in /var/tmp/sparkling-services-sensor-proof-whole/proof/obj/gnatprove/gnatprove.out
guarded: elapsed 9.8 s, peak group RSS 141 MB
