cube-aligned Ada/C 1.071 current/baseline 0.781
cube-rotated Ada/C 1.058 current/baseline 0.802
cube-margin Ada/C 0.946 current/baseline 0.764
cube-separated Ada/C 1.074 current/baseline 0.7
polytope-aligned Ada/C 1.309 current/baseline 0.994
polytope-rotated Ada/C 1.286 current/baseline 1.014
polytope-margin Ada/C 1.133 current/baseline 0.994
polytope-separated Ada/C 1.292 current/baseline 0.986
wide-face-aligned Ada/C 1.298 current/baseline 1.045
wide-face-rotated Ada/C 1.264 current/baseline 0.977
wide-face-margin Ada/C 1.134 current/baseline 0.999
wide-face-separated Ada/C 1.28 current/baseline 0.95
round-128-aligned Ada/C 1.485 current/baseline 0.969
round-128-rotated Ada/C 1.458 current/baseline 0.996
round-128-margin Ada/C 1.115 current/baseline 0.979
round-128-separated Ada/C 1.251 current/baseline 1.009
round-512-aligned Ada/C 1.935 current/baseline 0.993
round-512-rotated Ada/C 1.851 current/baseline 0.977
round-512-margin Ada/C 1.153 current/baseline 0.974
round-512-separated Ada/C 1.241 current/baseline 1.004
