Phase 1 of 3: generation of data representation information ...
Phase 2 of 3: generation of Global contracts ...
Phase 3 of 3: flow analysis and proof ...
 info: float overflow check proved
--> mj-flex_contact_weights.adb:5:39

 info: range check proved
--> mj-flex_contact_weights.adb:5:39

 info: float overflow check proved
--> mj-flex_contact_weights.adb:6:39

 info: range check proved
--> mj-flex_contact_weights.adb:6:39

 info: float overflow check proved
--> mj-flex_contact_weights.adb:7:39

 info: range check proved
--> mj-flex_contact_weights.adb:7:39

 info: float overflow check proved
--> mj-flex_contact_weights.adb:8:32

 info: range check proved
--> mj-flex_contact_weights.adb:8:32

 info: float overflow check proved
--> mj-flex_contact_weights.adb:9:32

 info: range check proved
--> mj-flex_contact_weights.adb:9:32

 info: float overflow check proved
--> mj-flex_contact_weights.adb:10:32

 info: range check proved
--> mj-flex_contact_weights.adb:10:32

 info: float overflow check proved
--> mj-flex_contact_weights.adb:11:52

 info: range check proved
--> mj-flex_contact_weights.adb:11:52

 info: precondition proved
--> mj-flex_contact_weights.adb:13:52

 info: float overflow check proved
--> mj-flex_contact_weights.adb:13:61

 info: division check proved
--> mj-flex_contact_weights.adb:16:21

 info: float overflow check proved
--> mj-flex_contact_weights.adb:16:21

 info: precondition proved
--> mj-flex_contact_weights.adb:16:42

 info: implicit aspect Always_Terminates on "Reciprocal" has been proved, subprogram will terminate
--> mj-flex_contact_weights.adb:17:13

 info: data dependencies proved
--> mj-flex_contact_weights.adb:18:11

 info: postcondition proved
--> mj-flex_contact_weights.adb:19:16

 info: division check proved
--> mj-flex_contact_weights.adb:19:83

 info: float overflow check proved
--> mj-flex_contact_weights.adb:19:83

 info: division check proved
--> mj-flex_contact_weights.adb:21:20

 info: float overflow check proved
--> mj-flex_contact_weights.adb:21:20

 info: implicit aspect Always_Terminates on "Scaled_Weight" has been proved, subprogram will terminate
--> mj-flex_contact_weights.adb:22:13

 info: data dependencies proved
--> mj-flex_contact_weights.adb:23:11

 info: postcondition proved
--> mj-flex_contact_weights.adb:24:16

 info: float overflow check proved
--> mj-flex_contact_weights.adb:24:91

 info: float overflow check proved
--> mj-flex_contact_weights.adb:26:22

 info: precondition proved
--> mj-flex_contact_weights.adb:28:30

 info: initialization of "Scale" proved
--> mj-flex_contact_weights.adb:29:07

 info: precondition proved
--> mj-flex_contact_weights.adb:33:16

 info: precondition proved
--> mj-flex_contact_weights.adb:34:16

 info: precondition proved
--> mj-flex_contact_weights.adb:35:35

 info: precondition proved
--> mj-flex_contact_weights.adb:36:35

 info: precondition proved
--> mj-flex_contact_weights.adb:37:34

 info: implicit aspect Always_Terminates on "Bounded" has been proved, subprogram will terminate
--> mj-flex_contact_weights.ads:7:13

 info: implicit aspect Always_Terminates on "Distance" has been proved, subprogram will terminate
--> mj-flex_contact_weights.ads:9:13

 info: data dependencies proved
--> mj-flex_contact_weights.ads:9:54

 info: postcondition proved
--> mj-flex_contact_weights.ads:11:14

 info: precondition proved
--> mj-flex_contact_weights.ads:12:46

 info: float overflow check proved
--> mj-flex_contact_weights.ads:13:18

 info: float overflow check proved
--> mj-flex_contact_weights.ads:13:25

 info: float overflow check proved
--> mj-flex_contact_weights.ads:13:32

 info: float overflow check proved
--> mj-flex_contact_weights.ads:13:40

 info: float overflow check proved
--> mj-flex_contact_weights.ads:13:48

 info: float overflow check proved
--> mj-flex_contact_weights.ads:13:55

 info: float overflow check proved
--> mj-flex_contact_weights.ads:13:62

 info: float overflow check proved
--> mj-flex_contact_weights.ads:14:12

 info: float overflow check proved
--> mj-flex_contact_weights.ads:14:20

 info: float overflow check proved
--> mj-flex_contact_weights.ads:14:27

 info: float overflow check proved
--> mj-flex_contact_weights.ads:14:34

 info: implicit aspect Always_Terminates on "Inverse_Distance" has been proved, subprogram will terminate
--> mj-flex_contact_weights.ads:15:13

 info: data dependencies proved
--> mj-flex_contact_weights.ads:15:62

 info: postcondition proved
--> mj-flex_contact_weights.ads:17:14

 info: division check proved
--> mj-flex_contact_weights.ads:18:47

 info: float overflow check proved
--> mj-flex_contact_weights.ads:18:47

 info: precondition proved
--> mj-flex_contact_weights.ads:18:68

 info: implicit aspect Always_Terminates on "Ordered_Sum" has been proved, subprogram will terminate
--> mj-flex_contact_weights.ads:20:13

 info: float overflow check proved
--> mj-flex_contact_weights.ads:22:22

 info: float overflow check proved
--> mj-flex_contact_weights.ads:23:23

 info: float overflow check proved
--> mj-flex_contact_weights.ads:23:30

 info: float overflow check proved
--> mj-flex_contact_weights.ads:24:24

 info: float overflow check proved
--> mj-flex_contact_weights.ads:24:31

 info: float overflow check proved
--> mj-flex_contact_weights.ads:24:38

 info: float overflow check proved
--> mj-flex_contact_weights.ads:25:30

 info: float overflow check proved
--> mj-flex_contact_weights.ads:25:37

 info: float overflow check proved
--> mj-flex_contact_weights.ads:25:44

 info: float overflow check proved
--> mj-flex_contact_weights.ads:25:51

 info: data dependencies proved
--> mj-flex_contact_weights.ads:26:11

 info: postcondition proved
--> mj-flex_contact_weights.ads:27:16

 info: initialization of "Success" proved
--> mj-flex_contact_weights.ads:28:63

 info: data dependencies proved
--> mj-flex_contact_weights.ads:29:11

 info: postcondition proved
--> mj-flex_contact_weights.ads:30:16

 info: precondition proved
--> mj-flex_contact_weights.ads:30:27

 info: float overflow check proved
--> mj-flex_contact_weights.ads:32:29

 info: division check proved
--> mj-flex_contact_weights.ads:32:34

 info: float overflow check proved
--> mj-flex_contact_weights.ads:32:34

 info: precondition proved
--> mj-flex_contact_weights.ads:32:35

 info: float overflow check proved
--> mj-flex_contact_weights.ads:33:58

 info: division check proved
--> mj-flex_contact_weights.ads:33:63

 info: float overflow check proved
--> mj-flex_contact_weights.ads:33:63

 info: precondition proved
--> mj-flex_contact_weights.ads:33:64

 info: float overflow check proved
--> mj-flex_contact_weights.ads:34:58

 info: division check proved
--> mj-flex_contact_weights.ads:34:63

 info: float overflow check proved
--> mj-flex_contact_weights.ads:34:63

 info: precondition proved
--> mj-flex_contact_weights.ads:34:64

 info: float overflow check proved
--> mj-flex_contact_weights.ads:35:57

 info: division check proved
--> mj-flex_contact_weights.ads:35:62

 info: float overflow check proved
--> mj-flex_contact_weights.ads:35:62

 info: precondition proved
--> mj-flex_contact_weights.ads:35:63
Success: all checks proved (93 checks).
Summary logged in /var/tmp/sparkling-recovery-shell-contact-side1-20261003/mj-flex_contact_weights-whole/validation/obj/gnatprove/gnatprove.out
guarded: elapsed 165.9 s, peak group RSS 187 MB
