Phase 1 of 3: generation of data representation information ...
Phase 2 of 3: generation of Global contracts ...
Phase 3 of 3: flow analysis and proof ...
 info: precondition proved
--> mj-flex_contact_weights.adb:28:30

 info: initialization of "Scale" proved
--> mj-flex_contact_weights.adb:29:07

 info: precondition proved
--> mj-flex_contact_weights.adb:33:16

 info: precondition proved
--> mj-flex_contact_weights.adb:34:16

 info: precondition proved
--> mj-flex_contact_weights.adb:35:35

 info: precondition proved
--> mj-flex_contact_weights.adb:36:35

 info: precondition proved
--> mj-flex_contact_weights.adb:37:34

 info: initialization of "Success" proved
--> mj-flex_contact_weights.ads:28:63

 info: data dependencies proved
--> mj-flex_contact_weights.ads:29:11

 info: postcondition proved
--> mj-flex_contact_weights.ads:30:16

 info: precondition proved
--> mj-flex_contact_weights.ads:30:27

 info: float overflow check proved
--> mj-flex_contact_weights.ads:32:29

 info: division check proved
--> mj-flex_contact_weights.ads:32:34

 info: float overflow check proved
--> mj-flex_contact_weights.ads:32:34

 info: precondition proved
--> mj-flex_contact_weights.ads:32:35

 info: float overflow check proved
--> mj-flex_contact_weights.ads:33:58

 info: division check proved
--> mj-flex_contact_weights.ads:33:63

 info: float overflow check proved
--> mj-flex_contact_weights.ads:33:63

 info: precondition proved
--> mj-flex_contact_weights.ads:33:64

 info: float overflow check proved
--> mj-flex_contact_weights.ads:34:58

 info: division check proved
--> mj-flex_contact_weights.ads:34:63

 info: float overflow check proved
--> mj-flex_contact_weights.ads:34:63

 info: precondition proved
--> mj-flex_contact_weights.ads:34:64

 info: float overflow check proved
--> mj-flex_contact_weights.ads:35:57

 info: division check proved
--> mj-flex_contact_weights.ads:35:62

 info: float overflow check proved
--> mj-flex_contact_weights.ads:35:62

 info: precondition proved
--> mj-flex_contact_weights.ads:35:63
Success: all checks proved (27 checks).
Summary logged in /var/tmp/sparkling-recovery-shell-contact-side1-20261003/mj-flex_contact_weights-Normalize/validation/obj/gnatprove/gnatprove.out
guarded: elapsed 154.0 s, peak group RSS 184 MB
