=========================
Summary of SPARK analysis
=========================

--------------------------------------------------------------------------------------------------
SPARK Analysis results        Total       Flow                      Provers   Justified   Unproved
--------------------------------------------------------------------------------------------------
Data Dependencies                 .          .                            .           .          .
Flow Dependencies                 .          .                            .           .          .
Initialization                    .          .                            .           .          .
Non-Aliasing                      .          .                            .           .          .
Run-time Checks                   8          .    8 (CVC5 88%, Trivial 13%)           .          .
Assertions                        .          .                            .           .          .
Functional Contracts              1          .    1 (CVC5 80%, Trivial 20%)           .          .
LSP Verification                  .          .                            .           .          .
Termination                       1          1                            .           .          .
Concurrency                       .          .                            .           .          .
--------------------------------------------------------------------------------------------------
Total                            10    1 (10%)                      9 (90%)           .          .


max steps used for successful proof: 11630

============================
Most difficult proved checks
============================

No check found with max time greater than 1 second

========================
Detailed analysis report
========================

Analyzed 1 unit
in unit mj-tendon_geometry, 1 subprograms and packages out of 1 analyzed
  MJ.Tendon_Geometry.Dot2 at mj-tendon_geometry.adb:23 flow analyzed (0 errors, 0 checks, 0 warnings and 0 pragma Assume statements) and proved (9 checks)
