Phase 1 of 3: generation of data representation information ...
Phase 2 of 3: generation of Global contracts ...
Phase 3 of 3: flow analysis and proof ...
Success: all checks proved (11 checks).
Summary logged in /var/tmp/sparkling-friction-response-20261002/proof-final-v2/whole-mj-friction_random/build/validation/obj/gnatprove/gnatprove.out
guarded: elapsed 3.9 s, peak group RSS 135 MB
 info: range check proved
--> mj-friction_random.adb:5:70

 info: range check proved
--> mj-friction_random.adb:6:40

 info: division check proved
--> mj-friction_random.adb:9:62

 info: implicit aspect Always_Terminates on "Next_State" has been proved, subprogram will terminate
--> mj-friction_random.ads:8:16

 info: implicit aspect Always_Terminates on "Output" has been proved, subprogram will terminate
--> mj-friction_random.ads:10:16

 info: range check proved
--> mj-friction_random.ads:12:73

 info: range check proved
--> mj-friction_random.ads:13:51

 info: division check proved
--> mj-friction_random.ads:14:62

 info: initialization of "Value" proved
--> mj-friction_random.ads:16:42

 info: data dependencies proved
--> mj-friction_random.ads:17:09

 info: postcondition proved
--> mj-friction_random.ads:18:25
