Phase 1 of 3: generation of data representation information ...
Phase 2 of 3: generation of Global contracts ...
Phase 3 of 3: flow analysis and proof ...
Success: all checks proved (325 checks).
Summary logged in /var/tmp/sparkling-friction-response-20261002/proof-final-v2/whole-mj-pyramidal_pgs/build/validation/obj/gnatprove/gnatprove.out
guarded: elapsed 199.1 s, peak group RSS 549 MB
 info: implicit aspect Always_Terminates on "Product" has been proved, subprogram will terminate
--> mj-pyramidal_pgs.adb:10:13

 info: postcondition proved
--> mj-pyramidal_pgs.adb:11:28

 info: float overflow check proved
--> mj-pyramidal_pgs.adb:11:47

 info: float overflow check proved
--> mj-pyramidal_pgs.adb:13:19

 info: range check proved
--> mj-pyramidal_pgs.adb:13:19

 info: implicit aspect Always_Terminates on "Accumulate" has been proved, subprogram will terminate
--> mj-pyramidal_pgs.adb:15:13

 info: range check proved
--> mj-pyramidal_pgs.adb:17:59

 info: float overflow check proved
--> mj-pyramidal_pgs.adb:17:66

 info: postcondition proved
--> mj-pyramidal_pgs.adb:18:25

 info: float overflow check proved
--> mj-pyramidal_pgs.adb:18:49

 info: range check proved
--> mj-pyramidal_pgs.adb:19:54

 info: overflow check proved
--> mj-pyramidal_pgs.adb:19:54

 info: float overflow check proved
--> mj-pyramidal_pgs.adb:19:59

 info: float overflow check proved
--> mj-pyramidal_pgs.adb:21:21

 info: range check proved
--> mj-pyramidal_pgs.adb:21:21

 info: implicit aspect Always_Terminates on "Reciprocal" has been proved, subprogram will terminate
--> mj-pyramidal_pgs.adb:24:13

 info: postcondition proved
--> mj-pyramidal_pgs.adb:25:28

 info: float overflow check proved
--> mj-pyramidal_pgs.adb:25:52

 info: division check proved
--> mj-pyramidal_pgs.adb:25:52

 info: float overflow check proved
--> mj-pyramidal_pgs.adb:27:21

 info: range check proved
--> mj-pyramidal_pgs.adb:27:21

 info: division check proved
--> mj-pyramidal_pgs.adb:27:21

 info: implicit aspect Always_Terminates on "Momentum_Factor" has been proved, subprogram will terminate
--> mj-pyramidal_pgs.adb:30:13

 info: postcondition proved
--> mj-pyramidal_pgs.adb:31:28

 info: range check proved
--> mj-pyramidal_pgs.adb:32:29

 info: float overflow check proved
--> mj-pyramidal_pgs.adb:32:34

 info: division check proved
--> mj-pyramidal_pgs.adb:32:34

 info: range check proved
--> mj-pyramidal_pgs.adb:32:44

 info: range check proved
--> mj-pyramidal_pgs.adb:34:40

 info: float overflow check proved
--> mj-pyramidal_pgs.adb:34:45

 info: division check proved
--> mj-pyramidal_pgs.adb:34:45

 info: range check proved
--> mj-pyramidal_pgs.adb:34:45

 info: range check proved
--> mj-pyramidal_pgs.adb:34:55

 info: implicit aspect Always_Terminates on "Shuffle_Position" has been proved, subprogram will terminate
--> mj-pyramidal_pgs.adb:36:13

 info: postcondition proved
--> mj-pyramidal_pgs.adb:38:25

 info: division check proved
--> mj-pyramidal_pgs.adb:39:66

 info: division check proved
--> mj-pyramidal_pgs.adb:41:40

 info: range check proved
--> mj-pyramidal_pgs.adb:41:40

 info: overflow check proved
--> mj-pyramidal_pgs.adb:41:59

 info: implicit aspect Always_Terminates on "Accumulate_Improvement" has been proved, subprogram will terminate
--> mj-pyramidal_pgs.adb:45:13

 info: range check proved
--> mj-pyramidal_pgs.adb:47:59

 info: float overflow check proved
--> mj-pyramidal_pgs.adb:47:66

 info: postcondition proved
--> mj-pyramidal_pgs.adb:48:25

 info: float overflow check proved
--> mj-pyramidal_pgs.adb:48:61

 info: range check proved
--> mj-pyramidal_pgs.adb:49:66

 info: overflow check proved
--> mj-pyramidal_pgs.adb:49:66

 info: float overflow check proved
--> mj-pyramidal_pgs.adb:49:71

 info: float overflow check proved
--> mj-pyramidal_pgs.adb:51:21

 info: range check proved
--> mj-pyramidal_pgs.adb:51:21

 info: implicit aspect Always_Terminates on "Extrapolate" has been proved, subprogram will terminate
--> mj-pyramidal_pgs.adb:53:13

 info: postcondition proved
--> mj-pyramidal_pgs.adb:56:06

 info: float overflow check proved
--> mj-pyramidal_pgs.adb:57:24

 info: range check proved
--> mj-pyramidal_pgs.adb:57:24

 info: float overflow check proved
--> mj-pyramidal_pgs.adb:57:31

 info: float overflow check proved
--> mj-pyramidal_pgs.adb:57:42

 info: float overflow check proved
--> mj-pyramidal_pgs.adb:65:63

 info: range check proved
--> mj-pyramidal_pgs.adb:65:63

 info: float overflow check proved
--> mj-pyramidal_pgs.adb:65:70

 info: float overflow check proved
--> mj-pyramidal_pgs.adb:65:81

 info: range check proved
--> mj-pyramidal_pgs.adb:68:21

 info: postcondition proved
--> mj-pyramidal_pgs.adb:76:14

 info: index check proved
--> mj-pyramidal_pgs.adb:86:58

 info: index check proved
--> mj-pyramidal_pgs.adb:86:65

 info: index check proved
--> mj-pyramidal_pgs.adb:86:75

 info: index check proved
--> mj-pyramidal_pgs.adb:87:50

 info: index check proved
--> mj-pyramidal_pgs.adb:87:58

 info: postcondition proved
--> mj-pyramidal_pgs.adb:88:14

 info: index check proved
--> mj-pyramidal_pgs.adb:88:60

 info: index check proved
--> mj-pyramidal_pgs.adb:88:72

 info: index check proved
--> mj-pyramidal_pgs.adb:88:82

 info: precondition proved
--> mj-pyramidal_pgs.adb:92:10

 info: index check proved
--> mj-pyramidal_pgs.adb:92:35

 info: index check proved
--> mj-pyramidal_pgs.adb:92:54

 info: index check proved
--> mj-pyramidal_pgs.adb:92:64

 info: loop invariant initialization proved
--> mj-pyramidal_pgs.adb:94:13

 info: loop invariant preservation proved
--> mj-pyramidal_pgs.adb:94:13

 info: index check proved
--> mj-pyramidal_pgs.adb:94:58

 info: index check proved
--> mj-pyramidal_pgs.adb:94:70

 info: index check proved
--> mj-pyramidal_pgs.adb:94:80

 info: index check proved
--> mj-pyramidal_pgs.adb:105:63

 info: index check proved
--> mj-pyramidal_pgs.adb:105:75

 info: index check proved
--> mj-pyramidal_pgs.adb:105:85

 info: index check proved
--> mj-pyramidal_pgs.adb:106:33

 info: index check proved
--> mj-pyramidal_pgs.adb:106:50

 info: index check proved
--> mj-pyramidal_pgs.adb:106:66

 info: index check proved
--> mj-pyramidal_pgs.adb:107:75

 info: index check proved
--> mj-pyramidal_pgs.adb:107:88

 info: postcondition proved
--> mj-pyramidal_pgs.adb:108:14

 info: index check proved
--> mj-pyramidal_pgs.adb:108:59

 info: index check proved
--> mj-pyramidal_pgs.adb:108:70

 info: index check proved
--> mj-pyramidal_pgs.adb:108:80

 info: precondition proved
--> mj-pyramidal_pgs.adb:113:13

 info: index check proved
--> mj-pyramidal_pgs.adb:113:38

 info: index check proved
--> mj-pyramidal_pgs.adb:113:50

 info: index check proved
--> mj-pyramidal_pgs.adb:113:71

 info: loop invariant initialization proved
--> mj-pyramidal_pgs.adb:116:13

 info: loop invariant preservation proved
--> mj-pyramidal_pgs.adb:116:13

 info: index check proved
--> mj-pyramidal_pgs.adb:116:62

 info: index check proved
--> mj-pyramidal_pgs.adb:116:73

 info: index check proved
--> mj-pyramidal_pgs.adb:116:83

 info: implicit aspect Always_Terminates on "Bounded_Row" has been proved, subprogram will terminate
--> mj-pyramidal_pgs.adb:120:13

 info: index check proved
--> mj-pyramidal_pgs.adb:121:40

 info: index check proved
--> mj-pyramidal_pgs.adb:121:45

 info: implicit aspect Always_Terminates on "Residual" has been proved, subprogram will terminate
--> mj-pyramidal_pgs.adb:125:13

 info: index check proved
--> mj-pyramidal_pgs.adb:131:20

 info: precondition proved
--> mj-pyramidal_pgs.adb:132:17

 info: range check proved
--> mj-pyramidal_pgs.adb:135:39

 info: index check proved
--> mj-pyramidal_pgs.adb:135:42

 info: initialization of "Sum" proved
--> mj-pyramidal_pgs.adb:137:07

 info: initialization of "Tail" proved
--> mj-pyramidal_pgs.adb:138:07

 info: range check proved
--> mj-pyramidal_pgs.adb:139:53

 info: division check proved
--> mj-pyramidal_pgs.adb:140:38

 info: range check proved
--> mj-pyramidal_pgs.adb:140:38

 info: initialization of "I" proved
--> mj-pyramidal_pgs.adb:141:07

 info: overflow check proved
--> mj-pyramidal_pgs.adb:146:17

 info: overflow check proved
--> mj-pyramidal_pgs.adb:146:25

 info: precondition proved
--> mj-pyramidal_pgs.adb:147:16

 info: range check proved
--> mj-pyramidal_pgs.adb:147:41

 info: index check proved
--> mj-pyramidal_pgs.adb:147:45

 info: index check proved
--> mj-pyramidal_pgs.adb:147:50

 info: index check proved
--> mj-pyramidal_pgs.adb:147:57

 info: precondition proved
--> mj-pyramidal_pgs.adb:148:16

 info: range check proved
--> mj-pyramidal_pgs.adb:148:41

 info: index check proved
--> mj-pyramidal_pgs.adb:148:45

 info: overflow check proved
--> mj-pyramidal_pgs.adb:148:52

 info: index check proved
--> mj-pyramidal_pgs.adb:148:52

 info: overflow check proved
--> mj-pyramidal_pgs.adb:148:63

 info: index check proved
--> mj-pyramidal_pgs.adb:148:63

 info: precondition proved
--> mj-pyramidal_pgs.adb:149:16

 info: range check proved
--> mj-pyramidal_pgs.adb:149:41

 info: index check proved
--> mj-pyramidal_pgs.adb:149:45

 info: overflow check proved
--> mj-pyramidal_pgs.adb:149:52

 info: index check proved
--> mj-pyramidal_pgs.adb:149:52

 info: overflow check proved
--> mj-pyramidal_pgs.adb:149:63

 info: index check proved
--> mj-pyramidal_pgs.adb:149:63

 info: precondition proved
--> mj-pyramidal_pgs.adb:150:16

 info: range check proved
--> mj-pyramidal_pgs.adb:150:41

 info: index check proved
--> mj-pyramidal_pgs.adb:150:45

 info: overflow check proved
--> mj-pyramidal_pgs.adb:150:52

 info: index check proved
--> mj-pyramidal_pgs.adb:150:52

 info: overflow check proved
--> mj-pyramidal_pgs.adb:150:63

 info: index check proved
--> mj-pyramidal_pgs.adb:150:63

 info: loop invariant preservation proved
--> mj-pyramidal_pgs.adb:151:43

 info: loop invariant initialization proved
--> mj-pyramidal_pgs.adb:151:43

 info: range check proved
--> mj-pyramidal_pgs.adb:151:65

 info: overflow check proved
--> mj-pyramidal_pgs.adb:151:65

 info: float overflow check proved
--> mj-pyramidal_pgs.adb:151:70

 info: range check proved
--> mj-pyramidal_pgs.adb:152:38

 info: overflow check proved
--> mj-pyramidal_pgs.adb:152:38

 info: float overflow check proved
--> mj-pyramidal_pgs.adb:152:43

 info: range check proved
--> mj-pyramidal_pgs.adb:153:38

 info: overflow check proved
--> mj-pyramidal_pgs.adb:153:38

 info: float overflow check proved
--> mj-pyramidal_pgs.adb:153:43

 info: range check proved
--> mj-pyramidal_pgs.adb:154:38

 info: overflow check proved
--> mj-pyramidal_pgs.adb:154:38

 info: float overflow check proved
--> mj-pyramidal_pgs.adb:154:43

 info: float overflow check proved
--> mj-pyramidal_pgs.adb:156:18

 info: float overflow check proved
--> mj-pyramidal_pgs.adb:156:24

 info: range check proved
--> mj-pyramidal_pgs.adb:156:24

 info: float overflow check proved
--> mj-pyramidal_pgs.adb:156:30

 info: overflow check proved
--> mj-pyramidal_pgs.adb:157:14

 info: overflow check proved
--> mj-pyramidal_pgs.adb:157:23

 info: division check proved
--> mj-pyramidal_pgs.adb:158:14

 info: range check proved
--> mj-pyramidal_pgs.adb:160:23

 info: index check proved
--> mj-pyramidal_pgs.adb:160:27

 info: index check proved
--> mj-pyramidal_pgs.adb:160:32

 info: index check proved
--> mj-pyramidal_pgs.adb:160:39

 info: float overflow check proved
--> mj-pyramidal_pgs.adb:160:43

 info: range check proved
--> mj-pyramidal_pgs.adb:160:54

 info: index check proved
--> mj-pyramidal_pgs.adb:160:58

 info: overflow check proved
--> mj-pyramidal_pgs.adb:160:65

 info: index check proved
--> mj-pyramidal_pgs.adb:160:65

 info: overflow check proved
--> mj-pyramidal_pgs.adb:160:76

 info: index check proved
--> mj-pyramidal_pgs.adb:160:76

 info: float overflow check proved
--> mj-pyramidal_pgs.adb:161:13

 info: range check proved
--> mj-pyramidal_pgs.adb:161:13

 info: range check proved
--> mj-pyramidal_pgs.adb:161:24

 info: index check proved
--> mj-pyramidal_pgs.adb:161:28

 info: overflow check proved
--> mj-pyramidal_pgs.adb:161:35

 info: index check proved
--> mj-pyramidal_pgs.adb:161:35

 info: overflow check proved
--> mj-pyramidal_pgs.adb:161:46

 info: index check proved
--> mj-pyramidal_pgs.adb:161:46

 info: range check proved
--> mj-pyramidal_pgs.adb:162:38

 info: index check proved
--> mj-pyramidal_pgs.adb:162:42

 info: index check proved
--> mj-pyramidal_pgs.adb:162:47

 info: index check proved
--> mj-pyramidal_pgs.adb:162:54

 info: float overflow check proved
--> mj-pyramidal_pgs.adb:162:58

 info: range check proved
--> mj-pyramidal_pgs.adb:162:58

 info: range check proved
--> mj-pyramidal_pgs.adb:162:69

 info: index check proved
--> mj-pyramidal_pgs.adb:162:73

 info: overflow check proved
--> mj-pyramidal_pgs.adb:162:80

 info: index check proved
--> mj-pyramidal_pgs.adb:162:80

 info: overflow check proved
--> mj-pyramidal_pgs.adb:162:91

 info: index check proved
--> mj-pyramidal_pgs.adb:162:91

 info: range check proved
--> mj-pyramidal_pgs.adb:163:37

 info: index check proved
--> mj-pyramidal_pgs.adb:163:41

 info: index check proved
--> mj-pyramidal_pgs.adb:163:46

 info: index check proved
--> mj-pyramidal_pgs.adb:163:53

 info: float overflow check proved
--> mj-pyramidal_pgs.adb:164:38

 info: range check proved
--> mj-pyramidal_pgs.adb:164:38

 info: float overflow check proved
--> mj-pyramidal_pgs.adb:166:20

 info: range check proved
--> mj-pyramidal_pgs.adb:166:20

 info: float overflow check proved
--> mj-pyramidal_pgs.adb:166:27

 info: range check proved
--> mj-pyramidal_pgs.adb:171:36

 info: range check proved
--> mj-pyramidal_pgs.adb:175:13

 info: range check proved
--> mj-pyramidal_pgs.adb:175:52

 info: range check proved
--> mj-pyramidal_pgs.adb:176:35

 info: range check proved
--> mj-pyramidal_pgs.adb:178:14

 info: range check proved
--> mj-pyramidal_pgs.adb:178:36

 info: index check proved
--> mj-pyramidal_pgs.adb:181:16

 info: index check proved
--> mj-pyramidal_pgs.adb:182:40

 info: index check proved
--> mj-pyramidal_pgs.adb:182:51

 info: index check proved
--> mj-pyramidal_pgs.adb:182:61

 info: index check proved
--> mj-pyramidal_pgs.adb:183:24

 info: index check proved
--> mj-pyramidal_pgs.adb:183:27

 info: precondition proved
--> mj-pyramidal_pgs.adb:185:17

 info: loop invariant preservation proved
--> mj-pyramidal_pgs.adb:187:12

 info: loop invariant initialization proved
--> mj-pyramidal_pgs.adb:187:12

 info: index check proved
--> mj-pyramidal_pgs.adb:188:17

 info: index check proved
--> mj-pyramidal_pgs.adb:189:34

 info: index check proved
--> mj-pyramidal_pgs.adb:189:51

 info: index check proved
--> mj-pyramidal_pgs.adb:189:67

 info: index check proved
--> mj-pyramidal_pgs.adb:190:22

 info: index check proved
--> mj-pyramidal_pgs.adb:190:31

 info: precondition proved
--> mj-pyramidal_pgs.adb:191:18

 info: range check proved
--> mj-pyramidal_pgs.adb:195:10

 info: range check proved
--> mj-pyramidal_pgs.adb:195:38

 info: length check proved
--> mj-pyramidal_pgs.adb:195:38

 info: range check proved
--> mj-pyramidal_pgs.adb:195:50

 info: range check proved
--> mj-pyramidal_pgs.adb:195:71

 info: index check proved
--> mj-pyramidal_pgs.adb:195:78

 info: range check proved
--> mj-pyramidal_pgs.adb:196:10

 info: length check proved
--> mj-pyramidal_pgs.adb:196:51

 info: initialization of "Before" proved
--> mj-pyramidal_pgs.adb:197:10

 info: range check proved
--> mj-pyramidal_pgs.adb:197:10

 info: range check proved
--> mj-pyramidal_pgs.adb:198:10

 info: range check proved
--> mj-pyramidal_pgs.adb:198:37

 info: length check proved
--> mj-pyramidal_pgs.adb:198:37

 info: range check proved
--> mj-pyramidal_pgs.adb:198:49

 info: range check proved
--> mj-pyramidal_pgs.adb:198:69

 info: index check proved
--> mj-pyramidal_pgs.adb:198:73

 info: index check proved
--> mj-pyramidal_pgs.adb:198:76

 info: range check proved
--> mj-pyramidal_pgs.adb:199:18

 info: range check proved
--> mj-pyramidal_pgs.adb:201:10

 info: range check proved
--> mj-pyramidal_pgs.adb:201:38

 info: length check proved
--> mj-pyramidal_pgs.adb:201:38

 info: range check proved
--> mj-pyramidal_pgs.adb:201:50

 info: range check proved
--> mj-pyramidal_pgs.adb:201:58

 info: initialization of "Random" proved
--> mj-pyramidal_pgs.adb:203:10

 info: initialization of "Improvement" proved
--> mj-pyramidal_pgs.adb:205:10

 info: initialization of "Dot_Restart" proved
--> mj-pyramidal_pgs.adb:206:10

 info: initialization of "Beta" proved
--> mj-pyramidal_pgs.adb:207:10

 info: initialization of "S" proved
--> mj-pyramidal_pgs.adb:208:10

 info: data dependencies proved
--> mj-pyramidal_pgs.adb:210:15

 info: postcondition proved
--> mj-pyramidal_pgs.adb:211:31

 info: index check proved
--> mj-pyramidal_pgs.adb:211:67

 info: index check proved
--> mj-pyramidal_pgs.adb:212:40

 info: index check proved
--> mj-pyramidal_pgs.adb:212:71

 info: index check proved
--> mj-pyramidal_pgs.adb:212:90

 info: loop invariant initialization proved
--> mj-pyramidal_pgs.adb:222:46

 info: loop invariant preservation proved
--> mj-pyramidal_pgs.adb:222:46

 info: index check proved
--> mj-pyramidal_pgs.adb:224:59

 info: index check proved
--> mj-pyramidal_pgs.adb:224:66

 info: index check proved
--> mj-pyramidal_pgs.adb:224:76

 info: index check proved
--> mj-pyramidal_pgs.adb:225:50

 info: length check proved
--> mj-pyramidal_pgs.adb:229:26

 info: length check proved
--> mj-pyramidal_pgs.adb:229:29

 info: index check proved
--> mj-pyramidal_pgs.adb:231:46

 info: index check proved
--> mj-pyramidal_pgs.adb:231:79

 info: precondition proved
--> mj-pyramidal_pgs.adb:237:22

 info: index check proved
--> mj-pyramidal_pgs.adb:237:47

 info: index check proved
--> mj-pyramidal_pgs.adb:237:73

 info: precondition proved
--> mj-pyramidal_pgs.adb:240:19

 info: loop invariant preservation proved
--> mj-pyramidal_pgs.adb:242:21

 info: loop invariant initialization proved
--> mj-pyramidal_pgs.adb:242:21

 info: index check proved
--> mj-pyramidal_pgs.adb:242:61

 info: index check proved
--> mj-pyramidal_pgs.adb:242:68

 info: index check proved
--> mj-pyramidal_pgs.adb:242:78

 info: precondition proved
--> mj-pyramidal_pgs.adb:247:25

 info: range check proved
--> mj-pyramidal_pgs.adb:247:25

 info: loop invariant preservation proved
--> mj-pyramidal_pgs.adb:249:18

 info: loop invariant initialization proved
--> mj-pyramidal_pgs.adb:249:18

 info: index check proved
--> mj-pyramidal_pgs.adb:249:49

 info: index check proved
--> mj-pyramidal_pgs.adb:254:36

 info: index check proved
--> mj-pyramidal_pgs.adb:254:43

 info: precondition proved
--> mj-pyramidal_pgs.adb:254:47

 info: index check proved
--> mj-pyramidal_pgs.adb:254:76

 info: index check proved
--> mj-pyramidal_pgs.adb:254:86

 info: index check proved
--> mj-pyramidal_pgs.adb:256:22

 info: precondition proved
--> mj-pyramidal_pgs.adb:257:34

 info: loop invariant initialization proved
--> mj-pyramidal_pgs.adb:260:18

 info: loop invariant preservation proved
--> mj-pyramidal_pgs.adb:260:18

 info: index check proved
--> mj-pyramidal_pgs.adb:260:58

 info: index check proved
--> mj-pyramidal_pgs.adb:260:65

 info: index check proved
--> mj-pyramidal_pgs.adb:260:75

 info: range check proved
--> mj-pyramidal_pgs.adb:261:47

 info: float overflow check proved
--> mj-pyramidal_pgs.adb:261:54

 info: float overflow check proved
--> mj-pyramidal_pgs.adb:263:47

 info: range check proved
--> mj-pyramidal_pgs.adb:263:47

 info: precondition proved
--> mj-pyramidal_pgs.adb:268:37

 info: float overflow check proved
--> mj-pyramidal_pgs.adb:269:31

 info: float overflow check proved
--> mj-pyramidal_pgs.adb:269:47

 info: range check proved
--> mj-pyramidal_pgs.adb:269:47

 info: float overflow check proved
--> mj-pyramidal_pgs.adb:269:63

 info: loop invariant initialization proved
--> mj-pyramidal_pgs.adb:270:55

 info: loop invariant preservation proved
--> mj-pyramidal_pgs.adb:270:55

 info: range check proved
--> mj-pyramidal_pgs.adb:270:80

 info: float overflow check proved
--> mj-pyramidal_pgs.adb:270:83

 info: range check proved
--> mj-pyramidal_pgs.adb:274:62

 info: range check proved
--> mj-pyramidal_pgs.adb:275:28

 info: length check proved
--> mj-pyramidal_pgs.adb:282:16

 info: range check proved
--> mj-pyramidal_pgs.adb:282:19

 info: range check proved
--> mj-pyramidal_pgs.adb:282:31

 info: index check proved
--> mj-pyramidal_pgs.adb:282:48

 info: precondition proved
--> mj-pyramidal_pgs.adb:283:10

 info: initialization of "Result" proved
--> mj-pyramidal_pgs.ads:32:64

 info: data dependencies proved
--> mj-pyramidal_pgs.ads:33:09

 info: postcondition proved
--> mj-pyramidal_pgs.ads:35:08

 info: index check proved
--> mj-pyramidal_pgs.ads:39:65

 info: index check proved
--> mj-pyramidal_pgs.ads:39:76

 info: index check proved
--> mj-pyramidal_pgs.ads:39:86
