Phase 1 of 3: generation of data representation information ...
Phase 2 of 3: generation of Global contracts ...
Phase 3 of 3: flow analysis and proof ...
 info: initialization of "R" proved
--> mj-bvh.adb:108:07

 info: unrolling loop [info-unrolling-inlining]
--> mj-bvh.adb:110:21

 info: precondition proved
--> mj-bvh.adb:111:10

 info: non-aliasing of formal parameters "Center" and "Half" proved
--> mj-bvh.adb:112:23

 info: implicit aspect Always_Terminates on "Union_Box" has been proved, subprogram will terminate
--> mj-bvh.ads:36:13

 info: data dependencies proved
--> mj-bvh.ads:37:11

 info: postcondition proved
--> mj-bvh.ads:38:16

 info: precondition proved
--> mj-bvh.ads:39:19

 info: precondition proved
--> mj-bvh.ads:39:59
Success: all checks proved (8 checks).
Summary logged in /var/tmp/sparkling-advanced-bvh-delivery-proof-20261002-side/bvh-union/validation/obj/gnatprove/gnatprove.out
guarded: elapsed 38.9 s, peak group RSS 198 MB
