Phase 1 of 3: generation of data representation information ...
Phase 2 of 3: generation of Global contracts ...
Phase 3 of 3: flow analysis and proof ...
 info: initialization of "Center" proved
--> mj-bvh.adb:57:38

 info: initialization of "Half" proved
--> mj-bvh.adb:57:46

 info: data dependencies proved
--> mj-bvh.adb:59:06

 info: postcondition proved
--> mj-bvh.adb:61:14

 info: float overflow check proved
--> mj-bvh.adb:62:24

 info: float overflow check proved
--> mj-bvh.adb:62:53

 info: precondition proved
--> mj-bvh.adb:64:32

 info: precondition proved
--> mj-bvh.adb:64:46

 info: range check proved
--> mj-bvh.adb:65:34

 info: float overflow check proved
--> mj-bvh.adb:65:34

 info: float overflow check proved
--> mj-bvh.adb:66:56

 info: range check proved
--> mj-bvh.adb:66:56

 info: initialization of "Radius" proved
--> mj-bvh.adb:67:07

 info: assertion proved
--> mj-bvh.adb:69:22

 info: float overflow check proved
--> mj-bvh.adb:70:20

 info: float overflow check proved
--> mj-bvh.adb:70:27

 info: assertion proved
--> mj-bvh.adb:71:22

 info: precondition proved
--> mj-bvh.adb:72:17

 info: float overflow check proved
--> mj-bvh.adb:72:33

 info: float overflow check proved
--> mj-bvh.adb:72:42

 info: float overflow check proved
--> mj-bvh.adb:73:22

 info: assertion proved
--> mj-bvh.adb:74:22

 info: assertion proved
--> mj-bvh.adb:75:22

 info: float overflow check proved
--> mj-bvh.adb:75:40

 info: precondition proved
--> mj-bvh.adb:76:07

 info: assertion proved
--> mj-bvh.adb:77:22

 info: float overflow check proved
--> mj-bvh.adb:77:29

 info: float overflow check proved
--> mj-bvh.adb:77:40

 info: float overflow check proved
--> mj-bvh.adb:77:46

 info: precondition proved
--> mj-bvh.adb:78:07

 info: precondition proved
--> mj-bvh.adb:79:07

 info: float overflow check proved
--> mj-bvh.adb:79:31

 info: precondition proved
--> mj-bvh.adb:80:07

 info: float overflow check proved
--> mj-bvh.adb:80:27

 info: assertion proved
--> mj-bvh.adb:81:22

 info: float overflow check proved
--> mj-bvh.adb:81:38

 info: float overflow check proved
--> mj-bvh.adb:81:44

 info: assertion proved
--> mj-bvh.adb:82:22

 info: float overflow check proved
--> mj-bvh.adb:82:34

 info: float overflow check proved
--> mj-bvh.adb:82:44

 info: precondition proved
--> mj-bvh.adb:83:07

 info: float overflow check proved
--> mj-bvh.adb:83:32

 info: float overflow check proved
--> mj-bvh.adb:83:38

 info: assertion proved
--> mj-bvh.adb:84:22

 info: float overflow check proved
--> mj-bvh.adb:84:29

 info: float overflow check proved
--> mj-bvh.adb:84:46

 info: float overflow check proved
--> mj-bvh.adb:84:57

 info: float overflow check proved
--> mj-bvh.adb:84:63

 info: precondition proved
--> mj-bvh.adb:85:07

 info: float overflow check proved
--> mj-bvh.adb:85:28

 info: float overflow check proved
--> mj-bvh.adb:85:38

 info: precondition proved
--> mj-bvh.adb:86:07

 info: float overflow check proved
--> mj-bvh.adb:86:32

 info: float overflow check proved
--> mj-bvh.adb:86:47

 info: float overflow check proved
--> mj-bvh.adb:86:58

 info: float overflow check proved
--> mj-bvh.adb:86:64

 info: assertion proved
--> mj-bvh.adb:87:22

 info: float overflow check proved
--> mj-bvh.adb:87:29

 info: assertion proved
--> mj-bvh.adb:88:22

 info: float overflow check proved
--> mj-bvh.adb:88:29
Success: all checks proved (60 checks).
Summary logged in /var/tmp/sparkling-advanced-bvh-delivery-proof-20261002-side/bvh-enclose/validation/obj/gnatprove/gnatprove.out
guarded: elapsed 68.8 s, peak group RSS 197 MB
