Phase 1 of 3: generation of data representation information ...
Phase 2 of 3: generation of Global contracts ...
Phase 3 of 3: flow analysis and proof ...
 info: length check proved
--> mj-lu.adb:5:16

 info: index check proved
--> mj-lu.adb:8:28

 info: index check proved
--> mj-lu.adb:8:55

 info: range check proved
--> mj-lu.adb:8:67

 info: cannot unroll loop (too many loop iterations) [info-unrolling-inlining]
--> mj-lu.adb:9:25

 info: index check proved
--> mj-lu.adb:10:24

 info: overflow check proved
--> mj-lu.adb:10:51

 info: index check proved
--> mj-lu.adb:10:51

 info: index check proved
--> mj-lu.adb:10:69

 info: overflow check proved
--> mj-lu.adb:11:32

 info: index check proved
--> mj-lu.adb:11:32

 info: range check proved
--> mj-lu.adb:11:44

 info: index check proved
--> mj-lu.adb:12:30

 info: overflow check proved
--> mj-lu.adb:12:48

 info: index check proved
--> mj-lu.adb:12:48

 info: overflow check proved
--> mj-lu.adb:12:51

 info: cannot unroll loop (too many loop iterations) [info-unrolling-inlining]
--> mj-lu.adb:12:54

 info: index check proved
--> mj-lu.adb:13:24

 info: index check proved
--> mj-lu.adb:13:46

 info: initialization of "Diagonal" proved
--> mj-lu.ads:35:23

 info: initialization of "Result" proved
--> mj-lu.ads:35:49

 info: data dependencies proved
--> mj-lu.ads:36:11

 info: postcondition proved
--> mj-lu.ads:37:14
Success: all checks proved (21 checks).
Summary logged in /var/tmp/sparkling-lu-20260928/evidence/final_local/obj/gnatprove/gnatprove.out
