Phase 1 of 3: generation of data representation information ...
Phase 2 of 3: generation of Global contracts ...
Phase 3 of 3: flow analysis and proof ...
 info: float overflow check proved
--> mj-lu.adb:66:15

 info: range check proved
--> mj-lu.adb:66:15

 info: float overflow check proved
--> mj-lu.adb:66:17

 info: implicit aspect Always_Terminates on "Fast_Subtract" has been proved, subprogram will terminate
--> mj-lu.ads:73:13

 info: data dependencies proved
--> mj-lu.ads:74:11

 info: postcondition proved
--> mj-lu.ads:74:35

 info: float overflow check proved
--> mj-lu.ads:74:59

 info: float overflow check proved
--> mj-lu.ads:74:61
Success: all checks proved (8 checks).
Summary logged in /var/tmp/sparkling-lu-20260928/evidence/final_local/obj/gnatprove/gnatprove.out
