Phase 1 of 3: generation of data representation information ...
Phase 2 of 3: generation of Global contracts ...
Phase 3 of 3: flow analysis and proof ...
 info: range check proved
--> mj-lu.adb:73:23

 info: loop invariant initialization proved
--> mj-lu.adb:74:33

 info: loop invariant preservation proved
--> mj-lu.adb:74:33

 info: loop invariant initialization proved
--> mj-lu.adb:75:33

 info: loop invariant preservation proved
--> mj-lu.adb:75:33

 info: index check proved
--> mj-lu.adb:75:69

 info: implicit aspect Always_Terminates on "Magnitude" has been proved, subprogram will terminate
--> mj-lu.ads:76:13

 info: data dependencies proved
--> mj-lu.ads:77:11

 info: postcondition proved
--> mj-lu.ads:78:14
Success: all checks proved (9 checks).
Summary logged in /var/tmp/sparkling-lu-20260928/evidence/final_local/obj/gnatprove/gnatprove.out
