Phase 1 of 3: generation of data representation information ...
Phase 2 of 3: generation of Global contracts ...
Phase 3 of 3: flow analysis and proof ...
 info: initialization of "T" proved
--> mj-lu.adb:230:07

 info: length check proved
--> mj-lu.adb:232:09

 info: loop invariant initialization proved
--> mj-lu.adb:235:33

 info: loop invariant preservation proved
--> mj-lu.adb:235:33

 info: range check proved
--> mj-lu.adb:236:15

 info: index check proved
--> mj-lu.adb:236:18

 info: index check proved
--> mj-lu.adb:237:29

 info: overflow check proved
--> mj-lu.adb:237:31

 info: overflow check proved
--> mj-lu.adb:237:49

 info: index check proved
--> mj-lu.adb:237:49

 info: overflow check proved
--> mj-lu.adb:237:52

 info: cannot unroll loop (too many loop iterations) [info-unrolling-inlining]
--> mj-lu.adb:237:55

 info: range check proved
--> mj-lu.adb:238:34

 info: index check proved
--> mj-lu.adb:238:37

 info: range check proved
--> mj-lu.adb:238:41

 info: index check proved
--> mj-lu.adb:238:44

 info: index check proved
--> mj-lu.adb:238:52

 info: index check proved
--> mj-lu.adb:241:13

 info: loop invariant initialization proved
--> mj-lu.adb:244:33

 info: loop invariant preservation proved
--> mj-lu.adb:244:33

 info: range check proved
--> mj-lu.adb:245:15

 info: index check proved
--> mj-lu.adb:245:18

 info: index check proved
--> mj-lu.adb:246:30

 info: index check proved
--> mj-lu.adb:246:46

 info: overflow check proved
--> mj-lu.adb:246:48

 info: cannot unroll loop (too many loop iterations) [info-unrolling-inlining]
--> mj-lu.adb:246:51

 info: range check proved
--> mj-lu.adb:247:34

 info: index check proved
--> mj-lu.adb:247:37

 info: range check proved
--> mj-lu.adb:247:41

 info: index check proved
--> mj-lu.adb:247:44

 info: index check proved
--> mj-lu.adb:247:52

 info: precondition proved
--> mj-lu.adb:250:10

 info: range check proved
--> mj-lu.adb:250:21

 info: index check proved
--> mj-lu.adb:250:24

 info: index check proved
--> mj-lu.adb:250:34

 info: index check proved
--> mj-lu.adb:252:13

 info: initialization of "X" proved
--> mj-lu.ads:128:23

 info: initialization of "Result" proved
--> mj-lu.ads:128:43

 info: data dependencies proved
--> mj-lu.ads:129:11

 info: index check proved
--> mj-lu.ads:132:50

 info: index check proved
--> mj-lu.ads:132:60

 info: postcondition proved
--> mj-lu.ads:134:14
Success: all checks proved (40 checks).
Summary logged in /var/tmp/sparkling-lu-20260928/evidence/final_local/obj/gnatprove/gnatprove.out
