Phase 1 of 3: generation of data representation information ...
Phase 2 of 3: generation of Global contracts ...
Phase 3 of 3: flow analysis and proof ...
 info: index check proved
--> mj-lu.adb:44:34

 info: index check proved
--> mj-lu.adb:46:10

 info: index check proved
--> mj-lu.adb:46:19

 info: index check proved
--> mj-lu.adb:46:26

 info: data dependencies proved
--> mj-lu.ads:60:11

 info: postcondition proved
--> mj-lu.ads:61:14

 info: index check proved
--> mj-lu.ads:61:63

 info: index check proved
--> mj-lu.ads:62:28

 info: index check proved
--> mj-lu.ads:62:53

 info: index check proved
--> mj-lu.ads:62:68
Success: all checks proved (10 checks).
Summary logged in /var/tmp/sparkling-lu-20260928/evidence/final_local/obj/gnatprove/gnatprove.out
