=========================
Summary of SPARK analysis
=========================

-----------------------------------------------------------------------------------------------------------
SPARK Analysis results        Total       Flow                               Provers   Justified   Unproved
-----------------------------------------------------------------------------------------------------------
Data Dependencies                 .          .                                     .           .          .
Flow Dependencies                 .          .                                     .           .          .
Initialization                    1          1                                     .           .          .
Non-Aliasing                      .          .                                     .           .          .
Run-time Checks                  10          .    10 (CVC5 70%, Z3 20%, altergo 10%)           .          .
Assertions                        .          .                                     .           .          .
Functional Contracts              5          .                              5 (CVC5)           .          .
LSP Verification                  .          .                                     .           .          .
Termination                       1          1                                     .           .          .
Concurrency                       .          .                                     .           .          .
-----------------------------------------------------------------------------------------------------------
Total                            17    2 (12%)                              15 (88%)           .          .


max steps used for successful proof: 31132

============================
Most difficult proved checks
============================

mj-tendon_geometry.adb:39:14: postcondition proved in max 3 seconds
mj-tendon_geometry.adb:50:21: fp_overflow check proved in max 1 seconds
mj-tendon_geometry.adb:50:32: fp_overflow check proved in max 1 seconds

========================
Detailed analysis report
========================

Analyzed 1 unit
in unit mj-tendon_geometry, 1 subprograms and packages out of 1 analyzed
  MJ.Tendon_Geometry.Unit2 at mj-tendon_geometry.adb:37 flow analyzed (0 errors, 0 checks, 0 warnings and 0 pragma Assume statements) and proved (15 checks)
