Phase 1 of 3: generation of data representation information ...
Phase 2 of 3: generation of Global contracts ...
Phase 3 of 3: flow analysis and proof ...
Success: all checks proved (103 checks).
Summary logged in /var/tmp/sparkling-actuation-20260930/proofs/adhesive-whole-2/mj-adhesive_slider-obj/gnatprove/gnatprove.out
guarded: elapsed 86.5 s, peak group RSS 291 MB
 info: precondition proved
--> mj-adhesive_slider.adb:3:70

 info: initialization of "F" proved
--> mj-adhesive_slider.adb:11:07

 info: precondition proved
--> mj-adhesive_slider.adb:15:38

 info: precondition proved
--> mj-adhesive_slider.adb:17:23

 info: precondition proved
--> mj-adhesive_slider.adb:17:40

 info: non-aliasing of formal parameters "Dot" and "Next" proved
--> mj-adhesive_slider.adb:19:13

 info: non-aliasing of formal parameters "Dot" and "Drive" proved
--> mj-adhesive_slider.adb:19:13

 info: non-aliasing of formal parameters "Dot" and "Ok" proved
--> mj-adhesive_slider.adb:19:13

 info: non-aliasing of formal parameters "Next" and "Drive" proved
--> mj-adhesive_slider.adb:19:19

 info: non-aliasing of formal parameters "Next" and "Ok" proved
--> mj-adhesive_slider.adb:19:19

 info: non-aliasing of formal parameters "Drive" and "Ok" proved
--> mj-adhesive_slider.adb:19:26

 info: assertion proved
--> mj-adhesive_slider.adb:21:32

 info: precondition proved
--> mj-adhesive_slider.adb:21:40

 info: precondition proved
--> mj-adhesive_slider.adb:23:35

 info: assertion proved
--> mj-adhesive_slider.adb:23:35

 info: precondition proved
--> mj-adhesive_slider.adb:24:25

 info: precondition proved
--> mj-adhesive_slider.adb:27:35

 info: assertion proved
--> mj-adhesive_slider.adb:27:35

 info: assertion proved
--> mj-adhesive_slider.adb:29:32

 info: precondition proved
--> mj-adhesive_slider.adb:29:49

 info: assertion proved
--> mj-adhesive_slider.adb:30:32

 info: precondition proved
--> mj-adhesive_slider.adb:30:64

 info: assertion proved
--> mj-adhesive_slider.adb:31:32

 info: precondition proved
--> mj-adhesive_slider.adb:31:42

 info: precondition proved
--> mj-adhesive_slider.adb:32:12

 info: float overflow check proved
--> mj-adhesive_slider.adb:34:60

 info: range check proved
--> mj-adhesive_slider.adb:37:18

 info: precondition proved
--> mj-adhesive_slider.adb:38:19

 info: range check proved
--> mj-adhesive_slider.adb:38:19

 info: float overflow check proved
--> mj-adhesive_slider.adb:39:25

 info: range check proved
--> mj-adhesive_slider.adb:39:25

 info: float overflow check proved
--> mj-adhesive_slider.adb:40:17

 info: float overflow check proved
--> mj-adhesive_slider.adb:43:33

 info: range check proved
--> mj-adhesive_slider.adb:43:33

 info: initialization of "V" proved
--> mj-adhesive_slider.adb:51:07

 info: initialization of "Z" proved
--> mj-adhesive_slider.adb:51:09

 info: float overflow check proved
--> mj-adhesive_slider.adb:52:41

 info: range check proved
--> mj-adhesive_slider.adb:52:41

 info: precondition proved
--> mj-adhesive_slider.adb:54:07

 info: float overflow check proved
--> mj-adhesive_slider.adb:55:29

 info: float overflow check proved
--> mj-adhesive_slider.adb:55:40

 info: float overflow check proved
--> mj-adhesive_slider.adb:56:27

 info: float overflow check proved
--> mj-adhesive_slider.adb:56:38

 info: range check proved
--> mj-adhesive_slider.adb:61:37

 info: range check proved
--> mj-adhesive_slider.adb:61:52

 info: range check proved
--> mj-adhesive_slider.adb:61:63

 info: implicit aspect Always_Terminates on "Valid" has been proved, subprogram will terminate
--> mj-adhesive_slider.ads:32:13

 info: data dependencies proved
--> mj-adhesive_slider.ads:35:79

 info: implicit aspect Always_Terminates on "Control" has been proved, subprogram will terminate
--> mj-adhesive_slider.ads:36:13

 info: range check proved
--> mj-adhesive_slider.ads:38:13

 info: data dependencies proved
--> mj-adhesive_slider.ads:39:12

 info: implicit aspect Always_Terminates on "Scalar_Force" has been proved, subprogram will terminate
--> mj-adhesive_slider.ads:40:13

 info: float overflow check proved
--> mj-adhesive_slider.ads:42:90

 info: float overflow check proved
--> mj-adhesive_slider.ads:43:18

 info: data dependencies proved
--> mj-adhesive_slider.ads:43:31

 info: implicit aspect Always_Terminates on "Contact_Moment" has been proved, subprogram will terminate
--> mj-adhesive_slider.ads:44:13

 info: float overflow check proved
--> mj-adhesive_slider.ads:46:18

 info: float overflow check proved
--> mj-adhesive_slider.ads:47:27

 info: float overflow check proved
--> mj-adhesive_slider.ads:47:55

 info: float overflow check proved
--> mj-adhesive_slider.ads:47:62

 info: data dependencies proved
--> mj-adhesive_slider.ads:48:12

 info: implicit aspect Always_Terminates on "Expected_Dot" has been proved, subprogram will terminate
--> mj-adhesive_slider.ads:49:13

 info: precondition proved
--> mj-adhesive_slider.ads:50:59

 info: data dependencies proved
--> mj-adhesive_slider.ads:51:12

 info: implicit aspect Always_Terminates on "Expected_Next" has been proved, subprogram will terminate
--> mj-adhesive_slider.ads:52:13

 info: precondition proved
--> mj-adhesive_slider.ads:54:25

 info: precondition proved
--> mj-adhesive_slider.ads:54:53

 info: data dependencies proved
--> mj-adhesive_slider.ads:56:12

 info: implicit aspect Always_Terminates on "Expected_Drive" has been proved, subprogram will terminate
--> mj-adhesive_slider.ads:57:13

 info: precondition proved
--> mj-adhesive_slider.ads:58:43

 info: precondition proved
--> mj-adhesive_slider.ads:59:30

 info: precondition proved
--> mj-adhesive_slider.ads:59:71

 info: range check proved
--> mj-adhesive_slider.ads:59:71

 info: data dependencies proved
--> mj-adhesive_slider.ads:60:12

 info: implicit aspect Always_Terminates on "Matches" has been proved, subprogram will terminate
--> mj-adhesive_slider.ads:62:16

 info: precondition proved
--> mj-adhesive_slider.ads:64:17

 info: precondition proved
--> mj-adhesive_slider.ads:65:35

 info: precondition proved
--> mj-adhesive_slider.ads:66:50

 info: precondition proved
--> mj-adhesive_slider.ads:67:28

 info: precondition proved
--> mj-adhesive_slider.ads:69:19

 info: float overflow check proved
--> mj-adhesive_slider.ads:70:34

 info: precondition proved
--> mj-adhesive_slider.ads:73:25

 info: float overflow check proved
--> mj-adhesive_slider.ads:75:45

 info: float overflow check proved
--> mj-adhesive_slider.ads:76:32

 info: float overflow check proved
--> mj-adhesive_slider.ads:78:42

 info: data dependencies proved
--> mj-adhesive_slider.ads:81:15

 info: implicit aspect Always_Terminates on "Accepted" has been proved, subprogram will terminate
--> mj-adhesive_slider.ads:82:16

 info: data dependencies proved
--> mj-adhesive_slider.ads:85:15

 info: implicit aspect Always_Terminates on "Moment_For" has been proved, subprogram will terminate
--> mj-adhesive_slider.ads:87:13

 info: data dependencies proved
--> mj-adhesive_slider.ads:88:24

 info: float overflow check proved
--> mj-adhesive_slider.ads:88:55

 info: postcondition proved
--> mj-adhesive_slider.ads:89:26

 info: initialization of "E" proved
--> mj-adhesive_slider.ads:90:79

 info: data dependencies proved
--> mj-adhesive_slider.ads:91:12

 info: postcondition proved
--> mj-adhesive_slider.ads:92:26

 info: precondition proved
--> mj-adhesive_slider.ads:92:31

 info: initialization of "E" proved
--> mj-adhesive_slider.ads:95:07

 info: initialization of "Result" proved
--> mj-adhesive_slider.ads:95:27

 info: data dependencies proved
--> mj-adhesive_slider.ads:95:53

 info: postcondition proved
--> mj-adhesive_slider.ads:96:26

 info: precondition proved
--> mj-adhesive_slider.ads:96:31

 info: float overflow check proved
--> mj-adhesive_slider.ads:99:69

 info: precondition proved
--> mj-adhesive_slider.ads:102:61
