Phase 1 of 3: generation of data representation information ...
Phase 2 of 3: generation of Global contracts ...
Phase 3 of 3: flow analysis and proof ...
 info: precondition proved
--> mj-tendon_vectors.adb:28:24

 info: precondition proved
--> mj-tendon_vectors.adb:28:29

 info: loop invariant initialization proved
--> mj-tendon_vectors.adb:29:43

 info: loop invariant preservation proved
--> mj-tendon_vectors.adb:29:43

 info: index check proved
--> mj-tendon_vectors.adb:29:75

 info: precondition proved
--> mj-tendon_vectors.adb:30:12

 info: precondition proved
--> mj-tendon_vectors.adb:30:23

 info: implicit aspect Always_Terminates on "Multiply" has been proved, subprogram will terminate
--> mj-tendon_vectors.ads:52:13

 info: postcondition proved
--> mj-tendon_vectors.ads:55:25

 info: precondition proved
--> mj-tendon_vectors.ads:56:08

 info: precondition proved
--> mj-tendon_vectors.ads:56:19
Success: all checks proved (11 checks).
Summary logged in /var/tmp/sparkling-spatial-tendons-20260930/proof/mj-tendon_vectors-Multiply/validation/obj/gnatprove/gnatprove.out
guarded: elapsed 4.8 s, peak group RSS 190 MB
