Phase 1 of 3: generation of data representation information ...
Phase 2 of 3: generation of Global contracts ...
Phase 3 of 3: flow analysis and proof ...
 info: float overflow check proved
--> mj-elastic_contact_math.adb:4:23

 info: float overflow check proved
--> mj-elastic_contact_math.adb:4:29

 info: float overflow check proved
--> mj-elastic_contact_math.adb:4:35

 info: float overflow check proved
--> mj-elastic_contact_math.adb:4:42

 info: float overflow check proved
--> mj-elastic_contact_math.adb:4:48

 info: float overflow check proved
--> mj-elastic_contact_math.adb:6:23

 info: float overflow check proved
--> mj-elastic_contact_math.adb:6:29

 info: float overflow check proved
--> mj-elastic_contact_math.adb:6:35

 info: float overflow check proved
--> mj-elastic_contact_math.adb:6:48

 info: float overflow check proved
--> mj-elastic_contact_math.adb:6:54

 info: float overflow check proved
--> mj-elastic_contact_math.adb:6:60

 info: float overflow check proved
--> mj-elastic_contact_math.adb:7:23

 info: float overflow check proved
--> mj-elastic_contact_math.adb:7:29

 info: float overflow check proved
--> mj-elastic_contact_math.adb:7:35

 info: float overflow check proved
--> mj-elastic_contact_math.adb:10:20

 info: float overflow check proved
--> mj-elastic_contact_math.adb:10:33

 info: float overflow check proved
--> mj-elastic_contact_math.adb:10:46

 info: float overflow check proved
--> mj-elastic_contact_math.adb:14:20

 info: float overflow check proved
--> mj-elastic_contact_math.adb:14:33

 info: float overflow check proved
--> mj-elastic_contact_math.adb:14:46

 info: float overflow check proved
--> mj-elastic_contact_math.adb:18:20

 info: float overflow check proved
--> mj-elastic_contact_math.adb:18:29

 info: float overflow check proved
--> mj-elastic_contact_math.adb:18:38

 info: precondition proved
--> mj-elastic_contact_math.adb:21:17

 info: float overflow check proved
--> mj-elastic_contact_math.adb:21:29

 info: float overflow check proved
--> mj-elastic_contact_math.adb:21:35

 info: float overflow check proved
--> mj-elastic_contact_math.adb:21:41

 info: float overflow check proved
--> mj-elastic_contact_math.adb:21:48

 info: float overflow check proved
--> mj-elastic_contact_math.adb:21:54

 info: float overflow check proved
--> mj-elastic_contact_math.adb:26:41

 info: float overflow check proved
--> mj-elastic_contact_math.adb:26:50

 info: float overflow check proved
--> mj-elastic_contact_math.adb:26:55

 info: division check proved
--> mj-elastic_contact_math.adb:26:55

 info: float overflow check proved
--> mj-elastic_contact_math.adb:28:26

 info: float overflow check proved
--> mj-elastic_contact_math.adb:28:35

 info: division check proved
--> mj-elastic_contact_math.adb:30:20

 info: float overflow check proved
--> mj-elastic_contact_math.adb:30:20

 info: implicit aspect Always_Terminates on "Dot" has been proved, subprogram will terminate
--> mj-elastic_contact_math.ads:9:13

 info: data dependencies proved
--> mj-elastic_contact_math.ads:9:50

 info: precondition proved
--> mj-elastic_contact_math.ads:10:13

 info: precondition proved
--> mj-elastic_contact_math.ads:10:43

 info: postcondition proved
--> mj-elastic_contact_math.ads:11:14

 info: float overflow check proved
--> mj-elastic_contact_math.ads:12:27

 info: float overflow check proved
--> mj-elastic_contact_math.ads:12:34

 info: float overflow check proved
--> mj-elastic_contact_math.ads:12:41

 info: float overflow check proved
--> mj-elastic_contact_math.ads:12:49

 info: float overflow check proved
--> mj-elastic_contact_math.ads:12:56

 info: implicit aspect Always_Terminates on "Cross" has been proved, subprogram will terminate
--> mj-elastic_contact_math.ads:13:13

 info: data dependencies proved
--> mj-elastic_contact_math.ads:13:54

 info: precondition proved
--> mj-elastic_contact_math.ads:14:13

 info: precondition proved
--> mj-elastic_contact_math.ads:14:43

 info: precondition proved
--> mj-elastic_contact_math.ads:15:14

 info: postcondition proved
--> mj-elastic_contact_math.ads:15:14

 info: float overflow check proved
--> mj-elastic_contact_math.ads:16:29

 info: float overflow check proved
--> mj-elastic_contact_math.ads:16:35

 info: float overflow check proved
--> mj-elastic_contact_math.ads:16:41

 info: float overflow check proved
--> mj-elastic_contact_math.ads:17:29

 info: float overflow check proved
--> mj-elastic_contact_math.ads:17:35

 info: float overflow check proved
--> mj-elastic_contact_math.ads:17:41

 info: float overflow check proved
--> mj-elastic_contact_math.ads:18:29

 info: float overflow check proved
--> mj-elastic_contact_math.ads:18:35

 info: float overflow check proved
--> mj-elastic_contact_math.ads:18:41

 info: implicit aspect Always_Terminates on "Add" has been proved, subprogram will terminate
--> mj-elastic_contact_math.ads:19:13

 info: data dependencies proved
--> mj-elastic_contact_math.ads:19:52

 info: precondition proved
--> mj-elastic_contact_math.ads:20:13

 info: precondition proved
--> mj-elastic_contact_math.ads:20:43

 info: precondition proved
--> mj-elastic_contact_math.ads:21:14

 info: postcondition proved
--> mj-elastic_contact_math.ads:21:14

 info: float overflow check proved
--> mj-elastic_contact_math.ads:22:52

 info: implicit aspect Always_Terminates on "Sub" has been proved, subprogram will terminate
--> mj-elastic_contact_math.ads:23:13

 info: data dependencies proved
--> mj-elastic_contact_math.ads:23:52

 info: precondition proved
--> mj-elastic_contact_math.ads:24:13

 info: precondition proved
--> mj-elastic_contact_math.ads:24:43

 info: precondition proved
--> mj-elastic_contact_math.ads:25:14

 info: postcondition proved
--> mj-elastic_contact_math.ads:25:14

 info: float overflow check proved
--> mj-elastic_contact_math.ads:26:52

 info: implicit aspect Always_Terminates on "Scale" has been proved, subprogram will terminate
--> mj-elastic_contact_math.ads:27:13

 info: data dependencies proved
--> mj-elastic_contact_math.ads:27:63

 info: precondition proved
--> mj-elastic_contact_math.ads:28:13

 info: precondition proved
--> mj-elastic_contact_math.ads:29:14

 info: postcondition proved
--> mj-elastic_contact_math.ads:29:14

 info: float overflow check proved
--> mj-elastic_contact_math.ads:30:54

 info: implicit aspect Always_Terminates on "Norm" has been proved, subprogram will terminate
--> mj-elastic_contact_math.ads:31:13

 info: data dependencies proved
--> mj-elastic_contact_math.ads:31:48

 info: precondition proved
--> mj-elastic_contact_math.ads:32:13

 info: postcondition proved
--> mj-elastic_contact_math.ads:33:14

 info: precondition proved
--> mj-elastic_contact_math.ads:34:46

 info: float overflow check proved
--> mj-elastic_contact_math.ads:35:17

 info: float overflow check proved
--> mj-elastic_contact_math.ads:35:23

 info: float overflow check proved
--> mj-elastic_contact_math.ads:35:29

 info: float overflow check proved
--> mj-elastic_contact_math.ads:35:36

 info: float overflow check proved
--> mj-elastic_contact_math.ads:35:42

 info: implicit aspect Always_Terminates on "Clip" has been proved, subprogram will terminate
--> mj-elastic_contact_math.ads:36:13

 info: data dependencies proved
--> mj-elastic_contact_math.ads:36:48

 info: postcondition proved
--> mj-elastic_contact_math.ads:37:14

 info: implicit aspect Always_Terminates on "Project" has been proved, subprogram will terminate
--> mj-elastic_contact_math.ads:40:13

 info: data dependencies proved
--> mj-elastic_contact_math.ads:41:67

 info: postcondition proved
--> mj-elastic_contact_math.ads:42:14

 info: float overflow check proved
--> mj-elastic_contact_math.ads:43:49

 info: float overflow check proved
--> mj-elastic_contact_math.ads:43:58

 info: float overflow check proved
--> mj-elastic_contact_math.ads:43:63

 info: division check proved
--> mj-elastic_contact_math.ads:43:63

 info: implicit aspect Always_Terminates on "Scatter" has been proved, subprogram will terminate
--> mj-elastic_contact_math.ads:44:13

 info: data dependencies proved
--> mj-elastic_contact_math.ads:44:76

 info: postcondition proved
--> mj-elastic_contact_math.ads:45:14

 info: float overflow check proved
--> mj-elastic_contact_math.ads:46:34

 info: float overflow check proved
--> mj-elastic_contact_math.ads:46:43

 info: implicit aspect Always_Terminates on "Weighted_Inverse" has been proved, subprogram will terminate
--> mj-elastic_contact_math.ads:47:13

 info: data dependencies proved
--> mj-elastic_contact_math.ads:47:65

 info: postcondition proved
--> mj-elastic_contact_math.ads:49:14

 info: division check proved
--> mj-elastic_contact_math.ads:50:37

 info: float overflow check proved
--> mj-elastic_contact_math.ads:50:37
Success: all checks proved (112 checks).
Summary logged in /var/tmp/sparkling-elastic-contact-20260930/proof-math-v4/whole-unit/build/validation/obj/gnatprove/gnatprove.out
guarded: elapsed 179.3 s, peak group RSS 198 MB
