Phase 1 of 3: generation of data representation information ...
Phase 2 of 3: generation of Global contracts ...
Phase 3 of 3: analysis of data and information flow ...
 info: implicit aspect Always_Terminates on "V" has been proved, subprogram will terminate
--> mj-elastic_contacts.adb:28:13

 info: implicit aspect Always_Terminates on "Input" has been proved, subprogram will terminate
--> mj-elastic_contacts.adb:30:13

 info: implicit aspect Always_Terminates on "Unit" has been proved, subprogram will terminate
--> mj-elastic_contacts.adb:32:13

 info: implicit aspect Always_Terminates on "Rotation" has been proved, subprogram will terminate
--> mj-elastic_contacts.adb:38:13

 info: implicit aspect Always_Terminates on "Rotate" has been proved, subprogram will terminate
--> mj-elastic_contacts.adb:46:13

 info: initialization of "B" proved, in call inlined at mj-elastic_contacts.adb:131, in call inlined at mj-elastic_contacts.adb:374
--> mj-elastic_contacts.adb:47:07

 info: initialization of "B" proved, in call inlined at mj-elastic_contacts.adb:151, in call inlined at mj-elastic_contacts.adb:195, in call inlined at mj-elastic_contacts.adb:452
--> mj-elastic_contacts.adb:47:07

 info: initialization of "B" proved, in call inlined at mj-elastic_contacts.adb:112, in call inlined at mj-elastic_contacts.adb:549
--> mj-elastic_contacts.adb:47:07

 info: initialization of "B" proved, in call inlined at mj-elastic_contacts.adb:112, in call inlined at mj-elastic_contacts.adb:364
--> mj-elastic_contacts.adb:47:07

 info: initialization of "B" proved, in call inlined at mj-elastic_contacts.adb:532
--> mj-elastic_contacts.adb:47:07

 info: initialization of "B" proved, in call inlined at mj-elastic_contacts.adb:151, in call inlined at mj-elastic_contacts.adb:192, in call inlined at mj-elastic_contacts.adb:452
--> mj-elastic_contacts.adb:47:07

 info: initialization of "B" proved, in call inlined at mj-elastic_contacts.adb:381
--> mj-elastic_contacts.adb:47:07

 info: initialization of "B" proved, in call inlined at mj-elastic_contacts.adb:151, in call inlined at mj-elastic_contacts.adb:192, in call inlined at mj-elastic_contacts.adb:233, in call inlined at mj-elastic_contacts.adb:247, in call inlined at mj-elastic_contacts.adb:268
--> mj-elastic_contacts.adb:47:07

 info: initialization of "B" proved, in call inlined at mj-elastic_contacts.adb:151, in call inlined at mj-elastic_contacts.adb:172, in call inlined at mj-elastic_contacts.adb:194, in call inlined at mj-elastic_contacts.adb:233, in call inlined at mj-elastic_contacts.adb:247, in call inlined at mj-elastic_contacts.adb:264
--> mj-elastic_contacts.adb:47:07

 info: initialization of "B" proved, in call inlined at mj-elastic_contacts.adb:151, in call inlined at mj-elastic_contacts.adb:171, in call inlined at mj-elastic_contacts.adb:194, in call inlined at mj-elastic_contacts.adb:233, in call inlined at mj-elastic_contacts.adb:247, in call inlined at mj-elastic_contacts.adb:266
--> mj-elastic_contacts.adb:47:07

 info: initialization of "B" proved, in call inlined at mj-elastic_contacts.adb:151, in call inlined at mj-elastic_contacts.adb:172, in call inlined at mj-elastic_contacts.adb:194, in call inlined at mj-elastic_contacts.adb:233, in call inlined at mj-elastic_contacts.adb:247, in call inlined at mj-elastic_contacts.adb:255
--> mj-elastic_contacts.adb:47:07

 info: initialization of "B" proved, in call inlined at mj-elastic_contacts.adb:151, in call inlined at mj-elastic_contacts.adb:172, in call inlined at mj-elastic_contacts.adb:190, in call inlined at mj-elastic_contacts.adb:233, in call inlined at mj-elastic_contacts.adb:247, in call inlined at mj-elastic_contacts.adb:268
--> mj-elastic_contacts.adb:47:07

 info: initialization of "B" proved, in call inlined at mj-elastic_contacts.adb:151, in call inlined at mj-elastic_contacts.adb:192, in call inlined at mj-elastic_contacts.adb:233, in call inlined at mj-elastic_contacts.adb:247, in call inlined at mj-elastic_contacts.adb:264
--> mj-elastic_contacts.adb:47:07

 info: initialization of "B" proved, in call inlined at mj-elastic_contacts.adb:151, in call inlined at mj-elastic_contacts.adb:171, in call inlined at mj-elastic_contacts.adb:194, in call inlined at mj-elastic_contacts.adb:233, in call inlined at mj-elastic_contacts.adb:247, in call inlined at mj-elastic_contacts.adb:264
--> mj-elastic_contacts.adb:47:07

 info: initialization of "B" proved, in call inlined at mj-elastic_contacts.adb:151, in call inlined at mj-elastic_contacts.adb:171, in call inlined at mj-elastic_contacts.adb:194, in call inlined at mj-elastic_contacts.adb:233, in call inlined at mj-elastic_contacts.adb:247, in call inlined at mj-elastic_contacts.adb:255
--> mj-elastic_contacts.adb:47:07

 info: initialization of "B" proved, in call inlined at mj-elastic_contacts.adb:151, in call inlined at mj-elastic_contacts.adb:172, in call inlined at mj-elastic_contacts.adb:190, in call inlined at mj-elastic_contacts.adb:233, in call inlined at mj-elastic_contacts.adb:247, in call inlined at mj-elastic_contacts.adb:264
--> mj-elastic_contacts.adb:47:07

 info: initialization of "B" proved, in call inlined at mj-elastic_contacts.adb:151, in call inlined at mj-elastic_contacts.adb:171, in call inlined at mj-elastic_contacts.adb:190, in call inlined at mj-elastic_contacts.adb:233, in call inlined at mj-elastic_contacts.adb:247, in call inlined at mj-elastic_contacts.adb:268
--> mj-elastic_contacts.adb:47:07

 info: initialization of "B" proved, in call inlined at mj-elastic_contacts.adb:151, in call inlined at mj-elastic_contacts.adb:192, in call inlined at mj-elastic_contacts.adb:233, in call inlined at mj-elastic_contacts.adb:247, in call inlined at mj-elastic_contacts.adb:262
--> mj-elastic_contacts.adb:47:07

 info: initialization of "B" proved, in call inlined at mj-elastic_contacts.adb:151, in call inlined at mj-elastic_contacts.adb:192, in call inlined at mj-elastic_contacts.adb:233, in call inlined at mj-elastic_contacts.adb:247, in call inlined at mj-elastic_contacts.adb:254
--> mj-elastic_contacts.adb:47:07

 info: initialization of "B" proved, in call inlined at mj-elastic_contacts.adb:151, in call inlined at mj-elastic_contacts.adb:172, in call inlined at mj-elastic_contacts.adb:194, in call inlined at mj-elastic_contacts.adb:233, in call inlined at mj-elastic_contacts.adb:247, in call inlined at mj-elastic_contacts.adb:268
--> mj-elastic_contacts.adb:47:07

 info: initialization of "B" proved, in call inlined at mj-elastic_contacts.adb:151, in call inlined at mj-elastic_contacts.adb:172, in call inlined at mj-elastic_contacts.adb:190, in call inlined at mj-elastic_contacts.adb:233, in call inlined at mj-elastic_contacts.adb:247, in call inlined at mj-elastic_contacts.adb:262
--> mj-elastic_contacts.adb:47:07

 info: initialization of "B" proved, in call inlined at mj-elastic_contacts.adb:151, in call inlined at mj-elastic_contacts.adb:171, in call inlined at mj-elastic_contacts.adb:190, in call inlined at mj-elastic_contacts.adb:233, in call inlined at mj-elastic_contacts.adb:247, in call inlined at mj-elastic_contacts.adb:264
--> mj-elastic_contacts.adb:47:07

 info: initialization of "B" proved, in call inlined at mj-elastic_contacts.adb:151, in call inlined at mj-elastic_contacts.adb:172, in call inlined at mj-elastic_contacts.adb:190, in call inlined at mj-elastic_contacts.adb:233, in call inlined at mj-elastic_contacts.adb:247, in call inlined at mj-elastic_contacts.adb:254
--> mj-elastic_contacts.adb:47:07

 info: initialization of "B" proved, in call inlined at mj-elastic_contacts.adb:151, in call inlined at mj-elastic_contacts.adb:171, in call inlined at mj-elastic_contacts.adb:194, in call inlined at mj-elastic_contacts.adb:233, in call inlined at mj-elastic_contacts.adb:247, in call inlined at mj-elastic_contacts.adb:268
--> mj-elastic_contacts.adb:47:07

 info: initialization of "B" proved, in call inlined at mj-elastic_contacts.adb:151, in call inlined at mj-elastic_contacts.adb:171, in call inlined at mj-elastic_contacts.adb:190, in call inlined at mj-elastic_contacts.adb:233, in call inlined at mj-elastic_contacts.adb:247, in call inlined at mj-elastic_contacts.adb:262
--> mj-elastic_contacts.adb:47:07

 info: initialization of "B" proved, in call inlined at mj-elastic_contacts.adb:151, in call inlined at mj-elastic_contacts.adb:171, in call inlined at mj-elastic_contacts.adb:190, in call inlined at mj-elastic_contacts.adb:233, in call inlined at mj-elastic_contacts.adb:247, in call inlined at mj-elastic_contacts.adb:254
--> mj-elastic_contacts.adb:47:07

 info: initialization of "B" proved, in call inlined at mj-elastic_contacts.adb:151, in call inlined at mj-elastic_contacts.adb:192, in call inlined at mj-elastic_contacts.adb:233, in call inlined at mj-elastic_contacts.adb:247, in call inlined at mj-elastic_contacts.adb:266
--> mj-elastic_contacts.adb:47:07

 info: initialization of "B" proved, in call inlined at mj-elastic_contacts.adb:151, in call inlined at mj-elastic_contacts.adb:172, in call inlined at mj-elastic_contacts.adb:194, in call inlined at mj-elastic_contacts.adb:233, in call inlined at mj-elastic_contacts.adb:247, in call inlined at mj-elastic_contacts.adb:262
--> mj-elastic_contacts.adb:47:07

 info: initialization of "B" proved, in call inlined at mj-elastic_contacts.adb:151, in call inlined at mj-elastic_contacts.adb:172, in call inlined at mj-elastic_contacts.adb:194, in call inlined at mj-elastic_contacts.adb:233, in call inlined at mj-elastic_contacts.adb:247, in call inlined at mj-elastic_contacts.adb:254
--> mj-elastic_contacts.adb:47:07

 info: initialization of "B" proved, in call inlined at mj-elastic_contacts.adb:151, in call inlined at mj-elastic_contacts.adb:172, in call inlined at mj-elastic_contacts.adb:190, in call inlined at mj-elastic_contacts.adb:233, in call inlined at mj-elastic_contacts.adb:247, in call inlined at mj-elastic_contacts.adb:266
--> mj-elastic_contacts.adb:47:07

 info: initialization of "B" proved, in call inlined at mj-elastic_contacts.adb:151, in call inlined at mj-elastic_contacts.adb:192, in call inlined at mj-elastic_contacts.adb:233, in call inlined at mj-elastic_contacts.adb:247, in call inlined at mj-elastic_contacts.adb:255
--> mj-elastic_contacts.adb:47:07

 info: initialization of "B" proved, in call inlined at mj-elastic_contacts.adb:151, in call inlined at mj-elastic_contacts.adb:171, in call inlined at mj-elastic_contacts.adb:194, in call inlined at mj-elastic_contacts.adb:233, in call inlined at mj-elastic_contacts.adb:247, in call inlined at mj-elastic_contacts.adb:262
--> mj-elastic_contacts.adb:47:07

 info: initialization of "B" proved, in call inlined at mj-elastic_contacts.adb:151, in call inlined at mj-elastic_contacts.adb:171, in call inlined at mj-elastic_contacts.adb:194, in call inlined at mj-elastic_contacts.adb:233, in call inlined at mj-elastic_contacts.adb:247, in call inlined at mj-elastic_contacts.adb:254
--> mj-elastic_contacts.adb:47:07

 info: initialization of "B" proved, in call inlined at mj-elastic_contacts.adb:151, in call inlined at mj-elastic_contacts.adb:171, in call inlined at mj-elastic_contacts.adb:190, in call inlined at mj-elastic_contacts.adb:233, in call inlined at mj-elastic_contacts.adb:247, in call inlined at mj-elastic_contacts.adb:266
--> mj-elastic_contacts.adb:47:07

 info: initialization of "B" proved, in call inlined at mj-elastic_contacts.adb:151, in call inlined at mj-elastic_contacts.adb:172, in call inlined at mj-elastic_contacts.adb:190, in call inlined at mj-elastic_contacts.adb:233, in call inlined at mj-elastic_contacts.adb:247, in call inlined at mj-elastic_contacts.adb:255
--> mj-elastic_contacts.adb:47:07

 info: initialization of "B" proved, in call inlined at mj-elastic_contacts.adb:151, in call inlined at mj-elastic_contacts.adb:172, in call inlined at mj-elastic_contacts.adb:194, in call inlined at mj-elastic_contacts.adb:233, in call inlined at mj-elastic_contacts.adb:247, in call inlined at mj-elastic_contacts.adb:266
--> mj-elastic_contacts.adb:47:07

 info: initialization of "B" proved, in call inlined at mj-elastic_contacts.adb:151, in call inlined at mj-elastic_contacts.adb:171, in call inlined at mj-elastic_contacts.adb:190, in call inlined at mj-elastic_contacts.adb:233, in call inlined at mj-elastic_contacts.adb:247, in call inlined at mj-elastic_contacts.adb:255
--> mj-elastic_contacts.adb:47:07

 info: initialization of "B" proved, in call inlined at mj-elastic_contacts.adb:151
--> mj-elastic_contacts.adb:47:07

 info: initialization of "B" proved, in call inlined at mj-elastic_contacts.adb:112
--> mj-elastic_contacts.adb:47:07

 info: initialization of "B" proved
--> mj-elastic_contacts.adb:47:07

 info: initialization of "B" proved, in call inlined at mj-elastic_contacts.adb:151, in call inlined at mj-elastic_contacts.adb:172
--> mj-elastic_contacts.adb:47:07

 info: initialization of "B" proved, in call inlined at mj-elastic_contacts.adb:151, in call inlined at mj-elastic_contacts.adb:171
--> mj-elastic_contacts.adb:47:07

 info: initialization of "B" proved, in call inlined at mj-elastic_contacts.adb:151, in call inlined at mj-elastic_contacts.adb:192
--> mj-elastic_contacts.adb:47:07

 info: initialization of "B" proved, in call inlined at mj-elastic_contacts.adb:151, in call inlined at mj-elastic_contacts.adb:171, in call inlined at mj-elastic_contacts.adb:194
--> mj-elastic_contacts.adb:47:07

 info: initialization of "B" proved, in call inlined at mj-elastic_contacts.adb:151, in call inlined at mj-elastic_contacts.adb:172, in call inlined at mj-elastic_contacts.adb:190
--> mj-elastic_contacts.adb:47:07

 info: initialization of "B" proved, in call inlined at mj-elastic_contacts.adb:151, in call inlined at mj-elastic_contacts.adb:195
--> mj-elastic_contacts.adb:47:07

 info: initialization of "B" proved, in call inlined at mj-elastic_contacts.adb:151, in call inlined at mj-elastic_contacts.adb:171, in call inlined at mj-elastic_contacts.adb:190
--> mj-elastic_contacts.adb:47:07

 info: initialization of "B" proved, in call inlined at mj-elastic_contacts.adb:151, in call inlined at mj-elastic_contacts.adb:172, in call inlined at mj-elastic_contacts.adb:194
--> mj-elastic_contacts.adb:47:07

 info: initialization of "B" proved, in call inlined at mj-elastic_contacts.adb:151, in call inlined at mj-elastic_contacts.adb:172, in call inlined at mj-elastic_contacts.adb:194, in call inlined at mj-elastic_contacts.adb:233, in call inlined at mj-elastic_contacts.adb:247
--> mj-elastic_contacts.adb:47:07

 info: initialization of "B" proved, in call inlined at mj-elastic_contacts.adb:151, in call inlined at mj-elastic_contacts.adb:192, in call inlined at mj-elastic_contacts.adb:233, in call inlined at mj-elastic_contacts.adb:247
--> mj-elastic_contacts.adb:47:07

 info: initialization of "B" proved, in call inlined at mj-elastic_contacts.adb:151, in call inlined at mj-elastic_contacts.adb:171, in call inlined at mj-elastic_contacts.adb:194, in call inlined at mj-elastic_contacts.adb:233, in call inlined at mj-elastic_contacts.adb:247
--> mj-elastic_contacts.adb:47:07

 info: initialization of "B" proved, in call inlined at mj-elastic_contacts.adb:151, in call inlined at mj-elastic_contacts.adb:172, in call inlined at mj-elastic_contacts.adb:190, in call inlined at mj-elastic_contacts.adb:233, in call inlined at mj-elastic_contacts.adb:247
--> mj-elastic_contacts.adb:47:07

 info: initialization of "B" proved, in call inlined at mj-elastic_contacts.adb:151, in call inlined at mj-elastic_contacts.adb:171, in call inlined at mj-elastic_contacts.adb:190, in call inlined at mj-elastic_contacts.adb:233, in call inlined at mj-elastic_contacts.adb:247
--> mj-elastic_contacts.adb:47:07

 info: initialization of "B" proved, in call inlined at mj-elastic_contacts.adb:131
--> mj-elastic_contacts.adb:47:07

 info: initialization of "B" proved, in call inlined at mj-elastic_contacts.adb:151, in call inlined at mj-elastic_contacts.adb:192, in call inlined at mj-elastic_contacts.adb:233
--> mj-elastic_contacts.adb:47:07

 info: initialization of "B" proved, in call inlined at mj-elastic_contacts.adb:151, in call inlined at mj-elastic_contacts.adb:171, in call inlined at mj-elastic_contacts.adb:194, in call inlined at mj-elastic_contacts.adb:233
--> mj-elastic_contacts.adb:47:07

 info: initialization of "B" proved, in call inlined at mj-elastic_contacts.adb:151, in call inlined at mj-elastic_contacts.adb:172, in call inlined at mj-elastic_contacts.adb:190, in call inlined at mj-elastic_contacts.adb:233
--> mj-elastic_contacts.adb:47:07

 info: initialization of "B" proved, in call inlined at mj-elastic_contacts.adb:151, in call inlined at mj-elastic_contacts.adb:171, in call inlined at mj-elastic_contacts.adb:190, in call inlined at mj-elastic_contacts.adb:233
--> mj-elastic_contacts.adb:47:07

 info: initialization of "B" proved, in call inlined at mj-elastic_contacts.adb:151, in call inlined at mj-elastic_contacts.adb:172, in call inlined at mj-elastic_contacts.adb:194, in call inlined at mj-elastic_contacts.adb:233
--> mj-elastic_contacts.adb:47:07

 warning: statement has no effect, in call inlined at mj-elastic_contacts.adb:112, in call inlined at mj-elastic_contacts.adb:364
--> mj-elastic_contacts.adb:50:10
   50 |             if Transpose then
      |             ^

 warning: statement has no effect, in call inlined at mj-elastic_contacts.adb:131, in call inlined at mj-elastic_contacts.adb:374
--> mj-elastic_contacts.adb:50:10
   50 |             if Transpose then
      |             ^

 warning: statement has no effect, in call inlined at mj-elastic_contacts.adb:381
--> mj-elastic_contacts.adb:50:10
   50 |             if Transpose then
      |             ^

 warning: statement has no effect, in call inlined at mj-elastic_contacts.adb:151, in call inlined at mj-elastic_contacts.adb:192, in call inlined at mj-elastic_contacts.adb:452
--> mj-elastic_contacts.adb:50:10
   50 |             if Transpose then
      |             ^

 warning: statement has no effect, in call inlined at mj-elastic_contacts.adb:151, in call inlined at mj-elastic_contacts.adb:195, in call inlined at mj-elastic_contacts.adb:452
--> mj-elastic_contacts.adb:50:10
   50 |             if Transpose then
      |             ^

 warning: statement has no effect, in call inlined at mj-elastic_contacts.adb:532
--> mj-elastic_contacts.adb:50:10
   50 |             if Transpose then
      |             ^

 warning: statement has no effect, in call inlined at mj-elastic_contacts.adb:112, in call inlined at mj-elastic_contacts.adb:549
--> mj-elastic_contacts.adb:50:10
   50 |             if Transpose then
      |             ^

 warning: statement has no effect, in call inlined at mj-elastic_contacts.adb:151, in call inlined at mj-elastic_contacts.adb:171, in call inlined at mj-elastic_contacts.adb:190, in call inlined at mj-elastic_contacts.adb:233, in call inlined at mj-elastic_contacts.adb:247, in call inlined at mj-elastic_contacts.adb:254
--> mj-elastic_contacts.adb:50:10
   50 |             if Transpose then
      |             ^

 warning: statement has no effect, in call inlined at mj-elastic_contacts.adb:151, in call inlined at mj-elastic_contacts.adb:172, in call inlined at mj-elastic_contacts.adb:190, in call inlined at mj-elastic_contacts.adb:233, in call inlined at mj-elastic_contacts.adb:247, in call inlined at mj-elastic_contacts.adb:254
--> mj-elastic_contacts.adb:50:10
   50 |             if Transpose then
      |             ^

 warning: statement has no effect, in call inlined at mj-elastic_contacts.adb:151, in call inlined at mj-elastic_contacts.adb:192, in call inlined at mj-elastic_contacts.adb:233, in call inlined at mj-elastic_contacts.adb:247, in call inlined at mj-elastic_contacts.adb:254
--> mj-elastic_contacts.adb:50:10
   50 |             if Transpose then
      |             ^

 warning: statement has no effect, in call inlined at mj-elastic_contacts.adb:151, in call inlined at mj-elastic_contacts.adb:171, in call inlined at mj-elastic_contacts.adb:194, in call inlined at mj-elastic_contacts.adb:233, in call inlined at mj-elastic_contacts.adb:247, in call inlined at mj-elastic_contacts.adb:254
--> mj-elastic_contacts.adb:50:10
   50 |             if Transpose then
      |             ^

 warning: statement has no effect, in call inlined at mj-elastic_contacts.adb:151, in call inlined at mj-elastic_contacts.adb:172, in call inlined at mj-elastic_contacts.adb:194, in call inlined at mj-elastic_contacts.adb:233, in call inlined at mj-elastic_contacts.adb:247, in call inlined at mj-elastic_contacts.adb:254
--> mj-elastic_contacts.adb:50:10
   50 |             if Transpose then
      |             ^

 warning: statement has no effect, in call inlined at mj-elastic_contacts.adb:151, in call inlined at mj-elastic_contacts.adb:171, in call inlined at mj-elastic_contacts.adb:190, in call inlined at mj-elastic_contacts.adb:233, in call inlined at mj-elastic_contacts.adb:247, in call inlined at mj-elastic_contacts.adb:255
--> mj-elastic_contacts.adb:50:10
   50 |             if Transpose then
      |             ^

 warning: statement has no effect, in call inlined at mj-elastic_contacts.adb:151, in call inlined at mj-elastic_contacts.adb:172, in call inlined at mj-elastic_contacts.adb:190, in call inlined at mj-elastic_contacts.adb:233, in call inlined at mj-elastic_contacts.adb:247, in call inlined at mj-elastic_contacts.adb:255
--> mj-elastic_contacts.adb:50:10
   50 |             if Transpose then
      |             ^

 warning: statement has no effect, in call inlined at mj-elastic_contacts.adb:151, in call inlined at mj-elastic_contacts.adb:192, in call inlined at mj-elastic_contacts.adb:233, in call inlined at mj-elastic_contacts.adb:247, in call inlined at mj-elastic_contacts.adb:255
--> mj-elastic_contacts.adb:50:10
   50 |             if Transpose then
      |             ^

 warning: statement has no effect, in call inlined at mj-elastic_contacts.adb:151, in call inlined at mj-elastic_contacts.adb:171, in call inlined at mj-elastic_contacts.adb:194, in call inlined at mj-elastic_contacts.adb:233, in call inlined at mj-elastic_contacts.adb:247, in call inlined at mj-elastic_contacts.adb:255
--> mj-elastic_contacts.adb:50:10
   50 |             if Transpose then
      |             ^

 warning: statement has no effect, in call inlined at mj-elastic_contacts.adb:151, in call inlined at mj-elastic_contacts.adb:172, in call inlined at mj-elastic_contacts.adb:194, in call inlined at mj-elastic_contacts.adb:233, in call inlined at mj-elastic_contacts.adb:247, in call inlined at mj-elastic_contacts.adb:255
--> mj-elastic_contacts.adb:50:10
   50 |             if Transpose then
      |             ^

 warning: statement has no effect, in call inlined at mj-elastic_contacts.adb:151, in call inlined at mj-elastic_contacts.adb:171, in call inlined at mj-elastic_contacts.adb:190, in call inlined at mj-elastic_contacts.adb:233, in call inlined at mj-elastic_contacts.adb:247, in call inlined at mj-elastic_contacts.adb:262
--> mj-elastic_contacts.adb:50:10
   50 |             if Transpose then
      |             ^

 warning: statement has no effect, in call inlined at mj-elastic_contacts.adb:151, in call inlined at mj-elastic_contacts.adb:172, in call inlined at mj-elastic_contacts.adb:190, in call inlined at mj-elastic_contacts.adb:233, in call inlined at mj-elastic_contacts.adb:247, in call inlined at mj-elastic_contacts.adb:262
--> mj-elastic_contacts.adb:50:10
   50 |             if Transpose then
      |             ^

 warning: statement has no effect, in call inlined at mj-elastic_contacts.adb:151, in call inlined at mj-elastic_contacts.adb:192, in call inlined at mj-elastic_contacts.adb:233, in call inlined at mj-elastic_contacts.adb:247, in call inlined at mj-elastic_contacts.adb:262
--> mj-elastic_contacts.adb:50:10
   50 |             if Transpose then
      |             ^

 warning: statement has no effect, in call inlined at mj-elastic_contacts.adb:151, in call inlined at mj-elastic_contacts.adb:171, in call inlined at mj-elastic_contacts.adb:194, in call inlined at mj-elastic_contacts.adb:233, in call inlined at mj-elastic_contacts.adb:247, in call inlined at mj-elastic_contacts.adb:262
--> mj-elastic_contacts.adb:50:10
   50 |             if Transpose then
      |             ^

 warning: statement has no effect, in call inlined at mj-elastic_contacts.adb:151, in call inlined at mj-elastic_contacts.adb:172, in call inlined at mj-elastic_contacts.adb:194, in call inlined at mj-elastic_contacts.adb:233, in call inlined at mj-elastic_contacts.adb:247, in call inlined at mj-elastic_contacts.adb:262
--> mj-elastic_contacts.adb:50:10
   50 |             if Transpose then
      |             ^

 warning: statement has no effect, in call inlined at mj-elastic_contacts.adb:151, in call inlined at mj-elastic_contacts.adb:171, in call inlined at mj-elastic_contacts.adb:190, in call inlined at mj-elastic_contacts.adb:233, in call inlined at mj-elastic_contacts.adb:247, in call inlined at mj-elastic_contacts.adb:264
--> mj-elastic_contacts.adb:50:10
   50 |             if Transpose then
      |             ^

 warning: statement has no effect, in call inlined at mj-elastic_contacts.adb:151, in call inlined at mj-elastic_contacts.adb:172, in call inlined at mj-elastic_contacts.adb:190, in call inlined at mj-elastic_contacts.adb:233, in call inlined at mj-elastic_contacts.adb:247, in call inlined at mj-elastic_contacts.adb:264
--> mj-elastic_contacts.adb:50:10
   50 |             if Transpose then
      |             ^

 warning: statement has no effect, in call inlined at mj-elastic_contacts.adb:151, in call inlined at mj-elastic_contacts.adb:192, in call inlined at mj-elastic_contacts.adb:233, in call inlined at mj-elastic_contacts.adb:247, in call inlined at mj-elastic_contacts.adb:264
--> mj-elastic_contacts.adb:50:10
   50 |             if Transpose then
      |             ^

 warning: statement has no effect, in call inlined at mj-elastic_contacts.adb:151, in call inlined at mj-elastic_contacts.adb:171, in call inlined at mj-elastic_contacts.adb:194, in call inlined at mj-elastic_contacts.adb:233, in call inlined at mj-elastic_contacts.adb:247, in call inlined at mj-elastic_contacts.adb:264
--> mj-elastic_contacts.adb:50:10
   50 |             if Transpose then
      |             ^

 warning: statement has no effect, in call inlined at mj-elastic_contacts.adb:151, in call inlined at mj-elastic_contacts.adb:172, in call inlined at mj-elastic_contacts.adb:194, in call inlined at mj-elastic_contacts.adb:233, in call inlined at mj-elastic_contacts.adb:247, in call inlined at mj-elastic_contacts.adb:264
--> mj-elastic_contacts.adb:50:10
   50 |             if Transpose then
      |             ^

 warning: statement has no effect, in call inlined at mj-elastic_contacts.adb:151, in call inlined at mj-elastic_contacts.adb:171, in call inlined at mj-elastic_contacts.adb:190, in call inlined at mj-elastic_contacts.adb:233, in call inlined at mj-elastic_contacts.adb:247, in call inlined at mj-elastic_contacts.adb:266
--> mj-elastic_contacts.adb:50:10
   50 |             if Transpose then
      |             ^

 warning: statement has no effect, in call inlined at mj-elastic_contacts.adb:151, in call inlined at mj-elastic_contacts.adb:172, in call inlined at mj-elastic_contacts.adb:190, in call inlined at mj-elastic_contacts.adb:233, in call inlined at mj-elastic_contacts.adb:247, in call inlined at mj-elastic_contacts.adb:266
--> mj-elastic_contacts.adb:50:10
   50 |             if Transpose then
      |             ^

 warning: statement has no effect, in call inlined at mj-elastic_contacts.adb:151, in call inlined at mj-elastic_contacts.adb:192, in call inlined at mj-elastic_contacts.adb:233, in call inlined at mj-elastic_contacts.adb:247, in call inlined at mj-elastic_contacts.adb:266
--> mj-elastic_contacts.adb:50:10
   50 |             if Transpose then
      |             ^

 warning: statement has no effect, in call inlined at mj-elastic_contacts.adb:151, in call inlined at mj-elastic_contacts.adb:171, in call inlined at mj-elastic_contacts.adb:194, in call inlined at mj-elastic_contacts.adb:233, in call inlined at mj-elastic_contacts.adb:247, in call inlined at mj-elastic_contacts.adb:266
--> mj-elastic_contacts.adb:50:10
   50 |             if Transpose then
      |             ^

 warning: statement has no effect, in call inlined at mj-elastic_contacts.adb:151, in call inlined at mj-elastic_contacts.adb:172, in call inlined at mj-elastic_contacts.adb:194, in call inlined at mj-elastic_contacts.adb:233, in call inlined at mj-elastic_contacts.adb:247, in call inlined at mj-elastic_contacts.adb:266
--> mj-elastic_contacts.adb:50:10
   50 |             if Transpose then
      |             ^

 warning: statement has no effect, in call inlined at mj-elastic_contacts.adb:151, in call inlined at mj-elastic_contacts.adb:171, in call inlined at mj-elastic_contacts.adb:190, in call inlined at mj-elastic_contacts.adb:233, in call inlined at mj-elastic_contacts.adb:247, in call inlined at mj-elastic_contacts.adb:268
--> mj-elastic_contacts.adb:50:10
   50 |             if Transpose then
      |             ^

 warning: statement has no effect, in call inlined at mj-elastic_contacts.adb:151, in call inlined at mj-elastic_contacts.adb:172, in call inlined at mj-elastic_contacts.adb:190, in call inlined at mj-elastic_contacts.adb:233, in call inlined at mj-elastic_contacts.adb:247, in call inlined at mj-elastic_contacts.adb:268
--> mj-elastic_contacts.adb:50:10
   50 |             if Transpose then
      |             ^

 warning: statement has no effect, in call inlined at mj-elastic_contacts.adb:151, in call inlined at mj-elastic_contacts.adb:192, in call inlined at mj-elastic_contacts.adb:233, in call inlined at mj-elastic_contacts.adb:247, in call inlined at mj-elastic_contacts.adb:268
--> mj-elastic_contacts.adb:50:10
   50 |             if Transpose then
      |             ^

 warning: statement has no effect, in call inlined at mj-elastic_contacts.adb:151, in call inlined at mj-elastic_contacts.adb:171, in call inlined at mj-elastic_contacts.adb:194, in call inlined at mj-elastic_contacts.adb:233, in call inlined at mj-elastic_contacts.adb:247, in call inlined at mj-elastic_contacts.adb:268
--> mj-elastic_contacts.adb:50:10
   50 |             if Transpose then
      |             ^

 warning: statement has no effect, in call inlined at mj-elastic_contacts.adb:151, in call inlined at mj-elastic_contacts.adb:172, in call inlined at mj-elastic_contacts.adb:194, in call inlined at mj-elastic_contacts.adb:233, in call inlined at mj-elastic_contacts.adb:247, in call inlined at mj-elastic_contacts.adb:268
--> mj-elastic_contacts.adb:50:10
   50 |             if Transpose then
      |             ^

 warning: statement has no effect, in call inlined at mj-elastic_contacts.adb:151
--> mj-elastic_contacts.adb:50:10
   50 |             if Transpose then
      |             ^

 warning: statement has no effect, in call inlined at mj-elastic_contacts.adb:112
--> mj-elastic_contacts.adb:50:10
   50 |             if Transpose then
      |             ^

 warning: statement has no effect, in call inlined at mj-elastic_contacts.adb:151, in call inlined at mj-elastic_contacts.adb:171
--> mj-elastic_contacts.adb:50:10
   50 |             if Transpose then
      |             ^

 warning: statement has no effect, in call inlined at mj-elastic_contacts.adb:151, in call inlined at mj-elastic_contacts.adb:172
--> mj-elastic_contacts.adb:50:10
   50 |             if Transpose then
      |             ^

 warning: statement has no effect, in call inlined at mj-elastic_contacts.adb:151, in call inlined at mj-elastic_contacts.adb:171, in call inlined at mj-elastic_contacts.adb:190
--> mj-elastic_contacts.adb:50:10
   50 |             if Transpose then
      |             ^

 warning: statement has no effect, in call inlined at mj-elastic_contacts.adb:151, in call inlined at mj-elastic_contacts.adb:172, in call inlined at mj-elastic_contacts.adb:190
--> mj-elastic_contacts.adb:50:10
   50 |             if Transpose then
      |             ^

 warning: statement has no effect, in call inlined at mj-elastic_contacts.adb:151, in call inlined at mj-elastic_contacts.adb:192
--> mj-elastic_contacts.adb:50:10
   50 |             if Transpose then
      |             ^

 warning: statement has no effect, in call inlined at mj-elastic_contacts.adb:151, in call inlined at mj-elastic_contacts.adb:171, in call inlined at mj-elastic_contacts.adb:194
--> mj-elastic_contacts.adb:50:10
   50 |             if Transpose then
      |             ^

 warning: statement has no effect, in call inlined at mj-elastic_contacts.adb:151, in call inlined at mj-elastic_contacts.adb:172, in call inlined at mj-elastic_contacts.adb:194
--> mj-elastic_contacts.adb:50:10
   50 |             if Transpose then
      |             ^

 warning: statement has no effect, in call inlined at mj-elastic_contacts.adb:151, in call inlined at mj-elastic_contacts.adb:195
--> mj-elastic_contacts.adb:50:10
   50 |             if Transpose then
      |             ^

 warning: statement has no effect, in call inlined at mj-elastic_contacts.adb:151, in call inlined at mj-elastic_contacts.adb:171, in call inlined at mj-elastic_contacts.adb:190, in call inlined at mj-elastic_contacts.adb:233, in call inlined at mj-elastic_contacts.adb:247
--> mj-elastic_contacts.adb:50:10
   50 |             if Transpose then
      |             ^

 warning: statement has no effect, in call inlined at mj-elastic_contacts.adb:151, in call inlined at mj-elastic_contacts.adb:172, in call inlined at mj-elastic_contacts.adb:190, in call inlined at mj-elastic_contacts.adb:233, in call inlined at mj-elastic_contacts.adb:247
--> mj-elastic_contacts.adb:50:10
   50 |             if Transpose then
      |             ^

 warning: statement has no effect, in call inlined at mj-elastic_contacts.adb:151, in call inlined at mj-elastic_contacts.adb:192, in call inlined at mj-elastic_contacts.adb:233, in call inlined at mj-elastic_contacts.adb:247
--> mj-elastic_contacts.adb:50:10
   50 |             if Transpose then
      |             ^

 warning: statement has no effect, in call inlined at mj-elastic_contacts.adb:151, in call inlined at mj-elastic_contacts.adb:171, in call inlined at mj-elastic_contacts.adb:194, in call inlined at mj-elastic_contacts.adb:233, in call inlined at mj-elastic_contacts.adb:247
--> mj-elastic_contacts.adb:50:10
   50 |             if Transpose then
      |             ^

 warning: statement has no effect, in call inlined at mj-elastic_contacts.adb:151, in call inlined at mj-elastic_contacts.adb:172, in call inlined at mj-elastic_contacts.adb:194, in call inlined at mj-elastic_contacts.adb:233, in call inlined at mj-elastic_contacts.adb:247
--> mj-elastic_contacts.adb:50:10
   50 |             if Transpose then
      |             ^

 warning: statement has no effect, in call inlined at mj-elastic_contacts.adb:131
--> mj-elastic_contacts.adb:50:10
   50 |             if Transpose then
      |             ^

 warning: statement has no effect, in call inlined at mj-elastic_contacts.adb:151, in call inlined at mj-elastic_contacts.adb:171, in call inlined at mj-elastic_contacts.adb:190, in call inlined at mj-elastic_contacts.adb:233
--> mj-elastic_contacts.adb:50:10
   50 |             if Transpose then
      |             ^

 warning: statement has no effect, in call inlined at mj-elastic_contacts.adb:151, in call inlined at mj-elastic_contacts.adb:172, in call inlined at mj-elastic_contacts.adb:190, in call inlined at mj-elastic_contacts.adb:233
--> mj-elastic_contacts.adb:50:10
   50 |             if Transpose then
      |             ^

 warning: statement has no effect, in call inlined at mj-elastic_contacts.adb:151, in call inlined at mj-elastic_contacts.adb:192, in call inlined at mj-elastic_contacts.adb:233
--> mj-elastic_contacts.adb:50:10
   50 |             if Transpose then
      |             ^

 warning: statement has no effect, in call inlined at mj-elastic_contacts.adb:151, in call inlined at mj-elastic_contacts.adb:171, in call inlined at mj-elastic_contacts.adb:194, in call inlined at mj-elastic_contacts.adb:233
--> mj-elastic_contacts.adb:50:10
   50 |             if Transpose then
      |             ^

 warning: statement has no effect, in call inlined at mj-elastic_contacts.adb:151, in call inlined at mj-elastic_contacts.adb:172, in call inlined at mj-elastic_contacts.adb:194, in call inlined at mj-elastic_contacts.adb:233
--> mj-elastic_contacts.adb:50:10
   50 |             if Transpose then
      |             ^

 info: implicit aspect Always_Terminates on "Advance" has been proved, subprogram will terminate
--> mj-elastic_contacts.adb:58:13

 info: initialization of "R" proved, in call inlined at mj-elastic_contacts.adb:544
--> mj-elastic_contacts.adb:64:07

 info: initialization of "R" proved
--> mj-elastic_contacts.adb:64:07

 info: initialization of "Len" proved, in call inlined at mj-elastic_contacts.adb:544
--> mj-elastic_contacts.adb:65:07

 info: initialization of "Len" proved
--> mj-elastic_contacts.adb:65:07

 warning: initialization of "Accel" has no effect
--> mj-elastic_contacts.adb:87:07
   87 |          Inverse, Velocity, Smooth, Accel, Constraint_Load : Spatial_Array (1 .. P'Length+Bodies'Length)
      |          ^~~~~~~~~~~~~~~~~~~~~~~~~~~~~~~~~~~~~~~~~~~~~~~~~~~~~~~~~~~~~~~~~~~~~~~~~~~~~~~~~~~~~~~~~~~~~~~
   88 |            := [others => [others => 0.0]];
      |            ~~~~~~~~~~~~~~~~~~~~~~~~~~~~

 info: initialization of "Spring" proved
--> mj-elastic_contacts.adb:89:07

 info: initialization of "Constraints" proved
--> mj-elastic_contacts.adb:92:07

 info: initialization of "Network_Result" proved
--> mj-elastic_contacts.adb:93:07

 info: implicit aspect Always_Terminates on "Entity" has been proved, subprogram will terminate
--> mj-elastic_contacts.adb:98:16

 info: implicit aspect Always_Terminates on "World" has been proved, subprogram will terminate
--> mj-elastic_contacts.adb:100:16

 info: no contextual analysis of "Rotate" (in potentially unevaluated context)
--> mj-elastic_contacts.adb:101:68

 info: implicit aspect Always_Terminates on "Same_Body" has been proved, subprogram will terminate
--> mj-elastic_contacts.adb:102:16

 info: initialization of "X" proved, in call inlined at mj-elastic_contacts.adb:549
--> mj-elastic_contacts.adb:106:10

 info: initialization of "X" proved, in call inlined at mj-elastic_contacts.adb:364
--> mj-elastic_contacts.adb:106:10

 info: initialization of "X" proved
--> mj-elastic_contacts.adb:106:10

 info: initialization of "U" proved, in call inlined at mj-elastic_contacts.adb:549
--> mj-elastic_contacts.adb:106:13

 info: initialization of "U" proved, in call inlined at mj-elastic_contacts.adb:364
--> mj-elastic_contacts.adb:106:13

 info: initialization of "U" proved
--> mj-elastic_contacts.adb:106:13

 info: initialization of "Arm" proved, in call inlined at mj-elastic_contacts.adb:549
--> mj-elastic_contacts.adb:106:16

 info: initialization of "Arm" proved, in call inlined at mj-elastic_contacts.adb:364
--> mj-elastic_contacts.adb:106:16

 info: initialization of "Arm" proved
--> mj-elastic_contacts.adb:106:16

 info: initialization of "B" proved, in call inlined at mj-elastic_contacts.adb:549
--> mj-elastic_contacts.adb:107:10

 info: initialization of "B" proved, in call inlined at mj-elastic_contacts.adb:364
--> mj-elastic_contacts.adb:107:10

 info: initialization of "B" proved
--> mj-elastic_contacts.adb:107:10

 info: analyzing call to "Rotate" in context
--> mj-elastic_contacts.adb:112:23

 info: no contextual analysis of "Rotate" (in potentially unevaluated context)
--> mj-elastic_contacts.adb:116:30

 info: analyzing call to "Rotate" in context
--> mj-elastic_contacts.adb:131:24

 info: implicit aspect Always_Terminates on "Weights" has been proved, subprogram will terminate
--> mj-elastic_contacts.adb:139:16

 info: analyzing call to "Rotate" in context
--> mj-elastic_contacts.adb:151:18

 info: analyzing call to "Weights" in context
--> mj-elastic_contacts.adb:169:33

 info: analyzing call to "Add_Term" in context
--> mj-elastic_contacts.adb:171:10

 info: analyzing call to "Add_Term" in context
--> mj-elastic_contacts.adb:172:10

 info: implicit aspect Always_Terminates on "Row_Dot" has been proved, subprogram will terminate
--> mj-elastic_contacts.adb:174:16

 info: initialization of "C" proved, in call inlined at mj-elastic_contacts.adb:452
--> mj-elastic_contacts.adb:186:10

 info: initialization of "C" proved, in call inlined at mj-elastic_contacts.adb:233, in call inlined at mj-elastic_contacts.adb:247, in call inlined at mj-elastic_contacts.adb:264
--> mj-elastic_contacts.adb:186:10

 info: initialization of "C" proved, in call inlined at mj-elastic_contacts.adb:233, in call inlined at mj-elastic_contacts.adb:247, in call inlined at mj-elastic_contacts.adb:255
--> mj-elastic_contacts.adb:186:10

 info: initialization of "C" proved, in call inlined at mj-elastic_contacts.adb:233, in call inlined at mj-elastic_contacts.adb:247, in call inlined at mj-elastic_contacts.adb:268
--> mj-elastic_contacts.adb:186:10

 info: initialization of "C" proved, in call inlined at mj-elastic_contacts.adb:233, in call inlined at mj-elastic_contacts.adb:247, in call inlined at mj-elastic_contacts.adb:262
--> mj-elastic_contacts.adb:186:10

 info: initialization of "C" proved, in call inlined at mj-elastic_contacts.adb:233, in call inlined at mj-elastic_contacts.adb:247, in call inlined at mj-elastic_contacts.adb:254
--> mj-elastic_contacts.adb:186:10

 info: initialization of "C" proved, in call inlined at mj-elastic_contacts.adb:233, in call inlined at mj-elastic_contacts.adb:247, in call inlined at mj-elastic_contacts.adb:266
--> mj-elastic_contacts.adb:186:10

 info: initialization of "C" proved
--> mj-elastic_contacts.adb:186:10

 info: initialization of "C" proved, in call inlined at mj-elastic_contacts.adb:233, in call inlined at mj-elastic_contacts.adb:247
--> mj-elastic_contacts.adb:186:10

 info: initialization of "C" proved, in call inlined at mj-elastic_contacts.adb:233
--> mj-elastic_contacts.adb:186:10

 info: initialization of "Imp" proved, in call inlined at mj-elastic_contacts.adb:452
--> mj-elastic_contacts.adb:187:10

 info: initialization of "Imp" proved, in call inlined at mj-elastic_contacts.adb:233, in call inlined at mj-elastic_contacts.adb:247, in call inlined at mj-elastic_contacts.adb:264
--> mj-elastic_contacts.adb:187:10

 info: initialization of "Imp" proved, in call inlined at mj-elastic_contacts.adb:233, in call inlined at mj-elastic_contacts.adb:247, in call inlined at mj-elastic_contacts.adb:255
--> mj-elastic_contacts.adb:187:10

 info: initialization of "Imp" proved, in call inlined at mj-elastic_contacts.adb:233, in call inlined at mj-elastic_contacts.adb:247, in call inlined at mj-elastic_contacts.adb:268
--> mj-elastic_contacts.adb:187:10

 info: initialization of "Imp" proved, in call inlined at mj-elastic_contacts.adb:233, in call inlined at mj-elastic_contacts.adb:247, in call inlined at mj-elastic_contacts.adb:262
--> mj-elastic_contacts.adb:187:10

 info: initialization of "Imp" proved, in call inlined at mj-elastic_contacts.adb:233, in call inlined at mj-elastic_contacts.adb:247, in call inlined at mj-elastic_contacts.adb:254
--> mj-elastic_contacts.adb:187:10

 info: initialization of "Imp" proved, in call inlined at mj-elastic_contacts.adb:233, in call inlined at mj-elastic_contacts.adb:247, in call inlined at mj-elastic_contacts.adb:266
--> mj-elastic_contacts.adb:187:10

 info: initialization of "Imp" proved
--> mj-elastic_contacts.adb:187:10

 info: initialization of "Imp" proved, in call inlined at mj-elastic_contacts.adb:233, in call inlined at mj-elastic_contacts.adb:247
--> mj-elastic_contacts.adb:187:10

 info: initialization of "Imp" proved, in call inlined at mj-elastic_contacts.adb:233
--> mj-elastic_contacts.adb:187:10

 info: initialization of "Ref_Vel" proved, in call inlined at mj-elastic_contacts.adb:452
--> mj-elastic_contacts.adb:187:15

 info: initialization of "Ref_Vel" proved, in call inlined at mj-elastic_contacts.adb:233, in call inlined at mj-elastic_contacts.adb:247, in call inlined at mj-elastic_contacts.adb:264
--> mj-elastic_contacts.adb:187:15

 info: initialization of "Ref_Vel" proved, in call inlined at mj-elastic_contacts.adb:233, in call inlined at mj-elastic_contacts.adb:247, in call inlined at mj-elastic_contacts.adb:255
--> mj-elastic_contacts.adb:187:15

 info: initialization of "Ref_Vel" proved, in call inlined at mj-elastic_contacts.adb:233, in call inlined at mj-elastic_contacts.adb:247, in call inlined at mj-elastic_contacts.adb:268
--> mj-elastic_contacts.adb:187:15

 info: initialization of "Ref_Vel" proved, in call inlined at mj-elastic_contacts.adb:233, in call inlined at mj-elastic_contacts.adb:247, in call inlined at mj-elastic_contacts.adb:262
--> mj-elastic_contacts.adb:187:15

 info: initialization of "Ref_Vel" proved, in call inlined at mj-elastic_contacts.adb:233, in call inlined at mj-elastic_contacts.adb:247, in call inlined at mj-elastic_contacts.adb:254
--> mj-elastic_contacts.adb:187:15

 info: initialization of "Ref_Vel" proved, in call inlined at mj-elastic_contacts.adb:233, in call inlined at mj-elastic_contacts.adb:247, in call inlined at mj-elastic_contacts.adb:266
--> mj-elastic_contacts.adb:187:15

 info: initialization of "Ref_Vel" proved
--> mj-elastic_contacts.adb:187:15

 info: initialization of "Ref_Vel" proved, in call inlined at mj-elastic_contacts.adb:233, in call inlined at mj-elastic_contacts.adb:247
--> mj-elastic_contacts.adb:187:15

 info: initialization of "Ref_Vel" proved, in call inlined at mj-elastic_contacts.adb:233
--> mj-elastic_contacts.adb:187:15

 warning: statement has no effect, in call inlined at mj-elastic_contacts.adb:452
--> mj-elastic_contacts.adb:190:10
  190 |             if Left /= 0 then Add_Edge (C, Left, Point, Normal, -1.0); end if;
      |             ^

 info: analyzing call to "Add_Edge" in context
--> mj-elastic_contacts.adb:190:28

 info: analyzing call to "Add_Term" in context
--> mj-elastic_contacts.adb:192:13

 warning: statement has no effect, in call inlined at mj-elastic_contacts.adb:452
--> mj-elastic_contacts.adb:194:10
  194 |             if Right /= 0 then Add_Edge (C, Right, Point, Normal, 1.0); end if;
      |             ^

 info: analyzing call to "Add_Edge" in context
--> mj-elastic_contacts.adb:194:29

 warning: statement has no effect, in call inlined at mj-elastic_contacts.adb:233, in call inlined at mj-elastic_contacts.adb:247, in call inlined at mj-elastic_contacts.adb:254
--> mj-elastic_contacts.adb:195:10
  195 |             if PV /= 0 then Add_Term (C, Entity (PV), Normal, Point, 1.0); end if;
      |             ^

 warning: statement has no effect, in call inlined at mj-elastic_contacts.adb:233, in call inlined at mj-elastic_contacts.adb:247, in call inlined at mj-elastic_contacts.adb:255
--> mj-elastic_contacts.adb:195:10
  195 |             if PV /= 0 then Add_Term (C, Entity (PV), Normal, Point, 1.0); end if;
      |             ^

 warning: statement has no effect, in call inlined at mj-elastic_contacts.adb:233, in call inlined at mj-elastic_contacts.adb:247, in call inlined at mj-elastic_contacts.adb:262
--> mj-elastic_contacts.adb:195:10
  195 |             if PV /= 0 then Add_Term (C, Entity (PV), Normal, Point, 1.0); end if;
      |             ^

 warning: statement has no effect, in call inlined at mj-elastic_contacts.adb:233, in call inlined at mj-elastic_contacts.adb:247, in call inlined at mj-elastic_contacts.adb:264
--> mj-elastic_contacts.adb:195:10
  195 |             if PV /= 0 then Add_Term (C, Entity (PV), Normal, Point, 1.0); end if;
      |             ^

 warning: statement has no effect, in call inlined at mj-elastic_contacts.adb:233, in call inlined at mj-elastic_contacts.adb:247, in call inlined at mj-elastic_contacts.adb:266
--> mj-elastic_contacts.adb:195:10
  195 |             if PV /= 0 then Add_Term (C, Entity (PV), Normal, Point, 1.0); end if;
      |             ^

 warning: statement has no effect, in call inlined at mj-elastic_contacts.adb:233, in call inlined at mj-elastic_contacts.adb:247, in call inlined at mj-elastic_contacts.adb:268
--> mj-elastic_contacts.adb:195:10
  195 |             if PV /= 0 then Add_Term (C, Entity (PV), Normal, Point, 1.0); end if;
      |             ^

 warning: statement has no effect, in call inlined at mj-elastic_contacts.adb:233, in call inlined at mj-elastic_contacts.adb:247
--> mj-elastic_contacts.adb:195:10
  195 |             if PV /= 0 then Add_Term (C, Entity (PV), Normal, Point, 1.0); end if;
      |             ^

 warning: statement has no effect, in call inlined at mj-elastic_contacts.adb:233
--> mj-elastic_contacts.adb:195:10
  195 |             if PV /= 0 then Add_Term (C, Entity (PV), Normal, Point, 1.0); end if;
      |             ^

 info: analyzing call to "Add_Term" in context
--> mj-elastic_contacts.adb:195:26

 info: analyzing call to "Row_Dot" in context
--> mj-elastic_contacts.adb:206:24

 info: initialization of "Distance" proved, in call inlined at mj-elastic_contacts.adb:247, in call inlined at mj-elastic_contacts.adb:264
--> mj-elastic_contacts.adb:226:10

 info: initialization of "Distance" proved, in call inlined at mj-elastic_contacts.adb:247, in call inlined at mj-elastic_contacts.adb:262
--> mj-elastic_contacts.adb:226:10

 info: initialization of "Distance" proved, in call inlined at mj-elastic_contacts.adb:247, in call inlined at mj-elastic_contacts.adb:254
--> mj-elastic_contacts.adb:226:10

 info: initialization of "Distance" proved, in call inlined at mj-elastic_contacts.adb:247, in call inlined at mj-elastic_contacts.adb:266
--> mj-elastic_contacts.adb:226:10

 info: initialization of "Distance" proved, in call inlined at mj-elastic_contacts.adb:247, in call inlined at mj-elastic_contacts.adb:255
--> mj-elastic_contacts.adb:226:10

 info: initialization of "Distance" proved, in call inlined at mj-elastic_contacts.adb:247, in call inlined at mj-elastic_contacts.adb:268
--> mj-elastic_contacts.adb:226:10

 info: initialization of "Distance" proved, in call inlined at mj-elastic_contacts.adb:247
--> mj-elastic_contacts.adb:226:10

 info: initialization of "Distance" proved
--> mj-elastic_contacts.adb:226:10

 info: initialization of "N" proved, in call inlined at mj-elastic_contacts.adb:247, in call inlined at mj-elastic_contacts.adb:264
--> mj-elastic_contacts.adb:227:10

 info: initialization of "N" proved, in call inlined at mj-elastic_contacts.adb:247, in call inlined at mj-elastic_contacts.adb:262
--> mj-elastic_contacts.adb:227:10

 info: initialization of "N" proved, in call inlined at mj-elastic_contacts.adb:247, in call inlined at mj-elastic_contacts.adb:254
--> mj-elastic_contacts.adb:227:10

 info: initialization of "N" proved, in call inlined at mj-elastic_contacts.adb:247, in call inlined at mj-elastic_contacts.adb:266
--> mj-elastic_contacts.adb:227:10

 info: initialization of "N" proved, in call inlined at mj-elastic_contacts.adb:247, in call inlined at mj-elastic_contacts.adb:255
--> mj-elastic_contacts.adb:227:10

 info: initialization of "N" proved, in call inlined at mj-elastic_contacts.adb:247, in call inlined at mj-elastic_contacts.adb:268
--> mj-elastic_contacts.adb:227:10

 info: initialization of "N" proved, in call inlined at mj-elastic_contacts.adb:247
--> mj-elastic_contacts.adb:227:10

 info: initialization of "N" proved
--> mj-elastic_contacts.adb:227:10

 info: initialization of "Point" proved, in call inlined at mj-elastic_contacts.adb:247, in call inlined at mj-elastic_contacts.adb:264
--> mj-elastic_contacts.adb:227:13

 info: initialization of "Point" proved, in call inlined at mj-elastic_contacts.adb:247, in call inlined at mj-elastic_contacts.adb:262
--> mj-elastic_contacts.adb:227:13

 info: initialization of "Point" proved, in call inlined at mj-elastic_contacts.adb:247, in call inlined at mj-elastic_contacts.adb:254
--> mj-elastic_contacts.adb:227:13

 info: initialization of "Point" proved, in call inlined at mj-elastic_contacts.adb:247, in call inlined at mj-elastic_contacts.adb:266
--> mj-elastic_contacts.adb:227:13

 info: initialization of "Point" proved, in call inlined at mj-elastic_contacts.adb:247, in call inlined at mj-elastic_contacts.adb:255
--> mj-elastic_contacts.adb:227:13

 info: initialization of "Point" proved, in call inlined at mj-elastic_contacts.adb:247, in call inlined at mj-elastic_contacts.adb:268
--> mj-elastic_contacts.adb:227:13

 info: initialization of "Point" proved, in call inlined at mj-elastic_contacts.adb:247
--> mj-elastic_contacts.adb:227:13

 info: initialization of "Point" proved
--> mj-elastic_contacts.adb:227:13

 info: no contextual analysis of "Unit" (in potentially unevaluated context)
--> mj-elastic_contacts.adb:231:44

 info: no contextual analysis of "Unit" (in potentially unevaluated context)
--> mj-elastic_contacts.adb:231:77

 info: analyzing call to "Insert" in context
--> mj-elastic_contacts.adb:233:10

 info: initialization of "X1" proved
--> mj-elastic_contacts.adb:243:10

 info: initialization of "X2" proved
--> mj-elastic_contacts.adb:243:14

 info: no contextual analysis of "Capsules" (nested subprogram)
--> mj-elastic_contacts.adb:245:10

 info: analyzing call to "Spheres" in context
--> mj-elastic_contacts.adb:247:13

 info: analyzing call to "Emit" in context
--> mj-elastic_contacts.adb:254:13

 info: analyzing call to "Emit" in context
--> mj-elastic_contacts.adb:255:42

 info: analyzing call to "Emit" in context
--> mj-elastic_contacts.adb:262:13

 info: analyzing call to "Emit" in context
--> mj-elastic_contacts.adb:264:13

 info: analyzing call to "Emit" in context
--> mj-elastic_contacts.adb:264:43

 info: analyzing call to "Emit" in context
--> mj-elastic_contacts.adb:266:13

 info: analyzing call to "Emit" in context
--> mj-elastic_contacts.adb:268:13

 info: initialization of "Best" proved
--> mj-elastic_contacts.adb:278:10

 info: initialization of "Best" proved, in call inlined at mj-elastic_contacts.adb:465
--> mj-elastic_contacts.adb:278:10

 info: initialization of "Best" proved, in call inlined at mj-elastic_contacts.adb:434
--> mj-elastic_contacts.adb:278:10

 info: initialization of "Next_Best" proved
--> mj-elastic_contacts.adb:278:16

 info: initialization of "Next_Best" proved, in call inlined at mj-elastic_contacts.adb:465
--> mj-elastic_contacts.adb:278:16

 info: initialization of "Next_Best" proved, in call inlined at mj-elastic_contacts.adb:434
--> mj-elastic_contacts.adb:278:16

 info: initialization of "Best_Distance" proved
--> mj-elastic_contacts.adb:279:10

 info: initialization of "Best_Distance" proved, in call inlined at mj-elastic_contacts.adb:465
--> mj-elastic_contacts.adb:279:10

 info: initialization of "Best_Distance" proved, in call inlined at mj-elastic_contacts.adb:434
--> mj-elastic_contacts.adb:279:10

 info: initialization of "D2" proved
--> mj-elastic_contacts.adb:279:25

 info: initialization of "D2" proved, in call inlined at mj-elastic_contacts.adb:465
--> mj-elastic_contacts.adb:279:25

 info: initialization of "D2" proved, in call inlined at mj-elastic_contacts.adb:434
--> mj-elastic_contacts.adb:279:25

 info: initialization of "Temp_Info" proved
--> mj-elastic_contacts.adb:280:10

 info: initialization of "Temp_Info" proved, in call inlined at mj-elastic_contacts.adb:465
--> mj-elastic_contacts.adb:280:10

 info: initialization of "Temp_Info" proved, in call inlined at mj-elastic_contacts.adb:434
--> mj-elastic_contacts.adb:280:10

 info: initialization of "Temp_Row" proved
--> mj-elastic_contacts.adb:281:10

 info: initialization of "Temp_Row" proved, in call inlined at mj-elastic_contacts.adb:465
--> mj-elastic_contacts.adb:281:10

 info: initialization of "Temp_Row" proved, in call inlined at mj-elastic_contacts.adb:434
--> mj-elastic_contacts.adb:281:10

 info: initialization of "Id" proved, in call inlined at mj-elastic_contacts.adb:329, in call inlined at mj-elastic_contacts.adb:490
--> mj-elastic_contacts.adb:316:10

 info: initialization of "Id" proved, in call inlined at mj-elastic_contacts.adb:485
--> mj-elastic_contacts.adb:316:10

 info: initialization of "Id" proved, in call inlined at mj-elastic_contacts.adb:329
--> mj-elastic_contacts.adb:316:10

 info: initialization of "Id" proved
--> mj-elastic_contacts.adb:316:10

 info: analyzing call to "Response" in context
--> mj-elastic_contacts.adb:329:40

 info: implicit aspect Always_Terminates on "Correction" has been proved, subprogram will terminate
--> mj-elastic_contacts.adb:331:16

 info: analyzing call to "Row_Dot" in context
--> mj-elastic_contacts.adb:332:39

 info: analyzing call to "Rotation" in context
--> mj-elastic_contacts.adb:363:44

 info: analyzing call to "Sync" in context
--> mj-elastic_contacts.adb:364:07

 info: analyzing call to "Add_Load" in context
--> mj-elastic_contacts.adb:374:10

 info: initialization of "IW" proved
--> mj-elastic_contacts.adb:380:13

 info: analyzing call to "Rotate" in context
--> mj-elastic_contacts.adb:381:32

 info: analyzing call to "Unit" in context
--> mj-elastic_contacts.adb:411:76

 info: analyzing call to "Filter_Group" in context
--> mj-elastic_contacts.adb:434:10

 info: no contextual analysis of "Unit" (in potentially unevaluated context)
--> mj-elastic_contacts.adb:440:71

 info: no contextual analysis of "Rotate" (in potentially unevaluated context)
--> mj-elastic_contacts.adb:441:20

 info: no contextual analysis of "Unit" (in potentially unevaluated context)
--> mj-elastic_contacts.adb:441:49

 info: analyzing call to "Insert" in context
--> mj-elastic_contacts.adb:452:25

 info: analyzing call to "Filter_Group" in context
--> mj-elastic_contacts.adb:465:73

 info: analyzing call to "Correction" in context
--> mj-elastic_contacts.adb:482:45

 info: analyzing call to "Response" in context
--> mj-elastic_contacts.adb:485:19

 info: analyzing call to "Rebuild_Response" in context
--> mj-elastic_contacts.adb:490:13

 info: analyzing call to "Correction" in context
--> mj-elastic_contacts.adb:494:66

 info: analyzing call to "Rotate" in context
--> mj-elastic_contacts.adb:532:30

 info: analyzing call to "Advance" in context
--> mj-elastic_contacts.adb:544:41

 info: analyzing call to "Rotation" in context
--> mj-elastic_contacts.adb:545:27

 info: analyzing call to "Sync" in context
--> mj-elastic_contacts.adb:549:07

 info: implicit aspect Always_Terminates on "Workspace_Capacity" has been proved, subprogram will terminate
--> mj-elastic_contacts.ads:61:13

 info: initialization of "Particle_Contact" proved
--> mj-elastic_contacts.ads:83:07

 info: initialization of "Body_Contact" proved
--> mj-elastic_contacts.ads:83:46

 info: initialization of "Info" proved
--> mj-elastic_contacts.ads:84:07

 info: data dependencies proved
--> mj-elastic_contacts.ads:85:11
Success: all checks proved (174 checks).
Summary logged in /var/tmp/sparkling-elastic-contact-20260930/flow-final/build/validation/obj/gnatprove/gnatprove.out
