Phase 1 of 3: generation of data representation information ...
Phase 2 of 3: generation of Global contracts ...
Phase 3 of 3: flow analysis and proof ...
Success: all checks proved (9 checks).
Summary logged in /var/tmp/sparkling-actuators-20260930/final-small-lane_add/build/validation/obj/gnatprove/gnatprove.out
guarded: elapsed 5.1 s, peak group RSS 145 MB
 info: float overflow check proved
--> mj-transmissions.adb:84:18

 info: range check proved
--> mj-transmissions.adb:84:18

 info: implicit aspect Always_Terminates on "Lane_Add" has been proved, subprogram will terminate
--> mj-transmissions.ads:83:13

 info: range check proved
--> mj-transmissions.ads:84:47

 info: float overflow check proved
--> mj-transmissions.ads:84:49

 info: postcondition proved
--> mj-transmissions.ads:85:14

 info: float overflow check proved
--> mj-transmissions.ads:85:31

 info: range check proved
--> mj-transmissions.ads:85:71

 info: float overflow check proved
--> mj-transmissions.ads:85:74
