Phase 1 of 3: generation of data representation information ...
Phase 2 of 3: generation of Global contracts ...
Phase 3 of 3: flow analysis and proof ...
Success: all checks proved (33 checks).
Summary logged in /var/tmp/sparkling-equality-flex-20261003-r80-whole/build/validation/obj/gnatprove/gnatprove.out
guarded: elapsed 4.0 s, peak group RSS 130 MB
 info: float overflow check proved
--> mj-equality_flex.adb:3:13

 info: range check proved
--> mj-equality_flex.adb:3:13

 info: float overflow check proved
--> mj-equality_flex.adb:6:44

 info: range check proved
--> mj-equality_flex.adb:6:44

 info: float overflow check proved
--> mj-equality_flex.adb:6:51

 info: float overflow check proved
--> mj-equality_flex.adb:10:54

 info: range check proved
--> mj-equality_flex.adb:10:54

 info: float overflow check proved
--> mj-equality_flex.adb:10:61

 info: float overflow check proved
--> mj-equality_flex.adb:14:54

 info: range check proved
--> mj-equality_flex.adb:14:54

 info: float overflow check proved
--> mj-equality_flex.adb:14:61

 info: implicit aspect Always_Terminates on "Edge_Residual" has been proved, subprogram will terminate
--> mj-equality_flex.ads:10:13

 info: data dependencies proved
--> mj-equality_flex.ads:11:06

 info: postcondition proved
--> mj-equality_flex.ads:12:14

 info: float overflow check proved
--> mj-equality_flex.ads:12:43

 info: implicit aspect Always_Terminates on "Project_First" has been proved, subprogram will terminate
--> mj-equality_flex.ads:17:13

 info: data dependencies proved
--> mj-equality_flex.ads:18:06

 info: postcondition proved
--> mj-equality_flex.ads:19:14

 info: float overflow check proved
--> mj-equality_flex.ads:20:46

 info: float overflow check proved
--> mj-equality_flex.ads:20:53

 info: implicit aspect Always_Terminates on "Project_Second" has been proved, subprogram will terminate
--> mj-equality_flex.ads:21:13

 info: data dependencies proved
--> mj-equality_flex.ads:23:06

 info: postcondition proved
--> mj-equality_flex.ads:24:14

 info: float overflow check proved
--> mj-equality_flex.ads:25:56

 info: float overflow check proved
--> mj-equality_flex.ads:25:63

 info: implicit aspect Always_Terminates on "Project_Third" has been proved, subprogram will terminate
--> mj-equality_flex.ads:26:13

 info: data dependencies proved
--> mj-equality_flex.ads:28:06

 info: postcondition proved
--> mj-equality_flex.ads:29:14

 info: float overflow check proved
--> mj-equality_flex.ads:30:56

 info: float overflow check proved
--> mj-equality_flex.ads:30:63

 info: implicit aspect Always_Terminates on "Edge_Projection" has been proved, subprogram will terminate
--> mj-equality_flex.ads:31:13

 info: data dependencies proved
--> mj-equality_flex.ads:33:06

 info: postcondition proved
--> mj-equality_flex.ads:34:14
