Phase 1 of 3: generation of data representation information ...
Phase 2 of 3: generation of Global contracts ...
Phase 3 of 3: flow analysis and proof ...
Success: all checks proved (8 checks).
Summary logged in /var/tmp/sparkling-equality-flex-20261003-r80-small/build/validation/obj/gnatprove/gnatprove.out
guarded: elapsed 2.8 s, peak group RSS 125 MB
 info: float overflow check proved
--> mj-equality_flex.adb:6:44

 info: range check proved
--> mj-equality_flex.adb:6:44

 info: float overflow check proved
--> mj-equality_flex.adb:6:51

 info: implicit aspect Always_Terminates on "Project_First" has been proved, subprogram will terminate
--> mj-equality_flex.ads:17:13

 info: data dependencies proved
--> mj-equality_flex.ads:18:06

 info: postcondition proved
--> mj-equality_flex.ads:19:14

 info: float overflow check proved
--> mj-equality_flex.ads:20:46

 info: float overflow check proved
--> mj-equality_flex.ads:20:53
