Phase 1 of 3: generation of data representation information ...
Phase 2 of 3: generation of Global contracts ...
Phase 3 of 3: flow analysis and proof ...
Success: all checks proved (619 checks).
Summary logged in /var/tmp/sparkling-equality-geometry-whole-20261003-r82/build/validation/obj/gnatprove/gnatprove.out
guarded: elapsed 740.0 s, peak group RSS 632 MB
 info: float overflow check proved
--> mj-equality_geometry.adb:6:18

 info: float overflow check proved
--> mj-equality_geometry.adb:6:22

 info: float overflow check proved
--> mj-equality_geometry.adb:6:26

 info: float overflow check proved
--> mj-equality_geometry.adb:6:31

 info: float overflow check proved
--> mj-equality_geometry.adb:6:35

 info: float overflow check proved
--> mj-equality_geometry.adb:6:40

 info: range check proved
--> mj-equality_geometry.adb:6:40

 info: float overflow check proved
--> mj-equality_geometry.adb:11:15

 info: range check proved
--> mj-equality_geometry.adb:11:15

 info: float overflow check proved
--> mj-equality_geometry.adb:17:38

 info: float overflow check proved
--> mj-equality_geometry.adb:17:63

 info: float overflow check proved
--> mj-equality_geometry.adb:17:88

 info: range check proved
--> mj-equality_geometry.adb:17:88

 info: float overflow check proved
--> mj-equality_geometry.adb:23:38

 info: float overflow check proved
--> mj-equality_geometry.adb:23:63

 info: float overflow check proved
--> mj-equality_geometry.adb:23:88

 info: range check proved
--> mj-equality_geometry.adb:23:88

 info: float overflow check proved
--> mj-equality_geometry.adb:29:38

 info: float overflow check proved
--> mj-equality_geometry.adb:29:63

 info: float overflow check proved
--> mj-equality_geometry.adb:29:88

 info: range check proved
--> mj-equality_geometry.adb:29:88

 info: float overflow check proved
--> mj-equality_geometry.adb:35:38

 info: float overflow check proved
--> mj-equality_geometry.adb:35:63

 info: float overflow check proved
--> mj-equality_geometry.adb:35:88

 info: range check proved
--> mj-equality_geometry.adb:35:88

 info: range check proved
--> mj-equality_geometry.adb:54:35

 info: float overflow check proved
--> mj-equality_geometry.adb:54:44

 info: float overflow check proved
--> mj-equality_geometry.adb:54:69

 info: range check proved
--> mj-equality_geometry.adb:54:69

 info: float overflow check proved
--> mj-equality_geometry.adb:55:43

 info: float overflow check proved
--> mj-equality_geometry.adb:55:68

 info: range check proved
--> mj-equality_geometry.adb:55:68

 info: float overflow check proved
--> mj-equality_geometry.adb:56:43

 info: float overflow check proved
--> mj-equality_geometry.adb:56:68

 info: range check proved
--> mj-equality_geometry.adb:56:68

 info: float overflow check proved
--> mj-equality_geometry.adb:57:43

 info: float overflow check proved
--> mj-equality_geometry.adb:57:68

 info: range check proved
--> mj-equality_geometry.adb:57:68

 info: range check proved
--> mj-equality_geometry.adb:63:27

 info: range check proved
--> mj-equality_geometry.adb:63:37

 info: range check proved
--> mj-equality_geometry.adb:63:47

 info: range check proved
--> mj-equality_geometry.adb:63:57

 info: range check proved
--> mj-equality_geometry.adb:63:68

 info: range check proved
--> mj-equality_geometry.adb:63:79

 info: range check proved
--> mj-equality_geometry.adb:63:90

 info: precondition proved
--> mj-equality_geometry.adb:69:14

 info: precondition proved
--> mj-equality_geometry.adb:75:14

 info: float overflow check proved
--> mj-equality_geometry.adb:81:15

 info: range check proved
--> mj-equality_geometry.adb:81:15

 info: float overflow check proved
--> mj-equality_geometry.adb:87:18

 info: float overflow check proved
--> mj-equality_geometry.adb:87:21

 info: range check proved
--> mj-equality_geometry.adb:87:21

 info: precondition proved
--> mj-equality_geometry.adb:92:34

 info: precondition proved
--> mj-equality_geometry.adb:92:60

 info: range check proved
--> mj-equality_geometry.adb:94:48

 info: precondition proved
--> mj-equality_geometry.adb:99:34

 info: precondition proved
--> mj-equality_geometry.adb:99:54

 info: precondition proved
--> mj-equality_geometry.adb:100:34

 info: range check proved
--> mj-equality_geometry.adb:102:48

 info: precondition proved
--> mj-equality_geometry.adb:110:14

 info: precondition proved
--> mj-equality_geometry.adb:111:09

 info: index check proved
--> mj-equality_geometry.adb:111:33

 info: index check proved
--> mj-equality_geometry.adb:111:36

 info: index check proved
--> mj-equality_geometry.adb:111:44

 info: index check proved
--> mj-equality_geometry.adb:111:47

 info: index check proved
--> mj-equality_geometry.adb:111:55

 info: index check proved
--> mj-equality_geometry.adb:111:58

 info: index check proved
--> mj-equality_geometry.adb:112:33

 info: index check proved
--> mj-equality_geometry.adb:112:36

 info: index check proved
--> mj-equality_geometry.adb:112:44

 info: index check proved
--> mj-equality_geometry.adb:112:47

 info: index check proved
--> mj-equality_geometry.adb:112:55

 info: index check proved
--> mj-equality_geometry.adb:112:58

 info: index check proved
--> mj-equality_geometry.adb:119:15

 info: float overflow check proved
--> mj-equality_geometry.adb:119:33

 info: range check proved
--> mj-equality_geometry.adb:119:33

 info: index check proved
--> mj-equality_geometry.adb:121:16

 info: index check proved
--> mj-equality_geometry.adb:121:29

 info: index check proved
--> mj-equality_geometry.adb:121:32

 info: float overflow check proved
--> mj-equality_geometry.adb:121:35

 info: range check proved
--> mj-equality_geometry.adb:121:35

 info: index check proved
--> mj-equality_geometry.adb:121:41

 info: index check proved
--> mj-equality_geometry.adb:121:44

 info: loop invariant initialization proved
--> mj-equality_geometry.adb:122:46

 info: loop invariant preservation proved
--> mj-equality_geometry.adb:122:46

 info: index check proved
--> mj-equality_geometry.adb:123:47

 info: index check proved
--> mj-equality_geometry.adb:123:50

 info: initialization check proved
--> mj-equality_geometry.adb:124:26

 info: index check proved
--> mj-equality_geometry.adb:124:29

 info: index check proved
--> mj-equality_geometry.adb:124:32

 info: index check proved
--> mj-equality_geometry.adb:124:41

 info: index check proved
--> mj-equality_geometry.adb:124:44

 info: float overflow check proved
--> mj-equality_geometry.adb:124:47

 info: index check proved
--> mj-equality_geometry.adb:124:53

 info: index check proved
--> mj-equality_geometry.adb:124:56

 info: loop invariant initialization proved
--> mj-equality_geometry.adb:125:46

 info: loop invariant preservation proved
--> mj-equality_geometry.adb:125:46

 info: index check proved
--> mj-equality_geometry.adb:126:18

 info: index check proved
--> mj-equality_geometry.adb:126:21

 info: initialization check proved
--> mj-equality_geometry.adb:126:45

 info: index check proved
--> mj-equality_geometry.adb:126:48

 info: index check proved
--> mj-equality_geometry.adb:126:51

 info: index check proved
--> mj-equality_geometry.adb:126:60

 info: index check proved
--> mj-equality_geometry.adb:126:63

 info: float overflow check proved
--> mj-equality_geometry.adb:126:66

 info: index check proved
--> mj-equality_geometry.adb:126:72

 info: index check proved
--> mj-equality_geometry.adb:126:75

 info: loop invariant initialization proved
--> mj-equality_geometry.adb:128:43

 info: loop invariant preservation proved
--> mj-equality_geometry.adb:128:43

 info: index check proved
--> mj-equality_geometry.adb:129:17

 info: initialization check proved
--> mj-equality_geometry.adb:129:41

 info: index check proved
--> mj-equality_geometry.adb:129:46

 info: index check proved
--> mj-equality_geometry.adb:129:58

 info: float overflow check proved
--> mj-equality_geometry.adb:129:63

 info: range check proved
--> mj-equality_geometry.adb:129:63

 info: index check proved
--> mj-equality_geometry.adb:129:71

 info: loop invariant initialization proved
--> mj-equality_geometry.adb:130:43

 info: loop invariant preservation proved
--> mj-equality_geometry.adb:130:43

 info: index check proved
--> mj-equality_geometry.adb:131:15

 info: index check proved
--> mj-equality_geometry.adb:131:18

 info: initialization check proved
--> mj-equality_geometry.adb:131:42

 info: index check proved
--> mj-equality_geometry.adb:131:45

 info: index check proved
--> mj-equality_geometry.adb:131:48

 info: index check proved
--> mj-equality_geometry.adb:131:57

 info: index check proved
--> mj-equality_geometry.adb:131:60

 info: float overflow check proved
--> mj-equality_geometry.adb:131:63

 info: index check proved
--> mj-equality_geometry.adb:131:69

 info: index check proved
--> mj-equality_geometry.adb:131:72

 info: index check proved
--> mj-equality_geometry.adb:137:10

 info: index check proved
--> mj-equality_geometry.adb:137:13

 info: index check proved
--> mj-equality_geometry.adb:138:10

 info: index check proved
--> mj-equality_geometry.adb:138:13

 info: index check proved
--> mj-equality_geometry.adb:139:10

 info: index check proved
--> mj-equality_geometry.adb:139:13

 info: index check proved
--> mj-equality_geometry.adb:140:10

 info: index check proved
--> mj-equality_geometry.adb:140:13

 info: index check proved
--> mj-equality_geometry.adb:141:10

 info: index check proved
--> mj-equality_geometry.adb:141:13

 info: index check proved
--> mj-equality_geometry.adb:142:10

 info: index check proved
--> mj-equality_geometry.adb:142:13

 info: range check proved
--> mj-equality_geometry.adb:148:07

 info: length check proved
--> mj-equality_geometry.adb:149:09

 info: range check proved
--> mj-equality_geometry.adb:149:29

 info: range check proved
--> mj-equality_geometry.adb:149:41

 info: precondition proved
--> mj-equality_geometry.adb:150:16

 info: range check proved
--> mj-equality_geometry.adb:150:60

 info: precondition proved
--> mj-equality_geometry.adb:152:34

 info: initialization of "Angular" proved
--> mj-equality_geometry.adb:153:07

 info: length check proved
--> mj-equality_geometry.adb:155:11

 info: range check proved
--> mj-equality_geometry.adb:155:14

 info: float overflow check proved
--> mj-equality_geometry.adb:155:22

 info: range check proved
--> mj-equality_geometry.adb:155:22

 info: float overflow check proved
--> mj-equality_geometry.adb:155:44

 info: range check proved
--> mj-equality_geometry.adb:155:44

 info: float overflow check proved
--> mj-equality_geometry.adb:155:66

 info: range check proved
--> mj-equality_geometry.adb:155:66

 info: range check proved
--> mj-equality_geometry.adb:156:16

 info: range check proved
--> mj-equality_geometry.adb:156:34

 info: range check proved
--> mj-equality_geometry.adb:156:52

 info: precondition proved
--> mj-equality_geometry.adb:158:21

 info: range check proved
--> mj-equality_geometry.adb:158:52

 info: assertion proved
--> mj-equality_geometry.adb:159:35

 info: precondition proved
--> mj-equality_geometry.adb:160:10

 info: range check proved
--> mj-equality_geometry.adb:160:27

 info: index check proved
--> mj-equality_geometry.adb:161:17

 info: index check proved
--> mj-equality_geometry.adb:161:20

 info: float overflow check proved
--> mj-equality_geometry.adb:161:22

 info: range check proved
--> mj-equality_geometry.adb:161:22

 info: index check proved
--> mj-equality_geometry.adb:161:27

 info: index check proved
--> mj-equality_geometry.adb:161:30

 info: index check proved
--> mj-equality_geometry.adb:161:38

 info: index check proved
--> mj-equality_geometry.adb:161:41

 info: float overflow check proved
--> mj-equality_geometry.adb:161:43

 info: range check proved
--> mj-equality_geometry.adb:161:43

 info: index check proved
--> mj-equality_geometry.adb:161:48

 info: index check proved
--> mj-equality_geometry.adb:161:51

 info: index check proved
--> mj-equality_geometry.adb:161:59

 info: index check proved
--> mj-equality_geometry.adb:161:62

 info: float overflow check proved
--> mj-equality_geometry.adb:161:64

 info: range check proved
--> mj-equality_geometry.adb:161:64

 info: index check proved
--> mj-equality_geometry.adb:161:69

 info: index check proved
--> mj-equality_geometry.adb:161:72

 info: range check proved
--> mj-equality_geometry.adb:162:13

 info: range check proved
--> mj-equality_geometry.adb:162:26

 info: range check proved
--> mj-equality_geometry.adb:162:39

 info: assertion proved
--> mj-equality_geometry.adb:163:35

 info: overflow check proved
--> mj-equality_geometry.adb:163:65

 info: initialization check proved
--> mj-equality_geometry.adb:164:12

 info: index check proved
--> mj-equality_geometry.adb:164:15

 info: index check proved
--> mj-equality_geometry.adb:164:18

 info: index check proved
--> mj-equality_geometry.adb:164:27

 info: index check proved
--> mj-equality_geometry.adb:164:30

 info: float overflow check proved
--> mj-equality_geometry.adb:164:32

 info: index check proved
--> mj-equality_geometry.adb:164:37

 info: index check proved
--> mj-equality_geometry.adb:164:40

 info: assertion proved
--> mj-equality_geometry.adb:165:35

 info: overflow check proved
--> mj-equality_geometry.adb:165:65

 info: initialization check proved
--> mj-equality_geometry.adb:166:12

 info: index check proved
--> mj-equality_geometry.adb:166:15

 info: index check proved
--> mj-equality_geometry.adb:166:18

 info: index check proved
--> mj-equality_geometry.adb:166:27

 info: index check proved
--> mj-equality_geometry.adb:166:30

 info: float overflow check proved
--> mj-equality_geometry.adb:166:32

 info: index check proved
--> mj-equality_geometry.adb:166:37

 info: index check proved
--> mj-equality_geometry.adb:166:40

 info: assertion proved
--> mj-equality_geometry.adb:167:35

 info: overflow check proved
--> mj-equality_geometry.adb:167:65

 info: initialization check proved
--> mj-equality_geometry.adb:168:12

 info: index check proved
--> mj-equality_geometry.adb:168:15

 info: index check proved
--> mj-equality_geometry.adb:168:18

 info: index check proved
--> mj-equality_geometry.adb:168:27

 info: index check proved
--> mj-equality_geometry.adb:168:30

 info: float overflow check proved
--> mj-equality_geometry.adb:168:32

 info: index check proved
--> mj-equality_geometry.adb:168:37

 info: index check proved
--> mj-equality_geometry.adb:168:40

 info: initialization check proved
--> mj-equality_geometry.adb:169:35

 info: assertion proved
--> mj-equality_geometry.adb:169:35

 info: index check proved
--> mj-equality_geometry.adb:169:38

 info: index check proved
--> mj-equality_geometry.adb:169:50

 info: index check proved
--> mj-equality_geometry.adb:169:53

 info: float overflow check proved
--> mj-equality_geometry.adb:169:55

 info: index check proved
--> mj-equality_geometry.adb:169:60

 info: index check proved
--> mj-equality_geometry.adb:169:63

 info: initialization check proved
--> mj-equality_geometry.adb:170:21

 info: index check proved
--> mj-equality_geometry.adb:170:24

 info: index check proved
--> mj-equality_geometry.adb:170:36

 info: index check proved
--> mj-equality_geometry.adb:170:39

 info: float overflow check proved
--> mj-equality_geometry.adb:170:41

 info: index check proved
--> mj-equality_geometry.adb:170:46

 info: index check proved
--> mj-equality_geometry.adb:170:49

 info: initialization check proved
--> mj-equality_geometry.adb:171:21

 info: index check proved
--> mj-equality_geometry.adb:171:24

 info: index check proved
--> mj-equality_geometry.adb:171:36

 info: index check proved
--> mj-equality_geometry.adb:171:39

 info: float overflow check proved
--> mj-equality_geometry.adb:171:41

 info: index check proved
--> mj-equality_geometry.adb:171:46

 info: index check proved
--> mj-equality_geometry.adb:171:49

 info: assertion proved
--> mj-equality_geometry.adb:172:35

 info: overflow check proved
--> mj-equality_geometry.adb:172:65

 info: initialization check proved
--> mj-equality_geometry.adb:173:12

 info: index check proved
--> mj-equality_geometry.adb:173:15

 info: index check proved
--> mj-equality_geometry.adb:173:18

 info: index check proved
--> mj-equality_geometry.adb:173:36

 info: assertion proved
--> mj-equality_geometry.adb:174:35

 info: overflow check proved
--> mj-equality_geometry.adb:174:65

 info: initialization check proved
--> mj-equality_geometry.adb:175:12

 info: index check proved
--> mj-equality_geometry.adb:175:15

 info: index check proved
--> mj-equality_geometry.adb:175:18

 info: index check proved
--> mj-equality_geometry.adb:175:36

 info: assertion proved
--> mj-equality_geometry.adb:176:35

 info: overflow check proved
--> mj-equality_geometry.adb:176:65

 info: initialization check proved
--> mj-equality_geometry.adb:177:12

 info: index check proved
--> mj-equality_geometry.adb:177:15

 info: index check proved
--> mj-equality_geometry.adb:177:18

 info: index check proved
--> mj-equality_geometry.adb:177:36

 info: initialization check proved
--> mj-equality_geometry.adb:178:35

 info: assertion proved
--> mj-equality_geometry.adb:178:35

 info: index check proved
--> mj-equality_geometry.adb:178:38

 info: index check proved
--> mj-equality_geometry.adb:178:59

 info: initialization check proved
--> mj-equality_geometry.adb:179:21

 info: index check proved
--> mj-equality_geometry.adb:179:24

 info: index check proved
--> mj-equality_geometry.adb:179:45

 info: initialization check proved
--> mj-equality_geometry.adb:179:57

 info: index check proved
--> mj-equality_geometry.adb:179:60

 info: index check proved
--> mj-equality_geometry.adb:179:81

 info: loop invariant initialization proved
--> mj-equality_geometry.adb:180:43

 info: loop invariant preservation proved
--> mj-equality_geometry.adb:180:43

 info: index check proved
--> mj-equality_geometry.adb:181:49

 info: index check proved
--> mj-equality_geometry.adb:181:52

 info: loop invariant initialization proved
--> mj-equality_geometry.adb:182:43

 info: loop invariant preservation proved
--> mj-equality_geometry.adb:182:43

 info: index check proved
--> mj-equality_geometry.adb:183:15

 info: index check proved
--> mj-equality_geometry.adb:183:18

 info: initialization check proved
--> mj-equality_geometry.adb:183:42

 info: index check proved
--> mj-equality_geometry.adb:183:45

 info: index check proved
--> mj-equality_geometry.adb:183:48

 info: index check proved
--> mj-equality_geometry.adb:183:57

 info: index check proved
--> mj-equality_geometry.adb:183:60

 info: float overflow check proved
--> mj-equality_geometry.adb:183:63

 info: index check proved
--> mj-equality_geometry.adb:183:69

 info: index check proved
--> mj-equality_geometry.adb:183:72

 info: loop invariant preservation proved
--> mj-equality_geometry.adb:184:43

 info: loop invariant initialization proved
--> mj-equality_geometry.adb:184:43

 info: index check proved
--> mj-equality_geometry.adb:185:15

 info: index check proved
--> mj-equality_geometry.adb:185:18

 info: initialization check proved
--> mj-equality_geometry.adb:185:42

 info: index check proved
--> mj-equality_geometry.adb:185:45

 info: index check proved
--> mj-equality_geometry.adb:185:48

 info: index check proved
--> mj-equality_geometry.adb:185:57

 info: index check proved
--> mj-equality_geometry.adb:185:60

 info: float overflow check proved
--> mj-equality_geometry.adb:185:63

 info: index check proved
--> mj-equality_geometry.adb:185:69

 info: index check proved
--> mj-equality_geometry.adb:185:72

 info: loop invariant initialization proved
--> mj-equality_geometry.adb:186:43

 info: loop invariant preservation proved
--> mj-equality_geometry.adb:186:43

 info: index check proved
--> mj-equality_geometry.adb:187:15

 info: index check proved
--> mj-equality_geometry.adb:187:18

 info: initialization check proved
--> mj-equality_geometry.adb:187:42

 info: index check proved
--> mj-equality_geometry.adb:187:45

 info: index check proved
--> mj-equality_geometry.adb:187:48

 info: index check proved
--> mj-equality_geometry.adb:187:57

 info: index check proved
--> mj-equality_geometry.adb:187:60

 info: float overflow check proved
--> mj-equality_geometry.adb:187:63

 info: index check proved
--> mj-equality_geometry.adb:187:69

 info: index check proved
--> mj-equality_geometry.adb:187:72

 info: loop invariant initialization proved
--> mj-equality_geometry.adb:188:43

 info: loop invariant preservation proved
--> mj-equality_geometry.adb:188:43

 info: index check proved
--> mj-equality_geometry.adb:189:15

 info: index check proved
--> mj-equality_geometry.adb:189:18

 info: initialization check proved
--> mj-equality_geometry.adb:189:42

 info: index check proved
--> mj-equality_geometry.adb:189:45

 info: index check proved
--> mj-equality_geometry.adb:189:48

 info: index check proved
--> mj-equality_geometry.adb:189:66

 info: loop invariant preservation proved
--> mj-equality_geometry.adb:190:43

 info: loop invariant initialization proved
--> mj-equality_geometry.adb:190:43

 info: index check proved
--> mj-equality_geometry.adb:191:15

 info: index check proved
--> mj-equality_geometry.adb:191:18

 info: initialization check proved
--> mj-equality_geometry.adb:191:42

 info: index check proved
--> mj-equality_geometry.adb:191:45

 info: index check proved
--> mj-equality_geometry.adb:191:48

 info: index check proved
--> mj-equality_geometry.adb:191:66

 info: loop invariant initialization proved
--> mj-equality_geometry.adb:192:43

 info: loop invariant preservation proved
--> mj-equality_geometry.adb:192:43

 info: index check proved
--> mj-equality_geometry.adb:193:15

 info: index check proved
--> mj-equality_geometry.adb:193:18

 info: initialization check proved
--> mj-equality_geometry.adb:193:42

 info: index check proved
--> mj-equality_geometry.adb:193:45

 info: index check proved
--> mj-equality_geometry.adb:193:48

 info: index check proved
--> mj-equality_geometry.adb:193:66

 info: assertion proved
--> mj-equality_geometry.adb:195:32

 info: index check proved
--> mj-equality_geometry.adb:196:41

 info: index check proved
--> mj-equality_geometry.adb:196:44

 info: assertion proved
--> mj-equality_geometry.adb:197:32

 info: implicit aspect Always_Terminates on "Anchor_Component" has been proved, subprogram will terminate
--> mj-equality_geometry.ads:17:13

 info: data dependencies proved
--> mj-equality_geometry.ads:19:32

 info: postcondition proved
--> mj-equality_geometry.ads:20:15

 info: float overflow check proved
--> mj-equality_geometry.ads:20:45

 info: float overflow check proved
--> mj-equality_geometry.ads:20:49

 info: float overflow check proved
--> mj-equality_geometry.ads:20:53

 info: float overflow check proved
--> mj-equality_geometry.ads:20:58

 info: float overflow check proved
--> mj-equality_geometry.ads:20:62

 info: float overflow check proved
--> mj-equality_geometry.ads:20:67

 info: implicit aspect Always_Terminates on "Product_Term" has been proved, subprogram will terminate
--> mj-equality_geometry.ads:23:13

 info: data dependencies proved
--> mj-equality_geometry.ads:24:06

 info: postcondition proved
--> mj-equality_geometry.ads:25:25

 info: float overflow check proved
--> mj-equality_geometry.ads:25:48

 info: implicit aspect Always_Terminates on "Product_W" has been proved, subprogram will terminate
--> mj-equality_geometry.ads:32:13

 info: data dependencies proved
--> mj-equality_geometry.ads:34:07

 info: postcondition proved
--> mj-equality_geometry.ads:34:46

 info: float overflow check proved
--> mj-equality_geometry.ads:34:89

 info: float overflow check proved
--> mj-equality_geometry.ads:34:114

 info: float overflow check proved
--> mj-equality_geometry.ads:34:139

 info: implicit aspect Always_Terminates on "Product_X" has been proved, subprogram will terminate
--> mj-equality_geometry.ads:47:13

 info: data dependencies proved
--> mj-equality_geometry.ads:49:07

 info: postcondition proved
--> mj-equality_geometry.ads:49:46

 info: float overflow check proved
--> mj-equality_geometry.ads:49:89

 info: float overflow check proved
--> mj-equality_geometry.ads:49:114

 info: float overflow check proved
--> mj-equality_geometry.ads:49:139

 info: implicit aspect Always_Terminates on "Product_Y" has been proved, subprogram will terminate
--> mj-equality_geometry.ads:62:13

 info: data dependencies proved
--> mj-equality_geometry.ads:64:07

 info: postcondition proved
--> mj-equality_geometry.ads:64:46

 info: float overflow check proved
--> mj-equality_geometry.ads:64:89

 info: float overflow check proved
--> mj-equality_geometry.ads:64:114

 info: float overflow check proved
--> mj-equality_geometry.ads:64:139

 info: implicit aspect Always_Terminates on "Product_Z" has been proved, subprogram will terminate
--> mj-equality_geometry.ads:77:13

 info: data dependencies proved
--> mj-equality_geometry.ads:79:07

 info: postcondition proved
--> mj-equality_geometry.ads:79:46

 info: float overflow check proved
--> mj-equality_geometry.ads:79:89

 info: float overflow check proved
--> mj-equality_geometry.ads:79:114

 info: float overflow check proved
--> mj-equality_geometry.ads:79:139

 info: implicit aspect Always_Terminates on "Product_At" has been proved, subprogram will terminate
--> mj-equality_geometry.ads:92:13

 info: data dependencies proved
--> mj-equality_geometry.ads:94:30

 info: postcondition proved
--> mj-equality_geometry.ads:95:26

 info: implicit aspect Always_Terminates on "Axis_At" has been proved, subprogram will terminate
--> mj-equality_geometry.ads:116:13

 info: data dependencies proved
--> mj-equality_geometry.ads:119:07

 info: postcondition proved
--> mj-equality_geometry.ads:120:26

 info: range check proved
--> mj-equality_geometry.ads:122:37

 info: float overflow check proved
--> mj-equality_geometry.ads:122:46

 info: float overflow check proved
--> mj-equality_geometry.ads:122:71

 info: float overflow check proved
--> mj-equality_geometry.ads:123:45

 info: float overflow check proved
--> mj-equality_geometry.ads:123:70

 info: float overflow check proved
--> mj-equality_geometry.ads:124:45

 info: float overflow check proved
--> mj-equality_geometry.ads:124:70

 info: float overflow check proved
--> mj-equality_geometry.ads:125:45

 info: float overflow check proved
--> mj-equality_geometry.ads:125:70

 info: implicit aspect Always_Terminates on "Position_Scale" has been proved, subprogram will terminate
--> mj-equality_geometry.ads:130:13

 info: data dependencies proved
--> mj-equality_geometry.ads:131:34

 info: postcondition proved
--> mj-equality_geometry.ads:132:15

 info: float overflow check proved
--> mj-equality_geometry.ads:132:40

 info: implicit aspect Always_Terminates on "Jacobian_Scale" has been proved, subprogram will terminate
--> mj-equality_geometry.ads:133:13

 info: data dependencies proved
--> mj-equality_geometry.ads:134:34

 info: postcondition proved
--> mj-equality_geometry.ads:135:15

 info: float overflow check proved
--> mj-equality_geometry.ads:135:43

 info: float overflow check proved
--> mj-equality_geometry.ads:135:46

 info: implicit aspect Always_Terminates on "Bounded" has been proved, subprogram will terminate
--> mj-equality_geometry.ads:136:13

 info: implicit aspect Always_Terminates on "Bounded" has been proved, subprogram will terminate
--> mj-equality_geometry.ads:138:13

 info: implicit aspect Always_Terminates on "Bounded" has been proved, subprogram will terminate
--> mj-equality_geometry.ads:140:13

 info: index check proved
--> mj-equality_geometry.ads:142:40

 info: index check proved
--> mj-equality_geometry.ads:142:43

 info: implicit aspect Always_Terminates on "Conjugate" has been proved, subprogram will terminate
--> mj-equality_geometry.ads:144:13

 info: data dependencies proved
--> mj-equality_geometry.ads:146:11

 info: postcondition proved
--> mj-equality_geometry.ads:148:27

 info: implicit aspect Always_Terminates on "Angular_Difference" has been proved, subprogram will terminate
--> mj-equality_geometry.ads:156:13

 info: float overflow check proved
--> mj-equality_geometry.ads:157:10

 info: float overflow check proved
--> mj-equality_geometry.ads:157:17

 info: float overflow check proved
--> mj-equality_geometry.ads:157:24

 info: data dependencies proved
--> mj-equality_geometry.ads:158:11

 info: postcondition proved
--> mj-equality_geometry.ads:162:27

 info: float overflow check proved
--> mj-equality_geometry.ads:162:61

 info: float overflow check proved
--> mj-equality_geometry.ads:163:53

 info: float overflow check proved
--> mj-equality_geometry.ads:164:53

 info: implicit aspect Always_Terminates on "Quaternion_Product_Value" has been proved, subprogram will terminate
--> mj-equality_geometry.ads:168:13

 info: range check proved
--> mj-equality_geometry.ads:170:09

 info: range check proved
--> mj-equality_geometry.ads:170:16

 info: range check proved
--> mj-equality_geometry.ads:170:23

 info: range check proved
--> mj-equality_geometry.ads:170:30

 info: range check proved
--> mj-equality_geometry.ads:170:37

 info: range check proved
--> mj-equality_geometry.ads:170:44

 info: range check proved
--> mj-equality_geometry.ads:170:51

 info: range check proved
--> mj-equality_geometry.ads:170:58

 info: data dependencies proved
--> mj-equality_geometry.ads:171:11

 info: postcondition proved
--> mj-equality_geometry.ads:174:10

 info: range check proved
--> mj-equality_geometry.ads:175:13

 info: range check proved
--> mj-equality_geometry.ads:175:20

 info: range check proved
--> mj-equality_geometry.ads:175:27

 info: range check proved
--> mj-equality_geometry.ads:175:34

 info: range check proved
--> mj-equality_geometry.ads:175:41

 info: range check proved
--> mj-equality_geometry.ads:175:48

 info: range check proved
--> mj-equality_geometry.ads:175:55

 info: range check proved
--> mj-equality_geometry.ads:175:62

 info: implicit aspect Always_Terminates on "Axis_Product_Value" has been proved, subprogram will terminate
--> mj-equality_geometry.ads:182:13

 info: range check proved
--> mj-equality_geometry.ads:184:09

 info: range check proved
--> mj-equality_geometry.ads:184:16

 info: range check proved
--> mj-equality_geometry.ads:184:23

 info: range check proved
--> mj-equality_geometry.ads:184:30

 info: range check proved
--> mj-equality_geometry.ads:184:37

 info: range check proved
--> mj-equality_geometry.ads:184:44

 info: range check proved
--> mj-equality_geometry.ads:184:51

 info: data dependencies proved
--> mj-equality_geometry.ads:185:11

 info: postcondition proved
--> mj-equality_geometry.ads:188:10

 info: range check proved
--> mj-equality_geometry.ads:189:13

 info: range check proved
--> mj-equality_geometry.ads:189:20

 info: range check proved
--> mj-equality_geometry.ads:189:27

 info: range check proved
--> mj-equality_geometry.ads:189:34

 info: range check proved
--> mj-equality_geometry.ads:189:41

 info: range check proved
--> mj-equality_geometry.ads:189:48

 info: range check proved
--> mj-equality_geometry.ads:189:55

 info: implicit aspect Always_Terminates on "Product" has been proved, subprogram will terminate
--> mj-equality_geometry.ads:194:16

 info: range check proved
--> mj-equality_geometry.ads:196:12

 info: range check proved
--> mj-equality_geometry.ads:196:19

 info: range check proved
--> mj-equality_geometry.ads:196:26

 info: range check proved
--> mj-equality_geometry.ads:196:33

 info: range check proved
--> mj-equality_geometry.ads:196:40

 info: range check proved
--> mj-equality_geometry.ads:196:47

 info: range check proved
--> mj-equality_geometry.ads:196:54

 info: range check proved
--> mj-equality_geometry.ads:196:61

 info: postcondition proved
--> mj-equality_geometry.ads:198:19

 info: implicit aspect Always_Terminates on "Axis_Product" has been proved, subprogram will terminate
--> mj-equality_geometry.ads:204:16

 info: range check proved
--> mj-equality_geometry.ads:206:12

 info: range check proved
--> mj-equality_geometry.ads:206:19

 info: range check proved
--> mj-equality_geometry.ads:206:26

 info: range check proved
--> mj-equality_geometry.ads:206:33

 info: range check proved
--> mj-equality_geometry.ads:206:40

 info: range check proved
--> mj-equality_geometry.ads:206:47

 info: range check proved
--> mj-equality_geometry.ads:206:54

 info: postcondition proved
--> mj-equality_geometry.ads:208:19

 info: implicit aspect Always_Terminates on "Position" has been proved, subprogram will terminate
--> mj-equality_geometry.ads:210:16

 info: precondition proved
--> mj-equality_geometry.ads:212:26

 info: range check proved
--> mj-equality_geometry.ads:212:26

 info: precondition proved
--> mj-equality_geometry.ads:212:52

 info: implicit aspect Always_Terminates on "Jacobian" has been proved, subprogram will terminate
--> mj-equality_geometry.ads:215:16

 info: precondition proved
--> mj-equality_geometry.ads:218:26

 info: range check proved
--> mj-equality_geometry.ads:218:26

 info: precondition proved
--> mj-equality_geometry.ads:218:52

 info: precondition proved
--> mj-equality_geometry.ads:218:72

 info: implicit aspect Always_Terminates on "Column_Jacobian" has been proved, subprogram will terminate
--> mj-equality_geometry.ads:222:16

 info: precondition proved
--> mj-equality_geometry.ads:225:10

 info: precondition proved
--> mj-equality_geometry.ads:226:11

 info: index check proved
--> mj-equality_geometry.ads:226:35

 info: index check proved
--> mj-equality_geometry.ads:226:38

 info: index check proved
--> mj-equality_geometry.ads:226:46

 info: index check proved
--> mj-equality_geometry.ads:226:49

 info: index check proved
--> mj-equality_geometry.ads:226:57

 info: index check proved
--> mj-equality_geometry.ads:226:60

 info: index check proved
--> mj-equality_geometry.ads:227:35

 info: index check proved
--> mj-equality_geometry.ads:227:38

 info: index check proved
--> mj-equality_geometry.ads:227:46

 info: index check proved
--> mj-equality_geometry.ads:227:49

 info: index check proved
--> mj-equality_geometry.ads:227:57

 info: index check proved
--> mj-equality_geometry.ads:227:60

 info: index check proved
--> mj-equality_geometry.ads:233:17

 info: index check proved
--> mj-equality_geometry.ads:233:20

 info: index check proved
--> mj-equality_geometry.ads:233:57

 info: index check proved
--> mj-equality_geometry.ads:233:60

 info: implicit aspect Always_Terminates on "Anchor" has been proved, subprogram will terminate
--> mj-equality_geometry.ads:237:13

 info: data dependencies proved
--> mj-equality_geometry.ads:238:06

 info: postcondition proved
--> mj-equality_geometry.ads:241:25

 info: range check proved
--> mj-equality_geometry.ads:243:28

 info: range check proved
--> mj-equality_geometry.ads:243:38

 info: range check proved
--> mj-equality_geometry.ads:243:48

 info: range check proved
--> mj-equality_geometry.ads:243:58

 info: range check proved
--> mj-equality_geometry.ads:243:69

 info: range check proved
--> mj-equality_geometry.ads:243:80

 info: range check proved
--> mj-equality_geometry.ads:243:91

 info: implicit aspect Always_Terminates on "Multiply" has been proved, subprogram will terminate
--> mj-equality_geometry.ads:245:13

 info: data dependencies proved
--> mj-equality_geometry.ads:246:06

 info: postcondition proved
--> mj-equality_geometry.ads:248:25

 info: precondition proved
--> mj-equality_geometry.ads:248:48

 info: implicit aspect Always_Terminates on "Multiply_Axis" has been proved, subprogram will terminate
--> mj-equality_geometry.ads:254:13

 info: data dependencies proved
--> mj-equality_geometry.ads:255:06

 info: postcondition proved
--> mj-equality_geometry.ads:257:25

 info: precondition proved
--> mj-equality_geometry.ads:257:53

 info: implicit aspect Always_Terminates on "Rotation_Position" has been proved, subprogram will terminate
--> mj-equality_geometry.ads:261:13

 info: data dependencies proved
--> mj-equality_geometry.ads:263:06

 info: postcondition proved
--> mj-equality_geometry.ads:264:25

 info: precondition proved
--> mj-equality_geometry.ads:265:75

 info: implicit aspect Always_Terminates on "Rotation_Jacobian" has been proved, subprogram will terminate
--> mj-equality_geometry.ads:266:13

 info: data dependencies proved
--> mj-equality_geometry.ads:268:06

 info: postcondition proved
--> mj-equality_geometry.ads:270:25

 info: precondition proved
--> mj-equality_geometry.ads:271:75

 info: implicit aspect Always_Terminates on "Rotation_Column" has been proved, subprogram will terminate
--> mj-equality_geometry.ads:273:13

 info: data dependencies proved
--> mj-equality_geometry.ads:275:26

 info: index check proved
--> mj-equality_geometry.ads:281:14

 info: index check proved
--> mj-equality_geometry.ads:281:17

 info: index check proved
--> mj-equality_geometry.ads:281:54

 info: index check proved
--> mj-equality_geometry.ads:281:57

 info: postcondition proved
--> mj-equality_geometry.ads:282:25

 info: precondition proved
--> mj-equality_geometry.ads:284:15

 info: data dependencies proved
--> mj-equality_geometry.ads:289:06

 info: postcondition proved
--> mj-equality_geometry.ads:299:25

 info: initialization check proved
--> mj-equality_geometry.ads:300:41

 info: index check proved
--> mj-equality_geometry.ads:300:46

 info: float overflow check proved
--> mj-equality_geometry.ads:300:63

 info: range check proved
--> mj-equality_geometry.ads:300:63

 info: initialization check proved
--> mj-equality_geometry.ads:301:75

 info: index check proved
--> mj-equality_geometry.ads:301:78

 info: index check proved
--> mj-equality_geometry.ads:301:81

 info: index check proved
--> mj-equality_geometry.ads:301:90

 info: index check proved
--> mj-equality_geometry.ads:301:93

 info: float overflow check proved
--> mj-equality_geometry.ads:301:96

 info: index check proved
--> mj-equality_geometry.ads:301:102

 info: index check proved
--> mj-equality_geometry.ads:301:105

 info: data dependencies proved
--> mj-equality_geometry.ads:305:06

 info: postcondition proved
--> mj-equality_geometry.ads:308:08

 info: index check proved
--> mj-equality_geometry.ads:308:69

 info: index check proved
--> mj-equality_geometry.ads:308:72

 info: initialization check proved
--> mj-equality_geometry.ads:309:41

 info: index check proved
--> mj-equality_geometry.ads:309:44

 info: index check proved
--> mj-equality_geometry.ads:309:47

 info: initialization check proved
--> mj-equality_geometry.ads:311:10

 info: index check proved
--> mj-equality_geometry.ads:311:13

 info: index check proved
--> mj-equality_geometry.ads:311:16

 info: initialization check proved
--> mj-equality_geometry.ads:311:22

 info: index check proved
--> mj-equality_geometry.ads:311:28

 info: index check proved
--> mj-equality_geometry.ads:311:31

 info: index check proved
--> mj-equality_geometry.ads:313:69

 info: index check proved
--> mj-equality_geometry.ads:313:72

 info: data dependencies proved
--> mj-equality_geometry.ads:318:06

 info: postcondition proved
--> mj-equality_geometry.ads:329:25

 info: initialization check proved
--> mj-equality_geometry.ads:330:17

 info: index check proved
--> mj-equality_geometry.ads:330:22

 info: float overflow check proved
--> mj-equality_geometry.ads:330:34

 info: range check proved
--> mj-equality_geometry.ads:330:34

 info: initialization check proved
--> mj-equality_geometry.ads:331:17

 info: index check proved
--> mj-equality_geometry.ads:331:22

 info: float overflow check proved
--> mj-equality_geometry.ads:331:34

 info: range check proved
--> mj-equality_geometry.ads:331:34

 info: initialization check proved
--> mj-equality_geometry.ads:332:17

 info: index check proved
--> mj-equality_geometry.ads:332:22

 info: float overflow check proved
--> mj-equality_geometry.ads:332:34

 info: range check proved
--> mj-equality_geometry.ads:332:34

 info: initialization check proved
--> mj-equality_geometry.ads:333:17

 info: index check proved
--> mj-equality_geometry.ads:333:22

 info: precondition proved
--> mj-equality_geometry.ads:333:33

 info: initialization check proved
--> mj-equality_geometry.ads:334:17

 info: index check proved
--> mj-equality_geometry.ads:334:22

 info: precondition proved
--> mj-equality_geometry.ads:334:33

 info: initialization check proved
--> mj-equality_geometry.ads:335:17

 info: index check proved
--> mj-equality_geometry.ads:335:22

 info: precondition proved
--> mj-equality_geometry.ads:335:33

 info: initialization check proved
--> mj-equality_geometry.ads:336:46

 info: index check proved
--> mj-equality_geometry.ads:336:49

 info: index check proved
--> mj-equality_geometry.ads:336:52

 info: index check proved
--> mj-equality_geometry.ads:336:61

 info: index check proved
--> mj-equality_geometry.ads:336:64

 info: float overflow check proved
--> mj-equality_geometry.ads:336:66

 info: index check proved
--> mj-equality_geometry.ads:336:71

 info: index check proved
--> mj-equality_geometry.ads:336:74

 info: initialization check proved
--> mj-equality_geometry.ads:337:46

 info: index check proved
--> mj-equality_geometry.ads:337:49

 info: index check proved
--> mj-equality_geometry.ads:337:52

 info: index check proved
--> mj-equality_geometry.ads:337:61

 info: index check proved
--> mj-equality_geometry.ads:337:64

 info: float overflow check proved
--> mj-equality_geometry.ads:337:66

 info: index check proved
--> mj-equality_geometry.ads:337:71

 info: index check proved
--> mj-equality_geometry.ads:337:74

 info: initialization check proved
--> mj-equality_geometry.ads:338:46

 info: index check proved
--> mj-equality_geometry.ads:338:49

 info: index check proved
--> mj-equality_geometry.ads:338:52

 info: index check proved
--> mj-equality_geometry.ads:338:61

 info: index check proved
--> mj-equality_geometry.ads:338:64

 info: float overflow check proved
--> mj-equality_geometry.ads:338:66

 info: index check proved
--> mj-equality_geometry.ads:338:71

 info: index check proved
--> mj-equality_geometry.ads:338:74

 info: initialization check proved
--> mj-equality_geometry.ads:340:10

 info: index check proved
--> mj-equality_geometry.ads:340:13

 info: index check proved
--> mj-equality_geometry.ads:340:16

 info: precondition proved
--> mj-equality_geometry.ads:340:26

 info: range check proved
--> mj-equality_geometry.ads:340:58

 info: initialization check proved
--> mj-equality_geometry.ads:342:10

 info: index check proved
--> mj-equality_geometry.ads:342:13

 info: index check proved
--> mj-equality_geometry.ads:342:16

 info: precondition proved
--> mj-equality_geometry.ads:342:26

 info: range check proved
--> mj-equality_geometry.ads:342:58

 info: initialization check proved
--> mj-equality_geometry.ads:344:10

 info: index check proved
--> mj-equality_geometry.ads:344:13

 info: index check proved
--> mj-equality_geometry.ads:344:16

 info: precondition proved
--> mj-equality_geometry.ads:344:26

 info: range check proved
--> mj-equality_geometry.ads:344:58
