Phase 1 of 3: generation of data representation information ...
Phase 2 of 3: generation of Global contracts ...
Phase 3 of 3: flow analysis and proof ...
Summary logged in /var/tmp/sparkling-equality-weld-20261003-r77/build/validation/obj/gnatprove/gnatprove.out
guarded: elapsed 415.0 s, peak group RSS 533 MB
 info: range check proved
--> mj-equality_geometry.adb:148:07

 info: length check proved
--> mj-equality_geometry.adb:149:09

 info: range check proved
--> mj-equality_geometry.adb:149:29

 info: range check proved
--> mj-equality_geometry.adb:149:41

 info: precondition proved
--> mj-equality_geometry.adb:150:16

 info: range check proved
--> mj-equality_geometry.adb:150:60

 info: precondition proved
--> mj-equality_geometry.adb:152:34

 info: initialization of "Angular" proved
--> mj-equality_geometry.adb:153:07

 info: length check proved
--> mj-equality_geometry.adb:155:11

 info: range check proved
--> mj-equality_geometry.adb:155:14

 info: float overflow check proved
--> mj-equality_geometry.adb:155:22

 info: range check proved
--> mj-equality_geometry.adb:155:22

 info: float overflow check proved
--> mj-equality_geometry.adb:155:44

 info: range check proved
--> mj-equality_geometry.adb:155:44

 info: float overflow check proved
--> mj-equality_geometry.adb:155:66

 info: range check proved
--> mj-equality_geometry.adb:155:66

 info: range check proved
--> mj-equality_geometry.adb:156:16

 info: range check proved
--> mj-equality_geometry.adb:156:34

 info: range check proved
--> mj-equality_geometry.adb:156:52

 info: precondition proved
--> mj-equality_geometry.adb:158:21

 info: range check proved
--> mj-equality_geometry.adb:158:52

 info: precondition proved
--> mj-equality_geometry.adb:159:10

 info: range check proved
--> mj-equality_geometry.adb:159:27

 info: index check proved
--> mj-equality_geometry.adb:160:17

 info: index check proved
--> mj-equality_geometry.adb:160:20

 info: float overflow check proved
--> mj-equality_geometry.adb:160:22

 info: range check proved
--> mj-equality_geometry.adb:160:22

 info: index check proved
--> mj-equality_geometry.adb:160:27

 info: index check proved
--> mj-equality_geometry.adb:160:30

 info: index check proved
--> mj-equality_geometry.adb:160:38

 info: index check proved
--> mj-equality_geometry.adb:160:41

 info: float overflow check proved
--> mj-equality_geometry.adb:160:43

 info: range check proved
--> mj-equality_geometry.adb:160:43

 info: index check proved
--> mj-equality_geometry.adb:160:48

 info: index check proved
--> mj-equality_geometry.adb:160:51

 info: index check proved
--> mj-equality_geometry.adb:160:59

 info: index check proved
--> mj-equality_geometry.adb:160:62

 info: float overflow check proved
--> mj-equality_geometry.adb:160:64

 medium: range check might fail
--> mj-equality_geometry.adb:160:64
  160 |               [J0 (1, C)-J1 (1, C), J0 (2, C)-J1 (2, C), J0 (3, C)-J1 (3, C),
      |                                                          ~~~~~~~~~^~~~~~~~~
      + provers reached time limit before completing the proof

 info: index check proved
--> mj-equality_geometry.adb:160:69

 info: index check proved
--> mj-equality_geometry.adb:160:72

 info: range check proved
--> mj-equality_geometry.adb:161:13

 info: range check proved
--> mj-equality_geometry.adb:161:26

 info: range check proved
--> mj-equality_geometry.adb:161:39

 info: assertion proved
--> mj-equality_geometry.adb:162:35

 info: overflow check proved
--> mj-equality_geometry.adb:162:65

 info: initialization check proved
--> mj-equality_geometry.adb:163:12

 info: index check proved
--> mj-equality_geometry.adb:163:15

 info: index check proved
--> mj-equality_geometry.adb:163:18

 info: index check proved
--> mj-equality_geometry.adb:163:36

 info: assertion proved
--> mj-equality_geometry.adb:164:35

 info: overflow check proved
--> mj-equality_geometry.adb:164:65

 info: initialization check proved
--> mj-equality_geometry.adb:165:12

 info: index check proved
--> mj-equality_geometry.adb:165:15

 info: index check proved
--> mj-equality_geometry.adb:165:18

 info: index check proved
--> mj-equality_geometry.adb:165:36

 info: assertion proved
--> mj-equality_geometry.adb:166:35

 info: overflow check proved
--> mj-equality_geometry.adb:166:65

 info: initialization check proved
--> mj-equality_geometry.adb:167:12

 info: index check proved
--> mj-equality_geometry.adb:167:15

 info: index check proved
--> mj-equality_geometry.adb:167:18

 info: index check proved
--> mj-equality_geometry.adb:167:36

 info: initialization check proved
--> mj-equality_geometry.adb:168:35

 info: assertion proved
--> mj-equality_geometry.adb:168:35

 info: index check proved
--> mj-equality_geometry.adb:168:38

 info: index check proved
--> mj-equality_geometry.adb:168:59

 info: initialization check proved
--> mj-equality_geometry.adb:169:21

 info: index check proved
--> mj-equality_geometry.adb:169:24

 info: index check proved
--> mj-equality_geometry.adb:169:45

 info: initialization check proved
--> mj-equality_geometry.adb:169:57

 info: index check proved
--> mj-equality_geometry.adb:169:60

 info: index check proved
--> mj-equality_geometry.adb:169:81

 info: loop invariant initialization proved
--> mj-equality_geometry.adb:170:43

 info: loop invariant preservation proved
--> mj-equality_geometry.adb:170:43

 info: index check proved
--> mj-equality_geometry.adb:171:39

 info: index check proved
--> mj-equality_geometry.adb:171:42

 info: loop invariant initialization proved
--> mj-equality_geometry.adb:172:43

 info: index check proved
--> mj-equality_geometry.adb:173:15

 info: index check proved
--> mj-equality_geometry.adb:173:18

 info: initialization check proved
--> mj-equality_geometry.adb:173:42

 medium: loop invariant might not be preserved by an arbitrary iteration, cannot prove J (1, K) = J0 (1, K) - J1 (1, K)
--> mj-equality_geometry.adb:173:42
  173 |               J (1, K)'Initialized and then J (1, K) = J0 (1, K) - J1 (1, K)));
      |                                             ^~~~~~~~~~~~~~~~~~~~~~~~~~~~~~~
      + provers reached time limit before completing the proof

 info: index check proved
--> mj-equality_geometry.adb:173:45

 info: index check proved
--> mj-equality_geometry.adb:173:48

 info: index check proved
--> mj-equality_geometry.adb:173:57

 info: index check proved
--> mj-equality_geometry.adb:173:60

 info: float overflow check proved
--> mj-equality_geometry.adb:173:63

 info: index check proved
--> mj-equality_geometry.adb:173:69

 info: index check proved
--> mj-equality_geometry.adb:173:72

 info: loop invariant initialization proved
--> mj-equality_geometry.adb:174:43

 info: index check proved
--> mj-equality_geometry.adb:175:15

 info: index check proved
--> mj-equality_geometry.adb:175:18

 info: initialization check proved
--> mj-equality_geometry.adb:175:42

 medium: loop invariant might not be preserved by an arbitrary iteration, cannot prove J (2, K) = J0 (2, K) - J1 (2, K)
--> mj-equality_geometry.adb:175:42
  175 |               J (2, K)'Initialized and then J (2, K) = J0 (2, K) - J1 (2, K)));
      |                                             ^~~~~~~~~~~~~~~~~~~~~~~~~~~~~~~
      + provers reached time limit before completing the proof

 info: index check proved
--> mj-equality_geometry.adb:175:45

 info: index check proved
--> mj-equality_geometry.adb:175:48

 info: index check proved
--> mj-equality_geometry.adb:175:57

 info: index check proved
--> mj-equality_geometry.adb:175:60

 info: float overflow check proved
--> mj-equality_geometry.adb:175:63

 info: index check proved
--> mj-equality_geometry.adb:175:69

 info: index check proved
--> mj-equality_geometry.adb:175:72

 info: loop invariant initialization proved
--> mj-equality_geometry.adb:176:43

 info: index check proved
--> mj-equality_geometry.adb:177:15

 info: index check proved
--> mj-equality_geometry.adb:177:18

 info: initialization check proved
--> mj-equality_geometry.adb:177:42

 medium: loop invariant might not be preserved by an arbitrary iteration, cannot prove J (3, K) = J0 (3, K) - J1 (3, K)
--> mj-equality_geometry.adb:177:42
  177 |               J (3, K)'Initialized and then J (3, K) = J0 (3, K) - J1 (3, K)));
      |                                             ^~~~~~~~~~~~~~~~~~~~~~~~~~~~~~~
      + provers reached time limit before completing the proof

 info: index check proved
--> mj-equality_geometry.adb:177:45

 info: index check proved
--> mj-equality_geometry.adb:177:48

 info: index check proved
--> mj-equality_geometry.adb:177:57

 info: index check proved
--> mj-equality_geometry.adb:177:60

 info: float overflow check proved
--> mj-equality_geometry.adb:177:63

 info: index check proved
--> mj-equality_geometry.adb:177:69

 info: index check proved
--> mj-equality_geometry.adb:177:72

 info: loop invariant initialization proved
--> mj-equality_geometry.adb:178:43

 info: loop invariant preservation proved
--> mj-equality_geometry.adb:178:43

 info: index check proved
--> mj-equality_geometry.adb:179:15

 info: index check proved
--> mj-equality_geometry.adb:179:18

 info: initialization check proved
--> mj-equality_geometry.adb:179:42

 info: index check proved
--> mj-equality_geometry.adb:179:45

 info: index check proved
--> mj-equality_geometry.adb:179:48

 info: index check proved
--> mj-equality_geometry.adb:179:66

 info: loop invariant initialization proved
--> mj-equality_geometry.adb:180:43

 info: loop invariant preservation proved
--> mj-equality_geometry.adb:180:43

 info: index check proved
--> mj-equality_geometry.adb:181:15

 info: index check proved
--> mj-equality_geometry.adb:181:18

 info: initialization check proved
--> mj-equality_geometry.adb:181:42

 info: index check proved
--> mj-equality_geometry.adb:181:45

 info: index check proved
--> mj-equality_geometry.adb:181:48

 info: index check proved
--> mj-equality_geometry.adb:181:66

 info: loop invariant initialization proved
--> mj-equality_geometry.adb:182:43

 info: loop invariant preservation proved
--> mj-equality_geometry.adb:182:43

 info: index check proved
--> mj-equality_geometry.adb:183:15

 info: index check proved
--> mj-equality_geometry.adb:183:18

 info: initialization check proved
--> mj-equality_geometry.adb:183:42

 info: index check proved
--> mj-equality_geometry.adb:183:45

 info: index check proved
--> mj-equality_geometry.adb:183:48

 info: index check proved
--> mj-equality_geometry.adb:183:66

 info: data dependencies proved
--> mj-equality_geometry.ads:318:06

 medium: postcondition might fail, cannot prove J'Initialized
--> mj-equality_geometry.ads:329:25
  329 |         Post => (Static => J'Initialized and then Pos'Initialized
      |                            ^~~~~~~~~~~~~
      + provers reached time limit before completing the proof

 info: initialization check proved
--> mj-equality_geometry.ads:330:17

 info: index check proved
--> mj-equality_geometry.ads:330:22

 info: float overflow check proved
--> mj-equality_geometry.ads:330:34

 info: range check proved
--> mj-equality_geometry.ads:330:34

 info: initialization check proved
--> mj-equality_geometry.ads:331:17

 info: index check proved
--> mj-equality_geometry.ads:331:22

 info: float overflow check proved
--> mj-equality_geometry.ads:331:34

 info: range check proved
--> mj-equality_geometry.ads:331:34

 info: initialization check proved
--> mj-equality_geometry.ads:332:17

 info: index check proved
--> mj-equality_geometry.ads:332:22

 info: float overflow check proved
--> mj-equality_geometry.ads:332:34

 info: range check proved
--> mj-equality_geometry.ads:332:34

 info: initialization check proved
--> mj-equality_geometry.ads:333:17

 info: index check proved
--> mj-equality_geometry.ads:333:22

 info: precondition proved
--> mj-equality_geometry.ads:333:33

 info: initialization check proved
--> mj-equality_geometry.ads:334:17

 info: index check proved
--> mj-equality_geometry.ads:334:22

 info: precondition proved
--> mj-equality_geometry.ads:334:33

 info: initialization check proved
--> mj-equality_geometry.ads:335:17

 info: index check proved
--> mj-equality_geometry.ads:335:22

 info: precondition proved
--> mj-equality_geometry.ads:335:33

 info: initialization check proved
--> mj-equality_geometry.ads:336:46

 info: index check proved
--> mj-equality_geometry.ads:336:49

 info: index check proved
--> mj-equality_geometry.ads:336:52

 info: index check proved
--> mj-equality_geometry.ads:336:61

 info: index check proved
--> mj-equality_geometry.ads:336:64

 info: float overflow check proved
--> mj-equality_geometry.ads:336:66

 info: index check proved
--> mj-equality_geometry.ads:336:71

 info: index check proved
--> mj-equality_geometry.ads:336:74

 info: initialization check proved
--> mj-equality_geometry.ads:337:46

 info: index check proved
--> mj-equality_geometry.ads:337:49

 info: index check proved
--> mj-equality_geometry.ads:337:52

 info: index check proved
--> mj-equality_geometry.ads:337:61

 info: index check proved
--> mj-equality_geometry.ads:337:64

 info: float overflow check proved
--> mj-equality_geometry.ads:337:66

 info: index check proved
--> mj-equality_geometry.ads:337:71

 info: index check proved
--> mj-equality_geometry.ads:337:74

 info: initialization check proved
--> mj-equality_geometry.ads:338:46

 info: index check proved
--> mj-equality_geometry.ads:338:49

 info: index check proved
--> mj-equality_geometry.ads:338:52

 info: index check proved
--> mj-equality_geometry.ads:338:61

 info: index check proved
--> mj-equality_geometry.ads:338:64

 info: float overflow check proved
--> mj-equality_geometry.ads:338:66

 info: index check proved
--> mj-equality_geometry.ads:338:71

 info: index check proved
--> mj-equality_geometry.ads:338:74

 info: initialization check proved
--> mj-equality_geometry.ads:340:10

 info: index check proved
--> mj-equality_geometry.ads:340:13

 info: index check proved
--> mj-equality_geometry.ads:340:16

 info: precondition proved
--> mj-equality_geometry.ads:340:26

 info: range check proved
--> mj-equality_geometry.ads:340:58

 info: initialization check proved
--> mj-equality_geometry.ads:342:10

 info: index check proved
--> mj-equality_geometry.ads:342:13

 info: index check proved
--> mj-equality_geometry.ads:342:16

 info: precondition proved
--> mj-equality_geometry.ads:342:26

 info: range check proved
--> mj-equality_geometry.ads:342:58

 info: initialization check proved
--> mj-equality_geometry.ads:344:10

 info: index check proved
--> mj-equality_geometry.ads:344:13

 info: index check proved
--> mj-equality_geometry.ads:344:16

 info: precondition proved
--> mj-equality_geometry.ads:344:26

 info: range check proved
--> mj-equality_geometry.ads:344:58
gnatprove: unproved check messages considered as errors
