Phase 1 of 3: generation of data representation information ...
Phase 2 of 3: generation of Global contracts ...
Phase 3 of 3: flow analysis and proof ...
 info: precondition proved
--> mj-full_contacts.adb:5:14

 info: division check proved
--> mj-full_contacts.adb:5:32

 info: float overflow check proved
--> mj-full_contacts.adb:5:32

 info: initialization of "N" proved
--> mj-full_contacts.adb:9:07

 info: initialization of "T" proved
--> mj-full_contacts.adb:9:10

 info: initialization of "B" proved
--> mj-full_contacts.adb:9:13

 info: initialization of "L" proved
--> mj-full_contacts.adb:10:07

 info: precondition proved
--> mj-full_contacts.adb:13:12

 info: precondition proved
--> mj-full_contacts.adb:14:12

 info: precondition proved
--> mj-full_contacts.adb:15:10

 medium: precondition might fail, cannot prove X in -1.0e60 .. 1.0e60
--> mj-full_contacts.adb:18:12
   18 |          T := Sub (T, Scale (N, Dot (N, T))); T := Unit (T); B := Cross (N, T);
      |               ^~~~~~~~~~~~~~~~~~~~~~~~~~~
      + in inlined expression function body at mj-rigid_math.ads:7
      + provers reached time limit before completing the proof

 medium: precondition might fail, cannot prove S in -1.0e200 .. 1.0e200
--> mj-full_contacts.adb:18:20
   18 |          T := Sub (T, Scale (N, Dot (N, T))); T := Unit (T); B := Cross (N, T);
      |                       ^~~~~~~~~~~~~~~~~~~
      + provers reached time limit before completing the proof

 medium: precondition might fail, cannot prove X in -1.0e60 .. 1.0e60
--> mj-full_contacts.adb:18:30
   18 |          T := Sub (T, Scale (N, Dot (N, T))); T := Unit (T); B := Cross (N, T);
      |                                 ^~~~~~~~~
      + in inlined expression function body at mj-rigid_math.ads:7
      + provers reached time limit before completing the proof

 medium: precondition might fail, cannot prove X in -1.0e60 .. 1.0e60
--> mj-full_contacts.adb:18:49
   18 |          T := Sub (T, Scale (N, Dot (N, T))); T := Unit (T); B := Cross (N, T);
      |                                                    ^~~~~~~
      + in inlined expression function body at mj-rigid_math.ads:7
      + provers reached time limit before completing the proof

 medium: precondition might fail, cannot prove X in -1.0e60 .. 1.0e60
--> mj-full_contacts.adb:18:64
   18 |          T := Sub (T, Scale (N, Dot (N, T))); T := Unit (T); B := Cross (N, T);
      |                                                                   ^~~~~~~~~~~
      + in inlined expression function body at mj-rigid_math.ads:7
      + provers reached time limit before completing the proof

 info: range check proved
--> mj-full_contacts.adb:19:17

 info: range check proved
--> mj-full_contacts.adb:19:24

 info: range check proved
--> mj-full_contacts.adb:19:31

 medium: range check might fail
--> mj-full_contacts.adb:19:38
   19 |          Frame := [N (0), N (1), N (2), T (0), T (1), T (2), B (0), B (1), B (2)]; Result := Success;
      |                                         ^~~~
      + provers reached time limit before completing the proof

 medium: range check might fail
--> mj-full_contacts.adb:19:45
   19 |          Frame := [N (0), N (1), N (2), T (0), T (1), T (2), B (0), B (1), B (2)]; Result := Success;
      |                                                ^~~~
      + provers gave up before completing the proof

 medium: range check might fail
--> mj-full_contacts.adb:19:52
   19 |          Frame := [N (0), N (1), N (2), T (0), T (1), T (2), B (0), B (1), B (2)]; Result := Success;
      |                                                       ^~~~
      + provers gave up before completing the proof

 medium: range check might fail
--> mj-full_contacts.adb:19:59
   19 |          Frame := [N (0), N (1), N (2), T (0), T (1), T (2), B (0), B (1), B (2)]; Result := Success;
      |                                                              ^~~~
      + provers reached time limit before completing the proof

 medium: range check might fail
--> mj-full_contacts.adb:19:66
   19 |          Frame := [N (0), N (1), N (2), T (0), T (1), T (2), B (0), B (1), B (2)]; Result := Success;
      |                                                                     ^~~~
      + provers gave up before completing the proof

 medium: range check might fail
--> mj-full_contacts.adb:19:73
   19 |          Frame := [N (0), N (1), N (2), T (0), T (1), T (2), B (0), B (1), B (2)]; Result := Success;
      |                                                                            ^~~~
      + provers gave up before completing the proof

 info: initialization of "F" proved
--> mj-full_contacts.adb:24:07

 info: precondition proved
--> mj-full_contacts.adb:28:10

 info: initialization check proved
--> mj-full_contacts.adb:28:33

 info: initialization check proved
--> mj-full_contacts.adb:28:53

 info: initialization check proved
--> mj-full_contacts.adb:32:35

 info: initialization check proved
--> mj-full_contacts.adb:33:34

 info: predicate check proved
--> mj-full_contacts.adb:33:91

 info: overflow check proved
--> mj-full_contacts.adb:35:26

 info: range check proved
--> mj-full_contacts.adb:35:26

 info: loop invariant preservation proved
--> mj-full_contacts.adb:36:33

 info: loop invariant initialization proved
--> mj-full_contacts.adb:36:33

 info: overflow check proved
--> mj-full_contacts.adb:36:69

 info: loop invariant initialization proved
--> mj-full_contacts.adb:37:33

 medium: loop invariant might not be preserved by an arbitrary iteration, cannot prove Full.Items (J)'Initialized
--> mj-full_contacts.adb:37:56
   37 |             pragma Loop_Invariant (for all J in 0 .. I => Full.Items (J)'Initialized);
      |                                                           ^~~~~~~~~~~~~~~~~~~~~~~~~~
      + provers reached time limit before completing the proof

 info: index check proved
--> mj-full_contacts.adb:37:68

 info: loop invariant initialization proved
--> mj-full_contacts.adb:38:33

 info: index check proved
--> mj-full_contacts.adb:39:24

 info: initialization check proved
--> mj-full_contacts.adb:39:26

 info: index check proved
--> mj-full_contacts.adb:39:47

 info: initialization check proved
--> mj-full_contacts.adb:39:49

 info: index check proved
--> mj-full_contacts.adb:39:75

 info: initialization check proved
--> mj-full_contacts.adb:39:77

 info: index check proved
--> mj-full_contacts.adb:39:98

 info: initialization check proved
--> mj-full_contacts.adb:39:100

 medium: loop invariant might not be preserved by an arbitrary iteration, cannot prove Full.Items (J).Param = P
--> mj-full_contacts.adb:40:16
   40 |               and Full.Items (J).Param = P and Full.Items (J).Geoms = Geoms
      |                   ^~~~~~~~~~~~~~~~~~~~~~~~
      + provers reached time limit before completing the proof

 info: index check proved
--> mj-full_contacts.adb:40:28

 medium: initialization check might fail
--> mj-full_contacts.adb:40:30
   40 |               and Full.Items (J).Param = P and Full.Items (J).Geoms = Geoms
      |                   ~~~~~~~~~~~~~~^~~~~~
      + provers reached time limit before completing the proof

 info: index check proved
--> mj-full_contacts.adb:40:57

 info: initialization check proved
--> mj-full_contacts.adb:40:59

 info: index check proved
--> mj-full_contacts.adb:41:28

 info: initialization check proved
--> mj-full_contacts.adb:41:30

 info: index check proved
--> mj-full_contacts.adb:41:52

 info: initialization check proved
--> mj-full_contacts.adb:41:54

 info: index check proved
--> mj-full_contacts.adb:42:28

 info: initialization check proved
--> mj-full_contacts.adb:42:30

 info: index check proved
--> mj-full_contacts.adb:42:50

 info: initialization check proved
--> mj-full_contacts.adb:42:52

 info: index check proved
--> mj-full_contacts.adb:43:28

 info: initialization check proved
--> mj-full_contacts.adb:43:30

 info: index check proved
--> mj-full_contacts.adb:43:64

 info: initialization check proved
--> mj-full_contacts.adb:43:66

 info: index check proved
--> mj-full_contacts.adb:44:42

 info: initialization check proved
--> mj-full_contacts.adb:44:56

 info: implicit aspect Always_Terminates on "Scale_Normal" has been proved, subprogram will terminate
--> mj-full_contacts.ads:27:13

 info: data dependencies proved
--> mj-full_contacts.ads:28:19

 info: postcondition proved
--> mj-full_contacts.ads:30:16

 info: float overflow check proved
--> mj-full_contacts.ads:31:50

 info: division check proved
--> mj-full_contacts.ads:31:55

 info: float overflow check proved
--> mj-full_contacts.ads:31:55

 info: initialization of "Frame" proved
--> mj-full_contacts.ads:32:49

 info: initialization of "Result" proved
--> mj-full_contacts.ads:32:69

 info: data dependencies proved
--> mj-full_contacts.ads:33:11

 info: initialization of "Result" proved
--> mj-full_contacts.ads:37:67

 info: data dependencies proved
--> mj-full_contacts.ads:38:11

 info: initialization check proved
--> mj-full_contacts.ads:40:81

 info: index check proved
--> mj-full_contacts.ads:40:89

 info: postcondition proved
--> mj-full_contacts.ads:41:16

 info: index check proved
--> mj-full_contacts.ads:43:69

 info: index check proved
--> mj-full_contacts.ads:44:36

 info: initialization check proved
--> mj-full_contacts.ads:44:38

 info: index check proved
--> mj-full_contacts.ads:44:59

 info: initialization check proved
--> mj-full_contacts.ads:44:61

 info: index check proved
--> mj-full_contacts.ads:45:30

 info: initialization check proved
--> mj-full_contacts.ads:45:32

 info: index check proved
--> mj-full_contacts.ads:45:53

 info: initialization check proved
--> mj-full_contacts.ads:45:55

 info: index check proved
--> mj-full_contacts.ads:46:30

 info: initialization check proved
--> mj-full_contacts.ads:46:32

 info: index check proved
--> mj-full_contacts.ads:46:59

 info: initialization check proved
--> mj-full_contacts.ads:46:61

 info: index check proved
--> mj-full_contacts.ads:47:30

 info: initialization check proved
--> mj-full_contacts.ads:47:32

 info: index check proved
--> mj-full_contacts.ads:47:54

 info: initialization check proved
--> mj-full_contacts.ads:47:56

 info: index check proved
--> mj-full_contacts.ads:48:30

 info: initialization check proved
--> mj-full_contacts.ads:48:32

 info: index check proved
--> mj-full_contacts.ads:48:52

 info: initialization check proved
--> mj-full_contacts.ads:48:54

 info: index check proved
--> mj-full_contacts.ads:49:30

 info: initialization check proved
--> mj-full_contacts.ads:49:32

 info: index check proved
--> mj-full_contacts.ads:49:66

 info: initialization check proved
--> mj-full_contacts.ads:49:68

 info: index check proved
--> mj-full_contacts.ads:50:44

 info: initialization check proved
--> mj-full_contacts.ads:50:58
Summary logged in /var/tmp/sparkling-contact-followup-frame-finaldiag-20261001/whole/validation/obj/gnatprove/gnatprove.out
gnatprove: unproved check messages considered as errors
guarded: elapsed 62.7 s, peak group RSS 311 MB
