Phase 1 of 3: generation of data representation information ...
Phase 2 of 3: generation of Global contracts ...
Phase 3 of 3: flow analysis and proof ...
Success: all checks proved (25 checks).
Summary logged in /var/tmp/sparkling-actuators-20260930/final-small-combine/build/validation/obj/gnatprove/gnatprove.out
guarded: elapsed 7.1 s, peak group RSS 154 MB
 info: range check proved
--> mj-transmissions.adb:88:35

 info: range check proved
--> mj-transmissions.adb:88:67

 info: range check proved
--> mj-transmissions.adb:89:35

 info: range check proved
--> mj-transmissions.adb:89:67

 info: float overflow check proved
--> mj-transmissions.adb:90:35

 info: range check proved
--> mj-transmissions.adb:90:35

 info: float overflow check proved
--> mj-transmissions.adb:91:35

 info: range check proved
--> mj-transmissions.adb:91:35

 info: float overflow check proved
--> mj-transmissions.adb:92:19

 info: range check proved
--> mj-transmissions.adb:92:19

 info: implicit aspect Always_Terminates on "Combine" has been proved, subprogram will terminate
--> mj-transmissions.ads:86:13

 info: range check proved
--> mj-transmissions.ads:87:54

 info: float overflow check proved
--> mj-transmissions.ads:87:61

 info: range check proved
--> mj-transmissions.ads:88:31

 info: float overflow check proved
--> mj-transmissions.ads:88:38

 info: range check proved
--> mj-transmissions.ads:88:72

 info: float overflow check proved
--> mj-transmissions.ads:88:79

 info: range check proved
--> mj-transmissions.ads:89:31

 info: float overflow check proved
--> mj-transmissions.ads:89:38

 info: postcondition proved
--> mj-transmissions.ads:90:14

 info: float overflow check proved
--> mj-transmissions.ads:90:32

 info: float overflow check proved
--> mj-transmissions.ads:90:36

 info: float overflow check proved
--> mj-transmissions.ads:90:40

 info: range check proved
--> mj-transmissions.ads:91:44

 info: float overflow check proved
--> mj-transmissions.ads:91:52
