Setup
   [mkdir]        object directory for project Flex_State
   [mkdir]        exec directory for project Flex_State
Compile
   [Ada]          flex_shell_state_probe.adb
   [Ada]          flex_shell_endpoint_probe.adb
   [Ada]          flex_nodal_endpoint_probe.adb
   [Ada]          mj.ads
   [Ada]          mj-contact_geometry.adb
   [Ada]          mj-data.adb
   [Ada]          mj-data-flex_adapter.adb
   [Ada]          mj-data-kinematics.adb
   [Ada]          mj-fields.ads
   [Ada]          mj-file_io.adb
   [Ada]          mj-flex_state.adb
   [Ada]          mj-mjb.adb
   [Ada]          mj-models.adb
   [Ada]          mj-rigid_geometry.ads
   [Ada]          mj-types.ads
   [Ada]          mj-flex_state-shell_contacts.adb
   [Ada]          mj-flex_state-nodal_contacts.adb
   [Ada]          mj-data-fluid_phase.adb
   [Ada]          mj-manifold_math.adb
   [Ada]          mj-mocap_kernels.adb
   [Ada]          mj-models-validity.ads
   [Ada]          mj-simple_kernels.adb
   [Ada]          mj-activation.adb
   [Ada]          mj-ancestor_rows.adb
   [Ada]          mj-bounds_kernels.adb
   [Ada]          mj-fluid_kernels.adb
   [Ada]          mj-smooth_actuation.adb
   [Ada]          mj-smooth_kernels.adb
   [Ada]          mj-smooth_math.adb
   [Ada]          mj-smooth_topology.adb
   [Ada]          mj-spatial_tendon_models.adb
   [Ada]          mj-data-pipeline.adb
   [Ada]          mj-collision_scene.adb
   [Ada]          mj-flex_shell_geometry.adb
   [Ada]          mj-flex_shell_weights.adb
   [Ada]          mj-flex_state_kernels.adb
   [Ada]          mj-heightfield_contacts.adb
   [Ada]          mj-sdf_fields.adb
   [Ada]          mj-sdf_kernels.adb
   [Ada]          mj-builtin_flex.ads
   [Ada]          mj-bvh.adb
mj-bvh.adb:642:30: warning: "Proj" may be referenced before it has a value [enabled by default]
mj-bvh.adb:643:30: warning: "Radius" may be referenced before it has a value [enabled by default]
   [Ada]          mj-constrained_assets.adb
   [Ada]          mj-contact_parameters.adb
   [Ada]          mj-convex_contacts.adb
   [Ada]          mj-flex_collisions.adb
   [Ada]          mj-flex_interpolation.adb
   [Ada]          mj-full_contacts.adb
   [Ada]          mj-sdf_scene.adb
   [Ada]          mj-bytes.adb
   [Ada]          mj-fixed.ads
   [Ada]          mj-mjb-readers.adb
   [Ada]          mj-validation.adb
   [Ada]          mj-flex_shell_node_weights.adb
   [Ada]          mj-flex_node_weights.adb
   [Ada]          mj-data-fluid_tree.adb
   [Ada]          mj-fluid_metadata.adb
   [Ada]          mj-smooth_dynamics.adb
   [Ada]          mj-spatial_kernels.adb
   [Ada]          mj-spatial_dynamics.adb
   [Ada]          mj-trigonometry.adb
   [Ada]          mj-models-gen_clauses.ads
   [Ada]          mj-fluid_added_mass.adb
   [Ada]          mj-fluid_lift.adb
   [Ada]          mj-fluid_projection.adb
   [Ada]          mj-fluid_box.adb
   [Ada]          mj-fluid_geometry.adb
   [Ada]          mj-muscle_actuation.adb
   [Ada]          mj-tendon_geometry.adb
   [Ada]          mj-tendon_vectors.adb
   [Ada]          mj-spatial_tendons.adb
   [Ada]          mj-tendon_kernels.adb
   [Ada]          mj-data-actuation_phase.adb
   [Ada]          mj-data-forces_phase.adb
   [Ada]          mj-data-inertia_phase.adb
   [Ada]          mj-data-jacobians.adb
   [Ada]          mj-pose_arithmetic.adb
mj-pose_arithmetic.adb:174:43: warning: value conversion implemented by copy [enabled by default]
mj-pose_arithmetic.adb:174:43: warning: use pair of types with same root type [enabled by default]
mj-pose_arithmetic.adb:174:43: warning: to avoid new object in RM 4.6(58.5/5) [enabled by default]
mj-pose_arithmetic.adb:174:72: warning: value conversion implemented by copy [enabled by default]
mj-pose_arithmetic.adb:174:72: warning: use pair of types with same root type [enabled by default]
mj-pose_arithmetic.adb:174:72: warning: to avoid new object in RM 4.6(58.5/5) [enabled by default]
   [Ada]          mj-external_forces.adb
   [Ada]          mj-collision_contacts.adb
   [Ada]          mj-convex_assets.adb
   [Ada]          mj-contact_incidence.adb
   [Ada]          mj-rigid_detector.adb
   [Ada]          mj-rigid_math.adb
   [Ada]          mj-flex_driver.adb
   [Ada]          mj-sdf_collisions.adb
   [Ada]          mj-sdf_provider.adb
   [Ada]          mj-collision_poses.adb
   [Ada]          mj-constrained_asset_kernels.adb
   [Ada]          mj-contact_features.adb
   [Ada]          mj-contact_inflation.adb
   [Ada]          mj-rigid_simplex.adb
   [Ada]          mj-rigid_support.adb
   [Ada]          mj-advanced_contacts.adb
   [Ada]          mj-collision_sap.adb
mj-collision_sap.adb:23:58: warning: "Events" may be referenced before it has a value [enabled by default]
   [Ada]          mj-flex_kernels.adb
   [Ada]          mj-flex_normals.adb
   [Ada]          mj-flex_terrain.adb
   [Ada]          mj-primitive_contacts.adb
   [Ada]          mj-admitted_flex.ads
   [Ada]          mj-admitted_sdf.ads
   [Ada]          mj-fluid_transport.adb
   [Ada]          mj-muscle_kernels.adb
   [Ada]          mj-data-manifold_actuation.adb
   [Ada]          mj-data-spatial.adb
   [Ada]          mj-data-spatial_tendon_phase.adb
   [Ada]          mj-fused_rne.adb
   [Ada]          mj-spatial_storage.adb
   [Ada]          mj-data-external_loads.adb
   [Ada]          mj-data-mass_publication.adb
   [Ada]          mj-solver_kernels.adb
   [Ada]          mj-solver_reductions.adb
   [Ada]          mj-quaternions.adb
   [Ada]          mj-rotations.adb
   [Ada]          mj-rigid_narrowphase.adb
   [Ada]          mj-rigid_bvh.adb
   [Ada]          mj-contact_perturbations.adb
   [Ada]          mj-rigid_primitives.adb
   [Ada]          mj-blas.adb
   [Ada]          mj-matrix_types.adb
   [Ada]          mj-quaternion_math.ads
   [Ada]          mj-matrices.adb
   [Ada]          mj-rigid_ccd.adb
   [Ada]          mj-vector_models.adb
   [Ada]          mj-matrix_models.adb
Bind
   [gprbind]      flex_shell_state_probe.bexch
   [Ada]          flex_shell_state_probe.ali
   [gprbind]      flex_shell_endpoint_probe.bexch
   [Ada]          flex_shell_endpoint_probe.ali
   [gprbind]      flex_nodal_endpoint_probe.bexch
   [Ada]          flex_nodal_endpoint_probe.ali
Link
   [link]         flex_shell_state_probe.adb
   [link]         flex_shell_endpoint_probe.adb
   [link]         flex_nodal_endpoint_probe.adb
guarded: elapsed 58.5 s, peak group RSS 329 MB
