Phase 1 of 3: generation of data representation information ...
Phase 2 of 3: generation of Global contracts ...
Phase 3 of 3: flow analysis and proof ...
 info: data dependencies proved
--> mj-flex_state-shell_contacts.adb:7:28

 info: range check proved
--> mj-flex_state-shell_contacts.adb:9:69

 info: postcondition proved
--> mj-flex_state-shell_contacts.adb:10:16

 info: range check proved
--> mj-flex_state-shell_contacts.adb:14:69

 info: assertion proved
--> mj-flex_state-shell_contacts.adb:15:28

 info: loop invariant initialization proved
--> mj-flex_state-shell_contacts.adb:17:33

 info: loop invariant preservation proved
--> mj-flex_state-shell_contacts.adb:17:33

 info: index check proved
--> mj-flex_state-shell_contacts.adb:17:75

 info: data dependencies proved
--> mj-flex_state-shell_contacts.adb:22:28

 info: postcondition proved
--> mj-flex_state-shell_contacts.adb:24:16

 info: assertion proved
--> mj-flex_state-shell_contacts.adb:27:32

 info: assertion proved
--> mj-flex_state-shell_contacts.adb:28:32

 info: assertion proved
--> mj-flex_state-shell_contacts.adb:29:32

 info: initialization of "Coord" proved
--> mj-flex_state-shell_contacts.adb:35:07

 info: initialization of "Local" proved
--> mj-flex_state-shell_contacts.adb:35:14

 info: initialization of "Indices" proved
--> mj-flex_state-shell_contacts.adb:37:07

 info: initialization of "Basis" proved
--> mj-flex_state-shell_contacts.adb:38:07

 info: initialization of "Grid" proved
--> mj-flex_state-shell_contacts.adb:39:07

 info: initialization of "Candidate" proved
--> mj-flex_state-shell_contacts.adb:40:07

 info: index check proved
--> mj-flex_state-shell_contacts.adb:47:48

 info: index check proved
--> mj-flex_state-shell_contacts.adb:48:13

 info: index check proved
--> mj-flex_state-shell_contacts.adb:51:30

 info: index check proved
--> mj-flex_state-shell_contacts.adb:51:47

 info: index check proved
--> mj-flex_state-shell_contacts.adb:52:35

 info: range check proved
--> mj-flex_state-shell_contacts.adb:52:44

 info: index check proved
--> mj-flex_state-shell_contacts.adb:52:48

 info: index check proved
--> mj-flex_state-shell_contacts.adb:52:68

 info: index check proved
--> mj-flex_state-shell_contacts.adb:56:32

 info: index check proved
--> mj-flex_state-shell_contacts.adb:59:27

 info: index check proved
--> mj-flex_state-shell_contacts.adb:59:36

 info: index check proved
--> mj-flex_state-shell_contacts.adb:60:39

 info: loop invariant initialization proved
--> mj-flex_state-shell_contacts.adb:64:15

 info: loop invariant preservation proved
--> mj-flex_state-shell_contacts.adb:64:15

 info: unrolling loop [info-unrolling-inlining]
--> mj-flex_state-shell_contacts.adb:66:27

 info: precondition proved
--> mj-flex_state-shell_contacts.adb:67:28

 info: precondition proved
--> mj-flex_state-shell_contacts.adb:72:12

 info: index check proved
--> mj-flex_state-shell_contacts.adb:72:28

 info: range check proved
--> mj-flex_state-shell_contacts.adb:72:37

 info: index check proved
--> mj-flex_state-shell_contacts.adb:72:41

 info: precondition proved
--> mj-flex_state-shell_contacts.adb:73:10

 info: index check proved
--> mj-flex_state-shell_contacts.adb:73:31

 info: index check proved
--> mj-flex_state-shell_contacts.adb:75:31

 info: loop invariant initialization proved
--> mj-flex_state-shell_contacts.adb:76:46

 info: loop invariant preservation proved
--> mj-flex_state-shell_contacts.adb:76:46

 info: index check proved
--> mj-flex_state-shell_contacts.adb:76:79

 info: index check proved
--> mj-flex_state-shell_contacts.adb:76:84

 info: precondition proved
--> mj-flex_state-shell_contacts.adb:78:12

 info: range check proved
--> mj-flex_state-shell_contacts.adb:78:27

 info: index check proved
--> mj-flex_state-shell_contacts.adb:78:31

 info: index check proved
--> mj-flex_state-shell_contacts.adb:79:39

 info: index check proved
--> mj-flex_state-shell_contacts.adb:79:57

 info: range check proved
--> mj-flex_state-shell_contacts.adb:79:66

 info: precondition proved
--> mj-flex_state-shell_contacts.adb:80:10

 info: index check proved
--> mj-flex_state-shell_contacts.adb:80:27

 info: range check proved
--> mj-flex_state-shell_contacts.adb:80:36

 info: index check proved
--> mj-flex_state-shell_contacts.adb:80:40

 info: precondition proved
--> mj-flex_state-shell_contacts.adb:81:36

 info: index check proved
--> mj-flex_state-shell_contacts.adb:82:19

 info: range check proved
--> mj-flex_state-shell_contacts.adb:82:20

 info: index check proved
--> mj-flex_state-shell_contacts.adb:82:39

 info: range check proved
--> mj-flex_state-shell_contacts.adb:83:39

 info: range check proved
--> mj-flex_state-shell_contacts.adb:83:56

 info: index check proved
--> mj-flex_state-shell_contacts.adb:83:60

 info: loop invariant initialization proved
--> mj-flex_state-shell_contacts.adb:92:13

 info: loop invariant preservation proved
--> mj-flex_state-shell_contacts.adb:92:13

 info: index check proved
--> mj-flex_state-shell_contacts.adb:92:53

 info: initialization of "Value" proved
--> mj-flex_state-shell_contacts.ads:14:06

 info: initialization of "Result" proved
--> mj-flex_state-shell_contacts.ads:14:31

 info: data dependencies proved
--> mj-flex_state-shell_contacts.ads:15:11

 info: postcondition proved
--> mj-flex_state-shell_contacts.ads:16:16

 info: index check proved
--> mj-flex_state-shell_contacts.ads:19:27
Success: all checks proved (70 checks).
Summary logged in /var/tmp/sparkling-recovery-shell-endpoint2-20261003/proof/whole/validation/obj/gnatprove/gnatprove.out
guarded: elapsed 79.2 s, peak group RSS 510 MB
