Phase 1 of 3: generation of data representation information ...
Phase 2 of 3: generation of Global contracts ...
Phase 3 of 3: flow analysis and proof ...
mj-activation.adb:4:30: info: float overflow check proved
mj-activation.adb:4:30: info: range check proved
mj-activation.adb:4:30: info: division check proved
mj-activation.adb:5:07: info: initialization of "E" proved
mj-activation.adb:13:48: info: range check proved
mj-activation.adb:15:53: low: overflow check might fail [reason for check: value must fit in a 64-bits machine integer] [possible explanation: the check might be unprovable due to proof limitations; use --info for more information] [provers reached time limit before completing the proof]
mj-activation.adb:17:44: info: float overflow check proved
mj-activation.adb:17:44: info: range check proved
mj-activation.adb:25:36: info: range check proved
mj-activation.adb:32:07: info: initialization of "Candidate" proved
mj-activation.adb:37:23: info: precondition proved
mj-activation.adb:40:18: info: range check proved
mj-activation.ads:10:13: info: implicit aspect Always_Terminates on "Exact_Factor" has been proved, subprogram will terminate
mj-activation.ads:11:11: info: data dependencies proved
mj-activation.ads:14:13: info: implicit aspect Always_Terminates on "Derivative" has been proved, subprogram will terminate
mj-activation.ads:16:41: info: float overflow check proved
mj-activation.ads:16:48: info: float overflow check proved
mj-activation.ads:16:48: info: range check proved
mj-activation.ads:16:48: info: division check proved
mj-activation.ads:16:60: info: data dependencies proved
mj-activation.ads:17:13: info: implicit aspect Always_Terminates on "Raw_Next" has been proved, subprogram will terminate
mj-activation.ads:20:42: info: float overflow check proved
mj-activation.ads:20:42: info: range check proved
mj-activation.ads:20:49: info: float overflow check proved
mj-activation.ads:20:56: info: float overflow check proved
mj-activation.ads:21:16: info: float overflow check proved
mj-activation.ads:21:16: info: range check proved
mj-activation.ads:21:22: info: float overflow check proved
mj-activation.ads:21:32: info: data dependencies proved
mj-activation.ads:22:13: info: implicit aspect Always_Terminates on "Next_Value" has been proved, subprogram will terminate
mj-activation.ads:25:11: info: data dependencies proved
mj-activation.ads:26:14: info: postcondition proved
mj-activation.ads:33:07: info: initialization of "Dot" proved
mj-activation.ads:33:23: info: initialization of "Next" proved
mj-activation.ads:33:29: info: initialization of "Drive" proved
mj-activation.ads:33:53: info: initialization of "Ok" proved
mj-activation.ads:34:11: info: data dependencies proved
mj-activation.ads:35:14: info: postcondition proved
mj-activation.ads:37:10: info: precondition proved
mj-activation.ads:39:10: info: precondition proved
Summary logged in /tmp/sparkling-smooth-fragments-wn4zodr5/mj-activation-obj/gnatprove/gnatprove.out
gnatprove: unproved check messages considered as errors
guarded: elapsed 18.6 s, peak group RSS 158 MB
