Phase 1 of 3: generation of data representation information ...
Phase 2 of 3: generation of Global contracts ...
Phase 3 of 3: flow analysis and proof ...
 info: implicit aspect Always_Terminates on "Determinant" has been proved, subprogram will terminate
--> mj-tendon_geometry.adb:54:13

 info: postcondition proved
--> mj-tendon_geometry.adb:57:14

 info: float overflow check proved
--> mj-tendon_geometry.adb:57:37

 info: float overflow check proved
--> mj-tendon_geometry.adb:57:41

 info: float overflow check proved
--> mj-tendon_geometry.adb:57:45

 info: float overflow check proved
--> mj-tendon_geometry.adb:59:56

 info: range check proved
--> mj-tendon_geometry.adb:59:56

 info: float overflow check proved
--> mj-tendon_geometry.adb:60:56

 info: range check proved
--> mj-tendon_geometry.adb:60:56

 info: float overflow check proved
--> mj-tendon_geometry.adb:62:16

 info: range check proved
--> mj-tendon_geometry.adb:62:16

 info: no contextual analysis of "Inside" (in potentially unevaluated context)
--> mj-tendon_geometry.adb:278:57

 info: no contextual analysis of "Circle" (in potentially unevaluated context)
--> mj-tendon_geometry.adb:279:18
Success: all checks proved (11 checks).
Summary logged in /var/tmp/sparkling-spatial-tendons-20260930/kernel-proof-source-meux34_z/build/mj-tendon_geometry-Determinant/validation/obj/gnatprove/gnatprove.out
guarded: elapsed 5.5 s, peak group RSS 154 MB
