Phase 1 of 3: generation of data representation information ...
Phase 2 of 3: generation of Global contracts ...
Phase 3 of 3: flow analysis and proof ...
 info: float overflow check proved
--> mj-tendon_vectors.adb:18:14

 info: float overflow check proved
--> mj-tendon_vectors.adb:18:22

 info: float overflow check proved
--> mj-tendon_vectors.adb:18:30

 info: float overflow check proved
--> mj-tendon_vectors.adb:19:14

 info: float overflow check proved
--> mj-tendon_vectors.adb:19:22

 info: float overflow check proved
--> mj-tendon_vectors.adb:19:30

 info: float overflow check proved
--> mj-tendon_vectors.adb:20:14

 info: float overflow check proved
--> mj-tendon_vectors.adb:20:22

 info: float overflow check proved
--> mj-tendon_vectors.adb:20:30

 info: implicit aspect Always_Terminates on "Cross" has been proved, subprogram will terminate
--> mj-tendon_vectors.ads:41:13

 info: postcondition proved
--> mj-tendon_vectors.ads:43:14

 info: float overflow check proved
--> mj-tendon_vectors.ads:44:15

 info: float overflow check proved
--> mj-tendon_vectors.ads:44:23

 info: float overflow check proved
--> mj-tendon_vectors.ads:44:31

 info: float overflow check proved
--> mj-tendon_vectors.ads:45:15

 info: float overflow check proved
--> mj-tendon_vectors.ads:45:23

 info: float overflow check proved
--> mj-tendon_vectors.ads:45:31

 info: float overflow check proved
--> mj-tendon_vectors.ads:46:15

 info: float overflow check proved
--> mj-tendon_vectors.ads:46:23

 info: float overflow check proved
--> mj-tendon_vectors.ads:46:31
Success: all checks proved (20 checks).
Summary logged in /var/tmp/sparkling-spatial-tendons-20260930/kernel-proof-source-meux34_z/build/mj-tendon_vectors-Cross/validation/obj/gnatprove/gnatprove.out
guarded: elapsed 11.6 s, peak group RSS 184 MB
