Phase 1 of 3: generation of data representation information ...
Phase 2 of 3: generation of Global contracts ...
Phase 3 of 3: flow analysis and proof ...
 info: float overflow check proved
--> mj-tendon_vectors.adb:10:37

 info: range check proved
--> mj-tendon_vectors.adb:10:37

 info: float overflow check proved
--> mj-tendon_vectors.adb:11:37

 info: range check proved
--> mj-tendon_vectors.adb:11:37

 info: float overflow check proved
--> mj-tendon_vectors.adb:12:37

 info: range check proved
--> mj-tendon_vectors.adb:12:37

 info: float overflow check proved
--> mj-tendon_vectors.adb:13:57

 info: range check proved
--> mj-tendon_vectors.adb:13:57

 info: float overflow check proved
--> mj-tendon_vectors.adb:15:17

 info: implicit aspect Always_Terminates on "Dot" has been proved, subprogram will terminate
--> mj-tendon_vectors.ads:38:13

 info: postcondition proved
--> mj-tendon_vectors.ads:40:25

 info: precondition proved
--> mj-tendon_vectors.ads:40:38
Success: all checks proved (12 checks).
Summary logged in /var/tmp/sparkling-spatial-tendons-20260930/kernel-proof-source-meux34_z/build/mj-tendon_vectors-Dot/validation/obj/gnatprove/gnatprove.out
guarded: elapsed 6.1 s, peak group RSS 161 MB
