Phase 1 of 3: generation of data representation information ...
Phase 2 of 3: generation of Global contracts ...
Phase 3 of 3: flow analysis and proof ...
Success: all checks proved (57 checks).
Summary logged in /var/tmp/sparkling-assembly-closure-20261002/contact-values-chain/build/validation/obj/gnatprove/gnatprove.out
guarded: elapsed 60.8 s, peak group RSS 276 MB
 info: data dependencies proved
--> mj-constraint_assembly.adb:85:23

 info: range check proved
--> mj-constraint_assembly.adb:87:43

 info: index check proved
--> mj-constraint_assembly.adb:90:13

 info: index check proved
--> mj-constraint_assembly.adb:90:17

 info: range check proved
--> mj-constraint_assembly.adb:92:25

 info: overflow check proved
--> mj-constraint_assembly.adb:94:22

 info: overflow check proved
--> mj-constraint_assembly.adb:94:49

 info: range check proved
--> mj-constraint_assembly.adb:94:56

 info: overflow check proved
--> mj-constraint_assembly.adb:96:26

 info: overflow check proved
--> mj-constraint_assembly.adb:96:36

 info: range check proved
--> mj-constraint_assembly.adb:96:43

 info: overflow check proved
--> mj-constraint_assembly.adb:96:52

 info: index check proved
--> mj-constraint_assembly.adb:96:52

 info: index check proved
--> mj-constraint_assembly.adb:96:69

 info: index check proved
--> mj-constraint_assembly.adb:96:72

 info: index check proved
--> mj-constraint_assembly.adb:98:20

 info: index check proved
--> mj-constraint_assembly.adb:98:23

 info: precondition proved
--> mj-constraint_assembly.adb:98:28

 info: range check proved
--> mj-constraint_assembly.adb:98:64

 info: postcondition proved
--> mj-constraint_assembly.adb:99:14

 info: overflow check proved
--> mj-constraint_assembly.adb:100:24

 info: overflow check proved
--> mj-constraint_assembly.adb:100:34

 info: range check proved
--> mj-constraint_assembly.adb:100:41

 info: overflow check proved
--> mj-constraint_assembly.adb:100:50

 info: index check proved
--> mj-constraint_assembly.adb:100:50

 info: precondition proved
--> mj-constraint_assembly.adb:101:10

 info: range check proved
--> mj-constraint_assembly.adb:101:46

 info: assertion proved
--> mj-constraint_assembly.adb:106:28

 info: overflow check proved
--> mj-constraint_assembly.adb:106:44

 info: overflow check proved
--> mj-constraint_assembly.adb:106:54

 info: range check proved
--> mj-constraint_assembly.adb:106:61

 info: overflow check proved
--> mj-constraint_assembly.adb:106:70

 info: index check proved
--> mj-constraint_assembly.adb:106:70

 info: index check proved
--> mj-constraint_assembly.adb:106:87

 info: index check proved
--> mj-constraint_assembly.adb:106:90

 info: assertion proved
--> mj-constraint_assembly.adb:107:28

 info: index check proved
--> mj-constraint_assembly.adb:107:38

 info: index check proved
--> mj-constraint_assembly.adb:107:41

 info: precondition proved
--> mj-constraint_assembly.adb:107:46

 info: range check proved
--> mj-constraint_assembly.adb:107:82

 info: loop invariant initialization proved
--> mj-constraint_assembly.adb:108:36

 info: loop invariant preservation proved
--> mj-constraint_assembly.adb:108:36

 info: overflow check proved
--> mj-constraint_assembly.adb:109:31

 info: overflow check proved
--> mj-constraint_assembly.adb:109:41

 info: range check proved
--> mj-constraint_assembly.adb:109:48

 info: overflow check proved
--> mj-constraint_assembly.adb:109:57

 info: index check proved
--> mj-constraint_assembly.adb:109:57

 info: precondition proved
--> mj-constraint_assembly.adb:110:17

 info: loop invariant initialization proved
--> mj-constraint_assembly.adb:112:33

 info: loop invariant preservation proved
--> mj-constraint_assembly.adb:112:33

 info: overflow check proved
--> mj-constraint_assembly.adb:113:28

 info: overflow check proved
--> mj-constraint_assembly.adb:113:38

 info: range check proved
--> mj-constraint_assembly.adb:113:45

 info: overflow check proved
--> mj-constraint_assembly.adb:113:54

 info: index check proved
--> mj-constraint_assembly.adb:113:54

 info: precondition proved
--> mj-constraint_assembly.adb:114:14

 info: range check proved
--> mj-constraint_assembly.adb:114:50
