Phase 1 of 3: generation of data representation information ...
Phase 2 of 3: generation of Global contracts ...
Phase 3 of 3: flow analysis and proof ...
Success: all checks proved (42 checks).
Summary logged in /var/tmp/sparkling-actuators-20260930/final-small-project/build/validation/obj/gnatprove/gnatprove.out
guarded: elapsed 15.3 s, peak group RSS 248 MB
 info: assertion proved
--> mj-transmissions.adb:127:25

 info: index check proved
--> mj-transmissions.adb:127:57

 info: index check proved
--> mj-transmissions.adb:127:67

 info: assertion proved
--> mj-transmissions.adb:128:25

 info: index check proved
--> mj-transmissions.adb:128:39

 info: index check proved
--> mj-transmissions.adb:128:45

 info: index check proved
--> mj-transmissions.adb:128:74

 info: index check proved
--> mj-transmissions.adb:128:80

 info: index check proved
--> mj-transmissions.adb:129:24

 info: range check proved
--> mj-transmissions.adb:129:48

 info: index check proved
--> mj-transmissions.adb:129:62

 info: range check proved
--> mj-transmissions.adb:129:73

 info: loop invariant initialization proved
--> mj-transmissions.adb:130:33

 info: loop invariant preservation proved
--> mj-transmissions.adb:130:33

 info: index check proved
--> mj-transmissions.adb:131:47

 info: index check proved
--> mj-transmissions.adb:131:72

 info: index check proved
--> mj-transmissions.adb:131:99

 info: loop invariant initialization proved
--> mj-transmissions.adb:132:33

 info: loop invariant preservation proved
--> mj-transmissions.adb:132:33

 info: index check proved
--> mj-transmissions.adb:133:26

 info: index check proved
--> mj-transmissions.adb:133:32

 info: index check proved
--> mj-transmissions.adb:133:61

 info: index check proved
--> mj-transmissions.adb:133:67

 info: float overflow check proved
--> mj-transmissions.adb:133:70

 info: index check proved
--> mj-transmissions.adb:133:78

 info: float overflow check proved
--> mj-transmissions.adb:133:80

 info: loop invariant initialization proved
--> mj-transmissions.adb:134:33

 info: loop invariant preservation proved
--> mj-transmissions.adb:134:33

 info: index check proved
--> mj-transmissions.adb:134:80

 info: range check proved
--> mj-transmissions.ads:132:37

 info: postcondition proved
--> mj-transmissions.ads:134:14

 info: index check proved
--> mj-transmissions.ads:135:57

 info: index check proved
--> mj-transmissions.ads:135:82

 info: index check proved
--> mj-transmissions.ads:135:102

 info: index check proved
--> mj-transmissions.ads:137:24

 info: index check proved
--> mj-transmissions.ads:137:30

 info: index check proved
--> mj-transmissions.ads:137:52

 info: index check proved
--> mj-transmissions.ads:137:58

 info: float overflow check proved
--> mj-transmissions.ads:137:61

 info: index check proved
--> mj-transmissions.ads:137:69

 info: float overflow check proved
--> mj-transmissions.ads:137:71
