Phase 1 of 3: generation of data representation information ...
Phase 2 of 3: generation of Global contracts ...
Phase 3 of 3: flow analysis and proof ...
mj-data-fluid_phase.adb:321:33: info: range check proved
mj-data-fluid_phase.adb:322:07: info: initialization of "Forces" proved
mj-data-fluid_phase.adb:322:07: info: range check proved
mj-data-fluid_phase.adb:322:15: info: initialization of "Torques" proved
mj-data-fluid_phase.adb:325:07: info: precondition proved
mj-data-fluid_phase.adb:327:43: info: pointer dereference check proved
mj-data-fluid_phase.adb:329:25: info: precondition proved
mj-data-fluid_phase.adb:330:24: info: non-aliasing of formal parameters "Bodies" and "Passive" proved
mj-data-fluid_phase.adb:330:24: info: pointer dereference check proved
mj-data-fluid_phase.adb:330:44: info: non-aliasing of formal parameters "Joints" and "Passive" proved
mj-data-fluid_phase.adb:330:44: info: pointer dereference check proved
mj-data-fluid_phase.adb:330:68: info: non-aliasing of formal parameters "Body_Poses" and "Passive" proved
mj-data-fluid_phase.adb:330:68: info: pointer dereference check proved
mj-data-fluid_phase.adb:330:92: info: non-aliasing of formal parameters "Joint_Poses" and "Passive" proved
mj-data-fluid_phase.adb:330:92: info: pointer dereference check proved
mj-data-fluid_phase.adb:331:10: warning: "Forces" is set by "Fold" but not used after the call
mj-data-fluid_phase.adb:331:18: warning: "Torques" is set by "Fold" but not used after the call
mj-data-fluid_phase.adb:331:46: info: pointer dereference check proved
mj-data-fluid_phase.adb:332:07: info: precondition proved
mj-data-fluid_phase.ads:22:49: info: initialization of "Result" proved
mj-data-fluid_phase.ads:24:11: info: data dependencies proved
mj-data-fluid_phase.ads:26:67: info: pointer dereference check proved
mj-data-fluid_phase.ads:29:32: info: range check proved
mj-data-fluid_phase.ads:32:25: medium: postcondition might fail [provers reached time limit before completing the proof]
mj-data-fluid_phase.ads:44:55: info: pointer dereference check proved
mj-data-fluid_phase.ads:44:80: info: pointer dereference check proved
mj-data-fluid_phase.ads:45:52: info: pointer dereference check proved
mj-data-fluid_phase.ads:45:74: info: pointer dereference check proved
mj-data-fluid_phase.ads:46:86: info: pointer dereference check proved
Summary logged in /tmp/sparkling-smooth-fragments-u6y_rf2_/mj-data-euler-obj/gnatprove/gnatprove.out
gnatprove: unproved check messages considered as errors
guarded: elapsed 110.1 s, peak group RSS 624 MB
