Phase 1 of 3: generation of data representation information ...
Phase 2 of 3: generation of Global contracts ...
Phase 3 of 3: flow analysis and proof ...
mj-data-forces_phase.adb:713:55: info: initialization of "Result" proved
mj-data-forces_phase.adb:714:11: info: data dependencies proved
mj-data-forces_phase.adb:714:151: info: range check proved
mj-data-forces_phase.adb:716:155: info: pointer dereference check proved
mj-data-forces_phase.adb:717:66: info: pointer dereference check proved
mj-data-forces_phase.adb:718:36: medium: postcondition might fail [provers reached time limit before completing the proof]
mj-data-forces_phase.adb:740:07: info: precondition proved
mj-data-forces_phase.adb:741:07: info: precondition proved
mj-data-forces_phase.adb:741:47: info: non-aliasing of formal parameters "Joints" and "Passive" proved
mj-data-forces_phase.adb:741:47: info: pointer dereference check proved
mj-data-forces_phase.adb:741:65: info: non-aliasing of formal parameters "Qpos" and "Passive" proved
mj-data-forces_phase.adb:741:65: info: pointer dereference check proved
mj-data-forces_phase.adb:741:83: info: non-aliasing of formal parameters "Qvel" and "Passive" proved
mj-data-forces_phase.adb:741:83: info: pointer dereference check proved
mj-data-forces_phase.adb:742:79: info: pointer dereference check proved
mj-data-forces_phase.adb:743:32: info: assertion proved
mj-data-forces_phase.adb:744:32: info: assertion proved
mj-data-forces_phase.adb:745:32: info: precondition proved
mj-data-forces_phase.adb:745:32: info: assertion proved
mj-data-forces_phase.adb:745:67: info: pointer dereference check proved
mj-data-forces_phase.adb:745:87: info: pointer dereference check proved
mj-data-forces_phase.adb:745:110: info: pointer dereference check proved
mj-data-forces_phase.adb:748:29: info: precondition proved
mj-data-forces_phase.adb:751:32: info: assertion proved
mj-data-forces_phase.adb:752:32: medium: assertion might fail [provers reached time limit before completing the proof]
mj-data-forces_phase.adb:753:07: medium: precondition might fail [provers reached time limit before completing the proof]
Summary logged in /tmp/sparkling-smooth-fragments-7o16px77/mj-data-euler-obj/gnatprove/gnatprove.out
gnatprove: unproved check messages considered as errors
guarded: elapsed 6.1 s, peak group RSS 475 MB
