Phase 1 of 3: generation of data representation information ...
Phase 2 of 3: generation of Global contracts ...
Phase 3 of 3: flow analysis and proof ...
 info: implicit aspect Always_Terminates on "Intersect" has been proved, subprogram will terminate
--> mj-tendon_geometry.adb:65:13

 info: precondition proved
--> mj-tendon_geometry.adb:69:42

 info: float overflow check proved
--> mj-tendon_geometry.adb:70:17

 info: float overflow check proved
--> mj-tendon_geometry.adb:70:34

 info: float overflow check proved
--> mj-tendon_geometry.adb:70:51

 info: float overflow check proved
--> mj-tendon_geometry.adb:70:68

 info: initialization of "A" proved
--> mj-tendon_geometry.adb:71:07

 info: initialization of "B" proved
--> mj-tendon_geometry.adb:71:10

 info: precondition proved
--> mj-tendon_geometry.adb:74:12

 info: float overflow check proved
--> mj-tendon_geometry.adb:74:32

 info: float overflow check proved
--> mj-tendon_geometry.adb:74:49

 info: float overflow check proved
--> mj-tendon_geometry.adb:75:32

 info: float overflow check proved
--> mj-tendon_geometry.adb:75:49

 info: division check proved
--> mj-tendon_geometry.adb:75:59

 info: float overflow check proved
--> mj-tendon_geometry.adb:75:59

 info: precondition proved
--> mj-tendon_geometry.adb:76:12

 info: float overflow check proved
--> mj-tendon_geometry.adb:76:32

 info: float overflow check proved
--> mj-tendon_geometry.adb:76:49

 info: float overflow check proved
--> mj-tendon_geometry.adb:77:32

 info: float overflow check proved
--> mj-tendon_geometry.adb:77:49

 info: division check proved
--> mj-tendon_geometry.adb:77:59

 info: float overflow check proved
--> mj-tendon_geometry.adb:77:59

 info: no contextual analysis of "Inside" (in potentially unevaluated context)
--> mj-tendon_geometry.adb:278:57

 info: no contextual analysis of "Circle" (in potentially unevaluated context)
--> mj-tendon_geometry.adb:279:18
Success: all checks proved (22 checks).
Summary logged in /var/tmp/sparkling-spatial-tendons-20260930/proof/mj-tendon_geometry-Intersect/validation/obj/gnatprove/gnatprove.out
guarded: elapsed 64.8 s, peak group RSS 190 MB
