create SUCCESS
reset_qpos 0.00000000000000000E+00
reset_qvel 0.00000000000000000E+00
forward SUCCESS
forward_clamped -1.00000000000000000E+00
qacc 5.01342707081785655E+00
act_dot 0.00000000000000000E+00
mass 3.40000000000000024E-01
gravity 1.76392793059842701E+00
bias 0.00000000000000000E+00
passive -9.88336844879194321E-02
actuation 0.00000000000000000E+00
length 3.17247623582837146E-01 -9.06421781665249227E-02
velocity 0.00000000000000000E+00 0.00000000000000000E+00
force 0.00000000000000000E+00 0.00000000000000000E+00
position 0.00000000000000000E+00 0.00000000000000000E+00 0.00000000000000000E+00
quaternion 1.00000000000000000E+00 0.00000000000000000E+00 0.00000000000000000E+00 0.00000000000000000E+00
position 0.00000000000000000E+00 0.00000000000000000E+00 0.00000000000000000E+00
quaternion 9.74434665892681129E-01 0.00000000000000000E+00 -2.24671052667269722E-01 0.00000000000000000E+00
unchanged_qpos -4.53210890832624558E-01
unchanged_qvel 4.94168422439597133E-01
unchanged_time 1.25000000000000000E-01
act 5.09062128552960402E-01
step SUCCESS
step_clamped -1.00000000000000000E+00
qpos -2.54811602639222978E-01
qvel 1.47436297275168871E+00
time 3.25000000000000178E-01
reset_qpos 0.00000000000000000E+00
reset_qvel 0.00000000000000000E+00
forward SUCCESS
forward_clamped -1.00000000000000000E+00
qacc 5.82298780973057362E+00
act_dot 0.00000000000000000E+00
mass 3.40000000000000024E-01
gravity 1.88482483215013619E+00
bias 0.00000000000000000E+00
passive 9.75857236107776499E-02
actuation 0.00000000000000000E+00
length 1.96986419185195966E-01 -5.62818340529131420E-02
velocity 0.00000000000000000E+00 0.00000000000000000E+00
force 0.00000000000000000E+00 0.00000000000000000E+00
position 0.00000000000000000E+00 0.00000000000000000E+00 0.00000000000000000E+00
quaternion 1.00000000000000000E+00 0.00000000000000000E+00 0.00000000000000000E+00 0.00000000000000000E+00
position 0.00000000000000000E+00 0.00000000000000000E+00 0.00000000000000000E+00
quaternion 9.90117430425373812E-01 0.00000000000000000E+00 -1.40240771417784515E-01 0.00000000000000000E+00
unchanged_qpos -2.81409170264565689E-01
unchanged_qvel -4.87928618053888208E-01
unchanged_time 1.25000000000000000E-01
act 5.54645994816676202E-01
step SUCCESS
step_clamped -1.00000000000000000E+00
qpos -2.82361762919530024E-01
qvel -4.76296327482158499E-01
time 1.27000000000000002E-01
reset_qpos 0.00000000000000000E+00
reset_qvel 0.00000000000000000E+00
forward SUCCESS
forward_clamped -1.00000000000000000E+00
qacc 5.90925679539637017E+00
act_dot 0.00000000000000000E+00
mass 3.40000000000000024E-01
gravity 1.89606452143741389E+00
bias -2.16840434497100887E-19
passive 6.97622298312187833E-02
actuation 0.00000000000000000E+00
length -1.81989751665266070E-01 5.19970719043617371E-02
velocity 0.00000000000000000E+00 0.00000000000000000E+00
force 0.00000000000000000E+00 0.00000000000000000E+00
position 0.00000000000000000E+00 0.00000000000000000E+00 0.00000000000000000E+00
quaternion 1.00000000000000000E+00 0.00000000000000000E+00 0.00000000000000000E+00 0.00000000000000000E+00
position 0.00000000000000000E+00 0.00000000000000000E+00 0.00000000000000000E+00
quaternion 9.91562842641140141E-01 0.00000000000000000E+00 1.29626884146081506E-01 0.00000000000000000E+00
unchanged_qpos 2.59985359521808679E-01
unchanged_qvel -3.48811149156093903E-01
unchanged_time 1.25000000000000000E-01
act -2.49438986935528184E-01
step SUCCESS
step_clamped -1.00000000000000000E+00
qpos 2.59311346475087967E-01
qvel -3.37006523360354970E-01
time 1.27000000000000002E-01
reset_qpos 0.00000000000000000E+00
reset_qvel 0.00000000000000000E+00
forward SUCCESS
forward_clamped -1.00000000000000000E+00
qacc 5.37026881049470362E+00
act_dot 0.00000000000000000E+00
mass 3.40000000000000024E-01
gravity 1.88314148729552233E+00
bias 0.00000000000000000E+00
passive -4.61199353441422294E-02
actuation 0.00000000000000000E+00
length -1.99137612818662602E-01 5.68964608053321719E-02
velocity 0.00000000000000000E+00 0.00000000000000000E+00
force 0.00000000000000000E+00 0.00000000000000000E+00
position 0.00000000000000000E+00 0.00000000000000000E+00 0.00000000000000000E+00
quaternion 1.00000000000000000E+00 0.00000000000000000E+00 0.00000000000000000E+00 0.00000000000000000E+00
position 0.00000000000000000E+00 0.00000000000000000E+00 0.00000000000000000E+00
quaternion 9.89900772333337065E-01 0.00000000000000000E+00 1.41761986914203636E-01 0.00000000000000000E+00
unchanged_qpos 2.84482304026660859E-01
unchanged_qvel 2.30599676720711133E-01
unchanged_time 1.25000000000000000E-01
act 2.18527816378999429E-02
step SUCCESS
step_clamped -1.00000000000000000E+00
qpos 4.33715530691972329E-01
qvel 1.22258777850319666E+00
time 3.25000000000000178E-01
reset_qpos 0.00000000000000000E+00
reset_qvel 0.00000000000000000E+00
forward SUCCESS
forward_clamped -1.00000000000000000E+00
qacc 5.35033175160158159E+00
act_dot 0.00000000000000000E+00
mass 3.40000000000000024E-01
gravity 1.95655158303309840E+00
bias 1.08420217248550443E-19
passive -9.25300397194081525E-02
actuation 0.00000000000000000E+00
length -5.21794212512955505E-02 1.49084060717987309E-02
velocity 0.00000000000000000E+00 0.00000000000000000E+00
force 0.00000000000000000E+00 0.00000000000000000E+00
position 0.00000000000000000E+00 0.00000000000000000E+00 0.00000000000000000E+00
quaternion 1.00000000000000000E+00 0.00000000000000000E+00 0.00000000000000000E+00 0.00000000000000000E+00
position 0.00000000000000000E+00 0.00000000000000000E+00 0.00000000000000000E+00
quaternion 9.99305516113279890E-01 0.00000000000000000E+00 3.72623867401338307E-02 0.00000000000000000E+00
unchanged_qpos 7.45420303589936495E-02
unchanged_qvel 4.62650198597040707E-01
unchanged_time 1.25000000000000000E-01
act -4.70766262209014852E-01
step SUCCESS
step_clamped -1.00000000000000000E+00
qpos 7.54887069347487671E-02
qvel 4.73338287877560882E-01
time 1.27000000000000002E-01
reset_qpos 0.00000000000000000E+00
reset_qvel 0.00000000000000000E+00
forward SUCCESS
forward_clamped -1.00000000000000000E+00
qacc 5.47973762353521821E+00
act_dot 0.00000000000000000E+00
mass 3.40000000000000024E-01
gravity 1.89363561316519324E+00
bias -8.47032947254300339E-22
passive 4.12151535342060189E-03
actuation 0.00000000000000000E+00
length 1.85330836808865695E-01 -5.29516676596759189E-02
velocity 0.00000000000000000E+00 0.00000000000000000E+00
force 0.00000000000000000E+00 0.00000000000000000E+00
position 0.00000000000000000E+00 0.00000000000000000E+00 0.00000000000000000E+00
quaternion 1.00000000000000000E+00 0.00000000000000000E+00 0.00000000000000000E+00 0.00000000000000000E+00
position 0.00000000000000000E+00 0.00000000000000000E+00 0.00000000000000000E+00
quaternion 9.91250666113078105E-01 0.00000000000000000E+00 -1.31992866967798494E-01 0.00000000000000000E+00
unchanged_qpos -2.64758338298379581E-01
unchanged_qvel -2.06075767671030086E-02
unchanged_time 1.25000000000000000E-01
act 5.76383928859194983E-01
step SUCCESS
step_clamped -1.00000000000000000E+00
qpos -2.64777660258118219E-01
qvel -9.66097986932407636E-03
time 1.27000000000000002E-01
reset_qpos 0.00000000000000000E+00
reset_qvel 0.00000000000000000E+00
forward SUCCESS
forward_clamped -1.00000000000000000E+00
qacc 5.76960140201991756E+00
act_dot 0.00000000000000000E+00
mass 3.40000000000000024E-01
gravity 1.95101854164994482E+00
bias 5.42101086242752217E-20
passive -6.65803998158256277E-02
actuation 0.00000000000000000E+00
length -7.40962653148602851E-02 2.11703615185315115E-02
velocity 0.00000000000000000E+00 0.00000000000000000E+00
force 0.00000000000000000E+00 0.00000000000000000E+00
position 0.00000000000000000E+00 0.00000000000000000E+00 0.00000000000000000E+00
quaternion 1.00000000000000000E+00 0.00000000000000000E+00 0.00000000000000000E+00 0.00000000000000000E+00
position 0.00000000000000000E+00 0.00000000000000000E+00 0.00000000000000000E+00
quaternion 9.98599751258502866E-01 0.00000000000000000E+00 5.29011983461288027E-02 0.00000000000000000E+00
unchanged_qpos 1.05851807592657554E-01
unchanged_qvel 3.32901999079128097E-01
unchanged_time 1.25000000000000000E-01
act -3.66780355180558904E-01
step SUCCESS
step_clamped -1.00000000000000000E+00
qpos 2.83789908780773537E-01
qvel 1.40842366129129104E+00
time 3.25000000000000178E-01
reset_qpos 0.00000000000000000E+00
reset_qvel 0.00000000000000000E+00
forward SUCCESS
forward_clamped -1.00000000000000000E+00
qacc 5.59479474844824587E+00
act_dot 0.00000000000000000E+00
mass 3.40000000000000024E-01
gravity 1.92958495008029973E+00
bias 0.00000000000000000E+00
passive 6.84236092014091496E-02
actuation 0.00000000000000000E+00
length -1.27419716259981469E-01 3.64056332171375716E-02
velocity 0.00000000000000000E+00 0.00000000000000000E+00
force 0.00000000000000000E+00 0.00000000000000000E+00
position 0.00000000000000000E+00 0.00000000000000000E+00 0.00000000000000000E+00
quaternion 1.00000000000000000E+00 0.00000000000000000E+00 0.00000000000000000E+00 0.00000000000000000E+00
position 0.00000000000000000E+00 0.00000000000000000E+00 0.00000000000000000E+00
quaternion 9.95861076613826501E-01 0.00000000000000000E+00 9.08884815889812042E-02 0.00000000000000000E+00
unchanged_qpos 1.82028166085687837E-01
unchanged_qvel -3.42118046007045762E-01
unchanged_time 1.25000000000000000E-01
act 2.50236253565257694E-01
step SUCCESS
step_clamped -1.00000000000000000E+00
qpos 1.81366282875159907E-01
qvel -3.30941605263964655E-01
time 1.27000000000000002E-01
reset_qpos 0.00000000000000000E+00
reset_qvel 0.00000000000000000E+00
forward SUCCESS
forward_clamped -1.00000000000000000E+00
qacc 5.13667416017615341E+00
act_dot 0.00000000000000000E+00
mass 3.39999999999999969E-01
gravity 1.77980147793219334E+00
bias -1.08420217248550443E-19
passive -3.90540283844115002E-02
actuation 0.00000000000000000E+00
length 3.04057372654989999E-01 -8.68735350442828569E-02
velocity 0.00000000000000000E+00 0.00000000000000000E+00
force 0.00000000000000000E+00 0.00000000000000000E+00
position 0.00000000000000000E+00 0.00000000000000000E+00 0.00000000000000000E+00
quaternion 1.00000000000000000E+00 0.00000000000000000E+00 0.00000000000000000E+00 0.00000000000000000E+00
position 0.00000000000000000E+00 0.00000000000000000E+00 0.00000000000000000E+00
quaternion 9.76508148768176376E-01 0.00000000000000000E+00 -2.15480475656958964E-01 0.00000000000000000E+00
unchanged_qpos -4.34367675221414284E-01
unchanged_qvel 1.95270141922057494E-01
unchanged_time 1.25000000000000000E-01
act 3.18569299214261470E-01
step SUCCESS
step_clamped -1.00000000000000000E+00
qpos -4.33956612385108853E-01
qvel 2.05531418152726658E-01
time 1.27000000000000002E-01
reset_qpos 0.00000000000000000E+00
reset_qvel 0.00000000000000000E+00
forward SUCCESS
forward_clamped -1.00000000000000000E+00
qacc 5.13184870242452273E+00
act_dot 0.00000000000000000E+00
mass 3.40000000000000024E-01
gravity 1.74085004304891111E+00
bias 0.00000000000000000E+00
passive 6.69611072040840194E-02
actuation 0.00000000000000000E+00
length -3.35562432099600572E-01 9.58749805998858895E-02
velocity 0.00000000000000000E+00 0.00000000000000000E+00
force 0.00000000000000000E+00 0.00000000000000000E+00
position 0.00000000000000000E+00 0.00000000000000000E+00 0.00000000000000000E+00
quaternion 1.00000000000000000E+00 0.00000000000000000E+00 0.00000000000000000E+00 0.00000000000000000E+00
position 0.00000000000000000E+00 0.00000000000000000E+00 0.00000000000000000E+00
quaternion 9.71412221006889065E-01 0.00000000000000000E+00 2.37399024594590807E-01 0.00000000000000000E+00
unchanged_qpos 4.79374902999429420E-01
unchanged_qvel -3.34805536020420069E-01
unchanged_time 1.25000000000000000E-01
act -2.38834883476795490E-01
step SUCCESS
step_clamped -1.00000000000000000E+00
qpos 5.12315046603009083E-01
qvel 6.32637362704596140E-01
time 3.25000000000000178E-01
reset_qpos 0.00000000000000000E+00
reset_qvel 0.00000000000000000E+00
forward SUCCESS
forward_clamped -1.00000000000000000E+00
qacc 4.78163577965961828E+00
act_dot 0.00000000000000000E+00
mass 3.40000000000000024E-01
gravity 1.80011446287206778E+00
bias 0.00000000000000000E+00
passive -8.87221889639043804E-02
actuation 0.00000000000000000E+00
length -2.86351816265426273E-01 8.18148046472646495E-02
velocity 0.00000000000000000E+00 0.00000000000000000E+00
force 0.00000000000000000E+00 0.00000000000000000E+00
position 0.00000000000000000E+00 0.00000000000000000E+00 0.00000000000000000E+00
quaternion 1.00000000000000000E+00 0.00000000000000000E+00 0.00000000000000000E+00 0.00000000000000000E+00
position 0.00000000000000000E+00 0.00000000000000000E+00 0.00000000000000000E+00
quaternion 9.79155128811203812E-01 0.00000000000000000E+00 2.03113844241879893E-01 0.00000000000000000E+00
unchanged_qpos 4.09074023236323248E-01
unchanged_qvel 4.43610944819521902E-01
unchanged_time 1.25000000000000000E-01
act 3.46639878916694677E-02
step SUCCESS
step_clamped -1.00000000000000000E+00
qpos 4.09980349193707128E-01
qvel 4.53162978691932394E-01
time 1.27000000000000002E-01
reset_qpos 0.00000000000000000E+00
reset_qvel 0.00000000000000000E+00
forward SUCCESS
forward_clamped -1.00000000000000000E+00
qacc 5.38262074206889629E+00
act_dot 0.00000000000000000E+00
mass 3.40000000000000024E-01
gravity 1.77307914467765215E+00
bias -1.08420217248550443E-19
passive -3.03820189475955578E-02
actuation 0.00000000000000000E+00
length 3.09707370780991975E-01 -8.84878202231405703E-02
velocity 0.00000000000000000E+00 0.00000000000000000E+00
force 0.00000000000000000E+00 0.00000000000000000E+00
position 0.00000000000000000E+00 0.00000000000000000E+00 0.00000000000000000E+00
quaternion 1.00000000000000000E+00 0.00000000000000000E+00 0.00000000000000000E+00 0.00000000000000000E+00
position 0.00000000000000000E+00 0.00000000000000000E+00 0.00000000000000000E+00
quaternion 9.75630581610222869E-01 0.00000000000000000E+00 -2.19419616777757731E-01 0.00000000000000000E+00
unchanged_qpos -4.42439101115702837E-01
unchanged_qvel 1.51910094737977786E-01
unchanged_time 1.25000000000000000E-01
act 5.12773871175945084E-01
step SUCCESS
step_clamped -1.00000000000000000E+00
qpos -4.42113775743473603E-01
qvel 1.62662686114613653E-01
time 1.27000000000000002E-01
lifecycle PASS
