create SUCCESS
reset_qpos 0.00000000000000000E+00
reset_qvel 0.00000000000000000E+00
forward SUCCESS
forward_clamped -1.00000000000000000E+00
qacc 5.36416236329809681E+00
act_dot -2.91482189954108399E+01
mass 3.40000000000000024E-01
gravity 1.89191049000254741E+00
bias 0.00000000000000000E+00
passive -2.56021850596501073E-02
actuation -9.85517045276404213E-02
length -1.87668540569920439E-01 5.36195830199772683E-02
velocity -8.96076477087753703E-02 2.56021850596501073E-02
force 2.16157592972302914E-01 2.63793052764857983E-01
position 0.00000000000000000E+00 0.00000000000000000E+00 0.00000000000000000E+00
quaternion 1.00000000000000000E+00 0.00000000000000000E+00 0.00000000000000000E+00 0.00000000000000000E+00
position 0.00000000000000000E+00 0.00000000000000000E+00 0.00000000000000000E+00
quaternion 9.91028884158339229E-01 0.00000000000000000E+00 1.33647861052382383E-01 0.00000000000000000E+00
unchanged_qpos 2.68097915099886341E-01
unchanged_qvel 1.28010925298250533E-01
unchanged_time 1.25000000000000000E-01
act -4.99984515650568007E-01
step SUCCESS
step_clamped -1.00000000000000000E+00
qpos 4.23515924351711148E-01
qvel 1.39372947255804336E+00
time 3.25000000000000178E-01
reset_qpos 0.00000000000000000E+00
reset_qvel 0.00000000000000000E+00
forward SUCCESS
forward_clamped -1.00000000000000000E+00
qacc 6.91000000755476940E+00
act_dot 2.79559003645523640E+00
mass 3.40000000000000024E-01
gravity 1.96157143168829640E+00
bias 0.00000000000000000E+00
passive -7.14924625577314787E-02
actuation 4.97157479063124186E-01
length 1.46312513175123598E-02 -4.18035751928924615E-03
velocity -2.50223618952060134E-01 7.14924625577314787E-02
force -7.89889706720371954E-01 -2.78826578205680686E-01
position 0.00000000000000000E+00 0.00000000000000000E+00 0.00000000000000000E+00
quaternion 1.00000000000000000E+00 0.00000000000000000E+00 0.00000000000000000E+00 0.00000000000000000E+00
position 0.00000000000000000E+00 0.00000000000000000E+00 0.00000000000000000E+00
quaternion 9.99945389906460091E-01 0.00000000000000000E+00 -1.04507035561011985E-02 0.00000000000000000E+00
unchanged_qpos -2.09017875964462307E-02
unchanged_qvel 3.57462312788657366E-01
unchanged_time 1.25000000000000000E-01
act -5.50320620656194248E-01
step SUCCESS
step_clamped -1.00000000000000000E+00
qpos -2.01592554502746900E-02
qvel 3.71266073085770310E-01
time 1.27000000000000002E-01
reset_qpos 0.00000000000000000E+00
reset_qvel 0.00000000000000000E+00
forward SUCCESS
forward_clamped -1.00000000000000000E+00
qacc 3.85273589026702323E+00
act_dot 1.07383680876925407E+01
mass 3.40000000000000024E-01
gravity 1.95150950323436501E+00
bias 5.42101086242752217E-20
passive -6.15916372576159402E-02
actuation -6.53282428003491678E-01
length 7.24194566274768692E-02 -2.06912733221362513E-02
velocity -2.15570730401655780E-01 6.15916372576159402E-02
force 1.15279424560869637E+00 7.68367719612978117E-01
position 0.00000000000000000E+00 0.00000000000000000E+00 0.00000000000000000E+00
quaternion 1.00000000000000000E+00 0.00000000000000000E+00 0.00000000000000000E+00 0.00000000000000000E+00
position 0.00000000000000000E+00 0.00000000000000000E+00 0.00000000000000000E+00
quaternion 9.98662395829861493E-01 0.00000000000000000E+00 -5.17051173034224765E-02 0.00000000000000000E+00
unchanged_qpos -1.03456366610681250E-01
unchanged_qvel 3.07958186288079694E-01
unchanged_time 1.25000000000000000E-01
act 6.06709374421534275E-01
step SUCCESS
step_clamped -1.00000000000000000E+00
qpos -1.02825057403760897E-01
qvel 3.15654603460175986E-01
time 1.27000000000000002E-01
reset_qpos 0.00000000000000000E+00
reset_qvel 0.00000000000000000E+00
forward SUCCESS
forward_clamped -1.00000000000000000E+00
qacc 6.99074855083164959E+00
act_dot 1.06976774245776749E+01
mass 3.40000000000000024E-01
gravity 1.94076303985426457E+00
bias -1.35525271560688054E-20
passive 2.79421864410117626E-02
actuation 4.59361919745386038E-01
length 1.03086603493318871E-01 -2.94533152838053931E-02
velocity 9.77976525435411692E-02 -2.79421864410117626E-02
force -3.52729420556439743E-01 1.06225662677939114E+00
position 0.00000000000000000E+00 0.00000000000000000E+00 0.00000000000000000E+00
quaternion 1.00000000000000000E+00 0.00000000000000000E+00 0.00000000000000000E+00 0.00000000000000000E+00
position 0.00000000000000000E+00 0.00000000000000000E+00 0.00000000000000000E+00
quaternion 9.97290294069804517E-01 0.00000000000000000E+00 -7.35667680013402520E-02 0.00000000000000000E+00
unchanged_qpos -1.47266576419026962E-01
unchanged_qvel -1.39710932205058813E-01
unchanged_time 1.25000000000000000E-01
act -4.40615533806384130E-02
step SUCCESS
step_clamped -1.00000000000000000E+00
qpos -5.24825267561405198E-02
qvel 1.03161694588054109E+00
time 3.25000000000000178E-01
reset_qpos 0.00000000000000000E+00
reset_qvel 0.00000000000000000E+00
forward SUCCESS
forward_clamped -1.00000000000000000E+00
qacc 4.40093129136515149E+00
act_dot 2.21556564815346739E+01
mass 3.40000000000000024E-01
gravity 1.95795985877782175E+00
bias 0.00000000000000000E+00
passive 2.21305881405730286E-02
actuation -4.22269356449091526E-01
length -4.49299941717356544E-02 1.28371411919244727E-02
velocity 7.74570584920055843E-02 -2.21305881405730286E-02
force 1.83856368780979579E-01 -1.46784949151202904E+00
position 0.00000000000000000E+00 0.00000000000000000E+00 0.00000000000000000E+00
quaternion 1.00000000000000000E+00 0.00000000000000000E+00 0.00000000000000000E+00 0.00000000000000000E+00
position 0.00000000000000000E+00 0.00000000000000000E+00 0.00000000000000000E+00
quaternion 9.99485068592269932E-01 0.00000000000000000E+00 3.20873442513656751E-02 0.00000000000000000E+00
unchanged_qpos 6.41857059596223634E-02
unchanged_qvel -1.10652940702865132E-01
unchanged_time 1.25000000000000000E-01
act 5.05110483693294171E-02
step SUCCESS
step_clamped -1.00000000000000000E+00
qpos 6.39819831174535808E-02
qvel -1.01861421084391862E-01
time 1.27000000000000002E-01
reset_qpos 0.00000000000000000E+00
reset_qvel 0.00000000000000000E+00
forward SUCCESS
forward_clamped -1.00000000000000000E+00
qacc 6.20367542079806622E+00
act_dot -4.80121013816879838E+00
mass 3.40000000000000024E-01
gravity 1.79581647109524201E+00
bias 0.00000000000000000E+00
passive 5.82713084954458206E-03
actuation 3.78022889394624029E-01
length -2.90182824747961088E-01 8.29093784994174715E-02
velocity 2.03949579734060346E-02 -5.82713084954458206E-03
force -5.20107113942327670E-01 6.97395481749736312E-02
position 0.00000000000000000E+00 0.00000000000000000E+00 0.00000000000000000E+00
quaternion 1.00000000000000000E+00 0.00000000000000000E+00 0.00000000000000000E+00 0.00000000000000000E+00
position 0.00000000000000000E+00 0.00000000000000000E+00 0.00000000000000000E+00
quaternion 9.78595655756583582E-01 0.00000000000000000E+00 2.05792474435636419E-01 0.00000000000000000E+00
unchanged_qpos 4.14546892497087316E-01
unchanged_qvel -2.91356542477229086E-02
unchanged_time 1.25000000000000000E-01
act -4.13578217512961643E-01
step SUCCESS
step_clamped -1.00000000000000000E+00
qpos 4.14513406730813605E-01
qvel -1.67428831368454586E-02
time 1.27000000000000002E-01
reset_qpos 0.00000000000000000E+00
reset_qvel 0.00000000000000000E+00
forward SUCCESS
forward_clamped -1.00000000000000000E+00
qacc 5.77230396908174104E+00
act_dot -6.98860624509790274E+00
mass 3.40000000000000024E-01
gravity 1.93067626212515164E+00
bias 8.47032947254300339E-22
passive -4.96372388266197451E-03
actuation 1.35815911190388383E-01
length -1.25250603075662464E-01 3.57858865930464273E-02
velocity -1.73730335893169108E-02 4.96372388266197451E-03
force -4.95098861259442025E-01 -1.05376645845610506E+00
position 0.00000000000000000E+00 0.00000000000000000E+00 0.00000000000000000E+00
quaternion 1.00000000000000000E+00 0.00000000000000000E+00 0.00000000000000000E+00 0.00000000000000000E+00
position 0.00000000000000000E+00 0.00000000000000000E+00 0.00000000000000000E+00
quaternion 9.96000700831258690E-01 0.00000000000000000E+00 8.93454192650149776E-02 0.00000000000000000E+00
unchanged_qpos 1.78929432965232116E-01
unchanged_qvel 2.48186194133098725E-02
unchanged_time 1.25000000000000000E-01
act -4.99996287456837052E-01
step SUCCESS
step_clamped -1.00000000000000000E+00
qpos 3.00152701013366829E-01
qvel 1.14353904208792256E+00
time 3.25000000000000178E-01
reset_qpos 0.00000000000000000E+00
reset_qvel 0.00000000000000000E+00
forward SUCCESS
forward_clamped -1.00000000000000000E+00
qacc 3.44028776196551656E+00
act_dot -4.08101570585771469E+01
mass 3.40000000000000024E-01
gravity 1.84727442653846219E+00
bias 0.00000000000000000E+00
passive 7.70631052156396240E-02
actuation -7.18178606253116580E-01
length -2.40565282169617228E-01 6.87329377627477894E-02
velocity 2.69720868254738622E-01 -7.70631052156396240E-02
force 5.17016216992398081E-01 -1.78133627179218923E+00
position 0.00000000000000000E+00 0.00000000000000000E+00 0.00000000000000000E+00
quaternion 1.00000000000000000E+00 0.00000000000000000E+00 0.00000000000000000E+00 0.00000000000000000E+00
position 0.00000000000000000E+00 0.00000000000000000E+00 0.00000000000000000E+00
quaternion 9.85273112208899127E-01 0.00000000000000000E+00 1.70987994777967223E-01 0.00000000000000000E+00
unchanged_qpos 3.43664688813738906E-01
unchanged_qvel -3.85315526078198078E-01
unchanged_time 1.25000000000000000E-01
act 2.34582827054388598E-01
step SUCCESS
step_clamped -1.00000000000000000E+00
qpos 3.42907802742065115E-01
qvel -3.78443035836903863E-01
time 1.27000000000000002E-01
reset_qpos 0.00000000000000000E+00
reset_qvel 0.00000000000000000E+00
forward SUCCESS
forward_clamped -1.00000000000000000E+00
qacc 4.87569630095939921E+00
act_dot 2.73784661340444480E+01
mass 3.40000000000000024E-01
gravity 1.76678677993102484E+00
bias 0.00000000000000000E+00
passive 8.63622680866686504E-02
actuation -1.54474853038057636E-01
length 3.14910117691818425E-01 -8.99743193405195679E-02
velocity 3.02267938303340256E-01 -8.63622680866686504E-02
force 4.67292313330026354E-01 8.63148831464803923E-01
position 0.00000000000000000E+00 0.00000000000000000E+00 0.00000000000000000E+00
quaternion 1.00000000000000000E+00 0.00000000000000000E+00 0.00000000000000000E+00 0.00000000000000000E+00
position 0.00000000000000000E+00 0.00000000000000000E+00 0.00000000000000000E+00
quaternion 9.74808428856239639E-01 0.00000000000000000E+00 -2.23043778283164823E-01 0.00000000000000000E+00
unchanged_qpos -4.49871596702597798E-01
unchanged_qvel -4.31811340433343238E-01
unchanged_time 1.25000000000000000E-01
act 3.07187609587199983E-01
step SUCCESS
step_clamped -1.00000000000000000E+00
qpos -4.50715739515752056E-01
qvel -4.22071406577137598E-01
time 1.27000000000000002E-01
reset_qpos 0.00000000000000000E+00
reset_qvel 0.00000000000000000E+00
forward SUCCESS
forward_clamped -1.00000000000000000E+00
qacc 6.72291430587874572E+00
act_dot 3.44346246693559479E+01
mass 3.40000000000000024E-01
gravity 1.73805322904045467E+00
bias -5.42101086242752217E-20
passive -2.99820236072256170E-02
actuation 4.87279900792103760E-01
length 3.37719508110348732E-01 -9.64912880315282329E-02
velocity -1.04937082625289654E-01 2.99820236072256170E-02
force -4.72860637147356655E-01 7.81387273944770477E-01
position 0.00000000000000000E+00 0.00000000000000000E+00 0.00000000000000000E+00
quaternion 1.00000000000000000E+00 0.00000000000000000E+00 0.00000000000000000E+00 0.00000000000000000E+00
position 0.00000000000000000E+00 0.00000000000000000E+00 0.00000000000000000E+00
quaternion 9.71045291143361577E-01 0.00000000000000000E+00 -2.38895463641116884E-01 0.00000000000000000E+00
unchanged_qpos -4.82456440157641109E-01
unchanged_qvel 1.49910118036128082E-01
unchanged_time 1.25000000000000000E-01
act 3.30080127153961733E-01
step SUCCESS
step_clamped -1.00000000000000000E+00
qpos -3.57295381274108037E-01
qvel 1.04057540800900195E+00
time 3.25000000000000178E-01
reset_qpos 0.00000000000000000E+00
reset_qvel 0.00000000000000000E+00
forward SUCCESS
forward_clamped -1.00000000000000000E+00
qacc 2.47793188906241246E+00
act_dot -5.17420887875518432E+01
mass 3.40000000000000024E-01
gravity 1.93646574356590806E+00
bias -2.16840434497100887E-19
passive -9.76723409664786851E-02
actuation -9.04080451314251521E-01
length -1.13056953592896914E-01 3.23019867408276956E-02
velocity -3.41853193382675336E-01 9.76723409664786851E-02
force 9.35595641653490406E-01 -1.24581751078404146E+00
position 0.00000000000000000E+00 0.00000000000000000E+00 0.00000000000000000E+00
quaternion 1.00000000000000000E+00 0.00000000000000000E+00 0.00000000000000000E+00 0.00000000000000000E+00
position 0.00000000000000000E+00 0.00000000000000000E+00 0.00000000000000000E+00
quaternion 9.96741089287423998E-01 0.00000000000000000E+00 8.06672233693422197E-02 0.00000000000000000E+00
unchanged_qpos 1.61509933704138464E-01
unchanged_qvel 4.88361704832393384E-01
unchanged_time 1.25000000000000000E-01
act 4.31357598175933166E-01
step SUCCESS
step_clamped -1.00000000000000000E+00
qpos 1.62496557194206082E-01
qvel 4.93311745033810645E-01
time 1.27000000000000002E-01
reset_qpos 0.00000000000000000E+00
reset_qvel 0.00000000000000000E+00
forward SUCCESS
forward_clamped -1.00000000000000000E+00
qacc 4.04640938922990934E+00
act_dot -4.06836926587901928E+01
mass 3.40000000000000024E-01
gravity 1.95883350848883042E+00
bias 0.00000000000000000E+00
passive -1.10789424333356933E-02
actuation -5.88684178842135641E-01
length 3.97750859708037585E-02 -1.13643102773725024E-02
velocity -3.87762985166749188E-02 1.10789424333356933E-02
force 4.90743729271073736E-01 -1.22581784176192032E+00
position 0.00000000000000000E+00 0.00000000000000000E+00 0.00000000000000000E+00
quaternion 1.00000000000000000E+00 0.00000000000000000E+00 0.00000000000000000E+00 0.00000000000000000E+00
position 0.00000000000000000E+00 0.00000000000000000E+00 0.00000000000000000E+00
quaternion 9.99596441058473340E-01 0.00000000000000000E+00 -2.84069537830774696E-02 0.00000000000000000E+00
unchanged_qpos -5.68215513868625122E-02
unchanged_qvel 5.53947121666784614E-02
unchanged_time 1.25000000000000000E-01
act 2.32306467858223481E-01
step SUCCESS
step_clamped -1.00000000000000000E+00
qpos -5.66945953445228343E-02
qvel 6.34780211698404428E-02
time 1.27000000000000002E-01
lifecycle PASS
