create SUCCESS
reset_qpos 0.00000000000000000E+00
reset_qvel 0.00000000000000000E+00
forward SUCCESS
forward_clamped -1.00000000000000000E+00
qacc 5.23256465083273614E+00
act_dot 0.00000000000000000E+00
mass 3.40000000000000024E-01
gravity 1.76264981918149899E+00
bias 0.00000000000000000E+00
passive 7.44274379708760730E-02
actuation 0.00000000000000000E+00
length 3.18287486829220478E-01 -9.09392819512058748E-02
velocity 0.00000000000000000E+00 0.00000000000000000E+00
force 0.00000000000000000E+00 0.00000000000000000E+00
position 0.00000000000000000E+00 0.00000000000000000E+00 0.00000000000000000E+00
quaternion 1.00000000000000000E+00 0.00000000000000000E+00 0.00000000000000000E+00 0.00000000000000000E+00
position 0.00000000000000000E+00 0.00000000000000000E+00 0.00000000000000000E+00
quaternion 9.74267520564179423E-01 0.00000000000000000E+00 -2.25394761194057186E-01 0.00000000000000000E+00
unchanged_qpos -4.54696409756029318E-01
unchanged_qvel -3.72137189854380379E-01
unchanged_time 1.25000000000000000E-01
act 3.73312177054664796E-01
step SUCCESS
step_clamped -1.00000000000000000E+00
qpos -4.27898066510252584E-01
qvel 6.13189370218305108E-01
time 3.25000000000000178E-01
reset_qpos 0.00000000000000000E+00
reset_qvel 0.00000000000000000E+00
forward SUCCESS
forward_clamped -1.00000000000000000E+00
qacc 5.20064780578266728E+00
act_dot 0.00000000000000000E+00
mass 3.40000000000000024E-01
gravity 1.77890268785898820E+00
bias 0.00000000000000000E+00
passive -2.91090814228062850E-02
actuation 0.00000000000000000E+00
length -3.04818460829435756E-01 8.70909888084102218E-02
velocity 0.00000000000000000E+00 0.00000000000000000E+00
force 0.00000000000000000E+00 0.00000000000000000E+00
position 0.00000000000000000E+00 0.00000000000000000E+00 0.00000000000000000E+00
quaternion 1.00000000000000000E+00 0.00000000000000000E+00 0.00000000000000000E+00 0.00000000000000000E+00
position 0.00000000000000000E+00 0.00000000000000000E+00 0.00000000000000000E+00
quaternion 9.76390861874816607E-01 0.00000000000000000E+00 2.16011307221063542E-01 0.00000000000000000E+00
unchanged_qpos 4.35454944042051095E-01
unchanged_qvel 1.45545407114031411E-01
unchanged_time 1.25000000000000000E-01
act -3.53744712423667840E-01
step SUCCESS
step_clamped -1.00000000000000000E+00
qpos 4.35766813002624209E-01
qvel 1.55934480286570226E-01
time 1.27000000000000002E-01
reset_qpos 0.00000000000000000E+00
reset_qvel 0.00000000000000000E+00
forward SUCCESS
forward_clamped -1.00000000000000000E+00
qacc 5.43954624471120241E+00
act_dot 0.00000000000000000E+00
mass 3.40000000000000024E-01
gravity 1.76296485838913242E+00
bias -2.16840434497100887E-19
passive 6.50205891456624857E-02
actuation 0.00000000000000000E+00
length 3.18031466704227439E-01 -9.08661333440650004E-02
velocity 0.00000000000000000E+00 0.00000000000000000E+00
force 0.00000000000000000E+00 0.00000000000000000E+00
position 0.00000000000000000E+00 0.00000000000000000E+00 0.00000000000000000E+00
quaternion 1.00000000000000000E+00 0.00000000000000000E+00 0.00000000000000000E+00 0.00000000000000000E+00
position 0.00000000000000000E+00 0.00000000000000000E+00 0.00000000000000000E+00
quaternion 9.74308722555321860E-01 0.00000000000000000E+00 -2.25216591645945624E-01 0.00000000000000000E+00
unchanged_qpos -4.54330666720324960E-01
unchanged_qvel -3.25102945728312442E-01
unchanged_time 1.25000000000000000E-01
act -1.75674589812684800E-01
step SUCCESS
step_clamped -1.00000000000000000E+00
qpos -4.54959139994587647E-01
qvel -3.14236637131357022E-01
time 1.27000000000000002E-01
reset_qpos 0.00000000000000000E+00
reset_qvel 0.00000000000000000E+00
forward SUCCESS
forward_clamped -1.00000000000000000E+00
qacc 5.52130193744402842E+00
act_dot 0.00000000000000000E+00
mass 3.39999999999999969E-01
gravity 1.91570450048334506E+00
bias 2.71050543121376109E-20
passive -2.61556641929999306E-02
actuation 0.00000000000000000E+00
length -1.52366893247182417E-01 4.35333980706235565E-02
velocity 0.00000000000000000E+00 0.00000000000000000E+00
force 0.00000000000000000E+00 0.00000000000000000E+00
position 0.00000000000000000E+00 0.00000000000000000E+00 0.00000000000000000E+00
quaternion 1.00000000000000000E+00 0.00000000000000000E+00 0.00000000000000000E+00 0.00000000000000000E+00
position 0.00000000000000000E+00 0.00000000000000000E+00 0.00000000000000000E+00
quaternion 9.94083478590485847E-01 0.00000000000000000E+00 1.08618771828073571E-01 0.00000000000000000E+00
unchanged_qpos 2.17666990353117762E-01
unchanged_qvel 1.30778320964999639E-01
unchanged_time 1.25000000000000000E-01
act -5.22285286637839463E-01
step SUCCESS
step_clamped -1.00000000000000000E+00
qpos 3.50287548970336593E-01
qvel 1.15815652762983801E+00
time 3.25000000000000178E-01
reset_qpos 0.00000000000000000E+00
reset_qvel 0.00000000000000000E+00
forward SUCCESS
forward_clamped -1.00000000000000000E+00
qacc 5.50716642972928305E+00
act_dot 0.00000000000000000E+00
mass 3.40000000000000024E-01
gravity 1.90662046163169219E+00
bias 0.00000000000000000E+00
passive -3.10296726536104517E-02
actuation 0.00000000000000000E+00
length -1.66711310325150602E-01 4.76318029500430382E-02
velocity 0.00000000000000000E+00 0.00000000000000000E+00
force 0.00000000000000000E+00 0.00000000000000000E+00
position 0.00000000000000000E+00 0.00000000000000000E+00 0.00000000000000000E+00
quaternion 1.00000000000000000E+00 0.00000000000000000E+00 0.00000000000000000E+00 0.00000000000000000E+00
position 0.00000000000000000E+00 0.00000000000000000E+00 0.00000000000000000E+00
quaternion 9.92918409435562754E-01 0.00000000000000000E+00 1.18798283674269062E-01 0.00000000000000000E+00
unchanged_qpos 2.38159014750215170E-01
unchanged_qvel 1.55148363268052258E-01
unchanged_time 1.25000000000000000E-01
act 4.20688615918541231E-01
step SUCCESS
step_clamped -1.00000000000000000E+00
qpos 2.38491314256846554E-01
qvel 1.66149753315690069E-01
time 1.27000000000000002E-01
reset_qpos 0.00000000000000000E+00
reset_qvel 0.00000000000000000E+00
forward SUCCESS
forward_clamped -1.00000000000000000E+00
qacc 5.67474357271146079E+00
act_dot 0.00000000000000000E+00
mass 3.40000000000000024E-01
gravity 1.91318139927227526E+00
bias 1.35525271560688054E-20
passive 1.88564662214200998E-02
actuation 0.00000000000000000E+00
length -1.56480724410988370E-01 4.47087784031395402E-02
velocity 0.00000000000000000E+00 0.00000000000000000E+00
force 0.00000000000000000E+00 0.00000000000000000E+00
position 0.00000000000000000E+00 0.00000000000000000E+00 0.00000000000000000E+00
quaternion 1.00000000000000000E+00 0.00000000000000000E+00 0.00000000000000000E+00 0.00000000000000000E+00
position 0.00000000000000000E+00 0.00000000000000000E+00 0.00000000000000000E+00
quaternion 9.93760016428953175E-01 0.00000000000000000E+00 1.11539364114767198E-01 0.00000000000000000E+00
unchanged_qpos 2.23543892015697687E-01
unchanged_qvel -9.42823311071004921E-02
unchanged_time 1.25000000000000000E-01
act -5.92664104767742339E-01
step SUCCESS
step_clamped -1.00000000000000000E+00
qpos 2.23377999654479048E-01
qvel -8.29461806093220178E-02
time 1.27000000000000002E-01
reset_qpos 0.00000000000000000E+00
reset_qvel 0.00000000000000000E+00
forward SUCCESS
forward_clamped -1.00000000000000000E+00
qacc 5.70584806549038337E+00
act_dot 0.00000000000000000E+00
mass 3.40000000000000024E-01
gravity 1.87041629360713846E+00
bias -6.77626357803440271E-21
passive 1.26944490126972079E-02
actuation 0.00000000000000000E+00
length -2.14722052741809472E-01 6.13491579262312806E-02
velocity 0.00000000000000000E+00 0.00000000000000000E+00
force 0.00000000000000000E+00 0.00000000000000000E+00
position 0.00000000000000000E+00 0.00000000000000000E+00 0.00000000000000000E+00
quaternion 1.00000000000000000E+00 0.00000000000000000E+00 0.00000000000000000E+00 0.00000000000000000E+00
position 0.00000000000000000E+00 0.00000000000000000E+00 0.00000000000000000E+00
quaternion 9.88261415457542425E-01 0.00000000000000000E+00 1.52772296958102682E-01 0.00000000000000000E+00
unchanged_qpos 3.06745789631156396E-01
unchanged_qvel -6.34722450634860325E-02
unchanged_time 1.25000000000000000E-01
act -3.87765077891658483E-01
step SUCCESS
step_clamped -1.00000000000000000E+00
qpos 4.04304133627515494E-01
qvel 1.00122728205471723E+00
time 3.25000000000000178E-01
reset_qpos 0.00000000000000000E+00
reset_qvel 0.00000000000000000E+00
forward SUCCESS
forward_clamped -1.00000000000000000E+00
qacc 5.40704988442065826E+00
act_dot 0.00000000000000000E+00
mass 3.40000000000000024E-01
gravity 1.96163722332112256E+00
bias 0.00000000000000000E+00
passive -8.72391854706086739E-02
actuation 0.00000000000000000E+00
length -1.34613900611030499E-02 3.84611144602944356E-03
velocity 0.00000000000000000E+00 0.00000000000000000E+00
force 0.00000000000000000E+00 0.00000000000000000E+00
position 0.00000000000000000E+00 0.00000000000000000E+00 0.00000000000000000E+00
quaternion 1.00000000000000000E+00 0.00000000000000000E+00 0.00000000000000000E+00 0.00000000000000000E+00
position 0.00000000000000000E+00 0.00000000000000000E+00 0.00000000000000000E+00
quaternion 9.99953773564728809E-01 0.00000000000000000E+00 9.61513045459883725E-03 0.00000000000000000E+00
unchanged_qpos 1.92305572301472161E-02
unchanged_qvel 4.36195927353043356E-01
unchanged_time 1.25000000000000000E-01
act -2.10811000178904251E-01
step SUCCESS
step_clamped -1.00000000000000000E+00
qpos 2.01245518693504016E-02
qvel 4.46997319601592280E-01
time 1.27000000000000002E-01
reset_qpos 0.00000000000000000E+00
reset_qvel 0.00000000000000000E+00
forward SUCCESS
forward_clamped -1.00000000000000000E+00
qacc 5.63992071103328652E+00
act_dot 0.00000000000000000E+00
mass 3.40000000000000024E-01
gravity 1.91564861171406164E+00
bias -2.71050543121376109E-20
passive -2.64569237626549186E-02
actuation 0.00000000000000000E+00
length 1.52459200621071933E-01 -4.35597716060205642E-02
velocity 0.00000000000000000E+00 0.00000000000000000E+00
force 0.00000000000000000E+00 0.00000000000000000E+00
position 0.00000000000000000E+00 0.00000000000000000E+00 0.00000000000000000E+00
quaternion 1.00000000000000000E+00 0.00000000000000000E+00 0.00000000000000000E+00 0.00000000000000000E+00
position 0.00000000000000000E+00 0.00000000000000000E+00 0.00000000000000000E+00
quaternion 9.94076314777156744E-01 0.00000000000000000E+00 -1.08684315331453910E-01 0.00000000000000000E+00
unchanged_qpos -2.17798858030102793E-01
unchanged_qvel 1.32284618813274579E-01
unchanged_time 1.25000000000000000E-01
act 3.59659162713416469E-01
step SUCCESS
step_clamped -1.00000000000000000E+00
qpos -2.17511755619247682E-01
qvel 1.43551205427559642E-01
time 1.27000000000000002E-01
reset_qpos 0.00000000000000000E+00
reset_qvel 0.00000000000000000E+00
forward SUCCESS
forward_clamped -1.00000000000000000E+00
qacc 5.41293999372460277E+00
act_dot 0.00000000000000000E+00
mass 3.40000000000000024E-01
gravity 1.93949430390822064E+00
bias 0.00000000000000000E+00
passive 6.19944827230822781E-04
actuation 0.00000000000000000E+00
length 1.06126973420543405E-01 -3.03219924058695488E-02
velocity 0.00000000000000000E+00 0.00000000000000000E+00
force 0.00000000000000000E+00 0.00000000000000000E+00
position 0.00000000000000000E+00 0.00000000000000000E+00 0.00000000000000000E+00
quaternion 1.00000000000000000E+00 0.00000000000000000E+00 0.00000000000000000E+00 0.00000000000000000E+00
position 0.00000000000000000E+00 0.00000000000000000E+00 0.00000000000000000E+00
quaternion 9.97128178040547541E-01 0.00000000000000000E+00 -7.57324009756596278E-02 0.00000000000000000E+00
unchanged_qpos -1.51609962029347733E-01
unchanged_qvel -3.09972413615411391E-03
unchanged_time 1.25000000000000000E-01
act 6.38279492015246808E-01
step SUCCESS
step_clamped -1.00000000000000000E+00
qpos -4.68724498809012305E-02
qvel 1.02233255348457708E+00
time 3.25000000000000178E-01
reset_qpos 0.00000000000000000E+00
reset_qvel 0.00000000000000000E+00
forward SUCCESS
forward_clamped -1.00000000000000000E+00
qacc 5.60790009762026465E+00
act_dot 0.00000000000000000E+00
mass 3.39999999999999969E-01
gravity 1.92385675589625471E+00
bias -3.38813178901720136E-21
passive -1.03665748908512226E-02
actuation 0.00000000000000000E+00
length -1.38254241694108021E-01 3.95012119126023006E-02
velocity 0.00000000000000000E+00 0.00000000000000000E+00
force 0.00000000000000000E+00 0.00000000000000000E+00
position 0.00000000000000000E+00 0.00000000000000000E+00 0.00000000000000000E+00
quaternion 1.00000000000000000E+00 0.00000000000000000E+00 0.00000000000000000E+00 0.00000000000000000E+00
position 0.00000000000000000E+00 0.00000000000000000E+00 0.00000000000000000E+00
quaternion 9.95127880959968514E-01 0.00000000000000000E+00 9.85925987897806749E-02 0.00000000000000000E+00
unchanged_qpos 1.97506059563011482E-01
unchanged_qvel 5.18328744542561060E-02
unchanged_time 1.25000000000000000E-01
act 1.25200264989207555E-01
step SUCCESS
step_clamped -1.00000000000000000E+00
qpos 1.97632130553203084E-01
qvel 6.30354950958006977E-02
time 1.27000000000000002E-01
reset_qpos 0.00000000000000000E+00
reset_qvel 0.00000000000000000E+00
forward SUCCESS
forward_clamped -1.00000000000000000E+00
qacc 6.04362650674451807E+00
act_dot 0.00000000000000000E+00
mass 3.40000000000000024E-01
gravity 1.96199560772130299E+00
bias 3.38813178901720136E-21
passive 8.29675921845396264E-02
actuation 0.00000000000000000E+00
length -1.48118246447614954E-03 4.23194989850328440E-04
velocity 0.00000000000000000E+00 0.00000000000000000E+00
force 0.00000000000000000E+00 0.00000000000000000E+00
position 0.00000000000000000E+00 0.00000000000000000E+00 0.00000000000000000E+00
quaternion 1.00000000000000000E+00 0.00000000000000000E+00 0.00000000000000000E+00 0.00000000000000000E+00
position 0.00000000000000000E+00 0.00000000000000000E+00 0.00000000000000000E+00
quaternion 9.99999440331303835E-01 0.00000000000000000E+00 1.05798727725165700E-03 0.00000000000000000E+00
unchanged_qpos 2.11597494925164220E-03
unchanged_qvel -4.14837960922698090E-01
unchanged_time 1.25000000000000000E-01
act -3.01654315294386355E-01
step SUCCESS
step_clamped -1.00000000000000000E+00
qpos 1.31044512625810416E-03
qvel -4.02764911496768963E-01
time 1.27000000000000002E-01
lifecycle PASS
