create SUCCESS
reset_qpos 0.00000000000000000E+00
reset_qvel 0.00000000000000000E+00
forward SUCCESS
forward_clamped -1.00000000000000000E+00
qacc 7.04419496178513427E+00
act_dot 6.71034400841432159E+01
mass 3.40000000000000024E-01
gravity 1.93713370276936936E+00
bias -5.42101086242752217E-20
passive 4.12718494064325606E-02
actuation 3.39746752643677374E-01
length -1.11565226580535845E-01 3.18757790230102464E-02
velocity 1.44451472922513952E-01 -4.12718494064325606E-02
force -8.16937689471211148E-01 -1.16054814993085165E+00
position 0.00000000000000000E+00 0.00000000000000000E+00 0.00000000000000000E+00
quaternion 1.00000000000000000E+00 0.00000000000000000E+00 0.00000000000000000E+00 0.00000000000000000E+00
position 0.00000000000000000E+00 0.00000000000000000E+00 0.00000000000000000E+00
quaternion 9.96826475938439094E-01 0.00000000000000000E+00 7.96051309159943876E-02 0.00000000000000000E+00
unchanged_qpos 1.59378895115051211E-01
unchanged_qvel -2.06359247032162796E-01
unchanged_time 1.25000000000000000E-01
act 7.99939070170667121E-01
step SUCCESS
step_clamped -1.00000000000000000E+00
qpos 1.85479835835103579E-01
qvel 3.94199906402689648E-01
time 3.25000000000000178E-01
reset_qpos 0.00000000000000000E+00
reset_qvel 0.00000000000000000E+00
forward SUCCESS
forward_clamped -1.00000000000000000E+00
qacc 4.10765579333717135E+00
act_dot 4.15976348830396869E+00
mass 3.40000000000000024E-01
gravity 1.93185356714399981E+00
bias 0.00000000000000000E+00
passive 5.32424425667864104E-02
actuation -5.49423613096355123E-01
length 1.22868104453978944E-01 -3.51051727011368470E-02
velocity 1.86348548983752416E-01 -5.32424425667864104E-02
force 7.60174231071272133E-01 -8.65082567323232077E-02
position 0.00000000000000000E+00 0.00000000000000000E+00 0.00000000000000000E+00
quaternion 1.00000000000000000E+00 0.00000000000000000E+00 0.00000000000000000E+00 0.00000000000000000E+00
position 0.00000000000000000E+00 0.00000000000000000E+00 0.00000000000000000E+00
quaternion 9.96151305183892166E-01 0.00000000000000000E+00 -8.76503119243064455E-02 0.00000000000000000E+00
unchanged_qpos -1.75525863505684221E-01
unchanged_qvel -2.66212212833932038E-01
unchanged_time 1.25000000000000000E-01
act 4.39860825033556391E-01
step SUCCESS
step_clamped -1.00000000000000000E+00
qpos -1.76041876615609022E-01
qvel -2.58006554962400658E-01
time 1.27000000000000002E-01
reset_qpos 0.00000000000000000E+00
reset_qvel 0.00000000000000000E+00
forward SUCCESS
forward_clamped -1.00000000000000000E+00
qacc 3.25497828820152257E+00
act_dot -7.56163654703363441E+00
mass 3.40000000000000024E-01
gravity 1.96118383340269520E+00
bias 0.00000000000000000E+00
passive 9.43401638741873660E-02
actuation -1.01072181171542685E+00
length -2.01914729227347309E-02 5.76899226363849528E-03
velocity 3.30190573559655698E-01 -9.43401638741873660E-02
force 9.05925887587638701E-01 -1.88286845202039910E+00
position 0.00000000000000000E+00 0.00000000000000000E+00 0.00000000000000000E+00
quaternion 1.00000000000000000E+00 0.00000000000000000E+00 0.00000000000000000E+00 0.00000000000000000E+00
position 0.00000000000000000E+00 0.00000000000000000E+00 0.00000000000000000E+00
quaternion 9.99895997828610938E-01 0.00000000000000000E+00 1.44219806658610287E-02 0.00000000000000000E+00
unchanged_qpos 2.88449613181924747E-02
unchanged_qvel -4.71700819370936775E-01
unchanged_time 1.25000000000000000E-01
act 4.94965103094888670E-01
step SUCCESS
step_clamped -1.00000000000000000E+00
qpos 2.79145642930579869E-02
qvel -4.65198512567243982E-01
time 1.27000000000000002E-01
reset_qpos 0.00000000000000000E+00
reset_qvel 0.00000000000000000E+00
forward SUCCESS
forward_clamped -1.00000000000000000E+00
qacc 5.20053069153269565E+00
act_dot 3.72641922292950198E+01
mass 3.40000000000000024E-01
gravity 1.72593505723550789E+00
bias -2.71050543121376109E-20
passive -1.64889991885576424E-02
actuation 7.96572511493090496E-03
length -3.46923026013843894E-01 9.91208645753839934E-02
velocity -5.77114971599517398E-02 1.64889991885576424E-02
force 1.19391191800969576E-01 4.57697796878048013E-01
position 0.00000000000000000E+00 0.00000000000000000E+00 0.00000000000000000E+00
quaternion 1.00000000000000000E+00 0.00000000000000000E+00 0.00000000000000000E+00 0.00000000000000000E+00
position 0.00000000000000000E+00 0.00000000000000000E+00 0.00000000000000000E+00
quaternion 9.69453835072761838E-01 0.00000000000000000E+00 2.45273850344293026E-01 0.00000000000000000E+00
unchanged_qpos 4.95604322876919912E-01
unchanged_qvel 8.24449959427882018E-02
unchanged_time 1.25000000000000000E-01
act 6.88645293789836077E-01
step SUCCESS
step_clamped -1.00000000000000000E+00
qpos 5.74550158668985622E-01
qvel 6.54895564714304323E-01
time 3.25000000000000178E-01
reset_qpos 0.00000000000000000E+00
reset_qvel 0.00000000000000000E+00
forward SUCCESS
forward_clamped -1.00000000000000000E+00
qacc 8.01535579803642939E+00
act_dot -8.71684242841975454E+00
mass 3.40000000000000024E-01
gravity 1.89114563815950665E+00
bias 2.16840434497100887E-19
passive 8.29084431039226744E-02
actuation 6.76376359925197734E-01
length -1.88695940597743528E-01 5.39131258850695794E-02
velocity 2.90179550863729319E-01 -8.29084431039226744E-02
force -4.55054485427151212E-01 1.78919110063095976E+00
position 0.00000000000000000E+00 0.00000000000000000E+00 0.00000000000000000E+00
quaternion 1.00000000000000000E+00 0.00000000000000000E+00 0.00000000000000000E+00 0.00000000000000000E+00
position 0.00000000000000000E+00 0.00000000000000000E+00 0.00000000000000000E+00
quaternion 9.90930538869550848E-01 0.00000000000000000E+00 1.34375098644435392E-01 0.00000000000000000E+00
unchanged_qpos 2.69565629425347897E-01
unchanged_qvel -4.14542215519613344E-01
unchanged_time 1.25000000000000000E-01
act -3.42253496072847330E-01
step SUCCESS
step_clamped -1.00000000000000000E+00
qpos 2.68768568742502933E-01
qvel -3.98530341422478285E-01
time 1.27000000000000002E-01
reset_qpos 0.00000000000000000E+00
reset_qvel 0.00000000000000000E+00
forward SUCCESS
forward_clamped -1.00000000000000000E+00
qacc 1.97428770220277339E+00
act_dot 8.51890253393123764E+00
mass 3.40000000000000024E-01
gravity 1.80511447621171972E+00
bias 1.08420217248550443E-19
passive 3.73017610823768858E-02
actuation -1.14279664403366565E+00
length -2.81833282753374992E-01 8.05237950723928786E-02
velocity 1.30556163788319080E-01 -3.73017610823768858E-02
force 1.19999999999999996E+00 -1.51398322016832898E+00
position 0.00000000000000000E+00 0.00000000000000000E+00 0.00000000000000000E+00
quaternion 1.00000000000000000E+00 0.00000000000000000E+00 0.00000000000000000E+00 0.00000000000000000E+00
position 0.00000000000000000E+00 0.00000000000000000E+00 0.00000000000000000E+00
quaternion 9.79805582585951185E-01 0.00000000000000000E+00 1.99952545203617715E-01 0.00000000000000000E+00
unchanged_qpos 4.02618975361964337E-01
unchanged_qvel -1.86508805411884415E-01
unchanged_time 1.25000000000000000E-01
act 6.45835564533953299E-01
step SUCCESS
step_clamped -1.00000000000000000E+00
qpos 4.02253845622101203E-01
qvel -1.82564869931573365E-01
time 1.27000000000000002E-01
reset_qpos 0.00000000000000000E+00
reset_qvel 0.00000000000000000E+00
forward SUCCESS
forward_clamped -1.00000000000000000E+00
qacc 2.91410523296430135E+00
act_dot 1.48061161104249166E+01
mass 3.40000000000000024E-01
gravity 1.76617924256977088E+00
bias 0.00000000000000000E+00
passive -9.41083845924494122E-02
actuation -7.32666833025812037E-01
length -3.15408213426975614E-01 9.01166324077073422E-02
velocity -3.29379346073572943E-01 9.41083845924494122E-02
force 1.11709038548836004E+00 2.46482184080199396E-01
position 0.00000000000000000E+00 0.00000000000000000E+00 0.00000000000000000E+00
quaternion 1.00000000000000000E+00 0.00000000000000000E+00 0.00000000000000000E+00 0.00000000000000000E+00
position 0.00000000000000000E+00 0.00000000000000000E+00 0.00000000000000000E+00
quaternion 9.74729012051140487E-01 0.00000000000000000E+00 2.23390584102839240E-01 0.00000000000000000E+00
unchanged_qpos 4.50583162038536655E-01
unchanged_qvel 4.70541922962247061E-01
unchanged_time 1.25000000000000000E-01
act 7.99986556067370680E-01
step SUCCESS
step_clamped -1.00000000000000000E+00
qpos 5.95945325990741792E-01
qvel 9.54455760704976508E-01
time 3.25000000000000178E-01
reset_qpos 0.00000000000000000E+00
reset_qvel 0.00000000000000000E+00
forward SUCCESS
forward_clamped -1.00000000000000000E+00
qacc 3.45771026415230720E+00
act_dot -5.54510041624952308E+01
mass 3.40000000000000024E-01
gravity 1.92974998761740468E+00
bias 0.00000000000000000E+00
passive 5.70572373211781364E-02
actuation -8.66395157438587193E-01
length -1.27094034518775933E-01 3.63125812910788381E-02
velocity 1.99700330624123457E-01 -5.70572373211781364E-02
force 1.13352228575564618E+00 -3.64647787048174798E-01
position 0.00000000000000000E+00 0.00000000000000000E+00 0.00000000000000000E+00
quaternion 1.00000000000000000E+00 0.00000000000000000E+00 0.00000000000000000E+00 0.00000000000000000E+00
position 0.00000000000000000E+00 0.00000000000000000E+00 0.00000000000000000E+00
quaternion 9.95882193037983754E-01 0.00000000000000000E+00 9.06568121536169280E-02 0.00000000000000000E+00
unchanged_qpos 1.81562906455394191E-01
unchanged_qvel -2.85286186605890668E-01
unchanged_time 1.25000000000000000E-01
act 5.03482868677868622E-01
step SUCCESS
step_clamped -1.00000000000000000E+00
qpos 1.81006148670781852E-01
qvel -2.78378892306173964E-01
time 1.27000000000000002E-01
reset_qpos 0.00000000000000000E+00
reset_qvel 0.00000000000000000E+00
forward SUCCESS
forward_clamped -1.00000000000000000E+00
qacc 7.69381063437056323E+00
act_dot -3.60281415520337367E+00
mass 3.40000000000000024E-01
gravity 1.87916331932161307E+00
bias 2.16840434497100887E-19
passive 7.69160057024778632E-02
actuation 7.29313499854853609E-01
length -2.04133771426874111E-01 5.83239346933926150E-02
velocity 2.69206019958672438E-01 -7.69160057024778632E-02
force -6.20105391286757679E-01 1.47619862977061622E+00
position 0.00000000000000000E+00 0.00000000000000000E+00 0.00000000000000000E+00
quaternion 1.00000000000000000E+00 0.00000000000000000E+00 0.00000000000000000E+00 0.00000000000000000E+00
position 0.00000000000000000E+00 0.00000000000000000E+00 0.00000000000000000E+00
quaternion 9.89388566131345737E-01 0.00000000000000000E+00 1.45293720471875387E-01 0.00000000000000000E+00
unchanged_qpos 2.91619673466963047E-01
unchanged_qvel -3.84580028512389260E-01
unchanged_time 1.25000000000000000E-01
act -4.34800778842847457E-01
step SUCCESS
step_clamped -1.00000000000000000E+00
qpos 2.90881252488853492E-01
qvel -3.69210489054774715E-01
time 1.27000000000000002E-01
reset_qpos 0.00000000000000000E+00
reset_qvel 0.00000000000000000E+00
forward SUCCESS
forward_clamped -1.00000000000000000E+00
qacc 6.61450061762908348E+00
act_dot -5.36467208447570787E+00
mass 3.40000000000000024E-01
gravity 1.95593318101958258E+00
bias 0.00000000000000000E+00
passive -5.24717606841973022E-02
actuation 3.43114323514430664E-01
length -5.50625128677046799E-02 1.57321465336299100E-02
velocity -1.83651162394690537E-01 5.24717606841973022E-02
force -5.14352162788576317E-01 -8.46609521878636251E-02
position 0.00000000000000000E+00 0.00000000000000000E+00 0.00000000000000000E+00
quaternion 1.00000000000000000E+00 0.00000000000000000E+00 0.00000000000000000E+00 0.00000000000000000E+00
position 0.00000000000000000E+00 0.00000000000000000E+00 0.00000000000000000E+00
quaternion 9.99226660838150815E-01 0.00000000000000000E+00 3.93202272404295783E-02 0.00000000000000000E+00
unchanged_qpos 7.86607326681495467E-02
unchanged_qvel 2.62358803420986497E-01
unchanged_time 1.25000000000000000E-01
act -4.99995128885283358E-01
step SUCCESS
step_clamped -1.00000000000000000E+00
qpos 2.62183436817619742E-01
qvel 1.52153327081478884E+00
time 3.25000000000000178E-01
reset_qpos 0.00000000000000000E+00
reset_qvel 0.00000000000000000E+00
forward SUCCESS
forward_clamped -1.00000000000000000E+00
qacc 3.40085859793681289E+00
act_dot -4.42230795936310557E+01
mass 3.40000000000000024E-01
gravity 1.89411748706657734E+00
bias 0.00000000000000000E+00
passive -3.05004784996798506E-03
actuation -6.57779579892750821E-01
length 1.84672690819084551E-01 -5.27636259483098835E-02
velocity -1.06751674748879477E-02 3.05004784996798506E-03
force 7.00317932432707901E-01 -8.37785135949276505E-01
position 0.00000000000000000E+00 0.00000000000000000E+00 0.00000000000000000E+00
quaternion 1.00000000000000000E+00 0.00000000000000000E+00 0.00000000000000000E+00 0.00000000000000000E+00
position 0.00000000000000000E+00 0.00000000000000000E+00 0.00000000000000000E+00
quaternion 9.91312606990052969E-01 0.00000000000000000E+00 -1.31526861220759100E-01 0.00000000000000000E+00
unchanged_qpos -2.63818129741549390E-01
unchanged_qvel 1.52502392498399253E-02
unchanged_time 1.25000000000000000E-01
act 3.00293943141997033E-01
step SUCCESS
step_clamped -1.00000000000000000E+00
qpos -2.63774041813892246E-01
qvel 2.20439638285621145E-02
time 1.27000000000000002E-01
reset_qpos 0.00000000000000000E+00
reset_qvel 0.00000000000000000E+00
forward SUCCESS
forward_clamped -1.00000000000000000E+00
qacc 5.90518677250354873E+00
act_dot -2.48853285235654980E+01
mass 3.40000000000000024E-01
gravity 1.95540416155945884E+00
bias 0.00000000000000000E+00
passive -6.87390740469298323E-02
actuation 1.74713087911921805E-01
length 5.74143276582929699E-02 -1.64040936166551347E-02
velocity -2.40586759164254371E-01 6.87390740469298323E-02
force 1.26994223336589884E-01 1.31804522123767365E+00
position 0.00000000000000000E+00 0.00000000000000000E+00 0.00000000000000000E+00
quaternion 1.00000000000000000E+00 0.00000000000000000E+00 0.00000000000000000E+00 0.00000000000000000E+00
position 0.00000000000000000E+00 0.00000000000000000E+00 0.00000000000000000E+00
quaternion 9.99159198202960397E-01 0.00000000000000000E+00 -4.09987395710804392E-02 0.00000000000000000E+00
unchanged_qpos -8.20204680832756772E-02
unchanged_qvel 3.43695370234649134E-01
unchanged_time 1.25000000000000000E-01
act -4.96564718352075704E-02
step SUCCESS
step_clamped -1.00000000000000000E+00
qpos -8.13094843521759286E-02
qvel 3.55491865549873609E-01
time 1.27000000000000002E-01
lifecycle PASS
