create SUCCESS
reset_qpos 0.00000000000000000E+00
reset_qvel 0.00000000000000000E+00
forward SUCCESS
forward_clamped -1.00000000000000000E+00
qacc 5.40515459003082022E+00
act_dot 0.00000000000000000E+00
mass 3.40000000000000024E-01
gravity 1.88592544642448967E+00
bias 2.16840434497100887E-19
passive -6.11549969196859347E-02
actuation 0.00000000000000000E+00
length 1.95567463511452988E-01 -5.58764181461294251E-02
velocity 0.00000000000000000E+00 0.00000000000000000E+00
force 0.00000000000000000E+00 0.00000000000000000E+00
position 0.00000000000000000E+00 0.00000000000000000E+00 0.00000000000000000E+00
quaternion 1.00000000000000000E+00 0.00000000000000000E+00 0.00000000000000000E+00 0.00000000000000000E+00
position 0.00000000000000000E+00 0.00000000000000000E+00 0.00000000000000000E+00
quaternion 9.90259061444431210E-01 0.00000000000000000E+00 -1.39237176167840815E-01 0.00000000000000000E+00
unchanged_qpos -2.79382090730647126E-01
unchanged_qvel 3.05774984598429667E-01
unchanged_time 1.25000000000000000E-01
act -2.34958669051070157E-01
step SUCCESS
step_clamped -1.00000000000000000E+00
qpos -1.12239564928129046E-01
qvel 1.34157417698542303E+00
time 3.25000000000000178E-01
reset_qpos 0.00000000000000000E+00
reset_qvel 0.00000000000000000E+00
forward SUCCESS
forward_clamped -1.00000000000000000E+00
qacc 5.83670518941455363E+00
act_dot 0.00000000000000000E+00
mass 3.40000000000000024E-01
gravity 1.92149876475184578E+00
bias 1.32348898008484428E-23
passive 6.26270622787972187E-04
actuation 0.00000000000000000E+00
length 1.42477932144250030E-01 -4.07079806126428717E-02
velocity 0.00000000000000000E+00 0.00000000000000000E+00
force 0.00000000000000000E+00 0.00000000000000000E+00
position 0.00000000000000000E+00 0.00000000000000000E+00 0.00000000000000000E+00
quaternion 1.00000000000000000E+00 0.00000000000000000E+00 0.00000000000000000E+00 0.00000000000000000E+00
position 0.00000000000000000E+00 0.00000000000000000E+00 0.00000000000000000E+00
quaternion 9.94825906523076675E-01 0.00000000000000000E+00 -1.01594368498154702E-01 0.00000000000000000E+00
unchanged_qpos -2.03539903063214345E-01
unchanged_qvel -3.13135311393986093E-03
unchanged_time 1.25000000000000000E-01
act 6.66554066159574798E-02
step SUCCESS
step_clamped -1.00000000000000000E+00
qpos -2.03522846383256545E-01
qvel 8.52833997889767409E-03
time 1.27000000000000002E-01
reset_qpos 0.00000000000000000E+00
reset_qvel 0.00000000000000000E+00
forward SUCCESS
forward_clamped -1.00000000000000000E+00
qacc 5.32503202787628460E+00
act_dot 0.00000000000000000E+00
mass 3.40000000000000024E-01
gravity 1.85315509466240402E+00
bias 1.08420217248550443E-19
passive -4.56932340546805996E-02
actuation 0.00000000000000000E+00
length -2.34258894450193905E-01 6.69311127000554035E-02
velocity 0.00000000000000000E+00 0.00000000000000000E+00
force 0.00000000000000000E+00 0.00000000000000000E+00
position 0.00000000000000000E+00 0.00000000000000000E+00 0.00000000000000000E+00
quaternion 1.00000000000000000E+00 0.00000000000000000E+00 0.00000000000000000E+00 0.00000000000000000E+00
position 0.00000000000000000E+00 0.00000000000000000E+00 0.00000000000000000E+00
quaternion 9.86033339626942951E-01 0.00000000000000000E+00 1.66548050556401372E-01 0.00000000000000000E+00
unchanged_qpos 3.34655563500277031E-01
unchanged_qvel 2.28466170273402991E-01
unchanged_time 1.25000000000000000E-01
act -6.53327107705313548E-01
step SUCCESS
step_clamped -1.00000000000000000E+00
qpos 3.35133770939407605E-01
qvel 2.39103719565282757E-01
time 1.27000000000000002E-01
reset_qpos 0.00000000000000000E+00
reset_qvel 0.00000000000000000E+00
forward SUCCESS
forward_clamped -1.00000000000000000E+00
qacc 5.77316812801486190E+00
act_dot 0.00000000000000000E+00
mass 3.39999999999999969E-01
gravity 1.96012833463725489E+00
bias 0.00000000000000000E+00
passive -5.70266409786844009E-02
actuation 0.00000000000000000E+00
length 3.05782177451452072E-02 -8.73663364147005995E-03
velocity 0.00000000000000000E+00 0.00000000000000000E+00
force 0.00000000000000000E+00 0.00000000000000000E+00
position 0.00000000000000000E+00 0.00000000000000000E+00 0.00000000000000000E+00
quaternion 1.00000000000000000E+00 0.00000000000000000E+00 0.00000000000000000E+00 0.00000000000000000E+00
position 0.00000000000000000E+00 0.00000000000000000E+00 0.00000000000000000E+00
quaternion 9.99761482084323472E-01 0.00000000000000000E+00 -2.18398475396887511E-02 0.00000000000000000E+00
unchanged_qpos -4.36831682073502980E-02
unchanged_qvel 2.85133204893421977E-01
unchanged_time 1.25000000000000000E-01
act -2.62566458189423313E-01
step SUCCESS
step_clamped -1.00000000000000000E+00
qpos 1.25468673085909338E-01
qvel 1.37323241146227915E+00
time 3.25000000000000178E-01
reset_qpos 0.00000000000000000E+00
reset_qvel 0.00000000000000000E+00
forward SUCCESS
forward_clamped -1.00000000000000000E+00
qacc 5.11368919833919566E+00
act_dot 0.00000000000000000E+00
mass 3.40000000000000024E-01
gravity 1.77133547911387601E+00
bias 0.00000000000000000E+00
passive -8.64263393633010052E-02
actuation 0.00000000000000000E+00
length -3.11157221837410070E-01 8.89020633821171746E-02
velocity 0.00000000000000000E+00 0.00000000000000000E+00
force 0.00000000000000000E+00 0.00000000000000000E+00
position 0.00000000000000000E+00 0.00000000000000000E+00 0.00000000000000000E+00
quaternion 1.00000000000000000E+00 0.00000000000000000E+00 0.00000000000000000E+00 0.00000000000000000E+00
position 0.00000000000000000E+00 0.00000000000000000E+00 0.00000000000000000E+00
quaternion 9.75402825788941996E-01 0.00000000000000000E+00 2.20429869670485168E-01 0.00000000000000000E+00
unchanged_qpos 4.44510316910585845E-01
unchanged_qvel 4.32131696816504984E-01
unchanged_time 1.25000000000000000E-01
act 5.67867493809939283E-01
step SUCCESS
step_clamped -1.00000000000000000E+00
qpos 4.45395011024870280E-01
qvel 4.42347057142211952E-01
time 1.27000000000000002E-01
reset_qpos 0.00000000000000000E+00
reset_qvel 0.00000000000000000E+00
forward SUCCESS
forward_clamped -1.00000000000000000E+00
qacc 5.16066194730947281E+00
act_dot 0.00000000000000000E+00
mass 3.40000000000000024E-01
gravity 1.77001245342091029E+00
bias 1.35525271560688054E-20
passive -1.54027352978367126E-02
actuation 0.00000000000000000E+00
length 3.12253119204661034E-01 -8.92151769156174501E-02
velocity 0.00000000000000000E+00 0.00000000000000000E+00
force 0.00000000000000000E+00 0.00000000000000000E+00
position 0.00000000000000000E+00 0.00000000000000000E+00 0.00000000000000000E+00
quaternion 1.00000000000000000E+00 0.00000000000000000E+00 0.00000000000000000E+00 0.00000000000000000E+00
position 0.00000000000000000E+00 0.00000000000000000E+00 0.00000000000000000E+00
quaternion 9.75229978028825384E-01 0.00000000000000000E+00 -2.21193331621675593E-01 0.00000000000000000E+00
unchanged_qpos -4.46075884578087223E-01
unchanged_qvel 7.70136764891835579E-02
unchanged_time 1.25000000000000000E-01
act -2.99984766307879402E-01
step SUCCESS
step_clamped -1.00000000000000000E+00
qpos -4.45901238834250035E-01
qvel 8.73228719185914354E-02
time 1.27000000000000002E-01
reset_qpos 0.00000000000000000E+00
reset_qvel 0.00000000000000000E+00
forward SUCCESS
forward_clamped -1.00000000000000000E+00
qacc 5.46904230469559405E+00
act_dot 0.00000000000000000E+00
mass 3.40000000000000024E-01
gravity 1.77746903687796021E+00
bias 8.47032947254300339E-22
passive -3.76524589805533622E-03
actuation 0.00000000000000000E+00
length 3.06028797604325720E-01 -8.74367993155216461E-02
velocity 0.00000000000000000E+00 0.00000000000000000E+00
force 0.00000000000000000E+00 0.00000000000000000E+00
position 0.00000000000000000E+00 0.00000000000000000E+00 0.00000000000000000E+00
quaternion 1.00000000000000000E+00 0.00000000000000000E+00 0.00000000000000000E+00 0.00000000000000000E+00
position 0.00000000000000000E+00 0.00000000000000000E+00 0.00000000000000000E+00
quaternion 9.76203749568840151E-01 0.00000000000000000E+00 -2.16855341939591162E-01 0.00000000000000000E+00
unchanged_qpos -4.37183996577608203E-01
unchanged_qvel 1.88262294902766802E-02
unchanged_time 1.25000000000000000E-01
act 6.58283917208615232E-01
step SUCCESS
step_clamped -1.00000000000000000E+00
qpos -3.26348995611713988E-01
qvel 1.06663683241614660E+00
time 3.25000000000000178E-01
reset_qpos 0.00000000000000000E+00
reset_qvel 0.00000000000000000E+00
forward SUCCESS
forward_clamped -1.00000000000000000E+00
qacc 5.38374582786873734E+00
act_dot 0.00000000000000000E+00
mass 3.40000000000000024E-01
gravity 1.83484120022576858E+00
bias 0.00000000000000000E+00
passive 3.32900163226008891E-02
actuation 0.00000000000000000E+00
length -2.53402389831875852E-01 7.24006828091073862E-02
velocity 0.00000000000000000E+00 0.00000000000000000E+00
force 0.00000000000000000E+00 0.00000000000000000E+00
position 0.00000000000000000E+00 0.00000000000000000E+00 0.00000000000000000E+00
quaternion 1.00000000000000000E+00 0.00000000000000000E+00 0.00000000000000000E+00 0.00000000000000000E+00
position 0.00000000000000000E+00 0.00000000000000000E+00 0.00000000000000000E+00
quaternion 9.83663864034446611E-01 0.00000000000000000E+00 1.80015006576733805E-01 0.00000000000000000E+00
unchanged_qpos 3.62003414045536931E-01
unchanged_qvel -1.66450081613004452E-01
unchanged_time 1.25000000000000000E-01
act 3.02302676046621199E-01
step SUCCESS
step_clamped -1.00000000000000000E+00
qpos 3.61692023560119091E-01
qvel -1.55695242708918852E-01
time 1.27000000000000002E-01
reset_qpos 0.00000000000000000E+00
reset_qvel 0.00000000000000000E+00
forward SUCCESS
forward_clamped -1.00000000000000000E+00
qacc 5.84594240291166045E+00
act_dot 0.00000000000000000E+00
mass 3.40000000000000024E-01
gravity 1.92668465871174210E+00
bias 0.00000000000000000E+00
passive 1.42858976406612381E-02
actuation 0.00000000000000000E+00
length 1.33014452171829722E-01 -3.80041291919513552E-02
velocity 0.00000000000000000E+00 0.00000000000000000E+00
force 0.00000000000000000E+00 0.00000000000000000E+00
position 0.00000000000000000E+00 0.00000000000000000E+00 0.00000000000000000E+00
quaternion 1.00000000000000000E+00 0.00000000000000000E+00 0.00000000000000000E+00 0.00000000000000000E+00
position 0.00000000000000000E+00 0.00000000000000000E+00 0.00000000000000000E+00
quaternion 9.95489913493560419E-01 0.00000000000000000E+00 -9.48674450619579473E-02 0.00000000000000000E+00
unchanged_qpos -1.90020645959756762E-01
unchanged_qvel -7.14294882033061906E-02
unchanged_time 1.25000000000000000E-01
act -2.66803536362150262E-01
step SUCCESS
step_clamped -1.00000000000000000E+00
qpos -1.90140148644541873E-01
qvel -5.97513423925543422E-02
time 1.27000000000000002E-01
reset_qpos 0.00000000000000000E+00
reset_qvel 0.00000000000000000E+00
forward SUCCESS
forward_clamped -1.00000000000000000E+00
qacc 5.45598562772158502E+00
act_dot 0.00000000000000000E+00
mass 3.40000000000000024E-01
gravity 1.93926979642222941E+00
bias 0.00000000000000000E+00
passive -2.52512234033919897E-02
actuation 0.00000000000000000E+00
length -1.06656020522598025E-01 3.04731487207422942E-02
velocity 0.00000000000000000E+00 0.00000000000000000E+00
force 0.00000000000000000E+00 0.00000000000000000E+00
position 0.00000000000000000E+00 0.00000000000000000E+00 0.00000000000000000E+00
quaternion 1.00000000000000000E+00 0.00000000000000000E+00 0.00000000000000000E+00 0.00000000000000000E+00
position 0.00000000000000000E+00 0.00000000000000000E+00 0.00000000000000000E+00
quaternion 9.97099488268936351E-01 0.00000000000000000E+00 7.61092011114643668E-02 0.00000000000000000E+00
unchanged_qpos 1.52365743603711468E-01
unchanged_qvel 1.26256117016959934E-01
unchanged_time 1.25000000000000000E-01
act -2.73878245974576717E-01
step SUCCESS
step_clamped -1.00000000000000000E+00
qpos 2.83018667821278103E-01
qvel 1.14497401459963943E+00
time 3.25000000000000178E-01
reset_qpos 0.00000000000000000E+00
reset_qvel 0.00000000000000000E+00
forward SUCCESS
forward_clamped -1.00000000000000000E+00
qacc 5.45809240491901093E+00
act_dot 0.00000000000000000E+00
mass 3.40000000000000024E-01
gravity 1.86076677304436178E+00
bias 5.42101086242752217E-20
passive -3.62374928675123706E-02
actuation 0.00000000000000000E+00
length 2.25844933629349681E-01 -6.45271238940999109E-02
velocity 0.00000000000000000E+00 0.00000000000000000E+00
force 0.00000000000000000E+00 0.00000000000000000E+00
position 0.00000000000000000E+00 0.00000000000000000E+00 0.00000000000000000E+00
quaternion 1.00000000000000000E+00 0.00000000000000000E+00 0.00000000000000000E+00 0.00000000000000000E+00
position 0.00000000000000000E+00 0.00000000000000000E+00 0.00000000000000000E+00
quaternion 9.87016475132284077E-01 0.00000000000000000E+00 -1.60619045624860401E-01 0.00000000000000000E+00
unchanged_qpos -3.22635619470499568E-01
unchanged_qvel 1.81187464337561832E-01
unchanged_time 1.25000000000000000E-01
act 4.67482373309511701E-01
step SUCCESS
step_clamped -1.00000000000000000E+00
qpos -3.22251437827163201E-01
qvel 1.92090821668187361E-01
time 1.27000000000000002E-01
reset_qpos 0.00000000000000000E+00
reset_qvel 0.00000000000000000E+00
forward SUCCESS
forward_clamped -1.00000000000000000E+00
qacc 5.33042511427564136E+00
act_dot 0.00000000000000000E+00
mass 3.40000000000000024E-01
gravity 1.82922782235794923E+00
bias -2.16840434497100887E-19
passive 5.65130623249887609E-02
actuation 0.00000000000000000E+00
length -2.58998450719273798E-01 7.39995573483639424E-02
velocity 0.00000000000000000E+00 0.00000000000000000E+00
force 0.00000000000000000E+00 0.00000000000000000E+00
position 0.00000000000000000E+00 0.00000000000000000E+00 0.00000000000000000E+00
quaternion 1.00000000000000000E+00 0.00000000000000000E+00 0.00000000000000000E+00 0.00000000000000000E+00
position 0.00000000000000000E+00 0.00000000000000000E+00 0.00000000000000000E+00
quaternion 9.82936454190214692E-01 0.00000000000000000E+00 1.83945445782079886E-01 0.00000000000000000E+00
unchanged_qpos 3.69997786741819712E-01
unchanged_qvel -2.82565311624943805E-01
unchanged_time 1.25000000000000000E-01
act -2.32831417756413139E-01
step SUCCESS
step_clamped -1.00000000000000000E+00
qpos 3.69453952764149773E-01
qvel -2.71916988834968953E-01
time 1.27000000000000002E-01
lifecycle PASS
