create SUCCESS
reset_qpos 0.00000000000000000E+00
reset_qvel 0.00000000000000000E+00
forward SUCCESS
forward_clamped -1.00000000000000000E+00
qacc 5.40725210138283163E+00
act_dot 3.85180808035606859E+01
mass 3.40000000000000024E-01
gravity 1.91320708567032338E+00
bias -2.16840434497100887E-19
passive 8.43718763050353843E-02
actuation -1.37938102974197507E-01
length -1.56439379792866151E-01 4.46969656551046146E-02
velocity 2.95301567067623782E-01 -8.43718763050353843E-02
force -2.05876345596137586E-02 -7.61747235829635549E-01
position 0.00000000000000000E+00 0.00000000000000000E+00 0.00000000000000000E+00
quaternion 1.00000000000000000E+00 0.00000000000000000E+00 0.00000000000000000E+00 0.00000000000000000E+00
position 0.00000000000000000E+00 0.00000000000000000E+00 0.00000000000000000E+00
quaternion 9.93763309961618768E-01 0.00000000000000000E+00 1.11510016474429832E-01 0.00000000000000000E+00
unchanged_qpos 2.23484828275523073E-01
unchanged_qvel -4.21859381525176880E-01
unchanged_time 1.25000000000000000E-01
act 4.00000000000000022E-01
step SUCCESS
step_clamped -1.00000000000000000E+00
qpos 2.14271613948419176E-01
qvel 2.89205216935580212E-01
time 3.25000000000000178E-01
reset_qpos 0.00000000000000000E+00
reset_qvel 0.00000000000000000E+00
forward SUCCESS
forward_clamped -1.00000000000000000E+00
qacc 4.05494029221863617E+00
act_dot 3.40682345397847115E+01
mass 3.40000000000000024E-01
gravity 1.82957083401518128E+00
bias 0.00000000000000000E+00
passive -9.01867901260100802E-02
actuation -3.11487560921948903E-01
length -2.58659813739590572E-01 7.39028039255973240E-02
velocity -3.15653765441035239E-01 9.01867901260100802E-02
force 4.42408722857403958E-01 -9.00727460883077313E-03
position 0.00000000000000000E+00 0.00000000000000000E+00 0.00000000000000000E+00
quaternion 1.00000000000000000E+00 0.00000000000000000E+00 0.00000000000000000E+00 0.00000000000000000E+00
position 0.00000000000000000E+00 0.00000000000000000E+00 0.00000000000000000E+00
quaternion 9.82980918813831761E-01 0.00000000000000000E+00 1.83707684237527480E-01 0.00000000000000000E+00
unchanged_qpos 3.69514019627986579E-01
unchanged_qvel 4.50933950630050373E-01
unchanged_time 1.25000000000000000E-01
act 1.83475732439554118E-01
step SUCCESS
step_clamped -1.00000000000000000E+00
qpos 3.70432088230766732E-01
qvel 4.59034301390064126E-01
time 1.27000000000000002E-01
reset_qpos 0.00000000000000000E+00
reset_qvel 0.00000000000000000E+00
forward SUCCESS
forward_clamped -1.00000000000000000E+00
qacc 6.67524713289194160E+00
act_dot 3.03661818259446115E+01
mass 3.40000000000000024E-01
gravity 1.92683807076286784E+00
bias 0.00000000000000000E+00
passive 6.92187718243487959E-02
actuation 1.98471014374301730E-01
length 1.32724355607569761E-01 -3.79212444593056489E-02
velocity 2.42265701385220744E-01 -6.92187718243487959E-02
force -3.06178061880501284E-01 -7.92681447102459025E-02
position 0.00000000000000000E+00 0.00000000000000000E+00 0.00000000000000000E+00
quaternion 1.00000000000000000E+00 0.00000000000000000E+00 0.00000000000000000E+00 0.00000000000000000E+00
position 0.00000000000000000E+00 0.00000000000000000E+00 0.00000000000000000E+00
quaternion 9.95509549778924252E-01 0.00000000000000000E+00 -9.46611657384560240E-02 0.00000000000000000E+00
unchanged_qpos -1.89606222296528237E-01
unchanged_qvel -3.46093859121743952E-01
unchanged_time 1.25000000000000000E-01
act -1.29209994026475428E-01
step SUCCESS
step_clamped -1.00000000000000000E+00
qpos -1.90271740402254891E-01
qvel -3.32759052863322913E-01
time 1.27000000000000002E-01
reset_qpos 0.00000000000000000E+00
reset_qvel 0.00000000000000000E+00
forward SUCCESS
forward_clamped -1.00000000000000000E+00
qacc 3.63057218663779580E+00
act_dot 1.44318765329853100E+01
mass 3.40000000000000024E-01
gravity 1.87714227781713161E+00
bias 0.00000000000000000E+00
passive 3.25857356074678028E-02
actuation -7.02079939397425301E-01
length 2.06627002371276930E-01 -5.90362863917934175E-02
velocity 1.14050074626137296E-01 -3.25857356074678028E-02
force 8.84518082241888881E-01 -4.14586409140515144E-01
position 0.00000000000000000E+00 0.00000000000000000E+00 0.00000000000000000E+00
quaternion 1.00000000000000000E+00 0.00000000000000000E+00 0.00000000000000000E+00 0.00000000000000000E+00
position 0.00000000000000000E+00 0.00000000000000000E+00 0.00000000000000000E+00
quaternion 9.89128246758971041E-01 0.00000000000000000E+00 -1.47055470702467078E-01 0.00000000000000000E+00
unchanged_qpos -2.95181431958967067E-01
unchanged_qvel -1.62928678037339014E-01
unchanged_time 1.25000000000000000E-01
act 4.00000000000000022E-01
step SUCCESS
step_clamped -1.00000000000000000E+00
qpos -2.51233939324730871E-01
qvel 5.75909209485272577E-01
time 3.25000000000000178E-01
reset_qpos 0.00000000000000000E+00
reset_qvel 0.00000000000000000E+00
forward SUCCESS
forward_clamped -1.00000000000000000E+00
qacc 3.76270943263018554E+00
act_dot 2.36813503852934097E+01
mass 3.40000000000000024E-01
gravity 1.96127334929386032E+00
bias 0.00000000000000000E+00
passive 5.75575287271700639E-02
actuation -7.17788039496939589E-01
length -1.90519657039477375E-02 5.44341877255649642E-03
velocity 2.01451350545095192E-01 -5.75575287271700639E-02
force 6.20259406502189359E-01 -1.41803227472703552E+00
position 0.00000000000000000E+00 0.00000000000000000E+00 0.00000000000000000E+00
quaternion 1.00000000000000000E+00 0.00000000000000000E+00 0.00000000000000000E+00 0.00000000000000000E+00
position 0.00000000000000000E+00 0.00000000000000000E+00 0.00000000000000000E+00
quaternion 9.99907405154210949E-01 0.00000000000000000E+00 1.36081269016968525E-02 0.00000000000000000E+00
unchanged_qpos 2.72170938627824821E-02
unchanged_qvel -2.87787643635850299E-01
unchanged_time 1.25000000000000000E-01
act 3.71444561235324766E-01
step SUCCESS
step_clamped -1.00000000000000000E+00
qpos 2.66565517271805143E-02
qvel -2.80271067800983875E-01
time 1.27000000000000002E-01
reset_qpos 0.00000000000000000E+00
reset_qvel 0.00000000000000000E+00
forward SUCCESS
forward_clamped -1.00000000000000000E+00
qacc 5.45195128825607966E+00
act_dot 5.75453168078176773E+01
mass 3.40000000000000024E-01
gravity 1.79010671589003301E+00
bias 0.00000000000000000E+00
passive -3.34653296932085897E-02
actuation 1.01195400325368279E-01
length 2.95199721199102483E-01 -8.43427774854578760E-02
velocity -1.17128653926230050E-01 3.34653296932085897E-02
force -5.61674957040285916E-01 -1.45988534801415915E+00
position 0.00000000000000000E+00 0.00000000000000000E+00 0.00000000000000000E+00
quaternion 1.00000000000000000E+00 0.00000000000000000E+00 0.00000000000000000E+00 0.00000000000000000E+00
position 0.00000000000000000E+00 0.00000000000000000E+00 0.00000000000000000E+00
quaternion 9.77851917235576518E-01 0.00000000000000000E+00 -2.09297940646121061E-01 0.00000000000000000E+00
unchanged_qpos -4.21713887427289325E-01
unchanged_qvel 1.67326648466042949E-01
unchanged_time 1.25000000000000000E-01
act -2.41383117608941100E-01
step SUCCESS
step_clamped -1.00000000000000000E+00
qpos -4.21357451951297202E-01
qvel 1.78217737996049230E-01
time 1.27000000000000002E-01
reset_qpos 0.00000000000000000E+00
reset_qvel 0.00000000000000000E+00
forward SUCCESS
forward_clamped -1.00000000000000000E+00
qacc 2.97524767483648045E+00
act_dot 9.29474629383741835E+00
mass 3.40000000000000024E-01
gravity 1.96183763227496910E+00
bias 0.00000000000000000E+00
passive -8.39150386322672637E-02
actuation -8.71812628388692334E-01
length 9.00567737113661115E-03 -2.57305067746760319E-03
velocity -2.93702635212935381E-01 8.39150386322672637E-02
force 1.19999999999999996E+00 -1.59063141943461606E-01
position 0.00000000000000000E+00 0.00000000000000000E+00 0.00000000000000000E+00
quaternion 1.00000000000000000E+00 0.00000000000000000E+00 0.00000000000000000E+00 0.00000000000000000E+00
position 0.00000000000000000E+00 0.00000000000000000E+00 0.00000000000000000E+00
quaternion 9.99979310728251414E-01 0.00000000000000000E+00 -6.43258233148724656E-03 0.00000000000000000E+00
unchanged_qpos -1.28652533873380159E-02
unchanged_qvel 4.19575193161336291E-01
unchanged_time 1.25000000000000000E-01
act 4.00000000000000022E-01
step SUCCESS
step_clamped -1.00000000000000000E+00
qpos 1.41333220750566452E-01
qvel 1.09352231098058650E+00
time 3.25000000000000178E-01
reset_qpos 0.00000000000000000E+00
reset_qvel 0.00000000000000000E+00
forward SUCCESS
forward_clamped -1.00000000000000000E+00
qacc 2.82769361926358753E+00
act_dot -4.99547497935469664E+01
mass 3.40000000000000024E-01
gravity 1.86028875867266241E+00
bias 4.33680868994201774E-19
passive 9.23203521290908019E-02
actuation -9.99805083727244748E-01
length -2.26382200862399102E-01 6.46806288178283229E-02
velocity 3.23121232451817786E-01 -9.23203521290908019E-02
force 9.51751906748953158E-01 -1.66789374501488785E+00
position 0.00000000000000000E+00 0.00000000000000000E+00 0.00000000000000000E+00
quaternion 1.00000000000000000E+00 0.00000000000000000E+00 0.00000000000000000E+00 0.00000000000000000E+00
position 0.00000000000000000E+00 0.00000000000000000E+00 0.00000000000000000E+00
quaternion 9.86954762917237716E-01 0.00000000000000000E+00 1.60997813509932530E-01 0.00000000000000000E+00
unchanged_qpos 3.23403144089141614E-01
unchanged_qvel -4.61601760645453996E-01
unchanged_time 1.25000000000000000E-01
act 4.00000000000000022E-01
step SUCCESS
step_clamped -1.00000000000000000E+00
qpos 3.22491238051170914E-01
qvel -4.55953018985350456E-01
time 1.27000000000000002E-01
reset_qpos 0.00000000000000000E+00
reset_qvel 0.00000000000000000E+00
forward SUCCESS
forward_clamped -1.00000000000000000E+00
qacc 6.37026562301565136E+00
act_dot -2.28334946875248725E+01
mass 3.40000000000000024E-01
gravity 1.84175630700346082E+00
bias -4.33680868994201774E-19
passive 8.40127694341895603E-02
actuation 2.37299172319227508E-01
length 2.46341774172555456E-01 -7.03833640493015666E-02
velocity 2.94044693019663461E-01 -8.40127694341895603E-02
force -1.06372651479853586E-01 8.14191581416650045E-01
position 0.00000000000000000E+00 0.00000000000000000E+00 0.00000000000000000E+00
quaternion 1.00000000000000000E+00 0.00000000000000000E+00 0.00000000000000000E+00 0.00000000000000000E+00
position 0.00000000000000000E+00 0.00000000000000000E+00 0.00000000000000000E+00
quaternion 9.84559219668639907E-01 0.00000000000000000E+00 -1.75051829369129996E-01 0.00000000000000000E+00
unchanged_qpos -3.51916820246507833E-01
unchanged_qvel -4.20063847170947802E-01
unchanged_time 1.25000000000000000E-01
act -8.67879924440438794E-02
step SUCCESS
step_clamped -1.00000000000000000E+00
qpos -3.52731496820851809E-01
qvel -4.07338287171974123E-01
time 1.27000000000000002E-01
reset_qpos 0.00000000000000000E+00
reset_qvel 0.00000000000000000E+00
forward SUCCESS
forward_clamped -1.00000000000000000E+00
qacc 4.28550917286721766E+00
act_dot -1.81751938920881813E+01
mass 3.40000000000000024E-01
gravity 1.95310481579884287E+00
bias 0.00000000000000000E+00
passive 1.69732667694850979E-02
actuation -4.62532861467898904E-01
length -6.66814794812966016E-02 1.90518512803704576E-02
velocity 5.94064336931978340E-02 -1.69732667694850979E-02
force 1.47550823503375755E-01 -1.79623642507767922E+00
position 0.00000000000000000E+00 0.00000000000000000E+00 0.00000000000000000E+00
quaternion 1.00000000000000000E+00 0.00000000000000000E+00 0.00000000000000000E+00 0.00000000000000000E+00
position 0.00000000000000000E+00 0.00000000000000000E+00 0.00000000000000000E+00
quaternion 9.98865923678420198E-01 0.00000000000000000E+00 4.76116216280900936E-02 0.00000000000000000E+00
unchanged_qpos 9.52592564018522880E-02
unchanged_qvel -8.48663338474254791E-02
unchanged_time 1.25000000000000000E-01
act -2.99999999999999989E-01
step SUCCESS
step_clamped -1.00000000000000000E+00
qpos 1.78227941526269834E-01
qvel 8.88324572217935704E-01
time 3.25000000000000178E-01
reset_qpos 0.00000000000000000E+00
reset_qvel 0.00000000000000000E+00
forward SUCCESS
forward_clamped -1.00000000000000000E+00
qacc 5.69346661311221691E+00
act_dot -7.23018271727392481E+00
mass 3.40000000000000024E-01
gravity 1.88087561369442779E+00
bias 2.71050543121376109E-20
passive -2.98825115071704728E-02
actuation 1.23355450036875536E-01
length 2.01998037442912448E-01 -5.77137249836892768E-02
velocity -1.04588790275096655E-01 2.98825115071704728E-02
force -5.43855440790540934E-01 -1.28671679258251537E+00
position 0.00000000000000000E+00 0.00000000000000000E+00 0.00000000000000000E+00
quaternion 1.00000000000000000E+00 0.00000000000000000E+00 0.00000000000000000E+00 0.00000000000000000E+00
position 0.00000000000000000E+00 0.00000000000000000E+00 0.00000000000000000E+00
quaternion 9.89609063878512885E-01 0.00000000000000000E+00 -1.43784215717489172E-01 0.00000000000000000E+00
unchanged_qpos -2.88568624918446370E-01
unchanged_qvel 1.49412557535852364E-01
unchanged_time 1.25000000000000000E-01
act -2.99999999999999989E-01
step SUCCESS
step_clamped -1.00000000000000000E+00
qpos -2.88247052698222372E-01
qvel 1.60786110111987235E-01
time 1.27000000000000002E-01
reset_qpos 0.00000000000000000E+00
reset_qvel 0.00000000000000000E+00
forward SUCCESS
forward_clamped -1.00000000000000000E+00
qacc 4.15987473990920975E+00
act_dot 2.34048572582941858E+01
mass 3.40000000000000024E-01
gravity 1.86338006302953230E+00
bias 0.00000000000000000E+00
passive -6.49605668307056822E-02
actuation -3.99612615664023396E-01
length 2.22885618976943062E-01 -6.36816054219837419E-02
velocity -2.27361983907469867E-01 6.49605668307056822E-02
force 6.42841564306408708E-01 2.51882396752313387E-01
position 0.00000000000000000E+00 0.00000000000000000E+00 0.00000000000000000E+00
quaternion 1.00000000000000000E+00 0.00000000000000000E+00 0.00000000000000000E+00 0.00000000000000000E+00
position 0.00000000000000000E+00 0.00000000000000000E+00 0.00000000000000000E+00
quaternion 9.87353785744315648E-01 0.00000000000000000E+00 -1.58532336689925668E-01 0.00000000000000000E+00
unchanged_qpos -3.18408027109918668E-01
unchanged_qvel 3.24802834153528397E-01
unchanged_time 1.25000000000000000E-01
act 3.76448187778098076E-01
step SUCCESS
step_clamped -1.00000000000000000E+00
qpos -3.17741801495529719E-01
qvel 3.33112807194475113E-01
time 1.27000000000000002E-01
lifecycle PASS
