create SUCCESS
reset_qpos 0.00000000000000000E+00
reset_qvel 0.00000000000000000E+00
forward SUCCESS
forward_clamped -1.00000000000000000E+00
qacc 5.78068598550059587E+00
act_dot 3.52399702130638772E+01
mass 3.40000000000000024E-01
gravity 1.90322658359668329E+00
bias 0.00000000000000000E+00
passive -4.69849455723132803E-02
actuation 1.35839978356883870E-02
length 1.71768746825853164E-01 -4.90767848073866211E-02
velocity -1.64447309503096439E-01 4.69849455723132803E-02
force 5.91385063411886333E-02 2.74904761372602113E-01
position 0.00000000000000000E+00 0.00000000000000000E+00 0.00000000000000000E+00
quaternion 1.00000000000000000E+00 0.00000000000000000E+00 0.00000000000000000E+00 0.00000000000000000E+00
position 0.00000000000000000E+00 0.00000000000000000E+00 0.00000000000000000E+00
quaternion 9.92482778257018139E-01 0.00000000000000000E+00 -1.22384373443796532E-01 0.00000000000000000E+00
unchanged_qpos -2.45383924036933099E-01
unchanged_qvel 2.34924727861566374E-01
unchanged_time 1.25000000000000000E-01
act 4.00000000000000022E-01
step SUCCESS
step_clamped -1.00000000000000000E+00
qpos -1.13175318215350623E-01
qvel 1.04726233454201267E+00
time 3.25000000000000178E-01
reset_qpos 0.00000000000000000E+00
reset_qvel 0.00000000000000000E+00
forward SUCCESS
forward_clamped -1.00000000000000000E+00
qacc 6.80928551689961470E+00
act_dot 1.27067589955691673E+00
mass 3.40000000000000024E-01
gravity 1.95599065571727504E+00
bias -1.35525271560688054E-20
passive 3.38322975341766724E-02
actuation 3.31088464404364180E-01
length 5.48009377865255262E-02 -1.56574107961501528E-02
velocity 1.18413041369618333E-01 -3.38322975341766724E-02
force 1.28872711232835904E-02 1.70054777095331344E+00
position 0.00000000000000000E+00 0.00000000000000000E+00 0.00000000000000000E+00
quaternion 1.00000000000000000E+00 0.00000000000000000E+00 0.00000000000000000E+00 0.00000000000000000E+00
position 0.00000000000000000E+00 0.00000000000000000E+00 0.00000000000000000E+00
quaternion 9.99233989962587943E-01 0.00000000000000000E+00 -3.91335317016841266E-02 0.00000000000000000E+00
unchanged_qpos -7.82870539807507537E-02
unchanged_qvel -1.69161487670883348E-01
unchanged_time 1.25000000000000000E-01
act -2.50997301225538635E-02
step SUCCESS
step_clamped -1.00000000000000000E+00
qpos -7.85981718200673002E-02
qvel -1.55558919658275424E-01
time 1.27000000000000002E-01
reset_qpos 0.00000000000000000E+00
reset_qvel 0.00000000000000000E+00
forward SUCCESS
forward_clamped -1.00000000000000000E+00
qacc 2.70135811302430628E+00
act_dot -9.96798857328470120E+01
mass 3.40000000000000024E-01
gravity 1.78902195859699309E+00
bias 0.00000000000000000E+00
passive -6.31125729353405884E-02
actuation -8.57968827353646435E-01
length -2.96143806847610325E-01 8.46125162421743904E-02
velocity -2.20894005273692018E-01 6.31125729353405884E-02
force 1.19999999999999996E+00 -8.98441367682325520E-02
position 0.00000000000000000E+00 0.00000000000000000E+00 0.00000000000000000E+00
quaternion 1.00000000000000000E+00 0.00000000000000000E+00 0.00000000000000000E+00 0.00000000000000000E+00
position 0.00000000000000000E+00 0.00000000000000000E+00 0.00000000000000000E+00
quaternion 9.77710555494534561E-01 0.00000000000000000E+00 2.09957304408702472E-01 0.00000000000000000E+00
unchanged_qpos 4.23062581210871924E-01
unchanged_qvel 3.15562864676702914E-01
unchanged_time 1.25000000000000000E-01
act 3.85040682591649919E-01
step SUCCESS
step_clamped -1.00000000000000000E+00
qpos 4.23704499675342017E-01
qvel 3.20959232235035863E-01
time 1.27000000000000002E-01
reset_qpos 0.00000000000000000E+00
reset_qvel 0.00000000000000000E+00
forward SUCCESS
forward_clamped -1.00000000000000000E+00
qacc 5.74914541250330657E+00
act_dot -7.01452036875696763E+01
mass 3.40000000000000024E-01
gravity 1.93564313955697331E+00
bias 0.00000000000000000E+00
passive -7.70880874762692320E-02
actuation 1.88569624906002702E-02
length -1.14867655603964502E-01 3.28193301725612924E-02
velocity -2.69808306166942291E-01 7.70880874762692320E-02
force 2.35986613608457491E-02 1.76880127215961469E-01
position 0.00000000000000000E+00 0.00000000000000000E+00 0.00000000000000000E+00
quaternion 1.00000000000000000E+00 0.00000000000000000E+00 0.00000000000000000E+00 0.00000000000000000E+00
position 0.00000000000000000E+00 0.00000000000000000E+00 0.00000000000000000E+00
quaternion 9.96635924008718921E-01 0.00000000000000000E+00 8.19562991800337343E-02 0.00000000000000000E+00
unchanged_qpos 1.64096650862806448E-01
unchanged_qvel 3.85440437381346146E-01
unchanged_time 1.25000000000000000E-01
act -2.99999999999999989E-01
step SUCCESS
step_clamped -1.00000000000000000E+00
qpos 3.62511024544104554E-01
qvel 1.54277401283571525E+00
time 3.25000000000000178E-01
reset_qpos 0.00000000000000000E+00
reset_qvel 0.00000000000000000E+00
forward SUCCESS
forward_clamped -1.00000000000000000E+00
qacc 3.60515781720692585E+00
act_dot 8.27497531420024934E+00
mass 3.40000000000000024E-01
gravity 1.72581915672792796E+00
bias 0.00000000000000000E+00
passive 4.80154671889334583E-02
actuation -5.23264979972729249E-01
length -3.47009967310507372E-01 9.91457049458592671E-02
velocity 1.68054135161267104E-01 -4.80154671889334583E-02
force 8.50186195607486761E-01 3.59326784762556972E-01
position 0.00000000000000000E+00 0.00000000000000000E+00 0.00000000000000000E+00
quaternion 1.00000000000000000E+00 0.00000000000000000E+00 0.00000000000000000E+00 0.00000000000000000E+00
position 0.00000000000000000E+00 0.00000000000000000E+00 0.00000000000000000E+00
quaternion 9.69438601470133832E-01 0.00000000000000000E+00 2.45334053852356626E-01 0.00000000000000000E+00
unchanged_qpos 4.95728524729296294E-01
unchanged_qvel -2.40077335944667292E-01
unchanged_time 1.25000000000000000E-01
act 4.00000000000000022E-01
step SUCCESS
step_clamped -1.00000000000000000E+00
qpos 4.95262773743163132E-01
qvel -2.32875493066580591E-01
time 1.27000000000000002E-01
reset_qpos 0.00000000000000000E+00
reset_qvel 0.00000000000000000E+00
forward SUCCESS
forward_clamped -1.00000000000000000E+00
qacc 4.03148563889275824E+00
act_dot -2.60326742690787931E+01
mass 3.40000000000000024E-01
gravity 1.95536453697501789E+00
bias 0.00000000000000000E+00
passive 4.67595393558690314E-02
actuation -6.97277334974900187E-01
length -5.75866251164654022E-02 1.64533214618472583E-02
velocity 1.63658387745541589E-01 -4.67595393558690314E-02
force 1.00341863930500286E+00 2.55785626930089549E-02
position 0.00000000000000000E+00 0.00000000000000000E+00 0.00000000000000000E+00
quaternion 1.00000000000000000E+00 0.00000000000000000E+00 0.00000000000000000E+00 0.00000000000000000E+00
position 0.00000000000000000E+00 0.00000000000000000E+00 0.00000000000000000E+00
quaternion 9.99154144937264066E-01 0.00000000000000000E+00 4.11217053961124707E-02 0.00000000000000000E+00
unchanged_qpos 8.22666073092362948E-02
unchanged_qvel -2.33797696779345143E-01
unchanged_time 1.25000000000000000E-01
act 4.00000000000000022E-01
step SUCCESS
step_clamped -1.00000000000000000E+00
qpos 8.18151189088294623E-02
qvel -2.25744200203413653E-01
time 1.27000000000000002E-01
reset_qpos 0.00000000000000000E+00
reset_qvel 0.00000000000000000E+00
forward SUCCESS
forward_clamped -1.00000000000000000E+00
qacc 3.28231059672421610E+00
act_dot 6.87262911901871121E+01
mass 3.40000000000000024E-01
gravity 1.90802157490523405E+00
bias 0.00000000000000000E+00
passive 4.34010086648387583E-02
actuation -7.53766589049073121E-01
length -1.64578989606635501E-01 4.70225684590387175E-02
velocity 1.51903530326935654E-01 -4.34010086648387583E-02
force 9.18168500339848759E-01 -5.55243194055894840E-01
position 0.00000000000000000E+00 0.00000000000000000E+00 0.00000000000000000E+00
quaternion 1.00000000000000000E+00 0.00000000000000000E+00 0.00000000000000000E+00 0.00000000000000000E+00
position 0.00000000000000000E+00 0.00000000000000000E+00 0.00000000000000000E+00
quaternion 9.93098197713623621E-01 0.00000000000000000E+00 1.17285846110912390E-01 0.00000000000000000E+00
unchanged_qpos 2.35112842295193580E-01
unchanged_qvel -2.17005043324193791E-01
unchanged_time 1.25000000000000000E-01
act 4.00000000000000022E-01
step SUCCESS
step_clamped -1.00000000000000000E+00
qpos 2.58948848234915929E-01
qvel 4.29075325517224104E-01
time 3.25000000000000178E-01
reset_qpos 0.00000000000000000E+00
reset_qvel 0.00000000000000000E+00
forward SUCCESS
forward_clamped -1.00000000000000000E+00
qacc 4.03019427652969053E+00
act_dot -8.80149324495169054E+01
mass 3.40000000000000024E-01
gravity 1.84368744429838749E+00
bias 0.00000000000000000E+00
passive 5.17952389302160504E-02
actuation -4.32368981426539234E-01
length -2.44335118673454865E-01 6.98100339067014020E-02
velocity 1.81283336255756156E-01 -5.17952389302160504E-02
force 6.42524483927314538E-01 8.69907866129047136E-02
position 0.00000000000000000E+00 0.00000000000000000E+00 0.00000000000000000E+00
quaternion 1.00000000000000000E+00 0.00000000000000000E+00 0.00000000000000000E+00 0.00000000000000000E+00
position 0.00000000000000000E+00 0.00000000000000000E+00 0.00000000000000000E+00
quaternion 9.84809114458785717E-01 0.00000000000000000E+00 1.73640456342703448E-01 0.00000000000000000E+00
unchanged_qpos 3.49050169533506982E-01
unchanged_qvel -2.58976194651080238E-01
unchanged_time 1.25000000000000000E-01
act 1.21311673675336462E-01
step SUCCESS
step_clamped -1.00000000000000000E+00
qpos 3.48548318977977112E-01
qvel -2.50925277764945720E-01
time 1.27000000000000002E-01
reset_qpos 0.00000000000000000E+00
reset_qvel 0.00000000000000000E+00
forward SUCCESS
forward_clamped -1.00000000000000000E+00
qacc 1.98453918218096259E+00
act_dot 2.76995874730739260E+01
mass 3.40000000000000024E-01
gravity 1.79796378952106761E+00
bias 2.16840434497100887E-19
passive -6.44593925821195651E-02
actuation -9.79495245591730512E-01
length -2.88274815873704349E-01 8.23642331067726829E-02
velocity -2.25607874037418471E-01 6.44593925821195651E-02
force 9.74036461161827738E-01 -1.48834861389225592E+00
position 0.00000000000000000E+00 0.00000000000000000E+00 0.00000000000000000E+00
quaternion 1.00000000000000000E+00 0.00000000000000000E+00 0.00000000000000000E+00 0.00000000000000000E+00
position 0.00000000000000000E+00 0.00000000000000000E+00 0.00000000000000000E+00
quaternion 9.78875213897846375E-01 0.00000000000000000E+00 2.04458591446888327E-01 0.00000000000000000E+00
unchanged_qpos 4.11821165533863387E-01
unchanged_qvel 3.22296962910597840E-01
unchanged_time 1.25000000000000000E-01
act 4.00000000000000022E-01
step SUCCESS
step_clamped -1.00000000000000000E+00
qpos 4.12473688288379547E-01
qvel 3.26261377258080354E-01
time 1.27000000000000002E-01
reset_qpos 0.00000000000000000E+00
reset_qvel 0.00000000000000000E+00
forward SUCCESS
forward_clamped -1.00000000000000000E+00
qacc 6.45641963400022512E+00
act_dot 7.90474729187662319E+01
mass 3.40000000000000024E-01
gravity 1.81797306804371361E+00
bias 0.00000000000000000E+00
passive 1.24738964672922673E-02
actuation 3.52960325453579360E-01
length 2.69884920296622532E-01 -7.71099772276064438E-02
velocity 4.36586376355229330E-02 -1.24738964672922673E-02
force -3.52345185410811390E-01 5.31593478330056879E-01
position 0.00000000000000000E+00 0.00000000000000000E+00 0.00000000000000000E+00
quaternion 1.00000000000000000E+00 0.00000000000000000E+00 0.00000000000000000E+00 0.00000000000000000E+00
position 0.00000000000000000E+00 0.00000000000000000E+00 0.00000000000000000E+00
quaternion 9.81476382242603473E-01 0.00000000000000000E+00 -1.91583170189792706E-01 0.00000000000000000E+00
unchanged_qpos -3.85549886138032205E-01
unchanged_qvel -6.23694823364613349E-02
unchanged_time 1.25000000000000000E-01
act 4.00000000000000022E-01
step SUCCESS
step_clamped -1.00000000000000000E+00
qpos -3.13462353441095909E-01
qvel 7.44669274414150206E-01
time 3.25000000000000178E-01
reset_qpos 0.00000000000000000E+00
reset_qvel 0.00000000000000000E+00
forward SUCCESS
forward_clamped -1.00000000000000000E+00
qacc 3.95996722849894134E+00
act_dot 5.86094467405510144E+00
mass 3.40000000000000024E-01
gravity 1.92863643498914272E+00
bias 0.00000000000000000E+00
passive 4.49043375161670751E-03
actuation -6.78273960781531682E-01
length -1.29275764902414270E-01 3.69359328292612199E-02
velocity 1.57165181306584724E-02 -4.49043375161670751E-03
force 1.17913153770683743E+00 7.35590578066272371E-01
position 0.00000000000000000E+00 0.00000000000000000E+00 0.00000000000000000E+00
quaternion 1.00000000000000000E+00 0.00000000000000000E+00 0.00000000000000000E+00 0.00000000000000000E+00
position 0.00000000000000000E+00 0.00000000000000000E+00 0.00000000000000000E+00
quaternion 9.95739706164980865E-01 0.00000000000000000E+00 9.22086631856109257E-02 0.00000000000000000E+00
unchanged_qpos 1.84679664146306100E-01
unchanged_qvel -2.24521687580835350E-02
unchanged_time 1.25000000000000000E-01
act 4.00000000000000022E-01
step SUCCESS
step_clamped -1.00000000000000000E+00
qpos 1.84650581064461972E-01
qvel -1.45415409220691991E-02
time 1.27000000000000002E-01
reset_qpos 0.00000000000000000E+00
reset_qvel 0.00000000000000000E+00
forward SUCCESS
forward_clamped -1.00000000000000000E+00
qacc 3.89701276584233458E+00
act_dot -8.95866027146299189E+01
mass 3.40000000000000024E-01
gravity 1.94750022728889194E+00
bias 0.00000000000000000E+00
passive 4.87768628849712116E-02
actuation -5.98513694354882886E-01
length 8.51553543907419552E-02 -2.43301012544977074E-02
velocity 1.70719020097399199E-01 -4.87768628849712116E-02
force 8.18815365987041632E-01 -1.26714690819769160E-01
position 0.00000000000000000E+00 0.00000000000000000E+00 0.00000000000000000E+00
quaternion 1.00000000000000000E+00 0.00000000000000000E+00 0.00000000000000000E+00 0.00000000000000000E+00
position 0.00000000000000000E+00 0.00000000000000000E+00 0.00000000000000000E+00
quaternion 9.98150714547816786E-01 0.00000000000000000E+00 -6.07877540930988544E-02 0.00000000000000000E+00
unchanged_qpos -1.21650506272488523E-01
unchanged_qvel -2.43884314424856030E-01
unchanged_time 1.25000000000000000E-01
act 2.78771368878824921E-01
step SUCCESS
step_clamped -1.00000000000000000E+00
qpos -1.22122705167608661E-01
qvel -2.36099447560071118E-01
time 1.27000000000000002E-01
lifecycle PASS
