create SUCCESS
reset_qpos 0.00000000000000000E+00
reset_qvel 0.00000000000000000E+00
forward SUCCESS
forward_clamped -1.00000000000000000E+00
qacc 5.91265534146686456E+00
act_dot 0.00000000000000000E+00
mass 3.40000000000000024E-01
gravity 1.95797016382007438E+00
bias 0.00000000000000000E+00
passive 9.26240390958135845E-02
actuation 0.00000000000000000E+00
length -4.48726372746705987E-02 1.28207535070487440E-02
velocity 0.00000000000000000E+00 0.00000000000000000E+00
force 0.00000000000000000E+00 0.00000000000000000E+00
position 0.00000000000000000E+00 0.00000000000000000E+00 0.00000000000000000E+00
quaternion 1.00000000000000000E+00 0.00000000000000000E+00 0.00000000000000000E+00 0.00000000000000000E+00
position 0.00000000000000000E+00 0.00000000000000000E+00 0.00000000000000000E+00
quaternion 9.99486382346678637E-01 0.00000000000000000E+00 3.20463961085929866E-02 0.00000000000000000E+00
unchanged_qpos 6.41037675352437164E-02
unchanged_qvel -4.63120195479067909E-01
unchanged_time 1.25000000000000000E-01
act -5.09065473784967581E-02
step SUCCESS
step_clamped -1.00000000000000000E+00
qpos 8.63497040115302483E-02
qvel 6.52304554939307835E-01
time 3.25000000000000178E-01
reset_qpos 0.00000000000000000E+00
reset_qvel 0.00000000000000000E+00
forward SUCCESS
forward_clamped -1.00000000000000000E+00
qacc 5.32178129436992453E+00
act_dot 0.00000000000000000E+00
mass 3.40000000000000024E-01
gravity 1.76931346071526674E+00
bias -2.11758236813575085E-22
passive 1.54703324589711144E-03
actuation 0.00000000000000000E+00
length -3.12830667337492430E-01 8.93801906678549918E-02
velocity 0.00000000000000000E+00 0.00000000000000000E+00
force 0.00000000000000000E+00 0.00000000000000000E+00
position 0.00000000000000000E+00 0.00000000000000000E+00 0.00000000000000000E+00
quaternion 1.00000000000000000E+00 0.00000000000000000E+00 0.00000000000000000E+00 0.00000000000000000E+00
position 0.00000000000000000E+00 0.00000000000000000E+00 0.00000000000000000E+00
quaternion 9.75138645192793474E-01 0.00000000000000000E+00 2.21595628683336182E-01 0.00000000000000000E+00
unchanged_qpos 4.46900953339274931E-01
unchanged_qvel -7.73516622948555721E-03
unchanged_time 1.25000000000000000E-01
act 3.60694436837865062E-01
step SUCCESS
step_clamped -1.00000000000000000E+00
qpos 4.46906745117745308E-01
qvel 2.89588923517821763E-03
time 1.27000000000000002E-01
reset_qpos 0.00000000000000000E+00
reset_qvel 0.00000000000000000E+00
forward SUCCESS
forward_clamped -1.00000000000000000E+00
qacc 6.03309019683386083E+00
act_dot 0.00000000000000000E+00
mass 3.40000000000000024E-01
gravity 1.96157956030273817E+00
bias 1.35525271560688054E-20
passive 6.19809807937937302E-02
actuation 0.00000000000000000E+00
length -1.44918272854639412E-02 4.14052208156112656E-03
velocity 0.00000000000000000E+00 0.00000000000000000E+00
force 0.00000000000000000E+00 0.00000000000000000E+00
position 0.00000000000000000E+00 0.00000000000000000E+00 0.00000000000000000E+00
quaternion 1.00000000000000000E+00 0.00000000000000000E+00 0.00000000000000000E+00 0.00000000000000000E+00
position 0.00000000000000000E+00 0.00000000000000000E+00 0.00000000000000000E+00
quaternion 9.99946425718661991E-01 0.00000000000000000E+00 1.03511203486635096E-02 0.00000000000000000E+00
unchanged_qpos 2.07026104078056328E-02
unchanged_qvel -3.09904903968968637E-01
unchanged_time 1.25000000000000000E-01
act -6.41826748191518526E-02
step SUCCESS
step_clamped -1.00000000000000000E+00
qpos 2.01069046030042803E-02
qvel -2.97852902400675357E-01
time 1.27000000000000002E-01
reset_qpos 0.00000000000000000E+00
reset_qvel 0.00000000000000000E+00
forward SUCCESS
forward_clamped -1.00000000000000000E+00
qacc 5.08198460326222090E+00
act_dot 0.00000000000000000E+00
mass 3.40000000000000024E-01
gravity 1.73722302889061431E+00
bias 5.42101086242752217E-20
passive 2.42457693155990542E-02
actuation 0.00000000000000000E+00
length -3.38357370325207019E-01 9.66735343786305767E-02
velocity 0.00000000000000000E+00 0.00000000000000000E+00
force 0.00000000000000000E+00 0.00000000000000000E+00
position 0.00000000000000000E+00 0.00000000000000000E+00 0.00000000000000000E+00
quaternion 1.00000000000000000E+00 0.00000000000000000E+00 0.00000000000000000E+00 0.00000000000000000E+00
position 0.00000000000000000E+00 0.00000000000000000E+00 0.00000000000000000E+00
quaternion 9.70936345795543221E-01 0.00000000000000000E+00 2.39337862473109841E-01 0.00000000000000000E+00
unchanged_qpos 4.83367671893152884E-01
unchanged_qvel -1.21228846577995264E-01
unchanged_time 1.25000000000000000E-01
act 1.16698007759557743E-01
step SUCCESS
step_clamped -1.00000000000000000E+00
qpos 5.57317823343557395E-01
qvel 8.25770841494513519E-01
time 3.25000000000000178E-01
reset_qpos 0.00000000000000000E+00
reset_qvel 0.00000000000000000E+00
forward SUCCESS
forward_clamped -1.00000000000000000E+00
qacc 5.52631223982894149E+00
act_dot 0.00000000000000000E+00
mass 3.40000000000000024E-01
gravity 1.95765122567514349E+00
bias 2.71050543121376109E-20
passive -4.21966179893030341E-02
actuation 0.00000000000000000E+00
length 4.66151646213381551E-02 -1.33186184632394736E-02
velocity 0.00000000000000000E+00 0.00000000000000000E+00
force 0.00000000000000000E+00 0.00000000000000000E+00
position 0.00000000000000000E+00 0.00000000000000000E+00 0.00000000000000000E+00
quaternion 1.00000000000000000E+00 0.00000000000000000E+00 0.00000000000000000E+00 0.00000000000000000E+00
position 0.00000000000000000E+00 0.00000000000000000E+00 0.00000000000000000E+00
quaternion 9.99445721218701788E-01 0.00000000000000000E+00 -3.32903940744038035E-02 0.00000000000000000E+00
unchanged_qpos -6.65930923161973665E-02
unchanged_qvel 2.10983089946515157E-01
unchanged_time 1.25000000000000000E-01
act -4.50718429828096956E-01
step SUCCESS
step_clamped -1.00000000000000000E+00
qpos -6.61490468629607198E-02
qvel 2.22022726618323840E-01
time 1.27000000000000002E-01
reset_qpos 0.00000000000000000E+00
reset_qvel 0.00000000000000000E+00
forward SUCCESS
forward_clamped -1.00000000000000000E+00
qacc 5.20317812062267482E+00
act_dot 0.00000000000000000E+00
mass 3.40000000000000024E-01
gravity 1.83070414574271800E+00
bias 0.00000000000000000E+00
passive 3.00598340315202175E-02
actuation 0.00000000000000000E+00
length -2.57537935571779453E-01 7.35822673062227067E-02
velocity 0.00000000000000000E+00 0.00000000000000000E+00
force 0.00000000000000000E+00 0.00000000000000000E+00
position 0.00000000000000000E+00 0.00000000000000000E+00 0.00000000000000000E+00
quaternion 1.00000000000000000E+00 0.00000000000000000E+00 0.00000000000000000E+00 0.00000000000000000E+00
position 0.00000000000000000E+00 0.00000000000000000E+00 0.00000000000000000E+00
quaternion 9.83127815788488180E-01 0.00000000000000000E+00 1.82919921886482095E-01 0.00000000000000000E+00
unchanged_qpos 3.67911336531113520E-01
unchanged_qvel -1.50299170157601081E-01
unchanged_time 1.25000000000000000E-01
act 5.62436504798581094E-01
step SUCCESS
step_clamped -1.00000000000000000E+00
qpos 3.67631526446509371E-01
qvel -1.39905042302068128E-01
time 1.27000000000000002E-01
reset_qpos 0.00000000000000000E+00
reset_qvel 0.00000000000000000E+00
forward SUCCESS
forward_clamped -1.00000000000000000E+00
qacc 5.64236009515819870E+00
act_dot 0.00000000000000000E+00
mass 3.40000000000000024E-01
gravity 1.94013690633126368E+00
bias 0.00000000000000000E+00
passive -9.61148462219954952E-02
actuation 0.00000000000000000E+00
length 1.04598018854965738E-01 -2.98851482442759296E-02
velocity 0.00000000000000000E+00 0.00000000000000000E+00
force 0.00000000000000000E+00 0.00000000000000000E+00
position 0.00000000000000000E+00 0.00000000000000000E+00 0.00000000000000000E+00
quaternion 1.00000000000000000E+00 0.00000000000000000E+00 0.00000000000000000E+00 0.00000000000000000E+00
position 0.00000000000000000E+00 0.00000000000000000E+00 0.00000000000000000E+00
quaternion 9.97210291527240944E-01 0.00000000000000000E+00 -7.46433819715794367E-02 0.00000000000000000E+00
unchanged_qpos -1.49425741221379638E-01
unchanged_qvel 4.80574231109977434E-01
unchanged_time 1.25000000000000000E-01
act -3.94082162812449677E-01
step SUCCESS
step_clamped -1.00000000000000000E+00
qpos 5.68358534645152236E-02
qvel 1.55259935858067388E+00
time 3.25000000000000178E-01
reset_qpos 0.00000000000000000E+00
reset_qvel 0.00000000000000000E+00
forward SUCCESS
forward_clamped -1.00000000000000000E+00
qacc 5.64292510264554714E+00
act_dot 0.00000000000000000E+00
mass 3.40000000000000024E-01
gravity 1.92823185171659817E+00
bias -1.08420217248550443E-19
passive 5.70844291735998419E-02
actuation 0.00000000000000000E+00
length -1.30059483263841286E-01 3.71598523610975132E-02
velocity 0.00000000000000000E+00 0.00000000000000000E+00
force 0.00000000000000000E+00 0.00000000000000000E+00
position 0.00000000000000000E+00 0.00000000000000000E+00 0.00000000000000000E+00
quaternion 1.00000000000000000E+00 0.00000000000000000E+00 0.00000000000000000E+00 0.00000000000000000E+00
position 0.00000000000000000E+00 0.00000000000000000E+00 0.00000000000000000E+00
quaternion 9.95687931846120922E-01 0.00000000000000000E+00 9.27660626306537894E-02 0.00000000000000000E+00
unchanged_qpos 1.85799261805487559E-01
unchanged_qvel -2.85422145867999189E-01
unchanged_time 1.25000000000000000E-01
act -3.85164095235718262E-02
step SUCCESS
step_clamped -1.00000000000000000E+00
qpos 1.85250962690424875E-01
qvel -2.74149557531339461E-01
time 1.27000000000000002E-01
reset_qpos 0.00000000000000000E+00
reset_qvel 0.00000000000000000E+00
forward SUCCESS
forward_clamped -1.00000000000000000E+00
qacc 5.57304115170484859E+00
act_dot 0.00000000000000000E+00
mass 3.40000000000000024E-01
gravity 1.79954290744226597E+00
bias 0.00000000000000000E+00
passive 5.39131463012609211E-02
actuation 0.00000000000000000E+00
length 2.86864052189590268E-01 -8.19611577684543624E-02
velocity 0.00000000000000000E+00 0.00000000000000000E+00
force 0.00000000000000000E+00 0.00000000000000000E+00
position 0.00000000000000000E+00 0.00000000000000000E+00 0.00000000000000000E+00
quaternion 1.00000000000000000E+00 0.00000000000000000E+00 0.00000000000000000E+00 0.00000000000000000E+00
position 0.00000000000000000E+00 0.00000000000000000E+00 0.00000000000000000E+00
quaternion 9.79080747410349783E-01 0.00000000000000000E+00 -2.03472086661514784E-01 0.00000000000000000E+00
unchanged_qpos -4.09805788842271812E-01
unchanged_qvel -2.69565731506304584E-01
unchanged_time 1.25000000000000000E-01
act -5.76168839578946379E-01
step SUCCESS
step_clamped -1.00000000000000000E+00
qpos -4.10322654335935677E-01
qvel -2.58432746831923577E-01
time 1.27000000000000002E-01
reset_qpos 0.00000000000000000E+00
reset_qvel 0.00000000000000000E+00
forward SUCCESS
forward_clamped -1.00000000000000000E+00
qacc 5.84139840162088042E+00
act_dot 0.00000000000000000E+00
mass 3.40000000000000024E-01
gravity 1.95711422459102646E+00
bias 0.00000000000000000E+00
passive 3.88791110241750101E-02
actuation 0.00000000000000000E+00
length 4.94106367395827431E-02 -1.41173247827379288E-02
velocity 0.00000000000000000E+00 0.00000000000000000E+00
force 0.00000000000000000E+00 0.00000000000000000E+00
position 0.00000000000000000E+00 0.00000000000000000E+00 0.00000000000000000E+00
quaternion 1.00000000000000000E+00 0.00000000000000000E+00 0.00000000000000000E+00 0.00000000000000000E+00
position 0.00000000000000000E+00 0.00000000000000000E+00 0.00000000000000000E+00
quaternion 9.99377255711368928E-01 0.00000000000000000E+00 -3.52859854164922632E-02 0.00000000000000000E+00
unchanged_qpos -7.05866239136896390E-02
unchanged_qvel -1.94395555120875030E-01
unchanged_time 1.25000000000000000E-01
act 3.18174971452300559E-01
step SUCCESS
step_clamped -1.00000000000000000E+00
qpos 3.98834349972105890E-03
qvel 9.08157506979227036E-01
time 3.25000000000000178E-01
reset_qpos 0.00000000000000000E+00
reset_qvel 0.00000000000000000E+00
forward SUCCESS
forward_clamped -1.00000000000000000E+00
qacc 5.08039059123582160E+00
act_dot 0.00000000000000000E+00
mass 3.40000000000000024E-01
gravity 1.86854469935608036E+00
bias -2.16840434497100887E-19
passive -7.70962452146674027E-02
actuation 0.00000000000000000E+00
length 2.16922521738509899E-01 -6.19778633538599771E-02
velocity 0.00000000000000000E+00 0.00000000000000000E+00
force 0.00000000000000000E+00 0.00000000000000000E+00
position 0.00000000000000000E+00 0.00000000000000000E+00 0.00000000000000000E+00
quaternion 1.00000000000000000E+00 0.00000000000000000E+00 0.00000000000000000E+00 0.00000000000000000E+00
position 0.00000000000000000E+00 0.00000000000000000E+00 0.00000000000000000E+00
quaternion 9.88020072905319569E-01 0.00000000000000000E+00 -1.54325420900664284E-01 0.00000000000000000E+00
unchanged_qpos -3.09889316769299872E-01
unchanged_qvel 3.85481226073337013E-01
unchanged_time 1.25000000000000000E-01
act 4.85364431123148865E-01
step SUCCESS
step_clamped -1.00000000000000000E+00
qpos -3.09098056634415030E-01
qvel 3.95630067442433231E-01
time 1.27000000000000002E-01
reset_qpos 0.00000000000000000E+00
reset_qvel 0.00000000000000000E+00
forward SUCCESS
forward_clamped -1.00000000000000000E+00
qacc 6.07478510877622391E+00
act_dot 0.00000000000000000E+00
mass 3.40000000000000024E-01
gravity 1.93257908804449463E+00
bias 0.00000000000000000E+00
passive 4.28192685098113743E-02
actuation 0.00000000000000000E+00
length 1.21376832599421156E-01 -3.46790950284060484E-02
velocity 0.00000000000000000E+00 0.00000000000000000E+00
force 0.00000000000000000E+00 0.00000000000000000E+00
position 0.00000000000000000E+00 0.00000000000000000E+00 0.00000000000000000E+00
quaternion 1.00000000000000000E+00 0.00000000000000000E+00 0.00000000000000000E+00 0.00000000000000000E+00
position 0.00000000000000000E+00 0.00000000000000000E+00 0.00000000000000000E+00
quaternion 9.96244104632703298E-01 0.00000000000000000E+00 -8.65891678247541347E-02 0.00000000000000000E+00
unchanged_qpos -1.73395475142030242E-01
unchanged_qvel -2.14096342549056851E-01
unchanged_time 1.25000000000000000E-01
act -6.22684861913076371E-01
step SUCCESS
step_clamped -1.00000000000000000E+00
qpos -1.73799397240324782E-01
qvel -2.01961049147271199E-01
time 1.27000000000000002E-01
lifecycle PASS
