create SUCCESS
reset_qpos 0.00000000000000000E+00
reset_qvel 0.00000000000000000E+00
forward SUCCESS
forward_clamped -1.00000000000000000E+00
qacc 2.12641559660624546E+00
act_dot -6.81285766692083961E-01
mass 3.40000000000000024E-01
gravity 1.90461134092514661E+00
bias 1.35525271560688054E-20
passive 1.86996704718507059E-02
actuation -1.21559025452103286E+00
length -1.69723075795385175E-01 4.84923073701100590E-02
velocity 6.54488466514774603E-02 -1.86996704718507059E-02
force 1.19687336612879625E+00 -1.88889449115437813E+00
position 0.00000000000000000E+00 0.00000000000000000E+00 0.00000000000000000E+00
quaternion 1.00000000000000000E+00 0.00000000000000000E+00 0.00000000000000000E+00 0.00000000000000000E+00
position 0.00000000000000000E+00 0.00000000000000000E+00 0.00000000000000000E+00
quaternion 9.92660545937555927E-01 0.00000000000000000E+00 1.20934033832306553E-01 0.00000000000000000E+00
unchanged_qpos 2.42461536850550274E-01
unchanged_qvel -9.34983523592535226E-02
unchanged_time 1.25000000000000000E-01
act 4.86711207085394726E-01
step SUCCESS
step_clamped -1.00000000000000000E+00
qpos 2.67292217254617215E-01
qvel 3.39203168678407607E-01
time 3.25000000000000178E-01
reset_qpos 0.00000000000000000E+00
reset_qvel 0.00000000000000000E+00
forward SUCCESS
forward_clamped -1.00000000000000000E+00
qacc 4.27648926568945154E+00
act_dot 1.98039021556968642E+00
mass 3.40000000000000024E-01
gravity 1.95348991023907059E+00
bias 0.00000000000000000E+00
passive 4.23470171594846345E-02
actuation -4.79295607642404087E-01
length -6.52210384737482995E-02 1.86345824210709457E-02
velocity 1.48214560058196221E-01 -4.23470171594846345E-02
force 6.98338621984273988E-01 4.77071387329384144E-02
position 0.00000000000000000E+00 0.00000000000000000E+00 0.00000000000000000E+00
quaternion 1.00000000000000000E+00 0.00000000000000000E+00 0.00000000000000000E+00 0.00000000000000000E+00
position 0.00000000000000000E+00 0.00000000000000000E+00 0.00000000000000000E+00
quaternion 9.98915047300066861E-01 0.00000000000000000E+00 4.65696067999829197E-02 0.00000000000000000E+00
unchanged_qpos 9.31729121053547216E-02
unchanged_qvel -2.11735085797423173E-01
unchanged_time 1.25000000000000000E-01
act 3.61852087756897534E-01
step SUCCESS
step_clamped -1.00000000000000000E+00
qpos 9.27665277898155061E-02
qvel -2.03192157769606419E-01
time 1.27000000000000002E-01
reset_qpos 0.00000000000000000E+00
reset_qvel 0.00000000000000000E+00
forward SUCCESS
forward_clamped -1.00000000000000000E+00
qacc 5.39710270237573209E+00
act_dot 6.93066055199060838E-01
mass 3.40000000000000024E-01
gravity 1.96192433762004748E+00
bias 0.00000000000000000E+00
passive -3.52660546826527796E-02
actuation -1.72038584670247324E-01
length -6.14759050196803623E-03 1.75645442913372482E-03
velocity -1.23431191389284725E-01 3.52660546826527796E-02
force 4.28033910108645388E-01 6.37925762029022181E-01
position 0.00000000000000000E+00 0.00000000000000000E+00 0.00000000000000000E+00
quaternion 1.00000000000000000E+00 0.00000000000000000E+00 0.00000000000000000E+00 0.00000000000000000E+00
position 0.00000000000000000E+00 0.00000000000000000E+00 0.00000000000000000E+00
quaternion 9.99990358977486449E-01 0.00000000000000000E+00 4.39112196114466169E-03 0.00000000000000000E+00
unchanged_qpos 8.78227214566862369E-03
unchanged_qvel 1.76330273413263905E-01
unchanged_time 1.25000000000000000E-01
act 1.78741070157573401E-01
step SUCCESS
step_clamped -1.00000000000000000E+00
qpos 9.15649573501933246E-03
qvel 1.87111794675354076E-01
time 1.27000000000000002E-01
reset_qpos 0.00000000000000000E+00
reset_qvel 0.00000000000000000E+00
forward SUCCESS
forward_clamped -1.00000000000000000E+00
qacc 5.31632959735332022E+00
act_dot 1.79230682090339810E+00
mass 3.40000000000000024E-01
gravity 1.96199032805316120E+00
bias -8.47032947254300339E-22
passive -4.52950323944819599E-02
actuation -1.84138044603478185E-01
length 2.19796445654459873E-03 -6.27989844727028256E-04
velocity -1.58532613380686860E-01 4.52950323944819599E-02
force -1.90924319544132637E-01 -1.58892534142185493E+00
position 0.00000000000000000E+00 0.00000000000000000E+00 0.00000000000000000E+00
quaternion 1.00000000000000000E+00 0.00000000000000000E+00 0.00000000000000000E+00 0.00000000000000000E+00
position 0.00000000000000000E+00 0.00000000000000000E+00 0.00000000000000000E+00
quaternion 9.99998767590112303E-01 0.00000000000000000E+00 -1.56997396686677252E-03 0.00000000000000000E+00
unchanged_qpos -3.13994922363514117E-03
unchanged_qvel 2.26475161972409800E-01
unchanged_time 1.25000000000000000E-01
act 1.69066391896381590E-01
step SUCCESS
step_clamped -1.00000000000000000E+00
qpos 1.35114148564538267E-01
qvel 1.07740164029126118E+00
time 3.25000000000000178E-01
reset_qpos 0.00000000000000000E+00
reset_qvel 0.00000000000000000E+00
forward SUCCESS
forward_clamped -1.00000000000000000E+00
qacc 5.44563906709891477E+00
act_dot 4.54811370992533881E-02
mass 3.40000000000000024E-01
gravity 1.96186394100314643E+00
bias 6.77626357803440271E-21
passive -6.85888017186949556E-02
actuation -1.18807161476439438E-01
length 8.24384235787003344E-03 -2.35538353082001030E-03
velocity -2.40060806015432310E-01 6.85888017186949556E-02
force 7.04327983711052541E-01 1.87111213560648659E+00
position 0.00000000000000000E+00 0.00000000000000000E+00 0.00000000000000000E+00
quaternion 1.00000000000000000E+00 0.00000000000000000E+00 0.00000000000000000E+00 0.00000000000000000E+00
position 0.00000000000000000E+00 0.00000000000000000E+00 0.00000000000000000E+00
quaternion 9.99982663076416256E-01 0.00000000000000000E+00 -5.88842479775712399E-03 0.00000000000000000E+00
unchanged_qpos -1.17769176541000498E-02
unchanged_qvel 3.42944008593474736E-01
unchanged_time 1.25000000000000000E-01
act 3.28790359459685100E-01
step SUCCESS
step_clamped -1.00000000000000000E+00
qpos -1.10692726770680525E-02
qvel 3.53822488515999012E-01
time 1.27000000000000002E-01
reset_qpos 0.00000000000000000E+00
reset_qvel 0.00000000000000000E+00
forward SUCCESS
forward_clamped -1.00000000000000000E+00
qacc 3.86361613323597863E+00
act_dot 5.82419891862538286E-01
mass 3.40000000000000024E-01
gravity 1.95977957939887304E+00
bias 0.00000000000000000E+00
passive -8.15846643337560656E-02
actuation -6.56328828567914635E-01
length -3.33059730972528681E-02 9.51599231350082168E-03
velocity -2.85546325168146209E-01 8.15846643337560656E-02
force 9.78786902277962390E-01 1.44110015133295022E-01
position 0.00000000000000000E+00 0.00000000000000000E+00 0.00000000000000000E+00
quaternion 1.00000000000000000E+00 0.00000000000000000E+00 0.00000000000000000E+00 0.00000000000000000E+00
position 0.00000000000000000E+00 0.00000000000000000E+00 0.00000000000000000E+00
quaternion 9.99717031753332819E-01 0.00000000000000000E+00 2.37877368050348065E-02 0.00000000000000000E+00
unchanged_qpos 4.75799615675041032E-02
unchanged_qvel 4.07923321668780314E-01
unchanged_time 1.25000000000000000E-01
act 4.78627101733817617E-01
step SUCCESS
step_clamped -1.00000000000000000E+00
qpos 4.84112445150167575E-02
qvel 4.15641473756325763E-01
time 1.27000000000000002E-01
reset_qpos 0.00000000000000000E+00
reset_qvel 0.00000000000000000E+00
forward SUCCESS
forward_clamped -1.00000000000000000E+00
qacc 4.29391818939955794E+00
act_dot 1.73798029442798851E+00
mass 3.40000000000000024E-01
gravity 1.91053624932569988E+00
bias 1.35525271560688054E-20
passive -1.99633710318620344E-02
actuation -4.91292784425209239E-01
length -1.60682343184491927E-01 4.59092409098548482E-02
velocity -6.98717986115170997E-02 1.99633710318620344E-02
force 1.13065036711113698E+00 1.50081236276293284E+00
position 0.00000000000000000E+00 0.00000000000000000E+00 0.00000000000000000E+00
quaternion 1.00000000000000000E+00 0.00000000000000000E+00 0.00000000000000000E+00 0.00000000000000000E+00
position 0.00000000000000000E+00 0.00000000000000000E+00 0.00000000000000000E+00
quaternion 9.93420794505319948E-01 0.00000000000000000E+00 1.14521286424921931E-01 0.00000000000000000E+00
unchanged_qpos 2.29546204549274213E-01
unchanged_qvel 9.98168551593101583E-02
unchanged_time 1.25000000000000000E-01
act 9.17285061493534837E-01
step SUCCESS
step_clamped -1.00000000000000000E+00
qpos 3.29818097393749454E-01
qvel 8.73443560571178113E-01
time 3.25000000000000178E-01
reset_qpos 0.00000000000000000E+00
reset_qvel 0.00000000000000000E+00
forward SUCCESS
forward_clamped -1.00000000000000000E+00
qacc 6.77801392484760168E+00
act_dot 4.19189475101574782E-01
mass 3.40000000000000024E-01
gravity 1.94172949707564269E+00
bias 2.16840434497100887E-19
passive 9.62336151664667794E-02
actuation 2.43588870136358271E-01
length -1.00709495374966290E-01 2.87741415357046573E-02
velocity 3.36817653082633728E-01 -9.62336151664667794E-02
force -4.84244050361931411E-01 -4.76909825584968416E-01
position 0.00000000000000000E+00 0.00000000000000000E+00 0.00000000000000000E+00
quaternion 1.00000000000000000E+00 0.00000000000000000E+00 0.00000000000000000E+00 0.00000000000000000E+00
position 0.00000000000000000E+00 0.00000000000000000E+00 0.00000000000000000E+00
quaternion 9.97413767969480669E-01 0.00000000000000000E+00 7.18733293017855129E-02 0.00000000000000000E+00
unchanged_qpos 1.43870707678523280E-01
unchanged_qvel -4.81168075832333897E-01
unchanged_time 1.25000000000000000E-01
act -3.20981249495617182E-01
step SUCCESS
step_clamped -1.00000000000000000E+00
qpos 1.42935451723503137E-01
qvel -4.67627977510076620E-01
time 1.27000000000000002E-01
reset_qpos 0.00000000000000000E+00
reset_qvel 0.00000000000000000E+00
forward SUCCESS
forward_clamped -1.00000000000000000E+00
qacc 5.64326179972379105E+00
act_dot -8.11885700154824530E-01
mass 3.40000000000000024E-01
gravity 1.87680049120052050E+00
bias 0.00000000000000000E+00
passive 1.93529506187797309E-03
actuation -4.83056670123110793E-02
length -2.07045760565058939E-01 5.91559315900168428E-02
velocity 6.77353271657290482E-03 -1.93529506187797309E-03
force -7.61227103419127721E-02 -5.07957821258250064E-01
position 0.00000000000000000E+00 0.00000000000000000E+00 0.00000000000000000E+00
quaternion 1.00000000000000000E+00 0.00000000000000000E+00 0.00000000000000000E+00 0.00000000000000000E+00
position 0.00000000000000000E+00 0.00000000000000000E+00 0.00000000000000000E+00
quaternion 9.89084216309320197E-01 0.00000000000000000E+00 1.47351325232512681E-01 0.00000000000000000E+00
unchanged_qpos 2.95779657950084207E-01
unchanged_qvel -9.67647530938986478E-03
unchanged_time 1.25000000000000000E-01
act -1.40965966675671933E-01
step SUCCESS
step_clamped -1.00000000000000000E+00
qpos 2.95782851521344481E-01
qvel 1.59678563012887256E-03
time 1.27000000000000002E-01
reset_qpos 0.00000000000000000E+00
reset_qvel 0.00000000000000000E+00
forward SUCCESS
forward_clamped -1.00000000000000000E+00
qacc 2.55195771322044385E+00
act_dot -1.38611340818357576E-01
mass 3.40000000000000024E-01
gravity 1.94459047361938242E+00
bias -2.16840434497100887E-19
passive -8.47026520724838000E-02
actuation -9.12923156306627015E-01
length -9.33208478310200151E-02 2.66630993802914329E-02
velocity -2.96459282253693279E-01 8.47026520724838000E-02
force 1.19999999999999996E+00 -3.64615781533135230E-01
position 0.00000000000000000E+00 0.00000000000000000E+00 0.00000000000000000E+00
quaternion 1.00000000000000000E+00 0.00000000000000000E+00 0.00000000000000000E+00 0.00000000000000000E+00
position 0.00000000000000000E+00 0.00000000000000000E+00 0.00000000000000000E+00
quaternion 9.97779194768864564E-01 0.00000000000000000E+00 6.66083965157244634E-02 0.00000000000000000E+00
unchanged_qpos 1.33315496901457164E-01
unchanged_qvel 4.23513260362418986E-01
unchanged_time 1.25000000000000000E-01
act 5.79455370602908415E-01
step SUCCESS
step_clamped -1.00000000000000000E+00
qpos 2.66897112564800476E-01
qvel 8.93426456983952177E-01
time 3.25000000000000178E-01
reset_qpos 0.00000000000000000E+00
reset_qvel 0.00000000000000000E+00
forward SUCCESS
forward_clamped -1.00000000000000000E+00
qacc 5.61395418750017150E+00
act_dot -8.07514952568554101E-01
mass 3.40000000000000024E-01
gravity 1.74812704315164513E+00
bias -5.42101086242752217E-20
passive 3.39639039921316305E-02
actuation 1.97264079862023656E-01
length -3.29889041672376038E-01 9.42540119063931536E-02
velocity 1.18873663972460686E-01 -3.39639039921316305E-02
force -7.26861895778670997E-01 -1.55769623591522999E+00
position 0.00000000000000000E+00 0.00000000000000000E+00 0.00000000000000000E+00
quaternion 1.00000000000000000E+00 0.00000000000000000E+00 0.00000000000000000E+00 0.00000000000000000E+00
position 0.00000000000000000E+00 0.00000000000000000E+00 0.00000000000000000E+00
quaternion 9.72366283026556921E-01 0.00000000000000000E+00 2.33460514077044767E-01 0.00000000000000000E+00
unchanged_qpos 4.71270059531965768E-01
unchanged_qvel -1.69819519960658138E-01
unchanged_time 1.25000000000000000E-01
act -5.32234956661543968E-01
step SUCCESS
step_clamped -1.00000000000000000E+00
qpos 4.70952849921230710E-01
qvel -1.58604805367532076E-01
time 1.27000000000000002E-01
reset_qpos 0.00000000000000000E+00
reset_qvel 0.00000000000000000E+00
forward SUCCESS
forward_clamped -1.00000000000000000E+00
qacc 4.30744238013641301E+00
act_dot -2.41807775534128577E-01
mass 3.40000000000000024E-01
gravity 1.87809241093993506E+00
bias 0.00000000000000000E+00
passive -8.64585046806948532E-02
actuation -3.12602411454471041E-01
length 2.05458542968395580E-01 -5.87024408481130258E-02
velocity -3.02604766382431944E-01 8.64585046806948532E-02
force 9.79133764738058687E-01 1.86395611931084959E+00
position 0.00000000000000000E+00 0.00000000000000000E+00 0.00000000000000000E+00
quaternion 1.00000000000000000E+00 0.00000000000000000E+00 0.00000000000000000E+00 0.00000000000000000E+00
position 0.00000000000000000E+00 0.00000000000000000E+00 0.00000000000000000E+00
quaternion 9.89250636775038994E-01 0.00000000000000000E+00 -1.46229879437068833E-01 0.00000000000000000E+00
unchanged_qpos -2.93512204240565122E-01
unchanged_qvel 4.32292523403474238E-01
unchanged_time 1.25000000000000000E-01
act 5.17310722303102932E-01
step SUCCESS
step_clamped -1.00000000000000000E+00
qpos -2.92630409670735281E-01
qvel 4.40897284914910093E-01
time 1.27000000000000002E-01
lifecycle PASS
