create SUCCESS
reset_qpos 0.00000000000000000E+00
reset_qvel 0.00000000000000000E+00
forward SUCCESS
forward_clamped -1.00000000000000000E+00
qacc 6.33563207206680623E+00
act_dot -2.84971526891393268E-01
mass 3.40000000000000024E-01
gravity 1.89195133995794396E+00
bias -1.08420217248550443E-19
passive -4.46222109778563053E-02
actuation 2.11899761607087234E-01
length -1.87613513746151928E-01 5.36038610703291341E-02
velocity -1.56177738422497048E-01 4.46222109778563053E-02
force -3.22480398191655027E-01 -6.91825856353562862E-02
position 0.00000000000000000E+00 0.00000000000000000E+00 0.00000000000000000E+00
quaternion 1.00000000000000000E+00 0.00000000000000000E+00 0.00000000000000000E+00 0.00000000000000000E+00
position 0.00000000000000000E+00 0.00000000000000000E+00 0.00000000000000000E+00
quaternion 9.91034136405186228E-01 0.00000000000000000E+00 1.33608908683616440E-01 0.00000000000000000E+00
unchanged_qpos 2.68019305351645643E-01
unchanged_qvel 2.23111054889281513E-01
unchanged_time 1.25000000000000000E-01
act -2.99999999999999989E-01
step SUCCESS
step_clamped -1.00000000000000000E+00
qpos 4.31920174695619774E-01
qvel 1.35856104611853978E+00
time 3.25000000000000178E-01
reset_qpos 0.00000000000000000E+00
reset_qvel 0.00000000000000000E+00
forward SUCCESS
forward_clamped -1.00000000000000000E+00
qacc 4.00314433285924753E+00
act_dot -5.00000000000000000E-01
mass 3.40000000000000024E-01
gravity 1.73991446582425557E+00
bias -2.16840434497100887E-19
passive -4.97465090995510284E-02
actuation -3.47903559755771474E-01
length 3.36285426643503027E-01 -9.60815504695722994E-02
velocity -1.74112781848428599E-01 4.97465090995510284E-02
force 2.41864369957446937E-02 -1.65486526929375088E+00
position 0.00000000000000000E+00 0.00000000000000000E+00 0.00000000000000000E+00
quaternion 1.00000000000000000E+00 0.00000000000000000E+00 0.00000000000000000E+00 0.00000000000000000E+00
position 0.00000000000000000E+00 0.00000000000000000E+00 0.00000000000000000E+00
quaternion 9.71289492763284690E-01 0.00000000000000000E+00 -2.37900654155555641E-01 0.00000000000000000E+00
unchanged_qpos -4.80407752347861483E-01
unchanged_qvel 2.48732545497755142E-01
unchanged_time 1.25000000000000000E-01
act -5.73558316522948444E-03
step SUCCESS
step_clamped -1.00000000000000000E+00
qpos -4.79894293495724100E-01
qvel 2.56729426068684319E-01
time 1.27000000000000002E-01
reset_qpos 0.00000000000000000E+00
reset_qvel 0.00000000000000000E+00
forward SUCCESS
forward_clamped -1.00000000000000000E+00
qacc 7.44068982099171183E+00
act_dot -5.00000000000000000E-01
mass 3.40000000000000024E-01
gravity 1.93022162821399546E+00
bias 0.00000000000000000E+00
passive 1.02350956751138481E-02
actuation 5.66332505089394922E-01
length 1.26158725218917023E-01 -3.60453500625477208E-02
velocity 3.58228348628984658E-02 -1.02350956751138481E-02
force -3.01150461652935741E-01 1.77763590966169938E+00
position 0.00000000000000000E+00 0.00000000000000000E+00 0.00000000000000000E+00
quaternion 1.00000000000000000E+00 0.00000000000000000E+00 0.00000000000000000E+00 0.00000000000000000E+00
position 0.00000000000000000E+00 0.00000000000000000E+00 0.00000000000000000E+00
quaternion 9.95942536616495011E-01 0.00000000000000000E+00 -8.99914649169647057E-02 0.00000000000000000E+00
unchanged_qpos -1.80226750312738604E-01
unchanged_qvel -5.11754783755692388E-02
unchanged_time 1.25000000000000000E-01
act -2.09493104185106471E-01
step SUCCESS
step_clamped -1.00000000000000000E+00
qpos -1.80299373484070963E-01
qvel -3.63115856661850867E-02
time 1.27000000000000002E-01
reset_qpos 0.00000000000000000E+00
reset_qvel 0.00000000000000000E+00
forward SUCCESS
forward_clamped -1.00000000000000000E+00
qacc 6.70876639309208755E+00
act_dot 8.00000000000000044E-01
mass 3.40000000000000024E-01
gravity 1.95986616490757082E+00
bias 0.00000000000000000E+00
passive 3.21524162712115494E-02
actuation 2.74194970786842795E-01
length -3.26500109777099964E-02 9.32857456505999973E-03
velocity 1.12533456949240412E-01 -3.21524162712115494E-02
force -4.22711688096535088E-01 -1.08516054403658746E-01
position 0.00000000000000000E+00 0.00000000000000000E+00 0.00000000000000000E+00
quaternion 1.00000000000000000E+00 0.00000000000000000E+00 0.00000000000000000E+00 0.00000000000000000E+00
position 0.00000000000000000E+00 0.00000000000000000E+00 0.00000000000000000E+00
quaternion 9.99728067627254968E-01 0.00000000000000000E+00 2.33193224231442245E-02 0.00000000000000000E+00
unchanged_qpos 4.66428728252999969E-02
unchanged_qvel -1.60762081356057740E-01
unchanged_time 1.25000000000000000E-01
act -1.41600000000000947E-01
step SUCCESS
step_clamped -1.00000000000000000E+00
qpos 1.38604097038412144E-01
qvel 1.01296182351418840E+00
time 3.25000000000000178E-01
reset_qpos 0.00000000000000000E+00
reset_qvel 0.00000000000000000E+00
forward SUCCESS
forward_clamped -1.00000000000000000E+00
qacc 4.46912419728919907E+00
act_dot -2.41002941448507535E-01
mass 3.40000000000000024E-01
gravity 1.83966885790454482E+00
bias 0.00000000000000000E+00
passive -9.28611656226783766E-02
actuation -2.20438206683058413E-01
length -2.48493382654617123E-01 7.09981093298906185E-02
velocity -3.25014079679374235E-01 9.28611656226783766E-02
force 4.26416915534174434E-01 3.90268170954318538E-01
position 0.00000000000000000E+00 0.00000000000000000E+00 0.00000000000000000E+00
quaternion 1.00000000000000000E+00 0.00000000000000000E+00 0.00000000000000000E+00 0.00000000000000000E+00
position 0.00000000000000000E+00 0.00000000000000000E+00 0.00000000000000000E+00
quaternion 9.84289026320780858E-01 0.00000000000000000E+00 1.76564754876190194E-01 0.00000000000000000E+00
unchanged_qpos 3.54990546649453065E-01
unchanged_qvel 4.64305828113391827E-01
unchanged_time 1.25000000000000000E-01
act 1.09921226354067342E-01
step SUCCESS
step_clamped -1.00000000000000000E+00
qpos 3.55937013796009782E-01
qvel 4.73233573278364350E-01
time 1.27000000000000002E-01
reset_qpos 0.00000000000000000E+00
reset_qvel 0.00000000000000000E+00
forward SUCCESS
forward_clamped -1.00000000000000000E+00
qacc 5.36250801595525139E+00
act_dot 8.00000000000000044E-01
mass 3.40000000000000024E-01
gravity 1.82234929416590941E+00
bias 0.00000000000000000E+00
passive 4.23659048138877170E-02
actuation 3.27326508769620952E-02
length 2.65702353934308133E-01 -7.59149582669451928E-02
velocity 1.48280666848606968E-01 -4.23659048138877170E-02
force 9.31677628350430220E-03 1.96271971377075527E-01
position 0.00000000000000000E+00 0.00000000000000000E+00 0.00000000000000000E+00
quaternion 1.00000000000000000E+00 0.00000000000000000E+00 0.00000000000000000E+00 0.00000000000000000E+00
position 0.00000000000000000E+00 0.00000000000000000E+00 0.00000000000000000E+00
quaternion 9.82044365142705655E-01 0.00000000000000000E+00 -1.88650112354751709E-01 0.00000000000000000E+00
unchanged_qpos -3.79574791334725936E-01
unchanged_qvel -2.11829524069438557E-01
unchanged_time 1.25000000000000000E-01
act 1.09903622550106654E-02
step SUCCESS
step_clamped -1.00000000000000000E+00
qpos -3.79977025556479109E-01
qvel -2.01117110876578464E-01
time 1.27000000000000002E-01
reset_qpos 0.00000000000000000E+00
reset_qvel 0.00000000000000000E+00
forward SUCCESS
forward_clamped -1.00000000000000000E+00
qacc 4.32079172371484965E+00
act_dot -5.00000000000000000E-01
mass 3.40000000000000024E-01
gravity 1.89963036002673991E+00
bias -4.33680868994201774E-19
passive 9.05042224184388761E-02
actuation -5.66827619370561364E-01
length 1.76973155440468183E-01 -5.05637586972766326E-02
velocity 3.16764778464536045E-01 -9.05042224184388761E-02
force 6.63555097674952354E-01 -5.11695254990473636E-01
position 0.00000000000000000E+00 0.00000000000000000E+00 0.00000000000000000E+00
quaternion 1.00000000000000000E+00 0.00000000000000000E+00 0.00000000000000000E+00 0.00000000000000000E+00
position 0.00000000000000000E+00 0.00000000000000000E+00 0.00000000000000000E+00
quaternion 9.92020965674158428E-01 0.00000000000000000E+00 -1.26073009256185975E-01 0.00000000000000000E+00
unchanged_qpos -2.52818793486383142E-01
unchanged_qvel -4.52521112092194366E-01
unchanged_time 1.25000000000000000E-01
act 3.00999999999999934E-01
step SUCCESS
step_clamped -1.00000000000000000E+00
qpos -2.59059470110587053E-01
qvel 3.69336498875503183E-01
time 3.25000000000000178E-01
reset_qpos 0.00000000000000000E+00
reset_qvel 0.00000000000000000E+00
forward SUCCESS
forward_clamped -1.00000000000000000E+00
qacc 4.34523033828807481E+00
act_dot 6.35111174873480788E-01
mass 3.40000000000000024E-01
gravity 1.94894855758538177E+00
bias -2.71050543121376109E-20
passive 3.52634118121581963E-02
actuation -5.53100477942177093E-01
length -8.07855775496365280E-02 2.30815935856104396E-02
velocity 1.23421941342553673E-01 -3.52634118121581963E-02
force 4.53232024939999256E-01 -1.17919030242088807E+00
position 0.00000000000000000E+00 0.00000000000000000E+00 0.00000000000000000E+00
quaternion 1.00000000000000000E+00 0.00000000000000000E+00 0.00000000000000000E+00 0.00000000000000000E+00
position 0.00000000000000000E+00 0.00000000000000000E+00 0.00000000000000000E+00
quaternion 9.98335587034130612E-01 0.00000000000000000E+00 5.76719659905725879E-02 0.00000000000000000E+00
unchanged_qpos 1.15407967928052191E-01
unchanged_qvel -1.76317059060790982E-01
unchanged_time 1.25000000000000000E-01
act 2.08047494084481782E-01
step SUCCESS
step_clamped -1.00000000000000000E+00
qpos 1.15072694307169363E-01
qvel -1.67636810441414097E-01
time 1.27000000000000002E-01
reset_qpos 0.00000000000000000E+00
reset_qvel 0.00000000000000000E+00
forward SUCCESS
forward_clamped -1.00000000000000000E+00
qacc 3.49879633786541655E+00
act_dot -5.00000000000000000E-01
mass 3.40000000000000024E-01
gravity 1.94542281021189956E+00
bias 0.00000000000000000E+00
passive -4.27272577791513661E-02
actuation -6.41302294376971060E-01
length 9.10594976419581148E-02 -2.60169993262737501E-02
velocity -1.49545402227029750E-01 4.27272577791513661E-02
force 4.49885309312434256E-01 -1.63191288929133504E+00
position 0.00000000000000000E+00 0.00000000000000000E+00 0.00000000000000000E+00
quaternion 1.00000000000000000E+00 0.00000000000000000E+00 0.00000000000000000E+00 0.00000000000000000E+00
position 0.00000000000000000E+00 0.00000000000000000E+00 0.00000000000000000E+00
quaternion 9.97885482324408546E-01 0.00000000000000000E+00 -6.49966473457099653E-02 0.00000000000000000E+00
unchanged_qpos -1.30084996631368743E-01
unchanged_qvel 2.13636288895756810E-01
unchanged_time 1.25000000000000000E-01
act 2.04290634211538702E-01
step SUCCESS
step_clamped -1.00000000000000000E+00
qpos -1.29643745313801961E-01
qvel 2.20625658783384554E-01
time 1.27000000000000002E-01
reset_qpos 0.00000000000000000E+00
reset_qvel 0.00000000000000000E+00
forward SUCCESS
forward_clamped -1.00000000000000000E+00
qacc 7.84342928469822898E+00
act_dot -5.00000000000000000E-01
mass 3.40000000000000024E-01
gravity 1.95273572585382960E+00
bias -1.08420217248550443E-19
passive 9.01465456409813320E-02
actuation 5.42012531613121351E-01
length -6.80519028027031792E-02 1.94434008007723369E-02
velocity 3.15512909743434600E-01 -9.01465456409813320E-02
force -4.48800087165704187E-01 1.13926235298564205E+00
position 0.00000000000000000E+00 0.00000000000000000E+00 0.00000000000000000E+00
quaternion 1.00000000000000000E+00 0.00000000000000000E+00 0.00000000000000000E+00 0.00000000000000000E+00
position 0.00000000000000000E+00 0.00000000000000000E+00 0.00000000000000000E+00
quaternion 9.98818839363239674E-01 0.00000000000000000E+00 4.85893623447660808E-02 0.00000000000000000E+00
unchanged_qpos 9.72170040038616845E-02
unchanged_qvel -4.50732728204906619E-01
unchanged_time 1.25000000000000000E-01
act -2.99999999999999989E-01
step SUCCESS
step_clamped -1.00000000000000000E+00
qpos 1.56773591299909199E-01
qvel 9.87799148329886356E-01
time 3.25000000000000178E-01
reset_qpos 0.00000000000000000E+00
reset_qvel 0.00000000000000000E+00
forward SUCCESS
forward_clamped -1.00000000000000000E+00
qacc 7.27128993820424618E+00
act_dot -5.00000000000000000E-01
mass 3.40000000000000024E-01
gravity 1.93579130526491805E+00
bias 0.00000000000000000E+00
passive 7.67747766388228448E-02
actuation 3.72902286165016139E-01
length -1.14543610565806239E-01 3.27267458759446447E-02
velocity 2.68711718235879915E-01 -7.67747766388228448E-02
force -4.29379260477434188E-01 3.61684019154060898E-01
position 0.00000000000000000E+00 0.00000000000000000E+00 0.00000000000000000E+00
quaternion 1.00000000000000000E+00 0.00000000000000000E+00 0.00000000000000000E+00 0.00000000000000000E+00
position 0.00000000000000000E+00 0.00000000000000000E+00 0.00000000000000000E+00
quaternion 9.96654866977408127E-01 0.00000000000000000E+00 8.17256148967089868E-02 0.00000000000000000E+00
unchanged_qpos 1.63633729379723203E-01
unchanged_qvel -3.83873883194114196E-01
unchanged_time 1.25000000000000000E-01
act -2.99999999999999989E-01
step SUCCESS
step_clamped -1.00000000000000000E+00
qpos 1.62895032595461758E-01
qvel -3.69348392130721459E-01
time 1.27000000000000002E-01
reset_qpos 0.00000000000000000E+00
reset_qvel 0.00000000000000000E+00
forward SUCCESS
forward_clamped -1.00000000000000000E+00
qacc 7.40360632931595219E+00
act_dot 8.00000000000000044E-01
mass 3.40000000000000024E-01
gravity 1.95829009075529803E+00
bias 0.00000000000000000E+00
passive 1.00816399415903934E-04
actuation 6.26825933416089831E-01
length -4.30540128549298448E-02 1.23011465299799564E-02
velocity 3.52857397955663689E-04 -1.00816399415903934E-04
force -3.97154367623112181E-01 1.74408938039955652E+00
position 0.00000000000000000E+00 0.00000000000000000E+00 0.00000000000000000E+00
quaternion 1.00000000000000000E+00 0.00000000000000000E+00 0.00000000000000000E+00 0.00000000000000000E+00
position 0.00000000000000000E+00 0.00000000000000000E+00 0.00000000000000000E+00
quaternion 9.99527167872802380E-01 0.00000000000000000E+00 3.07480191910781790E-02 0.00000000000000000E+00
unchanged_qpos 6.15057326498997803E-02
unchanged_qvel -5.04081997079519617E-04
unchanged_time 1.25000000000000000E-01
act -2.99999999999999989E-01
step SUCCESS
step_clamped -1.00000000000000000E+00
qpos 6.15343041116631698E-02
qvel 1.42857308816950017E-02
time 1.27000000000000002E-01
lifecycle PASS
