create SUCCESS
reset_qpos 0.00000000000000000E+00
reset_qvel 0.00000000000000000E+00
forward SUCCESS
forward_clamped -1.00000000000000000E+00
qacc 5.53016435736128642E+00
act_dot 0.00000000000000000E+00
mass 3.40000000000000024E-01
gravity 1.93855389059604466E+00
bias 2.16840434497100887E-19
passive -9.14770101985723366E-02
actuation 0.00000000000000000E+00
length -1.08325915809890760E-01 3.09502616599687946E-02
velocity 0.00000000000000000E+00 0.00000000000000000E+00
force 0.00000000000000000E+00 0.00000000000000000E+00
position 0.00000000000000000E+00 0.00000000000000000E+00 0.00000000000000000E+00
quaternion 1.00000000000000000E+00 0.00000000000000000E+00 0.00000000000000000E+00 0.00000000000000000E+00
position 0.00000000000000000E+00 0.00000000000000000E+00 0.00000000000000000E+00
quaternion 9.97007997277392755E-01 0.00000000000000000E+00 7.72984693569181841E-02 0.00000000000000000E+00
unchanged_qpos 1.54751308299843959E-01
unchanged_qvel 4.57385050992861641E-01
unchanged_time 1.25000000000000000E-01
act 2.49791207238558854E-04
step SUCCESS
step_clamped -1.00000000000000000E+00
qpos 3.52526438811190612E-01
qvel 1.48095287974165313E+00
time 3.25000000000000178E-01
reset_qpos 0.00000000000000000E+00
reset_qvel 0.00000000000000000E+00
forward SUCCESS
forward_clamped -1.00000000000000000E+00
qacc 5.74172557190768185E+00
act_dot 0.00000000000000000E+00
mass 3.40000000000000024E-01
gravity 1.88203541917265982E+00
bias 0.00000000000000000E+00
passive 1.14334809799215842E-02
actuation 0.00000000000000000E+00
length -2.00538863244571458E-01 5.72968180698775684E-02
velocity 0.00000000000000000E+00 0.00000000000000000E+00
force 0.00000000000000000E+00 0.00000000000000000E+00
position 0.00000000000000000E+00 0.00000000000000000E+00 0.00000000000000000E+00
quaternion 1.00000000000000000E+00 0.00000000000000000E+00 0.00000000000000000E+00 0.00000000000000000E+00
position 0.00000000000000000E+00 0.00000000000000000E+00 0.00000000000000000E+00
quaternion 9.89758387918902915E-01 0.00000000000000000E+00 1.42752700654574183E-01 0.00000000000000000E+00
unchanged_qpos 2.86484090349387821E-01
unchanged_qvel -5.71674048996079209E-02
unchanged_time 1.25000000000000000E-01
act -1.30932011474113152E-01
step SUCCESS
step_clamped -1.00000000000000000E+00
qpos 2.86392695453741963E-01
qvel -4.56974478229415781E-02
time 1.27000000000000002E-01
reset_qpos 0.00000000000000000E+00
reset_qvel 0.00000000000000000E+00
forward SUCCESS
forward_clamped -1.00000000000000000E+00
qacc 5.43083198879481266E+00
act_dot 0.00000000000000000E+00
mass 3.40000000000000024E-01
gravity 1.92892933282868673E+00
bias -2.16840434497100887E-19
passive -8.42493299186603262E-02
actuation 0.00000000000000000E+00
length -1.28705448585457960E-01 3.67729853101308457E-02
velocity 0.00000000000000000E+00 0.00000000000000000E+00
force 0.00000000000000000E+00 0.00000000000000000E+00
position 0.00000000000000000E+00 0.00000000000000000E+00 0.00000000000000000E+00
quaternion 1.00000000000000000E+00 0.00000000000000000E+00 0.00000000000000000E+00 0.00000000000000000E+00
position 0.00000000000000000E+00 0.00000000000000000E+00 0.00000000000000000E+00
quaternion 9.95777186475041876E-01 0.00000000000000000E+00 9.18030222587988415E-02 0.00000000000000000E+00
unchanged_qpos 1.83864926550654229E-01
unchanged_qvel 4.21246649593301603E-01
unchanged_time 1.25000000000000000E-01
act 4.51877017782731372E-02
step SUCCESS
step_clamped -1.00000000000000000E+00
qpos 1.84729117650971164E-01
qvel 4.32095550158461628E-01
time 1.27000000000000002E-01
reset_qpos 0.00000000000000000E+00
reset_qvel 0.00000000000000000E+00
forward SUCCESS
forward_clamped -1.00000000000000000E+00
qacc 5.51922679177295539E+00
act_dot 0.00000000000000000E+00
mass 3.40000000000000024E-01
gravity 1.86926242980327784E+00
bias 1.35525271560688054E-20
passive -1.43279626822997441E-02
actuation 0.00000000000000000E+00
length 2.16081236888683609E-01 -6.17374962539096114E-02
velocity 0.00000000000000000E+00 0.00000000000000000E+00
force 0.00000000000000000E+00 0.00000000000000000E+00
position 0.00000000000000000E+00 0.00000000000000000E+00 0.00000000000000000E+00
quaternion 1.00000000000000000E+00 0.00000000000000000E+00 0.00000000000000000E+00 0.00000000000000000E+00
position 0.00000000000000000E+00 0.00000000000000000E+00 0.00000000000000000E+00
quaternion 9.88112631396337537E-01 0.00000000000000000E+00 -1.53731674273734742E-01 0.00000000000000000E+00
unchanged_qpos -3.08687481269548036E-01
unchanged_qvel 7.16398134114987206E-02
unchanged_time 1.25000000000000000E-01
act -6.18499615628497201E-02
step SUCCESS
step_clamped -1.00000000000000000E+00
qpos -1.86469568255592189E-01
qvel 1.12534496049277499E+00
time 3.25000000000000178E-01
reset_qpos 0.00000000000000000E+00
reset_qvel 0.00000000000000000E+00
forward SUCCESS
forward_clamped -1.00000000000000000E+00
qacc 5.76528823644527932E+00
act_dot 0.00000000000000000E+00
mass 3.40000000000000024E-01
gravity 1.94067739521247762E+00
bias -5.42101086242752217E-20
passive -5.54992308842201520E-02
actuation 0.00000000000000000E+00
length -1.03294635977508348E-01 2.95127531364309595E-02
velocity 0.00000000000000000E+00 0.00000000000000000E+00
force 0.00000000000000000E+00 0.00000000000000000E+00
position 0.00000000000000000E+00 0.00000000000000000E+00 0.00000000000000000E+00
quaternion 1.00000000000000000E+00 0.00000000000000000E+00 0.00000000000000000E+00 0.00000000000000000E+00
position 0.00000000000000000E+00 0.00000000000000000E+00 0.00000000000000000E+00
quaternion 9.97279351432791450E-01 0.00000000000000000E+00 7.37149591724139269E-02 0.00000000000000000E+00
unchanged_qpos 1.47563765682154791E-01
unchanged_qvel 2.77496154421100760E-01
unchanged_time 1.25000000000000000E-01
act -3.84906653669459753E-01
step SUCCESS
step_clamped -1.00000000000000000E+00
qpos 1.48141792045055648E-01
qvel 2.89013181450427425E-01
time 1.27000000000000002E-01
reset_qpos 0.00000000000000000E+00
reset_qvel 0.00000000000000000E+00
forward SUCCESS
forward_clamped -1.00000000000000000E+00
qacc 5.99679142510789820E+00
act_dot 0.00000000000000000E+00
mass 3.40000000000000024E-01
gravity 1.92758516168873761E+00
bias -2.71050543121376109E-20
passive 2.61906340394866058E-02
actuation 0.00000000000000000E+00
length -1.31302584086608054E-01 3.75150240247451583E-02
velocity 0.00000000000000000E+00 0.00000000000000000E+00
force 0.00000000000000000E+00 0.00000000000000000E+00
position 0.00000000000000000E+00 0.00000000000000000E+00 0.00000000000000000E+00
quaternion 1.00000000000000000E+00 0.00000000000000000E+00 0.00000000000000000E+00 0.00000000000000000E+00
position 0.00000000000000000E+00 0.00000000000000000E+00 0.00000000000000000E+00
quaternion 9.95605169655744637E-01 0.00000000000000000E+00 9.36501262933262524E-02 0.00000000000000000E+00
unchanged_qpos 1.87575120123725791E-01
unchanged_qvel -1.30953170197433022E-01
unchanged_time 1.25000000000000000E-01
act -4.22322661277732270E-01
step SUCCESS
step_clamped -1.00000000000000000E+00
qpos 1.87337172761997628E-01
qvel -1.18973680864080000E-01
time 1.27000000000000002E-01
reset_qpos 0.00000000000000000E+00
reset_qvel 0.00000000000000000E+00
forward SUCCESS
forward_clamped -1.00000000000000000E+00
qacc 5.50706924130477127E+00
act_dot 0.00000000000000000E+00
mass 3.40000000000000024E-01
gravity 1.92629552041225627E+00
bias 0.00000000000000000E+00
passive -9.83429422581099666E-02
actuation 0.00000000000000000E+00
length -1.33747510192883057E-01 3.82135743408237305E-02
velocity 0.00000000000000000E+00 0.00000000000000000E+00
force 0.00000000000000000E+00 0.00000000000000000E+00
position 0.00000000000000000E+00 0.00000000000000000E+00 0.00000000000000000E+00
quaternion 1.00000000000000000E+00 0.00000000000000000E+00 0.00000000000000000E+00 0.00000000000000000E+00
position 0.00000000000000000E+00 0.00000000000000000E+00 0.00000000000000000E+00
quaternion 9.95440103213494298E-01 0.00000000000000000E+00 9.53886833660466116E-02 0.00000000000000000E+00
unchanged_qpos 1.91067871704118653E-01
unchanged_qvel 4.91714711290549777E-01
unchanged_time 1.25000000000000000E-01
act 6.03031204069842230E-01
step SUCCESS
step_clamped -1.00000000000000000E+00
qpos 3.95001036242309422E-01
qvel 1.50668080564704088E+00
time 3.25000000000000178E-01
reset_qpos 0.00000000000000000E+00
reset_qvel 0.00000000000000000E+00
forward SUCCESS
forward_clamped -1.00000000000000000E+00
qacc 6.13070241847250408E+00
act_dot 0.00000000000000000E+00
mass 3.40000000000000024E-01
gravity 1.95077331686662170E+00
bias -2.71050543121376109E-20
passive 3.48899273506833724E-02
actuation 0.00000000000000000E+00
length 7.49197940317667815E-02 -2.14056554376476534E-02
velocity 0.00000000000000000E+00 0.00000000000000000E+00
force 0.00000000000000000E+00 0.00000000000000000E+00
position 0.00000000000000000E+00 0.00000000000000000E+00 0.00000000000000000E+00
quaternion 1.00000000000000000E+00 0.00000000000000000E+00 0.00000000000000000E+00 0.00000000000000000E+00
position 0.00000000000000000E+00 0.00000000000000000E+00 0.00000000000000000E+00
quaternion 9.98568460166758709E-01 0.00000000000000000E+00 -5.34886002825670642E-02 0.00000000000000000E+00
unchanged_qpos -1.07028277188238263E-01
unchanged_qvel -1.74449636753416848E-01
unchanged_time 1.25000000000000000E-01
act 6.56479240884179083E-02
step SUCCESS
step_clamped -1.00000000000000000E+00
qpos -1.07352682468533814E-01
qvel -1.62202640147772609E-01
time 1.27000000000000002E-01
reset_qpos 0.00000000000000000E+00
reset_qvel 0.00000000000000000E+00
forward SUCCESS
forward_clamped -1.00000000000000000E+00
qacc 5.87156184516192425E+00
act_dot 0.00000000000000000E+00
mass 3.40000000000000024E-01
gravity 1.95070132898135995E+00
bias -1.35525271560688054E-20
passive 2.86043407737075484E-02
actuation 0.00000000000000000E+00
length -7.51598413434379081E-02 2.14742403838394068E-02
velocity 0.00000000000000000E+00 0.00000000000000000E+00
force 0.00000000000000000E+00 0.00000000000000000E+00
position 0.00000000000000000E+00 0.00000000000000000E+00 0.00000000000000000E+00
quaternion 1.00000000000000000E+00 0.00000000000000000E+00 0.00000000000000000E+00 0.00000000000000000E+00
position 0.00000000000000000E+00 0.00000000000000000E+00 0.00000000000000000E+00
quaternion 9.98559274206244907E-01 0.00000000000000000E+00 5.36598164057365754E-02 0.00000000000000000E+00
unchanged_qpos 1.07371201919197023E-01
unchanged_qvel -1.43021703868537742E-01
unchanged_time 1.25000000000000000E-01
act 3.91530949618588364E-01
step SUCCESS
step_clamped -1.00000000000000000E+00
qpos 1.07108617160430047E-01
qvel -1.31292379383490421E-01
time 1.27000000000000002E-01
reset_qpos 0.00000000000000000E+00
reset_qvel 0.00000000000000000E+00
forward SUCCESS
forward_clamped -1.00000000000000000E+00
qacc 5.38955274029376952E+00
act_dot 0.00000000000000000E+00
mass 3.40000000000000024E-01
gravity 1.82520622197839555E+00
bias 0.00000000000000000E+00
passive 6.50381686514240887E-02
actuation 0.00000000000000000E+00
length -2.62937727554493295E-01 7.51250650155695365E-02
velocity 0.00000000000000000E+00 0.00000000000000000E+00
force 0.00000000000000000E+00 0.00000000000000000E+00
position 0.00000000000000000E+00 0.00000000000000000E+00 0.00000000000000000E+00
quaternion 1.00000000000000000E+00 0.00000000000000000E+00 0.00000000000000000E+00 0.00000000000000000E+00
position 0.00000000000000000E+00 0.00000000000000000E+00 0.00000000000000000E+00
quaternion 9.82414983751929927E-01 0.00000000000000000E+00 1.86710470246570170E-01 0.00000000000000000E+00
unchanged_qpos 3.75625325077847627E-01
unchanged_qvel -3.25190843257120443E-01
unchanged_time 1.25000000000000000E-01
act -5.44407797065003529E-01
step SUCCESS
step_clamped -1.00000000000000000E+00
qpos 4.15376432099820725E-01
qvel 6.89810084994258332E-01
time 3.25000000000000178E-01
reset_qpos 0.00000000000000000E+00
reset_qvel 0.00000000000000000E+00
forward SUCCESS
forward_clamped -1.00000000000000000E+00
qacc 4.78843103498954736E+00
act_dot 0.00000000000000000E+00
mass 3.40000000000000024E-01
gravity 1.75202025536962847E+00
bias 0.00000000000000000E+00
passive -9.59397593763328393E-02
actuation 0.00000000000000000E+00
length -3.26816415209991606E-01 9.33761186314261971E-02
velocity 0.00000000000000000E+00 0.00000000000000000E+00
force 0.00000000000000000E+00 0.00000000000000000E+00
position 0.00000000000000000E+00 0.00000000000000000E+00 0.00000000000000000E+00
quaternion 1.00000000000000000E+00 0.00000000000000000E+00 0.00000000000000000E+00 0.00000000000000000E+00
position 0.00000000000000000E+00 0.00000000000000000E+00 0.00000000000000000E+00
quaternion 9.72876324281252147E-01 0.00000000000000000E+00 2.31325868966270110E-01 0.00000000000000000E+00
unchanged_qpos 4.66880593157130930E-01
unchanged_qvel 4.79698796881664169E-01
unchanged_time 1.25000000000000000E-01
act -8.20619885594083831E-02
step SUCCESS
step_clamped -1.00000000000000000E+00
qpos 4.67859121967720282E-01
qvel 4.89264405294686788E-01
time 1.27000000000000002E-01
reset_qpos 0.00000000000000000E+00
reset_qvel 0.00000000000000000E+00
forward SUCCESS
forward_clamped -1.00000000000000000E+00
qacc 5.53140273168780805E+00
act_dot 0.00000000000000000E+00
mass 3.40000000000000024E-01
gravity 1.92155970704219436E+00
bias -2.71050543121376109E-20
passive 3.31966624561093951E-02
actuation 0.00000000000000000E+00
length -1.42370327045346218E-01 4.06772362986703509E-02
velocity 0.00000000000000000E+00 0.00000000000000000E+00
force 0.00000000000000000E+00 0.00000000000000000E+00
position 0.00000000000000000E+00 0.00000000000000000E+00 0.00000000000000000E+00
quaternion 1.00000000000000000E+00 0.00000000000000000E+00 0.00000000000000000E+00 0.00000000000000000E+00
position 0.00000000000000000E+00 0.00000000000000000E+00 0.00000000000000000E+00
quaternion 9.94833712207469301E-01 0.00000000000000000E+00 1.01517905098096176E-01 0.00000000000000000E+00
unchanged_qpos 2.03386181493351748E-01
unchanged_qvel -1.65983312280546969E-01
unchanged_time 1.25000000000000000E-01
act -1.87178772507448632E-01
step SUCCESS
step_clamped -1.00000000000000000E+00
qpos 2.03076314480174602E-01
qvel -1.54933506588573688E-01
time 1.27000000000000002E-01
lifecycle PASS
