create SUCCESS
reset_qpos 0.00000000000000000E+00
reset_qvel 0.00000000000000000E+00
forward SUCCESS
forward_clamped -1.00000000000000000E+00
qacc 8.08477730364398717E+00
act_dot -5.00000000000000000E-01
mass 3.40000000000000024E-01
gravity 1.93197466471278756E+00
bias 0.00000000000000000E+00
passive 6.77777463759226054E-03
actuation 8.64344845433622000E-01
length -1.22620442605652649E-01 3.50344121730436150E-02
velocity 2.37222112315729067E-02 -6.77777463759226054E-03
force -8.48609297339735447E-01 1.35159168647903583E+00
position 0.00000000000000000E+00 0.00000000000000000E+00 0.00000000000000000E+00
quaternion 1.00000000000000000E+00 0.00000000000000000E+00 0.00000000000000000E+00 0.00000000000000000E+00
position 0.00000000000000000E+00 0.00000000000000000E+00 0.00000000000000000E+00
quaternion 9.96166795052891629E-01 0.00000000000000000E+00 8.74740900727188214E-02 0.00000000000000000E+00
unchanged_qpos 1.75172060865218082E-01
unchanged_qvel -3.38888731879612992E-02
unchanged_time 1.25000000000000000E-01
act -6.75853522279480479E-01
step SUCCESS
step_clamped -1.00000000000000000E+00
qpos 3.23954028408336980E-01
qvel 1.46580821744304468E+00
time 3.25000000000000178E-01
reset_qpos 0.00000000000000000E+00
reset_qvel 0.00000000000000000E+00
forward SUCCESS
forward_clamped -1.00000000000000000E+00
qacc 7.32774455167047378E+00
act_dot 8.00000000000000044E-01
mass 3.40000000000000024E-01
gravity 1.79984070472510660E+00
bias -4.33680868994201774E-19
passive 9.35917138716707564E-02
actuation 5.01688072597312629E-01
length -2.86597269905076502E-01 8.18849342585932921E-02
velocity 3.27570998550847647E-01 -9.35917138716707564E-02
force -9.81088120786622886E-01 -9.25368059766616735E-01
position 0.00000000000000000E+00 0.00000000000000000E+00 0.00000000000000000E+00
quaternion 1.00000000000000000E+00 0.00000000000000000E+00 0.00000000000000000E+00 0.00000000000000000E+00
position 0.00000000000000000E+00 0.00000000000000000E+00 0.00000000000000000E+00
quaternion 9.79119503025118632E-01 0.00000000000000000E+00 2.03285510540826414E-01 0.00000000000000000E+00
unchanged_qpos 4.09424671292966447E-01
unchanged_qvel -4.67958569358353782E-01
unchanged_time 1.25000000000000000E-01
act -6.47972412969397782E-01
step SUCCESS
step_clamped -1.00000000000000000E+00
qpos 4.08518030689473788E-01
qvel -4.53320301746321097E-01
time 1.27000000000000002E-01
reset_qpos 0.00000000000000000E+00
reset_qvel 0.00000000000000000E+00
forward SUCCESS
forward_clamped -1.00000000000000000E+00
qacc 5.94253771753917626E+00
act_dot 5.99885360426699155E-01
mass 3.40000000000000024E-01
gravity 1.95555808647446638E+00
bias 0.00000000000000000E+00
passive 1.67461310583747920E-02
actuation 7.22236592435512859E-03
length 5.67400718358347239E-02 -1.62114490959527797E-02
velocity 5.86114587043117669E-02 -1.67461310583747920E-02
force 2.79649229963780277E-01 1.01488413449500658E+00
position 0.00000000000000000E+00 0.00000000000000000E+00 0.00000000000000000E+00
quaternion 1.00000000000000000E+00 0.00000000000000000E+00 0.00000000000000000E+00 0.00000000000000000E+00
position 0.00000000000000000E+00 0.00000000000000000E+00 0.00000000000000000E+00
quaternion 9.99178827781323275E-01 0.00000000000000000E+00 -4.05175284727577606E-02 0.00000000000000000E+00
unchanged_qpos -8.10572454797638953E-02
unchanged_qvel -8.37306552918739566E-02
unchanged_time 1.25000000000000000E-01
act 1.22584437209054736E-01
step SUCCESS
step_clamped -1.00000000000000000E+00
qpos -8.12009645714996675E-02
qvel -7.18595458678826515E-02
time 1.27000000000000002E-01
reset_qpos 0.00000000000000000E+00
reset_qvel 0.00000000000000000E+00
forward SUCCESS
forward_clamped -1.00000000000000000E+00
qacc 5.27792175586652856E+00
act_dot -5.00000000000000000E-01
mass 3.40000000000000024E-01
gravity 1.88035341532377021E+00
bias -1.08420217248550443E-19
passive -4.74084008719753147E-02
actuation -8.80741748738466113E-02
length -2.02651690376822902E-01 5.79004829648065433E-02
velocity -1.65929403051913560E-01 4.74084008719753147E-02
force -2.29698516581000461E-01 -1.24431568240273460E+00
position 0.00000000000000000E+00 0.00000000000000000E+00 0.00000000000000000E+00
quaternion 1.00000000000000000E+00 0.00000000000000000E+00 0.00000000000000000E+00 0.00000000000000000E+00
position 0.00000000000000000E+00 0.00000000000000000E+00 0.00000000000000000E+00
quaternion 9.89541823893460348E-01 0.00000000000000000E+00 1.44246243506040761E-01 0.00000000000000000E+00
unchanged_qpos 2.89502414824032717E-01
unchanged_qvel 2.37042004359876546E-01
unchanged_time 1.25000000000000000E-01
act -3.48223473120253091E-01
step SUCCESS
step_clamped -1.00000000000000000E+00
qpos 4.38295998498028083E-01
qvel 1.21227356190209790E+00
time 3.25000000000000178E-01
reset_qpos 0.00000000000000000E+00
reset_qvel 0.00000000000000000E+00
forward SUCCESS
forward_clamped -1.00000000000000000E+00
qacc 5.75007671146600607E+00
act_dot -5.00000000000000000E-01
mass 3.40000000000000024E-01
gravity 1.92760607498581904E+00
bias -5.42101086242752217E-20
passive -4.16815113866211076E-02
actuation 1.55082137175224843E-01
length -1.31262565527526048E-01 3.75035901507217370E-02
velocity -1.45885289853173866E-01 4.16815113866211076E-02
force -1.99332561114748258E-01 7.77467219745053839E-02
position 0.00000000000000000E+00 0.00000000000000000E+00 0.00000000000000000E+00
quaternion 1.00000000000000000E+00 0.00000000000000000E+00 0.00000000000000000E+00 0.00000000000000000E+00
position 0.00000000000000000E+00 0.00000000000000000E+00 0.00000000000000000E+00
quaternion 9.95607846208363401E-01 0.00000000000000000E+00 9.36216671948528062E-02 0.00000000000000000E+00
unchanged_qpos 1.87517950753608664E-01
unchanged_qvel 2.08407556933105531E-01
unchanged_time 1.25000000000000000E-01
act -2.16404934555082862E-01
step SUCCESS
step_clamped -1.00000000000000000E+00
qpos 1.87957739146933145E-01
qvel 2.19894196662238556E-01
time 1.27000000000000002E-01
reset_qpos 0.00000000000000000E+00
reset_qvel 0.00000000000000000E+00
forward SUCCESS
forward_clamped -1.00000000000000000E+00
qacc 6.20088575820476695E+00
act_dot -5.00000000000000000E-01
mass 3.40000000000000024E-01
gravity 1.95058669764853443E+00
bias 0.00000000000000000E+00
passive 9.19216782632199629E-03
actuation 1.92561055547204873E-01
length -7.55405170451443064E-02 2.15830048700412364E-02
velocity 3.21725873921269792E-02 -9.19216782632199629E-03
force 1.81303021644289353E-01 1.59736585349103688E+00
position 0.00000000000000000E+00 0.00000000000000000E+00 0.00000000000000000E+00
quaternion 1.00000000000000000E+00 0.00000000000000000E+00 0.00000000000000000E+00 0.00000000000000000E+00
position 0.00000000000000000E+00 0.00000000000000000E+00 0.00000000000000000E+00
quaternion 9.98544646585928231E-01 0.00000000000000000E+00 5.39313338847052515E-02 0.00000000000000000E+00
unchanged_qpos 1.07915024350206168E-01
unchanged_qvel -4.59608391316099762E-02
unchanged_time 1.25000000000000000E-01
act 3.82796376524537907E-02
step SUCCESS
step_clamped -1.00000000000000000E+00
qpos 1.07847877068626724E-01
qvel -3.35736407897203118E-02
time 1.27000000000000002E-01
reset_qpos 0.00000000000000000E+00
reset_qvel 0.00000000000000000E+00
forward SUCCESS
forward_clamped -1.00000000000000000E+00
qacc 4.85990386712329236E+00
act_dot -5.00000000000000000E-01
mass 3.40000000000000024E-01
gravity 1.93770629120951754E+00
bias 1.69406589450860068E-21
passive 9.37140734558228328E-03
actuation -3.59861589729147613E-01
length 1.10270562863025681E-01 -3.15058751037216242E-02
velocity 3.27999257095379915E-02 -9.37140734558228328E-03
force 7.35819447160894868E-01 7.76060116417393697E-01
position 0.00000000000000000E+00 0.00000000000000000E+00 0.00000000000000000E+00
quaternion 1.00000000000000000E+00 0.00000000000000000E+00 0.00000000000000000E+00 0.00000000000000000E+00
position 0.00000000000000000E+00 0.00000000000000000E+00 0.00000000000000000E+00
quaternion 9.96899665319406325E-01 0.00000000000000000E+00 -7.86832719582487433E-02 0.00000000000000000E+00
unchanged_qpos -1.57529375518608128E-01
unchanged_qvel -4.68570367279114164E-02
unchanged_time 1.25000000000000000E-01
act 2.98329765389241164E-01
step SUCCESS
step_clamped -1.00000000000000000E+00
qpos -7.19485740850504263E-02
qvel 8.78847584757647238E-01
time 3.25000000000000178E-01
reset_qpos 0.00000000000000000E+00
reset_qvel 0.00000000000000000E+00
forward SUCCESS
forward_clamped -1.00000000000000000E+00
qacc 6.36048732967806796E+00
act_dot -5.00000000000000000E-01
mass 3.40000000000000024E-01
gravity 1.92016877461161029E+00
bias 0.00000000000000000E+00
passive -6.46119805653420781E-02
actuation 3.78480729169036800E-01
length -1.44806643073706526E-01 4.13733265924875818E-02
velocity -2.26141931978697253E-01 6.46119805653420781E-02
force -9.02830970104779307E-01 -1.26750474952154324E+00
position 0.00000000000000000E+00 0.00000000000000000E+00 0.00000000000000000E+00
quaternion 1.00000000000000000E+00 0.00000000000000000E+00 0.00000000000000000E+00 0.00000000000000000E+00
position 0.00000000000000000E+00 0.00000000000000000E+00 0.00000000000000000E+00
quaternion 9.94655541856000802E-01 0.00000000000000000E+00 1.03248985734220242E-01 0.00000000000000000E+00
unchanged_qpos 2.06866632962437902E-01
unchanged_qvel 3.23059902826710377E-01
unchanged_time 1.25000000000000000E-01
act -6.42059617307429775E-01
step SUCCESS
step_clamped -1.00000000000000000E+00
qpos 2.07538164820877336E-01
qvel 3.35765929219721815E-01
time 1.27000000000000002E-01
reset_qpos 0.00000000000000000E+00
reset_qvel 0.00000000000000000E+00
forward SUCCESS
forward_clamped -1.00000000000000000E+00
qacc 5.67794721268498215E+00
act_dot -5.00000000000000000E-01
mass 3.40000000000000024E-01
gravity 1.87576529188491414E+00
bias -1.08420217248550443E-19
passive 4.88324462099661433E-02
actuation -2.61531368945321363E-02
length -2.08309104852613197E-01 5.95168871007466307E-02
velocity 1.70913561734881481E-01 -4.88324462099661433E-02
force -3.85512574901559713E-01 -1.48005969662811943E+00
position 0.00000000000000000E+00 0.00000000000000000E+00 0.00000000000000000E+00
quaternion 1.00000000000000000E+00 0.00000000000000000E+00 0.00000000000000000E+00 0.00000000000000000E+00
position 0.00000000000000000E+00 0.00000000000000000E+00 0.00000000000000000E+00
quaternion 9.88950845436892712E-01 0.00000000000000000E+00 1.48243803613017727E-01 0.00000000000000000E+00
unchanged_qpos 2.97584435503733147E-01
unchanged_qvel -2.44162231049830702E-01
unchanged_time 1.25000000000000000E-01
act -3.02248584711980794E-01
step SUCCESS
step_clamped -1.00000000000000000E+00
qpos 2.97118796142130714E-01
qvel -2.32819680801223811E-01
time 1.27000000000000002E-01
reset_qpos 0.00000000000000000E+00
reset_qvel 0.00000000000000000E+00
forward SUCCESS
forward_clamped -1.00000000000000000E+00
qacc 4.72796304979735993E+00
act_dot -5.00000000000000000E-01
mass 3.40000000000000024E-01
gravity 1.91157084745895456E+00
bias 0.00000000000000000E+00
passive -8.74099413825159266E-02
actuation -2.74397616377698217E-01
length 1.59051952976850763E-01 -4.54434151362430871E-02
velocity -3.05934794838805701E-01 8.74099413825159266E-02
force -2.19891061462825152E-02 -1.44894995340047972E+00
position 0.00000000000000000E+00 0.00000000000000000E+00 0.00000000000000000E+00
quaternion 1.00000000000000000E+00 0.00000000000000000E+00 0.00000000000000000E+00 0.00000000000000000E+00
position 0.00000000000000000E+00 0.00000000000000000E+00 0.00000000000000000E+00
quaternion 9.93553488248592687E-01 0.00000000000000000E+00 -1.13364306503649759E-01 0.00000000000000000E+00
unchanged_qpos -2.27217075681215408E-01
unchanged_qvel 4.37049706912579605E-01
unchanged_time 1.25000000000000000E-01
act -1.78682634835875653E-01
step SUCCESS
step_clamped -1.00000000000000000E+00
qpos -4.69079958426451837E-02
qvel 1.34458865550102802E+00
time 3.25000000000000178E-01
reset_qpos 0.00000000000000000E+00
reset_qvel 0.00000000000000000E+00
forward SUCCESS
forward_clamped -1.00000000000000000E+00
qacc 5.54655888508151662E+00
act_dot -5.00000000000000000E-01
mass 3.40000000000000024E-01
gravity 1.81425385591436683E+00
bias 0.00000000000000000E+00
passive -1.85848761166017111E-02
actuation 2.54225740906399433E-02
length 2.73391732342008364E-01 -7.81119235262881101E-02
velocity -6.50470664081059941E-02 1.85848761166017111E-02
force 1.93828462385370881E-01 8.05512488801997772E-01
position 0.00000000000000000E+00 0.00000000000000000E+00 0.00000000000000000E+00
quaternion 1.00000000000000000E+00 0.00000000000000000E+00 0.00000000000000000E+00 0.00000000000000000E+00
position 0.00000000000000000E+00 0.00000000000000000E+00 0.00000000000000000E+00
quaternion 9.80993413561041305E-01 0.00000000000000000E+00 -1.94041033160142706E-01 0.00000000000000000E+00
unchanged_qpos -3.90559617631440537E-01
unchanged_qvel 9.29243805830085590E-02
unchanged_time 1.25000000000000000E-01
act 9.57862169449130718E-02
step SUCCESS
step_clamped -1.00000000000000000E+00
qpos -3.90351608705516273E-01
qvel 1.04004462962137320E-01
time 1.27000000000000002E-01
reset_qpos 0.00000000000000000E+00
reset_qvel 0.00000000000000000E+00
forward SUCCESS
forward_clamped -1.00000000000000000E+00
qacc 5.01282583999910702E+00
act_dot -3.93164645747194896E-02
mass 3.40000000000000024E-01
gravity 1.89957206642754484E+00
bias 0.00000000000000000E+00
passive -9.37014797325429333E-02
actuation -9.59120069237516804E-02
length -1.77056283403435072E-01 5.05875095438385949E-02
velocity -3.27955179063900204E-01 9.37014797325429333E-02
force 1.52843552922951487E-01 5.53924006115718015E-02
position 0.00000000000000000E+00 0.00000000000000000E+00 0.00000000000000000E+00
quaternion 1.00000000000000000E+00 0.00000000000000000E+00 0.00000000000000000E+00 0.00000000000000000E+00
position 0.00000000000000000E+00 0.00000000000000000E+00 0.00000000000000000E+00
quaternion 9.92013478073661248E-01 0.00000000000000000E+00 1.26131912378262157E-01 0.00000000000000000E+00
unchanged_qpos 2.52937547719192968E-01
unchanged_qvel 4.68507398662714625E-01
unchanged_time 1.25000000000000000E-01
act -3.87437458299171242E-02
step SUCCESS
step_clamped -1.00000000000000000E+00
qpos 2.53894590257829789E-01
qvel 4.78521269318411990E-01
time 1.27000000000000002E-01
lifecycle PASS
