Phase 1 of 3: generation of data representation information ...
Phase 2 of 3: generation of Global contracts ...
Phase 3 of 3: flow analysis and proof ...
Success: all checks proved (8 checks).
Summary logged in /var/tmp/sparkling-services-expmap-min4-20261003/Norm3/validation/obj/gnatprove/gnatprove.out
guarded: elapsed 3.3 s, peak group RSS 141 MB
 info: implicit aspect Always_Terminates on "Norm3" has been proved, subprogram will terminate
--> mj-actuator_geometry.ads:11:16

 info: precondition proved
--> mj-actuator_geometry.ads:12:14

 info: float overflow check proved
--> mj-actuator_geometry.ads:12:27

 info: float overflow check proved
--> mj-actuator_geometry.ads:12:33

 info: float overflow check proved
--> mj-actuator_geometry.ads:12:39

 info: float overflow check proved
--> mj-actuator_geometry.ads:12:46

 info: float overflow check proved
--> mj-actuator_geometry.ads:12:52

 info: postcondition proved
--> mj-actuator_geometry.ads:13:49
