Phase 1 of 3: generation of data representation information ...
Phase 2 of 3: generation of Global contracts ...
Phase 3 of 3: flow analysis and proof ...
Summary logged in /var/tmp/sparkling-actuators-20260930/fresh-whole-mj-transmissions/build/validation/obj/gnatprove/gnatprove.out
guarded: elapsed 106.3 s, peak group RSS 280 MB
 info: implicit aspect Always_Terminates on "Product" has been proved, subprogram will terminate
--> mj-transmissions.adb:11:13

 info: float overflow check proved
--> mj-transmissions.adb:12:08

 info: range check proved
--> mj-transmissions.adb:12:08

 info: postcondition proved
--> mj-transmissions.adb:12:25

 info: float overflow check proved
--> mj-transmissions.adb:12:41

 info: implicit aspect Always_Terminates on "Add_Force" has been proved, subprogram will terminate
--> mj-transmissions.adb:13:13

 info: float overflow check proved
--> mj-transmissions.adb:14:08

 info: range check proved
--> mj-transmissions.adb:14:08

 info: float overflow check proved
--> mj-transmissions.adb:14:10

 info: postcondition proved
--> mj-transmissions.adb:14:27

 info: float overflow check proved
--> mj-transmissions.adb:14:45

 info: float overflow check proved
--> mj-transmissions.adb:14:47

 info: range check proved
--> mj-transmissions.adb:16:44

 info: range check proved
--> mj-transmissions.adb:16:50

 info: range check proved
--> mj-transmissions.adb:17:44

 info: range check proved
--> mj-transmissions.adb:17:50

 info: range check proved
--> mj-transmissions.adb:18:44

 info: range check proved
--> mj-transmissions.adb:18:50

 info: float overflow check proved
--> mj-transmissions.adb:19:36

 info: range check proved
--> mj-transmissions.adb:19:36

 info: float overflow check proved
--> mj-transmissions.adb:20:18

 info: precondition proved
--> mj-transmissions.adb:22:17

 info: float overflow check proved
--> mj-transmissions.adb:22:31

 info: range check proved
--> mj-transmissions.adb:22:31

 info: precondition proved
--> mj-transmissions.adb:22:32

 medium: precondition might fail, cannot prove Bounded (A, 1.0e60)
--> mj-transmissions.adb:27:28
   27 |            (if Translate then Dot ((JP (0)-JP_Ref (0),JP (1)-JP_Ref (1),JP (2)-JP_Ref (2)),Force) else 0.0)
      |                               ^~~~~~~~~~~~~~~~~~~~~~~~~~~~~~~~~~~~~~~~~~~~~~~~~~~~~~~~~~~~~~~~~~
      + provers reached time limit before completing the proof

 info: float overflow check proved
--> mj-transmissions.adb:27:40

 info: float overflow check proved
--> mj-transmissions.adb:27:58

 info: float overflow check proved
--> mj-transmissions.adb:27:76

 info: float overflow check proved
--> mj-transmissions.adb:28:09

 info: range check proved
--> mj-transmissions.adb:28:09

 info: precondition proved
--> mj-transmissions.adb:28:26

 info: float overflow check proved
--> mj-transmissions.adb:28:38

 info: float overflow check proved
--> mj-transmissions.adb:28:56

 info: float overflow check proved
--> mj-transmissions.adb:28:74

 info: float overflow check proved
--> mj-transmissions.adb:31:38

 info: range check proved
--> mj-transmissions.adb:31:38

 info: range check proved
--> mj-transmissions.adb:31:49

 info: range check proved
--> mj-transmissions.adb:31:56

 info: float overflow check proved
--> mj-transmissions.adb:31:63

 info: range check proved
--> mj-transmissions.adb:31:73

 info: range check proved
--> mj-transmissions.adb:31:80

 info: range check proved
--> mj-transmissions.adb:32:44

 info: range check proved
--> mj-transmissions.adb:32:51

 info: float overflow check proved
--> mj-transmissions.adb:32:58

 info: range check proved
--> mj-transmissions.adb:32:58

 info: range check proved
--> mj-transmissions.adb:32:68

 info: range check proved
--> mj-transmissions.adb:32:75

 info: range check proved
--> mj-transmissions.adb:33:44

 info: range check proved
--> mj-transmissions.adb:33:51

 info: float overflow check proved
--> mj-transmissions.adb:33:58

 info: range check proved
--> mj-transmissions.adb:33:58

 info: range check proved
--> mj-transmissions.adb:33:68

 info: range check proved
--> mj-transmissions.adb:33:75

 info: float overflow check proved
--> mj-transmissions.adb:34:36

 info: range check proved
--> mj-transmissions.adb:34:36

 info: float overflow check proved
--> mj-transmissions.adb:35:38

 info: range check proved
--> mj-transmissions.adb:35:38

 info: float overflow check proved
--> mj-transmissions.adb:40:21

 info: float overflow check proved
--> mj-transmissions.adb:40:26

 info: range check proved
--> mj-transmissions.adb:40:26

 info: division check proved
--> mj-transmissions.adb:40:32

 info: float overflow check proved
--> mj-transmissions.adb:40:32

 info: range check proved
--> mj-transmissions.adb:40:39

 info: division check proved
--> mj-transmissions.adb:43:20

 info: float overflow check proved
--> mj-transmissions.adb:43:20

 info: range check proved
--> mj-transmissions.adb:43:36

 info: precondition proved
--> mj-transmissions.adb:46:19

 info: subprogram variant proved
--> mj-transmissions.adb:46:19

 info: range check proved
--> mj-transmissions.adb:46:35

 info: loop invariant initialization proved
--> mj-transmissions.adb:52:43

 info: loop invariant preservation proved
--> mj-transmissions.adb:52:43

 info: precondition proved
--> mj-transmissions.adb:52:47

 info: range check proved
--> mj-transmissions.adb:52:59

 info: loop invariant initialization proved
--> mj-transmissions.adb:53:33

 info: loop invariant preservation proved
--> mj-transmissions.adb:53:33

 info: loop invariant initialization proved
--> mj-transmissions.adb:54:33

 info: loop invariant preservation proved
--> mj-transmissions.adb:54:33

 info: index check proved
--> mj-transmissions.adb:54:77

 info: index check proved
--> mj-transmissions.adb:55:28

 info: index check proved
--> mj-transmissions.adb:56:54

 info: index check proved
--> mj-transmissions.adb:56:64

 info: loop invariant initialization proved
--> mj-transmissions.adb:57:43

 info: loop invariant preservation proved
--> mj-transmissions.adb:57:43

 info: overflow check proved
--> mj-transmissions.adb:57:73

 info: index check proved
--> mj-transmissions.adb:57:86

 info: precondition proved
--> mj-transmissions.adb:58:12

 info: range check proved
--> mj-transmissions.adb:58:24

 info: precondition proved
--> mj-transmissions.adb:58:47

 info: index check proved
--> mj-transmissions.adb:58:47

 info: range check proved
--> mj-transmissions.adb:58:59

 info: precondition proved
--> mj-transmissions.adb:58:81

 info: index check proved
--> mj-transmissions.adb:58:81

 info: range check proved
--> mj-transmissions.adb:58:93

 info: index check proved
--> mj-transmissions.adb:58:100

 info: float overflow check proved
--> mj-transmissions.adb:58:102

 info: precondition proved
--> mj-transmissions.adb:59:10

 info: overflow check proved
--> mj-transmissions.adb:59:26

 info: range check proved
--> mj-transmissions.adb:59:26

 info: index check proved
--> mj-transmissions.adb:61:21

 info: range check proved
--> mj-transmissions.adb:61:28

 info: index check proved
--> mj-transmissions.adb:62:21

 info: float overflow check proved
--> mj-transmissions.adb:62:33

 info: range check proved
--> mj-transmissions.adb:62:33

 info: range check proved
--> mj-transmissions.adb:63:23

 info: float overflow check proved
--> mj-transmissions.adb:71:42

 info: range check proved
--> mj-transmissions.adb:71:42

 info: loop invariant initialization proved
--> mj-transmissions.adb:72:33

 info: loop invariant preservation proved
--> mj-transmissions.adb:72:33

 info: loop invariant initialization proved
--> mj-transmissions.adb:73:33

 medium: loop invariant might not be preserved by an arbitrary iteration, cannot prove Result.Val (J)=Source.Val (J)*Gear
--> mj-transmissions.adb:73:56
   73 |             pragma Loop_Invariant (for all J in 0 .. K => Result.Val (J)=Source.Val (J)*Gear);
      |                                                           ^~~~~~~~~~~~~~~~~~~~~~~~~~~~~~~~~~
      + provers reached time limit before completing the proof

 info: index check proved
--> mj-transmissions.adb:73:68

 info: index check proved
--> mj-transmissions.adb:73:83

 info: float overflow check proved
--> mj-transmissions.adb:73:85

 info: loop invariant initialization proved
--> mj-transmissions.adb:74:33

 info: loop invariant preservation proved
--> mj-transmissions.adb:74:33

 info: overflow check proved
--> mj-transmissions.adb:74:47

 info: index check proved
--> mj-transmissions.adb:74:89

 info: index check proved
--> mj-transmissions.adb:74:104

 info: float overflow check proved
--> mj-transmissions.adb:78:18

 info: range check proved
--> mj-transmissions.adb:78:18

 info: range check proved
--> mj-transmissions.adb:80:36

 info: range check proved
--> mj-transmissions.adb:81:29

 info: float overflow check proved
--> mj-transmissions.adb:82:18

 info: range check proved
--> mj-transmissions.adb:82:18

 info: float overflow check proved
--> mj-transmissions.adb:84:18

 info: range check proved
--> mj-transmissions.adb:84:18

 info: range check proved
--> mj-transmissions.adb:88:35

 medium: range check might fail
--> mj-transmissions.adb:88:67
   88 |          A0 : constant Lane_Value := S0; A1 : constant Lane_Value := S1;
      |                                                                      ^~
      + reason for check: default component value must fit in the type
      + provers reached time limit before completing the proof

 info: range check proved
--> mj-transmissions.adb:89:35

 info: range check proved
--> mj-transmissions.adb:89:67

 info: float overflow check proved
--> mj-transmissions.adb:90:35

 info: range check proved
--> mj-transmissions.adb:90:35

 info: float overflow check proved
--> mj-transmissions.adb:91:35

 info: range check proved
--> mj-transmissions.adb:91:35

 info: float overflow check proved
--> mj-transmissions.adb:92:19

 info: range check proved
--> mj-transmissions.adb:92:19

 info: division check proved
--> mj-transmissions.adb:99:32

 info: range check proved
--> mj-transmissions.adb:99:32

 info: range check proved
--> mj-transmissions.adb:100:34

 info: initialization of "Base" proved
--> mj-transmissions.adb:101:07

 info: initialization of "S" proved
--> mj-transmissions.adb:101:13

 medium: loop invariant might not be preserved by an arbitrary iteration, cannot prove S0=Lane_Model (R,Qvel,0,I)
--> mj-transmissions.adb:104:43
  104 |             pragma Loop_Invariant (Static => S0=Lane_Model (R,Qvel,0,I) and then S1=Lane_Model (R,Qvel,1,I)
      |                                              ^~~~~~~~~~~~~~~~~~~~~~~~~
      + provers reached time limit before completing the proof

 info: loop invariant initialization proved
--> mj-transmissions.adb:104:43

 info: precondition proved
--> mj-transmissions.adb:104:46

 info: range check proved
--> mj-transmissions.adb:104:67

 info: precondition proved
--> mj-transmissions.adb:104:82

 info: range check proved
--> mj-transmissions.adb:104:103

 info: precondition proved
--> mj-transmissions.adb:105:24

 info: range check proved
--> mj-transmissions.adb:105:45

 info: precondition proved
--> mj-transmissions.adb:105:60

 info: range check proved
--> mj-transmissions.adb:105:81

 info: loop invariant preservation proved
--> mj-transmissions.adb:106:33

 info: loop invariant initialization proved
--> mj-transmissions.adb:106:33

 info: range check proved
--> mj-transmissions.adb:106:47

 info: float overflow check proved
--> mj-transmissions.adb:106:49

 info: range check proved
--> mj-transmissions.adb:106:83

 info: float overflow check proved
--> mj-transmissions.adb:106:85

 info: range check proved
--> mj-transmissions.adb:107:35

 info: float overflow check proved
--> mj-transmissions.adb:107:37

 info: range check proved
--> mj-transmissions.adb:107:71

 info: float overflow check proved
--> mj-transmissions.adb:107:73

 info: precondition proved
--> mj-transmissions.adb:108:10

 info: precondition proved
--> mj-transmissions.adb:109:16

 info: precondition proved
--> mj-transmissions.adb:109:29

 info: overflow check proved
--> mj-transmissions.adb:109:53

 info: index check proved
--> mj-transmissions.adb:109:53

 info: index check proved
--> mj-transmissions.adb:109:64

 info: overflow check proved
--> mj-transmissions.adb:109:71

 info: index check proved
--> mj-transmissions.adb:109:71

 info: precondition proved
--> mj-transmissions.adb:110:16

 info: precondition proved
--> mj-transmissions.adb:110:29

 info: overflow check proved
--> mj-transmissions.adb:110:53

 info: overflow check proved
--> mj-transmissions.adb:110:55

 info: index check proved
--> mj-transmissions.adb:110:55

 info: index check proved
--> mj-transmissions.adb:110:66

 info: overflow check proved
--> mj-transmissions.adb:110:73

 info: overflow check proved
--> mj-transmissions.adb:110:75

 info: index check proved
--> mj-transmissions.adb:110:75

 info: precondition proved
--> mj-transmissions.adb:111:16

 info: precondition proved
--> mj-transmissions.adb:111:29

 info: overflow check proved
--> mj-transmissions.adb:111:53

 info: overflow check proved
--> mj-transmissions.adb:111:55

 info: index check proved
--> mj-transmissions.adb:111:55

 info: index check proved
--> mj-transmissions.adb:111:66

 info: overflow check proved
--> mj-transmissions.adb:111:73

 info: overflow check proved
--> mj-transmissions.adb:111:75

 info: index check proved
--> mj-transmissions.adb:111:75

 info: precondition proved
--> mj-transmissions.adb:112:16

 info: precondition proved
--> mj-transmissions.adb:112:29

 info: overflow check proved
--> mj-transmissions.adb:112:53

 info: overflow check proved
--> mj-transmissions.adb:112:55

 info: index check proved
--> mj-transmissions.adb:112:55

 info: index check proved
--> mj-transmissions.adb:112:66

 info: overflow check proved
--> mj-transmissions.adb:112:73

 info: overflow check proved
--> mj-transmissions.adb:112:75

 info: index check proved
--> mj-transmissions.adb:112:75

 info: precondition proved
--> mj-transmissions.adb:114:15

 info: loop invariant initialization proved
--> mj-transmissions.adb:116:43

 medium: loop invariant might not be preserved by an arbitrary iteration
--> mj-transmissions.adb:116:43
  116 |             pragma Loop_Invariant (Static => S=Tail_Model (R,Qvel,Base,First,K-First));
      |                                              ^~~~~~~~~~~~~~~~~~~~~~~~~~~~~~~~~~~~~~~
      + provers reached time limit before completing the proof

 info: precondition proved
--> mj-transmissions.adb:116:45

 info: overflow check proved
--> mj-transmissions.adb:116:76

 info: range check proved
--> mj-transmissions.adb:116:76

 info: loop invariant preservation proved
--> mj-transmissions.adb:117:33

 info: loop invariant initialization proved
--> mj-transmissions.adb:117:33

 info: range check proved
--> mj-transmissions.adb:117:46

 info: float overflow check proved
--> mj-transmissions.adb:117:48

 info: precondition proved
--> mj-transmissions.adb:118:10

 info: overflow check proved
--> mj-transmissions.adb:118:42

 info: range check proved
--> mj-transmissions.adb:118:42

 info: precondition proved
--> mj-transmissions.adb:119:15

 info: precondition proved
--> mj-transmissions.adb:119:22

 info: index check proved
--> mj-transmissions.adb:119:55

 info: assertion proved
--> mj-transmissions.adb:127:25

 info: index check proved
--> mj-transmissions.adb:127:57

 info: index check proved
--> mj-transmissions.adb:127:67

 info: assertion proved
--> mj-transmissions.adb:128:25

 info: index check proved
--> mj-transmissions.adb:128:39

 info: index check proved
--> mj-transmissions.adb:128:45

 info: index check proved
--> mj-transmissions.adb:128:74

 info: index check proved
--> mj-transmissions.adb:128:80

 info: index check proved
--> mj-transmissions.adb:129:24

 info: range check proved
--> mj-transmissions.adb:129:48

 info: index check proved
--> mj-transmissions.adb:129:62

 info: range check proved
--> mj-transmissions.adb:129:73

 info: loop invariant initialization proved
--> mj-transmissions.adb:130:33

 info: loop invariant preservation proved
--> mj-transmissions.adb:130:33

 info: index check proved
--> mj-transmissions.adb:131:47

 info: index check proved
--> mj-transmissions.adb:131:72

 info: index check proved
--> mj-transmissions.adb:131:99

 info: loop invariant initialization proved
--> mj-transmissions.adb:132:33

 info: loop invariant preservation proved
--> mj-transmissions.adb:132:33

 info: index check proved
--> mj-transmissions.adb:133:26

 info: index check proved
--> mj-transmissions.adb:133:32

 info: index check proved
--> mj-transmissions.adb:133:61

 info: index check proved
--> mj-transmissions.adb:133:67

 info: float overflow check proved
--> mj-transmissions.adb:133:70

 info: index check proved
--> mj-transmissions.adb:133:78

 info: float overflow check proved
--> mj-transmissions.adb:133:80

 info: loop invariant initialization proved
--> mj-transmissions.adb:134:33

 info: loop invariant preservation proved
--> mj-transmissions.adb:134:33

 info: index check proved
--> mj-transmissions.adb:134:80

 info: implicit aspect Always_Terminates on "Valid" has been proved, subprogram will terminate
--> mj-transmissions.ads:16:13

 info: index check proved
--> mj-transmissions.ads:17:71

 info: index check proved
--> mj-transmissions.ads:18:24

 info: index check proved
--> mj-transmissions.ads:19:50

 info: index check proved
--> mj-transmissions.ads:19:60

 info: implicit aspect Always_Terminates on "Scalar_Length" has been proved, subprogram will terminate
--> mj-transmissions.ads:21:13

 info: float overflow check proved
--> mj-transmissions.ads:21:78

 info: range check proved
--> mj-transmissions.ads:21:78

 info: implicit aspect Always_Terminates on "Dot" has been proved, subprogram will terminate
--> mj-transmissions.ads:22:13

 info: postcondition proved
--> mj-transmissions.ads:24:14

 info: float overflow check proved
--> mj-transmissions.ads:24:33

 info: float overflow check proved
--> mj-transmissions.ads:24:39

 info: float overflow check proved
--> mj-transmissions.ads:24:45

 info: float overflow check proved
--> mj-transmissions.ads:24:52

 info: float overflow check proved
--> mj-transmissions.ads:24:58

 info: implicit aspect Always_Terminates on "Site_Column" has been proved, subprogram will terminate
--> mj-transmissions.ads:27:13

 info: postcondition proved
--> mj-transmissions.ads:30:14

 info: precondition proved
--> mj-transmissions.ads:30:35

 info: float overflow check proved
--> mj-transmissions.ads:30:50

 info: precondition proved
--> mj-transmissions.ads:30:51

 info: implicit aspect Always_Terminates on "Reference_Column" has been proved, subprogram will terminate
--> mj-transmissions.ads:31:13

 medium: postcondition might fail
--> mj-transmissions.ads:36:36
   36 |       pragma Postcondition (Static => Reference_Column'Result =
      |                                       ^~~~~~~~~~~~~~~~~~~~~~~~~
      :
   39 |           +(if Rotate then Dot ((JR (0)-JR_Ref (0),JR (1)-JR_Ref (1),JR (2)-JR_Ref (2)),Torque) else 0.0)));
      |           ~~~~~~~~~~~~~~~~~~~~~~~~~~~~~~~~~~~~~~~~~~~~~~~~~~~~~~~~~~~~~~~~~~~~~~~~~~~~~~~~~~~~~~~~~~~~~~
      + provers reached time limit before completing the proof

 medium: precondition might fail, cannot prove Bounded (A, 1.0e60)
--> mj-transmissions.ads:38:27
   38 |           (if Translate then Dot ((JP (0)-JP_Ref (0),JP (1)-JP_Ref (1),JP (2)-JP_Ref (2)),Force) else 0.0)
      |                              ^~~~~~~~~~~~~~~~~~~~~~~~~~~~~~~~~~~~~~~~~~~~~~~~~~~~~~~~~~~~~~~~~~
      + provers reached time limit before completing the proof

 info: float overflow check proved
--> mj-transmissions.ads:38:39

 info: float overflow check proved
--> mj-transmissions.ads:38:57

 info: float overflow check proved
--> mj-transmissions.ads:38:75

 info: float overflow check proved
--> mj-transmissions.ads:39:08

 medium: precondition might fail, cannot prove Bounded (A, 1.0e60)
--> mj-transmissions.ads:39:25
   39 |           +(if Rotate then Dot ((JR (0)-JR_Ref (0),JR (1)-JR_Ref (1),JR (2)-JR_Ref (2)),Torque) else 0.0)));
      |                            ^~~~~~~~~~~~~~~~~~~~~~~~~~~~~~~~~~~~~~~~~~~~~~~~~~~~~~~~~~~~~~~~~~~
      + provers reached time limit before completing the proof

 info: float overflow check proved
--> mj-transmissions.ads:39:37

 info: float overflow check proved
--> mj-transmissions.ads:39:55

 info: float overflow check proved
--> mj-transmissions.ads:39:73

 info: implicit aspect Always_Terminates on "Slider_Column" has been proved, subprogram will terminate
--> mj-transmissions.ads:40:13

 info: postcondition proved
--> mj-transmissions.ads:43:14

 info: float overflow check proved
--> mj-transmissions.ads:43:42

 info: float overflow check proved
--> mj-transmissions.ads:43:50

 info: float overflow check proved
--> mj-transmissions.ads:43:57

 info: float overflow check proved
--> mj-transmissions.ads:43:64

 info: float overflow check proved
--> mj-transmissions.ads:44:08

 info: float overflow check proved
--> mj-transmissions.ads:44:16

 info: float overflow check proved
--> mj-transmissions.ads:44:23

 info: float overflow check proved
--> mj-transmissions.ads:44:30

 info: float overflow check proved
--> mj-transmissions.ads:44:39

 info: float overflow check proved
--> mj-transmissions.ads:44:47

 info: float overflow check proved
--> mj-transmissions.ads:44:54

 info: float overflow check proved
--> mj-transmissions.ads:44:61

 info: implicit aspect Always_Terminates on "Adhesion_Column" has been proved, subprogram will terminate
--> mj-transmissions.ads:46:13

 info: postcondition proved
--> mj-transmissions.ads:48:14

 info: float overflow check proved
--> mj-transmissions.ads:48:74

 info: float overflow check proved
--> mj-transmissions.ads:48:79

 info: division check proved
--> mj-transmissions.ads:48:85

 info: float overflow check proved
--> mj-transmissions.ads:48:85

 info: range check proved
--> mj-transmissions.ads:48:92

 info: implicit aspect Always_Terminates on "Pyramidal_Weight" has been proved, subprogram will terminate
--> mj-transmissions.ads:49:13

 info: postcondition proved
--> mj-transmissions.ads:51:14

 info: division check proved
--> mj-transmissions.ads:51:43

 info: float overflow check proved
--> mj-transmissions.ads:51:43

 info: range check proved
--> mj-transmissions.ads:51:59

 info: implicit aspect Always_Terminates on "Nonzeros" has been proved, subprogram will terminate
--> mj-transmissions.ads:52:13

 info: precondition proved
--> mj-transmissions.ads:53:26

 info: subprogram variant proved
--> mj-transmissions.ads:53:26

 info: range check proved
--> mj-transmissions.ads:53:39

 info: overflow check proved
--> mj-transmissions.ads:53:42

 info: range check proved
--> mj-transmissions.ads:53:42

 info: index check proved
--> mj-transmissions.ads:53:51

 info: range check proved
--> mj-transmissions.ads:54:80

 info: postcondition proved
--> mj-transmissions.ads:55:14

 info: range check proved
--> mj-transmissions.ads:57:63

 info: postcondition proved
--> mj-transmissions.ads:58:14

 info: index check proved
--> mj-transmissions.ads:59:15

 info: precondition proved
--> mj-transmissions.ads:59:28

 info: range check proved
--> mj-transmissions.ads:59:40

 info: precondition proved
--> mj-transmissions.ads:59:43

 info: initialization of "R" proved
--> mj-transmissions.ads:61:53

 info: postcondition proved
--> mj-transmissions.ads:64:14

 info: range check proved
--> mj-transmissions.ads:64:24

 info: precondition proved
--> mj-transmissions.ads:65:40

 info: range check proved
--> mj-transmissions.ads:65:53

 info: index check proved
--> mj-transmissions.ads:66:47

 info: precondition proved
--> mj-transmissions.ads:67:15

 info: index check proved
--> mj-transmissions.ads:67:15

 info: range check proved
--> mj-transmissions.ads:67:27

 info: precondition proved
--> mj-transmissions.ads:67:49

 info: index check proved
--> mj-transmissions.ads:67:49

 info: range check proved
--> mj-transmissions.ads:67:61

 info: index check proved
--> mj-transmissions.ads:67:68

 info: float overflow check proved
--> mj-transmissions.ads:67:70

 info: initialization of "Result" proved
--> mj-transmissions.ads:68:56

 info: index check proved
--> mj-transmissions.ads:69:100

 info: postcondition proved
--> mj-transmissions.ads:70:14

 info: index check proved
--> mj-transmissions.ads:71:72

 info: index check proved
--> mj-transmissions.ads:71:87

 info: float overflow check proved
--> mj-transmissions.ads:71:89

 info: implicit aspect Always_Terminates on "Sparse_Product" has been proved, subprogram will terminate
--> mj-transmissions.ads:75:13

 info: postcondition proved
--> mj-transmissions.ads:77:14

 info: float overflow check proved
--> mj-transmissions.ads:77:42

 info: implicit aspect Always_Terminates on "Add" has been proved, subprogram will terminate
--> mj-transmissions.ads:79:13

 info: range check proved
--> mj-transmissions.ads:80:45

 info: float overflow check proved
--> mj-transmissions.ads:80:47

 info: float overflow check proved
--> mj-transmissions.ads:81:26

 medium: postcondition might fail, cannot prove abs Add'Result<=Real (N+1)*Step_Bound
--> mj-transmissions.ads:81:38
   81 |         Post => Add'Result=S+V and then abs Add'Result<=Real (N+1)*Step_Bound;
      |                                         ^~~~~~~~~~~~~~~~~~~~~~~~~~~~~~~~~~~~~
      + provers reached time limit before completing the proof

 info: range check proved
--> mj-transmissions.ads:81:61

 info: float overflow check proved
--> mj-transmissions.ads:81:64

 info: implicit aspect Always_Terminates on "Lane_Add" has been proved, subprogram will terminate
--> mj-transmissions.ads:83:13

 info: range check proved
--> mj-transmissions.ads:84:47

 info: float overflow check proved
--> mj-transmissions.ads:84:49

 info: float overflow check proved
--> mj-transmissions.ads:85:31

 medium: postcondition might fail, cannot prove abs Lane_Add'Result<=Real (N+1)*Lane_Step
--> mj-transmissions.ads:85:43
   85 |         Post => Lane_Add'Result=S+V and then abs Lane_Add'Result<=Real (N+1)*Lane_Step;
      |                                              ^~~~~~~~~~~~~~~~~~~~~~~~~~~~~~~~~~~~~~~~~
      + provers reached time limit before completing the proof

 info: range check proved
--> mj-transmissions.ads:85:71

 info: float overflow check proved
--> mj-transmissions.ads:85:74

 info: implicit aspect Always_Terminates on "Combine" has been proved, subprogram will terminate
--> mj-transmissions.ads:86:13

 info: range check proved
--> mj-transmissions.ads:87:54

 info: float overflow check proved
--> mj-transmissions.ads:87:61

 info: range check proved
--> mj-transmissions.ads:88:31

 info: float overflow check proved
--> mj-transmissions.ads:88:38

 info: range check proved
--> mj-transmissions.ads:88:72

 info: float overflow check proved
--> mj-transmissions.ads:88:79

 info: range check proved
--> mj-transmissions.ads:89:31

 info: float overflow check proved
--> mj-transmissions.ads:89:38

 info: float overflow check proved
--> mj-transmissions.ads:90:32

 info: float overflow check proved
--> mj-transmissions.ads:90:36

 info: float overflow check proved
--> mj-transmissions.ads:90:40

 medium: postcondition might fail, cannot prove abs Combine'Result<=Real (4*Groups)*Step_Bound
--> mj-transmissions.ads:91:17
   91 |           and then abs Combine'Result<=Real (4*Groups)*Step_Bound;
      |                    ^~~~~~~~~~~~~~~~~~~~~~~~~~~~~~~~~~~~~~~~~~~~~~
      + provers reached time limit before completing the proof

 info: range check proved
--> mj-transmissions.ads:91:44

 info: float overflow check proved
--> mj-transmissions.ads:91:52

 info: implicit aspect Always_Terminates on "Lane_Model" has been proved, subprogram will terminate
--> mj-transmissions.ads:92:13

 info: precondition proved
--> mj-transmissions.ads:93:33

 info: precondition proved
--> mj-transmissions.ads:93:43

 info: subprogram variant proved
--> mj-transmissions.ads:93:43

 info: range check proved
--> mj-transmissions.ads:93:70

 info: precondition proved
--> mj-transmissions.ads:94:08

 info: overflow check proved
--> mj-transmissions.ads:94:43

 info: index check proved
--> mj-transmissions.ads:94:43

 info: index check proved
--> mj-transmissions.ads:94:54

 info: overflow check proved
--> mj-transmissions.ads:94:72

 info: index check proved
--> mj-transmissions.ads:94:72

 info: range check proved
--> mj-transmissions.ads:94:87

 info: range check proved
--> mj-transmissions.ads:95:86

 info: division check proved
--> mj-transmissions.ads:96:84

 info: postcondition proved
--> mj-transmissions.ads:97:14

 info: range check proved
--> mj-transmissions.ads:97:43

 info: float overflow check proved
--> mj-transmissions.ads:97:50

 info: implicit aspect Always_Terminates on "Tail_Model" has been proved, subprogram will terminate
--> mj-transmissions.ads:99:13

 info: precondition proved
--> mj-transmissions.ads:100:29

 info: precondition proved
--> mj-transmissions.ads:100:34

 info: subprogram variant proved
--> mj-transmissions.ads:100:34

 info: range check proved
--> mj-transmissions.ads:100:62

 info: precondition proved
--> mj-transmissions.ads:101:08

 info: index check proved
--> mj-transmissions.ads:101:38

 info: index check proved
--> mj-transmissions.ads:101:46

 info: index check proved
--> mj-transmissions.ads:101:59

 info: range check proved
--> mj-transmissions.ads:101:72

 info: range check proved
--> mj-transmissions.ads:102:86

 info: range check proved
--> mj-transmissions.ads:104:47

 info: float overflow check proved
--> mj-transmissions.ads:104:53

 info: postcondition proved
--> mj-transmissions.ads:105:14

 info: range check proved
--> mj-transmissions.ads:105:48

 info: float overflow check proved
--> mj-transmissions.ads:105:51

 info: implicit aspect Always_Terminates on "Speed_Model" has been proved, subprogram will terminate
--> mj-transmissions.ads:107:13

 info: division check proved
--> mj-transmissions.ads:108:40

 info: range check proved
--> mj-transmissions.ads:108:40

 info: precondition proved
--> mj-transmissions.ads:109:44

 info: precondition proved
--> mj-transmissions.ads:109:53

 info: precondition proved
--> mj-transmissions.ads:109:74

 info: precondition proved
--> mj-transmissions.ads:110:17

 info: precondition proved
--> mj-transmissions.ads:110:38

 info: precondition proved
--> mj-transmissions.ads:111:13

 info: range check proved
--> mj-transmissions.ads:111:35

 info: division check proved
--> mj-transmissions.ads:111:42

 info: range check proved
--> mj-transmissions.ads:112:86

 info: range check proved
--> mj-transmissions.ads:115:69

 info: division check proved
--> mj-transmissions.ads:116:62

 info: postcondition proved
--> mj-transmissions.ads:117:14

 info: precondition proved
--> mj-transmissions.ads:117:38

 info: range check proved
--> mj-transmissions.ads:117:57

 info: precondition proved
--> mj-transmissions.ads:118:08

 info: precondition proved
--> mj-transmissions.ads:118:18

 info: precondition proved
--> mj-transmissions.ads:118:39

 info: index check proved
--> mj-transmissions.ads:118:65

 info: index check proved
--> mj-transmissions.ads:118:73

 info: index check proved
--> mj-transmissions.ads:118:82

 info: range check proved
--> mj-transmissions.ads:120:69

 info: range check proved
--> mj-transmissions.ads:122:46

 info: float overflow check proved
--> mj-transmissions.ads:122:52

 info: precondition proved
--> mj-transmissions.ads:123:14

 info: postcondition proved
--> mj-transmissions.ads:123:14

 info: range check proved
--> mj-transmissions.ads:123:42

 info: precondition proved
--> mj-transmissions.ads:123:46

 info: precondition proved
--> mj-transmissions.ads:123:51

 info: precondition proved
--> mj-transmissions.ads:124:08

 info: index check proved
--> mj-transmissions.ads:124:36

 info: index check proved
--> mj-transmissions.ads:124:44

 info: index check proved
--> mj-transmissions.ads:124:55

 info: range check proved
--> mj-transmissions.ads:124:66

 info: implicit aspect Always_Terminates on "Velocity" has been proved, subprogram will terminate
--> mj-transmissions.ads:125:13

 info: range check proved
--> mj-transmissions.ads:126:78

 medium: postcondition might fail
--> mj-transmissions.ads:128:36
  128 |       pragma Postcondition (Static => Velocity'Result=Speed_Model (R,Qvel));
      |                                       ^~~~~~~~~~~~~~~~~~~~~~~~~~~~~~~~~~~
      + provers reached time limit before completing the proof

 info: precondition proved
--> mj-transmissions.ads:128:52

 info: range check proved
--> mj-transmissions.ads:132:37

 info: postcondition proved
--> mj-transmissions.ads:134:14

 info: index check proved
--> mj-transmissions.ads:135:57

 info: index check proved
--> mj-transmissions.ads:135:82

 info: index check proved
--> mj-transmissions.ads:135:102

 info: index check proved
--> mj-transmissions.ads:137:24

 info: index check proved
--> mj-transmissions.ads:137:30

 info: index check proved
--> mj-transmissions.ads:137:52

 info: index check proved
--> mj-transmissions.ads:137:58

 info: float overflow check proved
--> mj-transmissions.ads:137:61

 info: index check proved
--> mj-transmissions.ads:137:69

 info: float overflow check proved
--> mj-transmissions.ads:137:71
gnatprove: unproved check messages considered as errors
