Phase 1 of 3: generation of data representation information ...
Phase 2 of 3: generation of Global contracts ...
Phase 3 of 3: flow analysis and proof ...
 info: range check proved
--> mj-mocap_kernels.adb:6:07

 info: overflow check proved
--> mj-mocap_kernels.adb:6:20

 info: index check proved
--> mj-mocap_kernels.adb:6:20

 info: overflow check proved
--> mj-mocap_kernels.adb:6:33

 info: overflow check proved
--> mj-mocap_kernels.adb:6:41

 info: index check proved
--> mj-mocap_kernels.adb:6:41

 info: length check proved
--> mj-mocap_kernels.adb:6:46

 info: length check proved
--> mj-mocap_kernels.adb:6:49

 info: range check proved
--> mj-mocap_kernels.adb:7:07

 info: overflow check proved
--> mj-mocap_kernels.adb:7:22

 info: index check proved
--> mj-mocap_kernels.adb:7:22

 info: overflow check proved
--> mj-mocap_kernels.adb:7:35

 info: overflow check proved
--> mj-mocap_kernels.adb:7:43

 info: index check proved
--> mj-mocap_kernels.adb:7:43

 info: length check proved
--> mj-mocap_kernels.adb:7:48

 info: length check proved
--> mj-mocap_kernels.adb:7:51

 info: data dependencies proved
--> mj-mocap_kernels.ads:9:11

 info: division check proved
--> mj-mocap_kernels.ads:13:36

 info: division check proved
--> mj-mocap_kernels.ads:14:62

 info: range check proved
--> mj-mocap_kernels.ads:15:36

 info: division check proved
--> mj-mocap_kernels.ads:15:44

 info: postcondition proved
--> mj-mocap_kernels.ads:17:27

 info: index check proved
--> mj-mocap_kernels.ads:22:23

 info: overflow check proved
--> mj-mocap_kernels.ads:22:39

 info: overflow check proved
--> mj-mocap_kernels.ads:22:52

 info: overflow check proved
--> mj-mocap_kernels.ads:22:60

 info: overflow check proved
--> mj-mocap_kernels.ads:23:44

 info: index check proved
--> mj-mocap_kernels.ads:23:44

 info: overflow check proved
--> mj-mocap_kernels.ads:23:49

 info: overflow check proved
--> mj-mocap_kernels.ads:23:53

 info: index check proved
--> mj-mocap_kernels.ads:24:34

 info: index check proved
--> mj-mocap_kernels.ads:26:25

 info: overflow check proved
--> mj-mocap_kernels.ads:26:41

 info: overflow check proved
--> mj-mocap_kernels.ads:26:54

 info: overflow check proved
--> mj-mocap_kernels.ads:26:62

 info: overflow check proved
--> mj-mocap_kernels.ads:27:48

 info: index check proved
--> mj-mocap_kernels.ads:27:48

 info: overflow check proved
--> mj-mocap_kernels.ads:27:53

 info: overflow check proved
--> mj-mocap_kernels.ads:27:57

 info: index check proved
--> mj-mocap_kernels.ads:28:36
Success: all checks proved (46 checks).
Summary logged in /var/tmp/sparkling-services-mocap-kernel-whole-20261003/proof/obj/gnatprove/gnatprove.out
guarded: elapsed 4.6 s, peak group RSS 185 MB
