cube-aligned Ada/C 1.081 current/baseline 0.795
cube-rotated Ada/C 1.08 current/baseline 0.79
cube-margin Ada/C 0.966 current/baseline 0.775
cube-separated Ada/C 1.101 current/baseline 0.704
polytope-aligned Ada/C 1.214 current/baseline 0.924
polytope-rotated Ada/C 1.209 current/baseline 0.937
polytope-margin Ada/C 1.1 current/baseline 0.978
polytope-separated Ada/C 1.209 current/baseline 0.936
wide-face-aligned Ada/C 1.284 current/baseline 1.03
wide-face-rotated Ada/C 1.116 current/baseline 0.886
wide-face-margin Ada/C 1.08 current/baseline 0.947
wide-face-separated Ada/C 1.294 current/baseline 0.955
round-128-aligned Ada/C 1.12 current/baseline 0.74
round-128-rotated Ada/C 1.153 current/baseline 0.791
round-128-margin Ada/C 1.083 current/baseline 0.951
round-128-separated Ada/C 1.222 current/baseline 0.964
round-512-aligned Ada/C 1.172 current/baseline 0.604
round-512-rotated Ada/C 1.184 current/baseline 0.626
round-512-margin Ada/C 1.11 current/baseline 0.957
round-512-separated Ada/C 1.174 current/baseline 0.946
