Phase 1 of 3: generation of data representation information ...
Phase 2 of 3: generation of Global contracts ...
Phase 3 of 3: flow analysis and proof ...
 info: float overflow check proved
--> mj-spatial_tendons.adb:212:17

 info: float overflow check proved
--> mj-spatial_tendons.adb:212:25

 info: index check proved
--> mj-spatial_tendons.adb:212:33

 info: loop invariant initialization proved
--> mj-spatial_tendons.adb:213:43

 info: loop invariant preservation proved
--> mj-spatial_tendons.adb:213:43

 info: precondition proved
--> mj-spatial_tendons.adb:213:47

 info: overflow check proved
--> mj-spatial_tendons.adb:213:75

 info: range check proved
--> mj-spatial_tendons.adb:213:75

 info: loop invariant initialization proved
--> mj-spatial_tendons.adb:214:33

 info: loop invariant preservation proved
--> mj-spatial_tendons.adb:214:33

 info: range check proved
--> mj-spatial_tendons.adb:214:47

 info: overflow check proved
--> mj-spatial_tendons.adb:214:47

 info: float overflow check proved
--> mj-spatial_tendons.adb:214:52

 info: range check proved
--> mj-spatial_tendons.adb:214:85

 info: overflow check proved
--> mj-spatial_tendons.adb:214:85

 info: float overflow check proved
--> mj-spatial_tendons.adb:214:90

 info: implicit aspect Always_Terminates on "Velocity" has been proved, subprogram will terminate
--> mj-spatial_tendons.ads:98:13

 info: index check proved
--> mj-spatial_tendons.ads:101:45

 info: index check proved
--> mj-spatial_tendons.ads:102:25

 info: postcondition proved
--> mj-spatial_tendons.ads:103:25

 info: precondition proved
--> mj-spatial_tendons.ads:103:43

 info: range check proved
--> mj-spatial_tendons.ads:103:70
Success: all checks proved (22 checks).
Summary logged in /var/tmp/sparkling-spatial-tendons-20260930/proof/mj-spatial_tendons-Velocity/validation/obj/gnatprove/gnatprove.out
guarded: elapsed 38.1 s, peak group RSS 195 MB
