case 1
counts 2.00000000000000000E+00 2.00000000000000000E+00
pose SUCCESS 3-1.00000000000000E-02-1.00000000000000E-02
contact -4.99999999999999924E-03 0.00000000000000000E+00 0.00000000000000000E+00 -1.25000000000000007E-02 0.00000000000000000E+00 0.00000000000000000E+00 1.00000000000000000E+00
contact -5.50000000000000003E-02 1.00000000000000000E+00 1.00000000000000000E+00 -3.75000000000000056E-02 0.00000000000000000E+00 0.00000000000000000E+00 1.00000000000000000E+00
aref 1.31578947368421026E+01 1.44736842105263150E+02
reg 5.26315789473684736E-02 5.26315789473684736E-02
force 1.27787713746765945E+01 1.37795169301141982E+02
jac 0.00000000000000000E+00 0.00000000000000000E+00 1.00000000000000000E+00 0.00000000000000000E+00 0.00000000000000000E+00 0.00000000000000000E+00 0.00000000000000000E+00 0.00000000000000000E+00 0.00000000000000000E+00 0.00000000000000000E+00 0.00000000000000000E+00 0.00000000000000000E+00
jac 0.00000000000000000E+00 0.00000000000000000E+00 0.00000000000000000E+00 0.00000000000000000E+00 0.00000000000000000E+00 0.00000000000000000E+00 0.00000000000000000E+00 0.00000000000000000E+00 0.00000000000000000E+00 0.00000000000000000E+00 0.00000000000000000E+00 1.00000000000000000E+00
passive 4.52021366148299141E-05 -1.43591666754550719E-05 6.61792258780944396E-04 -4.55694410555005362E-05 1.44467095221617898E-05 -6.67168125246983242E-04 -4.40733036121596813E-05 1.39918622347846666E-05 -6.44846501693089442E-04 4.44406080528300865E-05 -1.40794050814913845E-05 6.50222368159128180E-04
free -1.70818759970507612E-02 1.39990760761083007E-03 -2.93443552291156651E-01 4.61132006627818555E-03 -1.86759197341847261E-02 -3.07709801609083844E-01 5.79767593978502103E-03 1.21367954269338183E-03 -2.90998107440878839E-01 -1.51529877324051952E-02 1.42067209211248924E-02 -3.10704527517922935E-01
acc -1.70818759970507612E-02 1.39990760761083007E-03 1.24853278223854378E+01 4.61132006627818555E-03 -1.86759197341847261E-02 -3.07709801609083844E-01 5.79767593978502103E-03 1.21367954269338183E-03 -2.90998107440878839E-01 -1.51529877324051952E-02 1.42067209211248924E-02 1.37484464773624069E+02
constraint 0.00000000000000000E+00 0.00000000000000000E+00 1.27787713746765945E+01 0.00000000000000000E+00 0.00000000000000000E+00 0.00000000000000000E+00 0.00000000000000000E+00 0.00000000000000000E+00 0.00000000000000000E+00 0.00000000000000000E+00 0.00000000000000000E+00 1.37795169301141982E+02
state -3.50469483426239025E-06 2.20656724544629552E-07 1.33499569024656873E-03 7.80392319661702095E-07 -4.29115099053145471E-06 -6.20036905124357325E-05 5.85186435692059428E-07 1.01766765126505094E-07 -5.85766097571111457E-05 -2.26931948715363747E-06 3.59392707805173400E-06 1.47005465468315073E-02 -3.49402571450747683E-04 1.90817524767395749E-05 9.20149357303624432E-02 7.08741222068532653E-05 -4.46900158218395546E-04 -6.13266824497347724E-03 3.28839815867317607E-05 4.03268748842217126E-06 -5.79115452106072123E-03 -1.90815577148333596E-04 3.86678357403617715E-04 1.01323904897451400E+00 1.99999999999999900E-02
case 2
counts 2.00000000000000000E+00 2.00000000000000000E+00
pose SUCCESS 3-1.00000000000000E-02-1.00000000000000E-02
contact -3.71112650644304411E-03 4.52643167833598930E-04 1.03361944342877650E-03 -1.18555632532215231E-02 0.00000000000000000E+00 0.00000000000000000E+00 1.00000000000000000E+00
contact -5.67097935893805596E-02 1.00036776049374132E+00 1.00275431015826544E+00 -3.83548967946902852E-02 0.00000000000000000E+00 0.00000000000000000E+00 1.00000000000000000E+00
aref 1.06296371092429620E+01 1.50457376125213358E+02
reg 5.26315789473684736E-02 5.26315789473684736E-02
force 1.03850059560242087E+01 1.43225753887348333E+02
jac 0.00000000000000000E+00 0.00000000000000000E+00 1.00000000000000000E+00 0.00000000000000000E+00 0.00000000000000000E+00 0.00000000000000000E+00 0.00000000000000000E+00 0.00000000000000000E+00 0.00000000000000000E+00 0.00000000000000000E+00 0.00000000000000000E+00 0.00000000000000000E+00
jac 0.00000000000000000E+00 0.00000000000000000E+00 0.00000000000000000E+00 0.00000000000000000E+00 0.00000000000000000E+00 0.00000000000000000E+00 0.00000000000000000E+00 0.00000000000000000E+00 0.00000000000000000E+00 0.00000000000000000E+00 0.00000000000000000E+00 1.00000000000000000E+00
passive -2.44601992405690935E-03 -8.04174895510234816E-04 3.11748653237189964E-04 1.67427643204743162E-03 8.14648708636477557E-03 -1.57898239696204531E-03 7.26445884229650306E-03 -1.38972433360604546E-04 -2.37182047144219232E-03 -6.53987930763620055E-03 -7.46122780392565344E-03 3.73002811237409032E-03
free -1.80683418056406878E-02 -4.68327969141480761E-03 -3.01948107624627038E-01 1.94022144463288637E-02 2.29167621627176105E-02 -3.16692980286211845E-01 2.22948561608334039E-02 -6.71957569806219505E-04 -3.01762856800910306E-01 -2.40574845749923303E-03 3.03180252357634818E-03 -3.06575335153312589E-01
acc -1.80683418056406878E-02 -4.68327969141480761E-03 1.00830578483995819E+01 1.94022144463288637E-02 2.29167621627176105E-02 -3.16692980286211845E-01 2.22948561608334039E-02 -6.71957569806219505E-04 -3.01762856800910306E-01 -2.40574845749923303E-03 3.03180252357634818E-03 1.42919178552195007E+02
constraint 0.00000000000000000E+00 0.00000000000000000E+00 1.03850059560242087E+01 0.00000000000000000E+00 0.00000000000000000E+00 0.00000000000000000E+00 0.00000000000000000E+00 0.00000000000000000E+00 0.00000000000000000E+00 0.00000000000000000E+00 0.00000000000000000E+00 1.43225753887348333E+02
state 2.43585626511199304E-04 1.17561161441424714E-03 2.22004202607121439E-03 -1.68068138315747564E-03 -1.40326146189222981E-03 2.00595633750873205E-03 -2.78859073411539225E-03 2.86157039491043153E-03 7.14046783895183547E-04 6.43564991724293080E-04 3.04911664522470541E-03 1.33640417751038978E-02 -1.06326634709177636E-02 7.05015534677490979E-03 6.82698581782672509E-02 1.52215659705859201E-02 -1.10465106420657832E-02 -3.81703337751987349E-03 -1.43740383153211325E-02 9.41054734380084371E-03 4.30338619951225240E-03 1.38375364150806097E-02 1.48351624599029081E-02 1.04474996971387823E+00 1.99999999999999900E-02
