Phase 1 of 3: generation of data representation information ...
Phase 2 of 3: generation of Global contracts ...
Phase 3 of 3: flow analysis and proof ...
 info: initialization of "Result" proved
--> mj-contact_incidence.adb:54:29

 info: data dependencies proved
--> mj-contact_incidence.adb:55:11

 info: overflow check proved
--> mj-contact_incidence.adb:57:41

 info: overflow check proved
--> mj-contact_incidence.adb:58:45

 info: index check proved
--> mj-contact_incidence.adb:65:60

 info: index check proved
--> mj-contact_incidence.adb:65:77

 info: range check proved
--> mj-contact_incidence.adb:66:20

 info: range check proved
--> mj-contact_incidence.adb:66:52

 info: index check proved
--> mj-contact_incidence.adb:68:50

 info: index check proved
--> mj-contact_incidence.adb:68:65

 info: precondition proved
--> mj-contact_incidence.adb:69:14

 medium: postcondition might fail, cannot prove L.Data (L.Start (Vertex)+K).Face in F'Range
--> mj-contact_incidence.adb:69:14
   69 |                 Vertex_Matches (L, F, V) = Vertex_Matches (L'Old, F, V)))
      |                 ^~~~~~~~~~~~~~~~~~~~~~~~~~~~~~~~~~~~~~~~~~~~~~~~~~~~~~
      + in inlined expression function body at mj-contact_incidence.adb:19
      + provers reached time limit before completing the proof

 info: precondition proved
--> mj-contact_incidence.adb:69:41

 info: precondition proved
--> mj-contact_incidence.adb:70:45

 info: index check proved
--> mj-contact_incidence.adb:71:30

 info: index check proved
--> mj-contact_incidence.adb:71:46

 info: initialization of "Position" proved
--> mj-contact_incidence.adb:74:07

 info: index check proved
--> mj-contact_incidence.adb:77:16

 info: range check proved
--> mj-contact_incidence.adb:77:27

 info: index check proved
--> mj-contact_incidence.adb:77:45

 info: loop invariant initialization proved
--> mj-contact_incidence.adb:79:33

 info: loop invariant preservation proved
--> mj-contact_incidence.adb:79:33

 info: loop invariant initialization proved
--> mj-contact_incidence.adb:80:33

 info: loop invariant preservation proved
--> mj-contact_incidence.adb:80:33

 info: index check proved
--> mj-contact_incidence.adb:80:42

 info: index check proved
--> mj-contact_incidence.adb:80:73

 info: overflow check proved
--> mj-contact_incidence.adb:80:87

 info: loop invariant preservation proved
--> mj-contact_incidence.adb:81:33

 info: loop invariant initialization proved
--> mj-contact_incidence.adb:81:33

 info: index check proved
--> mj-contact_incidence.adb:81:41

 info: precondition proved
--> mj-contact_incidence.adb:81:51

 info: overflow check proved
--> mj-contact_incidence.adb:81:74

 info: overflow check proved
--> mj-contact_incidence.adb:81:87

 info: loop invariant initialization proved
--> mj-contact_incidence.adb:82:33

 info: loop invariant preservation proved
--> mj-contact_incidence.adb:82:33

 info: index check proved
--> mj-contact_incidence.adb:82:73

 info: index check proved
--> mj-contact_incidence.adb:82:97

 info: loop invariant initialization proved
--> mj-contact_incidence.adb:83:33

 info: loop invariant preservation proved
--> mj-contact_incidence.adb:83:33

 info: range check proved
--> mj-contact_incidence.adb:83:34

 info: range check proved
--> mj-contact_incidence.adb:83:66

 info: loop invariant initialization proved
--> mj-contact_incidence.adb:84:33

 info: loop invariant preservation proved
--> mj-contact_incidence.adb:84:33

 info: index check proved
--> mj-contact_incidence.adb:85:20

 info: overflow check proved
--> mj-contact_incidence.adb:85:46

 info: index check proved
--> mj-contact_incidence.adb:86:29

 info: index check proved
--> mj-contact_incidence.adb:86:54

 info: index check proved
--> mj-contact_incidence.adb:86:56

 info: index check proved
--> mj-contact_incidence.adb:87:29

 info: index check proved
--> mj-contact_incidence.adb:87:67

 info: index check proved
--> mj-contact_incidence.adb:87:69

 info: overflow check proved
--> mj-contact_incidence.adb:87:84

 info: overflow check proved
--> mj-contact_incidence.adb:88:52

 info: index check proved
--> mj-contact_incidence.adb:88:52

 info: index check proved
--> mj-contact_incidence.adb:88:71

 info: overflow check proved
--> mj-contact_incidence.adb:89:52

 info: index check proved
--> mj-contact_incidence.adb:92:21

 info: range check proved
--> mj-contact_incidence.adb:92:39

 info: range check proved
--> mj-contact_incidence.adb:92:57

 info: overflow check proved
--> mj-contact_incidence.adb:92:80

 info: index check proved
--> mj-contact_incidence.adb:93:21

 info: overflow check proved
--> mj-contact_incidence.adb:93:36

 info: range check proved
--> mj-contact_incidence.adb:93:36
Summary logged in /var/tmp/sparkling-meshmesh-proof8-20261001/Append_Vertex/validation/obj/gnatprove/gnatprove.out
gnatprove: unproved check messages considered as errors
guarded: elapsed 19.7 s, peak group RSS 260 MB
