Phase 1 of 3: generation of data representation information ...
Phase 2 of 3: generation of Global contracts ...
Phase 3 of 3: flow analysis and proof ...
 info: range check proved
--> mj-contact_incidence.adb:104:44

 info: range check proved
--> mj-contact_incidence.adb:105:51

 info: precondition proved
--> mj-contact_incidence.adb:107:10

 info: loop invariant initialization proved
--> mj-contact_incidence.adb:109:33

 info: loop invariant preservation proved
--> mj-contact_incidence.adb:109:33

 info: loop invariant initialization proved
--> mj-contact_incidence.adb:110:33

 info: loop invariant preservation proved
--> mj-contact_incidence.adb:110:33

 info: loop invariant initialization proved
--> mj-contact_incidence.adb:111:33

 info: loop invariant preservation proved
--> mj-contact_incidence.adb:111:33

 info: range check proved
--> mj-contact_incidence.adb:111:78

 info: loop invariant preservation proved
--> mj-contact_incidence.adb:112:33

 info: loop invariant initialization proved
--> mj-contact_incidence.adb:112:33

 info: precondition proved
--> mj-contact_incidence.adb:112:61

 info: loop invariant initialization proved
--> mj-contact_incidence.adb:113:33

 info: loop invariant preservation proved
--> mj-contact_incidence.adb:113:33

 info: index check proved
--> mj-contact_incidence.adb:113:70

 info: index check proved
--> mj-contact_incidence.adb:113:81

 info: initialization of "L" proved
--> mj-contact_incidence.ads:47:21

 info: initialization of "Result" proved
--> mj-contact_incidence.ads:47:37

 info: data dependencies proved
--> mj-contact_incidence.ads:48:11

 info: overflow check proved
--> mj-contact_incidence.ads:49:70

 medium: postcondition might fail, cannot prove Matches (L, F)
--> mj-contact_incidence.ads:50:16
   50 |           Post => Matches (L, F) and then
      |                   ^~~~~~~~~~~~~
      + provers reached time limit before completing the proof
Summary logged in /var/tmp/sparkling-meshmesh-proof8-20261001/Build/validation/obj/gnatprove/gnatprove.out
gnatprove: unproved check messages considered as errors
guarded: elapsed 49.1 s, peak group RSS 225 MB
