Phase 1 of 3: generation of data representation information ...
Phase 2 of 3: generation of Global contracts ...
Phase 3 of 3: flow analysis and proof ...
 info: initialization of "Result" proved
--> mj-data-flex_elasticity-loading.adb:51:28

 info: range check proved
--> mj-data-flex_elasticity-loading.adb:56:58

 info: postcondition proved
--> mj-data-flex_elasticity-loading.adb:57:25

 info: index check proved
--> mj-data-flex_elasticity-loading.adb:58:46

 info: index check proved
--> mj-data-flex_elasticity-loading.adb:59:27

 info: index check proved
--> mj-data-flex_elasticity-loading.adb:60:27

 info: overflow check proved
--> mj-data-flex_elasticity-loading.adb:60:45

 info: index check proved
--> mj-data-flex_elasticity-loading.adb:60:54

 info: index check proved
--> mj-data-flex_elasticity-loading.adb:61:27

 info: index check proved
--> mj-data-flex_elasticity-loading.adb:61:48

 info: index check proved
--> mj-data-flex_elasticity-loading.adb:62:27

 info: index check proved
--> mj-data-flex_elasticity-loading.adb:62:46

 info: index check proved
--> mj-data-flex_elasticity-loading.adb:63:41

 info: overflow check proved
--> mj-data-flex_elasticity-loading.adb:63:50

 info: index check proved
--> mj-data-flex_elasticity-loading.adb:64:20

 info: overflow check proved
--> mj-data-flex_elasticity-loading.adb:64:29

 info: index check proved
--> mj-data-flex_elasticity-loading.adb:64:38

 info: overflow check proved
--> mj-data-flex_elasticity-loading.adb:65:24

 info: index check proved
--> mj-data-flex_elasticity-loading.adb:65:24

 info: index check proved
--> mj-data-flex_elasticity-loading.adb:65:39

 info: index check proved
--> mj-data-flex_elasticity-loading.adb:69:22

 info: index check proved
--> mj-data-flex_elasticity-loading.adb:70:27

 info: index check proved
--> mj-data-flex_elasticity-loading.adb:71:27

 info: overflow check proved
--> mj-data-flex_elasticity-loading.adb:71:37

 info: index check proved
--> mj-data-flex_elasticity-loading.adb:71:47

 info: index check proved
--> mj-data-flex_elasticity-loading.adb:74:28

 info: overflow check proved
--> mj-data-flex_elasticity-loading.adb:74:30

 info: index check proved
--> mj-data-flex_elasticity-loading.adb:74:45

 info: overflow check proved
--> mj-data-flex_elasticity-loading.adb:74:47

 info: index check proved
--> mj-data-flex_elasticity-loading.adb:74:55

 info: overflow check proved
--> mj-data-flex_elasticity-loading.adb:74:57

 info: overflow check proved
--> mj-data-flex_elasticity-loading.adb:75:26

 info: index check proved
--> mj-data-flex_elasticity-loading.adb:75:26

 info: index check proved
--> mj-data-flex_elasticity-loading.adb:75:42

 info: loop invariant initialization proved
--> mj-data-flex_elasticity-loading.adb:76:36

 info: loop invariant preservation proved
--> mj-data-flex_elasticity-loading.adb:76:36

 info: index check proved
--> mj-data-flex_elasticity-loading.adb:76:58

 info: overflow check proved
--> mj-data-flex_elasticity-loading.adb:76:60

 info: overflow check proved
--> mj-data-flex_elasticity-loading.adb:77:25

 info: index check proved
--> mj-data-flex_elasticity-loading.adb:77:25

 info: index check proved
--> mj-data-flex_elasticity-loading.adb:77:40

 info: range check proved
--> mj-data-flex_elasticity-loading.adb:79:31

 info: index check proved
--> mj-data-flex_elasticity-loading.adb:79:40

 info: range check proved
--> mj-data-flex_elasticity-loading.adb:79:65

 info: index check proved
--> mj-data-flex_elasticity-loading.adb:79:72

 info: loop invariant initialization proved
--> mj-data-flex_elasticity-loading.adb:80:33

 info: loop invariant preservation proved
--> mj-data-flex_elasticity-loading.adb:80:33

 info: index check proved
--> mj-data-flex_elasticity-loading.adb:81:20

 info: index check proved
--> mj-data-flex_elasticity-loading.adb:81:53

 info: index check proved
--> mj-data-flex_elasticity-loading.adb:82:29

 info: overflow check proved
--> mj-data-flex_elasticity-loading.adb:82:47

 info: index check proved
--> mj-data-flex_elasticity-loading.adb:82:56

 info: index check proved
--> mj-data-flex_elasticity-loading.adb:83:29

 info: index check proved
--> mj-data-flex_elasticity-loading.adb:83:50

 info: index check proved
--> mj-data-flex_elasticity-loading.adb:84:29

 info: index check proved
--> mj-data-flex_elasticity-loading.adb:84:48

 info: index check proved
--> mj-data-flex_elasticity-loading.adb:85:43

 info: overflow check proved
--> mj-data-flex_elasticity-loading.adb:85:52

 info: index check proved
--> mj-data-flex_elasticity-loading.adb:86:22

 info: overflow check proved
--> mj-data-flex_elasticity-loading.adb:86:31

 info: index check proved
--> mj-data-flex_elasticity-loading.adb:86:40

 info: overflow check proved
--> mj-data-flex_elasticity-loading.adb:87:26

 info: index check proved
--> mj-data-flex_elasticity-loading.adb:87:26

 info: index check proved
--> mj-data-flex_elasticity-loading.adb:87:41
Success: all checks proved (64 checks).
Summary logged in /var/tmp/sparkling-flex-layout-analysis-20261003-r215/validation/obj/gnatprove/gnatprove.out
guarded: elapsed 96.2 s, peak group RSS 477 MB
