Phase 1 of 3: generation of data representation information ...
Phase 2 of 3: generation of Global contracts ...
Phase 3 of 3: flow analysis and proof ...
 info: initialization of "Result" proved
--> mj-data-flex_elasticity-loading.adb:96:27

 info: postcondition proved
--> mj-data-flex_elasticity-loading.adb:103:25

 info: index check proved
--> mj-data-flex_elasticity-loading.adb:106:20

 info: index check proved
--> mj-data-flex_elasticity-loading.adb:106:50

 info: index check proved
--> mj-data-flex_elasticity-loading.adb:107:29

 info: index check proved
--> mj-data-flex_elasticity-loading.adb:107:52

 info: index check proved
--> mj-data-flex_elasticity-loading.adb:109:19

 info: index check proved
--> mj-data-flex_elasticity-loading.adb:109:44

 info: index check proved
--> mj-data-flex_elasticity-loading.adb:110:28

 info: index check proved
--> mj-data-flex_elasticity-loading.adb:110:51

 info: precondition proved
--> mj-data-flex_elasticity-loading.adb:112:07

 info: precondition proved
--> mj-data-flex_elasticity-loading.adb:114:07

 info: precondition proved
--> mj-data-flex_elasticity-loading.adb:116:07

 info: non-aliasing of formal parameters "Columns" and "Target" proved
--> mj-data-flex_elasticity-loading.adb:116:48

 info: range check proved
--> mj-data-flex_elasticity-loading.adb:117:38
Success: all checks proved (34 checks).
Summary logged in /var/tmp/sparkling-flex-layout-analysis-20261003-r215/validation/obj/gnatprove/gnatprove.out
guarded: elapsed 6.1 s, peak group RSS 351 MB
