Phase 1 of 3: generation of data representation information ...
Phase 2 of 3: generation of Global contracts ...
Phase 3 of 3: flow analysis and proof ...
 info: postcondition proved
--> mj-data-flex_elasticity-loading.adb:129:25

 info: pointer dereference check proved
--> mj-data-flex_elasticity-loading.adb:129:65

 info: pointer dereference check proved
--> mj-data-flex_elasticity-loading.adb:130:18

 info: pointer dereference check proved
--> mj-data-flex_elasticity-loading.adb:130:37

 info: pointer dereference check proved
--> mj-data-flex_elasticity-loading.adb:131:18

 info: pointer dereference check proved
--> mj-data-flex_elasticity-loading.adb:131:43

 info: pointer dereference check proved
--> mj-data-flex_elasticity-loading.adb:132:18

 info: pointer dereference check proved
--> mj-data-flex_elasticity-loading.adb:132:37

 info: pointer dereference check proved
--> mj-data-flex_elasticity-loading.adb:133:18

 info: range check proved
--> mj-data-flex_elasticity-loading.adb:133:27

 info: pointer dereference check proved
--> mj-data-flex_elasticity-loading.adb:134:18

 info: range check proved
--> mj-data-flex_elasticity-loading.adb:134:27

 info: pointer dereference check proved
--> mj-data-flex_elasticity-loading.adb:135:18

 info: range check proved
--> mj-data-flex_elasticity-loading.adb:135:31

 info: discriminant check proved
--> mj-data-flex_elasticity-loading.adb:137:09

 info: absence of resource or memory leak proved
--> mj-data-flex_elasticity-loading.adb:137:09

 info: range check proved
--> mj-data-flex_elasticity-loading.adb:137:27

 info: range check proved
--> mj-data-flex_elasticity-loading.adb:137:36

 info: range check proved
--> mj-data-flex_elasticity-loading.adb:137:45

 info: range check proved
--> mj-data-flex_elasticity-loading.adb:137:54

 info: range check proved
--> mj-data-flex_elasticity-loading.adb:137:60

 info: range check proved
--> mj-data-flex_elasticity-loading.adb:137:69

 info: pointer dereference check proved
--> mj-data-flex_elasticity-loading.adb:138:08

 info: overflow check proved
--> mj-data-flex_elasticity.ads:108:33
      + in default value at mj-data-flex_elasticity-loading.adb:137

 info: range check proved
--> mj-data-flex_elasticity.ads:108:33
      + in default value at mj-data-flex_elasticity-loading.adb:137

 info: overflow check proved
--> mj-data-flex_elasticity.ads:109:38
      + in default value at mj-data-flex_elasticity-loading.adb:137

 info: range check proved
--> mj-data-flex_elasticity.ads:109:38
      + in default value at mj-data-flex_elasticity-loading.adb:137

 info: overflow check proved
--> mj-data-flex_elasticity.ads:110:36
      + in default value at mj-data-flex_elasticity-loading.adb:137

 info: range check proved
--> mj-data-flex_elasticity.ads:110:36
      + in default value at mj-data-flex_elasticity-loading.adb:137

 info: overflow check proved
--> mj-data-flex_elasticity.ads:111:39
      + in default value at mj-data-flex_elasticity-loading.adb:137

 info: range check proved
--> mj-data-flex_elasticity.ads:111:39
      + in default value at mj-data-flex_elasticity-loading.adb:137

 info: overflow check proved
--> mj-data-flex_elasticity.ads:112:32
      + in default value at mj-data-flex_elasticity-loading.adb:137

 info: range check proved
--> mj-data-flex_elasticity.ads:112:32
      + in default value at mj-data-flex_elasticity-loading.adb:137

 info: length check proved
--> mj-data-flex_elasticity.ads:113:47
      + in default value at mj-data-flex_elasticity-loading.adb:137

 info: length check proved
--> mj-data-flex_elasticity.ads:114:53
      + in default value at mj-data-flex_elasticity-loading.adb:137

 info: length check proved
--> mj-data-flex_elasticity.ads:115:46
      + in default value at mj-data-flex_elasticity-loading.adb:137

 info: length check proved
--> mj-data-flex_elasticity.ads:116:55
      + in default value at mj-data-flex_elasticity-loading.adb:137

 info: length check proved
--> mj-data-flex_elasticity.ads:117:93
      + in default value at mj-data-flex_elasticity-loading.adb:137

 info: length check proved
--> mj-data-flex_elasticity.ads:118:54
      + in default value at mj-data-flex_elasticity-loading.adb:137

 info: length check proved
--> mj-data-flex_elasticity.ads:119:49
      + in default value at mj-data-flex_elasticity-loading.adb:137

 info: length check proved
--> mj-data-flex_elasticity.ads:120:58
      + in default value at mj-data-flex_elasticity-loading.adb:137

 info: length check proved
--> mj-data-flex_elasticity.ads:121:59
      + in default value at mj-data-flex_elasticity-loading.adb:137

 info: length check proved
--> mj-data-flex_elasticity.ads:122:54
      + in default value at mj-data-flex_elasticity-loading.adb:137
Success: all checks proved (47 checks).
Summary logged in /var/tmp/sparkling-flex-layout-analysis-20261003-r225/validation/obj/gnatprove/gnatprove.out
guarded: elapsed 87.4 s, peak group RSS 480 MB
