Phase 1 of 3: generation of data representation information ...
Phase 2 of 3: generation of Global contracts ...
Phase 3 of 3: analysis of data and information flow ...
Success: all checks proved (10 checks).
Summary logged in /var/tmp/sparkling-services-adhesion-flow-final-20261003/adapter-flow/validation/obj/gnatprove/gnatprove.out
guarded: elapsed 26.3 s, peak group RSS 122 MB
 info: implicit aspect Always_Terminates on "Gap_Normal" has been proved, subprogram will terminate
--> mj-data-constrained-body_adhesion.adb:11:13

 info: initialization of "Out_J" proved
--> mj-data-constrained-body_adhesion.adb:17:07

 info: initialization of "Linear" proved
--> mj-data-constrained-body_adhesion.adb:27:13

 info: implicit aspect Always_Terminates on "Sparse_Velocity" has been proved, subprogram will terminate
--> mj-data-constrained-body_adhesion.adb:45:13

 info: initialization of "Contacts" proved
--> mj-data-constrained-body_adhesion.adb:77:07

 info: initialization of "Moment" proved
--> mj-data-constrained-body_adhesion.adb:80:07

 info: initialization of "Force" proved
--> mj-data-constrained-body_adhesion.adb:81:07

 info: initialization of "Speed" proved
--> mj-data-constrained-body_adhesion.adb:84:07

 info: initialization of "Result" proved
--> mj-data-constrained-body_adhesion.ads:5:26

 info: data dependencies proved
--> mj-data-constrained-body_adhesion.ads:7:11
