Phase 1 of 3: generation of data representation information ...
Phase 2 of 3: generation of Global contracts ...
Phase 3 of 3: flow analysis and proof ...
Success: all checks proved (19 checks).
Summary logged in /var/tmp/sparkling-services-adhesion-small-20261003/Column_For/obj/gnatprove/gnatprove.out
guarded: elapsed 3.8 s, peak group RSS 177 MB
 info: precondition proved
--> mj-adhesion.adb:75:33

 info: precondition proved
--> mj-adhesion.adb:76:33

 info: assertion proved
--> mj-adhesion.adb:78:40

 info: precondition proved
--> mj-adhesion.adb:82:22

 info: range check proved
--> mj-adhesion.adb:82:43

 info: precondition proved
--> mj-adhesion.adb:83:22

 info: range check proved
--> mj-adhesion.adb:83:54

 info: precondition proved
--> mj-adhesion.adb:84:07

 info: precondition proved
--> mj-adhesion.adb:84:28

 info: range check proved
--> mj-adhesion.adb:84:48

 info: precondition proved
--> mj-adhesion.adb:84:57

 info: range check proved
--> mj-adhesion.adb:84:88

 info: implicit aspect Always_Terminates on "Column_For" has been proved, subprogram will terminate
--> mj-adhesion.ads:135:13

 info: data dependencies proved
--> mj-adhesion.ads:136:76

 info: postcondition proved
--> mj-adhesion.ads:141:26

 info: precondition proved
--> mj-adhesion.ads:142:10

 info: range check proved
--> mj-adhesion.ads:142:31

 info: precondition proved
--> mj-adhesion.ads:142:40

 info: range check proved
--> mj-adhesion.ads:142:72
