Phase 1 of 3: generation of data representation information ...
Phase 2 of 3: generation of Global contracts ...
Phase 3 of 3: flow analysis and proof ...
Success: all checks proved (12 checks).
Summary logged in /var/tmp/sparkling-services-adhesion-small-20261003/Unfold_Active/obj/gnatprove/gnatprove.out
guarded: elapsed 3.8 s, peak group RSS 157 MB
 info: data dependencies proved
--> mj-adhesion.ads:98:23

 info: range check proved
--> mj-adhesion.ads:100:81

 info: precondition proved
--> mj-adhesion.ads:101:14

 info: postcondition proved
--> mj-adhesion.ads:101:14

 info: overflow check proved
--> mj-adhesion.ads:101:39

 info: precondition proved
--> mj-adhesion.ads:101:45

 info: precondition proved
--> mj-adhesion.ads:101:50

 info: index check proved
--> mj-adhesion.ads:101:79

 info: index check proved
--> mj-adhesion.ads:101:85

 info: float overflow check proved
--> mj-adhesion.ads:101:89

 info: range check proved
--> mj-adhesion.ads:101:89

 info: index check proved
--> mj-adhesion.ads:101:92
