Phase 1 of 3: generation of data representation information ...
Phase 2 of 3: generation of Global contracts ...
Phase 3 of 3: flow analysis and proof ...
Success: all checks proved (21 checks).
Summary logged in /var/tmp/sparkling-services-adhesion-small-20261003/Equal_Active/obj/gnatprove/gnatprove.out
guarded: elapsed 8.4 s, peak group RSS 166 MB
 info: precondition proved
--> mj-adhesion.adb:67:10

 info: subprogram variant proved
--> mj-adhesion.adb:67:10

 info: range check proved
--> mj-adhesion.adb:67:39

 info: precondition proved
--> mj-adhesion.adb:68:10

 info: range check proved
--> mj-adhesion.adb:68:37

 info: precondition proved
--> mj-adhesion.adb:69:10

 info: range check proved
--> mj-adhesion.adb:69:38

 info: assertion proved
--> mj-adhesion.adb:70:25

 info: index check proved
--> mj-adhesion.adb:70:32

 info: index check proved
--> mj-adhesion.adb:70:35

 info: float overflow check proved
--> mj-adhesion.adb:70:39

 info: index check proved
--> mj-adhesion.adb:70:47

 info: index check proved
--> mj-adhesion.adb:70:60

 info: index check proved
--> mj-adhesion.adb:70:63

 info: float overflow check proved
--> mj-adhesion.adb:70:67

 info: index check proved
--> mj-adhesion.adb:70:76

 info: data dependencies proved
--> mj-adhesion.ads:129:24

 info: range check proved
--> mj-adhesion.ads:132:53

 info: precondition proved
--> mj-adhesion.ads:133:15

 info: postcondition proved
--> mj-adhesion.ads:133:15

 info: precondition proved
--> mj-adhesion.ads:133:43
