Phase 1 of 3: generation of data representation information ...
Phase 2 of 3: generation of Global contracts ...
Phase 3 of 3: flow analysis and proof ...
Success: all checks proved (11 checks).
Summary logged in /var/tmp/sparkling-services-adhesion-small-20261003/Add/obj/gnatprove/gnatprove.out
guarded: elapsed 11.1 s, peak group RSS 142 MB
 info: float overflow check proved
--> mj-adhesion.adb:24:18

 info: range check proved
--> mj-adhesion.adb:24:18

 info: implicit aspect Always_Terminates on "Add" has been proved, subprogram will terminate
--> mj-adhesion.ads:73:13

 info: data dependencies proved
--> mj-adhesion.ads:74:12

 info: range check proved
--> mj-adhesion.ads:74:75

 info: float overflow check proved
--> mj-adhesion.ads:74:81

 info: postcondition proved
--> mj-adhesion.ads:75:15

 info: float overflow check proved
--> mj-adhesion.ads:75:32

 info: range check proved
--> mj-adhesion.ads:76:47

 info: overflow check proved
--> mj-adhesion.ads:76:47

 info: float overflow check proved
--> mj-adhesion.ads:76:50
