Phase 1 of 3: generation of data representation information ...
Phase 2 of 3: generation of Global contracts ...
Phase 3 of 3: flow analysis and proof ...
Success: all checks proved (346 checks).
Summary logged in /var/tmp/sparkling-services-adhesion-whole-20261003/whole/obj/gnatprove/gnatprove.out
guarded: elapsed 142.3 s, peak group RSS 241 MB
 info: length check proved
--> mj-adhesion.adb:5:09

 info: range check proved
--> mj-adhesion.adb:8:28

 info: overflow check proved
--> mj-adhesion.adb:11:36

 info: index check proved
--> mj-adhesion.adb:11:36

 info: loop invariant initialization proved
--> mj-adhesion.adb:12:52

 info: loop invariant preservation proved
--> mj-adhesion.adb:12:52

 info: index check proved
--> mj-adhesion.adb:12:80

 info: index check proved
--> mj-adhesion.adb:13:34

 info: overflow check proved
--> mj-adhesion.adb:13:55

 info: index check proved
--> mj-adhesion.adb:13:60

 info: index check proved
--> mj-adhesion.adb:13:97

 info: precondition proved
--> mj-adhesion.adb:14:27

 info: range check proved
--> mj-adhesion.adb:14:63

 info: range check proved
--> mj-adhesion.adb:14:66

 info: loop invariant initialization proved
--> mj-adhesion.adb:18:43

 info: loop invariant preservation proved
--> mj-adhesion.adb:18:43

 info: precondition proved
--> mj-adhesion.adb:18:51

 info: overflow check proved
--> mj-adhesion.adb:18:81

 info: range check proved
--> mj-adhesion.adb:18:81

 info: loop invariant initialization proved
--> mj-adhesion.adb:19:43

 info: loop invariant preservation proved
--> mj-adhesion.adb:19:43

 info: index check proved
--> mj-adhesion.adb:19:71

 info: precondition proved
--> mj-adhesion.adb:19:76

 info: range check proved
--> mj-adhesion.adb:19:112

 info: overflow check proved
--> mj-adhesion.adb:19:116

 info: range check proved
--> mj-adhesion.adb:19:116

 info: float overflow check proved
--> mj-adhesion.adb:24:18

 info: range check proved
--> mj-adhesion.adb:24:18

 info: precondition proved
--> mj-adhesion.adb:34:10

 info: range check proved
--> mj-adhesion.adb:34:33

 info: assertion proved
--> mj-adhesion.adb:35:35

 info: precondition proved
--> mj-adhesion.adb:35:39

 info: range check proved
--> mj-adhesion.adb:35:59

 info: precondition proved
--> mj-adhesion.adb:36:35

 info: assertion proved
--> mj-adhesion.adb:36:35

 info: overflow check proved
--> mj-adhesion.adb:36:56

 info: range check proved
--> mj-adhesion.adb:36:56

 info: precondition proved
--> mj-adhesion.adb:36:62

 info: index check proved
--> mj-adhesion.adb:36:71

 info: index check proved
--> mj-adhesion.adb:36:73

 info: float overflow check proved
--> mj-adhesion.adb:36:77

 info: range check proved
--> mj-adhesion.adb:36:77

 info: range check proved
--> mj-adhesion.adb:36:83

 info: precondition proved
--> mj-adhesion.adb:37:15

 info: index check proved
--> mj-adhesion.adb:37:24

 info: index check proved
--> mj-adhesion.adb:37:26

 info: float overflow check proved
--> mj-adhesion.adb:37:30

 info: range check proved
--> mj-adhesion.adb:37:30

 info: range check proved
--> mj-adhesion.adb:37:36

 info: loop invariant initialization proved
--> mj-adhesion.adb:38:43

 info: loop invariant preservation proved
--> mj-adhesion.adb:38:43

 info: precondition proved
--> mj-adhesion.adb:38:47

 info: overflow check proved
--> mj-adhesion.adb:38:68

 info: range check proved
--> mj-adhesion.adb:38:68

 info: loop invariant initialization proved
--> mj-adhesion.adb:39:33

 info: loop invariant preservation proved
--> mj-adhesion.adb:39:33

 info: range check proved
--> mj-adhesion.adb:39:48

 info: overflow check proved
--> mj-adhesion.adb:39:48

 info: float overflow check proved
--> mj-adhesion.adb:39:51

 info: precondition proved
--> mj-adhesion.adb:47:10

 info: range check proved
--> mj-adhesion.adb:47:39

 info: precondition proved
--> mj-adhesion.adb:49:18

 info: index check proved
--> mj-adhesion.adb:49:27

 info: index check proved
--> mj-adhesion.adb:49:29

 info: range check proved
--> mj-adhesion.adb:49:34

 info: loop invariant initialization proved
--> mj-adhesion.adb:51:43

 info: loop invariant preservation proved
--> mj-adhesion.adb:51:43

 info: precondition proved
--> mj-adhesion.adb:51:47

 info: overflow check proved
--> mj-adhesion.adb:51:74

 info: range check proved
--> mj-adhesion.adb:51:74

 info: loop invariant initialization proved
--> mj-adhesion.adb:52:33

 info: loop invariant preservation proved
--> mj-adhesion.adb:52:33

 info: range check proved
--> mj-adhesion.adb:52:48

 info: overflow check proved
--> mj-adhesion.adb:52:48

 info: float overflow check proved
--> mj-adhesion.adb:52:51

 info: float overflow check proved
--> mj-adhesion.adb:59:49

 info: float overflow check proved
--> mj-adhesion.adb:59:54

 info: range check proved
--> mj-adhesion.adb:59:54

 info: division check proved
--> mj-adhesion.adb:59:60

 info: float overflow check proved
--> mj-adhesion.adb:59:60

 info: range check proved
--> mj-adhesion.adb:59:66

 info: precondition proved
--> mj-adhesion.adb:67:10

 info: subprogram variant proved
--> mj-adhesion.adb:67:10

 info: range check proved
--> mj-adhesion.adb:67:39

 info: precondition proved
--> mj-adhesion.adb:68:10

 info: range check proved
--> mj-adhesion.adb:68:37

 info: precondition proved
--> mj-adhesion.adb:69:10

 info: range check proved
--> mj-adhesion.adb:69:38

 info: assertion proved
--> mj-adhesion.adb:70:25

 info: index check proved
--> mj-adhesion.adb:70:32

 info: index check proved
--> mj-adhesion.adb:70:35

 info: float overflow check proved
--> mj-adhesion.adb:70:39

 info: index check proved
--> mj-adhesion.adb:70:47

 info: index check proved
--> mj-adhesion.adb:70:60

 info: index check proved
--> mj-adhesion.adb:70:63

 info: float overflow check proved
--> mj-adhesion.adb:70:67

 info: index check proved
--> mj-adhesion.adb:70:76

 info: precondition proved
--> mj-adhesion.adb:75:33

 info: precondition proved
--> mj-adhesion.adb:76:33

 info: assertion proved
--> mj-adhesion.adb:78:40

 info: precondition proved
--> mj-adhesion.adb:82:22

 info: range check proved
--> mj-adhesion.adb:82:43

 info: precondition proved
--> mj-adhesion.adb:83:22

 info: range check proved
--> mj-adhesion.adb:83:54

 info: precondition proved
--> mj-adhesion.adb:84:07

 info: precondition proved
--> mj-adhesion.adb:84:28

 info: range check proved
--> mj-adhesion.adb:84:48

 info: precondition proved
--> mj-adhesion.adb:84:57

 info: range check proved
--> mj-adhesion.adb:84:88

 info: initialization of "W" proved
--> mj-adhesion.adb:91:07

 info: range check proved
--> mj-adhesion.adb:91:07

 info: precondition proved
--> mj-adhesion.adb:92:43

 info: range check proved
--> mj-adhesion.adb:92:77

 info: initialization of "N" proved
--> mj-adhesion.adb:93:07

 info: precondition proved
--> mj-adhesion.adb:95:07

 info: assertion proved
--> mj-adhesion.adb:96:32

 info: precondition proved
--> mj-adhesion.adb:98:24

 info: range check proved
--> mj-adhesion.adb:98:57

 info: precondition proved
--> mj-adhesion.adb:99:10

 info: range check proved
--> mj-adhesion.adb:99:36

 info: range check proved
--> mj-adhesion.adb:99:39

 info: precondition proved
--> mj-adhesion.adb:100:10

 info: precondition proved
--> mj-adhesion.adb:100:27

 info: range check proved
--> mj-adhesion.adb:100:42

 info: range check proved
--> mj-adhesion.adb:100:45

 info: precondition proved
--> mj-adhesion.adb:100:54

 info: range check proved
--> mj-adhesion.adb:100:79

 info: range check proved
--> mj-adhesion.adb:100:83

 info: precondition proved
--> mj-adhesion.adb:101:12

 info: range check proved
--> mj-adhesion.adb:101:34

 info: range check proved
--> mj-adhesion.adb:101:37

 info: precondition proved
--> mj-adhesion.adb:101:46

 info: range check proved
--> mj-adhesion.adb:101:71

 info: range check proved
--> mj-adhesion.adb:101:75

 info: loop invariant initialization proved
--> mj-adhesion.adb:102:43

 info: loop invariant preservation proved
--> mj-adhesion.adb:102:43

 info: index check proved
--> mj-adhesion.adb:102:86

 info: loop invariant initialization proved
--> mj-adhesion.adb:103:43

 info: loop invariant preservation proved
--> mj-adhesion.adb:103:43

 info: index check proved
--> mj-adhesion.adb:103:86

 info: initialization check proved
--> mj-adhesion.adb:104:21

 info: index check proved
--> mj-adhesion.adb:104:29

 info: precondition proved
--> mj-adhesion.adb:104:46

 info: range check proved
--> mj-adhesion.adb:104:69

 info: range check proved
--> mj-adhesion.adb:104:72

 info: precondition proved
--> mj-adhesion.adb:105:14

 info: range check proved
--> mj-adhesion.adb:105:40

 info: range check proved
--> mj-adhesion.adb:105:44

 info: index check proved
--> mj-adhesion.adb:111:23

 info: float overflow check proved
--> mj-adhesion.adb:111:35

 info: range check proved
--> mj-adhesion.adb:111:35

 info: loop invariant initialization proved
--> mj-adhesion.adb:112:43

 info: loop invariant preservation proved
--> mj-adhesion.adb:112:43

 info: index check proved
--> mj-adhesion.adb:112:91

 info: loop invariant initialization proved
--> mj-adhesion.adb:113:43

 info: loop invariant preservation proved
--> mj-adhesion.adb:113:43

 info: initialization check proved
--> mj-adhesion.adb:113:78

 info: index check proved
--> mj-adhesion.adb:113:91

 info: float overflow check proved
--> mj-adhesion.adb:113:102

 info: index check proved
--> mj-adhesion.adb:113:112

 info: implicit aspect Always_Terminates on "Relevant" has been proved, subprogram will terminate
--> mj-adhesion.ads:25:13

 info: data dependencies proved
--> mj-adhesion.ads:27:37

 info: implicit aspect Always_Terminates on "Width" has been proved, subprogram will terminate
--> mj-adhesion.ads:28:13

 info: range check proved
--> mj-adhesion.ads:29:57

 info: data dependencies proved
--> mj-adhesion.ads:30:11

 info: implicit aspect Always_Terminates on "Row_Weight" has been proved, subprogram will terminate
--> mj-adhesion.ads:31:13

 info: division check proved
--> mj-adhesion.ads:32:62

 info: float overflow check proved
--> mj-adhesion.ads:32:62

 info: range check proved
--> mj-adhesion.ads:32:62

 info: range check proved
--> mj-adhesion.ads:32:75

 info: data dependencies proved
--> mj-adhesion.ads:33:11

 info: implicit aspect Always_Terminates on "Covers" has been proved, subprogram will terminate
--> mj-adhesion.ads:34:13

 info: overflow check proved
--> mj-adhesion.ads:35:36

 info: data dependencies proved
--> mj-adhesion.ads:35:71

 info: implicit aspect Always_Terminates on "Valid_Contacts" has been proved, subprogram will terminate
--> mj-adhesion.ads:36:13

 info: data dependencies proved
--> mj-adhesion.ads:41:12

 info: implicit aspect Always_Terminates on "Selected_Weight" has been proved, subprogram will terminate
--> mj-adhesion.ads:42:13

 info: index check proved
--> mj-adhesion.ads:45:32

 info: index check proved
--> mj-adhesion.ads:45:64

 info: index check proved
--> mj-adhesion.ads:46:35

 info: index check proved
--> mj-adhesion.ads:46:77

 info: precondition proved
--> mj-adhesion.ads:47:12

 info: subprogram variant proved
--> mj-adhesion.ads:47:12

 info: range check proved
--> mj-adhesion.ads:47:58

 info: data dependencies proved
--> mj-adhesion.ads:48:29

 info: range check proved
--> mj-adhesion.ads:49:74

 info: implicit aspect Always_Terminates on "Relevant_Count" has been proved, subprogram will terminate
--> mj-adhesion.ads:51:13

 info: precondition proved
--> mj-adhesion.ads:52:32

 info: subprogram variant proved
--> mj-adhesion.ads:52:32

 info: range check proved
--> mj-adhesion.ads:52:66

 info: overflow check proved
--> mj-adhesion.ads:53:08

 info: range check proved
--> mj-adhesion.ads:53:08

 info: index check proved
--> mj-adhesion.ads:53:33

 info: data dependencies proved
--> mj-adhesion.ads:54:29

 info: range check proved
--> mj-adhesion.ads:55:74

 info: postcondition proved
--> mj-adhesion.ads:56:15

 info: implicit aspect Always_Terminates on "Expected_Weights" has been proved, subprogram will terminate
--> mj-adhesion.ads:58:13

 info: range check proved
--> mj-adhesion.ads:60:07

 info: range check proved
--> mj-adhesion.ads:60:19

 info: precondition proved
--> mj-adhesion.ads:60:41

 info: range check proved
--> mj-adhesion.ads:60:77

 info: data dependencies proved
--> mj-adhesion.ads:61:29

 info: postcondition proved
--> mj-adhesion.ads:63:15

 info: range check proved
--> mj-adhesion.ads:63:79

 info: index check proved
--> mj-adhesion.ads:65:35

 info: precondition proved
--> mj-adhesion.ads:65:40

 info: range check proved
--> mj-adhesion.ads:65:72

 info: range check proved
--> mj-adhesion.ads:65:76

 info: initialization of "W" proved
--> mj-adhesion.ads:68:07

 info: initialization of "Count" proved
--> mj-adhesion.ads:68:29

 info: data dependencies proved
--> mj-adhesion.ads:68:61

 info: range check proved
--> mj-adhesion.ads:70:45

 info: postcondition proved
--> mj-adhesion.ads:71:26

 info: precondition proved
--> mj-adhesion.ads:71:34

 info: range check proved
--> mj-adhesion.ads:71:65

 info: index check proved
--> mj-adhesion.ads:72:46

 info: precondition proved
--> mj-adhesion.ads:72:51

 info: range check proved
--> mj-adhesion.ads:72:87

 info: range check proved
--> mj-adhesion.ads:72:92

 info: implicit aspect Always_Terminates on "Add" has been proved, subprogram will terminate
--> mj-adhesion.ads:73:13

 info: data dependencies proved
--> mj-adhesion.ads:74:12

 info: range check proved
--> mj-adhesion.ads:74:75

 info: float overflow check proved
--> mj-adhesion.ads:74:81

 info: postcondition proved
--> mj-adhesion.ads:75:15

 info: float overflow check proved
--> mj-adhesion.ads:75:32

 info: range check proved
--> mj-adhesion.ads:76:47

 info: overflow check proved
--> mj-adhesion.ads:76:47

 info: float overflow check proved
--> mj-adhesion.ads:76:50

 info: implicit aspect Always_Terminates on "Active_Sum" has been proved, subprogram will terminate
--> mj-adhesion.ads:77:13

 info: precondition proved
--> mj-adhesion.ads:80:08

 info: precondition proved
--> mj-adhesion.ads:80:13

 info: subprogram variant proved
--> mj-adhesion.ads:80:13

 info: range check proved
--> mj-adhesion.ads:80:41

 info: index check proved
--> mj-adhesion.ads:80:54

 info: index check proved
--> mj-adhesion.ads:80:58

 info: float overflow check proved
--> mj-adhesion.ads:80:62

 info: range check proved
--> mj-adhesion.ads:80:62

 info: index check proved
--> mj-adhesion.ads:80:71

 info: range check proved
--> mj-adhesion.ads:80:81

 info: data dependencies proved
--> mj-adhesion.ads:81:29

 info: range check proved
--> mj-adhesion.ads:83:83

 info: postcondition proved
--> mj-adhesion.ads:84:15

 info: range check proved
--> mj-adhesion.ads:84:46

 info: float overflow check proved
--> mj-adhesion.ads:84:52

 info: implicit aspect Always_Terminates on "Gap_Sum" has been proved, subprogram will terminate
--> mj-adhesion.ads:86:13

 info: index check proved
--> mj-adhesion.ads:89:32

 info: index check proved
--> mj-adhesion.ads:89:64

 info: precondition proved
--> mj-adhesion.ads:90:09

 info: precondition proved
--> mj-adhesion.ads:90:14

 info: subprogram variant proved
--> mj-adhesion.ads:90:14

 info: range check proved
--> mj-adhesion.ads:90:49

 info: index check proved
--> mj-adhesion.ads:90:62

 info: index check proved
--> mj-adhesion.ads:90:66

 info: range check proved
--> mj-adhesion.ads:90:77

 info: precondition proved
--> mj-adhesion.ads:91:12

 info: subprogram variant proved
--> mj-adhesion.ads:91:12

 info: range check proved
--> mj-adhesion.ads:91:47

 info: data dependencies proved
--> mj-adhesion.ads:92:29

 info: range check proved
--> mj-adhesion.ads:94:91

 info: postcondition proved
--> mj-adhesion.ads:95:15

 info: range check proved
--> mj-adhesion.ads:95:43

 info: float overflow check proved
--> mj-adhesion.ads:95:49

 info: data dependencies proved
--> mj-adhesion.ads:98:23

 info: range check proved
--> mj-adhesion.ads:100:81

 info: precondition proved
--> mj-adhesion.ads:101:14

 info: postcondition proved
--> mj-adhesion.ads:101:14

 info: overflow check proved
--> mj-adhesion.ads:101:39

 info: precondition proved
--> mj-adhesion.ads:101:45

 info: precondition proved
--> mj-adhesion.ads:101:50

 info: index check proved
--> mj-adhesion.ads:101:79

 info: index check proved
--> mj-adhesion.ads:101:85

 info: float overflow check proved
--> mj-adhesion.ads:101:89

 info: range check proved
--> mj-adhesion.ads:101:89

 info: index check proved
--> mj-adhesion.ads:101:92

 info: data dependencies proved
--> mj-adhesion.ads:103:23

 info: range check proved
--> mj-adhesion.ads:105:89

 info: precondition proved
--> mj-adhesion.ads:106:14

 info: postcondition proved
--> mj-adhesion.ads:106:14

 info: overflow check proved
--> mj-adhesion.ads:106:45

 info: index check proved
--> mj-adhesion.ads:107:25

 info: index check proved
--> mj-adhesion.ads:107:53

 info: precondition proved
--> mj-adhesion.ads:108:10

 info: precondition proved
--> mj-adhesion.ads:108:15

 info: index check proved
--> mj-adhesion.ads:108:50

 info: index check proved
--> mj-adhesion.ads:108:56

 info: precondition proved
--> mj-adhesion.ads:109:14

 info: implicit aspect Always_Terminates on "Active_Column" has been proved, subprogram will terminate
--> mj-adhesion.ads:110:13

 info: data dependencies proved
--> mj-adhesion.ads:111:21

 info: postcondition proved
--> mj-adhesion.ads:114:25

 info: precondition proved
--> mj-adhesion.ads:114:48

 info: range check proved
--> mj-adhesion.ads:114:69

 info: implicit aspect Always_Terminates on "Gap_Column" has been proved, subprogram will terminate
--> mj-adhesion.ads:115:13

 info: data dependencies proved
--> mj-adhesion.ads:116:21

 info: postcondition proved
--> mj-adhesion.ads:119:25

 info: precondition proved
--> mj-adhesion.ads:119:45

 info: range check proved
--> mj-adhesion.ads:119:73

 info: implicit aspect Always_Terminates on "Normalized" has been proved, subprogram will terminate
--> mj-adhesion.ads:120:13

 info: float overflow check proved
--> mj-adhesion.ads:121:42

 info: float overflow check proved
--> mj-adhesion.ads:121:49

 info: range check proved
--> mj-adhesion.ads:121:49

 info: division check proved
--> mj-adhesion.ads:121:57

 info: float overflow check proved
--> mj-adhesion.ads:121:57

 info: range check proved
--> mj-adhesion.ads:121:65

 info: data dependencies proved
--> mj-adhesion.ads:122:29

 info: implicit aspect Always_Terminates on "Normalize" has been proved, subprogram will terminate
--> mj-adhesion.ads:123:13

 info: data dependencies proved
--> mj-adhesion.ads:124:07

 info: postcondition proved
--> mj-adhesion.ads:124:42

 info: data dependencies proved
--> mj-adhesion.ads:126:24

 info: postcondition proved
--> mj-adhesion.ads:127:15

 info: data dependencies proved
--> mj-adhesion.ads:129:24

 info: range check proved
--> mj-adhesion.ads:132:53

 info: precondition proved
--> mj-adhesion.ads:133:15

 info: postcondition proved
--> mj-adhesion.ads:133:15

 info: precondition proved
--> mj-adhesion.ads:133:43

 info: implicit aspect Always_Terminates on "Column_For" has been proved, subprogram will terminate
--> mj-adhesion.ads:135:13

 info: data dependencies proved
--> mj-adhesion.ads:136:76

 info: postcondition proved
--> mj-adhesion.ads:141:26

 info: precondition proved
--> mj-adhesion.ads:142:10

 info: range check proved
--> mj-adhesion.ads:142:31

 info: precondition proved
--> mj-adhesion.ads:142:40

 info: range check proved
--> mj-adhesion.ads:142:72

 info: data dependencies proved
--> mj-adhesion.ads:144:60

 info: range check proved
--> mj-adhesion.ads:146:45

 info: postcondition proved
--> mj-adhesion.ads:150:26

 info: initialization check proved
--> mj-adhesion.ads:151:09

 info: index check proved
--> mj-adhesion.ads:151:17

 info: precondition proved
--> mj-adhesion.ads:152:12

 info: precondition proved
--> mj-adhesion.ads:152:27

 info: range check proved
--> mj-adhesion.ads:152:61

 info: range check proved
--> mj-adhesion.ads:152:74

 info: range check proved
--> mj-adhesion.ads:152:78

 info: precondition proved
--> mj-adhesion.ads:153:12

 info: range check proved
--> mj-adhesion.ads:153:41

 info: range check proved
--> mj-adhesion.ads:153:46

 info: precondition proved
--> mj-adhesion.ads:153:56

 info: range check proved
--> mj-adhesion.ads:153:87

 info: data dependencies proved
--> mj-adhesion.ads:155:12

 info: postcondition proved
--> mj-adhesion.ads:156:26

 info: initialization check proved
--> mj-adhesion.ads:156:89

 info: index check proved
--> mj-adhesion.ads:156:102

 info: float overflow check proved
--> mj-adhesion.ads:156:113

 info: index check proved
--> mj-adhesion.ads:156:123
