Phase 1 of 3: generation of data representation information ...
Phase 2 of 3: generation of Global contracts ...
Phase 3 of 3: flow analysis and proof ...
Success: all checks proved (7 checks).
Summary logged in /var/tmp/sparkling-constrained-acceptance-proof/Accumulate_Force/validation/obj/gnatprove/gnatprove.out
guarded: elapsed 3.7 s, peak group RSS 124 MB
 info: float overflow check proved
--> mj-constrained_kernels.adb:8:16

 info: float overflow check proved
--> mj-constrained_kernels.adb:8:27

 info: implicit aspect Always_Terminates on "Accumulate_Force" has been proved, subprogram will terminate
--> mj-constrained_kernels.ads:12:13

 info: data dependencies proved
--> mj-constrained_kernels.ads:13:11

 info: postcondition proved
--> mj-constrained_kernels.ads:14:14

 info: float overflow check proved
--> mj-constrained_kernels.ads:14:49

 info: float overflow check proved
--> mj-constrained_kernels.ads:14:60
