Phase 1 of 3: generation of data representation information ...
Phase 2 of 3: generation of Global contracts ...
Phase 3 of 3: flow analysis and proof ...
Success: all checks proved (13 checks).
Summary logged in /var/tmp/sparkling-constrained-acceptance-proof/Frame_Component/validation/obj/gnatprove/gnatprove.out
guarded: elapsed 5.4 s, peak group RSS 129 MB
 info: float overflow check proved
--> mj-constrained_kernels.adb:6:10

 info: float overflow check proved
--> mj-constrained_kernels.adb:6:14

 info: float overflow check proved
--> mj-constrained_kernels.adb:6:18

 info: float overflow check proved
--> mj-constrained_kernels.adb:6:23

 info: float overflow check proved
--> mj-constrained_kernels.adb:6:27

 info: implicit aspect Always_Terminates on "Frame_Component" has been proved, subprogram will terminate
--> mj-constrained_kernels.ads:9:13

 info: data dependencies proved
--> mj-constrained_kernels.ads:10:11

 info: postcondition proved
--> mj-constrained_kernels.ads:11:14

 info: float overflow check proved
--> mj-constrained_kernels.ads:11:42

 info: float overflow check proved
--> mj-constrained_kernels.ads:11:46

 info: float overflow check proved
--> mj-constrained_kernels.ads:11:50

 info: float overflow check proved
--> mj-constrained_kernels.ads:11:55

 info: float overflow check proved
--> mj-constrained_kernels.ads:11:59
