Phase 1 of 3: generation of data representation information ...
Phase 2 of 3: generation of Global contracts ...
Phase 3 of 3: flow analysis and proof ...
 info: implicit aspect Always_Terminates on "Valid_Dot" has been proved, subprogram will terminate
--> mj-cholesky_models.ads:10:13

 info: range check proved
--> mj-cholesky_models.ads:14:23

 info: range check proved
--> mj-cholesky_models.ads:14:47

 info: range check proved
--> mj-cholesky_models.ads:15:26

 info: overflow check proved
--> mj-cholesky_models.ads:15:34

 info: range check proved
--> mj-cholesky_models.ads:15:58

 info: overflow check proved
--> mj-cholesky_models.ads:15:66

 info: overflow check proved
--> mj-cholesky_models.ads:16:39

 info: index check proved
--> mj-cholesky_models.ads:16:57

 info: overflow check proved
--> mj-cholesky_models.ads:17:39

 info: index check proved
--> mj-cholesky_models.ads:17:57

 info: data dependencies proved
--> mj-cholesky_models.ads:18:11

 info: data dependencies proved
--> mj-cholesky_models.ads:20:28

 info: postcondition proved
--> mj-cholesky_models.ads:22:14

 info: implicit aspect Always_Terminates on "Model_Add" has been proved, subprogram will terminate
--> mj-cholesky_models.ads:24:13

 info: float overflow check proved
--> mj-cholesky_models.ads:25:11

 info: data dependencies proved
--> mj-cholesky_models.ads:25:24

 info: range check proved
--> mj-cholesky_models.ads:27:34

 info: float overflow check proved
--> mj-cholesky_models.ads:27:41

 info: postcondition proved
--> mj-cholesky_models.ads:29:14

 info: float overflow check proved
--> mj-cholesky_models.ads:29:37

 info: range check proved
--> mj-cholesky_models.ads:30:53

 info: float overflow check proved
--> mj-cholesky_models.ads:30:58

 info: implicit aspect Always_Terminates on "Lane_Sum" has been proved, subprogram will terminate
--> mj-cholesky_models.ads:33:13

 info: precondition proved
--> mj-cholesky_models.ads:36:09

 info: range check proved
--> mj-cholesky_models.ads:36:09

 info: precondition proved
--> mj-cholesky_models.ads:36:20

 info: subprogram variant proved
--> mj-cholesky_models.ads:36:20

 info: range check proved
--> mj-cholesky_models.ads:36:50

 info: range check proved
--> mj-cholesky_models.ads:37:29

 info: overflow check proved
--> mj-cholesky_models.ads:37:35

 info: overflow check proved
--> mj-cholesky_models.ads:37:53

 info: index check proved
--> mj-cholesky_models.ads:37:53

 info: range check proved
--> mj-cholesky_models.ads:38:29

 info: overflow check proved
--> mj-cholesky_models.ads:38:35

 info: overflow check proved
--> mj-cholesky_models.ads:38:53

 info: index check proved
--> mj-cholesky_models.ads:38:53

 info: range check proved
--> mj-cholesky_models.ads:38:66

 info: data dependencies proved
--> mj-cholesky_models.ads:39:28

 info: postcondition proved
--> mj-cholesky_models.ads:41:25

 info: range check proved
--> mj-cholesky_models.ads:41:54

 info: float overflow check proved
--> mj-cholesky_models.ads:41:61

 info: overflow check proved
--> mj-cholesky_models.ads:42:43

 info: index check proved
--> mj-cholesky_models.ads:42:60

 info: data dependencies proved
--> mj-cholesky_models.ads:47:28

 info: range check proved
--> mj-cholesky_models.ads:49:44

 info: precondition proved
--> mj-cholesky_models.ads:50:14

 info: postcondition proved
--> mj-cholesky_models.ads:50:14

 info: range check proved
--> mj-cholesky_models.ads:50:44

 info: precondition proved
--> mj-cholesky_models.ads:51:08

 info: float overflow check proved
--> mj-cholesky_models.ads:52:08

 info: range check proved
--> mj-cholesky_models.ads:52:19

 info: overflow check proved
--> mj-cholesky_models.ads:52:25

 info: overflow check proved
--> mj-cholesky_models.ads:52:37

 info: index check proved
--> mj-cholesky_models.ads:52:37

 info: range check proved
--> mj-cholesky_models.ads:52:43

 info: overflow check proved
--> mj-cholesky_models.ads:52:49

 info: overflow check proved
--> mj-cholesky_models.ads:52:61

 info: index check proved
--> mj-cholesky_models.ads:52:61

 info: implicit aspect Always_Terminates on "Tail" has been proved, subprogram will terminate
--> mj-cholesky_models.ads:54:13

 info: division check proved
--> mj-cholesky_models.ads:56:18

 info: range check proved
--> mj-cholesky_models.ads:57:29

 info: overflow check proved
--> mj-cholesky_models.ads:57:35

 info: index check proved
--> mj-cholesky_models.ads:57:43

 info: range check proved
--> mj-cholesky_models.ads:57:49

 info: overflow check proved
--> mj-cholesky_models.ads:57:55

 info: index check proved
--> mj-cholesky_models.ads:57:63

 info: float overflow check proved
--> mj-cholesky_models.ads:58:20

 info: range check proved
--> mj-cholesky_models.ads:58:31

 info: overflow check proved
--> mj-cholesky_models.ads:58:37

 info: index check proved
--> mj-cholesky_models.ads:58:45

 info: range check proved
--> mj-cholesky_models.ads:58:51

 info: overflow check proved
--> mj-cholesky_models.ads:58:57

 info: index check proved
--> mj-cholesky_models.ads:58:65

 info: float overflow check proved
--> mj-cholesky_models.ads:59:20

 info: range check proved
--> mj-cholesky_models.ads:59:20

 info: range check proved
--> mj-cholesky_models.ads:59:31

 info: overflow check proved
--> mj-cholesky_models.ads:59:37

 info: index check proved
--> mj-cholesky_models.ads:59:45

 info: range check proved
--> mj-cholesky_models.ads:59:51

 info: overflow check proved
--> mj-cholesky_models.ads:59:57

 info: index check proved
--> mj-cholesky_models.ads:59:65

 info: range check proved
--> mj-cholesky_models.ads:60:28

 info: overflow check proved
--> mj-cholesky_models.ads:60:34

 info: index check proved
--> mj-cholesky_models.ads:60:42

 info: range check proved
--> mj-cholesky_models.ads:60:48

 info: overflow check proved
--> mj-cholesky_models.ads:60:54

 info: index check proved
--> mj-cholesky_models.ads:60:62

 info: float overflow check proved
--> mj-cholesky_models.ads:61:20

 info: range check proved
--> mj-cholesky_models.ads:61:20

 info: range check proved
--> mj-cholesky_models.ads:61:31

 info: overflow check proved
--> mj-cholesky_models.ads:61:37

 info: index check proved
--> mj-cholesky_models.ads:61:45

 info: range check proved
--> mj-cholesky_models.ads:61:51

 info: overflow check proved
--> mj-cholesky_models.ads:61:57

 info: index check proved
--> mj-cholesky_models.ads:61:65

 info: range check proved
--> mj-cholesky_models.ads:62:28

 info: overflow check proved
--> mj-cholesky_models.ads:62:34

 info: index check proved
--> mj-cholesky_models.ads:62:42

 info: range check proved
--> mj-cholesky_models.ads:62:48

 info: overflow check proved
--> mj-cholesky_models.ads:62:54

 info: index check proved
--> mj-cholesky_models.ads:62:62

 info: data dependencies proved
--> mj-cholesky_models.ads:64:11

 info: postcondition proved
--> mj-cholesky_models.ads:66:25

 info: overflow check proved
--> mj-cholesky_models.ads:67:43

 info: index check proved
--> mj-cholesky_models.ads:67:58

 info: implicit aspect Always_Terminates on "Combine" has been proved, subprogram will terminate
--> mj-cholesky_models.ads:69:13

 info: float overflow check proved
--> mj-cholesky_models.ads:70:12

 info: float overflow check proved
--> mj-cholesky_models.ads:70:18

 info: float overflow check proved
--> mj-cholesky_models.ads:70:24

 info: float overflow check proved
--> mj-cholesky_models.ads:70:31

 info: data dependencies proved
--> mj-cholesky_models.ads:70:41

 info: postcondition proved
--> mj-cholesky_models.ads:71:14

 info: float overflow check proved
--> mj-cholesky_models.ads:71:35

 info: float overflow check proved
--> mj-cholesky_models.ads:71:39

 info: float overflow check proved
--> mj-cholesky_models.ads:71:43

 info: float overflow check proved
--> mj-cholesky_models.ads:71:48

 info: implicit aspect Always_Terminates on "Dot_Value" has been proved, subprogram will terminate
--> mj-cholesky_models.ads:73:13

 info: precondition proved
--> mj-cholesky_models.ads:75:09

 info: division check proved
--> mj-cholesky_models.ads:75:39

 info: float overflow check proved
--> mj-cholesky_models.ads:76:08

 info: precondition proved
--> mj-cholesky_models.ads:76:10

 info: division check proved
--> mj-cholesky_models.ads:76:40

 info: float overflow check proved
--> mj-cholesky_models.ads:77:08

 info: precondition proved
--> mj-cholesky_models.ads:77:11

 info: division check proved
--> mj-cholesky_models.ads:77:41

 info: float overflow check proved
--> mj-cholesky_models.ads:78:08

 info: precondition proved
--> mj-cholesky_models.ads:78:10

 info: division check proved
--> mj-cholesky_models.ads:78:40

 info: float overflow check proved
--> mj-cholesky_models.ads:79:08

 info: precondition proved
--> mj-cholesky_models.ads:79:10

 info: data dependencies proved
--> mj-cholesky_models.ads:80:28

 info: postcondition proved
--> mj-cholesky_models.ads:82:25

 info: overflow check proved
--> mj-cholesky_models.ads:83:43

 info: index check proved
--> mj-cholesky_models.ads:83:58

 info: data dependencies proved
--> mj-cholesky_models.ads:86:28

 info: precondition proved
--> mj-cholesky_models.ads:88:25

 info: division check proved
--> mj-cholesky_models.ads:88:54

 info: precondition proved
--> mj-cholesky_models.ads:89:25

 info: division check proved
--> mj-cholesky_models.ads:89:54

 info: precondition proved
--> mj-cholesky_models.ads:90:25

 info: division check proved
--> mj-cholesky_models.ads:90:54

 info: precondition proved
--> mj-cholesky_models.ads:91:25

 info: division check proved
--> mj-cholesky_models.ads:91:54

 info: postcondition proved
--> mj-cholesky_models.ads:92:14

 info: precondition proved
--> mj-cholesky_models.ads:92:51

 info: precondition proved
--> mj-cholesky_models.ads:93:10
Success: all checks proved (147 checks).
Summary logged in /mnt/c/Users/Chello/Desktop/Sparkling Mujoco/experimental/cholesky/results/proofs/current-20260930-zero-models/obj/gnatprove/gnatprove.out
