Phase 1 of 3: generation of data representation information ...
Phase 2 of 3: generation of Global contracts ...
Phase 3 of 3: flow analysis and proof ...
 info: initialization of "Result" proved
--> mj-contact_incidence.adb:66:29

 info: data dependencies proved
--> mj-contact_incidence.adb:67:11

 info: overflow check proved
--> mj-contact_incidence.adb:69:41

 info: overflow check proved
--> mj-contact_incidence.adb:70:45

 info: postcondition proved
--> mj-contact_incidence.adb:71:16

 info: index check proved
--> mj-contact_incidence.adb:77:60

 info: index check proved
--> mj-contact_incidence.adb:77:77

 info: range check proved
--> mj-contact_incidence.adb:78:20

 info: range check proved
--> mj-contact_incidence.adb:78:52

 info: index check proved
--> mj-contact_incidence.adb:80:50

 info: index check proved
--> mj-contact_incidence.adb:80:65

 info: precondition proved
--> mj-contact_incidence.adb:81:14

 info: precondition proved
--> mj-contact_incidence.adb:81:41

 info: precondition proved
--> mj-contact_incidence.adb:82:45

 info: index check proved
--> mj-contact_incidence.adb:83:30

 info: index check proved
--> mj-contact_incidence.adb:83:46

 info: initialization of "Position" proved
--> mj-contact_incidence.adb:86:07

 info: index check proved
--> mj-contact_incidence.adb:89:16

 info: range check proved
--> mj-contact_incidence.adb:89:27

 info: index check proved
--> mj-contact_incidence.adb:89:45

 info: loop invariant preservation proved
--> mj-contact_incidence.adb:91:33

 info: loop invariant initialization proved
--> mj-contact_incidence.adb:91:33

 info: loop invariant initialization proved
--> mj-contact_incidence.adb:92:33

 info: loop invariant preservation proved
--> mj-contact_incidence.adb:92:33

 info: index check proved
--> mj-contact_incidence.adb:92:42

 info: index check proved
--> mj-contact_incidence.adb:92:73

 info: overflow check proved
--> mj-contact_incidence.adb:92:87

 info: loop invariant preservation proved
--> mj-contact_incidence.adb:93:33

 info: loop invariant initialization proved
--> mj-contact_incidence.adb:93:33

 info: index check proved
--> mj-contact_incidence.adb:93:41

 info: precondition proved
--> mj-contact_incidence.adb:93:51

 info: overflow check proved
--> mj-contact_incidence.adb:93:74

 info: overflow check proved
--> mj-contact_incidence.adb:93:87

 info: loop invariant initialization proved
--> mj-contact_incidence.adb:94:33

 info: loop invariant preservation proved
--> mj-contact_incidence.adb:94:33

 info: index check proved
--> mj-contact_incidence.adb:94:73

 info: index check proved
--> mj-contact_incidence.adb:94:97

 info: loop invariant preservation proved
--> mj-contact_incidence.adb:95:33

 info: loop invariant initialization proved
--> mj-contact_incidence.adb:95:33

 info: range check proved
--> mj-contact_incidence.adb:95:34

 info: range check proved
--> mj-contact_incidence.adb:95:66

 info: loop invariant preservation proved
--> mj-contact_incidence.adb:96:33

 info: loop invariant initialization proved
--> mj-contact_incidence.adb:96:33

 info: index check proved
--> mj-contact_incidence.adb:97:20

 info: overflow check proved
--> mj-contact_incidence.adb:97:46

 info: index check proved
--> mj-contact_incidence.adb:98:29

 info: index check proved
--> mj-contact_incidence.adb:98:54

 info: index check proved
--> mj-contact_incidence.adb:98:56

 info: index check proved
--> mj-contact_incidence.adb:99:29

 info: index check proved
--> mj-contact_incidence.adb:99:67

 info: index check proved
--> mj-contact_incidence.adb:99:69

 info: overflow check proved
--> mj-contact_incidence.adb:99:84

 info: overflow check proved
--> mj-contact_incidence.adb:100:52

 info: index check proved
--> mj-contact_incidence.adb:100:52

 info: index check proved
--> mj-contact_incidence.adb:100:71

 info: overflow check proved
--> mj-contact_incidence.adb:101:52

 info: index check proved
--> mj-contact_incidence.adb:104:21

 info: range check proved
--> mj-contact_incidence.adb:104:39

 info: range check proved
--> mj-contact_incidence.adb:104:57

 info: overflow check proved
--> mj-contact_incidence.adb:104:80

 info: index check proved
--> mj-contact_incidence.adb:105:21

 info: overflow check proved
--> mj-contact_incidence.adb:105:36

 info: range check proved
--> mj-contact_incidence.adb:105:36

 info: precondition proved
--> mj-contact_incidence.adb:109:41

 info: range check proved
--> mj-contact_incidence.adb:110:13

 info: index check proved
--> mj-contact_incidence.adb:110:29

 info: index check proved
--> mj-contact_incidence.adb:110:49

 info: index check proved
--> mj-contact_incidence.adb:110:65

 info: overflow check proved
--> mj-contact_incidence.adb:111:22

 info: assertion proved
--> mj-contact_incidence.adb:113:25
Success: all checks proved (70 checks).
Summary logged in /var/tmp/sparkling-meshmesh-proof11-20261001/Append_Vertex/validation/obj/gnatprove/gnatprove.out
guarded: elapsed 12.2 s, peak group RSS 270 MB
