Phase 1 of 3: generation of data representation information ...
Phase 2 of 3: generation of Global contracts ...
Phase 3 of 3: flow analysis and proof ...
 info: initialization of "N" proved
--> mj-convex_assets.adb:68:07

 info: initialization of "Edge_Start" proved
--> mj-convex_assets.adb:68:10

 info: initialization of "Last" proved
--> mj-convex_assets.adb:68:22

 info: initialization of "Slot" proved
--> mj-convex_assets.adb:68:28

 info: initialization of "C" proved
--> mj-convex_assets.adb:69:07

 info: range check proved
--> mj-convex_assets.adb:72:12

 info: index check proved
--> mj-convex_assets.adb:72:16

 info: overflow check proved
--> mj-convex_assets.adb:74:34

 info: overflow check proved
--> mj-convex_assets.adb:74:36

 info: overflow check proved
--> mj-convex_assets.adb:74:38

 info: overflow check proved
--> mj-convex_assets.adb:74:63

 info: range check proved
--> mj-convex_assets.adb:74:63

 info: precondition proved
--> mj-convex_assets.adb:76:15

 info: overflow check proved
--> mj-convex_assets.adb:76:38

 info: range check proved
--> mj-convex_assets.adb:76:38

 info: overflow check proved
--> mj-convex_assets.adb:76:55

 info: overflow check proved
--> mj-convex_assets.adb:76:57

 info: index check proved
--> mj-convex_assets.adb:76:57

 info: index check proved
--> mj-convex_assets.adb:78:18

 info: range check proved
--> mj-convex_assets.adb:78:24

 info: loop invariant preservation proved
--> mj-convex_assets.adb:79:33

 info: loop invariant initialization proved
--> mj-convex_assets.adb:79:33

 info: index check proved
--> mj-convex_assets.adb:80:20

 info: index check proved
--> mj-convex_assets.adb:81:29

 info: precondition proved
--> mj-convex_assets.adb:81:34

 info: overflow check proved
--> mj-convex_assets.adb:81:57

 info: range check proved
--> mj-convex_assets.adb:81:57

 info: overflow check proved
--> mj-convex_assets.adb:81:74

 info: overflow check proved
--> mj-convex_assets.adb:81:76

 info: index check proved
--> mj-convex_assets.adb:81:76

 info: loop invariant preservation proved
--> mj-convex_assets.adb:84:33

 info: loop invariant initialization proved
--> mj-convex_assets.adb:84:33

 info: index check proved
--> mj-convex_assets.adb:84:37

 info: loop invariant preservation proved
--> mj-convex_assets.adb:85:33

 info: overflow check proved
--> mj-convex_assets.adb:85:59

 info: overflow check proved
--> mj-convex_assets.adb:85:61

 info: overflow check proved
--> mj-convex_assets.adb:85:80

 info: overflow check proved
--> mj-convex_assets.adb:85:82

 info: overflow check proved
--> mj-convex_assets.adb:85:84

 medium: loop invariant might fail in first iteration, cannot prove G'Loop_Entry (J) in 0 .. Graph_Index_Base-1
--> mj-convex_assets.adb:86:12
   86 |               G'Loop_Entry (J) in 0 .. Graph_Index_Base-1);
      |               ^~~~~~~~~~~~~~~~~~~~~~~~~~~~~~~~~~~~~~~~~~~
      + provers gave up before completing the proof

 info: index check proved
--> mj-convex_assets.adb:86:26

 info: loop invariant preservation proved
--> mj-convex_assets.adb:87:33

 info: loop invariant initialization proved
--> mj-convex_assets.adb:87:33

 info: overflow check proved
--> mj-convex_assets.adb:88:34

 info: overflow check proved
--> mj-convex_assets.adb:88:36

 info: overflow check proved
--> mj-convex_assets.adb:88:55

 info: overflow check proved
--> mj-convex_assets.adb:88:57

 info: overflow check proved
--> mj-convex_assets.adb:88:59

 info: index check proved
--> mj-convex_assets.adb:89:40

 info: overflow check proved
--> mj-convex_assets.adb:89:74

 info: index check proved
--> mj-convex_assets.adb:89:74

 info: overflow check proved
--> mj-convex_assets.adb:89:89

 info: overflow check proved
--> mj-convex_assets.adb:89:91

 info: index check proved
--> mj-convex_assets.adb:89:147

 info: index check proved
--> mj-convex_assets.adb:90:21

 info: index check proved
--> mj-convex_assets.adb:90:40

 info: overflow check proved
--> mj-convex_assets.adb:91:31

 info: overflow check proved
--> mj-convex_assets.adb:91:33

 info: overflow check proved
--> mj-convex_assets.adb:91:35

 info: index check proved
--> mj-convex_assets.adb:92:13

 info: precondition proved
--> mj-convex_assets.adb:92:22

 info: index check proved
--> mj-convex_assets.adb:92:44

 info: range check proved
--> mj-convex_assets.adb:92:48

 info: index check proved
--> mj-convex_assets.adb:92:51

 info: data dependencies proved
--> mj-convex_assets.ads:54:11

 info: postcondition proved
--> mj-convex_assets.ads:55:16

 info: overflow check proved
--> mj-convex_assets.ads:59:36

 info: overflow check proved
--> mj-convex_assets.ads:59:38

 info: index check proved
--> mj-convex_assets.ads:59:47

 info: overflow check proved
--> mj-convex_assets.ads:59:77

 info: overflow check proved
--> mj-convex_assets.ads:59:79

 info: overflow check proved
--> mj-convex_assets.ads:59:81

 info: index check proved
--> mj-convex_assets.ads:59:90

 info: index check proved
--> mj-convex_assets.ads:60:42

 info: precondition proved
--> mj-convex_assets.ads:61:36

 info: overflow check proved
--> mj-convex_assets.ads:61:66

 info: overflow check proved
--> mj-convex_assets.ads:61:68

 info: overflow check proved
--> mj-convex_assets.ads:61:70

 info: index check proved
--> mj-convex_assets.ads:61:79

 info: overflow check proved
--> mj-convex_assets.ads:61:92

 info: range check proved
--> mj-convex_assets.ads:61:92

 info: overflow check proved
--> mj-convex_assets.ads:61:113

 info: overflow check proved
--> mj-convex_assets.ads:61:115

 info: index check proved
--> mj-convex_assets.ads:61:115

 info: overflow check proved
--> mj-convex_assets.ads:61:118

 info: overflow check proved
--> mj-convex_assets.ads:61:133

 info: overflow check proved
--> mj-convex_assets.ads:61:135

 info: index check proved
--> mj-convex_assets.ads:61:144

 info: overflow check proved
--> mj-convex_assets.ads:61:175

 info: range check proved
--> mj-convex_assets.ads:61:175

 info: index check proved
--> mj-convex_assets.ads:61:240

 info: index check proved
--> mj-convex_assets.ads:62:23

 info: index check proved
--> mj-convex_assets.ads:62:35
Summary logged in /var/tmp/sparkling-meshmesh-proof11-20261001/Compile_Degrees/validation/obj/gnatprove/gnatprove.out
gnatprove: unproved check messages considered as errors
guarded: elapsed 34.6 s, peak group RSS 326 MB
