Phase 1 of 3: generation of data representation information ...
Phase 2 of 3: generation of Global contracts ...
Phase 3 of 3: analysis of data and information flow ...
 info: implicit aspect Always_Terminates on "Disabled" has been proved, subprogram will terminate
--> mj-sdf_scene.adb:18:13

 info: initialization of "Proxies" proved
--> mj-sdf_scene.adb:27:07

 info: initialization of "F" proved
--> mj-sdf_scene.adb:28:07

 info: initialization of "Mesh" proved
--> mj-sdf_scene.adb:29:07

 info: initialization of "First" proved
--> mj-sdf_scene.adb:29:13

 info: initialization of "Length" proved
--> mj-sdf_scene.adb:29:20

 info: initialization of "H" proved
--> mj-sdf_scene.adb:30:07

 info: non-aliasing of formal parameters "S" and "O" proved
--> mj-sdf_scene.adb:191:38

 warning: this statement is never reached
--> mj-sdf_scene.adb:197:32
  197 |          when Constraint_Error => Release (S); Result := Invalid_Input;
      |                                   ^~~~~~~~~~

 warning: this statement is never reached
--> mj-sdf_scene.adb:197:52
  197 |          when Constraint_Error => Release (S); Result := Invalid_Input;
      |                                                ~~~~~~~^~~~~~~~~~~~~~~~

 warning: this statement is never reached
--> mj-sdf_scene.adb:198:29
  198 |          when Storage_Error => Release (S); Result := Capacity_Limit;
      |                                ^~~~~~~~~~

 warning: this statement is never reached
--> mj-sdf_scene.adb:198:49
  198 |          when Storage_Error => Release (S); Result := Capacity_Limit;
      |                                             ~~~~~~~^~~~~~~~~~~~~~~~~

 info: initialization of parts of "Raw" without Relaxed_Initialization proved
--> mj-sdf_scene.adb:203:07

 info: initialization of parts of "Full" without Relaxed_Initialization proved
--> mj-sdf_scene.adb:204:07

 info: initialization of "P" proved
--> mj-sdf_scene.adb:205:07

 info: initialization of "A" proved
--> mj-sdf_scene.adb:206:07

 info: initialization of "B" proved
--> mj-sdf_scene.adb:206:10

 info: initialization of "First" proved
--> mj-sdf_scene.adb:206:13

 info: initialization of "Second" proved
--> mj-sdf_scene.adb:206:20

 info: initialization of "Geoms" proved
--> mj-sdf_scene.adb:207:07

 info: non-aliasing of formal parameters "S" and "Hits" proved
--> mj-sdf_scene.adb:211:43

 warning: "IDs" is set by "Triangles" but not used after the call
--> mj-sdf_scene.adb:226:64
  226 |                     SDF.Tree_Mesh, (S.Starts, S.Iterations), Raw, IDs, Result);
      |                                                                   ^~~

 info: non-aliasing of formal parameters "A" and "W" proved
--> mj-sdf_scene.adb:239:46

 info: non-aliasing of formal parameters "B" and "W" proved
--> mj-sdf_scene.adb:239:59

 info: non-aliasing of formal parameters "V" and "W" proved
--> mj-sdf_scene.adb:241:26

 info: non-aliasing of formal parameters "F" and "W" proved
--> mj-sdf_scene.adb:241:40

 info: non-aliasing of formal parameters "O" and "W" proved
--> mj-sdf_scene.adb:242:16

 warning: this statement is never reached
--> mj-sdf_scene.adb:253:39
  253 |          when Constraint_Error => Length := 0; Result := Numeric_Limit;
      |                                   ~~~~~~~^~~~

 warning: this statement is never reached
--> mj-sdf_scene.adb:253:52
  253 |          when Constraint_Error => Length := 0; Result := Numeric_Limit;
      |                                                ~~~~~~~^~~~~~~~~~~~~~~~

 info: implicit aspect Always_Terminates on "Initialized" has been proved, subprogram will terminate
--> mj-sdf_scene.ads:18:13

 info: data dependencies proved
--> mj-sdf_scene.ads:18:57

 info: initialization of "Result" proved
--> mj-sdf_scene.ads:19:59

 info: initialization of "Length" proved
--> mj-sdf_scene.ads:25:24

 info: initialization of "Result" proved
--> mj-sdf_scene.ads:25:46
Success: all checks proved (27 checks).
Summary logged in /var/tmp/sparkling-recovery-sdf-proof3-20261002/scene-flow/validation/obj/gnatprove/gnatprove.out
guarded: elapsed 19.0 s, peak group RSS 102 MB
