Phase 1 of 3: generation of data representation information ...
Phase 2 of 3: generation of Global contracts ...
Phase 3 of 3: analysis of data and information flow ...
 info: initialization of "S" proved
--> mj-data-constrained-sdf.adb:21:07

 warning: unused assignment, in call inlined at mj-data-constrained-sdf.adb:65
--> mj-data-constrained-sdf.adb:30:18
   30 |             Changed := 0;
      |             ~~~~~~~~^~~~

 info: analyzing call to "Restore" in context
--> mj-data-constrained-sdf.adb:65:07

 info: analyzing call to "Restore" in context
--> mj-data-constrained-sdf.adb:69:10

 warning: this statement is never reached
--> mj-data-constrained-sdf.adb:69:31
   69 |             Restore; MJ.SDF_Scene.Release (E.Scene);
      |                      ~~~~~~~~~~~~^~~~~~~~~~~~~~~~~

 warning: this statement is never reached
--> mj-data-constrained-sdf.adb:70:21
   70 |             Constrained.Free (E.Base, Result); Result := Invalid_Model;
      |             ~~~~~~~~~~~^~~~~~~~~~~~~~~~~~~~~

 warning: this statement is never reached
--> mj-data-constrained-sdf.adb:70:52
   70 |             Constrained.Free (E.Base, Result); Result := Invalid_Model;
      |                                                ~~~~~~~^~~~~~~~~~~~~~~~

 info: analyzing call to "Restore" in context
--> mj-data-constrained-sdf.adb:71:22

 warning: this statement is never reached
--> mj-data-constrained-sdf.adb:71:43
   71 |          when others => Restore; MJ.SDF_Scene.Release (E.Scene); raise;
      |                                  ~~~~~~~~~~~~^~~~~~~~~~~~~~~~~

 info: initialization of "Poses" proved
--> mj-data-constrained-sdf.adb:89:07

 info: initialization of "S" proved
--> mj-data-constrained-sdf.adb:90:07

 info: non-aliasing of formal parameters "S" and "Contacts" proved
--> mj-data-constrained-sdf.adb:99:31

 info: non-aliasing of formal parameters "S" and "Length" proved
--> mj-data-constrained-sdf.adb:99:31

 info: non-aliasing of formal parameters "Contacts" and "Length" proved
--> mj-data-constrained-sdf.adb:99:52

 warning: this statement is never reached
--> mj-data-constrained-sdf.adb:110:47
  110 |          when Constraint_Error => E.Base.T.Valid := False; Result := Numeric_Limit;
      |                                   ~~~~~~~~~~~~~~~^~~~~~~~

 warning: this statement is never reached
--> mj-data-constrained-sdf.adb:110:64
  110 |          when Constraint_Error => E.Base.T.Valid := False; Result := Numeric_Limit;
      |                                                            ~~~~~~~^~~~~~~~~~~~~~~~

 info: implicit aspect Always_Terminates on "Ready" has been proved, subprogram will terminate
--> mj-data-constrained-sdf.ads:5:13

 info: data dependencies proved
--> mj-data-constrained-sdf.ads:5:52

 info: implicit aspect Always_Terminates on "State" has been proved, subprogram will terminate
--> mj-data-constrained-sdf.ads:6:13

 info: data dependencies proved
--> mj-data-constrained-sdf.ads:6:55

 info: implicit aspect Always_Terminates on "Complete_State" has been proved, subprogram will terminate
--> mj-data-constrained-sdf.ads:7:13

 info: data dependencies proved
--> mj-data-constrained-sdf.ads:7:64

 info: implicit aspect Always_Terminates on "Diagnostics" has been proved, subprogram will terminate
--> mj-data-constrained-sdf.ads:8:13

 info: data dependencies proved
--> mj-data-constrained-sdf.ads:8:56

 info: implicit aspect Always_Terminates on "Contacts" has been proved, subprogram will terminate
--> mj-data-constrained-sdf.ads:9:13

 info: implicit aspect Always_Terminates on "Activation_Count" has been proved, subprogram will terminate
--> mj-data-constrained-sdf.ads:10:13

 info: data dependencies proved
--> mj-data-constrained-sdf.ads:10:63

 info: implicit aspect Always_Terminates on "Activation_Values" has been proved, subprogram will terminate
--> mj-data-constrained-sdf.ads:11:13

 info: data dependencies proved
--> mj-data-constrained-sdf.ads:11:67

 info: implicit aspect Always_Terminates on "Activation_Rates" has been proved, subprogram will terminate
--> mj-data-constrained-sdf.ads:12:13

 info: data dependencies proved
--> mj-data-constrained-sdf.ads:12:66

 info: initialization of "Result" proved
--> mj-data-constrained-sdf.ads:13:69

 info: initialization of "Result" proved
--> mj-data-constrained-sdf.ads:16:39

 info: initialization of "Result" proved
--> mj-data-constrained-sdf.ads:19:50

 info: initialization of "Result" proved
--> mj-data-constrained-sdf.ads:20:72

 info: initialization of "Result" proved
--> mj-data-constrained-sdf.ads:21:83

 info: initialization of "Result" proved
--> mj-data-constrained-sdf.ads:22:89

 info: initialization of "Result" proved
--> mj-data-constrained-sdf.ads:24:43

 info: initialization of "Result" proved
--> mj-data-constrained-sdf.ads:27:39
Success: all checks proved (29 checks).
Summary logged in /var/tmp/sparkling-recovery-sdf-proof3-20261002/step-flow/validation/obj/gnatprove/gnatprove.out
guarded: elapsed 27.5 s, peak group RSS 148 MB
