Phase 1 of 3: generation of data representation information ...
Phase 2 of 3: generation of Global contracts ...
Phase 3 of 3: flow analysis and proof ...
 info: float overflow check proved
--> mj-plugin_protocol.adb:7:30

 info: range check proved
--> mj-plugin_protocol.adb:7:30

 info: range check proved
--> mj-plugin_protocol.adb:10:31

 info: initialization of "Accepted" proved
--> mj-plugin_protocol.ads:62:53

 info: data dependencies proved
--> mj-plugin_protocol.ads:63:11

 info: postcondition proved
--> mj-plugin_protocol.ads:64:14

 info: float overflow check proved
--> mj-plugin_protocol.ads:64:20

 info: float overflow check proved
--> mj-plugin_protocol.ads:64:64
Success: all checks proved (8 checks).
Summary logged in /var/tmp/sparkling-services-plugin-proof-add/proof/obj/gnatprove/gnatprove.out
guarded: elapsed 3.0 s, peak group RSS 132 MB
