Phase 1 of 3: generation of data representation information ...
Phase 2 of 3: generation of Global contracts ...
Phase 3 of 3: flow analysis and proof ...
 info: initialization of "X" proved
--> native_plugins.adb:6:07

 info: initialization of "A" proved
--> native_plugins.adb:7:07

 info: initialization of "Adr" proved
--> native_plugins.adb:7:10

 info: length check proved
--> native_plugins.adb:13:38

 info: index check proved
--> native_plugins.adb:15:28

 info: float overflow check proved
--> native_plugins.adb:15:31

 info: index check proved
--> native_plugins.adb:16:23

 info: range check proved
--> native_plugins.adb:16:29

 info: index check proved
--> native_plugins.adb:16:39

 info: index check proved
--> native_plugins.adb:16:57

 info: index check proved
--> native_plugins.adb:18:28

 info: float overflow check proved
--> native_plugins.adb:18:31

 info: index check proved
--> native_plugins.adb:18:84

 info: range check proved
--> native_plugins.adb:18:90

 info: index check proved
--> native_plugins.adb:20:28

 info: float overflow check proved
--> native_plugins.adb:20:31

 info: index check proved
--> native_plugins.adb:20:84

 info: range check proved
--> native_plugins.adb:20:90

 info: length check proved
--> native_plugins.adb:21:35

 info: float overflow check proved
--> native_plugins.adb:29:41

 info: float overflow check proved
--> native_plugins.adb:29:60

 info: float overflow check proved
--> native_plugins.adb:29:74

 info: float overflow check proved
--> native_plugins.adb:29:93

 info: range check proved
--> native_plugins.adb:30:77

 info: range check proved
--> native_plugins.adb:33:31

 info: range check proved
--> native_plugins.adb:36:37

 info: float overflow check proved
--> native_plugins.adb:38:38

 info: index check proved
--> native_plugins.adb:39:37

 info: range check proved
--> native_plugins.adb:39:47

 info: index check proved
--> native_plugins.adb:39:81

 info: index check proved
--> native_plugins.adb:40:69

 info: range check proved
--> native_plugins.adb:40:75

 info: range check proved
--> native_plugins.adb:43:33

 info: overflow check proved
--> native_plugins.adb:44:23

 info: index check proved
--> native_plugins.adb:45:31

 info: overflow check proved
--> native_plugins.adb:45:70

 info: index check proved
--> native_plugins.adb:45:70

 info: overflow check proved
--> native_plugins.adb:46:35

 info: index check proved
--> native_plugins.adb:46:35

 info: overflow check proved
--> native_plugins.adb:46:74

 info: index check proved
--> native_plugins.adb:46:74

 info: range check proved
--> native_plugins.adb:51:25

 info: index check proved
--> native_plugins.adb:52:26

 info: float overflow check proved
--> native_plugins.adb:54:27

 info: range check proved
--> native_plugins.adb:55:68

 info: range check proved
--> native_plugins.adb:58:59

 warning: unused variable "Instance"
--> native_plugins.ads:5:36
    5 |         (H : Hook; Kind : Capability; Instance : Natural; C : Configuration;
      |                                       ^~~~~~~~

 info: initialization of "Accepted" proved
--> native_plugins.ads:6:66

 info: data dependencies proved
--> native_plugins.ads:7:11

 info: postcondition proved
--> native_plugins.ads:8:14

 info: float overflow check proved
--> native_plugins.ads:9:53

 info: float overflow check proved
--> native_plugins.ads:9:72

 info: float overflow check proved
--> native_plugins.ads:10:10

 info: float overflow check proved
--> native_plugins.ads:10:29

 info: float overflow check proved
--> native_plugins.ads:12:40
Success: all checks proved (54 checks).
Summary logged in /var/tmp/sparkling-services-plugin-proof-callback3/proof/obj/gnatprove/gnatprove.out
guarded: elapsed 28.1 s, peak group RSS 225 MB
