Phase 1 of 3: generation of data representation information ...
Phase 2 of 3: generation of Global contracts ...
Phase 3 of 3: flow analysis and proof ...
 info: float overflow check proved
--> mj-plugin_protocol.adb:13:30

 info: range check proved
--> mj-plugin_protocol.adb:13:30

 info: range check proved
--> mj-plugin_protocol.adb:16:35

 info: initialization of "Accepted" proved
--> mj-plugin_protocol.ads:66:62

 info: data dependencies proved
--> mj-plugin_protocol.ads:67:11

 info: postcondition proved
--> mj-plugin_protocol.ads:68:14

 info: float overflow check proved
--> mj-plugin_protocol.ads:68:20

 info: float overflow check proved
--> mj-plugin_protocol.ads:68:68
Success: all checks proved (8 checks).
Summary logged in /var/tmp/sparkling-services-plugin-proof-multiply/proof/obj/gnatprove/gnatprove.out
guarded: elapsed 3.6 s, peak group RSS 132 MB
