Phase 1 of 3: generation of data representation information ...
Phase 2 of 3: generation of Global contracts ...
Phase 3 of 3: flow analysis and proof ...
 info: in instantiation at mj-plugin_runtime.adb:8
--> test_runtime.ads:4:01
      + cannot unroll loop (too many loop iterations) [info-unrolling-inlining]

 info: in instantiation at mj-plugin_runtime.adb:34
--> test_runtime.ads:4:01
      + cannot unroll loop (too many loop iterations) [info-unrolling-inlining]

 info: in instantiation at mj-plugin_runtime.adb:48
--> test_runtime.ads:4:01
      + cannot unroll loop (too many loop iterations) [info-unrolling-inlining]

 info: initialization of "Status" proved, in instantiation at test_runtime.ads:4
--> mj-plugin_runtime.ads:18:78

 info: data dependencies proved, in instantiation at test_runtime.ads:4
--> mj-plugin_runtime.ads:19:11

 info: postcondition proved, in instantiation at test_runtime.ads:4
--> mj-plugin_runtime.ads:20:15

 info: range check proved, in instantiation at test_runtime.ads:4
--> mj-plugin_runtime.ads:21:53

 info: initialization of "Status" proved, in instantiation at test_runtime.ads:4
--> mj-plugin_runtime.ads:22:51

 info: data dependencies proved, in instantiation at test_runtime.ads:4
--> mj-plugin_runtime.ads:23:11

 info: postcondition proved, in instantiation at test_runtime.ads:4
--> mj-plugin_runtime.ads:23:35

 info: initialization of "Status" proved, in instantiation at test_runtime.ads:4
--> mj-plugin_runtime.ads:24:52

 info: data dependencies proved, in instantiation at test_runtime.ads:4
--> mj-plugin_runtime.ads:25:11

 info: postcondition proved, in instantiation at test_runtime.ads:4
--> mj-plugin_runtime.ads:26:14

 info: initialization of "Status" proved, in instantiation at test_runtime.ads:4
--> mj-plugin_runtime.ads:29:72

 info: data dependencies proved, in instantiation at test_runtime.ads:4
--> mj-plugin_runtime.ads:30:11

 info: postcondition proved, in instantiation at test_runtime.ads:4
--> mj-plugin_runtime.ads:31:15

 info: initialization of "Status" proved, in instantiation at test_runtime.ads:4
--> mj-plugin_runtime.ads:35:54

 info: data dependencies proved, in instantiation at test_runtime.ads:4
--> mj-plugin_runtime.ads:36:11

 info: postcondition proved, in instantiation at test_runtime.ads:4
--> mj-plugin_runtime.ads:38:14

 info: initialization of "Status" proved, in instantiation at test_runtime.ads:4
--> mj-plugin_runtime.ads:44:82

 info: data dependencies proved, in instantiation at test_runtime.ads:4
--> mj-plugin_runtime.ads:45:11

 info: postcondition proved, in instantiation at test_runtime.ads:4
--> mj-plugin_runtime.ads:46:14

 info: initialization of "Accepted" proved, in instantiation at test_runtime.ads:4
--> mj-plugin_runtime.ads:53:50

 info: data dependencies proved, in instantiation at test_runtime.ads:4
--> mj-plugin_runtime.ads:54:11

 info: postcondition proved, in instantiation at test_runtime.ads:4
--> mj-plugin_runtime.ads:55:14

 info: range check proved, in instantiation at test_runtime.ads:4
--> mj-plugin_runtime.adb:4:43

 warning: initialization of "S" has no effect, in instantiation at test_runtime.ads:4
--> mj-plugin_runtime.adb:5:07
    5 |          S : Values (0 .. Integer (N) - 1) := [others => 0.0];
      |          ^~~~~~~~~~~~~~~~~~~~~~~~~~~~~~~~~~~~~~~~~~~~~~~~~

 info: range check proved, in instantiation at test_runtime.ads:4
--> mj-plugin_runtime.adb:5:07

 info: length check proved, in instantiation at test_runtime.ads:4
--> mj-plugin_runtime.adb:5:44

 info: index check proved, in instantiation at test_runtime.ads:4
--> mj-plugin_runtime.adb:8:32

 info: index check proved, in instantiation at test_runtime.ads:4
--> mj-plugin_runtime.adb:8:51

 info: loop invariant initialization proved, in instantiation at test_runtime.ads:4
--> mj-plugin_runtime.adb:12:33

 info: loop invariant preservation proved, in instantiation at test_runtime.ads:4
--> mj-plugin_runtime.adb:12:33

 info: loop invariant initialization proved, in instantiation at test_runtime.ads:4
--> mj-plugin_runtime.adb:14:33

 info: loop invariant preservation proved, in instantiation at test_runtime.ads:4
--> mj-plugin_runtime.adb:14:33

 info: loop invariant initialization proved, in instantiation at test_runtime.ads:4
--> mj-plugin_runtime.adb:16:33

 info: loop invariant preservation proved, in instantiation at test_runtime.ads:4
--> mj-plugin_runtime.adb:16:33

 info: index check proved, in instantiation at test_runtime.ads:4
--> mj-plugin_runtime.adb:18:23

 info: index check proved, in instantiation at test_runtime.ads:4
--> mj-plugin_runtime.adb:18:32

 info: initialization of "Candidate" proved, in instantiation at test_runtime.ads:4
--> mj-plugin_runtime.adb:23:07

 info: initialization of "Ok" proved, in instantiation at test_runtime.ads:4
--> mj-plugin_runtime.adb:24:07

 info: range check proved, in instantiation at test_runtime.ads:4
--> mj-plugin_runtime.adb:28:32

 info: loop invariant preservation proved, in instantiation at test_runtime.ads:4
--> mj-plugin_runtime.adb:30:33

 info: loop invariant initialization proved, in instantiation at test_runtime.ads:4
--> mj-plugin_runtime.adb:30:33

 info: range check proved, in instantiation at test_runtime.ads:4
--> mj-plugin_runtime.adb:30:57

 info: index check proved, in instantiation at test_runtime.ads:4
--> mj-plugin_runtime.adb:31:28

 info: range check proved, in instantiation at test_runtime.ads:4
--> mj-plugin_runtime.adb:32:27

 info: overflow check proved, in instantiation at test_runtime.ads:4
--> mj-plugin_runtime.adb:34:29

 warning: statement has no effect, in instantiation at test_runtime.ads:4
--> mj-plugin_runtime.adb:34:33
   34 |                for J in 0 .. I - 1 loop Call (Candidate, J, Destroy, Passive, F, Ok); end loop;
      |                                    ^

 warning: statement has no effect, in instantiation at test_runtime.ads:4
--> mj-plugin_runtime.adb:34:38
   34 |                for J in 0 .. I - 1 loop Call (Candidate, J, Destroy, Passive, F, Ok); end loop;
      |                                         ^~~~~~~~~~~~~~~~~~~~~~~~~~~~~~~~~~~~~~~~~~

 warning: "Candidate" is set by "Call" but not used after the call, in instantiation at test_runtime.ads:4
--> mj-plugin_runtime.adb:34:44
   34 |                for J in 0 .. I - 1 loop Call (Candidate, J, Destroy, Passive, F, Ok); end loop;
      |                                               ^

 info: range check proved, in instantiation at test_runtime.ads:4
--> mj-plugin_runtime.adb:34:55

 warning: "Ok" is set by "Call" but not used after the call, in instantiation at test_runtime.ads:4
--> mj-plugin_runtime.adb:34:79
   34 |                for J in 0 .. I - 1 loop Call (Candidate, J, Destroy, Passive, F, Ok); end loop;
      |                                                                                  ^

 warning: statement has no effect, in instantiation at test_runtime.ads:4
--> mj-plugin_runtime.adb:40:33
   40 |          if Status /= Success then Free (Candidate, F, Status); Status := Callback_Failure; return; end if;
      |                                    ^~~~~~~~~~~~~~~~~~~~~

 warning: "Candidate" is set by "Free" but not used after the call, in instantiation at test_runtime.ads:4
--> mj-plugin_runtime.adb:40:39
   40 |          if Status /= Success then Free (Candidate, F, Status); Status := Callback_Failure; return; end if;
      |                                          ^

 warning: "Status" is set by "Free" but not used after the call, in instantiation at test_runtime.ads:4
--> mj-plugin_runtime.adb:40:53
   40 |          if Status /= Success then Free (Candidate, F, Status); Status := Callback_Failure; return; end if;
      |                                                        ^

 info: initialization of "Ok" proved, in instantiation at test_runtime.ads:4
--> mj-plugin_runtime.adb:44:07

 info: initialization of "Ok" proved, in instantiation at test_runtime.ads:4
--> mj-plugin_runtime.adb:57:07

 info: loop invariant initialization proved, in instantiation at test_runtime.ads:4
--> mj-plugin_runtime.adb:62:33

 info: loop invariant preservation proved, in instantiation at test_runtime.ads:4
--> mj-plugin_runtime.adb:62:33

 info: initialization of "Ok" proved, in instantiation at test_runtime.ads:4
--> mj-plugin_runtime.adb:71:07

 info: loop invariant initialization proved, in instantiation at test_runtime.ads:4
--> mj-plugin_runtime.adb:75:33

 info: loop invariant preservation proved, in instantiation at test_runtime.ads:4
--> mj-plugin_runtime.adb:75:33

 info: initialization of "Ok" proved, in instantiation at test_runtime.ads:4
--> mj-plugin_runtime.adb:86:07

 info: loop invariant initialization proved, in instantiation at test_runtime.ads:4
--> mj-plugin_runtime.adb:94:33

 info: loop invariant preservation proved, in instantiation at test_runtime.ads:4
--> mj-plugin_runtime.adb:94:33

 info: loop invariant initialization proved, in instantiation at test_runtime.ads:4
--> mj-plugin_runtime.adb:96:33

 info: loop invariant preservation proved, in instantiation at test_runtime.ads:4
--> mj-plugin_runtime.adb:96:33

 info: index check proved, in instantiation at test_runtime.ads:4
--> mj-plugin_runtime.adb:106:32

 info: initialization of "Ok" proved, in instantiation at test_runtime.ads:4
--> mj-plugin_runtime.adb:109:13

 info: range check proved, in instantiation at test_runtime.ads:4
--> mj-plugin_runtime.adb:111:22
Success: all checks proved (61 checks).
Summary logged in /var/tmp/sparkling-services-plugin-proof-runtime-whole/proof/obj/gnatprove/gnatprove.out
guarded: elapsed 36.1 s, peak group RSS 196 MB
