Phase 1 of 3: generation of data representation information ...
Phase 2 of 3: generation of Global contracts ...
Phase 3 of 3: flow analysis and proof ...
 info: range check proved
--> mj-plugin_protocol.adb:4:31

 info: range check proved
--> mj-plugin_protocol.adb:5:16

 info: float overflow check proved
--> mj-plugin_protocol.adb:7:30

 info: range check proved
--> mj-plugin_protocol.adb:7:30

 info: range check proved
--> mj-plugin_protocol.adb:10:31

 info: float overflow check proved
--> mj-plugin_protocol.adb:13:30

 info: range check proved
--> mj-plugin_protocol.adb:13:30

 info: range check proved
--> mj-plugin_protocol.adb:16:35

 info: implicit aspect Always_Terminates on "Has" has been proved, subprogram will terminate
--> mj-plugin_protocol.ads:42:13

 info: division check proved
--> mj-plugin_protocol.ads:43:13

 info: division check proved
--> mj-plugin_protocol.ads:43:45

 info: data dependencies proved
--> mj-plugin_protocol.ads:43:61

 info: implicit aspect Always_Terminates on "Matches" has been proved, subprogram will terminate
--> mj-plugin_protocol.ads:44:13

 info: data dependencies proved
--> mj-plugin_protocol.ads:46:11

 info: implicit aspect Always_Terminates on "Eligible" has been proved, subprogram will terminate
--> mj-plugin_protocol.ads:47:13

 info: data dependencies proved
--> mj-plugin_protocol.ads:55:36

 info: implicit aspect Always_Terminates on "Cutoff" has been proved, subprogram will terminate
--> mj-plugin_protocol.ads:56:13

 info: data dependencies proved
--> mj-plugin_protocol.ads:57:11

 info: postcondition proved
--> mj-plugin_protocol.ads:58:14

 info: initialization of "Accepted" proved
--> mj-plugin_protocol.ads:62:53

 info: data dependencies proved
--> mj-plugin_protocol.ads:63:11

 info: postcondition proved
--> mj-plugin_protocol.ads:64:14

 info: float overflow check proved
--> mj-plugin_protocol.ads:64:20

 info: float overflow check proved
--> mj-plugin_protocol.ads:64:64

 info: initialization of "Accepted" proved
--> mj-plugin_protocol.ads:66:62

 info: data dependencies proved
--> mj-plugin_protocol.ads:67:11

 info: postcondition proved
--> mj-plugin_protocol.ads:68:14

 info: float overflow check proved
--> mj-plugin_protocol.ads:68:20

 info: float overflow check proved
--> mj-plugin_protocol.ads:68:68
Success: all checks proved (29 checks).
Summary logged in /var/tmp/sparkling-services-plugin-proof-whole/proof/obj/gnatprove/gnatprove.out
guarded: elapsed 8.6 s, peak group RSS 145 MB
