cube-aligned Ada/C 1.096 current/baseline 0.772
cube-rotated Ada/C 1.055 current/baseline 0.782
cube-margin Ada/C 0.94 current/baseline 0.766
cube-separated Ada/C 1.145 current/baseline 0.762
polytope-aligned Ada/C 1.386 current/baseline 1.048
polytope-rotated Ada/C 1.35 current/baseline 1.038
polytope-margin Ada/C 1.289 current/baseline 1.104
polytope-separated Ada/C 1.329 current/baseline 1.046
wide-face-aligned Ada/C 1.302 current/baseline 1.045
wide-face-rotated Ada/C 1.203 current/baseline 0.987
wide-face-margin Ada/C 1.245 current/baseline 1.065
wide-face-separated Ada/C 1.376 current/baseline 1.039
round-128-aligned Ada/C 1.326 current/baseline 0.861
round-128-rotated Ada/C 1.319 current/baseline 0.885
round-128-margin Ada/C 1.249 current/baseline 1.102
round-128-separated Ada/C 1.307 current/baseline 1.033
round-512-aligned Ada/C 1.358 current/baseline 0.676
round-512-rotated Ada/C 1.273 current/baseline 0.717
round-512-margin Ada/C 1.25 current/baseline 1.083
round-512-separated Ada/C 1.25 current/baseline 1.004
