Phase 1 of 3: generation of data representation information ...
Phase 2 of 3: generation of Global contracts ...
Phase 3 of 3: flow analysis and proof ...
Success: all checks proved (50 checks).
Summary logged in /var/tmp/sparkling-actuators-csr-20260930/verification-final/final-small-compress/build/validation/obj/gnatprove/gnatprove.out
guarded: elapsed 19.9 s, peak group RSS 270 MB
 info: loop invariant initialization proved
--> mj-transmissions.adb:54:43

 info: loop invariant preservation proved
--> mj-transmissions.adb:54:43

 info: precondition proved
--> mj-transmissions.adb:54:47

 info: range check proved
--> mj-transmissions.adb:54:59

 info: loop invariant initialization proved
--> mj-transmissions.adb:55:33

 info: loop invariant preservation proved
--> mj-transmissions.adb:55:33

 info: loop invariant initialization proved
--> mj-transmissions.adb:56:33

 info: loop invariant preservation proved
--> mj-transmissions.adb:56:33

 info: index check proved
--> mj-transmissions.adb:56:77

 info: index check proved
--> mj-transmissions.adb:57:28

 info: index check proved
--> mj-transmissions.adb:58:54

 info: index check proved
--> mj-transmissions.adb:58:64

 info: loop invariant initialization proved
--> mj-transmissions.adb:59:43

 info: loop invariant preservation proved
--> mj-transmissions.adb:59:43

 info: overflow check proved
--> mj-transmissions.adb:59:73

 info: index check proved
--> mj-transmissions.adb:59:86

 info: precondition proved
--> mj-transmissions.adb:60:12

 info: range check proved
--> mj-transmissions.adb:60:24

 info: precondition proved
--> mj-transmissions.adb:60:47

 info: index check proved
--> mj-transmissions.adb:60:47

 info: range check proved
--> mj-transmissions.adb:60:59

 info: precondition proved
--> mj-transmissions.adb:60:81

 info: index check proved
--> mj-transmissions.adb:60:81

 info: range check proved
--> mj-transmissions.adb:60:93

 info: index check proved
--> mj-transmissions.adb:60:100

 info: float overflow check proved
--> mj-transmissions.adb:60:102

 info: precondition proved
--> mj-transmissions.adb:61:10

 info: overflow check proved
--> mj-transmissions.adb:61:26

 info: range check proved
--> mj-transmissions.adb:61:26

 info: index check proved
--> mj-transmissions.adb:63:21

 info: range check proved
--> mj-transmissions.adb:63:28

 info: index check proved
--> mj-transmissions.adb:64:21

 info: float overflow check proved
--> mj-transmissions.adb:64:33

 info: range check proved
--> mj-transmissions.adb:64:33

 info: range check proved
--> mj-transmissions.adb:65:23

 info: postcondition proved
--> mj-transmissions.ads:72:14

 info: range check proved
--> mj-transmissions.ads:72:24

 info: precondition proved
--> mj-transmissions.ads:73:40

 info: range check proved
--> mj-transmissions.ads:73:53

 info: index check proved
--> mj-transmissions.ads:74:47

 info: precondition proved
--> mj-transmissions.ads:75:15

 info: index check proved
--> mj-transmissions.ads:75:15

 info: range check proved
--> mj-transmissions.ads:75:27

 info: precondition proved
--> mj-transmissions.ads:75:49

 info: index check proved
--> mj-transmissions.ads:75:49

 info: range check proved
--> mj-transmissions.ads:75:61

 info: index check proved
--> mj-transmissions.ads:75:68

 info: float overflow check proved
--> mj-transmissions.ads:75:70
