Phase 1 of 3: generation of data representation information ...
Phase 2 of 3: generation of Global contracts ...
Phase 3 of 3: analysis of data and information flow ...
Success: all checks proved (81 checks).
Summary logged in /var/tmp/sparkling-recovery-flex-elasticity-proof5-20261003/integration-flow/validation/obj/gnatprove/gnatprove.out
guarded: elapsed 30.9 s, peak group RSS 172 MB
 info: initialization of "T" proved
--> mj-data-flex_elasticity.adb:31:10

 info: initialization of "C" proved
--> mj-data-flex_elasticity.adb:44:65

 info: initialization of "P" proved
--> mj-data-flex_elasticity.adb:46:07

 info: initialization of "Result" proved
--> mj-data-flex_elasticity.adb:75:68

 info: initialization of "VA" proved
--> mj-data-flex_elasticity.adb:77:07

 info: initialization of "EA" proved
--> mj-data-flex_elasticity.adb:77:11

 info: initialization of "TA" proved
--> mj-data-flex_elasticity.adb:77:15

 info: initialization of "N" proved
--> mj-data-flex_elasticity.adb:77:19

 info: initialization of "Dim" proved
--> mj-data-flex_elasticity.adb:77:22

 info: initialization of "KA" proved
--> mj-data-flex_elasticity.adb:77:27

 info: initialization of "BA" proved
--> mj-data-flex_elasticity.adb:77:31

 info: initialization of "IA" proved
--> mj-data-flex_elasticity.adb:77:35

 info: initialization of "EleA" proved
--> mj-data-flex_elasticity.adb:77:39

 info: initialization of "EdA" proved
--> mj-data-flex_elasticity.adb:77:45

 info: initialization of "P" proved
--> mj-data-flex_elasticity.adb:77:50

 info: initialization of "V" proved
--> mj-data-flex_elasticity.adb:77:53

 warning: this statement is never reached
--> mj-data-flex_elasticity.adb:194:39
  194 |          when Constraint_Error => Result := Invalid_Model;
      |                                   ~~~~~~~^~~~~~~~~~~~~~~~

 info: initialization of "Saved_Flex" proved
--> mj-data-flex_elasticity.adb:199:07

 warning: initialization of "Saved_Names" has no effect
--> mj-data-flex_elasticity.adb:200:07
  200 |          Saved_Names : Int_Array_Access := null;
      |          ^~~~~~~~~~~~~~~~~~~~~~~~~~~~~~~~~~~~~~

 info: initialization of "Empty" proved
--> mj-data-flex_elasticity.adb:203:07

 info: initialization of "Empty_Sizes" proved
--> mj-data-flex_elasticity.adb:204:07

 warning: initialization of "Empty_Names" has no effect
--> mj-data-flex_elasticity.adb:205:07
  205 |          Empty_Names : Int_Array_Access := null;
      |          ^~~~~~~~~~~~~~~~~~~~~~~~~~~~~~~~~~~~~~

 warning: initialization of "Detached" has no effect
--> mj-data-flex_elasticity.adb:206:07
  206 |          Detached : Boolean := False;
      |          ^~~~~~~~~~~~~~~~~~~~~~~~~~~

 info: initialization of "VR" proved
--> mj-data-flex_elasticity.adb:237:10

 warning: "Saved_Names" is set by "Restore" but not used after the call
--> mj-data-flex_elasticity.adb:243:07
  243 |          Restore;
      |          ^~~~~~~

 warning: "Empty" is set by "Restore" but not used after the call
--> mj-data-flex_elasticity.adb:243:07
  243 |          Restore;
      |          ^~~~~~~

 warning: "Detached" is set by "Restore" but not used after the call
--> mj-data-flex_elasticity.adb:243:07
  243 |          Restore;
      |          ^~~~~~~

 warning: "Saved_Flex" is set by "Restore" but not used after the call
--> mj-data-flex_elasticity.adb:243:07
  243 |          Restore;
      |          ^~~~~~~

 warning: statement has no effect
--> mj-data-flex_elasticity.adb:244:16
  244 |          MJ.Models.Free_Flex (Empty); Release_Int (Empty_Names);
      |          ~~~~~~~~~^~~~~~~~~~~~~~~~~

 warning: "Empty" is set by "Free_Flex" but not used after the call
--> mj-data-flex_elasticity.adb:244:28
  244 |          MJ.Models.Free_Flex (Empty); Release_Int (Empty_Names);
      |                               ^~~~~

 warning: this statement is never reached
--> mj-data-flex_elasticity.adb:249:10
  249 |             Restore; MJ.Models.Free_Flex (Empty); Release_Int (Empty_Names);
      |             ^~~~~~~

 warning: this statement is never reached
--> mj-data-flex_elasticity.adb:249:28
  249 |             Restore; MJ.Models.Free_Flex (Empty); Release_Int (Empty_Names);
      |                      ~~~~~~~~~^~~~~~~~~~~~~~~~~

 warning: this statement is never reached
--> mj-data-flex_elasticity.adb:249:48
  249 |             Restore; MJ.Models.Free_Flex (Empty); Release_Int (Empty_Names);
      |                                                   ^~~~~~~~~~~~~~~~~~~~~~~~

 warning: this statement is never reached
--> mj-data-flex_elasticity.adb:250:17
  250 |             MJ.Data.Free (E.D); Release (E.S); raise;
      |             ~~~~~~~^~~~~~~~~~

 warning: this statement is never reached
--> mj-data-flex_elasticity.adb:250:30
  250 |             MJ.Data.Free (E.D); Release (E.S); raise;
      |                                 ^~~~~~~~~~~~

 info: implicit aspect Always_Terminates on "Point_Jacobian" has been proved, subprogram will terminate
--> mj-data-flex_elasticity.adb:274:13

 info: initialization of "Result" proved
--> mj-data-flex_elasticity.adb:287:60

 info: initialization of "Diff" proved
--> mj-data-flex_elasticity.adb:288:07

 info: initialization of "Dir" proved
--> mj-data-flex_elasticity.adb:288:13

 info: initialization of "L" proved
--> mj-data-flex_elasticity.adb:289:07

 info: initialization of "Val" proved
--> mj-data-flex_elasticity.adb:289:10

 info: initialization of "Lanes" proved
--> mj-data-flex_elasticity.adb:290:07

 info: initialization of "Blocks" proved
--> mj-data-flex_elasticity.adb:291:07

 info: implicit aspect Always_Terminates on "Product" has been proved, subprogram will terminate
--> mj-data-flex_elasticity.adb:292:16

 info: initialization of "J" proved
--> mj-data-flex_elasticity.adb:339:07

 info: initialization of "Local_Spring" proved
--> mj-data-flex_elasticity.adb:339:10

 info: initialization of "Local_Damper" proved
--> mj-data-flex_elasticity.adb:339:24

 info: initialization of "A" proved
--> mj-data-flex_elasticity.adb:340:07

 info: initialization of "B" proved
--> mj-data-flex_elasticity.adb:340:10

 info: initialization of "Ed" proved
--> mj-data-flex_elasticity.adb:361:07

 info: initialization of "Spring" proved
--> mj-data-flex_elasticity.adb:363:07

 info: initialization of "Damper" proved
--> mj-data-flex_elasticity.adb:363:15

 info: initialization of "Sl" proved
--> mj-data-flex_elasticity.adb:363:23

 info: initialization of "Dl" proved
--> mj-data-flex_elasticity.adb:363:27

 info: initialization of "X" proved
--> mj-data-flex_elasticity.adb:364:07

 info: initialization of "Vel" proved
--> mj-data-flex_elasticity.adb:364:10

 info: initialization of "Coef" proved
--> mj-data-flex_elasticity.adb:365:07

 info: initialization of "Id" proved
--> mj-data-flex_elasticity.adb:416:07

 info: initialization of "T" proved
--> mj-data-flex_elasticity.adb:417:07

 info: initialization of "Value" proved
--> mj-data-flex_elasticity.adb:417:10

 info: initialization of "Diff" proved
--> mj-data-flex_elasticity.adb:465:07

 info: initialization of "Dir" proved
--> mj-data-flex_elasticity.adb:465:13

 info: initialization of "J" proved
--> mj-data-flex_elasticity.adb:465:18

 info: initialization of "Fs" proved
--> mj-data-flex_elasticity.adb:466:07

 info: initialization of "Fd" proved
--> mj-data-flex_elasticity.adb:466:11

 info: initialization of "L" proved
--> mj-data-flex_elasticity.adb:466:15

 info: initialization of "Jv" proved
--> mj-data-flex_elasticity.adb:466:18

 info: non-aliasing of formal parameters "D" and "S" proved
--> mj-data-flex_elasticity.adb:499:18

 info: non-aliasing of formal parameters "D" and "S" proved
--> mj-data-flex_elasticity.adb:505:33

 info: non-aliasing of formal parameters "D" and "S" proved
--> mj-data-flex_elasticity.adb:506:33

 info: non-aliasing of formal parameters "D" and "S" proved
--> mj-data-flex_elasticity.adb:512:54

 info: initialization of "P" proved
--> mj-data-flex_elasticity.adb:517:10

 warning: this statement is never reached
--> mj-data-flex_elasticity.adb:527:42
  527 |          when Constraint_Error => E.S.Valid := False; E.D.Cache.Force_Valid := False; Result := Numeric_Limit;
      |                                   ~~~~~~~~~~^~~~~~~~

 warning: this statement is never reached
--> mj-data-flex_elasticity.adb:527:74
  527 |          when Constraint_Error => E.S.Valid := False; E.D.Cache.Force_Valid := False; Result := Numeric_Limit;
      |                                                       ~~~~~~~~~~~~~~~~~~~~~~^~~~~~~~

 warning: this statement is never reached
--> mj-data-flex_elasticity.adb:527:91
  527 |          when Constraint_Error => E.S.Valid := False; E.D.Cache.Force_Valid := False; Result := Numeric_Limit;
      |                                                                                       ~~~~~~~^~~~~~~~~~~~~~~~

 info: initialization of "Result" proved
--> mj-data-flex_elasticity.adb:529:42

 info: initialization of "Next_Time" proved
--> mj-data-flex_elasticity.adb:530:07

 info: initialization of "Value" proved
--> mj-data-flex_elasticity.adb:530:18

 info: initialization of "Q" proved
--> mj-data-flex_elasticity.adb:531:07

 warning: this statement is never reached
--> mj-data-flex_elasticity.adb:581:10
  581 |             if E.S /= null then E.S.Valid := False; end if;
      |             ^~

 warning: this statement is never reached
--> mj-data-flex_elasticity.adb:581:40
  581 |             if E.S /= null then E.S.Valid := False; end if;
      |                                 ~~~~~~~~~~^~~~~~~~

 warning: this statement is never reached
--> mj-data-flex_elasticity.adb:582:17
  582 |             Result := Numeric_Limit;
      |             ~~~~~~~^~~~~~~~~~~~~~~~

 info: implicit aspect Always_Terminates on "Ready" has been proved, subprogram will terminate
--> mj-data-flex_elasticity.ads:18:13

 info: data dependencies proved
--> mj-data-flex_elasticity.ads:18:52

 info: implicit aspect Always_Terminates on "State" has been proved, subprogram will terminate
--> mj-data-flex_elasticity.ads:19:13

 info: data dependencies proved
--> mj-data-flex_elasticity.ads:19:55

 info: implicit aspect Always_Terminates on "Complete_State" has been proved, subprogram will terminate
--> mj-data-flex_elasticity.ads:20:13

 info: data dependencies proved
--> mj-data-flex_elasticity.ads:20:64

 info: implicit aspect Always_Terminates on "Acceleration" has been proved, subprogram will terminate
--> mj-data-flex_elasticity.ads:21:13

 info: data dependencies proved
--> mj-data-flex_elasticity.ads:21:62

 info: implicit aspect Always_Terminates on "Passive" has been proved, subprogram will terminate
--> mj-data-flex_elasticity.ads:22:13

 info: data dependencies proved
--> mj-data-flex_elasticity.ads:22:57

 info: implicit aspect Always_Terminates on "Diagnostics" has been proved, subprogram will terminate
--> mj-data-flex_elasticity.ads:23:13

 info: data dependencies proved
--> mj-data-flex_elasticity.ads:23:56

 info: initialization of "Result" proved
--> mj-data-flex_elasticity.ads:24:69

 info: initialization of "Result" proved
--> mj-data-flex_elasticity.ads:25:39

 info: initialization of "Result" proved
--> mj-data-flex_elasticity.ads:26:96

 info: initialization of "Result" proved
--> mj-data-flex_elasticity.ads:27:72

 info: initialization of "Result" proved
--> mj-data-flex_elasticity.ads:28:83

 info: initialization of "Result" proved
--> mj-data-flex_elasticity.ads:29:89

 info: initialization of "Result" proved
--> mj-data-flex_elasticity.ads:31:43

 info: initialization of "Result" proved
--> mj-data-flex_elasticity.ads:34:39
