Phase 1 of 3: generation of data representation information ...
Phase 2 of 3: generation of Global contracts ...
Phase 3 of 3: analysis of data and information flow ...
Summary logged in /var/tmp/sparkling-recovery-flex-elasticity-proof2-20261002/integration-flow/validation/obj/gnatprove/gnatprove.out
guarded: elapsed 33.0 s, peak group RSS 168 MB
 medium: "T.Position" might not be initialized
--> mj-data-flex_elasticity.adb:39:17
   39 |             return T;
      |                    ^

 info: initialization of "C" proved
--> mj-data-flex_elasticity.adb:43:65

 info: initialization of "P" proved
--> mj-data-flex_elasticity.adb:45:07

 error: renamed dereference cannot depend on variable input "S" [E0007]
--> mj-data-flex_elasticity.adb:119:35
  119 |                   C : Vertex renames S.Vertices (I);
      |                                      ^
      + introduce a constant of an anonymous access type for the prefix of the dereference
      + launch "gnatprove --explain=E0007" for more information

 error: renamed dereference cannot depend on variable input "S" [E0007]
--> mj-data-flex_elasticity.adb:133:33
  133 |                   C : Edge renames S.Edges (I);
      |                                    ^
      + introduce a constant of an anonymous access type for the prefix of the dereference
      + launch "gnatprove --explain=E0007" for more information

 error: renamed dereference cannot depend on variable input "S" [E0007]
--> mj-data-flex_elasticity.adb:160:44
  160 |                   declare C : Element renames S.Elements (I); begin
      |                                               ^
      + introduce a constant of an anonymous access type for the prefix of the dereference
      + launch "gnatprove --explain=E0007" for more information

 info: initialization of "Empty" proved
--> mj-data-flex_elasticity.adb:197:07

 info: initialization of "Empty_Sizes" proved
--> mj-data-flex_elasticity.adb:198:07

 warning: initialization of "Empty_Names" has no effect
--> mj-data-flex_elasticity.adb:199:07
  199 |          Empty_Names : Int_Array_Access := null;
      |          ^~~~~~~~~~~~~~~~~~~~~~~~~~~~~~~~~~~~~~

 warning: initialization of "Detached" has no effect
--> mj-data-flex_elasticity.adb:200:07
  200 |          Detached : Boolean := False;
      |          ^~~~~~~~~~~~~~~~~~~~~~~~~~~

 info: initialization of "VR" proved
--> mj-data-flex_elasticity.adb:226:10

 warning: "Detached" is set by "Restore" but not used after the call
--> mj-data-flex_elasticity.adb:232:07
  232 |          Restore;
      |          ^~~~~~~

 warning: statement has no effect
--> mj-data-flex_elasticity.adb:233:16
  233 |          MJ.Models.Free_Flex (Empty); Release_Int (Empty_Names);
      |          ~~~~~~~~~^~~~~~~~~~~~~~~~~

 warning: "Empty" is set by "Free_Flex" but not used after the call
--> mj-data-flex_elasticity.adb:233:28
  233 |          MJ.Models.Free_Flex (Empty); Release_Int (Empty_Names);
      |                               ^~~~~

 warning: this statement is never reached
--> mj-data-flex_elasticity.adb:238:10
  238 |             Restore; MJ.Models.Free_Flex (Empty); Release_Int (Empty_Names);
      |             ^~~~~~~

 warning: this statement is never reached
--> mj-data-flex_elasticity.adb:238:28
  238 |             Restore; MJ.Models.Free_Flex (Empty); Release_Int (Empty_Names);
      |                      ~~~~~~~~~^~~~~~~~~~~~~~~~~

 warning: this statement is never reached
--> mj-data-flex_elasticity.adb:238:48
  238 |             Restore; MJ.Models.Free_Flex (Empty); Release_Int (Empty_Names);
      |                                                   ^~~~~~~~~~~~~~~~~~~~~~~~

 warning: this statement is never reached
--> mj-data-flex_elasticity.adb:239:17
  239 |             MJ.Data.Free (E.D); Release (E.S); raise;
      |             ~~~~~~~^~~~~~~~~~

 warning: this statement is never reached
--> mj-data-flex_elasticity.adb:239:30
  239 |             MJ.Data.Free (E.D); Release (E.S); raise;
      |                                 ^~~~~~~~~~~~

 info: implicit aspect Always_Terminates on "Point_Jacobian" has been proved, subprogram will terminate
--> mj-data-flex_elasticity.adb:263:13

 info: implicit aspect Always_Terminates on "Product" has been proved, subprogram will terminate
--> mj-data-flex_elasticity.adb:281:16

 error: renamed dereference cannot depend on variable input "E" [E0007]
--> mj-data-flex_elasticity.adb:293:33
  293 |                V : Vertex renames E.S.Vertices (I);
      |                                   ~^~
      + introduce a constant of an anonymous access type for the prefix of the dereference
      + launch "gnatprove --explain=E0007" for more information

 error: renamed dereference cannot depend on variable input "E" [E0007]
--> mj-data-flex_elasticity.adb:294:49
  294 |                B : Body_State renames E.D.Kinematic.Bodies (V.Body_Id);
      |                                       ~~~~~~~~~~~~~^~~~~~~
      + introduce a constant of an anonymous access type for the prefix of the dereference
      + launch "gnatprove --explain=E0007" for more information

 error: renamed index cannot depend on variable input "E" [E0007]
--> mj-data-flex_elasticity.adb:294:59
  294 |                B : Body_State renames E.D.Kinematic.Bodies (V.Body_Id);
      |                                                             ~^~~~~~~~
      + use instead a constant initialized to the expression with variable input
      + launch "gnatprove --explain=E0007" for more information

 error: renamed dereference cannot depend on variable input "E" [E0007]
--> mj-data-flex_elasticity.adb:303:36
  303 |             declare C : Edge renames E.S.Edges (I); begin
      |                                      ~^~
      + introduce a constant of an anonymous access type for the prefix of the dereference
      + launch "gnatprove --explain=E0007" for more information

 error: renamed dereference cannot depend on variable input "E" [E0007]
--> mj-data-flex_elasticity.adb:326:27
  326 |          V : Vertex renames E.S.Vertices (I);
      |                             ~^~
      + introduce a constant of an anonymous access type for the prefix of the dereference
      + launch "gnatprove --explain=E0007" for more information

 error: renamed dereference cannot depend on variable input "E" [E0007]
--> mj-data-flex_elasticity.adb:357:36
  357 |             declare C : Edge renames E.S.Edges (P); begin
      |                                      ~^~
      + introduce a constant of an anonymous access type for the prefix of the dereference
      + launch "gnatprove --explain=E0007" for more information

 error: renamed dereference cannot depend on variable input "E" [E0007]
--> mj-data-flex_elasticity.adb:368:53
  368 |                            declare V : Vertex renames E.S.Vertices (C.Vert (J)); begin
      |                                                       ~^~
      + introduce a constant of an anonymous access type for the prefix of the dereference
      + launch "gnatprove --explain=E0007" for more information

 error: renamed index cannot depend on variable input "E" [E0007]
--> mj-data-flex_elasticity.adb:368:67
  368 |                            declare V : Vertex renames E.S.Vertices (C.Vert (J)); begin
      |                                                                     ~^~~~~~~~
      + use instead a constant initialized to the expression with variable input
      + launch "gnatprove --explain=E0007" for more information

 error: renamed dereference cannot depend on variable input "E" [E0007]
--> mj-data-flex_elasticity.adb:375:47
  375 |                      declare V : Vertex renames E.S.Vertices (C.Vert (I)); begin
      |                                                 ~^~
      + introduce a constant of an anonymous access type for the prefix of the dereference
      + launch "gnatprove --explain=E0007" for more information

 error: renamed index cannot depend on variable input "E" [E0007]
--> mj-data-flex_elasticity.adb:375:61
  375 |                      declare V : Vertex renames E.S.Vertices (C.Vert (I)); begin
      |                                                               ~^~~~~~~~
      + use instead a constant initialized to the expression with variable input
      + launch "gnatprove --explain=E0007" for more information

 error: renamed dereference cannot depend on variable input "E" [E0007]
--> mj-data-flex_elasticity.adb:406:39
  406 |             declare C : Element renames E.S.Elements (P); begin
      |                                         ~^~
      + introduce a constant of an anonymous access type for the prefix of the dereference
      + launch "gnatprove --explain=E0007" for more information

 error: renamed dereference cannot depend on variable input "E" [E0007]
--> mj-data-flex_elasticity.adb:447:36
  447 |             declare C : Edge renames E.S.Edges (P); begin
      |                                      ~^~
      + introduce a constant of an anonymous access type for the prefix of the dereference
      + launch "gnatprove --explain=E0007" for more information

 error: subtype constraint cannot depend on variable input "E" [E0007]
--> mj-data-flex_elasticity.adb:483:43
  483 |          declare P : Real_Array (0 .. E.D.Nv - 1); begin
      |                                       ~~~~~~~^~~
      + use instead a constant initialized to the expression with variable input
      + launch "gnatprove --explain=E0007" for more information

 info: initialization of "Result" proved
--> mj-data-flex_elasticity.adb:494:42

 info: initialization of "Next_Time" proved
--> mj-data-flex_elasticity.adb:495:07

 info: initialization of "Value" proved
--> mj-data-flex_elasticity.adb:495:18

 info: initialization of "Q" proved
--> mj-data-flex_elasticity.adb:496:07

 warning: this statement is never reached
--> mj-data-flex_elasticity.adb:546:10
  546 |             if E.S /= null then E.S.Valid := False; end if;
      |             ^~

 warning: this statement is never reached
--> mj-data-flex_elasticity.adb:546:40
  546 |             if E.S /= null then E.S.Valid := False; end if;
      |                                 ~~~~~~~~~~^~~~~~~~

 warning: this statement is never reached
--> mj-data-flex_elasticity.adb:547:17
  547 |             Result := Numeric_Limit;
      |             ~~~~~~~^~~~~~~~~~~~~~~~

 info: implicit aspect Always_Terminates on "Ready" has been proved, subprogram will terminate
--> mj-data-flex_elasticity.ads:18:13

 info: data dependencies proved
--> mj-data-flex_elasticity.ads:18:52

 info: implicit aspect Always_Terminates on "State" has been proved, subprogram will terminate
--> mj-data-flex_elasticity.ads:19:13

 info: data dependencies proved
--> mj-data-flex_elasticity.ads:19:55

 info: implicit aspect Always_Terminates on "Complete_State" has been proved, subprogram will terminate
--> mj-data-flex_elasticity.ads:20:13

 info: data dependencies proved
--> mj-data-flex_elasticity.ads:20:64

 info: implicit aspect Always_Terminates on "Acceleration" has been proved, subprogram will terminate
--> mj-data-flex_elasticity.ads:21:13

 info: data dependencies proved
--> mj-data-flex_elasticity.ads:21:62

 info: implicit aspect Always_Terminates on "Passive" has been proved, subprogram will terminate
--> mj-data-flex_elasticity.ads:22:13

 info: data dependencies proved
--> mj-data-flex_elasticity.ads:22:57

 info: implicit aspect Always_Terminates on "Diagnostics" has been proved, subprogram will terminate
--> mj-data-flex_elasticity.ads:23:13

 info: data dependencies proved
--> mj-data-flex_elasticity.ads:23:56

 info: initialization of "Result" proved
--> mj-data-flex_elasticity.ads:24:69

 info: initialization of "Result" proved
--> mj-data-flex_elasticity.ads:25:39

 info: initialization of "Result" proved
--> mj-data-flex_elasticity.ads:26:96

 info: initialization of "Result" proved
--> mj-data-flex_elasticity.ads:27:72

 info: initialization of "Result" proved
--> mj-data-flex_elasticity.ads:28:83

 info: initialization of "Result" proved
--> mj-data-flex_elasticity.ads:29:89

 info: initialization of "Result" proved
--> mj-data-flex_elasticity.ads:34:39
gnatprove: unproved check messages considered as errors
