Phase 1 of 3: generation of data representation information ...
Phase 2 of 3: generation of Global contracts ...
Phase 3 of 3: flow analysis and proof ...
Success: all checks proved (145 checks).
Summary logged in /var/tmp/sparkling-recovery-flex-elasticity-proof2-20261002/whole/validation/obj/gnatprove/gnatprove.out
guarded: elapsed 78.0 s, peak group RSS 172 MB
 info: initialization of "DL" proved
--> mj-flex_elastic_kernels.adb:4:07

 info: float overflow check proved
--> mj-flex_elastic_kernels.adb:7:19

 info: float overflow check proved
--> mj-flex_elastic_kernels.adb:8:18

 info: float overflow check proved
--> mj-flex_elastic_kernels.adb:8:25

 info: float overflow check proved
--> mj-flex_elastic_kernels.adb:8:34

 info: float overflow check proved
--> mj-flex_elastic_kernels.adb:8:41

 info: range check proved
--> mj-flex_elastic_kernels.adb:8:41

 info: division check proved
--> mj-flex_elastic_kernels.adb:8:52

 info: float overflow check proved
--> mj-flex_elastic_kernels.adb:8:52

 info: float overflow check proved
--> mj-flex_elastic_kernels.adb:11:25

 info: float overflow check proved
--> mj-flex_elastic_kernels.adb:11:33

 info: index check proved
--> mj-flex_elastic_kernels.adb:11:41

 info: float overflow check proved
--> mj-flex_elastic_kernels.adb:11:50

 info: float overflow check proved
--> mj-flex_elastic_kernels.adb:11:58

 info: index check proved
--> mj-flex_elastic_kernels.adb:11:66

 info: float overflow check proved
--> mj-flex_elastic_kernels.adb:11:75

 info: range check proved
--> mj-flex_elastic_kernels.adb:11:75

 info: float overflow check proved
--> mj-flex_elastic_kernels.adb:11:83

 info: index check proved
--> mj-flex_elastic_kernels.adb:11:91

 info: assertion proved
--> mj-flex_elastic_kernels.adb:13:22

 info: float overflow check proved
--> mj-flex_elastic_kernels.adb:15:19

 info: float overflow check proved
--> mj-flex_elastic_kernels.adb:15:27

 info: index check proved
--> mj-flex_elastic_kernels.adb:15:35

 info: float overflow check proved
--> mj-flex_elastic_kernels.adb:15:44

 info: float overflow check proved
--> mj-flex_elastic_kernels.adb:15:52

 info: index check proved
--> mj-flex_elastic_kernels.adb:15:60

 info: float overflow check proved
--> mj-flex_elastic_kernels.adb:15:69

 info: float overflow check proved
--> mj-flex_elastic_kernels.adb:15:77

 info: index check proved
--> mj-flex_elastic_kernels.adb:15:85

 info: assertion proved
--> mj-flex_elastic_kernels.adb:16:25

 info: float overflow check proved
--> mj-flex_elastic_kernels.adb:21:14

 info: float overflow check proved
--> mj-flex_elastic_kernels.adb:21:22

 info: float overflow check proved
--> mj-flex_elastic_kernels.adb:21:31

 info: float overflow check proved
--> mj-flex_elastic_kernels.adb:21:39

 info: float overflow check proved
--> mj-flex_elastic_kernels.adb:21:48

 info: float overflow check proved
--> mj-flex_elastic_kernels.adb:21:56

 info: float overflow check proved
--> mj-flex_elastic_kernels.adb:21:65

 info: float overflow check proved
--> mj-flex_elastic_kernels.adb:21:73

 info: float overflow check proved
--> mj-flex_elastic_kernels.adb:22:92

 info: float overflow check proved
--> mj-flex_elastic_kernels.adb:22:99

 info: float overflow check proved
--> mj-flex_elastic_kernels.adb:23:105

 info: range check proved
--> mj-flex_elastic_kernels.adb:23:105

 info: float overflow check proved
--> mj-flex_elastic_kernels.adb:23:109

 info: float overflow check proved
--> mj-flex_elastic_kernels.adb:24:90

 info: float overflow check proved
--> mj-flex_elastic_kernels.adb:24:94

 info: float overflow check proved
--> mj-flex_elastic_kernels.adb:24:98

 info: float overflow check proved
--> mj-flex_elastic_kernels.adb:24:103

 info: range check proved
--> mj-flex_elastic_kernels.adb:24:103

 info: float overflow check proved
--> mj-flex_elastic_kernels.adb:24:107

 info: float overflow check proved
--> mj-flex_elastic_kernels.adb:25:95

 info: float overflow check proved
--> mj-flex_elastic_kernels.adb:26:100

 info: float overflow check proved
--> mj-flex_elastic_kernels.adb:26:106

 info: float overflow check proved
--> mj-flex_elastic_kernels.adb:26:111

 info: float overflow check proved
--> mj-flex_elastic_kernels.adb:26:116

 info: implicit aspect Always_Terminates on "Elongation" has been proved, subprogram will terminate
--> mj-flex_elastic_kernels.ads:19:13

 info: float overflow check proved
--> mj-flex_elastic_kernels.ads:20:14

 info: float overflow check proved
--> mj-flex_elastic_kernels.ads:20:23

 info: range check proved
--> mj-flex_elastic_kernels.ads:20:23

 info: float overflow check proved
--> mj-flex_elastic_kernels.ads:20:30

 info: data dependencies proved
--> mj-flex_elastic_kernels.ads:20:43

 info: postcondition proved
--> mj-flex_elastic_kernels.ads:21:16

 info: float overflow check proved
--> mj-flex_elastic_kernels.ads:21:43

 info: float overflow check proved
--> mj-flex_elastic_kernels.ads:21:52

 info: float overflow check proved
--> mj-flex_elastic_kernels.ads:21:59

 info: implicit aspect Always_Terminates on "Damping_Elongation" has been proved, subprogram will terminate
--> mj-flex_elastic_kernels.ads:22:13

 info: data dependencies proved
--> mj-flex_elastic_kernels.ads:25:11

 info: postcondition proved
--> mj-flex_elastic_kernels.ads:26:16

 info: float overflow check proved
--> mj-flex_elastic_kernels.ads:28:24

 info: float overflow check proved
--> mj-flex_elastic_kernels.ads:28:29

 info: float overflow check proved
--> mj-flex_elastic_kernels.ads:28:36

 info: float overflow check proved
--> mj-flex_elastic_kernels.ads:28:45

 info: float overflow check proved
--> mj-flex_elastic_kernels.ads:28:53

 info: float overflow check proved
--> mj-flex_elastic_kernels.ads:28:59

 info: division check proved
--> mj-flex_elastic_kernels.ads:28:70

 info: float overflow check proved
--> mj-flex_elastic_kernels.ads:28:70

 info: implicit aspect Always_Terminates on "Tension" has been proved, subprogram will terminate
--> mj-flex_elastic_kernels.ads:29:13

 info: data dependencies proved
--> mj-flex_elastic_kernels.ads:30:11

 info: postcondition proved
--> mj-flex_elastic_kernels.ads:31:16

 info: float overflow check proved
--> mj-flex_elastic_kernels.ads:33:33

 info: float overflow check proved
--> mj-flex_elastic_kernels.ads:33:41

 info: index check proved
--> mj-flex_elastic_kernels.ads:33:49

 info: float overflow check proved
--> mj-flex_elastic_kernels.ads:33:58

 info: float overflow check proved
--> mj-flex_elastic_kernels.ads:33:66

 info: index check proved
--> mj-flex_elastic_kernels.ads:33:74

 info: float overflow check proved
--> mj-flex_elastic_kernels.ads:33:83

 info: float overflow check proved
--> mj-flex_elastic_kernels.ads:33:91

 info: index check proved
--> mj-flex_elastic_kernels.ads:33:99

 info: float overflow check proved
--> mj-flex_elastic_kernels.ads:34:27

 info: float overflow check proved
--> mj-flex_elastic_kernels.ads:34:35

 info: index check proved
--> mj-flex_elastic_kernels.ads:34:43

 info: float overflow check proved
--> mj-flex_elastic_kernels.ads:34:52

 info: float overflow check proved
--> mj-flex_elastic_kernels.ads:34:60

 info: index check proved
--> mj-flex_elastic_kernels.ads:34:68

 info: float overflow check proved
--> mj-flex_elastic_kernels.ads:34:77

 info: float overflow check proved
--> mj-flex_elastic_kernels.ads:34:85

 info: index check proved
--> mj-flex_elastic_kernels.ads:34:93

 info: float overflow check proved
--> mj-flex_elastic_kernels.ads:35:15

 info: float overflow check proved
--> mj-flex_elastic_kernels.ads:35:23

 info: index check proved
--> mj-flex_elastic_kernels.ads:35:31

 info: float overflow check proved
--> mj-flex_elastic_kernels.ads:35:40

 info: float overflow check proved
--> mj-flex_elastic_kernels.ads:35:48

 info: index check proved
--> mj-flex_elastic_kernels.ads:35:56

 info: float overflow check proved
--> mj-flex_elastic_kernels.ads:35:65

 info: float overflow check proved
--> mj-flex_elastic_kernels.ads:35:73

 info: index check proved
--> mj-flex_elastic_kernels.ads:35:81

 info: implicit aspect Always_Terminates on "Bending_Row" has been proved, subprogram will terminate
--> mj-flex_elastic_kernels.ads:36:13

 info: data dependencies proved
--> mj-flex_elastic_kernels.ads:37:11

 info: postcondition proved
--> mj-flex_elastic_kernels.ads:38:16

 info: float overflow check proved
--> mj-flex_elastic_kernels.ads:39:38

 info: float overflow check proved
--> mj-flex_elastic_kernels.ads:39:46

 info: float overflow check proved
--> mj-flex_elastic_kernels.ads:39:55

 info: float overflow check proved
--> mj-flex_elastic_kernels.ads:39:63

 info: float overflow check proved
--> mj-flex_elastic_kernels.ads:40:12

 info: float overflow check proved
--> mj-flex_elastic_kernels.ads:40:20

 info: float overflow check proved
--> mj-flex_elastic_kernels.ads:40:29

 info: float overflow check proved
--> mj-flex_elastic_kernels.ads:40:37

 info: implicit aspect Always_Terminates on "Curved_Row" has been proved, subprogram will terminate
--> mj-flex_elastic_kernels.ads:41:13

 info: data dependencies proved
--> mj-flex_elastic_kernels.ads:42:11

 info: postcondition proved
--> mj-flex_elastic_kernels.ads:43:16

 info: float overflow check proved
--> mj-flex_elastic_kernels.ads:44:43

 info: float overflow check proved
--> mj-flex_elastic_kernels.ads:44:50

 info: implicit aspect Always_Terminates on "Stretch_Update" has been proved, subprogram will terminate
--> mj-flex_elastic_kernels.ads:45:13

 info: data dependencies proved
--> mj-flex_elastic_kernels.ads:46:11

 info: postcondition proved
--> mj-flex_elastic_kernels.ads:47:16

 info: float overflow check proved
--> mj-flex_elastic_kernels.ads:47:49

 info: float overflow check proved
--> mj-flex_elastic_kernels.ads:47:53

 info: implicit aspect Always_Terminates on "Project" has been proved, subprogram will terminate
--> mj-flex_elastic_kernels.ads:48:13

 info: data dependencies proved
--> mj-flex_elastic_kernels.ads:49:11

 info: postcondition proved
--> mj-flex_elastic_kernels.ads:50:16

 info: float overflow check proved
--> mj-flex_elastic_kernels.ads:50:36

 info: float overflow check proved
--> mj-flex_elastic_kernels.ads:50:40

 info: float overflow check proved
--> mj-flex_elastic_kernels.ads:50:44

 info: float overflow check proved
--> mj-flex_elastic_kernels.ads:50:49

 info: float overflow check proved
--> mj-flex_elastic_kernels.ads:50:53

 info: implicit aspect Always_Terminates on "Accumulate" has been proved, subprogram will terminate
--> mj-flex_elastic_kernels.ads:51:13

 info: data dependencies proved
--> mj-flex_elastic_kernels.ads:52:11

 info: postcondition proved
--> mj-flex_elastic_kernels.ads:52:35

 info: float overflow check proved
--> mj-flex_elastic_kernels.ads:53:46

 info: implicit aspect Always_Terminates on "Jacobian_Component" has been proved, subprogram will terminate
--> mj-flex_elastic_kernels.ads:54:13

 info: data dependencies proved
--> mj-flex_elastic_kernels.ads:55:11

 info: postcondition proved
--> mj-flex_elastic_kernels.ads:56:16

 info: float overflow check proved
--> mj-flex_elastic_kernels.ads:57:49

 info: float overflow check proved
--> mj-flex_elastic_kernels.ads:57:55

 info: float overflow check proved
--> mj-flex_elastic_kernels.ads:57:60

 info: float overflow check proved
--> mj-flex_elastic_kernels.ads:57:65
