cube-aligned Ada/C 1.064 current/baseline 0.786
cube-rotated Ada/C 1.068 current/baseline 0.79
cube-margin Ada/C 0.952 current/baseline 0.773
cube-separated Ada/C 0.937 current/baseline 0.662
polytope-aligned Ada/C 1.254 current/baseline 0.95
polytope-rotated Ada/C 1.249 current/baseline 0.97
polytope-margin Ada/C 1.159 current/baseline 1.006
polytope-separated Ada/C 1.303 current/baseline 1.007
wide-face-aligned Ada/C 1.299 current/baseline 1.031
wide-face-rotated Ada/C 1.15 current/baseline 0.919
wide-face-margin Ada/C 1.14 current/baseline 0.973
wide-face-separated Ada/C 1.325 current/baseline 0.986
round-128-aligned Ada/C 1.228 current/baseline 0.796
round-128-rotated Ada/C 1.204 current/baseline 0.82
round-128-margin Ada/C 1.167 current/baseline 1.02
round-128-separated Ada/C 1.262 current/baseline 1.0
round-512-aligned Ada/C 1.219 current/baseline 0.623
round-512-rotated Ada/C 1.2 current/baseline 0.658
round-512-margin Ada/C 1.139 current/baseline 0.978
round-512-separated Ada/C 1.247 current/baseline 1.002
