create SUCCESS
reset_qpos 0.00000000000000000E+00 0.00000000000000000E+00 0.00000000000000000E+00 0.00000000000000000E+00 0.00000000000000000E+00
reset_qvel 0.00000000000000000E+00 0.00000000000000000E+00 0.00000000000000000E+00 0.00000000000000000E+00 0.00000000000000000E+00
forward SUCCESS
forward_clamped -1.00000000000000000E+00
qacc 3.48025534363265709E+00 4.15991509432403639E+00 -5.86408012649150212E+00 -2.10868334625187481E+00 -4.52392454990738813E+00
act_dot
mass 5.28867521520865314E+00 -4.23461168198239069E+00 1.83098249647788069E+00 2.42010990176126217E+00 -2.08140524968375096E-01 -4.23461168198239069E+00 9.25000000000000533E+00 1.04395438688898756E+00 -2.32864824880587529E+00 1.97962581498295798E+00 1.83098249647788069E+00 1.04395438688898756E+00 3.08554756269371611E+00 2.19649732307758416E-04 6.29526908536425123E-01 2.42010990176126217E+00 -2.32864824880587529E+00 2.19649732307758416E-04 2.34623708086785054E+00 0.00000000000000000E+00 -2.08140524968375096E-01 1.97962581498295798E+00 6.29526908536425123E-01 0.00000000000000000E+00 2.31999999999999984E+00
gravity -1.41083463607698629E+01 1.35745564724532528E+01 -1.02272453205539744E+01 -6.21313768421052259E+00 -6.67640805461179010E+00
bias 0.00000000000000000E+00 0.00000000000000000E+00 0.00000000000000000E+00 0.00000000000000000E+00 0.00000000000000000E+00
passive 0.00000000000000000E+00 0.00000000000000000E+00 -0.00000000000000000E+00 0.00000000000000000E+00 0.00000000000000000E+00
actuation 0.00000000000000000E+00 0.00000000000000000E+00 0.00000000000000000E+00 0.00000000000000000E+00 0.00000000000000000E+00
length -0.00000000000000000E+00 -0.00000000000000000E+00 0.00000000000000000E+00
velocity 0.00000000000000000E+00 0.00000000000000000E+00 0.00000000000000000E+00
force 0.00000000000000000E+00 0.00000000000000000E+00 0.00000000000000000E+00
position 0.00000000000000000E+00 0.00000000000000000E+00 0.00000000000000000E+00
quaternion 1.00000000000000000E+00 0.00000000000000000E+00 0.00000000000000000E+00 0.00000000000000000E+00
position 2.00000000000000011E-01 9.99999999999999778E-02 9.00000000000000022E-01
quaternion 9.23380516876638580E-01 1.02597835208515425E-01 -3.07793505625546193E-01 2.05195670417030851E-01
position 5.26315789473684292E-01 1.57894736842105060E-02 1.21052631578947367E+00
quaternion 9.23380516876638580E-01 1.02597835208515425E-01 -3.07793505625546193E-01 2.05195670417030851E-01
position 3.00000000000000100E-01 9.99999999999999639E-02 1.60000000000000009E+00
quaternion 9.23380516876638580E-01 1.02597835208515425E-01 -3.07793505625546193E-01 2.05195670417030851E-01
position -1.58947368421052615E-01 1.52631578947368396E-01 8.08421052631579040E-01
quaternion 7.35767207381958888E-01 -3.06569669742482953E-01 -2.45255735793986324E-01 5.51825405536469304E-01
unchanged_qpos 0.00000000000000000E+00 0.00000000000000000E+00 0.00000000000000000E+00 0.00000000000000000E+00 0.00000000000000000E+00
unchanged_qvel -0.00000000000000000E+00 -0.00000000000000000E+00 0.00000000000000000E+00 -0.00000000000000000E+00 -0.00000000000000000E+00
unchanged_time 1.25000000000000000E-01
act
step SUCCESS
step_clamped -1.00000000000000000E+00
qpos 3.84313520560345331E-02 6.84525035128969866E-02 -9.05925432815692794E-02 -2.22260055024975610E-02 -8.86766220778511527E-02
qvel 1.58379505986104369E-01 5.68238066154668098E-01 -7.16851676273355554E-01 -8.01726108684776284E-02 -8.59131493191987561E-01
time 3.25000000000000178E-01
reset_qpos 0.00000000000000000E+00 0.00000000000000000E+00 0.00000000000000000E+00 0.00000000000000000E+00 0.00000000000000000E+00
reset_qvel 0.00000000000000000E+00 0.00000000000000000E+00 0.00000000000000000E+00 0.00000000000000000E+00 0.00000000000000000E+00
forward SUCCESS
forward_clamped -1.00000000000000000E+00
qacc -5.46705255798270251E+00 -4.79768901035509110E+00 -1.64767213638345122E-01 -7.43855789974799109E+00 -3.42030962232168001E-01
act_dot
mass 5.10393016517282661E+00 -4.03496822471164673E+00 1.90249632877300145E+00 1.92939865747671258E+00 -1.63665220244041287E-01 -4.03496822471164673E+00 9.25000000000000000E+00 4.54272381301037809E-01 -1.42252475621898711E+00 2.14154830525326823E+00 1.90249632877300145E+00 4.54272381301037809E-01 2.88757609875666166E+00 1.17380397941991232E-01 6.29526908536424901E-01 1.92939865747671258E+00 -1.42252475621898711E+00 1.17380397941991232E-01 2.34623708086785054E+00 0.00000000000000000E+00 -1.63665220244041287E-01 2.14154830525326823E+00 6.29526908536424901E-01 0.00000000000000000E+00 2.31999999999999895E+00
gravity -1.83953521846596111E+01 2.16642676483959349E+01 -1.63458662225496631E+01 -2.32143941357154304E+01 -2.89744238782274710E+00
bias 3.56136911413204160E+00 2.96994025338918206E+01 3.30166501914411548E+00 -1.20564341638440276E+00 7.26724034649315520E+00
passive 3.00359211370524570E-01 -1.68181185730524846E-01 4.55880245335291923E-01 4.69297703414542910E-01 0.00000000000000000E+00
actuation -1.37999999999999989E+00 -4.45467253336566760E+00 5.32514565278694363E+00 0.00000000000000000E+00 0.00000000000000000E+00
length 9.19223564524097148E-01 1.47898967161634448E-01 2.59012301544179424E-01
velocity 3.45413093076103195E+00 -1.17726830011367367E+00 -1.51960081778430656E+00
force 5.99999999999999978E-01 6.36381790480809695E+00 5.32514565278694363E+00
position 0.00000000000000000E+00 0.00000000000000000E+00 0.00000000000000000E+00
quaternion 1.00000000000000000E+00 0.00000000000000000E+00 0.00000000000000000E+00 0.00000000000000000E+00
position 3.23275845159062492E-01 1.38476570816748523E-01 9.44308863878659310E-01
quaternion 8.77984818328653605E-01 1.44264594769191179E-01 -4.33131086474669469E-01 1.43971689612071546E-01
position 5.60265211980802591E-01 -3.15759469113201519E-02 1.29774652631402510E+00
quaternion 6.86629386574975964E-01 1.83597246659589541E-01 -6.97853827658771908E-01 8.84995578107115183E-02
position 1.15407672942608841E-01 -1.19219400562795841E-02 1.40598464333120199E+00
quaternion 6.86629386574975964E-01 1.83597246659589541E-01 -6.97853827658771908E-01 8.84995578107115183E-02
position 7.48858161126141564E-01 5.04712973302826051E-03 6.85964108487630786E-01
quaternion 7.51998069267038494E-01 -3.13462269692515838E-01 -3.60831693824443189E-01 4.53917170890952404E-01
unchanged_qpos -3.99662419358303156E-01 -2.11284238802334934E-01 2.59012301544179424E-01 -6.70425290592204237E-01 -7.92361934487120223E-01
unchanged_qvel -1.50179605685262274E+00 1.68181185730524829E+00 -1.51960081778430656E+00 -1.32100174807018123E+00 -1.72983326520431113E+00
unchanged_time 1.25000000000000000E-01
act
step SUCCESS
step_clamped -1.00000000000000000E+00
qpos -4.02687870728356490E-01 -2.07939801505403671E-01 2.55972434964315709E-01 -6.73097052758762859E-01 -7.95822970920095352E-01
qvel -1.51272568502666904E+00 1.67221864846562474E+00 -1.51993328993185761E+00 -1.33588108327930088E+00 -1.73051821648758253E+00
time 1.27000000000000002E-01
reset_qpos 0.00000000000000000E+00 0.00000000000000000E+00 0.00000000000000000E+00 0.00000000000000000E+00 0.00000000000000000E+00
reset_qvel 0.00000000000000000E+00 0.00000000000000000E+00 0.00000000000000000E+00 0.00000000000000000E+00 0.00000000000000000E+00
forward SUCCESS
forward_clamped -1.00000000000000000E+00
qacc -1.36392617198304600E+00 -7.96862269710077120E-01 -3.50510370008081873E+00 -2.40477576492950984E+00 -6.17083492599054040E-01
act_dot
mass 4.71248652174468852E+00 -4.00707474744591430E+00 1.04344180290274835E+00 2.07182288120572267E+00 -9.10258474225451031E-02 -4.00707474744591430E+00 9.25000000000000355E+00 1.41514017231897027E+00 -1.89715699432189311E+00 2.13972154523144864E+00 1.04344180290274835E+00 1.41514017231897027E+00 2.69861056281993061E+00 7.58614819746926683E-02 6.29526908536425234E-01 2.07182288120572267E+00 -1.89715699432189311E+00 7.58614819746926683E-02 2.34623708086785054E+00 0.00000000000000000E+00 -9.10258474225451031E-02 2.13972154523144864E+00 6.29526908536425234E-01 0.00000000000000000E+00 2.31999999999999895E+00
gravity -1.34100961923504887E+01 -4.46501629110728260E+00 -6.70888099883092792E+00 -7.13016367204098600E+00 -8.94686287627879473E+00
bias -2.94745050350799476E+00 2.29733680353565184E+00 3.08166026327603548E+00 8.56787342324589751E-02 -3.76198247018542631E+00
passive -2.14759270030144583E-01 1.32663701440581733E-01 -3.55659470300269898E-01 1.60781834532984030E-01 -0.00000000000000000E+00
actuation -1.37999999999999989E+00 3.24313980586721806E+00 -2.62557949657036405E+00 0.00000000000000000E+00 0.00000000000000000E+00
length -1.13457886437294619E+00 -1.25719346180377084E-01 2.53810901127592636E-01
velocity -2.46973160534666247E+00 9.28645910084072046E-01 1.18553156766756640E+00
force 5.99999999999999978E-01 -4.63305686552459761E+00 -2.62557949657036405E+00
position 0.00000000000000000E+00 0.00000000000000000E+00 0.00000000000000000E+00
quaternion 1.00000000000000000E+00 0.00000000000000000E+00 0.00000000000000000E+00 0.00000000000000000E+00
position 9.38387368276737133E-02 1.12215417522183628E-01 9.78367775330659217E-01
quaternion 8.28495489880299751E-01 1.27491818731338441E-01 -1.92667856439123181E-01 5.10117786888215741E-01
position 4.15925712635824230E-01 3.00476574442982869E-01 1.24448375908511566E+00
quaternion 8.00959730402426517E-01 1.85107344122699718E-01 -2.86337545443339780E-01 4.92147936595284274E-01
position 1.61612695286466046E-01 2.26777177033508720E-01 1.61850687070810806E+00
quaternion 8.00959730402426517E-01 1.85107344122699718E-01 -2.86337545443339780E-01 4.92147936595284274E-01
position -3.09677736963327677E-01 -1.06516307757545198E-01 9.74202268817622730E-01
quaternion 5.02790696591228436E-01 -2.44464584947233193E-01 -2.45067564945011723E-01 7.92073526094520308E-01
unchanged_qpos 4.93295158423020075E-01 1.79599065971967287E-01 2.53810901127592636E-01 -2.29688335047120051E-01 9.67609806168592268E-02
unchanged_qvel 1.07379635015072283E+00 -1.32663701440581727E+00 1.18553156766756640E+00 -4.98675622070471558E-01 2.28514524947806663E-01
unchanged_time 1.25000000000000000E-01
act
step SUCCESS
step_clamped -1.00000000000000000E+00
qpos 4.95437293573110837E-01 1.76942603176126229E-01 2.56167948377383325E-01 -2.30695304976783588E-01 9.72155412469088015E-02
qvel 1.07106757504537287E+00 -1.32823139792052247E+00 1.17852362489534701E+00 -5.03484964831766635E-01 2.27280315024785573E-01
time 1.27000000000000002E-01
reset_qpos 0.00000000000000000E+00 0.00000000000000000E+00 0.00000000000000000E+00 0.00000000000000000E+00 0.00000000000000000E+00
reset_qvel 0.00000000000000000E+00 0.00000000000000000E+00 0.00000000000000000E+00 0.00000000000000000E+00 0.00000000000000000E+00
forward SUCCESS
forward_clamped -1.00000000000000000E+00
qacc 2.75798994775464379E-01 1.13487669179418416E+00 -2.66345147084291911E+00 6.81973346246896295E+00 -3.92448846719543809E+00
act_dot
mass 5.59603784224047196E+00 -3.87718769786874207E+00 2.38615189739154410E+00 2.23947614971558995E+00 -2.44416778538269902E-01 -3.87718769786874207E+00 9.25000000000000355E+00 1.47335638068384078E+00 -2.24357286081979712E+00 1.97011741686552799E+00 2.38615189739154410E+00 1.47335638068384078E+00 4.45010738229370784E+00 -1.73151193248796742E-01 6.29526908536425456E-01 2.23947614971558995E+00 -2.24357286081979712E+00 -1.73151193248796742E-01 2.34623708086784966E+00 0.00000000000000000E+00 -2.44416778538269902E-01 1.97011741686552799E+00 6.29526908536425456E-01 0.00000000000000000E+00 2.31999999999999940E+00
gravity -1.98491560668790507E-01 -1.18914784413750194E+01 -8.83985310168508143E+00 1.08883899403371647E+01 -1.05424633134503232E+01
bias -5.75873192023101677E+00 1.10995607368788285E+01 5.63198782485320315E+00 -3.62270709009604808E+00 -1.74308197631829920E+00
passive -9.19304720056692837E-02 5.18699093461605851E-02 -3.60939044393133512E-01 -2.42241312178034407E-01 0.00000000000000000E+00
actuation 1.83999999999999986E+00 5.18404177491840290E+00 1.50955615188238457E+00 0.00000000000000000E+00 0.00000000000000000E+00
length -1.51746552928135703E+00 -9.17456154565050447E-02 -1.04662125375289961E-02
velocity -1.05720042806519676E+00 3.63089365423124033E-01 1.20313014797711171E+00
force -8.00000000000000044E-01 -7.40577396416914713E+00 1.50955615188238457E+00
position 0.00000000000000000E+00 0.00000000000000000E+00 0.00000000000000000E+00
quaternion 1.00000000000000000E+00 0.00000000000000000E+00 0.00000000000000000E+00 0.00000000000000000E+00
position 2.30224903516709489E-01 5.59852713338632735E-02 9.82320050540469336E-01
quaternion 8.67072948295473545E-01 5.90358094054006868E-02 -1.40065352563100431E-01 4.74426993913097950E-01
position 5.83630417289335290E-01 2.46359076299261487E-01 1.20336836475730058E+00
quaternion 8.78240248055190298E-01 -2.35265954488559845E-02 1.13078446393785909E-02 4.77506752467601603E-01
position 4.69107147433589056E-01 4.59601779446067005E-01 1.59248527548747099E+00
quaternion 8.78240248055190298E-01 -2.35265954488559845E-02 1.13078446393785909E-02 4.77506752467601603E-01
position -2.49582266568473654E-01 -1.21025975612044048E-01 1.05672021764215307E+00
quaternion 5.29479058792992507E-01 -2.81546095213466407E-01 -1.55186300757389817E-01 7.85048364514552399E-01
unchanged_qpos 6.59767621426676998E-01 1.31065164937864354E-01 -1.04662125375289961E-02 3.46059017397192026E-01 1.60084707717590979E-01
unchanged_qvel 4.59652360028346418E-01 -5.18699093461605809E-01 1.20313014797711171E+00 1.88797494234854302E+00 -1.87586103005706573E+00
unchanged_time 1.25000000000000000E-01
act
step SUCCESS
step_clamped -1.00000000000000000E+00
qpos 6.60688024532061102E-01 1.30032304046808017E-01 -8.07060119761508765E-03 3.49862249051249519E-01 1.56317287758272916E-01
qvel 4.60201552692046434E-01 -5.16430445528161863E-01 1.19780566995695459E+00 1.90161582702875198E+00 -1.88370997965902820E+00
time 1.27000000000000002E-01
reset_qpos 0.00000000000000000E+00 0.00000000000000000E+00 0.00000000000000000E+00 0.00000000000000000E+00 0.00000000000000000E+00
reset_qvel 0.00000000000000000E+00 0.00000000000000000E+00 0.00000000000000000E+00 0.00000000000000000E+00 0.00000000000000000E+00
forward SUCCESS
forward_clamped -1.00000000000000000E+00
qacc -9.65092412628138696E+00 -8.02282464810177842E+00 5.84634184517139133E+00 1.06918468722969018E+00 -2.91484997990341776E-01
act_dot
mass 5.99506573190083003E+00 -5.00700424525061649E+00 2.16311647893603798E+00 2.31445836605441624E+00 -3.17309957137122456E-01 -5.00700424525061649E+00 9.25000000000000355E+00 2.37460433420169092E-02 -2.46210229793760416E+00 1.36056742056460389E+00 2.16311647893603798E+00 2.37460433420169092E-02 2.79279101357683990E+00 9.64062446667648676E-02 6.29526908536425234E-01 2.31445836605441624E+00 -2.46210229793760416E+00 9.64062446667648676E-02 2.34623708086784966E+00 0.00000000000000000E+00 -3.17309957137122456E-01 1.36056742056460389E+00 6.29526908536425234E-01 0.00000000000000000E+00 2.31999999999999984E+00
gravity -1.16462473746197954E+01 -6.70677908112787424E+00 -2.81796339866083168E+00 -4.86649647204038338E+00 -9.05864703133500804E+00
bias -1.03426792597612653E+01 2.03428596084780793E+01 4.87927954154605015E+00 -5.49747802974531652E+00 -4.47481954633507062E+00
passive 2.83197550838186984E-01 -2.73985968432265206E-02 4.48597630692705140E-01 2.26248764735347274E-01 0.00000000000000000E+00
actuation -1.37999999999999989E+00 -1.47354430651335178E+00 2.36290314799173240E+00 0.00000000000000000E+00 0.00000000000000000E+00
length -1.25272730872861437E+00 -5.67624842313590935E-02 -4.64935206472487483E-01
velocity 3.25677183463914988E+00 -1.91790177902585623E-01 -1.49532543564235043E+00
force 5.99999999999999978E-01 2.10506329501907397E+00 2.36290314799173240E+00
position 0.00000000000000000E+00 0.00000000000000000E+00 0.00000000000000000E+00
quaternion 1.00000000000000000E+00 0.00000000000000000E+00 0.00000000000000000E+00 0.00000000000000000E+00
position 2.83396488588710582E-01 -7.92660592428922200E-02 9.51679561143275898E-01
quaternion 9.57420409303388342E-01 -3.62607606763196560E-02 -1.52758080732901341E-01 2.42273163712590639E-01
position 6.77330951186872809E-01 -6.57229694121168190E-02 1.18541493265416387E+00
quaternion 9.20365973137785343E-01 3.19437254913031111E-03 -3.04820187766499995E-01 2.44950861611365672E-01
position 4.32369506398767534E-01 9.30819573716123588E-02 1.53864982022409014E+00
quaternion 9.20365973137785343E-01 3.19437254913031111E-03 -3.04820187766499995E-01 2.44950861611365672E-01
position -2.84984069226943637E-01 4.21131854489643076E-02 1.02983068163670333E+00
quaternion 6.94796761563325593E-01 -3.61194694875521360E-01 -5.39513573293009668E-02 6.19584621788840439E-01
unchanged_qpos 5.44664047273310636E-01 8.10892631876558578E-02 -4.64935206472487483E-01 -3.23212521050496138E-01 2.34761738875270520E-01
unchanged_qvel -1.41598775419093492E+00 2.73985968432265192E-01 -1.49532543564235043E+00 1.30654630656434190E+00 -1.35713018807970665E+00
unchanged_time 1.25000000000000000E-01
act
step SUCCESS
step_clamped -1.00000000000000000E+00
qpos 5.41793494936402609E-01 8.16051547710181652E-02 -4.67902498415773083E-01 -3.20595165630699674E-01 2.32046316989397705E-01
qvel -1.43527616845404027E+00 2.57945791681154279E-01 -1.48364597164279655E+00 1.30867770989822962E+00 -1.35771094293640604E+00
time 1.27000000000000002E-01
reset_qpos 0.00000000000000000E+00 0.00000000000000000E+00 0.00000000000000000E+00 0.00000000000000000E+00 0.00000000000000000E+00
reset_qvel 0.00000000000000000E+00 0.00000000000000000E+00 0.00000000000000000E+00 0.00000000000000000E+00 0.00000000000000000E+00
forward SUCCESS
forward_clamped -1.00000000000000000E+00
qacc -2.77039283324357388E+00 5.59403321911795537E-02 2.71785257239528066E-01 -7.78251993771241324E+00 -8.65512838572733756E-01
act_dot
mass 1.29054832422426884E+01 -4.31084351103951313E+00 2.30430969254370188E+00 1.63651841441604562E+00 3.99066879618703796E-01 -4.31084351103951313E+00 9.25000000000000355E+00 8.07339959157432396E-01 -9.84273654661670827E-01 2.16538100266657185E+00 2.30430969254370188E+00 8.07339959157432396E-01 3.49447747217614157E+00 1.06708710322355793E-01 6.29526908536425234E-01 1.63651841441604562E+00 -9.84273654661670827E-01 1.06708710322355793E-01 2.34623708086784966E+00 0.00000000000000000E+00 3.99066879618703796E-01 2.16538100266657185E+00 6.29526908536425234E-01 0.00000000000000000E+00 2.32000000000000028E+00
gravity -4.39656920605529677E+01 1.63581547338658844E+01 -1.91130720593709558E-01 -2.35640735637694263E+01 -2.54080128877529177E+00
bias 6.63534932490071672E+00 -5.97377735482520222E+00 1.48287353421385748E+00 1.49178832375673198E-01 2.39354980739051260E-01
passive 5.79699558258417944E-02 1.83138960437499332E-01 -1.23502655760996172E-01 5.40854832481838410E-01 -0.00000000000000000E+00
actuation 1.83999999999999986E+00 -3.91533087867690854E+00 -4.88921219458396017E+00 0.00000000000000000E+00 0.00000000000000000E+00
length 2.42049940388650880E-01 -5.40716551276397173E-01 4.67509209269540760E-01
velocity 6.66654491997180521E-01 1.28197272306249532E+00 4.11675519203320572E-01
force -8.00000000000000044E-01 5.59332982668129830E+00 -4.88921219458396017E+00
position 0.00000000000000000E+00 0.00000000000000000E+00 0.00000000000000000E+00
quaternion 1.00000000000000000E+00 0.00000000000000000E+00 0.00000000000000000E+00 0.00000000000000000E+00
position -6.17045551252026425E-01 3.09866750928526724E-01 8.07992363224524057E-01
quaternion 8.34997312704854666E-01 1.67818675245525628E-01 -3.80474300315961134E-01 3.60354945593351628E-01
position -3.42284359315781828E-01 3.07263255547168990E-01 1.17473411053122678E+00
quaternion 6.30100393751249377E-01 2.91227399167350576E-01 -6.67049247971819415E-01 2.70564958095040997E-01
position -7.65024471960609298E-01 1.48113630953730757E-01 1.25194935612952984E+00
quaternion 6.30100393751249377E-01 2.91227399167350576E-01 -6.67049247971819415E-01 2.70564958095040997E-01
position -1.51649609512312544E+00 1.90267061061177578E-01 7.12302972618785057E-01
quaternion 6.11917970860422766E-01 -2.84167519679081382E-01 -3.84900351342950531E-01 6.29807063499271180E-01
unchanged_qpos -1.05239104516804738E-01 7.72452216109138945E-01 4.67509209269540760E-01 -7.72649760688340681E-01 5.73558979316467488E-01
unchanged_qvel -2.89849779129208951E-01 -1.83138960437499332E+00 4.11675519203320572E-01 -1.65414131509938045E+00 1.07535122365370217E+00
unchanged_time 1.25000000000000000E-01
act
step SUCCESS
step_clamped -1.00000000000000000E+00
qpos -1.05829885022958106E-01 7.68789661044989026E-01 4.68333646823455796E-01 -7.75989173643907182E-01 5.75706219417187914E-01
qvel -2.95390253076682041E-01 -1.83127753207495503E+00 4.12218776957527844E-01 -1.66970647778325287E+00 1.07362005036020491E+00
time 1.27000000000000002E-01
reset_qpos 0.00000000000000000E+00 0.00000000000000000E+00 0.00000000000000000E+00 0.00000000000000000E+00 0.00000000000000000E+00
reset_qvel 0.00000000000000000E+00 0.00000000000000000E+00 0.00000000000000000E+00 0.00000000000000000E+00 0.00000000000000000E+00
forward SUCCESS
forward_clamped -1.00000000000000000E+00
qacc 8.61141863051263456E+00 6.06811128305299086E+00 -1.44743977610882126E+01 -2.38488579193740957E+00 -4.34676648561327283E+00
act_dot
mass 1.39644506445625325E+01 -3.50504273235876784E+00 4.82989202391671046E+00 3.32744033591043298E+00 -8.18834438537428266E-02 -3.50504273235876784E+00 9.25000000000000178E+00 1.77608894023316566E+00 -2.03732769573407202E+00 2.02281162884791499E+00 4.82989202391671046E+00 1.77608894023316566E+00 5.10645474384995079E+00 -2.89350421502853672E-01 6.29526908536425012E-01 3.32744033591043298E+00 -2.03732769573407202E+00 -2.89350421502853672E-01 2.34623708086785010E+00 0.00000000000000000E+00 -8.18834438537428266E-02 2.02281162884791499E+00 6.29526908536425012E-01 0.00000000000000000E+00 2.31999999999999940E+00
gravity 2.80196364688235917E+01 3.24070155229884271E+00 -1.14574369585599314E+01 1.03026745385299741E+01 -8.01101815565037967E+00
bias 8.70250631543628295E+00 1.30161963832226633E+01 9.56350252911894216E+00 -5.18112582938638955E+00 5.31987190226346218E-03
passive 2.58051944804014888E-01 -1.58137223717952601E-02 -5.89617008282876665E-01 -3.72130389810132134E-01 0.00000000000000000E+00
actuation 1.83999999999999986E+00 5.83978670625553686E+00 -1.96717752827622738E+00 0.00000000000000000E+00 0.00000000000000000E+00
length -7.02442940662041382E-01 5.07758284628411438E-01 5.10862649685339676E-02
velocity 2.96759736524617068E+00 -1.10696056602566803E-01 1.96539002760958903E+00
force -8.00000000000000044E-01 -8.34255243750791031E+00 -1.96717752827622738E+00
position 0.00000000000000000E+00 0.00000000000000000E+00 0.00000000000000000E+00
quaternion 1.00000000000000000E+00 0.00000000000000000E+00 0.00000000000000000E+00 0.00000000000000000E+00
position 9.53248155263728636E-01 3.24546534005065834E-01 9.64941656048333485E-01
quaternion 8.98532633557495797E-01 9.46124663674270255E-02 -2.36574164555295174E-01 3.57379703264004200E-01
position 1.30794675521730919E+00 3.84290972396834518E-01 1.24887739749738391E+00
quaternion 9.29122103342001404E-01 -2.58976499158716789E-03 7.76826776958544542E-03 3.69682382883582239E-01
position 1.24820981975806977E+00 6.02536654699895369E-01 1.64737497678489997E+00
quaternion 9.29122103342001404E-01 -2.58976499158716789E-03 7.76826776958544542E-03 3.69682382883582239E-01
position 5.13536991531008402E-01 2.57758523159457742E-01 9.33475236879631742E-01
quaternion 6.31798885030312118E-01 -2.91451041844279335E-01 -2.21200455577390015E-01 6.83342386754029585E-01
unchanged_qpos 3.05409974200887557E-01 -7.25368978040587864E-01 5.10862649685339676E-02 5.31614842585903080E-01 8.21302251982631848E-02
unchanged_qvel -1.29025972402007438E+00 1.58137223717952580E-01 1.96539002760958903E+00 1.85424930734367477E+00 -1.88375490220049402E+00
unchanged_time 1.25000000000000000E-01
act
step SUCCESS
step_clamped -1.00000000000000000E+00
qpos 3.02863883038184567E-01 -7.25028438292982247E-01 5.49591746177637425E-02 5.35313823467176153E-01 7.83453265672746368E-02
qvel -1.27304558135149892E+00 1.70269873802789268E-01 1.93645482461488760E+00 1.84949044063652890E+00 -1.89244931549427142E+00
time 1.27000000000000002E-01
reset_qpos 0.00000000000000000E+00 0.00000000000000000E+00 0.00000000000000000E+00 0.00000000000000000E+00 0.00000000000000000E+00
reset_qvel 0.00000000000000000E+00 0.00000000000000000E+00 0.00000000000000000E+00 0.00000000000000000E+00 0.00000000000000000E+00
forward SUCCESS
forward_clamped -1.00000000000000000E+00
qacc -7.73491474389250655E+00 -1.10454297883689612E+00 5.41581994637909681E-01 7.71561090382833292E+00 -4.72081072796350387E+00
act_dot
mass 6.75698627431695797E+00 -4.60374029869912782E+00 1.69361709992880094E+00 2.01896801330348552E+00 -5.82938358300759019E-01 -4.60374029869912782E+00 9.25000000000000000E+00 5.32839522207573801E-01 -2.46135008934235344E+00 1.68404089092472375E+00 1.69361709992880094E+00 5.32839522207573801E-01 3.89526899986590225E+00 -9.59520221814165741E-02 6.29526908536425123E-01 2.01896801330348552E+00 -2.46135008934235344E+00 -9.59520221814165741E-02 2.34623708086785143E+00 0.00000000000000000E+00 -5.82938358300759019E-01 1.68404089092472375E+00 6.29526908536425123E-01 0.00000000000000000E+00 2.31999999999999895E+00
gravity -2.78661986825695465E+01 6.61401951515838249E+00 -8.98741827779108782E+00 3.36810757130799132E+00 -8.44565307095128759E+00
bias 2.00162689205103383E+00 6.79074060152330183E+00 2.59794722680766599E+00 -1.53855167674920201E+00 -7.19646501048997411E-01
passive 1.55475893110217818E-02 4.62759202562977243E-02 2.65328285644888695E-01 -1.45044703213513537E-01 0.00000000000000000E+00
actuation 1.83999999999999986E+00 -9.72240565416875091E-01 -3.86148610368786205E+00 0.00000000000000000E+00 0.00000000000000000E+00
length -4.94626777757473490E-01 -3.64096966868069083E-01 -2.57279345674110482E-01
velocity 1.78797277076750472E-01 3.23931441794084007E-01 -8.84427618816295613E-01
force -8.00000000000000044E-01 1.38891509345267883E+00 -3.86148610368786205E+00
position 0.00000000000000000E+00 0.00000000000000000E+00 0.00000000000000000E+00
quaternion 1.00000000000000000E+00 0.00000000000000000E+00 0.00000000000000000E+00 0.00000000000000000E+00
position -2.53793277869196920E-01 -9.85188745792992815E-02 8.66469381633014568E-01
quaternion 9.53177558300566052E-01 4.28456288229716806E-02 -2.33663910483804027E-01 1.87130893709061691E-01
position 1.06924373817953555E-01 -1.66004439579573837E-01 1.14092971442794022E+00
quaternion 9.72231674280058189E-01 2.32631643825936957E-02 -1.33835168162209972E-01 1.90558506691505175E-01
position 2.01786796622191733E-02 1.71882979673322334E-02 1.55192315166935191E+00
quaternion 9.72231674280058189E-01 2.32631643825936957E-02 -1.33835168162209972E-01 1.90558506691505175E-01
position -7.34916169320775081E-01 1.75933886766141967E-02 8.66603012781899107E-01
quaternion 7.46190125427630191E-01 -3.26084928640186789E-01 -1.46787712911733509E-01 5.61535647458079268E-01
unchanged_qpos 2.15055120764118923E-01 5.20138524097241595E-01 -2.57279345674110482E-01 2.07206718876447926E-01 1.36301519705920526E-01
unchanged_qvel -7.77379465551089055E-02 -4.62759202562977201E-01 -8.84427618816295613E-01 -2.15805982749611047E-01 -1.44639271389649560E+00
unchanged_time 1.25000000000000000E-01
act
step SUCCESS
step_clamped -1.00000000000000000E+00
qpos 2.14868709533305918E-01 5.19208589307405988E-01 -2.59046037167506071E-01 2.06805967405277707E-01 1.33389851524803177E-01
qvel -9.32056154064968001E-02 -4.64967394917794430E-01 -8.83345746697792533E-01 -2.00375735585111708E-01 -1.45583409055867374E+00
time 1.27000000000000002E-01
reset_qpos 0.00000000000000000E+00 0.00000000000000000E+00 0.00000000000000000E+00 0.00000000000000000E+00 0.00000000000000000E+00
reset_qvel 0.00000000000000000E+00 0.00000000000000000E+00 0.00000000000000000E+00 0.00000000000000000E+00 0.00000000000000000E+00
forward SUCCESS
forward_clamped -1.00000000000000000E+00
qacc -7.57065366771478843E+00 -2.35794496241207252E+00 -4.11975018759757639E+00 2.37393626733565544E+00 -2.97811313128278732E+00
act_dot
mass 5.51695105079624959E+00 -5.40112207522821741E+00 1.25974739958665882E+00 2.30509157103789564E+00 -5.02715353174668644E-01 -5.40112207522821741E+00 9.25000000000000178E+00 -9.59246665009419353E-01 -2.49740017196386477E+00 1.65959129965016938E+00 1.25974739958665882E+00 -9.59246665009419353E-01 3.39813640908772463E+00 5.26615889996804309E-02 6.29526908536425234E-01 2.30509157103789564E+00 -2.49740017196386477E+00 5.26615889996804309E-02 2.34623708086785099E+00 0.00000000000000000E+00 -5.02715353174668644E-01 1.65959129965016938E+00 6.29526908536425234E-01 0.00000000000000000E+00 2.31999999999999984E+00
gravity -2.84107070151548307E+01 1.28372510414743441E+01 -1.24592156919737622E+01 -7.30674997856739683E+00 -8.23035678102322166E+00
bias -2.52378299519829019E+00 9.06148310370842980E-01 6.06581141327089401E+00 -6.83218850912919118E-01 1.06642757360419305E+00
passive -1.09376744304811979E-01 2.93264935200709537E-02 -1.68129205786169356E-01 1.02924944747844596E-01 0.00000000000000000E+00
actuation -1.37999999999999989E+00 3.67621306217777999E-01 -4.41421041247246215E+00 0.00000000000000000E+00 0.00000000000000000E+00
length -5.85027865124773741E-02 -2.65783897175019657E-01 -2.74713579840665134E-01
velocity -1.25783255950533746E+00 2.05285454640496634E-01 5.60430685953897889E-01
force 5.99999999999999978E-01 -5.25173294596825713E-01 -4.41421041247246215E+00
position 0.00000000000000000E+00 0.00000000000000000E+00 0.00000000000000000E+00
quaternion 1.00000000000000000E+00 0.00000000000000000E+00 0.00000000000000000E+00 0.00000000000000000E+00
position -1.75058034577109334E-01 -1.07109707932399323E-02 8.18977682480071079E-01
quaternion 9.56466901209831799E-01 5.79111473137291569E-02 -2.69946062140231702E-01 9.45858839460300832E-02
position 1.51385154794348109E-01 -1.62107226211862188E-01 1.10272760399232461E+00
quaternion 9.34055302963295198E-01 6.47022021394546010E-02 -3.39470912717279250E-01 9.00767198745018038E-02
position -6.47313250798972617E-02 -2.74039669961452237E-02 1.48371146071518933E+00
quaternion 9.34055302963295198E-01 6.47022021394546010E-02 -3.39470912717279305E-01 9.00767198745018038E-02
position 1.11690148507958331E-01 -2.46563725805887007E-01 4.71055185471555338E-01
quaternion 8.01125058791057554E-01 -3.20551456825371228E-01 -1.61830594026069724E-01 4.78807124572437959E-01
unchanged_qpos 2.54359941358597297E-02 3.79691281678599557E-01 -2.74713579840665134E-01 -1.47035635354063721E-01 -7.85194424986651374E-01
unchanged_qvel 5.46883721524059840E-01 -2.93264935200709509E-01 5.60430685953897889E-01 1.37502931929454864E+00 -1.00991355540429772E+00
unchanged_time 1.25000000000000000E-01
act
step SUCCESS
step_clamped -1.00000000000000000E+00
qpos -2.76304005602021237E-02 2.89560710463615756E-01 -2.00649260460567913E-01 2.14736344492125086E-01 -1.06249531918707762E+00
qvel -1.02774568028755353E+00 -4.82948504960215408E-01 3.61899152441949479E-01 2.41884112922646111E+00 -1.84210690071416572E+00
time 3.25000000000000178E-01
reset_qpos 0.00000000000000000E+00 0.00000000000000000E+00 0.00000000000000000E+00 0.00000000000000000E+00 0.00000000000000000E+00
reset_qvel 0.00000000000000000E+00 0.00000000000000000E+00 0.00000000000000000E+00 0.00000000000000000E+00 0.00000000000000000E+00
forward SUCCESS
forward_clamped -1.00000000000000000E+00
qacc -3.49098836457819184E+00 3.01072266410925327E+00 3.02586389051578752E-01 9.35187641199844855E+00 -8.03042055853394743E+00
act_dot
mass 9.11316691762310427E+00 -5.47378968304417945E+00 3.93030633702102339E+00 1.56491811974808570E+00 -7.66689168662106901E-01 -5.47378968304417945E+00 9.25000000000000178E+00 -5.81349553562073407E-01 -2.10647675307404647E+00 8.03100490821694102E-01 3.93030633702102339E+00 -5.81349553562073407E-01 5.43691555008796179E+00 -1.98714603111127930E-01 6.29526908536425345E-01 1.56491811974808570E+00 -2.10647675307404647E+00 -1.98714603111127930E-01 2.34623708086785099E+00 0.00000000000000000E+00 -7.66689168662106901E-01 8.03100490821694102E-01 6.29526908536425345E-01 0.00000000000000000E+00 2.31999999999999984E+00
gravity -3.17493383924615564E+01 1.03109921314494919E+01 -8.91612588784505178E+00 9.85099841355609662E+00 -9.31408353013304513E+00
bias -7.19333140561770890E+00 -6.04696965749462834E+00 8.77917907947437115E+00 -8.36175647399162614E-01 3.80284153161554617E+00
passive -2.38063713347183015E-01 1.32020177423140345E-01 6.79827853412465488E-02 -2.72170750102108838E-01 0.00000000000000000E+00
actuation -1.37999999999999989E+00 4.29215900593188504E+00 -2.92573898159722745E+00 0.00000000000000000E+00 0.00000000000000000E+00
length -2.46203631792366123E-01 -3.24653551834245768E-01 -7.58425415136902092E-01
velocity -2.73773270349260445E+00 9.24141241961982329E-01 -2.26609284470821848E-01
force 5.99999999999999978E-01 -6.13165572275983628E+00 -2.92573898159722745E+00
position 0.00000000000000000E+00 0.00000000000000000E+00 0.00000000000000000E+00
quaternion 1.00000000000000000E+00 0.00000000000000000E+00 0.00000000000000000E+00 0.00000000000000000E+00
position -2.96246870051930733E-01 -2.06589995630858891E-01 7.98838205898374398E-01
quaternion 9.76991869491260823E-01 -3.35323523933564877E-02 -1.92436958225306348E-01 -8.56182538944271349E-02
position -4.80499784029836396E-03 -4.55117022838369412E-01 1.05042507334017055E+00
quaternion 9.95763571766717925E-01 -1.63604818775060085E-02 -7.13121711091169175E-05 -9.04833613969917849E-02
position 1.30725507203030722E-01 -2.63480658598786999E-01 1.44400732154724398E+00
quaternion 9.95763571766717925E-01 -1.63604818775060085E-02 -7.13121711091169175E-05 -9.04833613969917849E-02
position -8.14501292694827628E-01 4.26439131154860096E-01 9.74902222457248779E-01
quaternion 8.73328248479137481E-01 -3.43370030075867416E-01 -7.73323914991271531E-03 3.45448968541390067E-01
unchanged_qpos 1.07045057301028756E-01 4.63790788334636828E-01 -7.58425415136902092E-01 3.88815357288726959E-01 4.95968227174804932E-01
unchanged_qvel 1.19031856673591507E+00 -1.32020177423140339E+00 -2.26609284470821848E-01 -7.32459080958848485E-01 -1.15796212654462272E+00
unchanged_time 1.25000000000000000E-01
act
step SUCCESS
step_clamped -1.00000000000000000E+00
qpos 1.09411732153170543E-01 4.61162428037175498E-01 -7.58877424791824740E-01 3.87387845719440960E-01 4.93620182055774903E-01
qvel 1.18333742607089465E+00 -1.31418014873066658E+00 -2.26004827461296048E-01 -7.13755784643007374E-01 -1.17402255951502710E+00
time 1.27000000000000002E-01
reset_qpos 0.00000000000000000E+00 0.00000000000000000E+00 0.00000000000000000E+00 0.00000000000000000E+00 0.00000000000000000E+00
reset_qvel 0.00000000000000000E+00 0.00000000000000000E+00 0.00000000000000000E+00 0.00000000000000000E+00 0.00000000000000000E+00
forward SUCCESS
forward_clamped -1.00000000000000000E+00
qacc -1.04834000841979513E+01 -3.17034331745106446E+00 6.12934764202761162E+00 8.87475990976476581E+00 -3.87259550766542038E+00
act_dot
mass 5.24055927119983611E+00 -4.30271410854230574E+00 1.18314979137484677E+00 2.13942660295625586E+00 -3.32879320617324448E-01 -4.30271410854230574E+00 9.25000000000000178E+00 9.15622353054980964E-01 -2.37626553221390280E+00 1.93575610347868854E+00 1.18314979137484677E+00 9.15622353054980964E-01 3.19897852494664425E+00 -2.21865732844246377E-02 6.29526908536425012E-01 2.13942660295625586E+00 -2.37626553221390280E+00 -2.21865732844246377E-02 2.34623708086785054E+00 0.00000000000000000E+00 -3.32879320617324448E-01 1.93575610347868854E+00 6.29526908536425012E-01 0.00000000000000000E+00 2.31999999999999940E+00
gravity -1.43652622635753939E+01 -9.51245429755299376E+00 -6.81118279054691023E+00 3.40149978525234253E+00 -1.01382459939539942E+01
bias 1.43864877130639490E+00 -4.12252478791219890E+00 -7.61693119373429184E+00 -2.37298717991874675E+00 -2.58591942843224176E+00
passive 2.78185536752815821E-01 8.36402997860563185E-02 6.92092942919140669E-02 -3.73768318277303280E-02 0.00000000000000000E+00
actuation 1.83999999999999986E+00 -1.61494647528757218E+00 7.91421962179612692E-01 0.00000000000000000E+00 0.00000000000000000E+00
length -1.39726025705281187E+00 -2.52610720856783433E-01 -4.64304849564654010E-02
velocity 3.19913367265738202E+00 5.85482098502394188E-01 -2.30697647639713566E-01
force -8.00000000000000044E-01 2.30706639326796026E+00 7.91421962179612692E-01
position 0.00000000000000000E+00 0.00000000000000000E+00 0.00000000000000000E+00
quaternion 1.00000000000000000E+00 0.00000000000000000E+00 0.00000000000000000E+00 0.00000000000000000E+00
position 2.60010821286767446E-02 -7.33886882070851065E-02 9.97902449758608312E-01
quaternion 8.82966012765722841E-01 5.42747805798867791E-02 -1.53294420533919673E-01 4.40370399921221234E-01
position 3.88631162922933149E-01 8.66838858866196549E-02 1.22785069507952072E+00
quaternion 8.86743483945527045E-01 4.24999425141296197E-02 -1.29669397879289744E-01 4.41662309711918721E-01
position 2.10424069640260863E-01 2.09195889883216080E-01 1.63187178460391547E+00
quaternion 8.86743483945527045E-01 4.24999425141296197E-02 -1.29669397879289744E-01 4.41662309711918721E-01
position -2.88194959273976870E-01 -2.00925840294583824E-01 9.70822223880594359E-01
quaternion 5.59501389203541089E-01 -2.91582789443781354E-01 -1.53937658342429423E-01 7.60421507930661211E-01
unchanged_qpos 6.07504459588179113E-01 3.60872458366833460E-01 -4.64304849564654010E-02 5.33954740396147542E-02 -4.09608486828384466E-02
unchanged_qvel -1.39092768376407916E+00 -8.36402997860563158E-01 -2.30697647639713566E-01 1.38962236673339268E+00 -1.29845731205830539E-01
unchanged_time 1.25000000000000000E-01
act
step SUCCESS
step_clamped -1.00000000000000000E+00
qpos 6.04680683597966118E-01 3.59186976877292952E-01 -4.68673739763032365E-02 5.62102118285831634E-02 -4.12360305548319789E-02
qvel -1.41188799510647200E+00 -8.42740744770257622E-01 -2.18444509918916452E-01 1.40736889448420532E+00 -1.37590935996767000E-01
time 1.27000000000000002E-01
reset_qpos 0.00000000000000000E+00 0.00000000000000000E+00 0.00000000000000000E+00 0.00000000000000000E+00 0.00000000000000000E+00
reset_qvel 0.00000000000000000E+00 0.00000000000000000E+00 0.00000000000000000E+00 0.00000000000000000E+00 0.00000000000000000E+00
forward SUCCESS
forward_clamped -1.00000000000000000E+00
qacc -1.07814498110337031E+00 9.53395899187600371E-01 -4.97360084876938124E+00 5.19148158093142165E+00 -5.67505067970902388E+00
act_dot
mass 1.46006344643030399E+01 -5.18804857772381389E+00 5.31042421467027825E+00 2.24890995677731897E+00 4.88595307129558010E-01 -5.18804857772381389E+00 9.25000000000000533E+00 -2.50373832220398440E-01 -2.48458916340944880E+00 1.33856735274062766E+00 5.31042421467027825E+00 -2.50373832220398440E-01 3.74900099693009992E+00 -7.99763142668257349E-02 6.29526908536425012E-01 2.24890995677731897E+00 -2.48458916340944880E+00 -7.99763142668257349E-02 2.34623708086785010E+00 0.00000000000000000E+00 4.88595307129558010E-01 1.33856735274062766E+00 6.29526908536425012E-01 0.00000000000000000E+00 2.31999999999999940E+00
gravity -8.86200270097765030E-01 1.58143488878325513E+01 -1.21873706597995124E+01 1.47634013552928955E+00 -9.27112388794977882E+00
bias 3.97121371091842974E+01 1.65487518244981970E+01 1.23023264693171726E+01 -6.47592971781655002E+00 6.25836117968779959E+00
passive 3.33357218747328155E-01 -1.59656913531725231E-01 -5.22766027131711164E-01 -1.23262558936653235E-01 0.00000000000000000E+00
actuation 1.83999999999999986E+00 -4.04061879533760315E+00 -3.38587572423992977E+00 0.00000000000000000E+00 0.00000000000000000E+00
length 1.91601268038747080E-01 5.34535908193903619E-01 -4.77681314761926712E-01
velocity 3.83360801559427333E+00 -1.11759839472207645E+00 1.74255342377237055E+00
force -8.00000000000000044E-01 5.77231256476800425E+00 -3.38587572423992977E+00
position 0.00000000000000000E+00 0.00000000000000000E+00 0.00000000000000000E+00
quaternion 1.00000000000000000E+00 0.00000000000000000E+00 0.00000000000000000E+00 0.00000000000000000E+00
position 8.96410995736320881E-01 -9.19095918668778322E-02 9.64370173184372570E-01
quaternion 9.63669315054623388E-01 3.85887375824313372E-02 -2.60246248596322616E-01 -4.60895936789213756E-02
position 1.17626611342881460E+00 -3.39068844126009739E-01 1.23006439051705607E+00
quaternion 9.82820316279856221E-01 4.24919698180820440E-02 -1.74501818311069284E-01 -4.25179234520340066E-02
position 1.14491492087107538E+00 -1.77828674656016872E-01 1.65787125169917360E+00
quaternion 9.82820316279856221E-01 4.24919698180820371E-02 -1.74501818311069284E-01 -4.25179234520340066E-02
position 5.32351397349981159E-01 2.06741280958867374E-01 9.65952076426047967E-01
quaternion 8.68628483897484815E-01 -3.16988117470505371E-01 -1.09988544798015175E-01 3.64562217402841837E-01
unchanged_qpos -8.33048991472813416E-02 -7.63622725991290885E-01 -4.77681314761926712E-01 1.76089369909504634E-01 1.09906318410091686E-01
unchanged_qvel -1.66678609373664077E+00 1.59656913531725220E+00 1.74255342377237055E+00 -9.52687857072479272E-01 -9.99265537864348907E-01
unchanged_time 1.25000000000000000E-01
act
step SUCCESS
step_clamped -1.00000000000000000E+00
qpos -8.66427878476686425E-02 -7.60425775282907779E-01 -4.74216093424616403E-01 1.74204762981249428E-01 1.07885086207916231E-01
qvel -1.66894435019365273E+00 1.59847535419156395E+00 1.73261066865515767E+00 -9.42303464127598800E-01 -1.01061610108772637E+00
time 1.27000000000000002E-01
reset_qpos 0.00000000000000000E+00 0.00000000000000000E+00 0.00000000000000000E+00 0.00000000000000000E+00 0.00000000000000000E+00
reset_qvel 0.00000000000000000E+00 0.00000000000000000E+00 0.00000000000000000E+00 0.00000000000000000E+00 0.00000000000000000E+00
forward SUCCESS
forward_clamped -1.00000000000000000E+00
qacc 8.53372239001527433E+00 5.56974504755173072E+00 -1.09664633464344679E+01 -1.07419269470483201E+01 -1.49464065332098595E+00
act_dot
mass 8.92911442247156195E+00 -2.84512295688934591E+00 9.40050265440815602E-01 2.97193008425525340E+00 -5.47310897761456472E-01 -2.84512295688934591E+00 9.25000000000000355E+00 3.12457770759452202E+00 -1.02571694147744807E+00 2.03440151672285330E+00 9.40050265440815602E-01 3.12457770759452202E+00 3.39675448826946980E+00 -5.65002038561809306E-02 6.29526908536425234E-01 2.97193008425525340E+00 -1.02571694147744807E+00 -5.65002038561809306E-02 2.34623708086784966E+00 0.00000000000000000E+00 -5.47310897761456472E-01 2.03440151672285330E+00 6.29526908536425234E-01 0.00000000000000000E+00 2.31999999999999984E+00
gravity 1.21799199646221918E+01 1.20538463781084442E+01 -7.58232673624584663E+00 -7.51658797715153248E+00 -1.78060793130697981E+00
bias -7.99038700959575188E+00 9.67259285350933240E+00 2.23113841292151482E+00 -2.67652929417312713E+00 1.67436420660871832E+00
passive -2.37986074253960123E-01 -6.14048741381830118E-02 3.13314063496180795E-01 -8.98722047239319116E-02 0.00000000000000000E+00
actuation -1.37999999999999989E+00 -1.50582861140114144E+00 -2.48207422268671429E+00 0.00000000000000000E+00 0.00000000000000000E+00
length -1.18663924678535246E-01 4.87284094490562258E-01 7.63336862518865455E-01
velocity -2.73683985392054119E+00 -4.29834118967281020E-01 -1.04438021165393602E+00
force 5.99999999999999978E-01 2.15118373057305945E+00 -2.48207422268671429E+00
position 0.00000000000000000E+00 0.00000000000000000E+00 0.00000000000000000E+00
quaternion 1.00000000000000000E+00 0.00000000000000000E+00 0.00000000000000000E+00 0.00000000000000000E+00
position 7.74271878099847322E-01 3.66540502742329299E-01 1.08320440810752094E+00
quaternion 7.38689264199005824E-01 2.10569661435473815E-01 -3.50650212342839551E-01 5.35763956630158855E-01
position 1.00487157647093506E+00 4.87952713003205751E-01 1.46014320195969560E+00
quaternion 7.59662079434116677E-01 1.75766493663065487E-01 -3.02540783248772760E-01 5.48168531791495939E-01
position 7.31844611957200741E-01 3.88555754377491236E-01 1.81451097880230594E+00
quaternion 7.59662079434116677E-01 1.75766493663065487E-01 -3.02540783248772760E-01 5.48168531791495939E-01
position 5.79244405062442125E-01 2.14192383024605498E-01 9.06835503568571899E-01
quaternion 4.54134109146595355E-01 -2.32084197017882549E-01 -4.33828396970182495E-01 7.42759758190004948E-01
unchanged_qpos 5.15930107297979390E-02 -6.96120134986517591E-01 7.63336862518865455E-01 1.28388863891331306E-01 -8.71735052326778614E-02
unchanged_qvel 1.18993037126980061E+00 6.14048741381830077E-01 -1.04438021165393602E+00 -1.62234705833434889E+00 1.64634107513260020E-01
unchanged_time 1.25000000000000000E-01
act
step SUCCESS
step_clamped -1.00000000000000000E+00
qpos 5.40069977216174474E-02 -6.94869766990317994E-01 7.61204254199455477E-01 1.25101209742315922E-01 -8.68502150667883610E-02
qvel 1.20699349590975302E+00 6.25183998099812288E-01 -1.06630415970499093E+00 -1.64382707450769683E+00 1.61645082944750634E-01
time 1.27000000000000002E-01
reset_qpos 0.00000000000000000E+00 0.00000000000000000E+00 0.00000000000000000E+00 0.00000000000000000E+00 0.00000000000000000E+00
reset_qvel 0.00000000000000000E+00 0.00000000000000000E+00 0.00000000000000000E+00 0.00000000000000000E+00 0.00000000000000000E+00
forward SUCCESS
forward_clamped -1.00000000000000000E+00
qacc 1.45591323325056514E+01 9.22548879373653108E+00 -1.65238651990427527E+01 -1.25463692333563426E+01 -4.55652614760918695E+00
act_dot
mass 5.58783112719755781E+00 -3.98313382576783148E+00 1.64921395652562275E+00 2.51369848309832156E+00 -1.66241812151411927E-01 -3.98313382576783148E+00 9.25000000000000355E+00 1.35204824737933604E+00 -2.06043019159174712E+00 2.11140981954103379E+00 1.64921395652562275E+00 1.35204824737933604E+00 2.73352175525176966E+00 4.29334225224048960E-02 6.29526908536424568E-01 2.51369848309832156E+00 -2.06043019159174712E+00 4.29334225224048960E-02 2.34623708086785054E+00 0.00000000000000000E+00 -1.66241812151411927E-01 2.11140981954103379E+00 6.29526908536424568E-01 0.00000000000000000E+00 2.31999999999999851E+00
gravity -1.51959546899227202E+01 2.00163097237112027E+01 -1.16481769452240407E+01 -1.34257187581579824E+01 -4.07256407452201419E+00
bias 3.14024968909519586E-01 1.16799339909537947E+00 -7.39767084260035013E-01 -6.79671765787420057E-01 8.77575301213084913E-03
passive -4.63803134424328120E-02 -1.32708685053105319E-01 1.31069075666741808E-01 8.15667147757009880E-02 0.00000000000000000E+00
actuation 1.83999999999999986E+00 2.20439084622676607E+00 -1.15803637889680244E+00 0.00000000000000000E+00 0.00000000000000000E+00
length 6.50516212927530146E-01 1.48633647481780345E-01 1.87846098520151217E-01
velocity -5.33373604587977224E-01 -9.28960795371737147E-01 -4.36896918889139396E-01
force -8.00000000000000044E-01 -3.14912978032395197E+00 -1.15803637889680244E+00
position 0.00000000000000000E+00 0.00000000000000000E+00 0.00000000000000000E+00
quaternion 1.00000000000000000E+00 0.00000000000000000E+00 0.00000000000000000E+00 0.00000000000000000E+00
position 3.48204331887955354E-01 1.27733192295668208E-01 9.40665511944459798E-01
quaternion 8.92853652316158986E-01 1.36675878433502040E-01 -3.96616418364943102E-01 1.63790953607000689E-01
position 6.14731554409669312E-01 -1.78356835267761693E-02 1.28384613792245772E+00
quaternion 8.68244134926175803E-01 1.45981354814739700E-01 -4.47933421322004643E-01 1.55554544374354814E-01
position 2.96617539544994702E-01 2.07546586899395313E-02 1.61143468936202550E+00
quaternion 8.68244134926175803E-01 1.45981354814739700E-01 -4.47933421322004643E-01 1.55554544374354786E-01
position 1.04599930477808384E-01 1.89656347904834321E-01 7.84705987013914474E-01
quaternion 7.48784419995461969E-01 -3.08277281197386011E-01 -3.29613774977467910E-01 4.85429469248324752E-01
unchanged_qpos -2.82833136055447909E-01 -2.12333782116829073E-01 1.87846098520151217E-01 -1.16523878251001411E-01 -9.79863420956347264E-02
unchanged_qvel 2.31901567212164039E-01 1.32708685053105313E+00 -4.36896918889139396E-01 -1.95776352825946010E+00 -1.95046247024171793E+00
unchanged_time 1.25000000000000000E-01
act
step SUCCESS
step_clamped -1.00000000000000000E+00
qpos -2.82311156753244141E-01 -2.09642734943175174E-01 1.86906272603852619E-01 -1.20489552287429469E-01 -1.01905488742887906E-01
qvel 2.60989651101877440E-01 1.34552358682695150E+00 -4.69912958149298177E-01 -1.98283701821402936E+00 -1.95957332362658754E+00
time 1.27000000000000002E-01
reset_qpos 0.00000000000000000E+00 0.00000000000000000E+00 0.00000000000000000E+00 0.00000000000000000E+00 0.00000000000000000E+00
reset_qvel 0.00000000000000000E+00 0.00000000000000000E+00 0.00000000000000000E+00 0.00000000000000000E+00 0.00000000000000000E+00
forward SUCCESS
forward_clamped -1.00000000000000000E+00
qacc 7.59355746791541719E+00 6.03552245140022503E+00 -1.08164274936621645E+01 4.68575350485576081E+00 -5.53684435725164992E+00
act_dot
mass 1.34003852523038152E+01 -6.06652732798621841E+00 6.64011749217586100E+00 1.50612718109081145E+00 4.68119089271202049E-01 -6.06652732798621841E+00 9.25000000000000178E+00 -1.68551689370714186E+00 -2.06017780755768953E+00 9.24546536598228608E-01 6.64011749217586100E+00 -1.68551689370714186E+00 4.66232477601900097E+00 -2.48317580498503498E-01 6.29526908536425012E-01 1.50612718109081145E+00 -2.06017780755768953E+00 -2.48317580498503498E-01 2.34623708086785054E+00 0.00000000000000000E+00 4.68119089271202049E-01 9.24546536598228608E-01 6.29526908536425012E-01 0.00000000000000000E+00 2.31999999999999984E+00
gravity -2.67159732561018082E+01 2.20690160916808082E+01 -2.25529562374015420E+01 9.34413226350592119E+00 -1.21767096972274835E+01
bias -2.25798854022384177E+01 1.33584152980861113E+01 -8.91915203645556076E+00 -3.55984421664810391E+00 -1.97253764646861596E+00
passive -9.57257476120865758E-02 -1.56653234542937558E-01 4.23258867121830307E-01 -3.27906629634004076E-01 0.00000000000000000E+00
actuation 1.83999999999999986E+00 4.53072766975346397E+00 -1.47712145805195361E+00 0.00000000000000000E+00 0.00000000000000000E+00
length 1.00747618547071371E+00 3.85803642447878958E-01 -6.98525586270494103E-01
velocity -1.10084609753899532E+00 -1.09657264180056258E+00 -1.41086289040610113E+00
force -8.00000000000000044E-01 -6.47246809964780656E+00 -1.47712145805195361E+00
position 0.00000000000000000E+00 0.00000000000000000E+00 0.00000000000000000E+00
quaternion 1.00000000000000000E+00 0.00000000000000000E+00 0.00000000000000000E+00 0.00000000000000000E+00
position 4.87986019322240061E-01 -2.38356629353557836E-01 8.52305528426633430E-01
quaternion 9.14569019428923879E-01 5.98753123838533866E-02 -2.62237379344101351E-01 -3.02009954376491307E-01
position 6.04216869008931567E-01 -6.29079358747078210E-01 1.06165246133081448E+00
quaternion 9.50458469469887768E-01 1.28331967766933425E-01 -4.28209322341797788E-02 -2.79867775252209350E-01
position 7.31095509346304961E-01 -6.09288988643747254E-01 1.50155034934269471E+00
quaternion 9.50458469469887768E-01 1.28331967766933425E-01 -4.28209322341797788E-02 -2.79867775252209350E-01
position 3.68581716198088050E-01 8.53454126176926564E-03 7.93972043357903057E-01
quaternion 9.55228014266167658E-01 -2.57804884512782440E-01 -6.65233140237217330E-02 1.29037711440363301E-01
unchanged_qpos -4.38033124117701622E-01 -5.51148060639827131E-01 -6.98525586270494103E-01 4.68438042334291538E-01 -1.19322337158190073E-01
unchanged_qvel 4.78628738060432823E-01 1.56653234542937536E+00 -1.41086289040610113E+00 8.15209251958269210E-01 -1.13481781399463477E+00
unchanged_time 1.25000000000000000E-01
act
step SUCCESS
step_clamped -1.00000000000000000E+00
qpos -4.37045518283799783E-01 -5.47990859923285334E-01 -7.01390536217729177E-01 4.70087219532434264E-01 -1.21614123799384494E-01
qvel 4.93802916950906889E-01 1.57860035827088696E+00 -1.43247497361752596E+00 8.24588599071367279E-01 -1.14589332059721238E+00
time 1.27000000000000002E-01
reset_qpos 0.00000000000000000E+00 0.00000000000000000E+00 0.00000000000000000E+00 0.00000000000000000E+00 0.00000000000000000E+00
reset_qvel 0.00000000000000000E+00 0.00000000000000000E+00 0.00000000000000000E+00 0.00000000000000000E+00 0.00000000000000000E+00
forward SUCCESS
forward_clamped -1.00000000000000000E+00
qacc -5.39028998572954343E+00 1.18834519242677716E+00 -7.35376709772624793E+00 1.45687287559349099E+00 -2.74740007099753658E-01
act_dot
mass 3.36747465569708160E+00 -2.55594659402322311E+00 -5.89846775834574677E-01 1.05165164254912447E+00 4.11377462627648183E-01 -2.55594659402322311E+00 9.25000000000000533E+00 3.02966324012007648E+00 -1.50969987661551874E+00 2.15160358794949413E+00 -5.89846775834574677E-01 3.02966324012007648E+00 4.14292005405639063E+00 -1.10276668278569356E-01 6.29526908536425012E-01 1.05165164254912447E+00 -1.50969987661551874E+00 -1.10276668278569356E-01 2.34623708086785232E+00 0.00000000000000000E+00 4.11377462627648183E-01 2.15160358794949413E+00 6.29526908536425012E-01 0.00000000000000000E+00 2.31999999999999984E+00
gravity -1.71769368842726706E+01 -9.99157987226881872E+00 -1.43233790735821209E+01 3.85766741304065652E+00 -9.39012079745941541E+00
bias -3.80338857954161558E+00 -7.99045845758726081E+00 7.53856630446899256E+00 7.08056451710274892E+00 -4.69293291572343207E+00
passive -3.30162605336726089E-01 5.73740839605087205E-02 5.00705344899435190E-01 -1.64015231414496032E-01 0.00000000000000000E+00
actuation -1.37999999999999989E+00 1.42002996526398673E+00 -2.67145146530485533E+00 0.00000000000000000E+00 0.00000000000000000E+00
length -1.42162584119003332E+00 -4.18185948537028951E-01 5.37858472453521808E-01
velocity -3.79686996137234933E+00 4.01618587723560960E-01 -1.66901781633145063E+00
force 5.99999999999999978E-01 -2.02861423609140967E+00 -2.67145146530485533E+00
position 0.00000000000000000E+00 0.00000000000000000E+00 0.00000000000000000E+00
quaternion 1.00000000000000000E+00 0.00000000000000000E+00 0.00000000000000000E+00 0.00000000000000000E+00
position -3.11774831625917626E-01 -5.06315495008422545E-02 1.06705026959476879E+00
quaternion 7.21582729768491249E-01 1.86378593133689763E-01 -1.55909574532405198E-01 6.48285113735063145E-01
position -6.70351570332832769E-02 2.35246899818201183E-01 1.32853832648309123E+00
quaternion 7.34860165935471876E-01 1.09325623078981637E-01 -7.04979989241787536E-02 6.65626379290491621E-01
position -2.38609587670118917E-01 2.47718188495900243E-01 1.75328140377848785E+00
quaternion 7.34860165935471987E-01 1.09325623078981665E-01 -7.04979989241787675E-02 6.65626379290491732E-01
position -1.06662146556887105E-01 4.06901602901387771E-02 7.62984047468733384E-01
quaternion 3.56967623589141470E-01 -1.68579670921853664E-01 -2.88273470163809664E-01 8.72383755385619075E-01
unchanged_qpos 6.18098191821753629E-01 5.97408497910041358E-01 5.37858472453521808E-01 2.34307473449280046E-01 -6.38257681251120701E-01
unchanged_qvel 1.65081302668363028E+00 -5.73740839605087150E-01 -1.66901781633145063E+00 -1.24609492934437194E+00 2.72930905578006033E-02
unchanged_time 1.25000000000000000E-01
act
step SUCCESS
step_clamped -1.00000000000000000E+00
qpos 6.21378260268350191E-01 5.96265768610137692E-01 5.34491027384256689E-01 2.31821109109763862E-01 -6.38204195259475582E-01
qvel 1.64003422329825899E+00 -5.71364649951847769E-01 -1.68372253463255284E+00 -1.24318216975809781E+00 2.67429958225647510E-02
time 1.27000000000000002E-01
reset_qpos 0.00000000000000000E+00 0.00000000000000000E+00 0.00000000000000000E+00 0.00000000000000000E+00 0.00000000000000000E+00
reset_qvel 0.00000000000000000E+00 0.00000000000000000E+00 0.00000000000000000E+00 0.00000000000000000E+00 0.00000000000000000E+00
forward SUCCESS
forward_clamped -1.00000000000000000E+00
qacc 3.75370974321339090E-01 3.33218311024956027E+00 -3.36449824698459654E+00 6.87976892560453468E+00 -6.15523720726765156E+00
act_dot
mass 1.03183504603536225E+01 -4.30533728175469221E+00 6.40129902573947973E+00 1.94999692965230231E+00 1.11425288347024587E-02 -4.30533728175469221E+00 9.25000000000000178E+00 6.54476480735366795E-01 -1.84598475226513381E+00 1.45685105409918791E+00 6.40129902573947973E+00 6.54476480735366795E-01 7.25123811342893188E+00 -4.22014302385810447E-01 6.29526908536425123E-01 1.94999692965230231E+00 -1.84598475226513381E+00 -4.22014302385810447E-01 2.34623708086785010E+00 0.00000000000000000E+00 1.11425288347024587E-02 1.45685105409918791E+00 6.29526908536425123E-01 0.00000000000000000E+00 2.31999999999999984E+00
gravity -5.77810387135385728E+00 1.52596821174804500E+01 -1.42025956697896696E+01 1.38629759714372369E+01 -8.89487196166254002E+00
bias 1.44424695124631324E+01 6.74367542099725448E+00 1.13859718479962382E+01 8.84082145422296684E-01 2.63408972682409459E+00
passive -2.77494241848895318E-01 1.01567359751500608E-01 1.11608705546470593E-01 -5.07183202576665160E-01 -0.00000000000000000E+00
actuation 1.83999999999999986E+00 -3.49860039313940607E+00 -1.19333470074088766E+00 0.00000000000000000E+00 0.00000000000000000E+00
length 1.41905102803457694E-01 2.08898482907278998E-01 -4.07461339740281758E-01
velocity -3.19118378126229585E+00 7.10971518260504087E-01 -3.72029018488235330E-01
force -8.00000000000000044E-01 4.99800056162772321E+00 -1.19333470074088766E+00
position 0.00000000000000000E+00 0.00000000000000000E+00 0.00000000000000000E+00
quaternion 1.00000000000000000E+00 0.00000000000000000E+00 0.00000000000000000E+00 0.00000000000000000E+00
position 4.56415509249616602E-01 -4.19331086429966735E-02 8.93269749962933401E-01
quaternion 9.62431628963978492E-01 4.64486447682971662E-02 -2.67482139865303004E-01 -4.60302313809762831E-03
position 7.50829422855088024E-01 -2.63239548910347343E-01 1.16593054100503313E+00
quaternion 9.94759510468447794E-01 4.50651400340862721E-02 9.09662130120443696E-02 1.21572026605430861E-02
position 9.18777155074307794E-01 -9.58509006225908289E-02 1.55807158663379530E+00
quaternion 9.94759510468447794E-01 4.50651400340862721E-02 9.09662130120443696E-02 1.21572026605430861E-02
position -2.69205156400749990E-01 5.22706646245329476E-01 1.07901643993116325E+00
quaternion 8.50502318627543996E-01 -3.18534195055684199E-01 -1.29865399138425736E-01 3.97890375224151827E-01
unchanged_qpos -6.16978707841120411E-02 -2.98426404153255720E-01 -4.07461339740281758E-01 7.24547432252378831E-01 5.99774155185814006E-01
unchanged_qvel 1.38747120924447653E+00 -1.01567359751500597E+00 -3.72029018488235330E-01 -4.02919202108273034E-01 5.57450953422178319E-01
unchanged_time 1.25000000000000000E-01
act
step SUCCESS
step_clamped -1.00000000000000000E+00
qpos 2.35855784579890121E-01 -4.38789864132027363E-01 -5.49653588775662061E-01 7.84462612597291664E-01 5.90546962147816434E-01
qvel 1.65146515173071817E+00 -4.45074144714700692E-01 -1.04361232323807451E+00 9.92322986183495126E-01 -6.03223247824800191E-01
time 3.25000000000000178E-01
reset_qpos 0.00000000000000000E+00 0.00000000000000000E+00 0.00000000000000000E+00 0.00000000000000000E+00 0.00000000000000000E+00
reset_qvel 0.00000000000000000E+00 0.00000000000000000E+00 0.00000000000000000E+00 0.00000000000000000E+00 0.00000000000000000E+00
forward SUCCESS
forward_clamped -1.00000000000000000E+00
qacc 1.10150978779478637E+00 3.66436488151035400E+00 -3.37230642444813444E+00 -2.01152848432084941E+00 1.26491914762504232E+00
act_dot
mass 7.80983600826932456E+00 -3.31013175563361806E+00 2.26584097365840043E+00 2.79588108916394251E+00 -2.49264157470175191E-01 -3.31013175563361806E+00 9.25000000000000178E+00 2.79534392290461664E+00 -1.44605976842217965E+00 2.14248822319126075E+00 2.26584097365840043E+00 2.79534392290461664E+00 5.50716287473307542E+00 -1.34865188840581629E-01 6.29526908536424901E-01 2.79588108916394251E+00 -1.44605976842217965E+00 -1.34865188840581629E-01 2.34623708086785143E+00 0.00000000000000000E+00 -2.49264157470175191E-01 2.14248822319126075E+00 6.29526908536424901E-01 0.00000000000000000E+00 2.31999999999999895E+00
gravity -1.40701719744147127E+01 2.18794363444069084E+01 -2.96238533920763825E+00 -9.02368029023117302E+00 6.99840408206841236E-01
bias 2.02924242879232786E+00 -4.08324014002905855E-01 4.04327413582662043E+00 -2.87664573827612857E+00 -7.48347632731046808E+00
passive 9.36763534844956003E-02 -1.90558022972211222E-01 4.51518366116308689E-01 -1.95499094183190114E-01 0.00000000000000000E+00
actuation -1.37999999999999989E+00 4.38814846248347390E+00 2.06135859412669742E+00 0.00000000000000000E+00 0.00000000000000000E+00
length 9.64278790436799538E-01 2.79160218165142415E-01 5.67583536710808856E-01
velocity 1.07727806507169910E+00 -1.33390616080547830E+00 -1.50506122038769563E+00
force 5.99999999999999978E-01 -6.26878351783353427E+00 2.06135859412669742E+00
position 0.00000000000000000E+00 0.00000000000000000E+00 0.00000000000000000E+00
quaternion 1.00000000000000000E+00 0.00000000000000000E+00 0.00000000000000000E+00 0.00000000000000000E+00
position 4.65433465533098611E-01 1.66422183143088709E-01 1.03767323813847789E+00
quaternion 8.20229672798938880E-01 1.66267718408039250E-01 -4.75091292930291620E-01 2.71784092723166060E-01
position 6.77638879944971961E-01 6.90732332927462001E-02 1.43199803327228725E+00
quaternion 8.78372837063017720E-01 1.26819938949154137E-01 -3.56299890356277960E-01 2.92281115241649458E-01
position 3.93678560525843269E-01 9.83498517026037133E-02 1.79048013409444828E+00
quaternion 8.78372837063017720E-01 1.26819938949154137E-01 -3.56299890356278015E-01 2.92281115241649458E-01
position -4.80513660579242885E-01 2.26147014514305689E-01 8.09204475628401365E-01
quaternion 6.52845587839712138E-01 -3.16584334996678374E-01 -4.43913694810699200E-01 5.25839927004829955E-01
unchanged_qpos -4.19251648015999845E-01 -3.98800311664489204E-01 5.67583536710808856E-01 2.79284420261700195E-01 6.37578165969272526E-01
unchanged_qvel -4.68381767422477946E-01 1.90558022972211205E+00 -1.50506122038769563E+00 2.98992971566069965E-01 -7.90449363620141732E-01
unchanged_time 1.25000000000000000E-01
act
step SUCCESS
step_clamped -1.00000000000000000E+00
qpos -4.20184009094745459E-01 -3.94974496386865270E-01 5.64559929296143848E-01 2.79874362977075297E-01 6.36002327819182867E-01
qvel -4.66180539372810954E-01 1.91290763881196813E+00 -1.51180370733252833E+00 2.94971357687556501E-01 -7.87919075044853146E-01
time 1.27000000000000002E-01
reset_qpos 0.00000000000000000E+00 0.00000000000000000E+00 0.00000000000000000E+00 0.00000000000000000E+00 0.00000000000000000E+00
reset_qvel 0.00000000000000000E+00 0.00000000000000000E+00 0.00000000000000000E+00 0.00000000000000000E+00 0.00000000000000000E+00
forward SUCCESS
forward_clamped -1.00000000000000000E+00
qacc 9.92447359918236671E+00 9.61830364785238423E+00 -1.41636495754679270E+01 -8.92612293778199728E+00 -3.90104154229745159E+00
act_dot
mass 2.93386028392271481E+00 -1.87804771236080525E+00 9.92172154052958444E-01 1.76090393920774013E+00 1.21855990140758971E-01 -1.87804771236080525E+00 9.25000000000000355E+00 3.64189077328860300E+00 -1.39999224842740988E+00 2.15555292418079780E+00 9.92172154052958444E-01 3.64189077328860300E+00 5.69136418925138177E+00 -3.38833241536503293E-01 6.29526908536425345E-01 1.76090393920774013E+00 -1.39999224842740988E+00 -3.38833241536503293E-01 2.34623708086785054E+00 0.00000000000000000E+00 1.21855990140758971E-01 2.15555292418079780E+00 6.29526908536425345E-01 0.00000000000000000E+00 2.32000000000000073E+00
gravity -9.67982347294653600E+00 2.27586854392392617E+01 -2.21426188305873701E+01 -2.14438002022901486E+00 7.86987547615304428E-01
bias 7.84507796336866647E+00 1.43663742802282357E+00 1.62742097016283012E+01 9.76299201540707884E+00 -3.29207318161295648E+00
passive -2.39232746324605672E-01 1.97192647490583961E-01 4.61576626120298261E-01 -4.23697958016506449E-01 0.00000000000000000E+00
actuation -1.37999999999999989E+00 9.78214844718497400E-01 2.69020374129616480E+00 0.00000000000000000E+00 0.00000000000000000E+00
length 1.21885452779661208E+00 -1.25699626477948884E-01 5.22480219314892080E-01
velocity -2.75117658273296462E+00 1.38034853243408739E+00 -1.53858875373432769E+00
force 5.99999999999999978E-01 -1.39744977816928206E+00 2.69020374129616480E+00
position 0.00000000000000000E+00 0.00000000000000000E+00 0.00000000000000000E+00
quaternion 1.00000000000000000E+00 0.00000000000000000E+00 0.00000000000000000E+00 0.00000000000000000E+00
position -4.92728234372373786E-02 3.82873935423449274E-01 8.82392803235157563E-01
quaternion 8.27864533442372763E-01 1.58440993524615631E-01 -4.97751837042409828E-01 2.04401258704738742E-01
position 1.42392992429088594E-01 2.35327354046159731E-01 1.27161538910623806E+00
quaternion 9.38591468885961455E-01 9.03199756456097153E-02 -2.28391399893570268E-01 2.42333912171873500E-01
position -3.29999193518656919E-02 3.37842400189684033E-01 1.68238051884729778E+00
quaternion 9.38591468885961455E-01 9.03199756456097153E-02 -2.28391399893570268E-01 2.42333912171873500E-01
position 2.90558770989631399E-01 3.29110763039479504E-01 6.95727899859543086E-01
quaternion 6.92286034909950998E-01 -3.27737746769850735E-01 -4.42110857463295315E-01 4.66761186179773468E-01
unchanged_qpos -5.29936751215918322E-01 1.79570894968498429E-01 5.22480219314892080E-01 6.05282797166437847E-01 -6.53979900679314441E-01
unchanged_qvel 1.19616373162302825E+00 -1.97192647490583939E+00 -1.53858875373432769E+00 4.69206867374774461E-01 1.51269354480529739E+00
unchanged_time 1.25000000000000000E-01
act
step SUCCESS
step_clamped -1.00000000000000000E+00
qpos -5.27504763672613897E-01 1.75665497980340868E-01 5.19346410806676317E-01 6.06185527903033483E-01 -6.50970106142844007E-01
qvel 1.21599377165223976E+00 -1.95269849407878548E+00 -1.56690425410788947E+00 4.51365368297813152E-01 1.50489726823522774E+00
time 1.27000000000000002E-01
reset_qpos 0.00000000000000000E+00 0.00000000000000000E+00 0.00000000000000000E+00 0.00000000000000000E+00 0.00000000000000000E+00
reset_qvel 0.00000000000000000E+00 0.00000000000000000E+00 0.00000000000000000E+00 0.00000000000000000E+00 0.00000000000000000E+00
forward SUCCESS
forward_clamped -1.00000000000000000E+00
qacc 6.02287090685760962E+00 6.46730673574725579E+00 -8.57515483782671595E+00 -2.29516579840568191E+00 -4.74720770667364356E+00
act_dot
mass 4.96803038546527098E+00 -3.96850684688629407E+00 1.68206527173156850E+00 2.35230886862545319E+00 -1.95451028673664540E-01 -3.96850684688629407E+00 9.24999999999999822E+00 1.34652636227393319E+00 -2.24907434191837829E+00 2.04047626468392718E+00 1.68206527173156850E+00 1.34652636227393319E+00 3.40119585634678012E+00 -5.64027146929935164E-02 6.29526908536425012E-01 2.35230886862545319E+00 -2.24907434191837829E+00 -5.64027146929935164E-02 2.34623708086784966E+00 0.00000000000000000E+00 -1.95451028673664540E-01 2.04047626468392718E+00 6.29526908536425012E-01 0.00000000000000000E+00 2.31999999999999984E+00
gravity -1.84973348180892003E+01 1.99696530290622221E+01 -1.44382736961477658E+01 -6.84416479105034270E+00 -5.20455860588007457E+00
bias -2.91764244602768397E+00 3.61564489858470184E+00 2.02453027554523679E+00 -1.37726324295125280E+00 -9.62139241236874110E-01
passive 2.43597525870540288E-01 -3.80972763403442105E-02 1.52811363771171466E-01 -8.97297155760538312E-02 0.00000000000000000E+00
actuation 9.73626912519730769E-01 3.78451605731872087E+00 2.79628406433357934E+00 0.00000000000000000E+00 0.00000000000000000E+00
length 6.44130214658467426E-01 -4.28885166519700767E-02 7.40721416644948283E-02
velocity 2.80137154751121331E+00 -2.66680934382409474E-01 -5.09371212570571608E-01
force -4.23316048921622112E-01 -5.40645151045531591E+00 2.79628406433357934E+00
position 0.00000000000000000E+00 0.00000000000000000E+00 0.00000000000000000E+00
quaternion 1.00000000000000000E+00 0.00000000000000000E+00 0.00000000000000000E+00 0.00000000000000000E+00
position 9.02603563940516107E-02 1.54257712578204198E-01 8.62229427606119092E-01
quaternion 9.09169840190986234E-01 1.24813244174650825E-01 -3.80547148150010672E-01 1.14086475099326248E-01
position 3.58134897004887320E-01 -2.07016769637096421E-02 1.19030326457526026E+00
quaternion 9.31676685813183969E-01 1.17249873928752038E-01 -3.21534575730466843E-01 1.21846365500502082E-01
position 1.45776332869468755E-01 6.42915663398804932E-02 1.58739266109836064E+00
quaternion 9.31676685813183969E-01 1.17249873928752038E-01 -3.21534575730466787E-01 1.21846365500502082E-01
position -1.71440048037383497E-01 2.48934559974898051E-01 7.24004868873131424E-01
quaternion 7.81442450946666645E-01 -3.08479185930567446E-01 -2.96666034594549044E-01 4.54067783072116482E-01
unchanged_qpos -2.80056615068898895E-01 6.12693095028143953E-02 7.40721416644948283E-02 1.28185307965791195E-01 -7.81956805958324841E-02
unchanged_qvel -1.21798762935270144E+00 3.80972763403442105E-01 -5.09371212570571608E-01 4.50320071615573081E-01 5.29897365862415537E-01
unchanged_time 1.25000000000000000E-01
act
step SUCCESS
step_clamped -1.00000000000000000E+00
qpos -2.82468527785628087E-01 6.20571113219524489E-02 7.30191240067406405E-02 1.29076784673704176E-01 -7.71548726455989764E-02
qvel -1.20595635836459958E+00 3.93900909569025792E-01 -5.26508828877092716E-01 4.45738353956493583E-01 5.20403975116752182E-01
time 1.27000000000000002E-01
reset_qpos 0.00000000000000000E+00 0.00000000000000000E+00 0.00000000000000000E+00 0.00000000000000000E+00 0.00000000000000000E+00
reset_qvel 0.00000000000000000E+00 0.00000000000000000E+00 0.00000000000000000E+00 0.00000000000000000E+00 0.00000000000000000E+00
forward SUCCESS
forward_clamped -1.00000000000000000E+00
qacc -5.17244423548193577E+00 -5.28456206176407983E-01 -1.74140434136559197E+00 -2.33073198140225024E+00 -5.64883403803716444E+00
act_dot
mass 5.47743155819125604E+00 -5.11986370178538142E+00 1.96020916010963031E+00 2.08432431659040773E+00 -1.27759904217474685E-01 -5.11986370178538142E+00 9.25000000000000178E+00 -5.47997886233135612E-01 -2.06714772173134209E+00 1.26586042821597866E+00 1.96020916010963031E+00 -5.47997886233135612E-01 2.21463754801399260E+00 1.15657096938654808E-01 6.29526908536425234E-01 2.08432431659040773E+00 -2.06714772173134209E+00 1.15657096938654808E-01 2.34623708086785054E+00 0.00000000000000000E+00 -1.27759904217474685E-01 1.26586042821597866E+00 6.29526908536425234E-01 0.00000000000000000E+00 2.31999999999999984E+00
gravity -2.98014111926184917E+01 2.30034874613796276E+01 -1.03568247220258183E+01 -1.75596393602697205E+01 -1.22723791615229221E+01
bias 2.59082257529369375E+00 8.35580305630720055E-01 3.43379609994411084E+00 -1.85882509129944218E+00 1.60367059475709106E+00
passive 1.96477335936196706E-01 -8.57923177462573960E-02 -3.76012263197168295E-01 4.85292823075981150E-01 -0.00000000000000000E+00
actuation -1.37999999999999989E+00 -1.61647894448828255E+00 -3.70485097100731187E+00 0.00000000000000000E+00 0.00000000000000000E+00
length 1.58912815940305840E+00 7.44066531436788914E-02 -5.18914288625211162E-01
velocity 2.25948936326626182E+00 -6.00546224223801772E-01 1.25337421065722765E+00
force 5.99999999999999978E-01 2.30925563498326092E+00 -3.70485097100731187E+00
position 0.00000000000000000E+00 0.00000000000000000E+00 0.00000000000000000E+00
quaternion 1.00000000000000000E+00 0.00000000000000000E+00 0.00000000000000000E+00 0.00000000000000000E+00
position 7.03411713471961408E-02 4.97515772456125216E-03 7.20188994119002390E-01
quaternion 8.76328181477753487E-01 1.07962972098260321E-01 -3.30506108711326796E-01 -3.33404599710472871E-01
position 1.26305635695264484E-01 -4.05066152403251833E-01 9.16998807692666507E-01
quaternion 7.11919154902208362E-01 -1.17286603344610423E-02 -6.08569212523058067E-01 -3.50252864341106029E-01
position -1.13020571561267047E-01 -1.25432434672663351E-01 1.18999688539354209E+00
quaternion 7.11919154902208362E-01 -1.17286603344610423E-02 -6.08569212523058067E-01 -3.50252864341106029E-01
position -6.21333769624379459E-02 3.61154347707868750E-01 7.29571023762036752E-01
quaternion 9.57897768260069227E-01 -2.37316870704071120E-01 -1.43697228305990243E-01 7.39166761886793089E-02
unchanged_qpos -6.90925286696981944E-01 -1.06295218776684131E-01 -5.18914288625211162E-01 -6.93275461537115945E-01 7.02436737495593100E-03
unchanged_qvel -9.82386679680983477E-01 8.57923177462573960E-01 1.25337421065722765E+00 -4.54809224429687742E-01 8.14435812808572024E-01
unchanged_time 1.25000000000000000E-01
act
step SUCCESS
step_clamped -1.00000000000000000E+00
qpos -6.92910744112111732E-01 -1.04581483722605256E-01 -5.16414508103550385E-01 -6.94194405660163549E-01 8.63064322161666113E-03
qvel -9.92728707564902724E-01 8.56867527039435806E-01 1.24989026083037036E+00 -4.59472061523799546E-01 8.03137923330365378E-01
time 1.27000000000000002E-01
reset_qpos 0.00000000000000000E+00 0.00000000000000000E+00 0.00000000000000000E+00 0.00000000000000000E+00 0.00000000000000000E+00
reset_qvel 0.00000000000000000E+00 0.00000000000000000E+00 0.00000000000000000E+00 0.00000000000000000E+00 0.00000000000000000E+00
forward SUCCESS
forward_clamped -1.00000000000000000E+00
qacc 8.92585165048765283E+00 7.30307649290690897E+00 -1.31977291145256430E+01 -1.11159481047709310E+01 -2.92275817949097405E+00
act_dot
mass 4.68681036841750398E+00 -4.23733510670367330E+00 1.04443967772729596E+00 2.07288998693716486E+00 -1.46258974374332162E-01 -4.23733510670367330E+00 9.25000000000000533E+00 8.76390966900722046E-01 -1.80556063112210308E+00 2.10451294705976188E+00 1.04443967772729596E+00 8.76390966900722046E-01 2.30351717125301425E+00 1.15466089711463715E-01 6.29526908536425456E-01 2.07288998693716486E+00 -1.80556063112210308E+00 1.15466089711463715E-01 2.34623708086784966E+00 0.00000000000000000E+00 -1.46258974374332162E-01 2.10451294705976188E+00 6.29526908536425456E-01 0.00000000000000000E+00 2.31999999999999984E+00
gravity -2.50038688980393111E+01 2.27581760562186268E+01 -9.82189891224174616E+00 -2.09139513069796408E+01 -3.60258243424162927E+00
bias 2.52565532816496763E+00 -9.72892517206095420E+00 5.18922432313884840E+00 2.08389780826251547E+00 -2.90563508599506681E+00
passive 3.30467300436897760E-01 -1.27442382316320879E-01 4.70585271305557357E-02 3.24162554458028662E-01 0.00000000000000000E+00
actuation 1.83999999999999986E+00 9.17536925967356587E-02 -2.44279797039334268E+00 0.00000000000000000E+00 0.00000000000000000E+00
length 1.21863525981638299E+00 -1.21742187597849591E-01 1.74471144369502063E-01
velocity 3.80037395502432362E+00 -8.92096676214246043E-01 -1.56861757101852461E-01
force -8.00000000000000044E-01 -1.31076703709622377E-01 -2.44279797039334268E+00
position 0.00000000000000000E+00 0.00000000000000000E+00 0.00000000000000000E+00
quaternion 1.00000000000000000E+00 0.00000000000000000E+00 0.00000000000000000E+00 0.00000000000000000E+00
position -3.32322432791540834E-02 2.73615485644987333E-01 8.21368167923216097E-01
quaternion 8.81437612319125874E-01 1.39071965232130501E-01 -4.48832405455770411E-01 4.77094947407581405E-02
position 1.67779014466167387E-01 3.71693537074210545E-02 1.15854423610037327E+00
quaternion 7.54916134006799799E-01 1.46308997696350362E-01 -6.39127861397296715E-01 1.45218661002878835E-02
position -2.40039829892647494E-01 1.16227115881060800E-01 1.35202203954546341E+00
quaternion 7.54916134006799799E-01 1.46308997696350362E-01 -6.39127861397296715E-01 1.45218661002878835E-02
position -3.31800951141852207E-01 4.49024619829168470E-01 6.76548372790455099E-01
quaternion 8.01544406390706121E-01 -3.14633244220131891E-01 -3.48062054350184780E-01 3.70655220571374733E-01
unchanged_qpos -5.29841417311470941E-01 1.73917410854070864E-01 1.74471144369502063E-01 -4.63089363511469565E-01 1.39242639116654576E-03
unchanged_qvel -1.65233650218448869E+00 1.27442382316320879E+00 -1.56861757101852461E-01 1.99407636662387011E+00 -9.54151741982864898E-01
unchanged_time 1.25000000000000000E-01
act
step SUCCESS
step_clamped -1.00000000000000000E+00
qpos -5.33110416420648048E-01 1.76495455303055188E-01 1.74104661321128812E-01 -4.59145661972534980E-01 -5.27564438180605196E-04
qvel -1.63449955458852858E+00 1.28902222449216297E+00 -1.83241524186622040E-01 1.97185076946729776E+00 -9.59995414673575409E-01
time 1.27000000000000002E-01
reset_qpos 0.00000000000000000E+00 0.00000000000000000E+00 0.00000000000000000E+00 0.00000000000000000E+00 0.00000000000000000E+00
reset_qvel 0.00000000000000000E+00 0.00000000000000000E+00 0.00000000000000000E+00 0.00000000000000000E+00 0.00000000000000000E+00
forward SUCCESS
forward_clamped -1.00000000000000000E+00
qacc 1.02806994377928138E+01 6.37160321336931901E+00 -1.67583605985097499E+01 -1.05600822875310989E+01 -2.74384895085706715E+00
act_dot
mass 1.38026991172530273E+01 -3.39929453774132062E+00 4.68346446963820728E+00 3.39196623434554034E+00 -1.84907302219577296E-01 -3.39929453774132062E+00 9.25000000000000000E+00 1.62022851748630159E+00 -2.04569550840429137E+00 2.10009738099214349E+00 4.68346446963820728E+00 1.62022851748630159E+00 4.85759246397277433E+00 -1.96699469996661547E-01 6.29526908536425234E-01 3.39196623434554034E+00 -2.04569550840429137E+00 -1.96699469996661547E-01 2.34623708086784921E+00 0.00000000000000000E+00 -1.84907302219577296E-01 2.10009738099214349E+00 6.29526908536425234E-01 0.00000000000000000E+00 2.31999999999999940E+00
gravity 4.06440330784768467E+00 1.87788263804465210E+01 -2.11696368040320912E+01 -6.75432196495889592E-01 -4.54061588448115927E+00
bias -4.23786957800963826E+00 4.56645198253773721E+00 -1.21490633776110091E+00 -1.29158546890146564E+00 8.03932344144411726E-01
passive -1.17130071169819605E-01 -8.16826465086029139E-04 -9.23450778078474810E-02 -2.69844201386385485E-01 0.00000000000000000E+00
actuation -1.37999999999999989E+00 -1.23367674154462215E+00 -2.74380649266021948E+00 0.00000000000000000E+00 0.00000000000000000E+00
length 4.94469714779278702E-01 4.90160427484487071E-01 1.66279095322685144E-01
velocity -1.34699581845292515E+00 -5.71778525560220300E-03 3.07816926026158288E-01
force 5.99999999999999978E-01 1.76239534506374618E+00 -2.74380649266021948E+00
position 0.00000000000000000E+00 0.00000000000000000E+00 0.00000000000000000E+00
quaternion 1.00000000000000000E+00 0.00000000000000000E+00 0.00000000000000000E+00 0.00000000000000000E+00
position 8.31734192089491842E-01 4.53465562467559730E-02 1.04313646233286139E+00
quaternion 8.97543810453362512E-01 1.32994842129427082E-01 -3.77937663041337357E-01 1.84094006254086923E-01
position 1.11360427475653134E+00 -7.98361616411980696E-02 1.38207383654742211E+00
quaternion 9.53318759808153615E-01 9.52679793906927308E-02 -1.99010328943330816E-01 2.06160721948982273E-01
position 9.74920513968083213E-01 2.95689682188270131E-02 1.80491817203494342E+00
quaternion 9.53318759808153615E-01 9.52679793906927447E-02 -1.99010328943330844E-01 2.06160721948982301E-01
position 1.15491097315945224E+00 -5.71699260733937314E-02 7.71195552053726030E-01
quaternion 7.39889297819257052E-01 -3.05974745205053633E-01 -3.16518911849080098E-01 5.08683654849557243E-01
unchanged_qpos -2.14986832512729875E-01 -7.00229182120695848E-01 1.66279095322685144E-01 3.85491716266264994E-01 -7.03301478596668361E-01
unchanged_qvel 5.85650355849097970E-01 8.16826465086029074E-03 3.07816926026158288E-01 -2.56171504724180377E-01 8.29242222909725157E-01
unchanged_time 1.25000000000000000E-01
act
step SUCCESS
step_clamped -1.00000000000000000E+00
qpos -2.13774428426446172E-01 -7.00187365906995263E-01 1.66827726475812899E-01 3.84937157718672152E-01 -7.01653973346185289E-01
qvel 6.06202043141856994E-01 2.09081068502657182E-02 2.74315576563873231E-01 -2.77279273796419146E-01 8.23752625241538805E-01
time 1.27000000000000002E-01
reset_qpos 0.00000000000000000E+00 0.00000000000000000E+00 0.00000000000000000E+00 0.00000000000000000E+00 0.00000000000000000E+00
reset_qvel 0.00000000000000000E+00 0.00000000000000000E+00 0.00000000000000000E+00 0.00000000000000000E+00 0.00000000000000000E+00
forward SUCCESS
forward_clamped -1.00000000000000000E+00
qacc -5.31836420523617992E+00 2.92135445537148364E+00 5.30265071549433831E+00 1.28066093778333521E+01 -8.82132739396145737E+00
act_dot
mass 9.01353458425040444E+00 -5.83783573537747191E+00 4.19503386509462572E+00 1.19294238441480127E+00 -7.24987930299805794E-01 -5.83783573537747191E+00 9.25000000000000000E+00 -1.34648263986797678E+00 -1.81615647659373503E+00 7.87763961196465301E-01 4.19503386509462572E+00 -1.34648263986797678E+00 5.59976739865474027E+00 -3.24686734599812565E-01 6.29526908536425234E-01 1.19294238441480127E+00 -1.81615647659373503E+00 -3.24686734599812565E-01 2.34623708086784966E+00 0.00000000000000000E+00 -7.24987930299805794E-01 7.87763961196465301E-01 6.29526908536425234E-01 0.00000000000000000E+00 2.31999999999999984E+00
gravity -3.44442988380671196E+01 1.81561370121299532E+01 -1.61433791754569747E+01 1.31477997676652869E+01 -1.09068297588308951E+01
bias -1.52344988442039444E+01 -4.84872242572073286E-01 -9.85541962009858352E+00 -3.60414295769552240E+00 -2.54021046942550566E-01
passive -2.52779024553972942E-01 9.47391227850671348E-03 4.80608986940309346E-01 -4.09126768430951027E-01 -0.00000000000000000E+00
actuation -1.37999999999999989E+00 2.17770324590090691E+00 -1.21490144127321287E-01 0.00000000000000000E+00 0.00000000000000000E+00
length 4.24199418905420345E-01 -3.01257752097409792E-01 -7.65878461703268787E-01
velocity -2.90695878237068861E+00 6.63173859495469892E-02 -1.60202995646769786E+00
force 5.99999999999999978E-01 -3.11100463700129604E+00 -1.21490144127321287E-01
position 0.00000000000000000E+00 0.00000000000000000E+00 0.00000000000000000E+00
quaternion 1.00000000000000000E+00 0.00000000000000000E+00 0.00000000000000000E+00 0.00000000000000000E+00
position -3.65610359565283094E-01 -5.00061191699428531E-02 6.88145656570739006E-01
quaternion 9.49522952142947685E-01 1.23329606510720943E-02 -2.23071315167844397E-01 -2.20211829347582710E-01
position -1.69657070840731949E-01 -3.92543328693339244E-01 9.21106101131521804E-01
quaternion 9.73530859387723990E-01 7.52512691106253934E-02 5.99359167508916324E-02 -2.07322449822179233E-01
position 3.77645189772421452E-02 -3.20014774187873052E-01 1.32324524727217252E+00
quaternion 9.73530859387723990E-01 7.52512691106253934E-02 5.99359167508916324E-02 -2.07322449822179233E-01
position -6.46718005805408280E-01 4.58391381821241617E-01 7.92476242309924861E-01
quaternion 9.29319553017306954E-01 -2.96989043607784331E-01 -2.64007399583933364E-02 2.17866191241999824E-01
unchanged_qpos -1.84434529958878435E-01 4.30368217282014021E-01 -7.65878461703268787E-01 5.84466812044215800E-01 2.38805169271696816E-01
unchanged_qvel 1.26389512276986471E+00 -9.47391227850671314E-02 -1.60202995646769786E+00 1.75319121891792618E+00 1.94439613193234306E+00
unchanged_time 1.25000000000000000E-01
act
step SUCCESS
step_clamped -1.00000000000000000E+00
qpos -1.81928007575632877E-01 4.30190426021716366E-01 -7.69061317583951909E-01 5.88024418379068825E-01 2.42658679224933338E-01
qvel 1.25326119162278449E+00 -8.88956301488394579E-02 -1.59142794034157720E+00 1.77880316742648947E+00 1.92675497661826589E+00
time 1.27000000000000002E-01
lifecycle PASS
