create SUCCESS
reset_qpos 0.00000000000000000E+00 0.00000000000000000E+00 0.00000000000000000E+00 0.00000000000000000E+00 0.00000000000000000E+00
reset_qvel 0.00000000000000000E+00 0.00000000000000000E+00 0.00000000000000000E+00 0.00000000000000000E+00 0.00000000000000000E+00
forward SUCCESS
forward_clamped -1.00000000000000000E+00
qacc 3.48025534363265709E+00 4.15991509432403639E+00 -5.86408012649150212E+00 -2.10868334625187481E+00 -4.52392454990738813E+00
act_dot
mass 5.28867521520865314E+00 -4.23461168198239069E+00 1.83098249647788069E+00 2.42010990176126217E+00 -2.08140524968375096E-01 -4.23461168198239069E+00 9.25000000000000533E+00 1.04395438688898756E+00 -2.32864824880587529E+00 1.97962581498295798E+00 1.83098249647788069E+00 1.04395438688898756E+00 3.08554756269371611E+00 2.19649732307758416E-04 6.29526908536425123E-01 2.42010990176126217E+00 -2.32864824880587529E+00 2.19649732307758416E-04 2.34623708086785054E+00 0.00000000000000000E+00 -2.08140524968375096E-01 1.97962581498295798E+00 6.29526908536425123E-01 0.00000000000000000E+00 2.31999999999999984E+00
gravity -1.41083463607698629E+01 1.35745564724532528E+01 -1.02272453205539744E+01 -6.21313768421052259E+00 -6.67640805461179010E+00
bias 0.00000000000000000E+00 0.00000000000000000E+00 0.00000000000000000E+00 0.00000000000000000E+00 0.00000000000000000E+00
passive 0.00000000000000000E+00 0.00000000000000000E+00 0.00000000000000000E+00 0.00000000000000000E+00 0.00000000000000000E+00
actuation 0.00000000000000000E+00 0.00000000000000000E+00 0.00000000000000000E+00 0.00000000000000000E+00 0.00000000000000000E+00
length -0.00000000000000000E+00 0.00000000000000000E+00
velocity -0.00000000000000000E+00 -0.00000000000000000E+00
force 0.00000000000000000E+00 0.00000000000000000E+00
position 0.00000000000000000E+00 0.00000000000000000E+00 0.00000000000000000E+00
quaternion 1.00000000000000000E+00 0.00000000000000000E+00 0.00000000000000000E+00 0.00000000000000000E+00
position 2.00000000000000011E-01 9.99999999999999778E-02 9.00000000000000022E-01
quaternion 9.23380516876638580E-01 1.02597835208515425E-01 -3.07793505625546193E-01 2.05195670417030851E-01
position 5.26315789473684292E-01 1.57894736842105060E-02 1.21052631578947367E+00
quaternion 9.23380516876638580E-01 1.02597835208515425E-01 -3.07793505625546193E-01 2.05195670417030851E-01
position 3.00000000000000100E-01 9.99999999999999639E-02 1.60000000000000009E+00
quaternion 9.23380516876638580E-01 1.02597835208515425E-01 -3.07793505625546193E-01 2.05195670417030851E-01
position -1.58947368421052615E-01 1.52631578947368396E-01 8.08421052631579040E-01
quaternion 7.35767207381958888E-01 -3.06569669742482953E-01 -2.45255735793986324E-01 5.51825405536469304E-01
unchanged_qpos 0.00000000000000000E+00 0.00000000000000000E+00 0.00000000000000000E+00 0.00000000000000000E+00 0.00000000000000000E+00
unchanged_qvel 0.00000000000000000E+00 -0.00000000000000000E+00 -0.00000000000000000E+00 0.00000000000000000E+00 -0.00000000000000000E+00
unchanged_time 1.25000000000000000E-01
act
step SUCCESS
step_clamped -1.00000000000000000E+00
qpos 4.38546064494084870E-02 7.01074642390564218E-02 -9.71951658342107422E-02 -2.59499426757410015E-02 -8.77186822133472904E-02
qvel 2.21648311465879211E-01 5.84500647127987438E-01 -7.97775788421398069E-01 -1.24787485425520844E-01 -8.43835731378028364E-01
time 3.25000000000000178E-01
reset_qpos 0.00000000000000000E+00 0.00000000000000000E+00 0.00000000000000000E+00 0.00000000000000000E+00 0.00000000000000000E+00
reset_qvel 0.00000000000000000E+00 0.00000000000000000E+00 0.00000000000000000E+00 0.00000000000000000E+00 0.00000000000000000E+00
forward SUCCESS
forward_clamped -1.00000000000000000E+00
qacc -1.10757913284824316E+00 -2.56285831266659381E-02 -1.22067411031352879E+00 -4.86382334429496943E+00 1.11951146048114869E+00
act_dot
mass 8.04442825522507476E+00 -3.86484083221620800E+00 4.86967505566297199E-01 1.42485125085746267E+00 1.95965810948336538E-01 -3.86484083221620800E+00 9.25000000000000355E+00 1.69773198002391501E+00 -1.73275028908186668E+00 2.16594482298585733E+00 4.86967505566297199E-01 1.69773198002391501E+00 2.87923064200208279E+00 6.57994281333615927E-02 6.29526908536425012E-01 1.42485125085746267E+00 -1.73275028908186668E+00 6.57994281333615927E-02 2.34623708086785054E+00 0.00000000000000000E+00 1.95965810948336538E-01 2.16594482298585733E+00 6.29526908536425012E-01 0.00000000000000000E+00 2.31999999999999895E+00
gravity -2.56929701751890853E+01 2.27497807528704783E+01 -8.04002861965300397E+00 -1.83091305597856078E+01 -1.16782065360130916E+00
bias -7.78939128802097613E+00 9.06480180820472015E+00 -4.67004867946714164E+00 -4.99446276567024317E+00 -2.87331171925332418E+00
passive -1.00002148265521118E-01 -1.97039601995659869E-01 -4.89852601451388092E-01 0.00000000000000000E+00 0.00000000000000000E+00
actuation 1.83999999999999986E+00 -3.18978080608637526E-01 0.00000000000000000E+00 0.00000000000000000E+00 0.00000000000000000E+00
length 1.21504770210420721E+00 7.14215127731544941E-01
velocity -1.15002470505349286E+00 1.97039601995659863E+00
force -8.00000000000000044E-01 -3.18978080608637526E-01
position 0.00000000000000000E+00 0.00000000000000000E+00 0.00000000000000000E+00
quaternion 1.00000000000000000E+00 0.00000000000000000E+00 0.00000000000000000E+00 0.00000000000000000E+00
position -4.98860735862841520E-01 5.71825001042281400E-01 7.21259379602294914E-01
quaternion 8.55109571743533969E-01 1.50374036799508976E-01 -4.77291217323429495E-01 1.35529934830386001E-01
position -2.98286111721516534E-01 3.84859171518789678E-01 1.08842909341480265E+00
quaternion 8.05483346194116434E-01 1.62659411172689478E-01 -5.56970254883885518E-01 1.20509875676073547E-01
position -6.81522430730538087E-01 4.11249444311026668E-01 1.33829601258252051E+00
quaternion 8.05483346194116434E-01 1.62659411172689505E-01 -5.56970254883885518E-01 1.20509875676073547E-01
position -9.65115583572819569E-01 7.43973656066056921E-01 5.48437753035719955E-01
quaternion 7.43633776741961183E-01 -3.22986111958648625E-01 -4.01415731583597446E-01 4.26091760079360615E-01
unchanged_qpos -5.28281609610524949E-01 7.14215127731544941E-01 3.66860904816522559E-01 -1.91782038085122730E-01 1.70262736852593854E-01
unchanged_qvel 5.00010741327605590E-01 1.97039601995659863E+00 1.63284200483796038E+00 6.75535407219954642E-01 -1.50364968284093470E+00
unchanged_time 1.25000000000000000E-01
act
step SUCCESS
step_clamped -1.00000000000000000E+00
qpos -5.27286018324798711E-01 7.18155817100341265E-01 3.70121707261629740E-01 -1.90450422784225470E-01 1.67259915361893635E-01
qvel 4.97795642863094689E-01 1.97034468439814714E+00 1.63040122255359599E+00 6.65807650448635657E-01 -1.50141074535010932E+00
time 1.27000000000000002E-01
reset_qpos 0.00000000000000000E+00 0.00000000000000000E+00 0.00000000000000000E+00 0.00000000000000000E+00 0.00000000000000000E+00
reset_qvel 0.00000000000000000E+00 0.00000000000000000E+00 0.00000000000000000E+00 0.00000000000000000E+00 0.00000000000000000E+00
forward SUCCESS
forward_clamped -1.00000000000000000E+00
qacc 2.14565447531070985E+00 -6.83232017486980925E-01 -5.86630084154740938E+00 -4.93716261587495708E+00 -2.06485755596185783E+00
act_dot
mass 5.77454149859056187E+00 -4.43904483610899980E+00 2.02583503131577380E+00 2.43607226594223336E+00 -1.64883902921634545E-01 -4.43904483610899980E+00 9.25000000000000355E+00 8.10865580394071306E-01 -2.28082351411147366E+00 1.92547938065243951E+00 2.02583503131577380E+00 8.10865580394071306E-01 2.77505928081042885E+00 8.15606483717196684E-02 6.29526908536424901E-01 2.43607226594223336E+00 -2.28082351411147366E+00 8.15606483717196684E-02 2.34623708086785010E+00 0.00000000000000000E+00 -1.64883902921634545E-01 1.92547938065243951E+00 6.29526908536424901E-01 0.00000000000000000E+00 2.31999999999999940E+00
gravity 2.03135617838036930E+00 -6.79361538955841304E+00 -5.22794719458914248E+00 -5.01600979559633942E+00 -9.72550302892092766E+00
bias 8.96760712248033798E+00 4.49623723332553382E+00 8.45061736590850998E+00 5.06918800033691497E-01 6.37467957916358685E-01
passive 2.32027961099189106E-01 -1.60782625622638981E-01 -4.02465841420921955E-01 0.00000000000000000E+00 0.00000000000000000E+00
actuation -1.37999999999999989E+00 -1.53530696424275637E+00 0.00000000000000000E+00 0.00000000000000000E+00 0.00000000000000000E+00
length -1.25725262345694966E+00 -1.67528170942350174E-01
velocity 2.66832155264067472E+00 1.60782625622638964E+00
force 5.99999999999999978E-01 -1.53530696424275637E+00
position 0.00000000000000000E+00 0.00000000000000000E+00 0.00000000000000000E+00
quaternion 1.00000000000000000E+00 0.00000000000000000E+00 0.00000000000000000E+00 0.00000000000000000E+00
position 4.70681997302470290E-01 1.78202871034493754E-01 9.41866470358150298E-01
quaternion 8.93561462814875362E-01 5.63838287120388415E-02 -1.68805568125451805E-01 4.12157077097743352E-01
position 8.37589379191267414E-01 3.10448363953109818E-01 1.18247009193983121E+00
quaternion 8.65122000708519745E-01 1.07935802201727521E-01 -2.80198735807469512E-01 4.01749243863698147E-01
position 5.79250016710809112E-01 3.39933239965315992E-01 1.55981796311407694E+00
quaternion 8.65122000708519745E-01 1.07935802201727521E-01 -2.80198735807469512E-01 4.01749243863698147E-01
position -4.10028163688387626E-02 6.62189512281023823E-02 9.97022731312679378E-01
quaternion 5.84212822633711548E-01 -2.96394640068779525E-01 -1.59912860740985541E-01 7.38426348513163577E-01
unchanged_qpos 5.46631575416065107E-01 -1.67528170942350174E-01 -5.66892934010878591E-02 -2.53017815462010853E-01 1.70783763351461837E-01
unchanged_qvel -1.16013980549594553E+00 1.60782625622638964E+00 1.34155280473640648E+00 1.86932144984817583E+00 8.41844675930253583E-01
unchanged_time 1.25000000000000000E-01
act
step SUCCESS
step_clamped -1.00000000000000000E+00
qpos 5.44319860119178212E-01 -1.64315259156575161E-01 -5.40296325123531471E-02 -2.49298910501351584E-01 1.72459192886758705E-01
qvel -1.15585764844344840E+00 1.60645589288750035E+00 1.32983044436735498E+00 1.85945248032963639E+00 8.37714767648431891E-01
time 1.27000000000000002E-01
reset_qpos 0.00000000000000000E+00 0.00000000000000000E+00 0.00000000000000000E+00 0.00000000000000000E+00 0.00000000000000000E+00
reset_qvel 0.00000000000000000E+00 0.00000000000000000E+00 0.00000000000000000E+00 0.00000000000000000E+00 0.00000000000000000E+00
forward SUCCESS
forward_clamped -1.00000000000000000E+00
qacc -7.19836459757860236E+00 -4.03939933181439415E+00 2.54754900578235510E+00 8.11535280842334217E+00 -9.57579649775937369E+00
act_dot
mass 8.98942687272296759E+00 -7.19290482380927010E+00 3.93030466648918253E+00 1.68789696341796103E+00 -5.20851833639051076E-01 -7.19290482380927010E+00 9.25000000000000000E+00 -3.23460649856232818E+00 -2.22299563580812043E+00 7.29677234744332104E-01 3.93030466648918253E+00 -3.23460649856232818E+00 4.55552757130153108E+00 -1.18730913388000014E-01 6.29526908536425234E-01 1.68789696341796103E+00 -2.22299563580812043E+00 -1.18730913388000014E-01 2.34623708086784966E+00 0.00000000000000000E+00 -5.20851833639051076E-01 7.29677234744332104E-01 6.29526908536425234E-01 0.00000000000000000E+00 2.31999999999999895E+00
gravity -4.09856614958416046E+01 2.09848435345420654E+01 -2.05972452318839494E+01 5.52075178480833273E+00 -1.20858974556173315E+01
bias -3.58003804914134705E+01 3.96908386741198029E+01 -1.04394729618672741E+01 -9.86943176516358633E+00 7.84126874185718226E+00
passive -1.61826840716561837E-01 2.66508927366317060E-02 -5.60943826709245474E-01 0.00000000000000000E+00 0.00000000000000000E+00
actuation -1.37999999999999989E+00 -3.86415670462142147E-02 0.00000000000000000E+00 0.00000000000000000E+00 0.00000000000000000E+00
length 7.95882793316002091E-01 2.71780294919703014E-01
velocity -1.86100866824046074E+00 -2.66508927366317039E-01
force 5.99999999999999978E-01 -3.86415670462142147E-02
position 0.00000000000000000E+00 0.00000000000000000E+00 0.00000000000000000E+00
quaternion 1.00000000000000000E+00 0.00000000000000000E+00 0.00000000000000000E+00 0.00000000000000000E+00
position -2.60399655623463788E-01 4.74037152681877627E-04 6.64555656319558707E-01
quaternion 9.23459862582235780E-01 3.52600923391922019E-02 -2.32533250070618536E-01 -3.03161501017898516E-01
position -1.30970800909162660E-01 -3.85204422654190637E-01 8.75506591867005413E-01
quaternion 9.45244576768937805E-01 7.27785717876165972E-02 -1.15596367926151355E-01 -2.96400825403284496E-01
position -4.71814360450623221E-02 -3.07805885979666904E-01 1.31934080512271312E+00
quaternion 9.45244576768937805E-01 7.27785717876165972E-02 -1.15596367926151355E-01 -2.96400825403284496E-01
position -2.32097344696917368E-01 -3.02002582537336250E-01 2.47578056148302417E-01
quaternion 9.53782686374253341E-01 -2.66185846989786479E-01 -2.85647990406688729E-02 1.36483457938348374E-01
unchanged_qpos -3.46035997093913972E-01 2.71780294919703014E-01 -7.93905282933396572E-01 2.49979832084550768E-01 -7.92885023277748346E-01
unchanged_qvel 8.09134203582809075E-01 -2.66508927366317039E-01 1.86981275569748506E+00 -8.21139095550070142E-01 1.16505292884309331E+00
unchanged_time 1.25000000000000000E-01
act
step SUCCESS
step_clamped -1.00000000000000000E+00
qpos -3.44446515959792032E-01 2.71231122200306707E-01 -7.90155472281438787E-01 2.48370013188202565E-01 -7.90593218705089806E-01
qvel 7.94740567060960523E-01 -2.74586359698157811E-01 1.87490532597886839E+00 -8.04909448174105480E-01 1.14590228632926827E+00
time 1.27000000000000002E-01
reset_qpos 0.00000000000000000E+00 0.00000000000000000E+00 0.00000000000000000E+00 0.00000000000000000E+00 0.00000000000000000E+00
reset_qvel 0.00000000000000000E+00 0.00000000000000000E+00 0.00000000000000000E+00 0.00000000000000000E+00 0.00000000000000000E+00
forward SUCCESS
forward_clamped -1.00000000000000000E+00
qacc 5.43899213489332567E+00 6.36511281603333323E+00 -6.22589704175778635E+00 -7.91892971985640948E+00 -5.70882951275524952E+00
act_dot
mass 8.52538070861138841E+00 -4.52043398430038224E+00 1.71405266360373876E+00 2.34155682901780038E+00 -5.81502568123626995E-01 -4.52043398430038224E+00 9.25000000000000355E+00 6.34646344071305823E-01 -2.12882335663533251E+00 1.74498276054220258E+00 1.71405266360373876E+00 6.34646344071305823E-01 3.11646911385420333E+00 1.19827366282431680E-01 6.29526908536425234E-01 2.34155682901780038E+00 -2.12882335663533251E+00 1.19827366282431680E-01 2.34623708086785054E+00 0.00000000000000000E+00 -5.81502568123626995E-01 1.74498276054220258E+00 6.29526908536425234E-01 0.00000000000000000E+00 2.32000000000000073E+00
gravity -3.06164013533547426E+01 2.23997875684861754E+01 -5.58540731762206466E+00 -1.86074767819132063E+01 -8.13071936627185998E+00
bias -2.42780854342996406E+01 -1.55863314128708623E+01 5.01528332374463481E+00 1.66776945434131996E+00 8.75789901249577341E-01
passive -3.05581094584569612E-01 1.64073767520704378E-01 2.16078015840752619E-01 0.00000000000000000E+00 0.00000000000000000E+00
actuation -1.37999999999999989E+00 -1.29291616652507080E+00 0.00000000000000000E+00 0.00000000000000000E+00 0.00000000000000000E+00
length 1.09415366885504506E+00 5.84583018016185063E-01
velocity -3.51418258772255010E+00 -1.64073767520704372E+00
force 5.99999999999999978E-01 -1.29291616652507080E+00
position 0.00000000000000000E+00 0.00000000000000000E+00 0.00000000000000000E+00
quaternion 1.00000000000000000E+00 0.00000000000000000E+00 0.00000000000000000E+00 0.00000000000000000E+00
position -4.25801745432823397E-01 3.12587485143510924E-01 6.51565471050091327E-01
quaternion 9.16814680911707258E-01 1.08628164374141481E-01 -3.70034797413992478E-01 -1.03561631274592364E-01
position -2.35923213826485123E-01 1.22900346502113900E-03 9.29057883778595217E-01
quaternion 7.85308121301458661E-01 7.71571001351935570E-02 -6.00638048287338577E-01 -1.28731781104270582E-01
position -5.74785358442555516E-01 1.76114733718729044E-01 1.18319845177163474E+00
quaternion 7.85308121301458661E-01 7.71571001351935570E-02 -6.00638048287338577E-01 -1.28731781104270582E-01
position -9.80057550348716888E-01 8.62571342790015794E-01 7.39936023981195179E-01
quaternion 8.86768840669648561E-01 -2.92808272403584924E-01 -2.27191240844611397E-01 2.76203690983523042E-01
unchanged_qpos -4.75718986458715243E-01 5.84583018016185063E-01 -2.12048406830164460E-01 -5.38639626688263484E-01 4.43318374415299310E-01
unchanged_qvel 1.52790547292284806E+00 -1.64073767520704372E+00 -7.20260052802508710E-01 9.63914178840293179E-01 1.59094641471952158E+00
unchanged_time 1.25000000000000000E-01
act
step SUCCESS
step_clamped -1.00000000000000000E+00
qpos -4.72641424228450568E-01 5.81327000376739345E-01 -2.13513822398627845E-01 -5.36743472276029143E-01 4.46477430608946069E-01
qvel 1.53878111513234450E+00 -1.62800881972286127E+00 -7.32707784231687032E-01 9.48077206117142968E-01 1.57952809682338113E+00
time 1.27000000000000002E-01
reset_qpos 0.00000000000000000E+00 0.00000000000000000E+00 0.00000000000000000E+00 0.00000000000000000E+00 0.00000000000000000E+00
reset_qvel 0.00000000000000000E+00 0.00000000000000000E+00 0.00000000000000000E+00 0.00000000000000000E+00 0.00000000000000000E+00
forward SUCCESS
forward_clamped -1.00000000000000000E+00
qacc 1.05401841949923227E+01 2.68900054303807190E+00 -9.79424942117543296E+00 -5.29910952480392972E+00 -2.81684587667534103E+00
act_dot
mass 7.51589372865370464E+00 -5.05544119197710806E+00 3.02660514291277316E+00 2.41065009397076846E+00 -5.29094154675096573E-02 -5.05544119197710806E+00 9.25000000000000355E+00 -1.48474498053760895E-01 -2.53876086356217057E+00 1.58629064017250032E+00 3.02660514291277316E+00 -1.48474498053760895E-01 2.91309212390441985E+00 1.34251976735557110E-02 6.29526908536425012E-01 2.41065009397076846E+00 -2.53876086356217057E+00 1.34251976735557110E-02 2.34623708086785054E+00 0.00000000000000000E+00 -5.29094154675096573E-02 1.58629064017250032E+00 6.29526908536425012E-01 0.00000000000000000E+00 2.31999999999999895E+00
gravity 1.57068117332244181E+01 -1.54018184296322929E+01 -2.48022768843198493E+00 4.28548284722130646E+00 -1.01977703908272499E+01
bias -5.46691797558959358E+00 1.20403460943937501E+00 -3.32079754254991366E+00 -1.47378226701274562E+00 -1.30202579601292845E+00
passive 1.65986162165052797E-01 1.14627216622376349E-01 -2.13949099747855233E-02 0.00000000000000000E+00 0.00000000000000000E+00
actuation 1.83999999999999986E+00 -1.44410950300751351E+00 0.00000000000000000E+00 0.00000000000000000E+00 0.00000000000000000E+00
length -1.69182548259637855E+00 -2.61824069745737020E-01
velocity 1.90884086489810678E+00 -1.14627216622376338E+00
force -8.00000000000000044E-01 -1.44410950300751351E+00
position 0.00000000000000000E+00 0.00000000000000000E+00 0.00000000000000000E+00
quaternion 1.00000000000000000E+00 0.00000000000000000E+00 0.00000000000000000E+00 0.00000000000000000E+00
position 6.11751367089601095E-01 1.89862820967525270E-01 9.21933449501341040E-01
quaternion 9.16338125267175951E-01 -2.44865562918164283E-02 -1.17739013216481558E-01 3.81919328536295122E-01
position 9.99357048355361433E-01 3.26222050581582046E-01 1.12483243015320822E+00
quaternion 9.14230342429017906E-01 -1.80655788698100492E-02 -1.33119931015133058E-01 3.82276862769309500E-01
position 8.24865391426722105E-01 5.10518008359792441E-01 1.50639194269209131E+00
quaternion 9.14230342429017906E-01 -1.80655788698100492E-02 -1.33119931015133058E-01 3.82276862769309556E-01
position 3.62788431012117996E-01 9.59221383087916213E-02 8.72646372161604567E-01
quaternion 5.92290214208778365E-01 -3.41471737070365433E-01 -6.85735401427299412E-02 7.26558342135688373E-01
unchanged_qpos 7.35576296781034200E-01 -2.61824069745737020E-01 -3.24919075109105671E-01 -3.36082613270463071E-02 -1.33439855229226412E-01
unchanged_qvel -8.29930810825263876E-01 -1.14627216622376338E+00 7.13163665826184179E-02 -4.92923526467350825E-01 1.23307103237245297E+00
unchanged_time 1.25000000000000000E-01
act
step SUCCESS
step_clamped -1.00000000000000000E+00
qpos 7.33958557607270579E-01 -2.64105870480150218E-01 -3.24815571097162137E-01 -3.46152791762286902E-02 -1.30984986039629492E-01
qvel -8.08869586881785008E-01 -1.14090036720658494E+00 5.17520059717680725E-02 -5.03508924591190565E-01 1.22743459479846173E+00
time 1.27000000000000002E-01
reset_qpos 0.00000000000000000E+00 0.00000000000000000E+00 0.00000000000000000E+00 0.00000000000000000E+00 0.00000000000000000E+00
reset_qvel 0.00000000000000000E+00 0.00000000000000000E+00 0.00000000000000000E+00 0.00000000000000000E+00 0.00000000000000000E+00
forward SUCCESS
forward_clamped -1.00000000000000000E+00
qacc 9.20585619980403003E+00 3.59083086052835831E+00 -1.20189010842607189E+01 3.23689463682691780E+00 -3.00607800600999475E+00
act_dot
mass 1.56299596463461494E+01 -5.76017425264738492E+00 7.71683958856054186E+00 1.40348055764994184E+00 6.22636210872324902E-01 -5.76017425264738492E+00 9.25000000000000355E+00 -1.35876364916398384E+00 -1.81330509618683333E+00 9.29892161337941281E-01 7.71683958856054186E+00 -1.35876364916398384E+00 5.58534026960371488E+00 -3.55618066896964125E-01 6.29526908536425456E-01 1.40348055764994184E+00 -1.81330509618683333E+00 -3.55618066896964125E-01 2.34623708086784921E+00 0.00000000000000000E+00 6.22636210872324902E-01 9.29892161337941281E-01 6.29526908536425456E-01 0.00000000000000000E+00 2.31999999999999984E+00
gravity 2.23000359738338494E+00 1.24843686708469246E+01 -1.23878514520725052E+01 1.44288687391742663E+01 -9.55445797123623208E+00
bias -2.87042148589204515E+01 2.64393614763676013E+01 -8.04711402276450727E+00 -3.83920244845981706E+00 -4.32714114418132567E+00
passive 3.08741061756670820E-01 1.26097628533379330E-01 1.10328109234501866E-02 0.00000000000000000E+00 0.00000000000000000E+00
actuation 1.83999999999999986E+00 1.65533997692107127E+00 0.00000000000000000E+00 0.00000000000000000E+00 0.00000000000000000E+00
length -8.58430402066171078E-02 -6.81231993147945247E-01
velocity 3.55052221020171421E+00 -1.26097628533379336E+00
force -8.00000000000000044E-01 1.65533997692107127E+00
position 0.00000000000000000E+00 0.00000000000000000E+00 0.00000000000000000E+00
quaternion 1.00000000000000000E+00 0.00000000000000000E+00 0.00000000000000000E+00 0.00000000000000000E+00
position 8.20833741579107712E-01 -9.11219144534912290E-02 9.32441186793593779E-01
quaternion 9.73552195297882395E-01 -1.20874819776712553E-02 -2.09935178281899365E-01 -8.93153779024682265E-02
position 1.10273676983193503E+00 -3.49301405631148698E-01 1.18517431283197361E+00
quaternion 9.90703750659551186E-01 1.61677943072111169E-02 1.01895703926498812E-01 -8.86676174127902644E-02
position 1.31449605863140495E+00 -1.89831800682968593E-01 1.55897566208691418E+00
quaternion 9.90703750659551186E-01 1.61677943072111169E-02 1.01895703926498812E-01 -8.86676174127902644E-02
position 4.88442850373318360E-01 2.48776546293875134E-01 9.51951320734407691E-01
quaternion 8.79435715783169925E-01 -3.32529583275278151E-01 -3.21532474874171859E-02 3.39091531489252362E-01
unchanged_qpos 3.73230609593987461E-02 -6.81231993147945247E-01 -6.95849942463778515E-01 6.29755335089548396E-01 1.15332456461223920E-01
unchanged_qvel -1.54370530878335410E+00 -1.26097628533379336E+00 -3.67760364115006233E-02 -6.52018443259411828E-01 -1.70542999716660848E+00
unchanged_time 1.25000000000000000E-01
act
step SUCCESS
step_clamped -1.00000000000000000E+00
qpos 3.42724535845352826E-02 -6.83739587830198614E-01 -6.95971537457934941E-01 6.28464258607425719E-01 1.11909570881273304E-01
qvel -1.52530368743173161E+00 -1.25379734112671004E+00 -6.07974970781981622E-02 -6.45538241061365814E-01 -1.71144278997530974E+00
time 1.27000000000000002E-01
reset_qpos 0.00000000000000000E+00 0.00000000000000000E+00 0.00000000000000000E+00 0.00000000000000000E+00 0.00000000000000000E+00
reset_qvel 0.00000000000000000E+00 0.00000000000000000E+00 0.00000000000000000E+00 0.00000000000000000E+00 0.00000000000000000E+00
forward SUCCESS
forward_clamped -1.00000000000000000E+00
qacc 4.38874285630393590E+00 1.11885987494044992E-01 -3.91866115399139403E+00 -3.56219095915485617E+00 3.08407769412433863E+00
act_dot
mass 5.74221708688542254E+00 -2.70236802642371066E+00 1.43531495516681917E+00 2.42843341978337346E+00 -1.24174824114080873E-01 -2.70236802642371066E+00 9.25000000000000178E+00 3.40361004041061532E+00 -1.13599212519346837E+00 2.07380118653595202E+00 1.43531495516681917E+00 3.40361004041061532E+00 5.04495824255206315E+00 -2.18172473654174220E-01 6.29526908536425456E-01 2.42843341978337346E+00 -1.13599212519346837E+00 -2.18172473654174220E-01 2.34623708086784921E+00 0.00000000000000000E+00 -1.24174824114080873E-01 2.07380118653595202E+00 6.29526908536425456E-01 0.00000000000000000E+00 2.32000000000000073E+00
gravity -5.39047851397740502E-02 1.06738581432063935E+01 -7.13305051632213427E+00 5.75610390469378785E-01 -2.65989915642882657E+00
bias -9.79050976316045052E+00 2.26956441551243344E+01 2.77135977751535911E+00 -2.74090761404743244E+00 -6.98869431941451946E+00
passive -3.21146882844921711E-01 4.36904136200683413E-02 -2.19877403094273699E-01 0.00000000000000000E+00 0.00000000000000000E+00
actuation 1.18939253585574445E+00 -1.66102294999295852E+00 0.00000000000000000E+00 0.00000000000000000E+00 0.00000000000000000E+00
length -2.20296790294268213E-01 -2.63025077018458120E-01
velocity -3.69318915271659920E+00 -4.36904136200683357E-01
force -5.17127189502497586E-01 -1.66102294999295852E+00
position 0.00000000000000000E+00 0.00000000000000000E+00 0.00000000000000000E+00
quaternion 1.00000000000000000E+00 0.00000000000000000E+00 0.00000000000000000E+00 0.00000000000000000E+00
position 3.63148002556064609E-01 3.32288586225435334E-01 1.01830880178610439E+00
quaternion 7.51067995040218817E-01 2.05384286471537836E-01 -3.34005396640145502E-01 5.31182225523503582E-01
position 6.06845188632873733E-01 4.59972039373309882E-01 1.38479020280187171E+00
quaternion 8.04239545545525791E-01 8.99928108763237561E-02 -1.69886702066998824E-01 5.62350918761677865E-01
position 3.81986156132929744E-01 4.83303011483750655E-01 1.78340540728304919E+00
quaternion 8.04239545545525791E-01 8.99928108763237561E-02 -1.69886702066998824E-01 5.62350918761677865E-01
position -1.85448686820815667E-01 -4.79507732161299494E-03 8.98524487393474236E-01
quaternion 4.63452407166343172E-01 -2.30876310042653410E-01 -4.14848477075245581E-01 7.48203673354495225E-01
unchanged_qpos 9.57812131714209647E-02 -2.63025077018458120E-01 7.07228659381710534E-01 4.20530559556547168E-01 3.07093745495933268E-01
unchanged_qvel 1.60573441422460839E+00 -4.36904136200683357E-01 7.32924676980912349E-01 6.30016766590759225E-01 -1.73882082583678521E+00
unchanged_time 1.25000000000000000E-01
act
step SUCCESS
step_clamped -1.00000000000000000E+00
qpos 9.90102288815600251E-02 -2.63898442377343445E-01 7.08678841461796827E-01 4.21776351142483630E-01 3.03628441861061416E-01
qvel 1.61450785506952732E+00 -4.36682679442660260E-01 7.25091040043154944E-01 6.22895792968242601E-01 -1.73265181743593710E+00
time 1.27000000000000002E-01
reset_qpos 0.00000000000000000E+00 0.00000000000000000E+00 0.00000000000000000E+00 0.00000000000000000E+00 0.00000000000000000E+00
reset_qvel 0.00000000000000000E+00 0.00000000000000000E+00 0.00000000000000000E+00 0.00000000000000000E+00 0.00000000000000000E+00
forward SUCCESS
forward_clamped -1.00000000000000000E+00
qacc 1.03639879110742950E+01 6.07864666734255810E+00 -1.50434847647749237E+01 -1.14259366751833085E+01 -3.17830235420158624E+00
act_dot
mass 1.07847013751095275E+01 -3.92188549224586147E+00 2.44727401503390629E+00 2.88056166279776971E+00 -2.55262691072676795E-01 -3.92188549224586147E+00 9.25000000000000178E+00 1.32279152376918230E+00 -1.92890697944872636E+00 2.13745869499085694E+00 2.44727401503390629E+00 1.32279152376918230E+00 2.55653520950597146E+00 6.67478142913571215E-02 6.29526908536425345E-01 2.88056166279776971E+00 -1.92890697944872636E+00 6.67478142913571215E-02 2.34623708086785010E+00 0.00000000000000000E+00 -2.55262691072676795E-01 2.13745869499085694E+00 6.29526908536425345E-01 0.00000000000000000E+00 2.32000000000000073E+00
gravity 1.51162915670330271E+01 8.61757735242966483E+00 -9.01190505293915045E+00 -1.06456082676334933E+01 -6.13759779730408983E+00
bias -2.85769299918077602E+00 4.61580735874009163E-01 -1.71099474198420087E+00 -9.30574234892733276E-01 1.85104589395929109E-01
passive -5.89102031640520024E-02 4.68072618298499832E-02 -2.66219744056685581E-01 0.00000000000000000E+00 0.00000000000000000E+00
actuation 1.45612979394628561E+00 2.69766749528722283E+00 0.00000000000000000E+00 0.00000000000000000E+00 0.00000000000000000E+00
length -3.63223238855094888E-01 -7.28160109694523272E-01
velocity -6.77467336386597951E-01 -4.68072618298499776E-01
force -6.33099910411428546E-01 2.69766749528722283E+00
position 0.00000000000000000E+00 0.00000000000000000E+00 0.00000000000000000E+00
quaternion 1.00000000000000000E+00 0.00000000000000000E+00 0.00000000000000000E+00 0.00000000000000000E+00
position 9.21619903484239722E-01 2.95684496544766751E-01 1.01304766628702314E+00
quaternion 8.69116374882074938E-01 1.35819999946612729E-01 -2.89504484701771314E-01 3.77328514512095259E-01
position 1.24750046988377372E+00 3.45455225275610678E-01 1.33136312460584194E+00
quaternion 8.36768906696672365E-01 1.71942885433612136E-01 -3.72818878996562297E-01 3.62297563334569139E-01
position 9.46809619910422118E-01 3.05778564262850217E-01 1.67489008906886916E+00
quaternion 8.36768906696672365E-01 1.71942885433612136E-01 -3.72818878996562297E-01 3.62297563334569139E-01
position 8.24655708430544809E-01 2.35111155265327609E-01 8.42237114178744695E-01
quaternion 6.13826989200849105E-01 -2.77632387085537058E-01 -2.93470701237208476E-01 6.78241573840138834E-01
unchanged_qpos 1.57923147328302149E-01 -7.28160109694523272E-01 2.47590301787665945E-01 -1.95202448733289069E-01 -2.65287007176485901E-01
unchanged_qvel 2.94551015820259998E-01 -4.68072618298499776E-01 8.87399146855618604E-01 -9.70166182187238491E-01 6.81351077660892201E-01
unchanged_time 1.25000000000000000E-01
act
step SUCCESS
step_clamped -1.00000000000000000E+00
qpos 4.06085715844373862E-01 -7.20838782369419229E-01 1.52102063630357026E-01 -6.09625723923981844E-01 -1.91314167012378994E-01
qvel 2.13665944484850190E+00 3.65553502428271282E-01 -1.69644592408838069E+00 -3.13645890263070282E+00 9.36116797898635666E-02
time 3.25000000000000178E-01
reset_qpos 0.00000000000000000E+00 0.00000000000000000E+00 0.00000000000000000E+00 0.00000000000000000E+00 0.00000000000000000E+00
reset_qvel 0.00000000000000000E+00 0.00000000000000000E+00 0.00000000000000000E+00 0.00000000000000000E+00 0.00000000000000000E+00
forward SUCCESS
forward_clamped -1.00000000000000000E+00
qacc -6.78207708075608728E+00 -2.07125336786545766E+00 3.96438221700658522E+00 3.60340378534350636E+00 4.16588391004898639E+00
act_dot
mass 1.05571408676835166E+01 -3.40384322462409727E+00 2.23177056236313387E+00 6.07930099066939955E-01 7.16022329035487792E-01 -3.40384322462409727E+00 9.25000000000000533E+00 2.78579131549247538E+00 -1.20339529588932148E+00 2.08703767941769458E+00 2.23177056236313387E+00 2.78579131549247538E+00 5.74094962363613615E+00 -1.22658881326169839E-01 6.29526908536425456E-01 6.07930099066939955E-01 -1.20339529588932148E+00 -1.22658881326169839E-01 2.34623708086785054E+00 0.00000000000000000E+00 7.16022329035487792E-01 2.08703767941769458E+00 6.29526908536425456E-01 0.00000000000000000E+00 2.31999999999999940E+00
gravity -3.84581352108495125E+01 7.10142784832648810E-01 -6.45849762048974263E+00 2.23758352237085845E-01 -5.90007951054084678E+00
bias 1.06756407645919467E+01 -1.87699867806531557E+01 -1.10824108208145748E+01 -5.77217444194789486E+00 -8.97139753881698887E+00
passive -6.34731156036608957E-02 1.07396158052974894E-01 -5.32603999186424204E-01 0.00000000000000000E+00 0.00000000000000000E+00
actuation -1.37999999999999989E+00 -6.54617124709574671E-01 0.00000000000000000E+00 0.00000000000000000E+00 0.00000000000000000E+00
length -8.49783634314379310E-01 6.81526504290998814E-01
velocity -7.29940829442100148E-01 -1.07396158052974888E+00
force 5.99999999999999978E-01 -6.54617124709574671E-01
position 0.00000000000000000E+00 0.00000000000000000E+00 0.00000000000000000E+00
quaternion 1.00000000000000000E+00 0.00000000000000000E+00 0.00000000000000000E+00 0.00000000000000000E+00
position -5.13392014871498215E-01 5.72500267506741434E-02 9.96072114285605381E-01
quaternion 7.18238132066194579E-01 2.12366893606060231E-01 -2.41953058565784807E-01 6.16841151024182022E-01
position -2.75407437920850484E-01 2.80456600483848129E-01 1.31785180067975660E+00
quaternion 7.43335590639626842E-01 1.31510686102501578E-01 -1.47849574201996709E-01 6.38981723163953075E-01
position -4.79902668558422840E-01 2.47542531398045856E-01 1.72662846917087931E+00
quaternion 7.43335590639626731E-01 1.31510686102501551E-01 -1.47849574201996681E-01 6.38981723163953075E-01
position -1.29268200132180677E+00 -6.44446865150210879E-01 1.08107967146731010E+00
quaternion 3.85698977338809090E-01 -1.83415168110076993E-01 -3.65570609012755787E-01 8.27014694435952435E-01
unchanged_qpos 3.69471145354077990E-01 6.81526504290998814E-01 6.85874998081552389E-01 2.57185175483941153E-01 7.16225344791239449E-01
unchanged_qvel 3.17365578018304451E-01 -1.07396158052974888E+00 1.77534666395474749E+00 -1.97827323446848924E+00 6.94054835951102955E-01
unchanged_time 1.25000000000000000E-01
act
step SUCCESS
step_clamped -1.00000000000000000E+00
qpos 3.70078751319041166E-01 6.79370299409054468E-01 6.89441544793058414E-01 2.53243043294511083E-01 7.17630115199552221E-01
qvel 3.03802982481587713E-01 -1.07810244097216246E+00 1.78327335575303580E+00 -1.97106609471503424E+00 7.02385204156381837E-01
time 1.27000000000000002E-01
reset_qpos 0.00000000000000000E+00 0.00000000000000000E+00 0.00000000000000000E+00 0.00000000000000000E+00 0.00000000000000000E+00
reset_qvel 0.00000000000000000E+00 0.00000000000000000E+00 0.00000000000000000E+00 0.00000000000000000E+00 0.00000000000000000E+00
forward SUCCESS
forward_clamped -1.00000000000000000E+00
qacc -1.23407437666503181E+01 -4.75006281541447439E+00 8.69769725769887891E+00 1.25502218725015844E+01 -5.28744675421467658E+00
act_dot
mass 7.62766378494086794E+00 -4.43751536566112570E+00 4.52411763544264200E+00 1.98859472161005302E+00 -3.67746837102865654E-01 -4.43751536566112570E+00 9.25000000000000355E+00 9.17847709045189752E-01 -2.32811453391815437E+00 1.42545454165521956E+00 4.52411763544264200E+00 9.17847709045189752E-01 6.28437913534672266E+00 -1.94031580804492065E-01 6.29526908536424901E-01 1.98859472161005302E+00 -2.32811453391815437E+00 -1.94031580804492065E-01 2.34623708086785054E+00 0.00000000000000000E+00 -3.67746837102865654E-01 1.42545454165521956E+00 6.29526908536424901E-01 0.00000000000000000E+00 2.31999999999999895E+00
gravity -2.96533735900487683E+00 -1.34641045078908199E+01 -6.34783516647069135E+00 1.35236780819326761E+01 -9.59052355233089671E+00
bias 2.50000033270567723E+00 3.22602080963146598E+00 5.40925810594094170E+00 -6.00763633233163952E-01 -3.29526297343885499E-01
passive -3.35626025826816707E-02 1.78453392906193914E-01 2.18083076463509912E-01 0.00000000000000000E+00 0.00000000000000000E+00
actuation -1.37999999999999989E+00 -1.07691199052454878E+00 0.00000000000000000E+00 0.00000000000000000E+00 0.00000000000000000E+00
length -1.59596480385574746E+00 1.38758141736181395E-01
velocity -3.85969929700839154E-01 -1.78453392906193908E+00
force 5.99999999999999978E-01 -1.07691199052454878E+00
position 0.00000000000000000E+00 0.00000000000000000E+00 0.00000000000000000E+00
quaternion 1.00000000000000000E+00 0.00000000000000000E+00 0.00000000000000000E+00 0.00000000000000000E+00
position 2.88736700749915254E-01 -8.41636562889651330E-02 9.84757961736185461E-01
quaternion 9.37056452162293496E-01 -4.49062109013620703E-02 -1.24931363955299995E-01 3.22956331388264128E-01
position 6.85302941409342781E-01 5.30055017094431535E-03 1.19625588733298116E+00
quaternion 9.43758360488315518E-01 -1.05257872555581444E-01 5.47977850567223923E-02 3.08606772489452841E-01
position 6.62233566352252168E-01 3.12869242793287983E-01 1.53517962986669287E+00
quaternion 9.43758360488315518E-01 -1.05257872555581444E-01 5.47977850567223923E-02 3.08606772489452841E-01
position -7.18245538863138466E-01 8.13603849560606968E-02 1.29779561378682984E+00
quaternion 6.33792533832689853E-01 -3.59899848486540219E-01 -4.82574644289453930E-02 6.82971697981836545E-01
unchanged_qpos 6.93897740806846741E-01 1.38758141736181395E-01 -4.26524888536324420E-01 3.81079639737708531E-01 7.31839639180401180E-01
unchanged_qvel 1.67813012913408333E-01 -1.78453392906193908E+00 -7.26943588211699687E-01 -8.42068191265839427E-01 -8.68895859666745096E-01
unchanged_time 1.25000000000000000E-01
act
step SUCCESS
step_clamped -1.00000000000000000E+00
qpos 6.94184038987334939E-01 1.35170088998478266E-01 -4.27944016784706505E-01 3.79445687085921302E-01 7.30080702443258622E-01
qvel 1.43149090244107408E-01 -1.79402636885156008E+00 -7.09564124191030210E-01 -8.16976325893607358E-01 -8.79468368571285963E-01
time 1.27000000000000002E-01
reset_qpos 0.00000000000000000E+00 0.00000000000000000E+00 0.00000000000000000E+00 0.00000000000000000E+00 0.00000000000000000E+00
reset_qvel 0.00000000000000000E+00 0.00000000000000000E+00 0.00000000000000000E+00 0.00000000000000000E+00 0.00000000000000000E+00
forward SUCCESS
forward_clamped -1.00000000000000000E+00
qacc -7.18820422334613252E+00 -5.46901808480963503E+00 -1.21549649905478052E+00 4.44810758384477811E-01 -5.73801659927578278E+00
act_dot
mass 8.21051834699817285E+00 -6.14203653036223507E+00 1.34846047715453676E+00 2.53708103500051863E+00 -7.86114447817646722E-01 -6.14203653036223507E+00 9.25000000000000533E+00 -1.98690706012658236E+00 -2.22292516500760629E+00 8.97155530067797802E-01 1.34846047715453676E+00 -1.98690706012658236E+00 2.41608582611706035E+00 1.20427020474540847E-01 6.29526908536425234E-01 2.53708103500051863E+00 -2.22292516500760629E+00 1.20427020474540847E-01 2.34623708086784921E+00 0.00000000000000000E+00 -7.86114447817646722E-01 8.97155530067797802E-01 6.29526908536425234E-01 0.00000000000000000E+00 2.31999999999999984E+00
gravity -2.75408489061525827E+01 -1.82162291617296859E+01 6.39254747884057828E+00 -7.44635328896669524E+00 -8.07149970969241792E+00
bias -7.22837820673623721E+00 -1.05507494108244160E+01 1.13072959245398525E+01 -2.45027463909669407E+00 4.99948974883204045E+00
passive 2.62186898745053132E-01 -1.30002984227945512E-01 -4.78793951801432804E-01 0.00000000000000000E+00 0.00000000000000000E+00
actuation -1.37999999999999989E+00 -2.10732321041668458E+00 0.00000000000000000E+00 0.00000000000000000E+00 0.00000000000000000E+00
length -1.82972644401516304E+00 4.85205360626209226E-01
velocity 3.01514933556811071E+00 1.30002984227945495E+00
force 5.99999999999999978E-01 -2.10732321041668458E+00
position 0.00000000000000000E+00 0.00000000000000000E+00 0.00000000000000000E+00
quaternion 1.00000000000000000E+00 0.00000000000000000E+00 0.00000000000000000E+00 0.00000000000000000E+00
position 7.97552319014935285E-02 -3.88208974448439326E-01 1.08774590977187824E+00
quaternion 9.55135314385006207E-01 -1.28267131632402609E-01 -1.02421037331830722E-01 2.46523843206540111E-01
position 4.85785151710641350E-01 -3.38985036718603416E-01 1.29442611727648238E+00
quaternion 8.85140098600216363E-01 -5.18122297293937897E-02 -3.73229880266133296E-01 2.73023726399365174E-01
position 1.78480740805231020E-01 -1.62506822034483772E-01 1.58497635179709739E+00
quaternion 8.85140098600216363E-01 -5.18122297293937897E-02 -3.73229880266133296E-01 2.73023726399365174E-01
position 1.58847875460664589E-01 -6.13076286201532872E-01 8.83232907560075997E-01
quaternion 6.62842543692392150E-01 -4.14068849097764091E-01 3.08618656311776228E-02 6.23084501274117297E-01
unchanged_qpos 7.95533236528331855E-01 4.85205360626209226E-01 -7.12181058690292135E-01 -5.84432214094461666E-01 -5.59907910971908396E-01
unchanged_qvel -1.31093449372526560E+00 1.30002984227945495E+00 1.59597983933810950E+00 8.33973805379089050E-02 -4.57339591689885250E-01
unchanged_time 1.25000000000000000E-01
act
step SUCCESS
step_clamped -1.00000000000000000E+00
qpos 7.92882618487345203E-01 4.87783547357859393E-01 -7.08993959153039088E-01 -5.84263641299018865E-01 -5.60845542653320206E-01
qvel -1.32530902049329824E+00 1.28909336582508760E+00 1.59354976862649877E+00 8.42863977213885590E-02 -4.68815840705915921E-01
time 1.27000000000000002E-01
reset_qpos 0.00000000000000000E+00 0.00000000000000000E+00 0.00000000000000000E+00 0.00000000000000000E+00 0.00000000000000000E+00
reset_qvel 0.00000000000000000E+00 0.00000000000000000E+00 0.00000000000000000E+00 0.00000000000000000E+00 0.00000000000000000E+00
forward SUCCESS
forward_clamped -1.00000000000000000E+00
qacc 3.86795840500762100E+00 5.30022641703389397E+00 -4.94679156125936981E+00 -4.77864328392844762E-01 -6.67505995624948945E-01
act_dot
mass 8.58490889783450761E+00 -2.35993020638748963E+00 2.21776581653534510E+00 3.05389939877569283E+00 -3.82937860915752770E-01 -2.35993020638748963E+00 9.25000000000000178E+00 3.76086173371844312E+00 -1.03486361962514484E+00 2.06514018640186192E+00 2.21776581653534510E+00 3.76086173371844312E+00 6.39938976944590454E+00 -3.64076544326490559E-01 6.29526908536425234E-01 3.05389939877569283E+00 -1.03486361962514484E+00 -3.64076544326490559E-01 2.34623708086785054E+00 0.00000000000000000E+00 -3.82937860915752770E-01 2.06514018640186192E+00 6.29526908536425234E-01 0.00000000000000000E+00 2.32000000000000028E+00
gravity -2.43005274010255423E+00 2.01041691963738032E+01 -4.77301439726222743E+00 7.13233977795312057E-01 1.28579423752593613E+00
bias -1.20481047687317080E+01 8.54729659912499162E-01 -1.09374771780347269E+00 -6.60815440402540766E+00 -3.35308860845746670E+00
passive -4.28689473780371755E-02 -1.32287146694557045E-01 5.17613941018529977E-01 0.00000000000000000E+00 0.00000000000000000E+00
actuation -1.37999999999999989E+00 1.09129319433366634E+00 0.00000000000000000E+00 0.00000000000000000E+00 0.00000000000000000E+00
length 6.62671607205700508E-01 -5.39658448024634141E-01
velocity -4.92992894847427421E-01 1.32287146694557034E+00
force 5.99999999999999978E-01 1.09129319433366634E+00
position 0.00000000000000000E+00 0.00000000000000000E+00 0.00000000000000000E+00
quaternion 1.00000000000000000E+00 0.00000000000000000E+00 0.00000000000000000E+00 0.00000000000000000E+00
position 5.94170081058461474E-01 2.11356720110466828E-01 1.08787221970701853E+00
quaternion 7.79970424015772656E-01 1.84929734967798437E-01 -4.52754041449727640E-01 3.90462429353111873E-01
position 8.07337779398565214E-01 1.98473222366234825E-01 1.49332696178097302E+00
quaternion 8.82980950047313806E-01 5.22862621531176505E-02 -1.83533992061277462E-01 4.28866019173412216E-01
position 5.96798315024233861E-01 2.97722687056596214E-01 1.88807077452494299E+00
quaternion 8.82980950047313806E-01 5.22862621531176505E-02 -1.83533992061277462E-01 4.28866019173412216E-01
position -1.49569983777388116E-01 5.69903296028565626E-02 8.45877355084461491E-01
quaternion 5.64214449402887452E-01 -2.94852296054866791E-01 -4.67328609077571788E-01 6.13455906918982996E-01
unchanged_qpos -2.88118090089435008E-01 -5.39658448024634141E-01 7.20416305344317998E-01 6.42001533901930266E-01 4.55098101076056638E-01
unchanged_qvel 2.14344736890185850E-01 1.32287146694557034E+00 -1.72537980339510000E+00 3.98403914795401715E-01 -4.00610748723232213E-01
unchanged_time 1.25000000000000000E-01
act
step SUCCESS
step_clamped -1.00000000000000000E+00
qpos -2.87673934893479755E-01 -5.36991508327008149E-01 7.16945765302291038E-01 6.42796437446545244E-01 4.54294210406359700E-01
qvel 2.22077597977618918E-01 1.33346984881300212E+00 -1.73527002101348882E+00 3.97451772307511553E-01 -4.01945334848471336E-01
time 1.27000000000000002E-01
reset_qpos 0.00000000000000000E+00 0.00000000000000000E+00 0.00000000000000000E+00 0.00000000000000000E+00 0.00000000000000000E+00
reset_qvel 0.00000000000000000E+00 0.00000000000000000E+00 0.00000000000000000E+00 0.00000000000000000E+00 0.00000000000000000E+00
forward SUCCESS
forward_clamped -1.00000000000000000E+00
qacc 8.64840457019327857E+00 4.07413274782547941E+00 -9.97332760724402512E+00 5.87499069230080107E-01 -2.19187506481996852E+00
act_dot
mass 1.26865333664259641E+01 -4.92497647520972315E+00 4.76694159817867824E+00 1.91285361372052520E+00 5.55374513173960471E-01 -4.92497647520972315E+00 9.25000000000000178E+00 3.67543919864496693E-01 -2.51960008914205291E+00 1.10535569595489735E+00 4.76694159817867824E+00 3.67543919864496693E-01 4.43100404351918886E+00 1.01185219819564243E-02 6.29526908536425123E-01 1.91285361372052520E+00 -2.51960008914205291E+00 1.01185219819564243E-02 2.34623708086784966E+00 0.00000000000000000E+00 5.55374513173960471E-01 1.10535569595489735E+00 6.29526908536425123E-01 0.00000000000000000E+00 2.31999999999999984E+00
gravity -2.07626052837706325E+01 2.22163460420713719E+01 -1.15391176943049256E+01 -3.52028537861550106E+00 -1.16360225186904191E+01
bias -6.10327674154591335E+01 3.31476434409738445E+01 -9.09358764741535097E+00 -1.07310432066389243E+01 -9.73645360377672375E+00
passive -3.60320871210504601E-01 -1.42777868286947218E-01 -2.20095547934776731E-01 0.00000000000000000E+00 0.00000000000000000E+00
actuation 1.83999999999999986E+00 -1.30865210062133608E+00 0.00000000000000000E+00 0.00000000000000000E+00 0.00000000000000000E+00
length 1.04396300302889977E+00 -6.99023709915246316E-01
velocity -4.14369001892080213E+00 1.42777868286947207E+00
force -8.00000000000000044E-01 -1.30865210062133608E+00
position 0.00000000000000000E+00 0.00000000000000000E+00 0.00000000000000000E+00
quaternion 1.00000000000000000E+00 0.00000000000000000E+00 0.00000000000000000E+00 0.00000000000000000E+00
position 6.37074778296839117E-01 -2.81573613810672252E-01 9.00857203801781359E-01
quaternion 9.17373493806324269E-01 7.11440607120453622E-02 -2.84721163939517075E-01 -2.68883346996249051E-01
position 7.67754147215076843E-01 -6.61909640534604771E-01 1.12055565467247664E+00
quaternion 9.13739638043266300E-01 6.77745745635031371E-02 -2.96175863638575398E-01 -2.69752365530389060E-01
position 6.95092962707938078E-01 -5.31792197920777587E-01 1.55390286349429063E+00
quaternion 9.13739638043266300E-01 6.77745745635031371E-02 -2.96175863638575398E-01 -2.69752365530389060E-01
position 2.52875049819247633E-01 5.26292160736246295E-01 1.20867902071191757E+00
quaternion 9.47117930662860430E-01 -2.63755862764440907E-01 -9.83056649704156099E-02 1.54066435374520222E-01
unchanged_qpos -4.53896957838652082E-01 -6.99023709915246316E-01 -6.05838475024689460E-01 -2.50220482536051003E-02 6.08009382819644673E-01
unchanged_qvel 1.80160435605252278E+00 1.42777868286947207E+00 7.33651826449255751E-01 -1.49127176621685198E+00 4.72364671478017417E-01
unchanged_time 1.25000000000000000E-01
act
step SUCCESS
step_clamped -1.00000000000000000E+00
qpos -4.50259165235853520E-01 -6.96151861840246799E-01 -6.04411048436803267E-01 -2.80022401809570110E-02 6.08945345356569967E-01
qvel 1.81889630139926961E+00 1.43592403749976572E+00 7.13713293943094573E-01 -1.49009596367595543E+00 4.67981268462673017E-01
time 1.27000000000000002E-01
reset_qpos 0.00000000000000000E+00 0.00000000000000000E+00 0.00000000000000000E+00 0.00000000000000000E+00 0.00000000000000000E+00
reset_qvel 0.00000000000000000E+00 0.00000000000000000E+00 0.00000000000000000E+00 0.00000000000000000E+00 0.00000000000000000E+00
forward SUCCESS
forward_clamped -1.00000000000000000E+00
qacc -1.14510792215963821E+01 -2.75681223772607398E+00 7.83656747179151481E+00 4.76395506346922737E+00 -4.89998579509099130E+00
act_dot
mass 7.20269962358997873E+00 -4.32197721870226914E+00 2.92143741658272482E+00 2.31359642188124504E+00 -4.45478288738373418E-01 -4.32197721870226914E+00 9.25000000000000178E+00 1.29094509246397204E+00 -2.45209759817439110E+00 1.72253742216240013E+00 2.92143741658272482E+00 1.29094509246397204E+00 4.75235267804916539E+00 6.70109141231487737E-02 6.29526908536425456E-01 2.31359642188124504E+00 -2.45209759817439110E+00 6.70109141231487737E-02 2.34623708086785054E+00 0.00000000000000000E+00 -4.45478288738373418E-01 1.72253742216240013E+00 6.29526908536425456E-01 0.00000000000000000E+00 2.31999999999999940E+00
gravity -2.83792534999150980E+01 1.20474591296557083E+01 -4.76619324084668783E+00 -8.56479581725372796E+00 -8.05030545864674885E+00
bias 5.40030948663756405E+00 -2.23461855283921995E+00 -2.10155228527207161E+00 -3.57037491532075535E-01 -1.72073591901779532E+00
passive 1.30478765033224503E-01 1.86190655267862715E-01 -1.25082713483782804E-01 0.00000000000000000E+00 0.00000000000000000E+00
actuation -1.01245631765643651E+00 -3.87595091069424802E-01 0.00000000000000000E+00 0.00000000000000000E+00 0.00000000000000000E+00
length -1.19146604360417047E-01 3.32327461272005298E-01
velocity 1.50050579788208172E+00 -1.86190655267862715E+00
force 4.40198398981059391E-01 -3.87595091069424802E-01
position 0.00000000000000000E+00 0.00000000000000000E+00 0.00000000000000000E+00
quaternion 1.00000000000000000E+00 0.00000000000000000E+00 0.00000000000000000E+00 0.00000000000000000E+00
position -1.18634786763223143E-01 -1.78208011373795494E-03 8.37593225909450290E-01
quaternion 9.52312138514478490E-01 6.28605179683065507E-02 -2.70295050876202203E-01 1.26849247497050538E-01
position 2.15275192658225756E-01 -1.29547768209466507E-01 1.12426386372956699E+00
quaternion 9.21267920808865548E-01 7.49796360285480551E-02 -3.62247486918402195E-01 1.20084264126646634E-01
position -2.87483795574329792E-02 -1.09321646391866006E-02 1.49356433054861593E+00
quaternion 9.21267920808865548E-01 7.49796360285480551E-02 -3.62247486918402195E-01 1.20084264126646634E-01
position -1.11961955449790262E+00 4.36316928365491519E-01 1.05095278945528636E+00
quaternion 7.83448934877373104E-01 -3.19440396038069785E-01 -1.72697838866742670E-01 5.04322373357862341E-01
unchanged_qpos 5.18028714610508922E-02 3.32327461272005298E-01 -2.29023666636899215E-01 -1.96156472984994834E-01 7.78488504970814121E-01
unchanged_qvel -6.52393825166122543E-01 -1.86190655267862715E+00 4.16942378279276049E-01 -1.19743364664219598E+00 -6.46904833708363824E-02
unchanged_time 1.25000000000000000E-01
act
step SUCCESS
step_clamped -1.00000000000000000E+00
qpos 5.04522958444750397E-02 3.28592628768396233E-01 -2.28158451873072765E-01 -1.98532291911805436E-01 7.78339525784379038E-01
qvel -6.75287808287927005E-01 -1.86741625180452675E+00 4.32607381913222899E-01 -1.18790946340529846E+00 -7.44895932175268644E-02
time 1.27000000000000002E-01
reset_qpos 0.00000000000000000E+00 0.00000000000000000E+00 0.00000000000000000E+00 0.00000000000000000E+00 0.00000000000000000E+00
reset_qvel 0.00000000000000000E+00 0.00000000000000000E+00 0.00000000000000000E+00 0.00000000000000000E+00 0.00000000000000000E+00
forward SUCCESS
forward_clamped -1.00000000000000000E+00
qacc 1.10013061359218138E+01 3.34157433384198432E+00 -9.66433250116627462E+00 -1.17118976160498658E+01 -3.52106908771834259E+00
act_dot
mass 9.53155938771170597E+00 -3.88554277580017171E+00 1.65191953576219319E+00 2.63167715003858049E+00 -4.27680990866328936E-01 -3.88554277580017171E+00 9.25000000000000533E+00 1.66632950611247677E+00 -1.46640395427658543E+00 2.16433943187482214E+00 1.65191953576219319E+00 1.66632950611247677E+00 2.76787868413959570E+00 9.08955310960618823E-02 6.29526908536425234E-01 2.63167715003858049E+00 -1.46640395427658543E+00 9.08955310960618823E-02 2.34623708086785143E+00 0.00000000000000000E+00 -4.27680990866328936E-01 2.16433943187482214E+00 6.29526908536425234E-01 0.00000000000000000E+00 2.31999999999999984E+00
gravity 2.87778793041002920E+01 -1.15786841461838783E+01 -7.10137295381782074E+00 -8.26089611505565991E+00 -9.97323001569774270E+00
bias -1.88846119208919276E+01 6.43743397128310058E+00 -7.09766119576466070E-01 -3.74528234703787311E+00 1.85410916233674516E+00
passive 1.91892468744624622E-01 1.58571277990204262E-01 -2.38946943067314205E-01 0.00000000000000000E+00 0.00000000000000000E+00
actuation -1.37999999999999989E+00 -9.29238574156732611E-01 0.00000000000000000E+00 0.00000000000000000E+00 0.00000000000000000E+00
length -1.50176690663789469E+00 -7.31730824439558725E-01
velocity 2.20676339056318316E+00 -1.58571277990204251E+00
force 5.99999999999999978E-01 -9.29238574156732611E-01
position 0.00000000000000000E+00 0.00000000000000000E+00 0.00000000000000000E+00
quaternion 1.00000000000000000E+00 0.00000000000000000E+00 0.00000000000000000E+00 0.00000000000000000E+00
position 8.28542506542739643E-01 6.39620583333981418E-01 9.02980006896013321E-01
quaternion 7.34802070867826895E-01 1.72429450970166265E-01 -1.44358606552890650E-01 6.39917646108144056E-01
position 1.08317022946827857E+00 9.27752268628031174E-01 1.15226870428794403E+00
quaternion 7.05584580680785556E-01 2.64658668530439067E-01 -2.50846347677335935E-01 6.07603734792797279E-01
position 8.85758621329021945E-01 7.53203695400243012E-01 1.52718396478825502E+00
quaternion 7.05584580680785556E-01 2.64658668530439067E-01 -2.50846347677335990E-01 6.07603734792797390E-01
position 4.48682609988061976E-01 2.38717105512042671E-01 9.66109056012840139E-01
quaternion 3.67313045044858566E-01 -1.76887864882824208E-01 -2.68360050664846195E-01 8.72797051670221036E-01
unchanged_qpos 6.52942133320823848E-01 -7.31730824439558725E-01 4.75721414054104841E-01 -2.95182871526781354E-01 2.02171277072593636E-01
unchanged_qvel -9.59462343723123112E-01 -1.58571277990204251E+00 7.96489810224380701E-01 1.56147505208418602E+00 9.23341467078427680E-01
unchanged_time 1.25000000000000000E-01
act
step SUCCESS
step_clamped -1.00000000000000000E+00
qpos 6.51067204970853797E-01 -7.34888889835461190E-01 4.77275753678663539E-01 -2.92106763549772719E-01 2.04003875110447541E-01
qvel -9.37464174985046528E-01 -1.57903269795124723E+00 7.77169812279336680E-01 1.53805398850430719E+00 9.16299018926949316E-01
time 1.27000000000000002E-01
reset_qpos 0.00000000000000000E+00 0.00000000000000000E+00 0.00000000000000000E+00 0.00000000000000000E+00 0.00000000000000000E+00
reset_qvel 0.00000000000000000E+00 0.00000000000000000E+00 0.00000000000000000E+00 0.00000000000000000E+00 0.00000000000000000E+00
forward SUCCESS
forward_clamped -1.00000000000000000E+00
qacc 7.92044940592954028E+00 4.28224094853610904E+00 -6.52746807800135276E+00 -9.95339264920399636E+00 -4.05724407995111225E+00
act_dot
mass 9.57900227845526864E+00 -4.28318719527946179E+00 2.43730488311388660E+00 2.34161399341754350E+00 -2.46719995110357804E-01 -4.28318719527946179E+00 9.25000000000000178E+00 1.20529134585848663E+00 -1.67717138021743950E+00 2.13240769012886577E+00 2.43730488311388660E+00 1.20529134585848663E+00 3.99654576759161184E+00 1.18145281883238154E-01 6.29526908536425456E-01 2.34161399341754350E+00 -1.67717138021743950E+00 1.18145281883238154E-01 2.34623708086785054E+00 0.00000000000000000E+00 -2.46719995110357804E-01 2.13240769012886577E+00 6.29526908536425456E-01 0.00000000000000000E+00 2.32000000000000028E+00
gravity 4.02470772605191840E+00 9.44348463771290625E+00 -1.95878393606511447E+00 -1.71482033548428028E+01 -6.02830155289052350E+00
bias -1.68964274698434949E+01 5.35477384195535322E+00 3.33039625739133882E+00 -4.01098822083061535E+00 1.06450989898892345E-01
passive -2.69754198564401360E-01 -1.14868560248933049E-01 4.11360571016960094E-02 0.00000000000000000E+00 0.00000000000000000E+00
actuation -1.16217492544849454E+00 1.68841053325731916E+00 0.00000000000000000E+00 0.00000000000000000E+00 0.00000000000000000E+00
length -3.06909497157729305E-01 -7.43523915439226246E-01
velocity -3.10217328349061550E+00 1.14868560248933038E+00
force 5.05293445847171618E-01 1.68841053325731916E+00
position 0.00000000000000000E+00 0.00000000000000000E+00 0.00000000000000000E+00
quaternion 1.00000000000000000E+00 0.00000000000000000E+00 0.00000000000000000E+00 0.00000000000000000E+00
position 9.36575523463386683E-01 2.78447057372651852E-01 1.01784279991550086E+00
quaternion 8.73927088886097603E-01 1.34235309055993041E-01 -2.95336734682741853E-01 3.61951016382947410E-01
position 1.26247179649444830E+00 3.14555603292270947E-01 1.33797994573902845E+00
quaternion 7.73584628445822764E-01 2.19677793428896512E-01 -5.02532751344956341E-01 3.17441842755830927E-01
position 8.94211381646129566E-01 2.18407680045437674E-01 1.59320503014701798E+00
quaternion 7.73584628445822764E-01 2.19677793428896512E-01 -5.02532751344956341E-01 3.17441842755830927E-01
position -7.86039534866650458E-02 1.69938336522460237E-01 1.10074535123642581E+00
quaternion 6.25522045214200517E-01 -2.81058601453141932E-01 -2.93341769063590441E-01 6.66092215855200398E-01
unchanged_qpos 1.33438911807708394E-01 -7.43523915439226246E-01 2.34471077517023785E-01 -5.00424742932719546E-01 6.87931156691990564E-01
unchanged_qvel 1.34877099282200685E+00 1.14868560248933038E+00 -1.37120190338986703E-01 -1.49733883161715786E+00 1.68538100980204408E+00
unchanged_time 1.25000000000000000E-01
act
step SUCCESS
step_clamped -1.00000000000000000E+00
qpos 6.11479194468709575E-01 -4.27790635834766730E-01 6.00040820060483843E-02 -1.02415801026626219E+00 9.42152152958050548E-01
qvel 3.75646446969598236E+00 2.00178108313691627E+00 -1.76454650358583720E+00 -3.92677511329377182E+00 9.14428796655408105E-01
time 3.25000000000000178E-01
reset_qpos 0.00000000000000000E+00 0.00000000000000000E+00 0.00000000000000000E+00 0.00000000000000000E+00 0.00000000000000000E+00
reset_qvel 0.00000000000000000E+00 0.00000000000000000E+00 0.00000000000000000E+00 0.00000000000000000E+00 0.00000000000000000E+00
forward SUCCESS
forward_clamped -1.00000000000000000E+00
qacc -1.86171493993275416E+00 3.73500414560115868E+00 2.70626531411833682E-01 1.12877076814352435E+01 -6.99622321688890381E+00
act_dot
mass 1.28874834970287591E+01 -5.82819709317966606E+00 7.24994497705314167E+00 1.24987190919007030E+00 3.88317378178479888E-01 -5.82819709317966606E+00 9.25000000000000711E+00 -1.49430695812630732E+00 -1.71274557170191799E+00 8.80486328700006426E-01 7.24994497705314167E+00 -1.49430695812630732E+00 5.78968654772816471E+00 -3.85938576151980350E-01 6.29526908536425234E-01 1.24987190919007030E+00 -1.71274557170191799E+00 -3.85938576151980350E-01 2.34623708086785143E+00 0.00000000000000000E+00 3.88317378178479888E-01 8.80486328700006426E-01 6.29526908536425234E-01 0.00000000000000000E+00 2.32000000000000028E+00
gravity -2.11851799122539362E+01 2.06745388011065785E+01 -2.07723266175437722E+01 1.41902883625013558E+01 -1.15785010636974448E+01
bias 1.01419807635460195E+01 -1.22677961071252462E+00 4.92244653477171212E+00 -3.12761340996546089E+00 1.56779529141133533E+00
passive 1.02819669101465921E-01 -1.77708487659770681E-01 -3.92231646451962679E-01 0.00000000000000000E+00 0.00000000000000000E+00
actuation -1.37999999999999989E+00 -1.82360409092834019E+00 0.00000000000000000E+00 0.00000000000000000E+00 0.00000000000000000E+00
length 7.46270816885988064E-01 -4.71509223812510592E-01
velocity 1.18242619466685794E+00 1.77708487659770675E+00
force 5.99999999999999978E-01 -1.82360409092834019E+00
position 0.00000000000000000E+00 0.00000000000000000E+00 0.00000000000000000E+00
quaternion 1.00000000000000000E+00 0.00000000000000000E+00 0.00000000000000000E+00 0.00000000000000000E+00
position 4.60107544812121461E-01 -1.96807142083852415E-01 8.51291791745362514E-01
quaternion 9.32212192558667829E-01 4.02054268831768050E-02 -2.46283196071065996E-01 -2.62123137145738483E-01
position 6.14810003945188033E-01 -5.66666873311019392E-01 1.07326234915050511E+00
quaternion 9.61233843612304018E-01 1.24547484942749268E-01 7.55280247082802947E-02 -2.34121633712943616E-01
position 8.31240171187076049E-01 -5.47846243687190038E-01 1.47675183675608213E+00
quaternion 9.61233843612304018E-01 1.24547484942749268E-01 7.55280247082802947E-02 -2.34121633712943616E-01
position 2.46469079231032340E-01 2.30626776773264597E-01 9.10628598571972092E-01
quaternion 9.44310914322051609E-01 -2.75619244488873039E-01 -5.11970931555648587E-02 1.72307245384673818E-01
unchanged_qpos -3.24465572559125282E-01 -4.71509223812510592E-01 -7.20447896605359128E-01 6.73407446917955399E-01 1.21610894737529840E-01
unchanged_qvel -5.14098345507329579E-01 1.77708487659770675E+00 1.30743882150654223E+00 7.78638101852942022E-02 -1.32605473287657594E+00
unchanged_time 1.25000000000000000E-01
act
step SUCCESS
step_clamped -1.00000000000000000E+00
qpos -3.25501214412396489E-01 -4.67940113920707446E-01 -7.17831938774544320E-01 6.73608324172500050E-01 1.18930800677545204E-01
qvel -5.17820926635590095E-01 1.78455494590157770E+00 1.30797891540737843E+00 1.00438627272334241E-01 -1.34004702999231773E+00
time 1.27000000000000002E-01
reset_qpos 0.00000000000000000E+00 0.00000000000000000E+00 0.00000000000000000E+00 0.00000000000000000E+00 0.00000000000000000E+00
reset_qvel 0.00000000000000000E+00 0.00000000000000000E+00 0.00000000000000000E+00 0.00000000000000000E+00 0.00000000000000000E+00
forward SUCCESS
forward_clamped -1.00000000000000000E+00
qacc -8.30129541140922456E+00 -1.98859325864502567E+00 6.10692247124178156E+00 -8.53449541742279827E-01 -7.57753573511956269E+00
act_dot
mass 8.95055893530037316E+00 -4.49624599791716673E+00 2.44001401487222003E+00 2.55624458831496471E+00 -8.34028326280046972E-01 -4.49624599791716673E+00 9.25000000000000355E+00 5.12202171356519020E-01 -2.03013317718116504E+00 8.48090123011975172E-01 2.44001401487222003E+00 5.12202171356519020E-01 3.91578867186597535E+00 1.11204309958947548E-01 6.29526908536425345E-01 2.55624458831496471E+00 -2.03013317718116504E+00 1.11204309958947548E-01 2.34623708086785010E+00 0.00000000000000000E+00 -8.34028326280046972E-01 8.48090123011975172E-01 6.29526908536425345E-01 0.00000000000000000E+00 2.31999999999999984E+00
gravity -3.75853918668943479E+01 1.50216380351591461E+01 -2.70359519213377641E+00 -1.72262040562677647E+01 -1.00675483625688837E+01
bias 7.20394342467403170E+00 -2.62040412025150404E+00 -2.34769260949329373E-01 1.29040405064195385E+00 -1.56206187126895890E+00
passive -1.02994294575440029E-01 -1.22759352035428343E-01 8.13625024331273428E-02 0.00000000000000000E+00 0.00000000000000000E+00
actuation -1.10567157511953429E+00 -2.32302593676022795E-01 0.00000000000000000E+00 0.00000000000000000E+00 0.00000000000000000E+00
length 1.21073449892521376E-01 5.20177590487188590E-01
velocity -1.18443438761756026E+00 1.22759352035428337E+00
force 4.80726771791101903E-01 -2.32302593676022795E-01
position 0.00000000000000000E+00 0.00000000000000000E+00 0.00000000000000000E+00
quaternion 1.00000000000000000E+00 0.00000000000000000E+00 0.00000000000000000E+00 0.00000000000000000E+00
position -4.07575862838402136E-01 -1.15059944836802763E-01 7.25749453588541260E-01
quaternion 9.65466081026930878E-01 -4.52767970119148655E-03 -2.14231310035171874E-01 -1.48188030230641171E-01
position -1.60708278142391803E-01 -4.12724737395395169E-01 9.71619473919219878E-01
quaternion 8.23269206036255086E-01 -5.76569331383338518E-02 -5.47948557991824847E-01 -1.36586493652175206E-01
position -4.21459994374451696E-01 -1.39840058588704630E-01 1.23150886299581264E+00
quaternion 8.23269206036255086E-01 -5.76569331383338518E-02 -5.47948557991824847E-01 -1.36586493652175206E-01
position -9.44438173812077730E-01 7.06667030070262547E-01 1.00869475178829204E+00
quaternion 9.03137522901139800E-01 -3.19288963874438114E-01 -2.62551458163009441E-02 2.85845831864216138E-01
unchanged_qpos -5.26406303880527782E-02 5.20177590487188590E-01 -7.36424476769012681E-01 -7.37782203801011782E-01 6.85079846757918443E-01
unchanged_qvel 5.14971472877200132E-01 1.22759352035428337E+00 -2.71208341443757828E-01 -1.35818502900101823E+00 1.65976916029034971E-01
unchanged_time 1.25000000000000000E-01
act
step SUCCESS
step_clamped -1.00000000000000000E+00
qpos -5.16438855713533124E-02 5.22624825792884051E-01 -7.36942474746487219E-01 -7.40501992632594419E-01 6.85381494455978846E-01
qvel 4.98372408349731288E-01 1.22361765284773805E+00 -2.58998988737273173E-01 -1.35989441579129666E+00 1.50823849030202961E-01
time 1.27000000000000002E-01
reset_qpos 0.00000000000000000E+00 0.00000000000000000E+00 0.00000000000000000E+00 0.00000000000000000E+00 0.00000000000000000E+00
reset_qvel 0.00000000000000000E+00 0.00000000000000000E+00 0.00000000000000000E+00 0.00000000000000000E+00 0.00000000000000000E+00
forward SUCCESS
forward_clamped -1.00000000000000000E+00
qacc -8.14301398648415109E+00 -3.31865425620293264E+00 1.30683623080814071E+00 1.19144086402028613E+01 -2.42019353000855908E+00
act_dot
mass 5.78717952389467882E+00 -3.06696072290895838E+00 2.21225659269125519E+00 1.58027591153359870E+00 -1.82116335706055121E-01 -3.06696072290895838E+00 9.25000000000000355E+00 2.33007798128044330E+00 -1.80540362657928011E+00 2.07822546778867823E+00 2.21225659269125519E+00 2.33007798128044330E+00 6.13169883682001071E+00 -3.92455923161042441E-01 6.29526908536425456E-01 1.58027591153359870E+00 -1.80540362657928011E+00 -3.92455923161042441E-01 2.34623708086784966E+00 0.00000000000000000E+00 -1.82116335706055121E-01 2.07822546778867823E+00 6.29526908536425456E-01 0.00000000000000000E+00 2.32000000000000028E+00
gravity -9.76175906268370319E+00 -1.83600396081702719E+01 -1.26330075606204115E+01 1.84313456716339985E+01 -1.18111358339603232E+01
bias 4.88541108973413962E+00 1.37507932059149987E+01 1.13696111317292150E+01 -2.39413430078811995E+00 -1.34401114583212333E+00
passive -1.41037328184721034E-02 1.36561799273073853E-01 -3.18104167575586905E-01 0.00000000000000000E+00 0.00000000000000000E+00
actuation -1.04369029230087035E-01 2.83404015012840427E+00 0.00000000000000000E+00 0.00000000000000000E+00 0.00000000000000000E+00
length -1.83673903624854451E+00 4.46251792402688974E-01
velocity -1.62192927412429189E-01 -1.36561799273073836E+00
force 4.53778387956900175E-02 2.83404015012840427E+00
position 0.00000000000000000E+00 0.00000000000000000E+00 0.00000000000000000E+00
quaternion 1.00000000000000000E+00 0.00000000000000000E+00 0.00000000000000000E+00 0.00000000000000000E+00
position -4.35057223079965416E-03 -9.52941906990127929E-02 1.06948706181876019E+00
quaternion 8.07367054647995741E-01 8.45845087421207148E-02 -1.01032853066723341E-01 5.75148904676929806E-01
position 3.05422762478400500E-01 1.79254564202793398E-01 1.26611732979653047E+00
quaternion 7.94606072632061178E-01 -1.12833959786039939E-01 1.75072521162041611E-01 5.70280018227204089E-01
position 2.04901377207097085E-01 4.82352139652615031E-01 1.59479241382265169E+00
quaternion 7.94606072632061289E-01 -1.12833959786039967E-01 1.75072521162041639E-01 5.70280018227204200E-01
position -5.18727880206146019E-01 -4.20709672451854366E-01 1.24017210648360088E+00
quaternion 4.32813271763466012E-01 -2.39275548198242483E-01 -1.65957344334157653E-01 8.53157689809679098E-01
unchanged_qpos 7.98582189673280318E-01 4.46251792402688974E-01 1.29076257592008248E-01 6.82705903086634036E-01 2.83139997556314915E-01
unchanged_qvel 7.05186640923605168E-02 -1.36561799273073836E+00 1.06034722525195635E+00 1.71214878762679312E+00 1.85892915742540143E+00
unchanged_time 1.25000000000000000E-01
act
step SUCCESS
step_clamped -1.00000000000000000E+00
qpos 7.98690660844393330E-01 4.43507284832732607E-01 1.31202175575059199E-01 6.86177856019143273E-01 2.86848173878077484E-01
qvel 5.42355855564838410E-02 -1.37225378497818018E+00 1.06295899152547513E+00 1.73597646625460711E+00 1.85408816088129447E+00
time 1.27000000000000002E-01
reset_qpos 0.00000000000000000E+00 0.00000000000000000E+00 0.00000000000000000E+00 0.00000000000000000E+00 0.00000000000000000E+00
reset_qvel 0.00000000000000000E+00 0.00000000000000000E+00 0.00000000000000000E+00 0.00000000000000000E+00 0.00000000000000000E+00
forward SUCCESS
forward_clamped -1.00000000000000000E+00
qacc 6.24517399200054601E+00 3.28854114768476080E+00 -5.16649293512953456E+00 -1.05490723313356138E+01 -1.40950813457162960E+00
act_dot
mass 9.82505209261801582E+00 -4.08163732656891298E+00 2.06885817327466315E+00 2.70856871716824310E+00 -4.09005527809444824E-01 -4.08163732656891298E+00 9.25000000000000533E+00 1.68260546258777066E+00 -1.52733800145758214E+00 2.16631910143676265E+00 2.06885817327466315E+00 1.68260546258777066E+00 4.01410305675872525E+00 8.15044708646184557E-02 6.29526908536424901E-01 2.70856871716824310E+00 -1.52733800145758214E+00 8.15044708646184557E-02 2.34623708086785054E+00 0.00000000000000000E+00 -4.09005527809444824E-01 2.16631910143676265E+00 6.29526908536424901E-01 0.00000000000000000E+00 2.31999999999999940E+00
gravity -1.22123317662817819E+01 2.05642289618439911E+01 -1.25477424879710986E+00 -1.82260043921743531E+01 -1.11558297377547766E+00
bias -2.27753605374516859E+01 9.69017709544201367E+00 2.79345273745812417E+00 -5.10206203718251761E+00 8.54658826863955889E-01
passive -2.06570961212819176E-01 -1.80891777005976195E-01 3.92123194935088348E-01 0.00000000000000000E+00 0.00000000000000000E+00
actuation -1.37999999999999989E+00 -1.33094525757709814E+00 0.00000000000000000E+00 0.00000000000000000E+00 0.00000000000000000E+00
length 7.29401392606268795E-01 -7.17998761391823059E-01
velocity -2.37556605394742038E+00 1.80891777005976184E+00
force 5.99999999999999978E-01 -1.33094525757709814E+00
position 0.00000000000000000E+00 0.00000000000000000E+00 0.00000000000000000E+00
quaternion 1.00000000000000000E+00 0.00000000000000000E+00 0.00000000000000000E+00 0.00000000000000000E+00
position 7.97447645152684625E-01 7.67963563400757138E-02 1.09540032429383705E+00
quaternion 8.43076584794064110E-01 1.61937360032284733E-01 -4.37167291350685550E-01 2.68109908378739437E-01
position 1.04075177621530890E+00 -1.05131117359694992E-02 1.47379186303663090E+00
quaternion 7.81245116915875393E-01 1.94441920051149963E-01 -5.39953179220215684E-01 2.45558488494908439E-01
position 6.52378597114297465E-01 -5.99829066131200572E-02 1.71194940154798347E+00
quaternion 7.81245116915875393E-01 1.94441920051149963E-01 -5.39953179220215684E-01 2.45558488494908439E-01
position -1.48817301345909370E-01 1.38887331994499874E-01 9.43258373434309627E-01
quaternion 6.68149343122833028E-01 -3.07098539628745060E-01 -4.06504865021041384E-01 5.42236790486078757E-01
unchanged_qpos -3.17131040263595176E-01 -7.17998761391823059E-01 4.58825716382998738E-01 -2.52780031038725483E-01 6.22709957511520251E-01
unchanged_qvel 1.03285480606409585E+00 1.80891777005976184E+00 -1.30707731645029446E+00 -1.61771410979126662E+00 -4.87396722035242647E-01
unchanged_time 1.25000000000000000E-01
act
step SUCCESS
step_clamped -1.00000000000000000E+00
qpos -3.15040354401354694E-01 -7.14367774695001678E-01 4.56190902319559666E-01 -2.56057652600486407E-01 6.21729526284827361E-01
qvel 1.04534293112023580E+00 1.81549334841067944E+00 -1.31740703171953077E+00 -1.63881078088045529E+00 -4.90215613346429158E-01
time 1.27000000000000002E-01
reset_qpos 0.00000000000000000E+00 0.00000000000000000E+00 0.00000000000000000E+00 0.00000000000000000E+00 0.00000000000000000E+00
reset_qvel 0.00000000000000000E+00 0.00000000000000000E+00 0.00000000000000000E+00 0.00000000000000000E+00 0.00000000000000000E+00
forward SUCCESS
forward_clamped -1.00000000000000000E+00
qacc -5.90918387359729191E+00 -1.52428975898634356E-01 -8.44978163657058579E-01 5.08059565664633617E-02 -1.52817681318763210E+00
act_dot
mass 2.83154967244507283E+00 -2.57126911211745313E+00 -2.06153436420335429E-01 1.22084661098594482E+00 4.70823611561502486E-01 -2.57126911211745313E+00 9.25000000000000355E+00 3.11495208260666745E+00 -9.77397202378281427E-01 2.03368218572592196E+00 -2.06153436420335429E-01 3.11495208260666745E+00 3.30851718940035422E+00 2.88396442945443865E-02 6.29526908536424901E-01 1.22084661098594482E+00 -9.77397202378281427E-01 2.88396442945443865E-02 2.34623708086784966E+00 0.00000000000000000E+00 4.70823611561502486E-01 2.03368218572592196E+00 6.29526908536424901E-01 0.00000000000000000E+00 2.31999999999999851E+00
gravity -1.17030718726057348E+01 7.05314860097954854E-01 -1.17204932799794310E+01 -8.47193502453201042E+00 -5.47167593914590977E+00
bias 4.15745971450970586E+00 -8.06435518230439996E+00 -8.26521456753712869E+00 -1.60170797174229240E+00 1.34712773135051744E+00
passive 5.43113481276111393E-02 1.04498616696316937E-01 2.10890732210396337E-01 0.00000000000000000E+00 0.00000000000000000E+00
actuation -1.37999999999999989E+00 -5.51257326013651294E-01 0.00000000000000000E+00 0.00000000000000000E+00 0.00000000000000000E+00
length -8.50058906422043514E-01 3.09678258411872687E-01
velocity 6.24580503467528025E-01 -1.04498616696316926E+00
force 5.99999999999999978E-01 -5.51257326013651294E-01
position 0.00000000000000000E+00 0.00000000000000000E+00 0.00000000000000000E+00
quaternion 1.00000000000000000E+00 0.00000000000000000E+00 0.00000000000000000E+00 0.00000000000000000E+00
position -1.86826595578625410E-01 1.94267216725903469E-01 1.00688572706705837E+00
quaternion 6.91298209926731966E-01 2.26113185223507540E-01 -2.42999613349562188E-01 6.41818354623906906E-01
position 3.12707119336013695E-02 4.28029725885168078E-01 1.33519755105072480E+00
quaternion 6.81652924903448643E-01 2.50131947277066058E-01 -2.68870446696013843E-01 6.32844358286808517E-01
position -1.82724654142740917E-01 2.43106905607181456E-01 1.69576589940965627E+00
quaternion 6.81652924903448643E-01 2.50131947277066058E-01 -2.68870446696013843E-01 6.32844358286808517E-01
position 7.09056504986750880E-02 3.69295100644537244E-01 7.31787701621067876E-01
quaternion 3.54629113461921774E-01 -1.68960017985691657E-01 -3.82208834203435821E-01 8.36425197650295882E-01
unchanged_qpos 3.69590828879149402E-01 3.09678258411872687E-01 7.64280449191042210E-01 -7.53639991404499998E-02 -6.81785898039330762E-01
unchanged_qvel -2.71556740638055683E-01 -1.04498616696316926E+00 -7.02969107367987789E-01 1.62035044078167356E+00 -1.65426303564058719E+00
unchanged_time 1.25000000000000000E-01
act
step SUCCESS
step_clamped -1.00000000000000000E+00
qpos 3.69024086889359892E-01 3.07587679690709992E-01 7.62871129893051947E-01 -7.21230979148597684E-02 -6.85100541087685477E-01
qvel -2.83370994894768191E-01 -1.04528936058134980E+00 -7.04659648995137111E-01 1.62045061279511260E+00 -1.65732152417734024E+00
time 1.27000000000000002E-01
reset_qpos 0.00000000000000000E+00 0.00000000000000000E+00 0.00000000000000000E+00 0.00000000000000000E+00 0.00000000000000000E+00
reset_qvel 0.00000000000000000E+00 0.00000000000000000E+00 0.00000000000000000E+00 0.00000000000000000E+00 0.00000000000000000E+00
forward SUCCESS
forward_clamped -1.00000000000000000E+00
qacc -1.22539108300446387E+01 4.84549992622604897E-01 9.96510439313674645E+00 1.57254530172113629E+01 -7.92268969044059812E+00
act_dot
mass 8.70315532933246594E+00 -6.13585786199837724E+00 2.64555838940859367E+00 1.36020696164351218E+00 -9.16435535765363407E-01 -6.13585786199837724E+00 9.25000000000000355E+00 -2.06690737988909667E+00 -1.96451979287779088E+00 1.09592676580296033E+00 2.64555838940859367E+00 -2.06690737988909667E+00 5.29315019191817004E+00 -3.23693944503873121E-01 6.29526908536424901E-01 1.36020696164351218E+00 -1.96451979287779088E+00 -3.23693944503873121E-01 2.34623708086784921E+00 0.00000000000000000E+00 -9.16435535765363407E-01 1.09592676580296033E+00 6.29526908536424901E-01 0.00000000000000000E+00 2.31999999999999984E+00
gravity -3.32767940503840762E+01 3.58974267938526381E+00 -6.99435797101467482E+00 1.45728272672112595E+01 -8.74208745288569311E+00
bias 2.39177546383959694E+01 -1.50956148767254579E+01 -1.67190597566348274E+01 -1.11850168551479312E+00 -8.73737334867551141E+00
passive 3.99483357509258508E-01 1.84470362800454396E-01 -3.06258489050583171E-01 0.00000000000000000E+00 0.00000000000000000E+00
actuation 1.83999999999999986E+00 8.00143125381833298E-01 0.00000000000000000E+00 0.00000000000000000E+00 0.00000000000000000E+00
length -6.81598461309370185E-01 6.26417543874091098E-01
velocity 4.59405861135647253E+00 -1.84470362800454390E+00
force -8.00000000000000044E-01 8.00143125381833298E-01
position 0.00000000000000000E+00 0.00000000000000000E+00 0.00000000000000000E+00
quaternion 1.00000000000000000E+00 0.00000000000000000E+00 0.00000000000000000E+00 0.00000000000000000E+00
position -3.42986192081349561E-01 -2.84369899754521538E-01 8.76032852241045545E-01
quaternion 9.79935436997376397E-01 -3.47107938768081228E-02 -1.84515004022481194E-01 6.69022674936078227E-02
position 1.32315396355119907E-02 -4.20191973746070424E-01 1.13031869893159231E+00
quaternion 9.91623434484981470E-01 -5.24734478143819016E-02 1.04891427547083887E-01 5.41044349551481271E-02
position 1.67722544270812374E-01 -1.66667639068671436E-01 1.47940026706883687E+00
quaternion 9.91623434484981470E-01 -5.24734478143819016E-02 1.04891427547083887E-01 5.41044349551481341E-02
position -3.58929432943134119E-01 -4.11544470355781844E-01 6.62565859241886268E-01
quaternion 8.01643701451882906E-01 -3.59501902723380617E-01 -3.66494084712300425E-02 4.76216945015086990E-01
unchanged_qpos 2.96347157091030544E-01 6.26417543874091098E-01 -6.10794864494984879E-01 5.82999049842504835E-01 -4.66583842750686817E-01
unchanged_qvel -1.99741678754629248E+00 -1.84470362800454390E+00 1.02086163016861065E+00 -1.45496336246865754E+00 1.49918590590419720E+00
unchanged_time 1.25000000000000000E-01
act
step SUCCESS
step_clamped -1.00000000000000000E+00
qpos 2.92303314502312839E-01 6.22730076016735135E-01 -6.08713288927970497E-01 5.80152020970799764E-01 -4.63617157444171812E-01
qvel -2.02192129435884782E+00 -1.84373392867797703E+00 1.04078778350717194E+00 -1.42351443585255888E+00 1.48334265325751447E+00
time 1.27000000000000002E-01
reset_qpos 0.00000000000000000E+00 0.00000000000000000E+00 0.00000000000000000E+00 0.00000000000000000E+00 0.00000000000000000E+00
reset_qvel 0.00000000000000000E+00 0.00000000000000000E+00 0.00000000000000000E+00 0.00000000000000000E+00 0.00000000000000000E+00
forward SUCCESS
forward_clamped -1.00000000000000000E+00
qacc 1.43640390785855154E+00 2.55909728549987570E+00 -6.82745966959584649E+00 -2.06439575500996009E-01 -3.56487861336532230E+00
act_dot
mass 5.35651346287076358E+00 -3.96062860242535519E+00 7.83471018666636598E-01 1.85974920670684396E+00 -2.80162299673363036E-01 -3.96062860242535519E+00 9.25000000000000355E+00 1.32962149134533103E+00 -2.26503781240508406E+00 2.01898008687565422E+00 7.83471018666636598E-01 1.32962149134533103E+00 3.62572398327854062E+00 -8.95437652913371185E-02 6.29526908536425234E-01 1.85974920670684396E+00 -2.26503781240508406E+00 -8.95437652913371185E-02 2.34623708086785099E+00 0.00000000000000000E+00 -2.80162299673363036E-01 2.01898008687565422E+00 6.29526908536425234E-01 0.00000000000000000E+00 2.31999999999999940E+00
gravity -2.11150327186208884E+01 -3.39566486463855233E+00 -8.90517012181518197E+00 4.43189598317826317E+00 -9.13045875205582114E+00
bias -1.20366199162992125E+01 -3.82573074024960569E+00 1.40302971430999115E+01 7.34694275049630008E+00 -1.14984160140341096E+00
passive -2.63619362785361688E-01 1.99021094260914411E-01 2.97480212166211677E-01 0.00000000000000000E+00 0.00000000000000000E+00
actuation 1.83999999999999986E+00 1.64949996918384545E+00 0.00000000000000000E+00 0.00000000000000000E+00 0.00000000000000000E+00
length -1.07723443242900152E+00 5.12960351258632485E-01
velocity -3.03162267203165881E+00 -1.99021094260914388E+00
force -8.00000000000000044E-01 1.64949996918384545E+00
position 0.00000000000000000E+00 0.00000000000000000E+00 0.00000000000000000E+00
quaternion 1.00000000000000000E+00 0.00000000000000000E+00 0.00000000000000000E+00 0.00000000000000000E+00
position -1.76330648619746122E-01 -8.39531474445556758E-02 9.72586505412731839E-01
quaternion 8.81992407963019254E-01 8.43021719232434769E-02 -1.93080434743363394E-01 4.21547721882034099E-01
position 1.79963300806903759E-01 4.32411213894261515E-02 1.23119091291142202E+00
quaternion 8.96590742072248204E-01 4.28993457189748364E-02 -1.06375294196662862E-01 4.27748739509297371E-01
position 2.42547968900362065E-02 1.77935768658430304E-01 1.64059561953440336E+00
quaternion 8.96590742072248204E-01 4.28993457189748295E-02 -1.06375294196662862E-01 4.27748739509297315E-01
position -4.63669943803335816E-01 -1.96634256426600706E-01 9.08143086028800561E-01
quaternion 5.79619031985071143E-01 -2.82998947986956129E-01 -1.97197752297583961E-01 7.38286136730025522E-01
unchanged_qpos 4.68362796708261531E-01 5.12960351258632485E-01 4.62818599108902884E-02 1.94843975303439998E-01 -7.22840210152760898E-02
unchanged_qvel 1.31809681392680833E+00 -1.99021094260914388E+00 -9.91600707220705591E-01 9.89664382651761265E-01 -1.38578223549315638E+00
unchanged_time 1.25000000000000000E-01
act
step SUCCESS
step_clamped -1.00000000000000000E+00
qpos 4.71004732701270357E-01 5.08990163400686702E-01 4.42713547563016521E-02 1.96822478839557835E-01 -7.50698449926481409E-02
qvel 1.32096799650440588E+00 -1.98509392897288905E+00 -1.00525257729431927E+00 9.89251768058922898E-01 -1.39291198868602817E+00
time 1.27000000000000002E-01
lifecycle PASS
