create SUCCESS
reset_qpos 0.00000000000000000E+00 0.00000000000000000E+00 0.00000000000000000E+00 0.00000000000000000E+00 0.00000000000000000E+00
reset_qvel 0.00000000000000000E+00 0.00000000000000000E+00 0.00000000000000000E+00 0.00000000000000000E+00 0.00000000000000000E+00
forward SUCCESS
forward_clamped -1.00000000000000000E+00
qacc 3.48025534363265709E+00 4.15991509432403639E+00 -5.86408012649150212E+00 -2.10868334625187481E+00 -4.52392454990738813E+00
act_dot
mass 5.28867521520865314E+00 -4.23461168198239069E+00 1.83098249647788069E+00 2.42010990176126217E+00 -2.08140524968375096E-01 -4.23461168198239069E+00 9.25000000000000533E+00 1.04395438688898756E+00 -2.32864824880587529E+00 1.97962581498295798E+00 1.83098249647788069E+00 1.04395438688898756E+00 3.08554756269371611E+00 2.19649732307758416E-04 6.29526908536425123E-01 2.42010990176126217E+00 -2.32864824880587529E+00 2.19649732307758416E-04 2.34623708086785054E+00 0.00000000000000000E+00 -2.08140524968375096E-01 1.97962581498295798E+00 6.29526908536425123E-01 0.00000000000000000E+00 2.31999999999999984E+00
gravity -1.41083463607698629E+01 1.35745564724532528E+01 -1.02272453205539744E+01 -6.21313768421052259E+00 -6.67640805461179010E+00
bias 0.00000000000000000E+00 0.00000000000000000E+00 0.00000000000000000E+00 0.00000000000000000E+00 0.00000000000000000E+00
passive 0.00000000000000000E+00 0.00000000000000000E+00 0.00000000000000000E+00 0.00000000000000000E+00 0.00000000000000000E+00
actuation 0.00000000000000000E+00 0.00000000000000000E+00 0.00000000000000000E+00 0.00000000000000000E+00 0.00000000000000000E+00
length -0.00000000000000000E+00 0.00000000000000000E+00
velocity 0.00000000000000000E+00 -0.00000000000000000E+00
force 0.00000000000000000E+00 0.00000000000000000E+00
position 0.00000000000000000E+00 0.00000000000000000E+00 0.00000000000000000E+00
quaternion 1.00000000000000000E+00 0.00000000000000000E+00 0.00000000000000000E+00 0.00000000000000000E+00
position 2.00000000000000011E-01 9.99999999999999778E-02 9.00000000000000022E-01
quaternion 9.23380516876638580E-01 1.02597835208515425E-01 -3.07793505625546193E-01 2.05195670417030851E-01
position 5.26315789473684292E-01 1.57894736842105060E-02 1.21052631578947367E+00
quaternion 9.23380516876638580E-01 1.02597835208515425E-01 -3.07793505625546193E-01 2.05195670417030851E-01
position 3.00000000000000100E-01 9.99999999999999639E-02 1.60000000000000009E+00
quaternion 9.23380516876638580E-01 1.02597835208515425E-01 -3.07793505625546193E-01 2.05195670417030851E-01
position -1.58947368421052615E-01 1.52631578947368396E-01 8.08421052631579040E-01
quaternion 7.35767207381958888E-01 -3.06569669742482953E-01 -2.45255735793986324E-01 5.51825405536469304E-01
unchanged_qpos 0.00000000000000000E+00 0.00000000000000000E+00 0.00000000000000000E+00 0.00000000000000000E+00 0.00000000000000000E+00
unchanged_qvel -0.00000000000000000E+00 -0.00000000000000000E+00 -0.00000000000000000E+00 -0.00000000000000000E+00 -0.00000000000000000E+00
unchanged_time 1.25000000000000000E-01
act
step SUCCESS
step_clamped -1.00000000000000000E+00
qpos 4.63703251370774366E-02 7.11601340746957078E-02 -9.96690566280196977E-02 -2.73472657290846320E-02 -8.76730434153387972E-02
qvel 2.49819284598909036E-01 5.95792716083164087E-01 -8.26469786713878829E-01 -1.39766671517608909E-01 -8.42352999097754296E-01
time 3.25000000000000178E-01
reset_qpos 0.00000000000000000E+00 0.00000000000000000E+00 0.00000000000000000E+00 0.00000000000000000E+00 0.00000000000000000E+00
reset_qvel 0.00000000000000000E+00 0.00000000000000000E+00 0.00000000000000000E+00 0.00000000000000000E+00 0.00000000000000000E+00
forward SUCCESS
forward_clamped -1.00000000000000000E+00
qacc -3.63382436943881748E+00 4.41043279888503115E+00 -3.45987980176115428E-01 1.03567572377057537E+01 -7.62115738018107081E+00
act_dot
mass 9.81459496787702257E+00 -5.74644703385863842E+00 3.49003417397316662E+00 1.12338146863497657E+00 -9.89586373179649592E-01 -5.74644703385863842E+00 9.25000000000000355E+00 -1.30974342747064476E+00 -1.76670386860318041E+00 8.69530322222003438E-01 3.49003417397316662E+00 -1.30974342747064476E+00 5.78133597001049981E+00 -3.62290974017416612E-01 6.29526908536425012E-01 1.12338146863497657E+00 -1.76670386860318041E+00 -3.62290974017416612E-01 2.34623708086785010E+00 0.00000000000000000E+00 -9.89586373179649592E-01 8.69530322222003438E-01 6.29526908536425012E-01 0.00000000000000000E+00 2.31999999999999940E+00
gravity -3.55307150665263336E+01 2.26201992434225794E+01 -2.37729409779357539E+01 1.31844410686373141E+01 -1.28119470119513092E+01
bias 6.66013556849619981E+00 -1.37807703254536911E+01 5.21100560025958703E+00 3.81341889343379647E-01 -2.35496078942294051E+00
passive 0.00000000000000000E+00 0.00000000000000000E+00 0.00000000000000000E+00 -4.47594699345902181E-01 0.00000000000000000E+00
actuation -8.81419482229786944E-01 5.34594068853654014E-01 0.00000000000000000E+00 0.00000000000000000E+00 0.00000000000000000E+00
length 1.16482832006290549E+00 6.47942776497347550E-01
velocity -4.10385951467062338E+00 4.18820034301603084E-01
force 3.83225861839037840E-01 5.34594068853654014E-01
position 0.00000000000000000E+00 0.00000000000000000E+00 0.00000000000000000E+00
quaternion 1.00000000000000000E+00 0.00000000000000000E+00 0.00000000000000000E+00 0.00000000000000000E+00
position -5.94617684256643297E-01 2.56430027942155248E-01 5.33572939971218352E-01
quaternion 8.99514362192495143E-01 6.76725945756250225E-02 -2.62159968736689841E-01 -3.42879691648265317E-01
position -5.11730857810640871E-01 -1.49841177094232392E-01 7.28697213089638307E-01
quaternion 9.36327485717406205E-01 1.72007639708510157E-01 3.38345457884951517E-02 -3.04235821170541543E-01
position -3.30718571600292000E-01 -1.91587843830293869E-01 1.14761458925984572E+00
quaternion 9.36327485717406205E-01 1.72007639708510157E-01 3.38345457884951517E-02 -3.04235821170541543E-01
position -7.61513033393176553E-01 7.73714682444594071E-01 6.69056145122920998E-01
quaternion 9.64026510653424817E-01 -2.42760581507402401E-01 -6.22160014177637471E-02 8.85965913066337762E-02
unchanged_qpos -5.06447095679524173E-01 6.47942776497347550E-01 -7.25864044090228200E-01 6.39420999065574591E-01 2.06765831227711638E-01
unchanged_qvel 1.78428674550896682E+00 4.18820034301603084E-01 -1.91241916769036457E-01 1.06952931042543220E-01 -4.01228824463139677E-01
unchanged_time 1.25000000000000000E-01
act
step SUCCESS
step_clamped -1.00000000000000000E+00
qpos -5.02893057485984007E-01 6.48798058297146318E-01 -7.26247911875686936E-01 6.39676331956610555E-01 2.05932888949264647E-01
qvel 1.77701909677008918E+00 4.27640899899373150E-01 -1.91933892729388683E-01 1.27666445517954724E-01 -4.16471139223501818E-01
time 1.27000000000000002E-01
reset_qpos 0.00000000000000000E+00 0.00000000000000000E+00 0.00000000000000000E+00 0.00000000000000000E+00 0.00000000000000000E+00
reset_qvel 0.00000000000000000E+00 0.00000000000000000E+00 0.00000000000000000E+00 0.00000000000000000E+00 0.00000000000000000E+00
forward SUCCESS
forward_clamped -1.00000000000000000E+00
qacc -2.48090062420192137E+00 2.88420929924781833E+00 -4.80797660113530512E+00 6.97076350060099603E+00 -4.82534339350439279E+00
act_dot
mass 4.54184319569437900E+00 -3.80405363058537604E+00 2.07091473166277762E+00 1.71034775322260080E+00 -3.33820746701347204E-01 -3.80405363058537604E+00 9.25000000000000533E+00 7.01591895470340177E-01 -1.89157912159454944E+00 1.93910267618754095E+00 2.07091473166277762E+00 7.01591895470340177E-01 6.21951545471111888E+00 -4.01505399754936487E-01 6.29526908536425678E-01 1.71034775322260080E+00 -1.89157912159454944E+00 -4.01505399754936487E-01 2.34623708086785010E+00 0.00000000000000000E+00 -3.33820746701347204E-01 1.93910267618754095E+00 6.29526908536425678E-01 0.00000000000000000E+00 2.32000000000000028E+00
gravity -7.87214207399372512E+00 1.29042955592818309E+00 -1.31670861220047346E+01 1.49455424136089707E+01 -8.54483487089662397E+00
bias 9.67166249915079312E+00 -8.97438124768259016E+00 2.57796537043740486E+01 6.14817347939621150E+00 -7.80005302382405064E-01
passive 0.00000000000000000E+00 0.00000000000000000E+00 0.00000000000000000E+00 -4.86900142041087725E-01 0.00000000000000000E+00
actuation -1.37999999999999989E+00 -3.73067695164519098E-01 0.00000000000000000E+00 0.00000000000000000E+00 0.00000000000000000E+00
length -8.16545025090525622E-01 3.72590696668684496E-01
velocity 4.06590738190857781E+00 1.13771926824020220E+00
force 5.99999999999999978E-01 -3.73067695164519098E-01
position 0.00000000000000000E+00 0.00000000000000000E+00 0.00000000000000000E+00
quaternion 1.00000000000000000E+00 0.00000000000000000E+00 0.00000000000000000E+00 0.00000000000000000E+00
position -7.36649022164788669E-02 -3.05712501904714662E-02 9.31655252695169356E-01
quaternion 9.12185959505138255E-01 7.29545383706559358E-02 -2.18091789779256723E-01 3.39161291782678731E-01
position 2.91535768371336879E-01 2.42404746888400802E-02 1.20299294822965352E+00
quaternion 9.31902460268844046E-01 -4.70052177230879040E-02 1.05853946701597854E-01 3.43719734695836110E-01
position 3.01541669790205469E-01 3.03317586617420143E-01 1.56633279951822146E+00
quaternion 9.31902460268844046E-01 -4.70052177230879040E-02 1.05853946701597854E-01 3.43719734695836110E-01
position 2.15690798888449720E-01 -1.36482716715801866E-01 6.14270606511660988E-01
quaternion 6.44545842385382373E-01 -3.01821351711553720E-01 -1.89395603440258603E-01 6.76456823538818974E-01
unchanged_qpos 3.55019576126315517E-01 3.72590696668684496E-01 -4.30437638068102979E-02 6.95571631487268194E-01 -7.11967157118350125E-01
unchanged_qvel -1.76778581822112102E+00 1.13771926824020220E+00 1.08597870003796793E+00 9.88138346942498025E-01 4.66497072438039950E-01
unchanged_time 1.25000000000000000E-01
act
step SUCCESS
step_clamped -1.00000000000000000E+00
qpos 3.51474080887376472E-01 3.74877672042361887E-01 -4.08910383131389013E-02 6.97575791235155562E-01 -7.11053464347048081E-01
qvel -1.77274761946952486E+00 1.14348768683869784E+00 1.07636274683569733E+00 1.00207987394370002E+00 4.56846385651031139E-01
time 1.27000000000000002E-01
reset_qpos 0.00000000000000000E+00 0.00000000000000000E+00 0.00000000000000000E+00 0.00000000000000000E+00 0.00000000000000000E+00
reset_qvel 0.00000000000000000E+00 0.00000000000000000E+00 0.00000000000000000E+00 0.00000000000000000E+00 0.00000000000000000E+00
forward SUCCESS
forward_clamped -1.00000000000000000E+00
qacc -1.14042796886526143E+00 6.64698882180855044E-01 3.89595444368170729E-01 -1.37617082898636411E+00 -3.78613528924639287E+00
act_dot
mass 3.54400010260099174E+00 -3.58057728224048288E+00 5.07143007222531805E-01 1.97090162920835388E+00 -6.45872279627236756E-03 -3.58057728224048288E+00 9.25000000000000355E+00 1.67429561752289446E+00 -1.72758105695778164E+00 2.16667859881168079E+00 5.07143007222531805E-01 1.67429561752289446E+00 2.77790868136884272E+00 6.18460912234424232E-02 6.29526908536425123E-01 1.97090162920835388E+00 -1.72758105695778164E+00 6.18460912234424232E-02 2.34623708086785099E+00 0.00000000000000000E+00 -6.45872279627236756E-03 2.16667859881168079E+00 6.29526908536425123E-01 0.00000000000000000E+00 2.31999999999999940E+00
gravity -1.16669950690596238E+01 6.96286523222430276E+00 -1.01537234394133726E+01 -1.04570636400226871E+01 -5.84207449525742817E+00
bias -9.05145953368219125E-01 -1.49323004974668549E-02 -8.91286730576168118E+00 -3.55161889599459091E+00 1.31320947098698793E+00
passive 0.00000000000000000E+00 0.00000000000000000E+00 0.00000000000000000E+00 1.24475490197394595E-01 0.00000000000000000E+00
actuation 1.83999999999999986E+00 -1.93307347359363924E+00 0.00000000000000000E+00 0.00000000000000000E+00 0.00000000000000000E+00
length -4.72230810564299885E-01 1.63561719724772958E-01
velocity -1.75719718698288108E+00 1.98290319937155424E+00
force -8.00000000000000044E-01 -1.93307347359363924E+00
position 0.00000000000000000E+00 0.00000000000000000E+00 0.00000000000000000E+00
quaternion 1.00000000000000000E+00 0.00000000000000000E+00 0.00000000000000000E+00 0.00000000000000000E+00
position 3.10643799891707206E-02 1.83849185040798058E-01 9.47503289294916007E-01
quaternion 8.33964908854767817E-01 1.56380579982646511E-01 -2.83733080257079662E-01 4.46702567902826919E-01
position 3.40434542824046060E-01 2.84547508831459017E-01 1.27022600298776100E+00
quaternion 8.05476973534885565E-01 1.95427372366072633E-01 -3.56663391923523421E-01 4.31052447037226560E-01
position 4.86339394495201582E-02 2.01526186001871749E-01 1.61367886412868700E+00
quaternion 8.05476973534885565E-01 1.95427372366072633E-01 -3.56663391923523421E-01 4.31052447037226560E-01
position 1.69081242238959317E-01 1.65028882271262889E-01 7.14092654333924992E-01
quaternion 5.55475125284374704E-01 -2.57559890328331653E-01 -3.19256809692011867E-01 7.23315544938476052E-01
unchanged_qpos 2.05317743723608670E-01 1.63561719724772958E-01 3.74334478249161329E-01 -1.77822128853420858E-01 -5.02080174850366712E-01
unchanged_qvel 7.63998776949078806E-01 1.98290319937155424E+00 -1.37670450838021763E+00 7.58467110637675024E-01 -1.26136962082119153E+00
unchanged_time 1.25000000000000000E-01
act
step SUCCESS
step_clamped -1.00000000000000000E+00
qpos 2.06841179565631361E-01 1.67530184919044783E-01 3.71582627614178373E-01 -1.76310699315461450E-01 -5.04618058633166111E-01
qvel 7.61717921011348276E-01 1.98423259713591604E+00 -1.37592531749148139E+00 7.55714768979702245E-01 -1.26894189139968439E+00
time 1.27000000000000002E-01
reset_qpos 0.00000000000000000E+00 0.00000000000000000E+00 0.00000000000000000E+00 0.00000000000000000E+00 0.00000000000000000E+00
reset_qvel 0.00000000000000000E+00 0.00000000000000000E+00 0.00000000000000000E+00 0.00000000000000000E+00 0.00000000000000000E+00
forward SUCCESS
forward_clamped -1.00000000000000000E+00
qacc 7.39108075759486916E+00 5.94231344113079807E+00 -7.27997591812641254E+00 -8.18226855719423085E+00 -2.37144968775889886E+00
act_dot
mass 7.76860252819677299E+00 -3.73123646258654684E+00 1.88025528947860088E+00 2.72679482382895122E+00 -2.93907112741774723E-01 -3.73123646258654684E+00 9.25000000000000178E+00 2.19167335938314656E+00 -1.53503679878319743E+00 2.15776717737394819E+00 1.88025528947860088E+00 2.19167335938314656E+00 4.16796516988302201E+00 6.23561018389107158E-03 6.29526908536425789E-01 2.72679482382895122E+00 -1.53503679878319743E+00 6.23561018389107158E-03 2.34623708086784966E+00 0.00000000000000000E+00 -2.93907112741774723E-01 2.15776717737394819E+00 6.29526908536425789E-01 0.00000000000000000E+00 2.32000000000000073E+00
gravity -7.40073590567354866E+00 1.70221519286449627E+01 -3.52314541469873088E+00 -1.18644671666883514E+01 -1.92921644236849388E+00
bias -5.16783888751022769E+00 3.96086143231006327E-01 1.48703440899329320E+00 -3.28494697977779504E+00 -2.51934162788641069E+00
passive 0.00000000000000000E+00 0.00000000000000000E+00 0.00000000000000000E+00 1.05623981251715231E-02 0.00000000000000000E+00
actuation 1.83999999999999986E+00 2.15700651348556249E+00 0.00000000000000000E+00 0.00000000000000000E+00 0.00000000000000000E+00
length 3.06292526880698468E-01 -4.77194727958170473E-01
velocity 6.91855879516406480E-01 -1.12444103349136659E+00
force -8.00000000000000044E-01 2.15700651348556249E+00
position 0.00000000000000000E+00 0.00000000000000000E+00 0.00000000000000000E+00
quaternion 1.00000000000000000E+00 0.00000000000000000E+00 0.00000000000000000E+00 0.00000000000000000E+00
position 5.96962277920954576E-01 2.21958645448996239E-01 1.04165513877262139E+00
quaternion 8.25433614578663821E-01 1.72391036410804110E-01 -3.92103390829789900E-01 3.67689555724107497E-01
position 8.62195319591215315E-01 2.19356988681886633E-01 1.41534573938816810E+00
quaternion 8.22451899177172652E-01 1.75160163446372502E-01 -3.98319714195116081E-01 3.66378487311718182E-01
position 5.44438478116169300E-01 1.67705797693587733E-01 1.74147875544954855E+00
quaternion 8.22451899177172652E-01 1.75160163446372502E-01 -3.98319714195116081E-01 3.66378487311718182E-01
position -2.50112163007622401E-01 9.28797166810087366E-02 9.16947625756205142E-01
quaternion 6.02892738129419459E-01 -2.84492269002650178E-01 -3.99712341006062566E-01 6.29137933712463626E-01
unchanged_qpos -1.33170663861173266E-01 -4.77194727958170473E-01 5.12814194068079487E-01 -1.50891401788164625E-02 5.25828998927935665E-01
unchanged_qvel -3.00806904137568054E-01 -1.12444103349136659E+00 -1.14843016365722406E+00 1.58206060296405493E-01 -5.00809264039302704E-01
unchanged_time 1.25000000000000000E-01
act
step SUCCESS
step_clamped -1.00000000000000000E+00
qpos -1.33742713346418018E-01 -4.79419840771388661E-01 5.10488213837092530E-01 -1.48054571324524285E-02 5.24817894601106061E-01
qvel -2.86024742622378314E-01 -1.11255640660910493E+00 -1.16299011549347697E+00 1.41841523182017037E-01 -5.05552163414820455E-01
time 1.27000000000000002E-01
reset_qpos 0.00000000000000000E+00 0.00000000000000000E+00 0.00000000000000000E+00 0.00000000000000000E+00 0.00000000000000000E+00
reset_qvel 0.00000000000000000E+00 0.00000000000000000E+00 0.00000000000000000E+00 0.00000000000000000E+00 0.00000000000000000E+00
forward SUCCESS
forward_clamped -1.00000000000000000E+00
qacc 1.62985827440662447E+01 7.62864707112180973E+00 -1.41979121690754440E+01 -1.44541268959644533E+01 -4.28456998878073314E+00
act_dot
mass 5.50048339205735548E+00 -4.35267710765835147E+00 1.68725733843409098E+00 2.27316878919062493E+00 -1.61027651258379256E-01 -4.35267710765835147E+00 9.25000000000000355E+00 5.74138734412656171E-01 -1.91068712994511269E+00 2.05838968113152543E+00 1.68725733843409098E+00 5.74138734412656171E-01 2.20935530883464137E+00 1.15129483347014727E-01 6.29526908536424346E-01 2.27316878919062493E+00 -1.91068712994511269E+00 1.15129483347014727E-01 2.34623708086784966E+00 0.00000000000000000E+00 -1.61027651258379256E-01 2.05838968113152543E+00 6.29526908536424346E-01 0.00000000000000000E+00 2.31999999999999895E+00
gravity -1.11057026170229722E+01 1.49058754067922639E+01 -8.75990410360508776E+00 -1.73492605676523404E+01 -5.80939901561024019E+00
bias -1.26334592663192886E+01 7.31397157211336246E+00 -5.01766129232206914E+00 -3.66316752599433126E+00 1.38883280311134838E-01
passive 0.00000000000000000E+00 0.00000000000000000E+00 0.00000000000000000E+00 3.21449796534688859E-01 0.00000000000000000E+00
actuation -1.37999999999999989E+00 2.48977467324501189E+00 0.00000000000000000E+00 0.00000000000000000E+00 0.00000000000000000E+00
length 1.11044189866667295E-01 -2.60888220294261841E-01
velocity 3.76353504939278594E+00 -9.18011400096893748E-01
force 5.99999999999999978E-01 2.48977467324501189E+00
position 0.00000000000000000E+00 0.00000000000000000E+00 0.00000000000000000E+00
quaternion 1.00000000000000000E+00 0.00000000000000000E+00 0.00000000000000000E+00 0.00000000000000000E+00
position 4.44438459590912049E-01 1.29064086162408054E-01 9.49523905035238092E-01
quaternion 9.08340643226943190E-01 1.19299786863010779E-01 -3.30091425621950152E-01 2.27430181478562338E-01
position 7.59735538700588409E-01 5.25227296948016786E-02 1.27314277447119251E+00
quaternion 8.09374965298838678E-01 1.67930811819400644E-01 -5.28162133207760398E-01 1.94309467176997430E-01
position 3.82127162144596078E-01 4.90181454075039602E-02 1.53275716514266724E+00
quaternion 8.09374965298838678E-01 1.67930811819400644E-01 -5.28162133207760398E-01 1.94309467176997430E-01
position 3.12303270129743349E-01 1.19545417983567298E-01 7.80983351594215947E-01
quaternion 7.19211458081683408E-01 -3.02318574111554828E-01 -2.79009247783251313E-01 5.59903739907673170E-01
unchanged_qpos -4.82800825507249121E-02 -2.60888220294261841E-01 9.90158709188108110E-02 -4.59213995049555568E-01 -2.37064699530525225E-01
unchanged_qvel -1.63631958669251576E+00 -9.18011400096893748E-01 -5.03415790001088048E-01 1.27575362635875544E+00 -5.76736070224692643E-01
unchanged_time 1.25000000000000000E-01
act
step SUCCESS
step_clamped -1.00000000000000000E+00
qpos -5.14875273931336766E-02 -2.62693728506171120E-01 9.79522476901323325E-02 -4.56720304304421898E-01 -2.38235309950929730E-01
qvel -1.60372242120438324E+00 -9.02754105954650110E-01 -5.31811614339238958E-01 1.24684537256682648E+00 -5.85305210202254123E-01
time 1.27000000000000002E-01
reset_qpos 0.00000000000000000E+00 0.00000000000000000E+00 0.00000000000000000E+00 0.00000000000000000E+00 0.00000000000000000E+00
reset_qvel 0.00000000000000000E+00 0.00000000000000000E+00 0.00000000000000000E+00 0.00000000000000000E+00 0.00000000000000000E+00
forward SUCCESS
forward_clamped -1.00000000000000000E+00
qacc -4.41244383304791987E-01 2.86653448339267847E+00 -3.05954008049113835E+00 -3.84801844446235997E-01 -1.31334527810732227E+00
act_dot
mass 5.97161197790828080E+00 -3.02438627191154730E+00 1.09979530421332194E+00 1.15444136518298657E+00 4.21322561002668572E-01 -3.02438627191154730E+00 9.25000000000000355E+00 3.02035707236184248E+00 -1.33137251181908534E+00 2.12031809421312456E+00 1.09979530421332194E+00 3.02035707236184248E+00 4.68077682948494900E+00 -1.48008328803104411E-01 6.29526908536424568E-01 1.15444136518298657E+00 -1.33137251181908534E+00 -1.48008328803104411E-01 2.34623708086784966E+00 0.00000000000000000E+00 4.21322561002668572E-01 2.12031809421312456E+00 6.29526908536424568E-01 0.00000000000000000E+00 2.31999999999999851E+00
gravity -2.42112834806252621E+01 1.09654157099062086E+01 -6.78470090964603045E+00 -2.01371743552550342E+00 -3.13855692279680154E+00
bias -6.46333543258998411E+00 -2.83990924610149964E+00 3.36540491815470300E-01 2.70951695901264245E+00 -3.91971986648155779E+00
passive 0.00000000000000000E+00 0.00000000000000000E+00 0.00000000000000000E+00 -2.11832561774535161E-01 0.00000000000000000E+00
actuation 1.83999999999999986E+00 2.65407598312371551E+00 0.00000000000000000E+00 0.00000000000000000E+00 0.00000000000000000E+00
length -1.99246437150117306E-01 4.44686768721737291E-01
velocity 2.80337027844100106E+00 1.67660330307013883E-01
force -8.00000000000000044E-01 2.65407598312371551E+00
position 0.00000000000000000E+00 0.00000000000000000E+00 0.00000000000000000E+00
quaternion 1.00000000000000000E+00 0.00000000000000000E+00 0.00000000000000000E+00 0.00000000000000000E+00
position -3.14906127160781590E-01 2.41951079925758872E-01 9.23997741580667942E-01
quaternion 7.77733191024741366E-01 1.93279432468001888E-01 -3.33171849106787987E-01 4.96760167008269637E-01
position -5.34496449457114164E-02 3.49998137468067405E-01 1.28450618983697407E+00
quaternion 8.19067046068129745E-01 1.16193349793966283E-01 -2.12135738394056111E-01 5.20217942794069632E-01
position -2.87518176928474145E-01 3.52214449816594499E-01 1.67846939915353977E+00
quaternion 8.19067046068129745E-01 1.16193349793966283E-01 -2.12135738394056111E-01 5.20217942794069632E-01
position -9.32564023091652095E-01 -6.30151549356053053E-02 8.23879316341581069E-01
quaternion 4.99225760848846845E-01 -2.42865423680682258E-01 -3.96948307709793446E-01 7.30904964199603491E-01
unchanged_qpos 8.66288857174423166E-02 4.44686768721737291E-01 6.22974596259127766E-01 3.02617945392193111E-01 3.50158507160969412E-01
unchanged_qvel -1.21885664280043526E+00 1.67660330307013883E-01 1.18017147208562267E+00 -8.47641768453103239E-01 1.66959284157730803E+00
unchanged_time 1.25000000000000000E-01
act
step SUCCESS
step_clamped -1.00000000000000000E+00
qpos 8.41894074543082238E-02 4.45033555520284896E-01 6.25322701042977047E-01 3.00921122647909101E-01 3.53492439463011621E-01
qvel -1.21973913156704494E+00 1.73393399273799237E-01 1.17405239192464039E+00 -8.48411372141995690E-01 1.66696615102109336E+00
time 1.27000000000000002E-01
reset_qpos 0.00000000000000000E+00 0.00000000000000000E+00 0.00000000000000000E+00 0.00000000000000000E+00 0.00000000000000000E+00
reset_qvel 0.00000000000000000E+00 0.00000000000000000E+00 0.00000000000000000E+00 0.00000000000000000E+00 0.00000000000000000E+00
forward SUCCESS
forward_clamped -1.00000000000000000E+00
qacc 4.31972495913421994E+00 4.11003189390519363E+00 -5.36018387492987181E+00 -8.65837300018117872E+00 -3.56017341427080769E+00
act_dot
mass 7.16205873756639200E+00 -4.83539735267746984E+00 1.18880785547374912E+00 2.36252353365791556E+00 -6.05037465752017889E-01 -4.83539735267746984E+00 9.25000000000000355E+00 -2.34464928683198376E-01 -1.89324629321171756E+00 1.57457506789157087E+00 1.18880785547374912E+00 -2.34464928683198376E-01 2.24832715462456312E+00 1.09796087136857928E-01 6.29526908536425234E-01 2.36252353365791556E+00 -1.89324629321171756E+00 1.09796087136857928E-01 2.34623708086784921E+00 0.00000000000000000E+00 -6.05037465752017889E-01 1.57457506789157087E+00 6.29526908536425234E-01 0.00000000000000000E+00 2.31999999999999895E+00
gravity -3.41419221046125259E+01 2.06049997908897353E+01 -7.09117367683859445E+00 -2.04845084030036553E+01 -8.91315322249784359E+00
bias -1.88948971959499019E+01 -8.82036960489889310E+00 4.16066508738397722E+00 -1.31752268852219334E+00 -9.31140429536466918E-01
passive 0.00000000000000000E+00 0.00000000000000000E+00 0.00000000000000000E+00 5.24626595119387806E-01 0.00000000000000000E+00
actuation 1.83999999999999986E+00 -1.83720284048462190E-01 0.00000000000000000E+00 0.00000000000000000E+00 0.00000000000000000E+00
length 7.35593249678856198E-01 4.71125255291147127E-01
velocity -2.63724160059708757E+00 -1.76965404937588744E+00
force -8.00000000000000044E-01 -1.83720284048462190E-01
position 0.00000000000000000E+00 0.00000000000000000E+00 0.00000000000000000E+00
quaternion 1.00000000000000000E+00 0.00000000000000000E+00 0.00000000000000000E+00 0.00000000000000000E+00
position -3.36857573889441042E-01 1.45973381060616136E-01 6.95424368215357358E-01
quaternion 9.38909185231609267E-01 8.34597366092312137E-02 -3.22137088610627065E-01 -8.78163446876607939E-02
position -1.10228543800569179E-01 -1.45639805432145497E-01 9.66719469874998572E-01
quaternion 7.55843832372221525E-01 4.55251525699913243E-02 -6.43446084016126907E-01 -1.12270648491327951E-01
position -4.66492331656436610E-01 5.59230503504722642E-02 1.17274987693023180E+00
quaternion 7.55843832372221525E-01 4.55251525699913243E-02 -6.43446084016126907E-01 -1.12270648491327951E-01
position -6.35451781671314775E-01 4.22120152023219286E-01 6.54728170451809421E-01
quaternion 8.85985466272194877E-01 -2.98129723525384416E-01 -1.76207377590584580E-01 3.08381876231026864E-01
unchanged_qpos -3.19823152034285352E-01 4.71125255291147127E-01 -3.32686274227003975E-01 -7.49466564456268358E-01 4.01696210687694233E-02
unchanged_qvel 1.14662678286829900E+00 -1.76965404937588744E+00 1.82530165488052143E+00 -1.83092990015658730E+00 -7.59886937473688295E-01
unchanged_time 1.25000000000000000E-01
act
step SUCCESS
step_clamped -1.00000000000000000E+00
qpos -3.17512619568712240E-01 4.67602387319970947E-01 -3.29057111652742651E-01 -7.53163057748582276E-01 3.86356065001649610E-02
qvel 1.15526623278656748E+00 -1.76143398558807696E+00 1.81458128713066169E+00 -1.84824664615694956E+00 -7.67007284302229864E-01
time 1.27000000000000002E-01
reset_qpos 0.00000000000000000E+00 0.00000000000000000E+00 0.00000000000000000E+00 0.00000000000000000E+00 0.00000000000000000E+00
reset_qvel 0.00000000000000000E+00 0.00000000000000000E+00 0.00000000000000000E+00 0.00000000000000000E+00 0.00000000000000000E+00
forward SUCCESS
forward_clamped -1.00000000000000000E+00
qacc -4.98835518166161584E+00 2.74221008163202029E+00 -5.47737736826146904E-01 6.17281429573378215E+00 -6.69605968094439241E+00
act_dot
mass 6.36727090441613974E+00 -4.74480857130456002E+00 1.94441735382753089E+00 2.12014666603400315E+00 -5.28708787457705442E-01 -4.74480857130456002E+00 9.25000000000000355E+00 3.38869830961053331E-01 -2.48952731384759574E+00 1.62898385204546536E+00 1.94441735382753089E+00 3.38869830961053331E-01 3.71016227460029935E+00 -7.67255386067645651E-02 6.29526908536425234E-01 2.12014666603400315E+00 -2.48952731384759574E+00 -7.67255386067645651E-02 2.34623708086785099E+00 0.00000000000000000E+00 -5.28708787457705442E-01 1.62898385204546536E+00 6.29526908536425234E-01 0.00000000000000000E+00 2.32000000000000028E+00
gravity -2.85934709418618063E+01 2.20722162412086753E+01 -1.72988907613360219E+01 -2.88496153478638107E+00 -8.89280201322738151E+00
bias -6.34772176319225223E-01 8.06595337388322342E-01 -2.06283723396691165E+00 -2.29287060364029349E-01 -3.58566455782609872E-01
passive 0.00000000000000000E+00 0.00000000000000000E+00 0.00000000000000000E+00 -1.18742240137588884E-01 0.00000000000000000E+00
actuation -1.37999999999999989E+00 1.45244803219629359E+00 0.00000000000000000E+00 0.00000000000000000E+00 0.00000000000000000E+00
length 1.00823896677119929E+00 3.98724054358191804E-01
velocity 3.44394683334890817E-01 -1.64616862565328903E+00
force 5.99999999999999978E-01 1.45244803219629359E+00
position 0.00000000000000000E+00 0.00000000000000000E+00 0.00000000000000000E+00
quaternion 1.00000000000000000E+00 0.00000000000000000E+00 0.00000000000000000E+00 0.00000000000000000E+00
position -2.73580988364002908E-01 1.97333273031617851E-01 6.89763033867785258E-01
quaternion 9.24064728664918067E-01 9.82518664730389346E-02 -3.47720108401680938E-01 -1.24666251187394397E-01
position -8.18688770055695791E-02 -1.21568178169683849E-01 9.57248231178207343E-01
quaternion 9.50199824437337970E-01 1.08459685068838768E-01 -2.68188721218282633E-01 -1.15894780578431167E-01
position -1.80448250486057976E-01 -1.70697529995306463E-02 1.39240588796612652E+00
quaternion 9.50199824437337970E-01 1.08459685068838768E-01 -2.68188721218282689E-01 -1.15894780578431181E-01
position -5.86418362661965897E-01 5.33899487016147090E-01 6.70398955124166251E-01
quaternion 8.97777078925120819E-01 -2.90031852542325774E-01 -1.97649097748171854E-01 2.66106511056903250E-01
unchanged_qpos -4.38364768161391027E-01 3.98724054358191804E-01 -2.96032813836138331E-01 1.69631771625126992E-01 9.77661120699634401E-02
unchanged_qvel -1.49736818841256891E-01 -1.64616862565328903E+00 1.04818687532765686E-01 1.42536397135690374E+00 1.05140020470368567E+00
unchanged_time 1.25000000000000000E-01
act
step SUCCESS
step_clamped -1.00000000000000000E+00
qpos -5.83957877676061443E-01 1.26319517798694825E-01 -2.48125191249832511E-01 6.20630043008556287E-01 1.68329781733989881E-01
qvel -1.30940131627996181E+00 -1.07974721817649222E+00 4.79577208083369733E-01 3.23281226368669961E+00 -3.23486715207788322E-01
time 3.25000000000000178E-01
reset_qpos 0.00000000000000000E+00 0.00000000000000000E+00 0.00000000000000000E+00 0.00000000000000000E+00 0.00000000000000000E+00
reset_qvel 0.00000000000000000E+00 0.00000000000000000E+00 0.00000000000000000E+00 0.00000000000000000E+00 0.00000000000000000E+00
forward SUCCESS
forward_clamped -1.00000000000000000E+00
qacc -4.54505360928941737E+00 -3.34801123971494974E+00 5.11293001591165464E+00 -3.41050654404777998E+00 -3.16242711180877967E+00
act_dot
mass 6.55825618858311632E+00 -5.84630527532196176E+00 2.47494510548855695E+00 2.04657894026435239E+00 -2.65039299559355346E-03 -5.84630527532196176E+00 9.25000000000000355E+00 -1.41648604004737444E+00 -2.34532025647489251E+00 1.01520354536913793E+00 2.47494510548855695E+00 -1.41648604004737444E+00 2.23323795451362095E+00 1.16000161299658983E-01 6.29526908536425345E-01 2.04657894026435239E+00 -2.34532025647489251E+00 1.16000161299658983E-01 2.34623708086785054E+00 0.00000000000000000E+00 -2.65039299559355346E-03 1.01520354536913793E+00 6.29526908536425345E-01 0.00000000000000000E+00 2.31999999999999984E+00
gravity -5.42827476425504329E+00 -3.92751498088715012E+00 1.44715873956453717E-01 -8.48131698284280411E+00 -8.42590146303128762E+00
bias -2.30946529974234771E+00 1.86283235749696674E+00 -2.18944208631080839E+00 5.50096858923738496E-01 -1.18695789259886419E+00
passive 0.00000000000000000E+00 0.00000000000000000E+00 0.00000000000000000E+00 3.28662033523478669E-01 0.00000000000000000E+00
actuation -1.37999999999999989E+00 -8.71648478149991246E-01 0.00000000000000000E+00 0.00000000000000000E+00 0.00000000000000000E+00
length -1.10584091412548480E+00 -1.78002615870184622E-01
velocity -9.56695502876630299E-01 1.31913808707097768E+00
force 5.99999999999999978E-01 -8.71648478149991246E-01
position 0.00000000000000000E+00 0.00000000000000000E+00 0.00000000000000000E+00
quaternion 1.00000000000000000E+00 0.00000000000000000E+00 0.00000000000000000E+00 0.00000000000000000E+00
position 4.87458883966813250E-01 -4.08002008734031363E-02 9.28821847559536895E-01
quaternion 9.76935923074747192E-01 -6.95615845418011275E-02 -1.52808528726334270E-01 1.31935369445113637E-01
position 8.70465737971125697E-01 -1.10725022089146516E-01 1.17051642582654236E+00
quaternion 9.14594562797501065E-01 -3.69642965887231889E-02 -3.75860386242901856E-01 1.44497046794339973E-01
position 6.11449655399088132E-01 9.31839043221873303E-02 1.48884301707963385E+00
quaternion 9.14594562797501065E-01 -3.69642965887231889E-02 -3.75860386242901856E-01 1.44497046794339973E-01
position 3.74373065154890106E-01 -1.11711900476592116E-01 7.80717230436103971E-01
quaternion 7.55921777401650785E-01 -3.80557493045578954E-01 -9.36439847104662999E-03 5.32607330946607171E-01
unchanged_qpos 4.80800397445863004E-01 -1.78002615870184622E-01 -6.52644675912819716E-01 -4.69517190747826718E-01 -3.29787932101318959E-01
unchanged_qvel 4.15954566468100140E-01 1.31913808707097768E+00 -5.98890002554049783E-01 2.27801059981161291E-01 -1.32977479196256176E+00
unchanged_time 1.25000000000000000E-01
act
step SUCCESS
step_clamped -1.00000000000000000E+00
qpos 4.81614126364362072E-01 -1.75377731741001519E-01 -6.53822004197864182E-01 -4.69075230654040609E-01 -3.32460131393691294E-01
qvel 4.06864459249521304E-01 1.31244206459154777E+00 -5.88664142522226430E-01 2.20980046893065718E-01 -1.33609964618617938E+00
time 1.27000000000000002E-01
reset_qpos 0.00000000000000000E+00 0.00000000000000000E+00 0.00000000000000000E+00 0.00000000000000000E+00 0.00000000000000000E+00
reset_qvel 0.00000000000000000E+00 0.00000000000000000E+00 0.00000000000000000E+00 0.00000000000000000E+00 0.00000000000000000E+00
forward SUCCESS
forward_clamped -1.00000000000000000E+00
qacc -1.74924830566224121E+00 -1.92171017431929592E+00 -2.45801736245657576E+00 4.74394332246104788E+00 1.03554032023469222E+00
act_dot
mass 4.75411012051407855E+00 -2.18418419659987695E+00 4.56236907758218069E-01 7.35272380366082334E-01 6.12138500995617951E-01 -2.18418419659987695E+00 9.25000000000000178E+00 3.81974094783320872E+00 -1.11641227629772355E+00 2.07938220489640546E+00 4.56236907758218069E-01 3.81974094783320872E+00 5.09785686102324398E+00 -2.98697027160467865E-01 6.29526908536425567E-01 7.35272380366082334E-01 -1.11641227629772355E+00 -2.98697027160467865E-01 2.34623708086785143E+00 0.00000000000000000E+00 6.12138500995617951E-01 2.07938220489640546E+00 6.29526908536425567E-01 0.00000000000000000E+00 2.32000000000000028E+00
gravity -2.08219320287217293E+01 -6.79181951456509569E+00 -1.41009942246644062E+01 9.27343369660355066E+00 -7.90348079704715101E+00
bias -1.75679855219213543E+01 1.86448115356019315E+01 7.01345874272766334E+00 -4.06240783147806450E+00 -3.79775870760537337E+00
passive 0.00000000000000000E+00 0.00000000000000000E+00 0.00000000000000000E+00 -3.82005413818145068E-01 0.00000000000000000E+00
actuation 1.83999999999999986E+00 -7.87205246128000913E-01 0.00000000000000000E+00 0.00000000000000000E+00 0.00000000000000000E+00
length -1.25715907098529689E+00 5.44831877339636117E-01
velocity 2.45807769049490554E+00 1.37671695633520663E-01
force -8.00000000000000044E-01 -7.87205246128000913E-01
position 0.00000000000000000E+00 0.00000000000000000E+00 0.00000000000000000E+00
quaternion 1.00000000000000000E+00 0.00000000000000000E+00 0.00000000000000000E+00 0.00000000000000000E+00
position -3.40444727502108080E-01 2.73774293492655696E-02 1.05418043820107221E+00
quaternion 6.81070565294754515E-01 2.19201078679261308E-01 -1.80419115367296351E-01 6.74939045399667426E-01
position -1.26214228920729782E-01 3.10707940885087242E-01 1.34371301790571240E+00
quaternion 7.04494296366936501E-01 2.92037081556295805E-02 9.79584030540703136E-03 7.09040881281979951E-01
position -3.04386698368582120E-01 3.98328920380242868E-01 1.75672286655724719E+00
quaternion 7.04494296366936612E-01 2.92037081556295805E-02 9.79584030540703136E-03 7.09040881281980062E-01
position -5.56536188030526513E-01 -2.96126189474706092E-01 9.94527856696050483E-01
quaternion 3.21105223506337967E-01 -1.46337705624049796E-01 -3.35685410886343238E-01 8.73379651851187044E-01
unchanged_qpos 5.46590900428389981E-01 5.44831877339636117E-01 6.98415915263051135E-01 5.45722019740207287E-01 2.27099725979205136E-02
unchanged_qvel -1.06872943064995907E+00 1.37671695633520663E-01 -9.24474272242352235E-01 -1.44236756932205434E+00 1.75367022847142007E+00
unchanged_time 1.25000000000000000E-01
act
step SUCCESS
step_clamped -1.00000000000000000E+00
qpos 5.44446444573867372E-01 5.45099533890205934E-01 6.96557134649116616E-01 5.42856260374853017E-01 2.62214552161442911E-02
qvel -1.07222792726128358E+00 1.33828275284882059E-01 -9.29390306967265434E-01 -1.43287968267713217E+00 1.75574130911188941E+00
time 1.27000000000000002E-01
reset_qpos 0.00000000000000000E+00 0.00000000000000000E+00 0.00000000000000000E+00 0.00000000000000000E+00 0.00000000000000000E+00
reset_qvel 0.00000000000000000E+00 0.00000000000000000E+00 0.00000000000000000E+00 0.00000000000000000E+00 0.00000000000000000E+00
forward SUCCESS
forward_clamped -1.00000000000000000E+00
qacc -9.03588262970134792E+00 5.35668507875600763E+00 1.69113798376874147E+00 1.67007702873740911E+01 -6.70179595188409927E+00
act_dot
mass 6.87219039812360055E+00 -3.82783853479266423E+00 1.46777407772824509E+00 1.27026216190845354E+00 -5.54061525995087401E-01 -3.82783853479266423E+00 9.25000000000000533E+00 1.06377114719742183E+00 -1.90434828792748334E+00 1.85173629367757719E+00 1.46777407772824509E+00 1.06377114719742183E+00 5.81381877018830107E+00 -4.07839666465511841E-01 6.29526908536425345E-01 1.27026216190845354E+00 -1.90434828792748334E+00 -4.07839666465511841E-01 2.34623708086784921E+00 0.00000000000000000E+00 -5.54061525995087401E-01 1.85173629367757719E+00 6.29526908536425345E-01 0.00000000000000000E+00 2.31999999999999984E+00
gravity -2.67503134463138572E+01 2.03993016163115399E+01 -2.10942925762360396E+01 8.92601554634969041E+00 -7.07002057362675540E+00
bias 3.05038139915338178E+01 -2.13122286074790068E+01 -1.23831163911436146E+01 -8.43184442017078695E+00 -7.79703014494302415E+00
passive 0.00000000000000000E+00 0.00000000000000000E+00 0.00000000000000000E+00 -4.93182935939238620E-01 0.00000000000000000E+00
actuation 1.83999999999999986E+00 3.73181614106737780E-01 0.00000000000000000E+00 0.00000000000000000E+00 0.00000000000000000E+00
length 7.04842188024100147E-01 7.25046380851366079E-01
velocity 4.36324140849223774E+00 -1.95704306599368394E+00
force -8.00000000000000044E-01 3.73181614106737780E-01
position 0.00000000000000000E+00 0.00000000000000000E+00 0.00000000000000000E+00
quaternion 1.00000000000000000E+00 0.00000000000000000E+00 0.00000000000000000E+00 0.00000000000000000E+00
position -5.48666746009653705E-01 2.63447552072523794E-01 6.75688870683307186E-01
quaternion 9.28618255975873663E-01 1.04942170404658655E-01 -3.55675736201035819E-01 1.22493353671839431E-02
position -2.96311132376721964E-01 2.67907710668174315E-02 9.76205446385819187E-01
quaternion 9.94312184423685408E-01 9.42713249312575052E-02 -1.34303596534391945E-02 4.77055829215346991E-02
position -2.23367869271063224E-01 1.56058573715741361E-01 1.40975949787861454E+00
quaternion 9.94312184423685408E-01 9.42713249312575052E-02 -1.34303596534391945E-02 4.77055829215346922E-02
position -8.83370640020143649E-01 4.71204175321683350E-01 5.96571517342555757E-01
quaternion 8.38678830688339039E-01 -3.05690904092248750E-01 -2.39688665190783329E-01 3.81733197258981527E-01
unchanged_qpos -3.06453125227869660E-01 7.25046380851366079E-01 -1.25034314935718038E-01 7.04547051341769537E-01 3.22071271472157417E-02
unchanged_qvel -1.89706148195314706E+00 -1.95704306599368394E+00 1.80301428171898159E+00 1.79864084832988880E+00 -4.09937150866277467E-01
unchanged_time 1.25000000000000000E-01
act
step SUCCESS
step_clamped -1.00000000000000000E+00
qpos -3.10283391722294744E-01 7.21153721459693697E-01 -1.21421521820345005E-01 7.08211136119578866E-01 3.13604456616756525E-02
qvel -1.91513324721254974E+00 -1.94632969583617199E+00 1.80639655768651908E+00 1.83204238890463689E+00 -4.23340742770045686E-01
time 1.27000000000000002E-01
reset_qpos 0.00000000000000000E+00 0.00000000000000000E+00 0.00000000000000000E+00 0.00000000000000000E+00 0.00000000000000000E+00
reset_qvel 0.00000000000000000E+00 0.00000000000000000E+00 0.00000000000000000E+00 0.00000000000000000E+00 0.00000000000000000E+00
forward SUCCESS
forward_clamped -1.00000000000000000E+00
qacc -3.35359895405728992E+00 -8.69880625440880850E-01 -3.43245141256904196E-01 -8.43064808787184461E+00 3.65774748599513089E+00
act_dot
mass 6.66577884566121881E+00 -4.11365103800965937E+00 1.42312732281417675E+00 1.49597952425431435E+00 3.01787193204458459E-01 -4.11365103800965937E+00 9.25000000000000178E+00 9.63793301995534812E-01 -8.46894587354373507E-01 2.13535901026578356E+00 1.42312732281417675E+00 9.63793301995534812E-01 2.66209552949615125E+00 1.11106019621701982E-01 6.29526908536425123E-01 1.49597952425431435E+00 -8.46894587354373507E-01 1.11106019621701982E-01 2.34623708086785054E+00 0.00000000000000000E+00 3.01787193204458459E-01 2.13535901026578356E+00 6.29526908536425123E-01 0.00000000000000000E+00 2.31999999999999895E+00
gravity -3.04244111526549830E+01 1.86135672147067837E+01 -2.23967748741675132E+00 -2.39801922229015965E+01 -6.58042798178781418E-01
bias -1.14482144190567148E+00 -4.40751007584605325E+00 3.26978962768868797E+00 4.84496845862989023E-01 -5.85861968510651288E+00
passive 0.00000000000000000E+00 0.00000000000000000E+00 0.00000000000000000E+00 5.17037719001006812E-01 0.00000000000000000E+00
actuation -1.18790040836230060E+00 -2.75419288185653688E+00 0.00000000000000000E+00 0.00000000000000000E+00 0.00000000000000000E+00
length 4.75371657802758474E-01 3.46295181488760040E-01
velocity 2.01760682655259593E+00 1.45964747848291676E+00
force 5.16478438418391583E-01 -2.75419288185653688E+00
position 0.00000000000000000E+00 0.00000000000000000E+00 0.00000000000000000E+00
quaternion 1.00000000000000000E+00 0.00000000000000000E+00 0.00000000000000000E+00 0.00000000000000000E+00
position -2.21444038890492134E-01 3.51805981764360620E-01 8.84735237522902840E-01
quaternion 8.10537531457555915E-01 1.77629200769662904E-01 -4.19080983746958013E-01 3.68575509487953368E-01
position 2.38064423554457116E-02 3.38520983959208654E-01 1.27161468939641997E+00
quaternion 6.04610033218806686E-01 2.98699039246251241E-01 -6.83408127381274211E-01 2.79604941146861796E-01
position -3.98254944155321422E-01 1.67200108412211418E-01 1.32174794800205198E+00
quaternion 6.04610033218806686E-01 2.98699039246251241E-01 -6.83408127381274211E-01 2.79604941146861796E-01
position -8.22424679418973570E-01 2.52985125418165646E-01 7.04364860142713933E-01
quaternion 5.94482813782999275E-01 -2.89552509403243286E-01 -4.26779942101163656E-01 6.16934688143777277E-01
unchanged_qpos -2.06683329479460220E-01 3.46295181488760040E-01 5.87323648519308739E-01 -7.38625312858581240E-01 2.86351389613425322E-01
unchanged_qvel -8.77220359370693981E-01 1.45964747848291676E+00 -1.00558819618669970E+00 2.46026958043435773E-01 -8.81800090289183824E-01
unchanged_time 1.25000000000000000E-01
act
step SUCCESS
step_clamped -1.00000000000000000E+00
qpos -2.08451184594017846E-01 3.49210996923224104E-01 5.85311099146370362E-01 -7.38166981534845834E-01 2.84602420422790936E-01
qvel -8.83927557278808562E-01 1.45790771723203494E+00 -1.00627468646921359E+00 2.29165661867692078E-01 -8.74484595317193580E-01
time 1.27000000000000002E-01
reset_qpos 0.00000000000000000E+00 0.00000000000000000E+00 0.00000000000000000E+00 0.00000000000000000E+00 0.00000000000000000E+00
reset_qvel 0.00000000000000000E+00 0.00000000000000000E+00 0.00000000000000000E+00 0.00000000000000000E+00 0.00000000000000000E+00
forward SUCCESS
forward_clamped -1.00000000000000000E+00
qacc 1.90197298817541971E+00 1.55972676985434822E+00 -4.63333610944521546E+00 5.65782008373039691E+00 -5.31453983354283110E+00
act_dot
mass 1.37975889448167859E+01 -4.67551960514997500E+00 6.09993168194927193E+00 2.15188794294623698E+00 4.18043291041736820E-01 -4.67551960514997500E+00 9.25000000000000178E+00 5.96791011623615475E-01 -2.35469978471903962E+00 1.29747989843216116E+00 6.09993168194927193E+00 5.96791011623615475E-01 5.80946611976588656E+00 -1.64670908150619022E-01 6.29526908536425234E-01 2.15188794294623698E+00 -2.35469978471903962E+00 -1.64670908150619022E-01 2.34623708086785054E+00 0.00000000000000000E+00 4.18043291041736820E-01 1.29747989843216116E+00 6.29526908536425234E-01 0.00000000000000000E+00 2.32000000000000028E+00
gravity 1.95246882879237944E+01 1.61673499588668390E+00 -7.09466514337835186E+00 9.07795338020639697E+00 -8.79220594506181996E+00
bias 1.78816115185983122E+01 2.14384076954091753E+01 1.15843663393765350E+01 -5.38309937362156887E+00 3.43447617484723322E+00
passive 0.00000000000000000E+00 0.00000000000000000E+00 0.00000000000000000E+00 -2.32100210065580764E-01 0.00000000000000000E+00
actuation -1.36391263249085637E+00 2.40978693400558441E+00 0.00000000000000000E+00 0.00000000000000000E+00 0.00000000000000000E+00
length -7.97717853759446371E-01 -6.65948554699994144E-01
velocity -4.00774856426034898E+00 -7.79130958745035684E-01
force 5.93005492387328914E-01 2.40978693400558441E+00
position 0.00000000000000000E+00 0.00000000000000000E+00 0.00000000000000000E+00
quaternion 1.00000000000000000E+00 0.00000000000000000E+00 0.00000000000000000E+00 0.00000000000000000E+00
position 9.17778986582503897E-01 1.39354189885507851E-01 9.25548076951845711E-01
quaternion 9.72473311192900702E-01 -1.94970688311879164E-02 -1.86353509423665714E-01 1.38520369801669652E-01
position 1.29029126300907038E+00 5.64832936229199417E-02 1.17925463670963526E+00
quaternion 9.89893149551204443E-01 -4.20894102865958242E-02 -2.33135996490815844E-02 1.33403560989675235E-01
position 1.31123937017404035E+00 3.06106508926721754E-01 1.56298556742489136E+00
quaternion 9.89893149551204443E-01 -4.20894102865958172E-02 -2.33135996490815844E-02 1.33403560989675235E-01
position 4.92187386094986579E-02 5.81980765167125047E-01 1.15224433556155992E+00
quaternion 7.65016956459582009E-01 -3.54428372057485452E-01 -6.34730598103599025E-02 5.33948270985410312E-01
unchanged_qpos 3.46833849460628896E-01 -6.65948554699994144E-01 -5.01143384752876564E-01 3.31571728665115417E-01 6.63994931249426656E-01
unchanged_qvel 1.74249937576536906E+00 -7.79130958745035684E-01 -3.16460901517626958E-01 -5.14763349692336725E-01 9.68098260704872704E-01
unchanged_time 1.25000000000000000E-01
act
step SUCCESS
step_clamped -1.00000000000000000E+00
qpos 3.50326456104112338E-01 -6.67500577710404830E-01 -5.01794839900349565E-01 3.30564833246065670E-01 6.65909869611502225E-01
qvel 1.74630332174171987E+00 -7.76011505205327023E-01 -3.25727573736517395E-01 -5.03447709524875942E-01 9.57469181037786998E-01
time 1.27000000000000002E-01
reset_qpos 0.00000000000000000E+00 0.00000000000000000E+00 0.00000000000000000E+00 0.00000000000000000E+00 0.00000000000000000E+00
reset_qvel 0.00000000000000000E+00 0.00000000000000000E+00 0.00000000000000000E+00 0.00000000000000000E+00 0.00000000000000000E+00
forward SUCCESS
forward_clamped -1.00000000000000000E+00
qacc 7.88945196222562828E+00 2.51848325288015973E+00 -5.54350499228287141E+00 4.80076730139213481E-01 -5.04523248910592859E+00
act_dot
mass 6.17685873293232479E+00 -4.21165756917838685E+00 3.03900712718969945E+00 2.35641386701577282E+00 -2.17184440911689508E-01 -4.21165756917838685E+00 9.25000000000000355E+00 5.58853216251449236E-01 -2.22522338149714471E+00 1.90090696803203385E+00 3.03900712718969945E+00 5.58853216251449236E-01 4.70224021092046751E+00 -2.23219775585439484E-01 6.29526908536425123E-01 2.35641386701577282E+00 -2.22522338149714471E+00 -2.23219775585439484E-01 2.34623708086785054E+00 0.00000000000000000E+00 -2.17184440911689508E-01 1.90090696803203385E+00 6.29526908536425123E-01 0.00000000000000000E+00 2.31999999999999984E+00
gravity 1.24531824469068191E+01 -1.20362161415826048E+01 -7.45494488105015662E+00 1.30859118238542269E+01 -1.04792170378614280E+01
bias -9.17844571128505216E+00 8.95890535373495389E+00 -3.27443623729497002E+00 -2.21721146793021351E+00 2.02877540018169400E+00
passive 0.00000000000000000E+00 0.00000000000000000E+00 0.00000000000000000E+00 -3.00055779467688466E-01 0.00000000000000000E+00
actuation 1.83999999999999986E+00 -2.63599072539189905E+00 0.00000000000000000E+00 0.00000000000000000E+00 0.00000000000000000E+00
length -1.52471965578721202E+00 -2.18405849749936376E-02
velocity 1.59919429952177472E+00 1.23608741630536656E+00
force -8.00000000000000044E-01 -2.63599072539189905E+00
position 0.00000000000000000E+00 0.00000000000000000E+00 0.00000000000000000E+00
quaternion 1.00000000000000000E+00 0.00000000000000000E+00 0.00000000000000000E+00 0.00000000000000000E+00
position 3.70265057894884952E-01 1.17530028405853804E-01 9.60008820021264864E-01
quaternion 8.81769256295102388E-01 4.20397682356247401E-02 -1.38274901305839304E-01 4.48994084825554807E-01
position 7.33771248763096517E-01 2.91121351309952481E-01 1.17847918829323062E+00
quaternion 8.91003907486769720E-01 -5.44179615880435730E-02 5.24309691085857732E-02 4.47662502090854897E-01
position 6.50336468283326474E-01 5.46545705792839343E-01 1.54968942056504333E+00
quaternion 8.91003907486769831E-01 -5.44179615880435799E-02 5.24309691085857801E-02 4.47662502090854897E-01
position 4.83032457697105178E-01 1.31672671373883540E-02 7.18703967690465406E-01
quaternion 5.49657297670989808E-01 -2.95383279541572563E-01 -1.37726467011084097E-01 7.69192429479733542E-01
unchanged_qpos 6.62921589472700967E-01 -2.18405849749936376E-02 -8.04213155833053417E-02 4.28651113525269301E-01 -5.22432765375636210E-01
unchanged_qvel -6.95301869357293434E-01 1.23608741630536656E+00 -1.02015282651001327E+00 1.70751362597346157E+00 4.73203238058645059E-01
unchanged_time 1.25000000000000000E-01
act
step SUCCESS
step_clamped -1.00000000000000000E+00
qpos 6.61562543541835302E-01 -1.93583362093713851E-02 -8.24837952562944982E-02 4.32068061084136756E-01 -5.21506539829475368E-01
qvel -6.79522965432842185E-01 1.24112438281112691E+00 -1.03123983649457895E+00 1.70847377943373990E+00 4.63112773080433193E-01
time 1.27000000000000002E-01
reset_qpos 0.00000000000000000E+00 0.00000000000000000E+00 0.00000000000000000E+00 0.00000000000000000E+00 0.00000000000000000E+00
reset_qvel 0.00000000000000000E+00 0.00000000000000000E+00 0.00000000000000000E+00 0.00000000000000000E+00 0.00000000000000000E+00
forward SUCCESS
forward_clamped -1.00000000000000000E+00
qacc -6.22987854699319676E+00 -4.48817895466195349E+00 4.11206602918954900E+00 -5.99000334049474148E+00 3.08654873067143143E+00
act_dot
mass 1.36854936492622894E+01 -4.47516555986378606E+00 2.99172795283360582E+00 1.40827039105652840E+00 6.42369254817316548E-01 -4.47516555986378606E+00 9.25000000000000000E+00 7.95254017106263644E-01 -8.07556723188384451E-01 2.11934699157381701E+00 2.99172795283360582E+00 7.95254017106263644E-01 4.20031149616803567E+00 1.13098050769467273E-01 6.29526908536425345E-01 1.40827039105652840E+00 -8.07556723188384451E-01 1.13098050769467273E-01 2.34623708086785010E+00 0.00000000000000000E+00 6.42369254817316548E-01 2.11934699157381701E+00 6.29526908536425345E-01 0.00000000000000000E+00 2.31999999999999984E+00
gravity -5.03985814627663871E+01 -3.72187856753257718E+00 -1.25789797900993561E+00 -1.95893196955556235E+01 -7.43233163054986257E+00
bias 1.09686411385182758E+01 -1.87060039221016217E+00 2.06925310356731273E+00 1.17491888847987003E-02 -3.66775055461053334E+00
passive 0.00000000000000000E+00 0.00000000000000000E+00 0.00000000000000000E+00 5.04397120808145250E-01 0.00000000000000000E+00
actuation 1.83999999999999986E+00 2.76526443163859081E+00 0.00000000000000000E+00 0.00000000000000000E+00 0.00000000000000000E+00
length -1.09480094520709814E+00 7.17346460449439949E-01
velocity 1.03307321439977562E+00 -1.11384295927186816E+00
force -8.00000000000000044E-01 2.76526443163859081E+00
position 0.00000000000000000E+00 0.00000000000000000E+00 0.00000000000000000E+00
quaternion 1.00000000000000000E+00 0.00000000000000000E+00 0.00000000000000000E+00 0.00000000000000000E+00
position -4.95637612489239654E-01 -2.64299669314786434E-02 1.03121745986161262E+00
quaternion 7.19885148064512426E-01 2.03426839048723107E-01 -2.04694110172218419E-01 6.31255270086186093E-01
position -2.53303697655730409E-01 2.24617486035774638E-01 1.32828554983446767E+00
quaternion 6.01503462785920484E-01 4.12908736778533625E-01 -4.45340195131326499E-01 5.19010664581080139E-01
position -4.88128022558111718E-01 -1.09270297496309621E-01 1.53655576960237639E+00
quaternion 6.01503462785920484E-01 4.12908736778533625E-01 -4.45340195131326499E-01 5.19010664581080139E-01
position -1.27525112355331105E+00 -7.65450332277821999E-01 1.20396292774754521E+00
quaternion 3.73595324892601666E-01 -1.75198298840123140E-01 -3.33372150102916764E-01 8.47699887246469275E-01
unchanged_qpos 4.76000410959607878E-01 7.17346460449439949E-01 6.25071385892872700E-01 -7.20567315440207468E-01 7.52791948890511931E-01
unchanged_qvel -4.49162267130337245E-01 -1.11384295927186816E+00 -1.06771847871254888E+00 -3.95281518816008148E-01 -3.21106253313370171E-01
unchanged_time 1.25000000000000000E-01
act
step SUCCESS
step_clamped -1.00000000000000000E+00
qpos 4.75077166911159254E-01 7.15100821815077614E-01 6.22952397199564412E-01 -7.21381838491201410E-01 7.52162082578807900E-01
qvel -4.61622024224323635E-01 -1.12281931718119199E+00 -1.05949434665416975E+00 -4.07261525496997623E-01 -3.14933155852027302E-01
time 1.27000000000000002E-01
reset_qpos 0.00000000000000000E+00 0.00000000000000000E+00 0.00000000000000000E+00 0.00000000000000000E+00 0.00000000000000000E+00
reset_qvel 0.00000000000000000E+00 0.00000000000000000E+00 0.00000000000000000E+00 0.00000000000000000E+00 0.00000000000000000E+00
forward SUCCESS
forward_clamped -1.00000000000000000E+00
qacc 1.04323151895175026E+00 -3.02524768684373546E+00 -1.12029698237889583E+01 -7.68755463293059194E+00 -1.61129222128556382E+00
act_dot
mass 4.97185203779018448E+00 -5.19267668960517170E+00 1.51298969751547596E+00 2.29108813308167214E+00 -3.23723798268141127E-01 -5.19267668960517170E+00 9.25000000000000000E+00 -8.23810785965368275E-01 -2.17516796408921875E+00 1.72932611372121481E+00 1.51298969751547596E+00 -8.23810785965368275E-01 2.63794645108192727E+00 1.18613085869780754E-01 6.29526908536425234E-01 2.29108813308167214E+00 -2.17516796408921875E+00 1.18613085869780754E-01 2.34623708086785010E+00 0.00000000000000000E+00 -3.23723798268141127E-01 1.72932611372121481E+00 6.29526908536425234E-01 0.00000000000000000E+00 2.31999999999999984E+00
gravity -1.87806276907080978E+01 5.35744511243971377E+00 -6.07161116323901240E+00 -1.36038892062525836E+01 -8.45884600462969516E+00
bias -7.29934334367341719E+00 1.28618178810096175E+01 2.15432368316825134E+01 -3.10868706827958796E+00 7.73536935006181636E+00
passive 0.00000000000000000E+00 0.00000000000000000E+00 0.00000000000000000E+00 3.56258179262217090E-01 0.00000000000000000E+00
actuation -1.37999999999999989E+00 -2.84152259890485936E+00 0.00000000000000000E+00 0.00000000000000000E+00 0.00000000000000000E+00
length -5.73794746923603105E-01 1.33277281481458787E-01
velocity 4.43608125703304346E+00 1.67230984155281481E+00
force 5.99999999999999978E-01 -2.84152259890485936E+00
position 0.00000000000000000E+00 0.00000000000000000E+00 0.00000000000000000E+00
quaternion 1.00000000000000000E+00 0.00000000000000000E+00 0.00000000000000000E+00 0.00000000000000000E+00
position 1.33711243708918931E-01 -9.10921465091565907E-03 9.04005549626654914E-01
quaternion 9.47751168105486430E-01 4.59118813100767298E-02 -2.29382134630361723E-01 2.16895502078014696E-01
position 4.98933296919868874E-01 -5.20763091748881815E-02 1.17744051563602636E+00
quaternion 8.59487595065244747E-01 9.90330490111988870E-02 -4.60575199356041409E-01 1.98353257776750752E-01
position 1.61228744743114105E-01 1.20576519039663974E-02 1.48049574241067461E+00
quaternion 8.59487595065244747E-01 9.90330490111988870E-02 -4.60575199356041409E-01 1.98353257776750752E-01
position 3.43220175105699132E-01 -1.68603578699629358E-01 6.06397797514396819E-01
quaternion 7.27641081515075006E-01 -3.23732833138955289E-01 -1.52434951265290164E-01 5.85234222232556944E-01
unchanged_qpos 2.49475976923305698E-01 1.33277281481458787E-01 -2.23930440703530409E-01 -5.08940256088881604E-01 -6.60855903814184575E-01
unchanged_qvel -1.92873098131871457E+00 1.67230984155281481E+00 -1.05767873547411240E+00 1.64951621951444860E-01 1.22062692827697994E-01
unchanged_time 1.25000000000000000E-01
act
step SUCCESS
step_clamped -1.00000000000000000E+00
qpos -1.14240032304550487E-01 3.83896957538858496E-01 -6.65477982028407355E-01 -6.51185456744924562E-01 -6.92275002842418941E-01
qvel -1.69723714605940668E+00 7.43055241452923121E-01 -3.28274151854992668E+00 -1.68471042949590921E+00 -6.57930010297364753E-01
time 3.25000000000000178E-01
reset_qpos 0.00000000000000000E+00 0.00000000000000000E+00 0.00000000000000000E+00 0.00000000000000000E+00 0.00000000000000000E+00
reset_qvel 0.00000000000000000E+00 0.00000000000000000E+00 0.00000000000000000E+00 0.00000000000000000E+00 0.00000000000000000E+00
forward SUCCESS
forward_clamped -1.00000000000000000E+00
qacc 5.28771290606457622E+00 -1.39576065800294913E-01 -7.54016892150954021E+00 -9.67557476316769360E+00 -2.81689117051870941E-01
act_dot
mass 5.43285571165593861E+00 -4.54374109971865625E+00 1.79112598109089260E+00 2.30496223741283845E+00 -1.57485058745001127E-01 -4.54374109971865625E+00 9.25000000000000178E+00 4.51688194934532550E-01 -2.10037629771686252E+00 1.93208232446556960E+00 1.79112598109089260E+00 4.51688194934532550E-01 2.31017545592913187E+00 1.13672839064164977E-01 6.29526908536425234E-01 2.30496223741283845E+00 -2.10037629771686252E+00 1.13672839064164977E-01 2.34623708086784966E+00 0.00000000000000000E+00 -1.57485058745001127E-01 1.93208232446556960E+00 6.29526908536425234E-01 0.00000000000000000E+00 2.32000000000000028E+00
gravity -7.27528498374603849E+00 5.94626375475664037E+00 -5.58699930243246889E+00 -1.33691981502338741E+01 -7.92561660527659040E+00
bias -2.54086247005832444E+00 1.64546222062709724E+01 3.98428239986349331E+00 -1.58289350782689464E+00 -1.68165847385457856E+00
passive 0.00000000000000000E+00 0.00000000000000000E+00 0.00000000000000000E+00 3.10595867910471779E-01 0.00000000000000000E+00
actuation -1.37999999999999989E+00 1.30884766572090872E+00 0.00000000000000000E+00 0.00000000000000000E+00 0.00000000000000000E+00
length -5.36980520737680544E-01 -1.91853803880265295E-01
velocity 2.43560250985270371E-01 -1.33385514352319712E+00
force 5.99999999999999978E-01 1.30884766572090872E+00
position 0.00000000000000000E+00 0.00000000000000000E+00 0.00000000000000000E+00
quaternion 1.00000000000000000E+00 0.00000000000000000E+00 0.00000000000000000E+00 0.00000000000000000E+00
position 4.38846952445506922E-01 1.25542510958081888E-01 9.35722939327369385E-01
quaternion 9.22640906943378969E-01 7.98577365674147804E-02 -2.47515066381558069E-01 2.84767959326820141E-01
position 7.96838257811260942E-01 1.26075715723108328E-01 1.22180324444326160E+00
quaternion 8.45565118004238503E-01 1.40560498989396432E-01 -4.44465501997225954E-01 2.60216822808756909E-01
position 4.59385303303353421E-01 1.34990526817693079E-01 1.53171618324548708E+00
quaternion 8.45565118004238503E-01 1.40560498989396432E-01 -4.44465501997225954E-01 2.60216822808756909E-01
position 7.78570552865990584E-02 1.14643705302132221E-01 8.69869929612263060E-01
quaternion 6.84465000023462222E-01 -3.06110702261882028E-01 -2.03061144164945084E-01 6.29738099080913716E-01
unchanged_qpos 2.33469791625078527E-01 -1.91853803880265295E-01 -5.01219531088518133E-02 -4.43708382729245454E-01 -8.36405301297715731E-03
unchanged_qvel -1.05895761297943647E-01 -1.33385514352319712E+00 -1.82205812674267831E+00 -9.59214219945780489E-01 -1.73677433734122877E+00
unchanged_time 1.25000000000000000E-01
act
step SUCCESS
step_clamped -1.00000000000000000E+00
qpos 2.33279150954106895E-01 -1.94522072471574881E-01 -5.37962300380232100E-02 -4.45665513468189667E-01 -1.18387284441278228E-02
qvel -9.53203354858144919E-02 -1.33413429565479769E+00 -1.83713846458569741E+00 -9.78565369472115920E-01 -1.73733771557533245E+00
time 1.27000000000000002E-01
reset_qpos 0.00000000000000000E+00 0.00000000000000000E+00 0.00000000000000000E+00 0.00000000000000000E+00 0.00000000000000000E+00
reset_qvel 0.00000000000000000E+00 0.00000000000000000E+00 0.00000000000000000E+00 0.00000000000000000E+00 0.00000000000000000E+00
forward SUCCESS
forward_clamped -1.00000000000000000E+00
qacc -8.60475391226928465E+00 -3.30661189317197257E+00 3.31149894310962667E+00 9.19540780182282091E+00 -8.48105045494850707E+00
act_dot
mass 9.10633622634412809E+00 -6.56131972604296809E+00 2.68658271414483929E+00 1.77943195165486423E+00 -8.38921791691671359E-01 -6.56131972604296809E+00 9.25000000000000355E+00 -2.29688785010582741E+00 -2.24385697484788427E+00 8.31384712281128535E-01 2.68658271414483929E+00 -2.29688785010582741E+00 3.98540890263123382E+00 -1.34470270698519967E-01 6.29526908536425012E-01 1.77943195165486423E+00 -2.24385697484788427E+00 -1.34470270698519967E-01 2.34623708086785054E+00 0.00000000000000000E+00 -8.38921791691671359E-01 8.31384712281128535E-01 6.29526908536425012E-01 0.00000000000000000E+00 2.31999999999999940E+00
gravity -3.13158415215222519E+01 -1.91711792873311060E+00 -1.19058658141820595E+00 9.31415354681107033E+00 -8.19394882169450156E+00
bias -8.04799556998266929E+00 6.47530054723154080E+00 7.37106525855810091E+00 -3.92461366627392838E+00 4.62704020925845683E+00
passive 0.00000000000000000E+00 0.00000000000000000E+00 0.00000000000000000E+00 -1.95003264415353789E-01 0.00000000000000000E+00
actuation -1.37999999999999989E+00 -1.09687387615591270E+00 0.00000000000000000E+00 0.00000000000000000E+00 0.00000000000000000E+00
length -9.96751216469602519E-01 5.22829791015952505E-01
velocity -2.80717641588316136E+00 -1.18714908603725267E+00
force 5.99999999999999978E-01 -1.09687387615591270E+00
position 0.00000000000000000E+00 0.00000000000000000E+00 0.00000000000000000E+00
quaternion 1.00000000000000000E+00 0.00000000000000000E+00 0.00000000000000000E+00 0.00000000000000000E+00
position -1.84478688493802057E-01 -3.51752343779162813E-01 9.39419697842348356E-01
quaternion 9.82362987940218702E-01 -8.22108948429415981E-02 -1.52849833655523515E-01 6.95791423184251856E-02
position 1.84097432999017596E-01 -4.68352915876398712E-01 1.18550088211271798E+00
quaternion 9.94070273405500582E-01 -9.10749253154290589E-02 -1.49800952890284094E-02 5.74912711238313306E-02
position 2.44975257564227389E-01 -1.89551015303046633E-01 1.54405825647963058E+00
quaternion 9.94070273405500582E-01 -9.10749253154290728E-02 -1.49800952890284111E-02 5.74912711238313306E-02
position -2.45705762049864551E-01 -4.67210305709704454E-01 7.58141915545809342E-01
quaternion 7.87255537660039972E-01 -3.85004734846186025E-01 1.22032180154972181E-02 4.81509246058355211E-01
unchanged_qpos 4.33370094117218496E-01 5.22829791015952505E-01 -7.44618348477128045E-01 2.78576092021934008E-01 -4.18645361413973516E-01
unchanged_qvel 1.22051148516659191E+00 -1.18714908603725267E+00 -1.90295039152337919E+00 1.03303827932632375E+00 -1.51183377376210748E+00
unchanged_time 1.25000000000000000E-01
act
step SUCCESS
step_clamped -1.00000000000000000E+00
qpos 4.35776698071902613E-01 5.20442266396305309E-01 -7.48411003264402352E-01 2.80678950211793954E-01 -4.21702953163317518E-01
qvel 1.20330197734205324E+00 -1.19376230982359655E+00 -1.89632739363715985E+00 1.05142909492996939E+00 -1.52879587467200451E+00
time 1.27000000000000002E-01
reset_qpos 0.00000000000000000E+00 0.00000000000000000E+00 0.00000000000000000E+00 0.00000000000000000E+00 0.00000000000000000E+00
reset_qvel 0.00000000000000000E+00 0.00000000000000000E+00 0.00000000000000000E+00 0.00000000000000000E+00 0.00000000000000000E+00
forward SUCCESS
forward_clamped -1.00000000000000000E+00
qacc -1.31990817854509590E+01 -3.71429910595835677E+00 6.79203491494259648E+00 3.76328391479135860E+00 -6.33135779784421615E+00
act_dot
mass 6.94795243963296993E+00 -6.38995986368994728E+00 2.05185618416747628E+00 2.31383568113598770E+00 -4.71338889446310305E-01 -6.38995986368994728E+00 9.25000000000000000E+00 -2.35734992668840038E+00 -2.24112984622150568E+00 8.70494393804079225E-01 2.05185618416747628E+00 -2.35734992668840038E+00 2.75447680242837345E+00 1.20363004491065281E-01 6.29526908536425456E-01 2.31383568113598770E+00 -2.24112984622150568E+00 1.20363004491065281E-01 2.34623708086784921E+00 0.00000000000000000E+00 -4.71338889446310305E-01 8.70494393804079225E-01 6.29526908536425456E-01 0.00000000000000000E+00 2.31999999999999984E+00
gravity -3.09153799283519639E+01 4.58574415964055859E+00 -1.38070249542999890E+00 -1.22430361424886538E+01 -8.68826803378134116E+00
bias 1.32469582121377254E+01 -1.32787597768961465E+01 1.60703963084943524E+00 7.86906088349930033E-01 -9.46200409723019886E-01
passive 0.00000000000000000E+00 0.00000000000000000E+00 0.00000000000000000E+00 3.95618393299348392E-01 0.00000000000000000E+00
actuation 1.83999999999999986E+00 2.26761752061818012E+00 0.00000000000000000E+00 0.00000000000000000E+00 0.00000000000000000E+00
length -6.21336540961583528E-01 2.28108105674587058E-01
velocity 4.13081705609564143E+00 -5.85634919336680326E-01
force -8.00000000000000044E-01 2.26761752061818012E+00
position 0.00000000000000000E+00 0.00000000000000000E+00 0.00000000000000000E+00
quaternion 1.00000000000000000E+00 0.00000000000000000E+00 0.00000000000000000E+00 0.00000000000000000E+00
position 1.28279329665779707E-02 -2.07792045422496713E-01 8.80870240351204092E-01
quaternion 9.82893159942962003E-01 -5.31604358748097930E-02 -1.76300037923515368E-01 3.64702935365324209E-03
position 3.50941315140090138E-01 -3.85969239185517066E-01 1.13371847233617107E+00
quaternion 8.94750359697925823E-01 -5.00350523657028326E-02 -4.43376207136699951E-01 1.83255641186716826E-02
position 9.57703232291299833E-02 -1.50073731334679356E-01 1.43245091828567284E+00
quaternion 8.94750359697925823E-01 -5.00350523657028395E-02 -4.43376207136699951E-01 1.83255641186716826E-02
position 1.33634543339838596E-01 -5.17792013763892389E-01 5.69071659945826092E-01
quaternion 8.28967913895852893E-01 -3.64157059669590721E-01 -5.48124916636552866E-03 4.24466476334153076E-01
unchanged_qpos 2.70146322157210239E-01 2.28108105674587058E-01 -7.25387993919273222E-01 -5.65169133284783465E-01 -7.27159836410171567E-01
unchanged_qvel -1.79600741569375710E+00 -5.85634919336680326E-01 1.86470115624729571E+00 -9.94773228098926321E-01 5.29878510093639843E-01
unchanged_time 1.25000000000000000E-01
act
step SUCCESS
step_clamped -1.00000000000000000E+00
qpos 2.66501510998680913E-01 2.26921978639489874E-01 -7.21631423467118838E-01 -5.67143626605322138E-01 -7.26125404821175713E-01
qvel -1.82240557926465896E+00 -5.93063517548596986E-01 1.87828522607718096E+00 -9.87246660269343601E-01 5.17215794497951409E-01
time 1.27000000000000002E-01
reset_qpos 0.00000000000000000E+00 0.00000000000000000E+00 0.00000000000000000E+00 0.00000000000000000E+00 0.00000000000000000E+00
reset_qvel 0.00000000000000000E+00 0.00000000000000000E+00 0.00000000000000000E+00 0.00000000000000000E+00 0.00000000000000000E+00
forward SUCCESS
forward_clamped -1.00000000000000000E+00
qacc -7.68457558460609569E+00 2.59321075831493442E-01 8.66882077622973668E+00 9.63560996877919429E+00 -7.98651331222932015E+00
act_dot
mass 6.35979912489842825E+00 -5.89616728051524319E+00 2.14364311195186463E+00 2.25638894540919344E+00 -4.94196476551031383E-01 -5.89616728051524319E+00 9.24999999999999822E+00 -1.52142991965560359E+00 -2.55376119728686390E+00 1.37299461386925281E+00 2.14364311195186463E+00 -1.52142991965560359E+00 3.44840759593230040E+00 9.68833908846661318E-03 6.29526908536425456E-01 2.25638894540919344E+00 -2.55376119728686390E+00 9.68833908846661318E-03 2.34623708086785010E+00 0.00000000000000000E+00 -4.94196476551031383E-01 1.37299461386925281E+00 6.29526908536425456E-01 0.00000000000000000E+00 2.32000000000000028E+00
gravity -1.60923161611595269E+01 -4.47273770719319685E+00 -2.10308304610414387E+00 1.88492832526524889E+00 -8.98770626687507956E+00
bias -8.21174792620857019E+00 -3.54370556836468253E+00 -1.05232264921117569E+01 -2.70695786487179246E+00 -2.56923640258639452E-01
passive 0.00000000000000000E+00 0.00000000000000000E+00 0.00000000000000000E+00 1.67396424615553485E-02 0.00000000000000000E+00
actuation 1.83999999999999986E+00 -4.10014389223863240E-01 0.00000000000000000E+00 0.00000000000000000E+00 0.00000000000000000E+00
length -1.13499046970469153E+00 2.71708515497460112E-01
velocity 1.80435805679836037E+00 -1.84480849976256689E+00
force -8.00000000000000044E-01 -4.10014389223863240E-01
position 0.00000000000000000E+00 0.00000000000000000E+00 0.00000000000000000E+00
quaternion 1.00000000000000000E+00 0.00000000000000000E+00 0.00000000000000000E+00 0.00000000000000000E+00
position 9.26481012996445696E-02 -1.61157678866216375E-01 9.51717194181940673E-01
quaternion 9.60728357114635223E-01 -2.84321040710263200E-02 -1.62816413807160248E-01 2.22897857075576328E-01
position 4.82948061225253467E-01 -1.67737319190533696E-01 1.19176437624261555E+00
quaternion 9.58712950480043458E-01 -2.57649705764736239E-02 -1.74291822387225515E-01 2.23221875097363964E-01
position 3.44823194862895255E-01 4.44015811919035719E-02 1.57375731889589421E+00
quaternion 9.58712950480043458E-01 -2.57649705764736239E-02 -1.74291822387225515E-01 2.23221875097363964E-01
position 2.91487926523533281E-01 -3.86543447566114640E-01 6.56659298685911330E-01
quaternion 7.09901165204448237E-01 -3.57928532505156827E-01 -6.10826167373635792E-02 6.03486880712901796E-01
unchanged_qpos 4.93474117262909351E-01 2.71708515497460112E-01 -4.57675671820072516E-01 -2.39137749450790693E-02 -6.88110302697273024E-01
unchanged_qvel -7.84503502955808951E-01 -1.84480849976256689E+00 1.95565875907493147E+00 -1.98514338079180064E+00 -1.81544332218145410E+00
unchanged_time 1.25000000000000000E-01
act
step SUCCESS
step_clamped -1.00000000000000000E+00
qpos 4.91874371954659328E-01 2.68019935782238317E-01 -4.53729679018817722E-01 -2.78455192667875530E-02 -6.91773135394884831E-01
qvel -7.99872654125021176E-01 -1.84428985761090392E+00 1.97299640062739101E+00 -1.96587216085424221E+00 -1.83141634880591275E+00
time 1.27000000000000002E-01
reset_qpos 0.00000000000000000E+00 0.00000000000000000E+00 0.00000000000000000E+00 0.00000000000000000E+00 0.00000000000000000E+00
reset_qvel 0.00000000000000000E+00 0.00000000000000000E+00 0.00000000000000000E+00 0.00000000000000000E+00 0.00000000000000000E+00
forward SUCCESS
forward_clamped -1.00000000000000000E+00
qacc -6.64788638004410259E+00 -5.65144845883094327E+00 1.12495065252544180E+00 1.01607470145459278E+00 1.52224327596202480E+00
act_dot
mass 5.68178027285911291E+00 -4.00932134370966509E+00 1.87212564244288804E+00 2.15648952922426851E+00 -9.54930214610807127E-02 -4.00932134370966509E+00 9.25000000000000533E+00 1.68853576359788971E+00 -1.89443471905022665E+00 2.14830131270871139E+00 1.87212564244288804E+00 1.68853576359788971E+00 3.73351900863307318E+00 5.83029563982853452E-02 6.29526908536425789E-01 2.15648952922426851E+00 -1.89443471905022665E+00 5.83029563982853452E-02 2.34623708086785143E+00 0.00000000000000000E+00 -9.54930214610807127E-02 2.14830131270871139E+00 6.29526908536425789E-01 0.00000000000000000E+00 2.32000000000000073E+00
gravity -7.15922323086109103E+00 -1.46630137210836917E+01 -7.41218156287434127E+00 -2.73216307856090168E+00 -1.10569049872418574E+01
bias 5.39917252613369847E+00 5.47959773344662704E+00 9.15083692382271252E+00 -1.20778469203062233E+00 -3.60049248113597598E+00
passive 0.00000000000000000E+00 0.00000000000000000E+00 0.00000000000000000E+00 1.15982905906731826E-01 0.00000000000000000E+00
actuation 1.83999999999999986E+00 -2.52641076104332996E+00 0.00000000000000000E+00 0.00000000000000000E+00 0.00000000000000000E+00
length -1.65537740652825049E+00 7.80678425042869994E-02
velocity 1.11816970984518704E+00 7.85260132703766267E-01
force -8.00000000000000044E-01 -2.52641076104332996E+00
position 0.00000000000000000E+00 0.00000000000000000E+00 0.00000000000000000E+00
quaternion 1.00000000000000000E+00 0.00000000000000000E+00 0.00000000000000000E+00 0.00000000000000000E+00
position 2.19597024242972533E-01 1.65321310171398700E-01 9.96799740963944969E-01
quaternion 7.81265920943761127E-01 1.25393173687672860E-01 -1.23633656649375437E-01 5.98844580594943943E-01
position 5.09520857745384026E-01 4.42539307283653760E-01 1.21837219603076008E+00
quaternion 7.68355719576222396E-01 1.74517624502614599E-01 -1.87859544551518959E-01 5.86414425516089688E-01
position 3.06739726207455266E-01 3.80957881204430804E-01 1.62468185707052237E+00
quaternion 7.68355719576222396E-01 1.74517624502614599E-01 -1.87859544551518959E-01 5.86414425516089688E-01
position -4.32339872075811149E-01 -3.02264907287249140E-01 1.24112272270499702E+00
quaternion 4.12103246109947419E-01 -2.12530630946049764E-01 -2.13160838928858593E-01 8.59979128934222126E-01
unchanged_qpos 7.19729307186195877E-01 7.80678425042869994E-02 2.79958334858306346E-01 -1.65689865581045481E-01 4.97836194217600392E-01
unchanged_qvel -4.86160743410950946E-01 7.85260132703766267E-01 -1.13807924010494155E+00 -6.47540371121463565E-01 -1.55470927743660647E+00
unchanged_time 1.25000000000000000E-01
act
step SUCCESS
step_clamped -1.00000000000000000E+00
qpos 7.18730394153853758E-01 7.96157569758592087E-02 2.77686676180706582E-01 -1.66980882024482580E-01 4.94732864635831049E-01
qvel -4.99456516171039144E-01 7.73957235786104425E-01 -1.13582933879989056E+00 -6.45508221718554376E-01 -1.55166479088468234E+00
time 1.27000000000000002E-01
reset_qpos 0.00000000000000000E+00 0.00000000000000000E+00 0.00000000000000000E+00 0.00000000000000000E+00 0.00000000000000000E+00
reset_qvel 0.00000000000000000E+00 0.00000000000000000E+00 0.00000000000000000E+00 0.00000000000000000E+00 0.00000000000000000E+00
forward SUCCESS
forward_clamped -1.00000000000000000E+00
qacc -5.60820321365070207E+00 1.79813270465845010E+00 5.24560378401981442E+00 8.19596870251547927E+00 -7.52243183400575877E+00
act_dot
mass 8.37398069807457368E+00 -5.08613664191707748E+00 4.50962119036373377E+00 1.79126395685338013E+00 -3.43113988975888018E-01 -5.08613664191707748E+00 9.25000000000000178E+00 1.76865477205592259E-01 -2.32821930078080941E+00 7.62233157210679746E-01 4.50962119036373377E+00 1.76865477205592259E-01 5.59146040455009263E+00 -6.33159882800679585E-02 6.29526908536425123E-01 1.79126395685338013E+00 -2.32821930078080941E+00 -6.33159882800679585E-02 2.34623708086784921E+00 0.00000000000000000E+00 -3.43113988975888018E-01 7.62233157210679746E-01 6.29526908536425123E-01 0.00000000000000000E+00 2.31999999999999984E+00
gravity -2.88314004409624864E+01 2.22161038889671616E+01 -1.31541436125360018E+01 2.75051311181427494E+00 -1.27651758936972293E+01
bias -1.21968472110097661E+01 -1.30399196369097914E+00 -1.22671337607740334E+01 -1.98875975216883472E+00 -2.22060390452210754E+00
passive 0.00000000000000000E+00 0.00000000000000000E+00 0.00000000000000000E+00 -9.97517382843343681E-02 0.00000000000000000E+00
actuation 1.83999999999999986E+00 -2.27149248427705297E+00 0.00000000000000000E+00 0.00000000000000000E+00 0.00000000000000000E+00
length 1.04390054686023603E+00 1.32147149199348668E-01
velocity -9.84210005428962753E-01 -1.90842015954225452E-01
force -8.00000000000000044E-01 -2.27149248427705297E+00
position 0.00000000000000000E+00 0.00000000000000000E+00 0.00000000000000000E+00
quaternion 1.00000000000000000E+00 0.00000000000000000E+00 0.00000000000000000E+00 0.00000000000000000E+00
position -1.51125029924554038E-01 7.17910856182502055E-03 6.68666162158074950E-01
quaternion 9.05237568824958871E-01 5.45000384404227545E-02 -2.45269639953690832E-01 -3.42662360808503819E-01
position -6.00547176938770744E-02 -3.96570391829211999E-01 8.65370354193209512E-01
quaternion 9.20401696633868283E-01 7.87562214221746160E-02 -1.80202578029926730E-01 -3.37913014387084876E-01
position -2.46341061211265422E-02 -3.19042698869720365E-01 1.31563120869889616E+00
quaternion 9.20401696633868283E-01 7.87562214221746298E-02 -1.80202578029926730E-01 -3.37913014387084876E-01
position -4.16580731246448399E-01 9.81659274589542497E-01 1.12492445106554761E+00
quaternion 9.63543361243030638E-01 -2.47100495064588449E-01 -4.11547500867171512E-02 9.39777786959117289E-02
unchanged_qpos -4.53869802982711346E-01 1.32147149199348668E-01 -7.78235365389215006E-01 1.42502483263334812E-01 7.73376203736820811E-01
unchanged_qvel 4.27917393664766443E-01 -1.90842015954225452E-01 -1.29146244662094034E+00 1.26000609273978892E+00 1.67848000499564787E+00
unchanged_time 1.25000000000000000E-01
act
step SUCCESS
step_clamped -1.00000000000000000E+00
qpos -4.53036401008236389E-01 1.31772657698258855E-01 -7.80797307867320822E-01 1.45055279323624442E-01 7.76703074019476136E-01
qvel 4.16700987237465015E-01 -1.87245750544908551E-01 -1.28097123905290067E+00 1.27639803014481990E+00 1.66343514132763626E+00
time 1.27000000000000002E-01
reset_qpos 0.00000000000000000E+00 0.00000000000000000E+00 0.00000000000000000E+00 0.00000000000000000E+00 0.00000000000000000E+00
reset_qvel 0.00000000000000000E+00 0.00000000000000000E+00 0.00000000000000000E+00 0.00000000000000000E+00 0.00000000000000000E+00
forward SUCCESS
forward_clamped -1.00000000000000000E+00
qacc -7.35441710999172393E+00 -1.78593308750894897E+00 -1.36124492369057748E+00 -5.87811781677078926E-01 -4.77577037379842384E+00
act_dot
mass 7.68623951094212110E+00 -5.49796131430497503E+00 8.68170123359355395E-01 2.50650721137819277E+00 -7.77790282518764253E-01 -5.49796131430497503E+00 9.25000000000000355E+00 -9.59983498498301557E-01 -2.35729332738500519E+00 1.32572286394261640E+00 8.68170123359355395E-01 -9.59983498498301557E-01 2.22982704609004401E+00 1.14579797302561459E-01 6.29526908536425012E-01 2.50650721137819277E+00 -2.35729332738500519E+00 1.14579797302561459E-01 2.34623708086784877E+00 0.00000000000000000E+00 -7.77790282518764253E-01 1.32572286394261640E+00 6.29526908536425012E-01 0.00000000000000000E+00 2.31999999999999895E+00
gravity -3.40950870528903209E+01 2.28011746299391156E+01 -1.45713965090079682E+01 -1.43373970936719495E+01 -1.10930532735125791E+01
bias 1.33907321278484339E+01 2.67695484523690652E+00 -4.01128052524167522E+00 1.40972438086158047E+00 -2.40334158077135873E+00
passive 0.00000000000000000E+00 0.00000000000000000E+00 0.00000000000000000E+00 3.17197920442175318E-01 0.00000000000000000E+00
actuation 1.83999999999999986E+00 5.49901496373791376E-01 0.00000000000000000E+00 0.00000000000000000E+00 0.00000000000000000E+00
length 1.23784633469139482E+00 5.59159812023452218E-01
velocity 1.93876310821179421E+00 -1.44386929011544307E+00
force -8.00000000000000044E-01 5.49901496373791376E-01
position 0.00000000000000000E+00 0.00000000000000000E+00 0.00000000000000000E+00
quaternion 1.00000000000000000E+00 0.00000000000000000E+00 0.00000000000000000E+00 0.00000000000000000E+00
position -4.53594646544325741E-01 2.82123378603696795E-01 5.90548385035160384E-01
quaternion 9.07783580057032302E-01 9.23871773957131159E-02 -3.21519909793808289E-01 -2.53018830994595822E-01
position -3.30551558920734401E-01 -9.68709735599161403E-02 8.16874874019849484E-01
quaternion 8.12357936073063724E-01 3.31887512129856038E-02 -5.17223998200096236E-01 -2.67305866336564613E-01
position -5.61587421755966432E-01 1.16281337385239936E-01 1.15032430410291209E+00
quaternion 8.12357936073063724E-01 3.31887512129856038E-02 -5.17223998200096236E-01 -2.67305866336564613E-01
position -5.13727758914978461E-01 3.81691001631189630E-01 4.27753086887767975E-01
quaternion 9.40986111357167476E-01 -2.63179506214287873E-01 -1.44188415585091101E-01 1.56497241358372452E-01
unchanged_qpos -5.38194058561476063E-01 5.59159812023452218E-01 -4.85062661375634752E-01 -4.53139886345964804E-01 -2.95747361998090041E-01
unchanged_qvel -8.42940481831214949E-01 -1.44386929011544307E+00 1.38924736563681206E+00 -1.15368126535752680E-01 1.72746944409094327E+00
unchanged_time 1.25000000000000000E-01
act
step SUCCESS
step_clamped -1.00000000000000000E+00
qpos -5.39909357193578465E-01 5.56264929710871270E-01 -4.82289611624055869E-01 -4.53372973846163041E-01 -2.92311526191403326E-01
qvel -8.57649316051198429E-01 -1.44744115629046100E+00 1.38652487578943084E+00 -1.16543750099106835E-01 1.71791790334334649E+00
time 1.27000000000000002E-01
lifecycle PASS
