create SUCCESS
reset_qpos 0.00000000000000000E+00 0.00000000000000000E+00 0.00000000000000000E+00 0.00000000000000000E+00 0.00000000000000000E+00
reset_qvel 0.00000000000000000E+00 0.00000000000000000E+00 0.00000000000000000E+00 0.00000000000000000E+00 0.00000000000000000E+00
forward SUCCESS
forward_clamped -1.00000000000000000E+00
qacc 3.48025534363265709E+00 4.15991509432403639E+00 -5.86408012649150212E+00 -2.10868334625187481E+00 -4.52392454990738813E+00
act_dot
mass 5.28867521520865314E+00 -4.23461168198239069E+00 1.83098249647788069E+00 2.42010990176126217E+00 -2.08140524968375096E-01 -4.23461168198239069E+00 9.25000000000000533E+00 1.04395438688898756E+00 -2.32864824880587529E+00 1.97962581498295798E+00 1.83098249647788069E+00 1.04395438688898756E+00 3.08554756269371611E+00 2.19649732307758416E-04 6.29526908536425123E-01 2.42010990176126217E+00 -2.32864824880587529E+00 2.19649732307758416E-04 2.34623708086785054E+00 0.00000000000000000E+00 -2.08140524968375096E-01 1.97962581498295798E+00 6.29526908536425123E-01 0.00000000000000000E+00 2.31999999999999984E+00
gravity -1.41083463607698629E+01 1.35745564724532528E+01 -1.02272453205539744E+01 -6.21313768421052259E+00 -6.67640805461179010E+00
bias 0.00000000000000000E+00 0.00000000000000000E+00 0.00000000000000000E+00 0.00000000000000000E+00 0.00000000000000000E+00
passive -0.00000000000000000E+00 -0.00000000000000000E+00 0.00000000000000000E+00 0.00000000000000000E+00 0.00000000000000000E+00
actuation 0.00000000000000000E+00 0.00000000000000000E+00 0.00000000000000000E+00 0.00000000000000000E+00 0.00000000000000000E+00
length -0.00000000000000000E+00 0.00000000000000000E+00
velocity -0.00000000000000000E+00 0.00000000000000000E+00
force 0.00000000000000000E+00 0.00000000000000000E+00
position 0.00000000000000000E+00 0.00000000000000000E+00 0.00000000000000000E+00
quaternion 1.00000000000000000E+00 0.00000000000000000E+00 0.00000000000000000E+00 0.00000000000000000E+00
position 2.00000000000000011E-01 9.99999999999999778E-02 9.00000000000000022E-01
quaternion 9.23380516876638580E-01 1.02597835208515425E-01 -3.07793505625546193E-01 2.05195670417030851E-01
position 5.26315789473684292E-01 1.57894736842105060E-02 1.21052631578947367E+00
quaternion 9.23380516876638580E-01 1.02597835208515425E-01 -3.07793505625546193E-01 2.05195670417030851E-01
position 3.00000000000000100E-01 9.99999999999999639E-02 1.60000000000000009E+00
quaternion 9.23380516876638580E-01 1.02597835208515425E-01 -3.07793505625546193E-01 2.05195670417030851E-01
position -1.58947368421052615E-01 1.52631578947368396E-01 8.08421052631579040E-01
quaternion 7.35767207381958888E-01 -3.06569669742482953E-01 -2.45255735793986324E-01 5.51825405536469304E-01
unchanged_qpos 0.00000000000000000E+00 0.00000000000000000E+00 0.00000000000000000E+00 0.00000000000000000E+00 0.00000000000000000E+00
unchanged_qvel 0.00000000000000000E+00 0.00000000000000000E+00 -0.00000000000000000E+00 -0.00000000000000000E+00 -0.00000000000000000E+00
unchanged_time 1.25000000000000000E-01
act
step SUCCESS
step_clamped -1.00000000000000000E+00
qpos 4.38567481195645953E-02 7.01274415568878262E-02 -9.72174679659149332E-02 -2.58946791463695244E-02 -8.77299080418493110E-02
qvel 2.20935769493494194E-01 5.84547062810889084E-01 -7.97448018029216388E-01 -1.23347062464937388E-01 -8.44049749647657999E-01
time 3.25000000000000178E-01
reset_qpos 0.00000000000000000E+00 0.00000000000000000E+00 0.00000000000000000E+00 0.00000000000000000E+00 0.00000000000000000E+00
reset_qvel 0.00000000000000000E+00 0.00000000000000000E+00 0.00000000000000000E+00 0.00000000000000000E+00 0.00000000000000000E+00
forward SUCCESS
forward_clamped -1.00000000000000000E+00
qacc -6.18542730398243545E+00 -2.97516518579007050E+00 -3.71739328605214192E+00 3.23467481214212649E+00 -1.16207383469302350E+00
act_dot
mass 3.35392128759522956E+00 -2.79854628760170998E+00 -5.04655387752340978E-01 1.20951963121426154E+00 4.03896757830570496E-01 -2.79854628760170998E+00 9.25000000000000355E+00 2.74588023485395905E+00 -1.43927328260624243E+00 2.14274103318022258E+00 -5.04655387752340978E-01 2.74588023485395905E+00 3.54928095237701502E+00 -1.64674179863334436E-02 6.29526908536425234E-01 1.20951963121426154E+00 -1.43927328260624243E+00 -1.64674179863334436E-02 2.34623708086785054E+00 0.00000000000000000E+00 4.03896757830570496E-01 2.14274103318022258E+00 6.29526908536425234E-01 0.00000000000000000E+00 2.32000000000000028E+00
gravity -1.51523547066004483E+01 -1.37456764821806825E+01 -1.34701366632804156E+01 -2.50924019054866498E-01 -1.01956451013087062E+01
bias -6.06809489791010748E+00 1.20835797169607595E+01 4.67625338912041322E+00 -4.89836426270468905E+00 3.45013345715587239E+00
passive -2.56459924472522104E-02 -6.06182338257180986E-02 -5.21982292527271241E-01 -2.81042337520965510E-02 0.00000000000000000E+00
actuation 1.83999999999999986E+00 -1.46120354262341356E+00 0.00000000000000000E+00 0.00000000000000000E+00 0.00000000000000000E+00
length -1.60994968099839264E+00 5.23655228297450703E-01
velocity -2.94928913143400362E-01 6.06182338257180930E-01
force -8.00000000000000044E-01 -1.46120354262341356E+00
position 0.00000000000000000E+00 0.00000000000000000E+00 0.00000000000000000E+00
quaternion 1.00000000000000000E+00 0.00000000000000000E+00 0.00000000000000000E+00 0.00000000000000000E+00
position -2.28610880756078050E-01 -3.36967107718387782E-02 1.08767902266660599E+00
quaternion 6.94646649562463359E-01 1.92575090018638873E-01 -1.27656732414160312E-01 6.81237569152859268E-01
position -5.29180069152226928E-03 2.81532675552838008E-01 1.33417247587883270E+00
quaternion 6.97069155562100251E-01 1.78861736149512479E-01 -1.13687296752789477E-01 6.84965889853331178E-01
position -1.66220551460921795E-01 2.10450880802830864E-01 1.75731466903725364E+00
quaternion 6.97069155562100251E-01 1.78861736149512479E-01 -1.13687296752789463E-01 6.84965889853331178E-01
position -3.18136939861772827E-02 7.78056353431604286E-02 7.68345637131318981E-01
quaternion 3.16781380575411053E-01 -1.47387484604982799E-01 -2.78694559530503261E-01 8.94570192210008441E-01
unchanged_qpos 6.99978122173214201E-01 5.23655228297450703E-01 5.66836937923206552E-01 4.01489053601379320E-02 -6.53855194851160948E-01
unchanged_qvel 1.28229962236261041E-01 6.06182338257180930E-01 1.73994097509090428E+00 -1.67542897349004516E-01 -1.59560346788379537E+00
unchanged_time 1.25000000000000000E-01
act
step SUCCESS
step_clamped -1.00000000000000000E+00
qpos 7.00209840388470783E-01 5.24855692313221933E-01 5.70301950300244109E-01 3.98267582646884902E-02 -6.57051050082267274E-01
qvel 1.15859107628296168E-01 6.00232007885600827E-01 1.73250618851880001E+00 -1.61073547724720267E-01 -1.59792761555318141E+00
time 1.27000000000000002E-01
reset_qpos 0.00000000000000000E+00 0.00000000000000000E+00 0.00000000000000000E+00 0.00000000000000000E+00 0.00000000000000000E+00
reset_qvel 0.00000000000000000E+00 0.00000000000000000E+00 0.00000000000000000E+00 0.00000000000000000E+00 0.00000000000000000E+00
forward SUCCESS
forward_clamped -1.00000000000000000E+00
qacc 8.52492419417607117E+00 5.77643554414445326E+00 -9.47622359887969168E+00 -9.55116681150013491E+00 -3.32841228472795869E+00
act_dot
mass 4.18270831816545741E+00 -3.90653780599587730E+00 9.26045995604940830E-01 2.15804551069500317E+00 -1.02312877174940059E-01 -3.90653780599587730E+00 9.25000000000000355E+00 1.37597582196135315E+00 -1.85237333149549022E+00 2.14861972912698107E+00 9.26045995604940830E-01 1.37597582196135315E+00 2.48503736735880798E+00 7.63976066625706163E-02 6.29526908536424901E-01 2.15804551069500317E+00 -1.85237333149549022E+00 7.63976066625706163E-02 2.34623708086785010E+00 0.00000000000000000E+00 -1.02312877174940059E-01 2.14861972912698107E+00 6.29526908536424901E-01 0.00000000000000000E+00 2.31999999999999895E+00
gravity -1.86725534766105596E+01 1.90273965722067047E+01 -1.07043774104301885E+01 -1.59251709047676222E+01 -3.40478739603214553E+00
bias -1.12235661573469447E+00 7.41168504320405264E-01 -1.89868883554916018E-01 -6.00557909909104959E-01 -1.03404330752543139E+00
passive -2.99906051677838459E-01 -4.44061054984344269E-02 1.77890929599216735E-01 1.62273141258761688E-01 0.00000000000000000E+00
actuation 1.83999999999999986E+00 -4.43648804014246223E-01 0.00000000000000000E+00 0.00000000000000000E+00 0.00000000000000000E+00
length 5.23870333834870805E-01 4.61890882394924152E-02
velocity -3.44891959429514205E+00 4.44061054984344228E-01
force -8.00000000000000044E-01 -4.43648804014246223E-01
position 0.00000000000000000E+00 0.00000000000000000E+00 0.00000000000000000E+00
quaternion 1.00000000000000000E+00 0.00000000000000000E+00 0.00000000000000000E+00 0.00000000000000000E+00
position 1.05196545941314723E-01 2.11479849229698647E-01 9.03354312918524749E-01
quaternion 8.77754346353945447E-01 1.45791799244613135E-01 -3.94740026836335189E-01 2.29068483085354796E-01
position 3.79391491525134850E-01 1.12105318091294329E-01 1.25682543532785007E+00
quaternion 8.26212943873658290E-01 1.71305314658475399E-01 -4.93603639275093264E-01 2.10670614561613317E-01
position 2.09536972648096675E-02 1.04096682714806391E-01 1.54223428138066487E+00
quaternion 8.26212943873658290E-01 1.71305314658475399E-01 -4.93603639275093264E-01 2.10670614561613317E-01
position -4.24102337259483209E-02 2.20639481466965631E-01 7.25104161946765746E-01
quaternion 7.06897656143834041E-01 -3.03946000499251079E-01 -3.49811143335454156E-01 5.34363824109758800E-01
unchanged_qpos -2.27769710362987321E-01 4.61890882394924152E-02 2.81026429895182117E-01 -2.31818773226802444E-01 -1.98310138310860085E-01
unchanged_qvel 1.49953025838919229E+00 4.44061054984344228E-01 -5.92969765330722431E-01 2.69492869346339425E-02 -8.80731401285379523E-01
unchanged_time 1.25000000000000000E-01
act
step SUCCESS
step_clamped -1.00000000000000000E+00
qpos -2.24736550149432224E-01 4.71003160916376798E-02 2.79802585470125154E-01 -2.31803079320179184E-01 -2.00084914762569760E-01
qvel 1.51658010677754440E+00 4.55613926072633124E-01 -6.11922212528481779E-01 7.84695331163367399E-03 -8.87388225854835455E-01
time 1.27000000000000002E-01
reset_qpos 0.00000000000000000E+00 0.00000000000000000E+00 0.00000000000000000E+00 0.00000000000000000E+00 0.00000000000000000E+00
reset_qvel 0.00000000000000000E+00 0.00000000000000000E+00 0.00000000000000000E+00 0.00000000000000000E+00 0.00000000000000000E+00
forward SUCCESS
forward_clamped -1.00000000000000000E+00
qacc -2.28463548857591292E-01 1.34569931046060876E+00 -6.60487750478621072E-01 -6.05474376106949386E+00 -2.07731643099514507E+00
act_dot
mass 8.80878448365537281E+00 -4.08336429320887717E+00 2.61688610882767669E+00 2.74085235868071386E+00 -2.48094781075277548E-01 -4.08336429320887717E+00 9.25000000000000178E+00 1.73733994014456261E+00 -1.86900542754497456E+00 2.15092188968381137E+00 2.61688610882767669E+00 1.73733994014456261E+00 4.63738548854528343E+00 6.37853591499732697E-02 6.29526908536425234E-01 2.74085235868071386E+00 -1.86900542754497456E+00 6.37853591499732697E-02 2.34623708086785010E+00 0.00000000000000000E+00 -2.48094781075277548E-01 2.15092188968381137E+00 6.29526908536425234E-01 0.00000000000000000E+00 2.31999999999999895E+00
gravity -1.84041994084858160E+01 2.21921972265487888E+01 -1.61718206194027214E+00 -1.70219182800063855E+01 -2.37700495918143506E+00
bias 5.40846604835194888E+00 7.83890597740515283E-01 1.05699615578131834E+00 6.31104877853684743E-01 -4.20630877604035225E-01
passive 1.17048027010738673E-01 -9.28896672761101994E-02 -4.02459233511175615E-02 1.29228085353502165E-01 0.00000000000000000E+00
actuation -1.37999999999999989E+00 -2.03189159339221348E+00 0.00000000000000000E+00 0.00000000000000000E+00 0.00000000000000000E+00
length 1.03777767571908797E+00 -5.62237248346676655E-01
velocity 1.34605231062349451E+00 9.28896672761101883E-01
force 5.99999999999999978E-01 -2.03189159339221348E+00
position 0.00000000000000000E+00 0.00000000000000000E+00 0.00000000000000000E+00
quaternion 1.00000000000000000E+00 0.00000000000000000E+00 0.00000000000000000E+00 0.00000000000000000E+00
position 6.26140106555165277E-01 1.02035852896025375E-02 1.03225771089080975E+00
quaternion 8.71096645786474388E-01 1.46448271083278653E-01 -4.49021590048143182E-01 1.34622246552750124E-01
position 8.49271044518999929E-01 -1.70363653644309276E-01 1.38948040998363487E+00
quaternion 8.25999799710512850E-01 1.58233590338123509E-01 -5.27403152728538327E-01 1.20550305926189261E-01
position 4.84274950342913235E-01 -1.38391045232449356E-01 1.66471776854446540E+00
quaternion 8.25999799710512850E-01 1.58233590338123509E-01 -5.27403152728538327E-01 1.20550305926189261E-01
position -3.93904186023193159E-01 3.63363318401342283E-01 9.46729730935421898E-01
quaternion 7.53126176305064288E-01 -3.16468328444454827E-01 -3.73758989651190421E-01 4.39264131600347107E-01
unchanged_qpos -4.51207685095255717E-01 -5.62237248346676655E-01 2.89017001938133067E-01 -1.84611550505003108E-01 7.47514651954047649E-01
unchanged_qvel -5.85240135053693322E-01 9.28896672761101883E-01 1.34153077837058543E-01 3.30663291170435691E-01 -1.15265657698431179E+00
unchanged_time 1.25000000000000000E-01
act
step SUCCESS
step_clamped -1.00000000000000000E+00
qpos -4.52379079219558555E-01 -5.60374072203912554E-01 2.89282666142805289E-01 -1.83974442897706508E-01 7.45201029534355075E-01
qvel -5.85697062151408487E-01 9.31588071382023153E-01 1.32832102336101293E-01 3.18553803648296718E-01 -1.15681120984630215E+00
time 1.27000000000000002E-01
reset_qpos 0.00000000000000000E+00 0.00000000000000000E+00 0.00000000000000000E+00 0.00000000000000000E+00 0.00000000000000000E+00
reset_qvel 0.00000000000000000E+00 0.00000000000000000E+00 0.00000000000000000E+00 0.00000000000000000E+00 0.00000000000000000E+00
forward SUCCESS
forward_clamped -1.00000000000000000E+00
qacc -5.93345452693226072E+00 -1.32387713859808143E+00 3.12158499752082008E+00 3.96251145324995058E-01 -1.24916511792620089E+00
act_dot
mass 5.93379029346586506E+00 -4.68607848559995599E+00 2.39152123045717602E+00 2.34574905863825700E+00 -2.35870637719142739E-01 -4.68607848559995599E+00 9.25000000000000355E+00 5.51292157750061129E-01 -2.44100686097537700E+00 1.58309515691983416E+00 2.39152123045717602E+00 5.51292157750061129E-01 3.21449189112891398E+00 9.13770077023879079E-02 6.29526908536425234E-01 2.34574905863825700E+00 -2.44100686097537700E+00 9.13770077023879079E-02 2.34623708086784966E+00 0.00000000000000000E+00 -2.35870637719142739E-01 1.58309515691983416E+00 6.29526908536425234E-01 0.00000000000000000E+00 2.31999999999999940E+00
gravity -2.61860103968111702E+01 2.23940068366280052E+01 -9.04572573198559127E+00 -1.31094249972901338E+01 -9.31006742488368921E+00
bias -4.04143738370417882E+00 5.62452569415642145E+00 -3.70812862998807047E+00 -3.13686687463193214E+00 -7.56330840455177089E+00
passive -3.49299792528124098E-01 -1.95407596213765633E-01 -1.01844582122966890E-01 2.08266372541778599E-01 -0.00000000000000000E+00
actuation 1.83999999999999986E+00 -2.57419778940523258E+00 0.00000000000000000E+00 0.00000000000000000E+00 0.00000000000000000E+00
length 1.09247325047276922E+00 -1.65548422961556696E-02
velocity -4.01694761407342682E+00 1.95407596213765622E+00
force -8.00000000000000044E-01 -2.57419778940523258E+00
position 0.00000000000000000E+00 0.00000000000000000E+00 0.00000000000000000E+00
quaternion 1.00000000000000000E+00 0.00000000000000000E+00 0.00000000000000000E+00 0.00000000000000000E+00
position 8.56842367857560128E-02 4.30543697110581103E-02 7.78792211731863082E-01
quaternion 9.19650906403849611E-01 9.88587055980120893E-02 -3.47048591312437205E-01 -1.55004651369293478E-01
position 2.59914923846036094E-01 -2.92337260618672157E-01 1.03793719430198417E+00
quaternion 8.58056375017686057E-01 7.47930476132313282E-02 -4.79520355848297331E-01 -1.67944888720543001E-01
position 1.23691431508341221E-02 -1.28766175918564624E-01 1.38717291227772810E+00
quaternion 8.58056375017686057E-01 7.47930476132313282E-02 -4.79520355848297331E-01 -1.67944888720543001E-01
position -3.80695519452283471E-01 6.08480192796301278E-01 8.92404139991253564E-01
quaternion 9.08653540471609289E-01 -2.84521850214761951E-01 -1.90652678728365915E-01 2.38846428134222993E-01
unchanged_qpos -4.74988369770769303E-01 -1.65548422961556696E-02 -3.27044142526949466E-01 -2.97523389345398015E-01 3.97637204278871392E-01
unchanged_qvel 1.74649896264062043E+00 1.95407596213765622E+00 3.39481940409889660E-01 -1.37713698719816868E-02 5.89345043352543119E-01
unchanged_time 1.25000000000000000E-01
act
step SUCCESS
step_clamped -1.00000000000000000E+00
qpos -4.71519105663595783E-01 -1.26519858804347487E-02 -3.26352692306139613E-01 -2.97549347080560689E-01 3.98810897705104750E-01
qvel 1.73463205358675587E+00 1.95142820786046012E+00 3.45725110404931313E-01 -1.29788675813316962E-02 5.86846713116690677E-01
time 1.27000000000000002E-01
reset_qpos 0.00000000000000000E+00 0.00000000000000000E+00 0.00000000000000000E+00 0.00000000000000000E+00 0.00000000000000000E+00
reset_qvel 0.00000000000000000E+00 0.00000000000000000E+00 0.00000000000000000E+00 0.00000000000000000E+00 0.00000000000000000E+00
forward SUCCESS
forward_clamped -1.00000000000000000E+00
qacc -7.81040178467138446E+00 -4.90288140617817003E+00 -1.79348648614893547E+00 -4.47821452524483377E+00 1.29297039695672877E+00
act_dot
mass 4.95338425369225455E+00 -4.71888567042958051E+00 1.10535250430185772E+00 2.23355732783129479E+00 -3.22192378809359192E-01 -4.71888567042958051E+00 9.25000000000000178E+00 1.03129487199263847E-02 -2.02622502235242230E+00 1.86742535019287326E+00 1.10535250430185772E+00 1.03129487199263847E-02 2.14877778084162685E+00 1.20168680286636020E-01 6.29526908536425456E-01 2.23355732783129479E+00 -2.02622502235242230E+00 1.20168680286636020E-01 2.34623708086785054E+00 0.00000000000000000E+00 -3.22192378809359192E-01 1.86742535019287326E+00 6.29526908536425456E-01 0.00000000000000000E+00 2.32000000000000028E+00
gravity -2.63954586904762181E+01 2.27751482834527117E+01 -1.49342402226368947E+01 -1.97252081070953125E+01 -7.64226496667018562E+00
bias 2.70566717351633512E+00 2.11655544005632095E+01 -2.80862182347256439E+00 -1.15658790778863141E+00 -3.15821102829037947E+00
passive -3.37311291100944488E-01 -1.29482881218319940E-01 -4.61000667617598392E-01 3.86637041778675028E-01 0.00000000000000000E+00
actuation 1.83999999999999986E+00 1.68186775067244687E+00 0.00000000000000000E+00 0.00000000000000000E+00 0.00000000000000000E+00
length 1.72914549179844856E+00 2.17475321844207814E-01
velocity -3.87907984766086100E+00 1.29482881218319923E+00
force -8.00000000000000044E-01 1.68186775067244687E+00
position 0.00000000000000000E+00 0.00000000000000000E+00 0.00000000000000000E+00
quaternion 1.00000000000000000E+00 0.00000000000000000E+00 0.00000000000000000E+00 0.00000000000000000E+00
position -9.86897108248683819E-02 2.89104746311711402E-01 7.20828913591384013E-01
quaternion 8.72606870321907535E-01 1.32009393284870408E-01 -4.33878061555141803E-01 -1.81330079282833956E-01
position 3.51566565971718481E-03 -7.04805368213125560E-02 9.85880767332849350E-01
quaternion 7.21234736745722582E-01 7.75635044982116023E-02 -6.55372700791824192E-01 -2.10454223854296435E-01
position -3.42064548043068739E-01 1.34460219584609242E-01 1.20627496476305729E+00
quaternion 7.21234736745722582E-01 7.75635044982116023E-02 -6.55372700791824192E-01 -2.10454223854296435E-01
position -1.83579764121030220E-01 4.47388713885427336E-01 5.76480156608124794E-01
quaternion 9.00182274598346543E-01 -2.83906255737761404E-01 -2.78478342605866735E-01 1.77535695428838930E-01
unchanged_qpos -7.51802387738455979E-01 2.17475321844207814E-01 -1.11173393560127898E-01 -5.52338631112392897E-01 -2.00644258270815889E-01
unchanged_qvel 1.68655645550472233E+00 1.29482881218319923E+00 1.53666889205866131E+00 1.23149915476627303E+00 1.90477156200450581E+00
unchanged_time 1.25000000000000000E-01
act
step SUCCESS
step_clamped -1.00000000000000000E+00
qpos -7.48460516434585221E-01 2.20045367942949488E-01 -1.08107229721955175E-01 -5.49893545660961380E-01 -1.96829543265219065E-01
qvel 1.67093565193537952E+00 1.28502304937084300E+00 1.53308191908636338E+00 1.22254272571578326E+00 1.90735750279841931E+00
time 1.27000000000000002E-01
reset_qpos 0.00000000000000000E+00 0.00000000000000000E+00 0.00000000000000000E+00 0.00000000000000000E+00 0.00000000000000000E+00
reset_qvel 0.00000000000000000E+00 0.00000000000000000E+00 0.00000000000000000E+00 0.00000000000000000E+00 0.00000000000000000E+00
forward SUCCESS
forward_clamped -1.00000000000000000E+00
qacc -9.33836656564856860E+00 -4.92836953198049166E+00 5.85022890597959133E+00 7.58231801083992529E+00 -1.23279401970243052E+00
act_dot
mass 7.66533794195895801E+00 -4.22653987470409298E+00 1.96758078528962210E+00 2.02351873107707680E+00 -4.77072443787568690E-01 -4.22653987470409298E+00 9.25000000000000178E+00 1.30100978042507620E+00 -2.43252588198421904E+00 1.86111721912940808E+00 1.96758078528962210E+00 1.30100978042507620E+00 4.27764052572046971E+00 -2.72148650136791459E-02 6.29526908536425234E-01 2.02351873107707680E+00 -2.43252588198421904E+00 -2.72148650136791459E-02 2.34623708086784966E+00 0.00000000000000000E+00 -4.77072443787568690E-01 1.86111721912940808E+00 6.29526908536425234E-01 0.00000000000000000E+00 2.31999999999999940E+00
gravity -2.55791002510583638E+01 -1.38192015281376879E+01 -7.00911341217691675E+00 5.35399798291116369E+00 -1.06705363718062269E+01
bias -1.46039630598889536E+00 4.54996530365249097E+00 -6.60843506800761382E+00 -5.81011523888605197E+00 -6.88037308503223066E+00
passive -1.37668815606392325E-01 -2.82381217113733228E-02 -4.81765366588442656E-01 -4.53930219337323679E-02 -0.00000000000000000E+00
actuation 1.15840639758576791E+00 -6.11363678429499235E-01 0.00000000000000000E+00 0.00000000000000000E+00 0.00000000000000000E+00
length -1.61359818620018558E+00 5.71067838971553554E-01
velocity -1.58319137947351152E+00 2.82381217113733207E-01
force -5.03654955472073063E-01 -6.11363678429499235E-01
position 0.00000000000000000E+00 0.00000000000000000E+00 0.00000000000000000E+00
quaternion 1.00000000000000000E+00 0.00000000000000000E+00 0.00000000000000000E+00 0.00000000000000000E+00
position -9.54390458175122802E-02 -2.24431298010565633E-01 1.05228772884795529E+00
quaternion 8.83231475177165937E-01 3.01248311641750914E-02 -1.27941206736701146E-01 4.50139648800740533E-01
position 2.70049650890371196E-01 -4.48790972124553933E-02 1.26247578694671558E+00
quaternion 8.86914836133641638E-01 1.55164126425030406E-02 -9.92414458324309551E-02 4.50879640052455233E-01
position 1.02030561797482044E-01 1.06571866246028407E-01 1.66101335276440953E+00
quaternion 8.86914836133641638E-01 1.55164126425030406E-02 -9.92414458324309551E-02 4.50879640052455233E-01
position -8.77028884861226987E-01 -3.80135203871173499E-01 1.29293346161276235E+00
quaternion 5.46249665952710961E-01 -3.00898038404147250E-01 -1.23483321955485573E-01 7.71896069513199334E-01
unchanged_qpos 7.01564428782689431E-01 5.71067838971553554E-01 -1.16785748331580841E-01 6.48471741910462418E-02 4.91480660199414388E-01
unchanged_qvel 6.88344078031961626E-01 2.82381217113733207E-01 1.60588455529480889E+00 -1.21984666010392084E+00 2.57880326581203967E-01
unchanged_time 1.25000000000000000E-01
act
step SUCCESS
step_clamped -1.00000000000000000E+00
qpos 7.02903763472490728E-01 5.71612887927653079E-01 -1.13550578305367300E-01 6.24378101428817583E-02 4.91991489676497973E-01
qvel 6.69667344900664485E-01 2.72524478049772201E-01 1.61758501310676817E+00 -1.20468202408224090E+00 2.55414738541799080E-01
time 1.27000000000000002E-01
reset_qpos 0.00000000000000000E+00 0.00000000000000000E+00 0.00000000000000000E+00 0.00000000000000000E+00 0.00000000000000000E+00
reset_qvel 0.00000000000000000E+00 0.00000000000000000E+00 0.00000000000000000E+00 0.00000000000000000E+00 0.00000000000000000E+00
forward SUCCESS
forward_clamped -1.00000000000000000E+00
qacc 3.26577640237642619E+00 1.69283645278443751E+00 -6.83242360364177426E+00 -8.60316356608271704E+00 -1.34074638795919654E+00
act_dot
mass 5.37657455075136514E+00 -4.66515964435213437E+00 1.81526978144216455E+00 2.27104940938081734E+00 -1.57911814486098478E-01 -4.66515964435213437E+00 9.25000000000000178E+00 2.36973571838541064E-01 -2.11851286466673550E+00 1.85284466838272976E+00 1.81526978144216455E+00 2.36973571838541064E-01 2.25965971471095539E+00 1.17447134983502621E-01 6.29526908536425456E-01 2.27104940938081734E+00 -2.11851286466673550E+00 1.17447134983502621E-01 2.34623708086785054E+00 0.00000000000000000E+00 -1.57911814486098478E-01 1.85284466838272976E+00 6.29526908536425456E-01 0.00000000000000000E+00 2.31999999999999940E+00
gravity -2.62234003743902484E+01 2.29504010075455156E+01 -1.17207376681326210E+01 -1.88153504327440722E+01 -7.34036244861962217E+00
bias -2.48165871343548083E+00 9.82064535692754781E+00 -8.18282043185372565E-01 -1.40474595866544538E+00 -2.21761513179313319E+00
passive 1.70852173155303988E-01 1.93337878682088737E-01 2.74449290804717028E-01 3.42438521163493492E-01 0.00000000000000000E+00
actuation 1.83999999999999986E+00 1.17485322702369110E+00 0.00000000000000000E+00 0.00000000000000000E+00 0.00000000000000000E+00
length 1.32186456047991396E+00 -1.69267526406385649E-01
velocity 1.96479999128599547E+00 -1.93337878682088737E+00
force -8.00000000000000044E-01 1.17485322702369110E+00
position 0.00000000000000000E+00 0.00000000000000000E+00 0.00000000000000000E+00
quaternion 1.00000000000000000E+00 0.00000000000000000E+00 0.00000000000000000E+00 0.00000000000000000E+00
position 2.27387837667125059E-01 3.68646110066197796E-02 8.41739329571223438E-01
quaternion 9.00360417579023964E-01 1.21725956971400179E-01 -4.03511438345059370E-01 -1.08223975998960636E-01
position 3.93135723651257374E-01 -2.82955778369928357E-01 1.12501050147338555E+00
quaternion 7.75843517183464559E-01 9.18944261162855797E-02 -6.09538513354787370E-01 -1.34480675304615105E-01
position 4.63287578563933433E-02 -1.17097098896983137E-01 1.37444150780509822E+00
quaternion 7.75843517183464559E-01 9.18944261162855797E-02 -6.09538513354787370E-01 -1.34480675304615105E-01
position -5.63275861353162988E-03 2.83616412445893640E-01 7.48773249536918817E-01
quaternion 8.82363438578381731E-01 -2.93364190459451613E-01 -2.62313897774663907E-01 2.57999288856516018E-01
unchanged_qpos -5.74723721947788757E-01 -1.69267526406385649E-01 -1.24065668313815047E-01 -4.89197887376419338E-01 -2.66373013070861919E-02
unchanged_qvel -8.54260865776519829E-01 -1.93337878682088737E+00 -9.14830969349056833E-01 -1.63807750001999031E+00 -1.72493773145570195E+00
unchanged_time 1.25000000000000000E-01
act
step SUCCESS
step_clamped -1.00000000000000000E+00
qpos -5.76419180573732315E-01 -1.73127512634216274E-01 -1.25922659946927723E-01 -4.92508455030723657E-01 -3.00925397555494335E-02
qvel -8.47729312971767013E-01 -1.92999311391531858E+00 -9.28495816556340392E-01 -1.65528382715215572E+00 -1.72761922423162040E+00
time 1.27000000000000002E-01
reset_qpos 0.00000000000000000E+00 0.00000000000000000E+00 0.00000000000000000E+00 0.00000000000000000E+00 0.00000000000000000E+00
reset_qvel 0.00000000000000000E+00 0.00000000000000000E+00 0.00000000000000000E+00 0.00000000000000000E+00 0.00000000000000000E+00
forward SUCCESS
forward_clamped -1.00000000000000000E+00
qacc 2.33918287474638120E+00 3.64806831983774282E+00 -4.25977648642832474E+00 -8.21646725351391538E+00 -2.07305437343127341E+00
act_dot
mass 1.00799542116731775E+01 -4.08319877271388165E+00 1.15144946456546760E+00 1.58197920615519871E+00 3.03870023762955466E-02 -4.08319877271388165E+00 9.25000000000000000E+00 1.48137568942903641E+00 -1.86901742921122871E+00 2.14140852559998462E+00 1.15144946456546760E+00 1.48137568942903641E+00 3.26579552921274052E+00 8.30027401498358575E-02 6.29526908536425234E-01 1.58197920615519871E+00 -1.86901742921122871E+00 8.30027401498358575E-02 2.34623708086785099E+00 0.00000000000000000E+00 3.03870023762955466E-02 2.14140852559998462E+00 6.29526908536425234E-01 0.00000000000000000E+00 2.32000000000000028E+00
gravity -2.36782969512552057E+01 2.30594013010327181E+01 -6.17138812729445174E+00 -1.91829158022905411E+01 -2.34980506723721749E+00
bias -1.56013690582544911E+01 -5.32171394431091471E+00 1.47065180655674466E+00 3.42877761948050086E+00 -2.59909092612119830E+00
passive 1.98927528693406075E-01 -1.03132442556017709E-01 -2.15089554034783054E-01 1.81426069220171876E-01 -0.00000000000000000E+00
actuation -1.37999999999999989E+00 5.39067279499815144E-01 0.00000000000000000E+00 0.00000000000000000E+00 0.00000000000000000E+00
length 1.47577009272341209E+00 7.85394163824445046E-01
velocity 2.28766657997416978E+00 1.03132442556017700E+00
force 5.99999999999999978E-01 5.39067279499815144E-01
position 0.00000000000000000E+00 0.00000000000000000E+00 0.00000000000000000E+00
quaternion 1.00000000000000000E+00 0.00000000000000000E+00 0.00000000000000000E+00 0.00000000000000000E+00
position -5.24758614710462035E-01 6.54914596995239240E-01 6.70391423001333697E-01
quaternion 8.61775374751573620E-01 1.43620378541196192E-01 -4.85207806268439734E-01 3.59134386495699523E-02
position -3.56474156123890829E-01 4.04453305608764413E-01 1.01528196000582138E+00
quaternion 7.91847088675182831E-01 1.47057123992826416E-01 -5.92504514707427488E-01 1.70525801834031515E-02
position -7.40330869834757044E-01 4.79720486543987523E-01 1.25400538745515755E+00
quaternion 7.91847088675182831E-01 1.47057123992826416E-01 -5.92504514707427488E-01 1.70525801834031515E-02
position -1.15139583720307437E+00 1.02880759689429468E+00 5.48938844288547001E-01
quaternion 7.96168362388264494E-01 -3.22108464366600566E-01 -3.80200745787856065E-01 3.43233839849362399E-01
unchanged_qpos -6.41639170749309651E-01 7.85394163824445046E-01 2.58608227962048298E-01 -2.59180098885959831E-01 3.95602737114727709E-01
unchanged_qvel -9.94637643467030319E-01 1.03132442556017700E+00 7.16965180115943568E-01 1.19681893149901741E+00 1.63812458067823474E+00
unchanged_time 1.25000000000000000E-01
act
step SUCCESS
step_clamped -1.00000000000000000E+00
qpos -7.94522179133484663E-01 1.06093653955020750E+00 3.32647830083135143E-01 -1.84268327450390457E-01 6.81034035807892457E-01
qvel -5.55881999158157059E-01 1.68305490076126785E+00 1.09934372457157009E-01 -4.31166425603741466E-01 1.22660883995109837E+00
time 3.25000000000000178E-01
reset_qpos 0.00000000000000000E+00 0.00000000000000000E+00 0.00000000000000000E+00 0.00000000000000000E+00 0.00000000000000000E+00
reset_qvel 0.00000000000000000E+00 0.00000000000000000E+00 0.00000000000000000E+00 0.00000000000000000E+00 0.00000000000000000E+00
forward SUCCESS
forward_clamped -1.00000000000000000E+00
qacc 1.85494924498137004E+00 -1.19704987450308864E+00 -6.06105342197756336E+00 -4.18603750579779899E+00 -1.29356961400818538E+00
act_dot
mass 8.73165163052607518E+00 -4.52190738276353432E+00 2.57323314438379569E+00 2.56296937789125368E+00 -2.60939925618501184E-02 -4.52190738276353432E+00 9.25000000000000355E+00 5.96950044942961222E-01 -2.27442945685957376E+00 1.91337212976195281E+00 2.57323314438379569E+00 5.96950044942961222E-01 2.52064718063901250E+00 8.71932110629015655E-02 6.29526908536425456E-01 2.56296937789125368E+00 -2.27442945685957376E+00 8.71932110629015655E-02 2.34623708086785010E+00 0.00000000000000000E+00 -2.60939925618501184E-02 1.91337212976195281E+00 6.29526908536425456E-01 0.00000000000000000E+00 2.32000000000000073E+00
gravity 1.77551407865631106E+01 -4.17040343498615496E+00 -5.21093172731936782E+00 -6.36259938748151388E+00 -9.34696910828426120E+00
bias 2.34099054801224469E+01 1.27064714105265839E+01 7.82965409886772257E+00 -3.01654643652073240E+00 -1.75500075546554890E-01
passive 1.83428378496246325E-01 -1.50191496919323569E-01 3.85734672062345851E-01 1.94442843515721497E-01 -0.00000000000000000E+00
actuation 5.37031178858270120E-01 8.98226747478456211E-01 0.00000000000000000E+00 0.00000000000000000E+00 0.00000000000000000E+00
length -1.11884816662695097E+00 -5.58773114459004128E-01
velocity 2.10942635270683265E+00 1.50191496919323564E+00
force -2.33491816894900062E-01 8.98226747478456211E-01
position 0.00000000000000000E+00 0.00000000000000000E+00 0.00000000000000000E+00
quaternion 1.00000000000000000E+00 0.00000000000000000E+00 0.00000000000000000E+00 0.00000000000000000E+00
position 8.16810045318115963E-01 3.27166474712769717E-01 9.22712438194599360E-01
quaternion 9.03394749923132512E-01 5.81959310878896463E-02 -1.83721462841152039E-01 3.83063419693973894E-01
position 1.18638079279639275E+00 4.30918553104755186E-01 1.17301818890299003E+00
quaternion 8.69260888925541542E-01 1.10667472937054312E-01 -3.07019799168635643E-01 3.71318004325880080E-01
position 9.16623437102133787E-01 4.60467127770381623E-01 1.54228482804613143E+00
quaternion 8.69260888925541542E-01 1.10667472937054312E-01 -3.07019799168635643E-01 3.71318004325880080E-01
position 4.43678569968491365E-01 2.41577799604701243E-01 8.99752517307923050E-01
quaternion 6.08565335288621223E-01 -3.00882936133329448E-01 -1.65128727307276180E-01 7.15437065608648948E-01
unchanged_qpos 4.86455724620413532E-01 -5.58773114459004128E-01 -6.85166400501557860E-02 -2.77775490736745012E-01 1.09805657914552324E-02
unchanged_qvel -9.17141892481231569E-01 1.50191496919323564E+00 -1.28578224020781962E+00 -1.53086501740975400E+00 8.62212473716707617E-01
unchanged_time 1.25000000000000000E-01
act
step SUCCESS
step_clamped -1.00000000000000000E+00
qpos 4.84628860632430991E-01 -5.55774072720115697E-01 -7.11124487442593295E-02 -2.80853964921587707E-01 1.26998164604326148E-02
qvel -9.13431993991268842E-01 1.49952086944422947E+00 -1.29790434705177482E+00 -1.53923709242134965E+00 8.59625334488691273E-01
time 1.27000000000000002E-01
reset_qpos 0.00000000000000000E+00 0.00000000000000000E+00 0.00000000000000000E+00 0.00000000000000000E+00 0.00000000000000000E+00
reset_qvel 0.00000000000000000E+00 0.00000000000000000E+00 0.00000000000000000E+00 0.00000000000000000E+00 0.00000000000000000E+00
forward SUCCESS
forward_clamped -1.00000000000000000E+00
qacc -1.09462024670851243E+00 5.88517980856767764E-01 -4.29817352059442470E+00 -4.46991703222744530E+00 -1.60093107856062722E+00
act_dot
mass 4.68566360348634525E+00 -4.37049682417844831E+00 9.10010765730391302E-01 2.19065851312344373E+00 -2.35147827172063423E-01 -4.37049682417844831E+00 9.25000000000000355E+00 7.04924559642205018E-01 -2.12649739750033362E+00 2.02067410382068147E+00 9.10010765730391302E-01 7.04924559642205018E-01 2.38156976895315164E+00 9.27139479904171004E-02 6.29526908536425012E-01 2.19065851312344373E+00 -2.12649739750033362E+00 9.27139479904171004E-02 2.34623708086785054E+00 0.00000000000000000E+00 -2.35147827172063423E-01 2.02067410382068147E+00 6.29526908536425012E-01 0.00000000000000000E+00 2.31999999999999895E+00
gravity -2.57689726220916597E+01 2.09266872190295850E+01 -1.19605949106663498E+01 -1.64331170579099926E+01 -5.33634143670431271E+00
bias -3.32933195297043749E+00 6.45910994577961439E+00 -1.55022225856251694E-02 -1.91813618713751532E+00 -2.99190130044989067E-01
passive -5.09360747902916564E-02 1.80432449784053039E-01 -5.07484814395492090E-01 2.12886790057539521E-01 0.00000000000000000E+00
actuation 1.43048544228175900E+00 -1.22560033061363671E+00 0.00000000000000000E+00 0.00000000000000000E+00 0.00000000000000000E+00
length 7.86322078224960586E-01 2.46924878891007893E-01
velocity -5.85764860088353934E-01 -1.80432449784053039E+00
force -6.21950192296417015E-01 -1.22560033061363671E+00
position 0.00000000000000000E+00 0.00000000000000000E+00 0.00000000000000000E+00
quaternion 1.00000000000000000E+00 0.00000000000000000E+00 0.00000000000000000E+00 0.00000000000000000E+00
position -9.19617682034359896E-02 2.07723526213347554E-01 8.06654869187313439E-01
quaternion 9.09268909317650698E-01 1.24473910132762433E-01 -3.90044250057202169E-01 7.48450348511217889E-02
position 1.59423262116821840E-01 3.29025745480329701E-03 1.13071135370132514E+00
quaternion 8.39694108788084148E-01 1.34374860557970821E-01 -5.23276475795521057E-01 5.51264944979322630E-02
position -1.88177663626381331E-01 7.67027406416439794E-02 1.42016636529174489E+00
quaternion 8.39694108788084148E-01 1.34374860557970821E-01 -5.23276475795521057E-01 5.51264944979322630E-02
position -2.80507560014947643E-01 2.94405642261554135E-01 6.52444109566250319E-01
quaternion 8.01340339386793055E-01 -3.08637009166437715E-01 -2.95057307989545214E-01 4.18972602978068265E-01
unchanged_qpos -3.41879164445635042E-01 2.46924878891007893E-01 4.83985812153072681E-02 -3.04123985796485030E-01 -1.51779907964216143E-01
unchanged_qvel 2.54680373951458261E-01 -1.80432449784053039E+00 1.69161604798497356E+00 -7.14295420805658665E-01 4.17533593100090972E-01
unchanged_time 1.25000000000000000E-01
act
step SUCCESS
step_clamped -1.00000000000000000E+00
qpos -3.41374182178718955E-01 2.43318583967250257E-01 5.17646206171948342E-02 -3.05570456306225258E-01 -1.50951244502330217E-01
qvel 2.52491133458041250E-01 -1.80314746187881680E+00 1.68301970094378461E+00 -7.23235254870113531E-01 4.14331730942969712E-01
time 1.27000000000000002E-01
reset_qpos 0.00000000000000000E+00 0.00000000000000000E+00 0.00000000000000000E+00 0.00000000000000000E+00 0.00000000000000000E+00
reset_qvel 0.00000000000000000E+00 0.00000000000000000E+00 0.00000000000000000E+00 0.00000000000000000E+00 0.00000000000000000E+00
forward SUCCESS
forward_clamped -1.00000000000000000E+00
qacc 1.40356147915403473E+00 2.12464483588095243E+00 -1.07362578261798802E+00 -6.83324101772009840E+00 -3.99770444961905813E+00
act_dot
mass 7.10007596772636251E+00 -4.34073553021250635E+00 2.57952544044047860E+00 2.15683569692118127E+00 -6.72271426673944350E-02 -4.34073553021250635E+00 9.25000000000000000E+00 9.55628103682571117E-01 -1.89959669947717447E+00 1.94262721797156979E+00 2.57952544044047860E+00 9.55628103682571117E-01 3.77652591196824838E+00 1.20367061037786688E-01 6.29526908536425123E-01 2.15683569692118127E+00 -1.89959669947717447E+00 1.20367061037786688E-01 2.34623708086784877E+00 0.00000000000000000E+00 -6.72271426673944350E-02 1.94262721797156979E+00 6.29526908536425123E-01 0.00000000000000000E+00 2.31999999999999984E+00
gravity -6.53410188269204451E+00 1.17871731434803273E+01 -2.27857848558738718E+00 -1.79961338565414088E+01 -7.13356600665485718E+00
bias 8.44702859792624849E+00 -4.59181887704611302E+00 -9.22564740490287027E-01 -6.14279326595673858E-01 -1.14013812888322064E+00
passive 1.28319527481356943E-01 -1.40024143176746219E-01 -3.92321364437801356E-01 4.15140778411382971E-01 0.00000000000000000E+00
actuation -1.37999999999999989E+00 1.21666491094274765E+00 0.00000000000000000E+00 0.00000000000000000E+00 0.00000000000000000E+00
length -1.38713997995802751E-01 -4.91130692134439439E-01
velocity 1.47567456603560454E+00 1.40024143176746207E+00
force 5.99999999999999978E-01 1.21666491094274765E+00
position 0.00000000000000000E+00 0.00000000000000000E+00 0.00000000000000000E+00
quaternion 1.00000000000000000E+00 0.00000000000000000E+00 0.00000000000000000E+00 0.00000000000000000E+00
position 6.99160726142255440E-01 1.22090889000144975E-01 9.67225037435766266E-01
quaternion 9.28210705131101266E-01 9.29251957317971528E-02 -2.89552530505950090E-01 2.14357474690834326E-01
position 1.03590983191735186E+00 5.19099361751432509E-02 1.27000329560541747E+00
quaternion 8.03092293673987823E-01 1.51505417483706828E-01 -5.48140993617361794E-01 1.77849170452696215E-01
position 6.48531649330650772E-01 6.67054388322896319E-02 1.51437849229474342E+00
quaternion 8.03092293673987823E-01 1.51505417483706828E-01 -5.48140993617361794E-01 1.77849170452696215E-01
position -2.52436947387611244E-01 3.28550477140482244E-01 1.08881277707550672E+00
quaternion 7.30935835964053426E-01 -3.08191207309847448E-01 -2.26982607091491206E-01 5.65004318141356210E-01
unchanged_qpos 6.03104339112185972E-02 -4.91130692134439439E-01 -3.94515789277871676E-02 -5.93058254873404245E-01 6.44034476238506626E-01
unchanged_qvel -6.41597637406784660E-01 1.40024143176746207E+00 1.30773788145933789E+00 -1.26984088429738273E+00 -3.03727847820372432E-01
unchanged_time 1.25000000000000000E-01
act
step SUCCESS
step_clamped -1.00000000000000000E+00
qpos 5.90328528823216431E-02 -4.88321710691560995E-01 -3.68403976679989656E-02 -5.95625269606069874E-01 6.43411029725067363E-01
qvel -6.38790514448476565E-01 1.40449072143922393E+00 1.30559062989410202E+00 -1.28350736633282292E+00 -3.11723256719610542E-01
time 1.27000000000000002E-01
reset_qpos 0.00000000000000000E+00 0.00000000000000000E+00 0.00000000000000000E+00 0.00000000000000000E+00 0.00000000000000000E+00
reset_qvel 0.00000000000000000E+00 0.00000000000000000E+00 0.00000000000000000E+00 0.00000000000000000E+00 0.00000000000000000E+00
forward SUCCESS
forward_clamped -1.00000000000000000E+00
qacc -5.57725692218816516E+00 1.85455528948058479E+00 -1.81030026516254683E+00 6.45348925824749564E+00 -7.41504926472994796E+00
act_dot
mass 7.09130394883826121E+00 -5.20052947034935009E+00 3.16122591274717468E+00 2.18777702879933544E+00 -1.84295527249914659E-01 -5.20052947034935009E+00 9.25000000000000000E+00 -1.95742562455466729E-01 -2.53945470153441821E+00 1.29209728318866435E+00 3.16122591274717468E+00 -1.95742562455466729E-01 3.39295634698121118E+00 -1.21877401713308409E-02 6.29526908536425345E-01 2.18777702879933544E+00 -2.53945470153441821E+00 -1.21877401713308409E-02 2.34623708086784966E+00 0.00000000000000000E+00 -1.84295527249914659E-01 1.29209728318866435E+00 6.29526908536425345E-01 0.00000000000000000E+00 2.31999999999999984E+00
gravity -3.00612448798375453E+01 2.30586376062112954E+01 -1.78889289985075877E+01 -3.72901000189414411E+00 -1.18090985275840001E+01
bias 7.94330793361089604E+00 5.18025450408016397E-01 1.03540330489558468E+01 -2.03737953484868584E+00 3.36243145321296755E+00
passive 3.05484927048668309E-01 -1.02593960066291290E-01 -2.57614075379710428E-01 -2.10513039931150767E-02 -0.00000000000000000E+00
actuation -1.37999999999999989E+00 -2.27732880698357665E+00 0.00000000000000000E+00 0.00000000000000000E+00 0.00000000000000000E+00
length 1.46443557944833902E+00 -5.30581331950198409E-02
velocity 3.51307666105968508E+00 1.02593960066291290E+00
force 5.99999999999999978E-01 -2.27732880698357665E+00
position 0.00000000000000000E+00 0.00000000000000000E+00 0.00000000000000000E+00
quaternion 1.00000000000000000E+00 0.00000000000000000E+00 0.00000000000000000E+00 0.00000000000000000E+00
position 4.36269227997727604E-02 2.41129611074798744E-02 7.20931686451953713E-01
quaternion 8.88405519246308395E-01 1.02498619200953239E-01 -3.28359917538514179E-01 -3.03989195513089061E-01
position 1.24304446111006259E-01 -3.75947067877164365E-01 9.29361795700044291E-01
quaternion 8.93242332265272498E-01 1.07057837497905831E-01 -3.14964661386796463E-01 -3.02413652729285942E-01
position 2.97643751022082653E-02 -2.78186032428328567E-01 1.36697458678552319E+00
quaternion 8.93242332265272498E-01 1.07057837497905844E-01 -3.14964661386796518E-01 -3.02413652729285998E-01
position -1.65625452792217576E-01 4.98924970307864313E-01 8.06183011909483271E-01
quaternion 9.52376391845273562E-01 -2.47265449898084189E-01 -1.44877244144465872E-01 1.04161363621934983E-01
unchanged_qpos -6.36711121499277888E-01 -5.30581331950198409E-02 -5.04185481346156039E-01 3.00732914187358258E-02 1.69856869917617836E-01
unchanged_qvel -1.52742463524334138E+00 1.02593960066291290E+00 8.58713584599034796E-01 4.60898853959700538E-01 5.89309474882688367E-01
unchanged_time 1.25000000000000000E-01
act
step SUCCESS
step_clamped -1.00000000000000000E+00
qpos -6.39788279797453341E-01 -5.09988357725360900E-02 -5.02475295378018605E-01 3.10209030836882185E-02 1.71005828670324295E-01
qvel -1.53857914908771765E+00 1.02964871124187396E+00 8.55092984068709705E-01 4.73805832476195510E-01 5.74479376353228433E-01
time 1.27000000000000002E-01
reset_qpos 0.00000000000000000E+00 0.00000000000000000E+00 0.00000000000000000E+00 0.00000000000000000E+00 0.00000000000000000E+00
reset_qvel 0.00000000000000000E+00 0.00000000000000000E+00 0.00000000000000000E+00 0.00000000000000000E+00 0.00000000000000000E+00
forward SUCCESS
forward_clamped -1.00000000000000000E+00
qacc -9.49044897276131039E+00 -5.97819435553573619E+00 3.35257089470319647E+00 2.65226712101643169E+00 -4.51201001160474391E+00
act_dot
mass 1.02367075751233543E+01 -5.09851639928234945E+00 1.18522610713869669E+00 2.53107595115964701E+00 -1.01035254240036543E+00 -5.09851639928234945E+00 9.25000000000000355E+00 -8.22884658571119143E-02 -2.48817692588733674E+00 1.27439652837339401E+00 1.18522610713869669E+00 -8.22884658571119143E-02 2.83246938299446915E+00 8.91118239523963074E-02 6.29526908536425234E-01 2.53107595115964701E+00 -2.48817692588733674E+00 8.91118239523963074E-02 2.34623708086785010E+00 0.00000000000000000E+00 -1.01035254240036543E+00 1.27439652837339401E+00 6.29526908536425234E-01 0.00000000000000000E+00 2.31999999999999984E+00
gravity -3.93166967014792661E+01 -1.36708782014600256E+01 -1.80501247768392825E+00 -1.90339605430149206E+00 -9.18117915223763603E+00
bias 1.35597498126389802E+01 3.72655176387200848E+00 2.51302972316800233E+00 5.58812442250353203E-01 -2.42507465496400076E+00
passive -1.36058961124562589E-01 -1.00845516343424493E-01 3.92544327065385001E-01 2.00669529330147089E-01 0.00000000000000000E+00
actuation 1.83999999999999986E+00 -2.08404919888020324E+00 0.00000000000000000E+00 0.00000000000000000E+00 0.00000000000000000E+00
length -1.60623661354666525E+00 7.75030309236867998E-01
velocity -1.56467805293246953E+00 1.00845516343424491E+00
force -8.00000000000000044E-01 -2.08404919888020324E+00
position 0.00000000000000000E+00 0.00000000000000000E+00 0.00000000000000000E+00
quaternion 1.00000000000000000E+00 0.00000000000000000E+00 0.00000000000000000E+00 0.00000000000000000E+00
position -2.20735500275964891E-01 -4.74244549492011780E-01 1.08426229672940555E+00
quaternion 9.47391901567016359E-01 -6.67482835378250122E-02 -1.22151229400758218E-01 2.88222706679870044E-01
position 1.79839796547076880E-01 -4.08656885189934260E-01 1.29695383362387151E+00
quaternion 9.20227752759405826E-01 -2.48925891510918228E-02 -2.56228845078491529E-01 2.94801663846171680E-01
position -5.11368579672677459E-02 -2.30239246374081885E-01 1.65024823101609908E+00
quaternion 9.20227752759405826E-01 -2.48925891510918228E-02 -2.56228845078491529E-01 2.94801663846171680E-01
position -7.89119093682549844E-01 -3.93575375216119294E-01 1.17648676746353842E+00
quaternion 6.53492096332638717E-01 -3.75164261783202502E-01 -2.59506820645133557E-02 6.56906704800479635E-01
unchanged_qpos 6.98363745020289306E-01 7.75030309236867998E-01 -5.14140146574141310E-01 -2.86670756185924414E-01 2.29457293507690174E-01
unchanged_qvel 6.80294805622812859E-01 1.00845516343424491E+00 -1.30848109021795000E+00 -8.10963733616254068E-01 -1.69832969542623902E+00
unchanged_time 1.25000000000000000E-01
act
step SUCCESS
step_clamped -1.00000000000000000E+00
qpos 6.99686372835643833E-01 7.77023306786314372E-01 -5.16743698470998436E-01 -2.88282074584672865E-01 2.26042586076791285E-01
qvel 6.61313907677290258E-01 9.96498774723173386E-01 -1.30177594842854361E+00 -8.05659199374221258E-01 -1.70735371544944847E+00
time 1.27000000000000002E-01
reset_qpos 0.00000000000000000E+00 0.00000000000000000E+00 0.00000000000000000E+00 0.00000000000000000E+00 0.00000000000000000E+00
reset_qvel 0.00000000000000000E+00 0.00000000000000000E+00 0.00000000000000000E+00 0.00000000000000000E+00 0.00000000000000000E+00
forward SUCCESS
forward_clamped -1.00000000000000000E+00
qacc 8.85986271278927795E+00 4.51616761364948260E+00 -1.11487899405688982E+01 -1.22108982088629752E+01 -3.31134028042526296E+00
act_dot
mass 6.43014500077954487E+00 -4.57565737769552516E+00 2.21980794775282542E+00 1.98099209137302790E+00 -1.09331746837672328E-01 -4.57565737769552516E+00 9.25000000000000000E+00 -1.27241575852396122E-01 -1.66452821805868134E+00 1.98452608663760244E+00 2.21980794775282542E+00 -1.27241575852396122E-01 2.24236738939453728E+00 1.13554754150145376E-01 6.29526908536425456E-01 1.98099209137302790E+00 -1.66452821805868134E+00 1.13554754150145376E-01 2.34623708086785054E+00 0.00000000000000000E+00 -1.09331746837672328E-01 1.98452608663760244E+00 6.29526908536425456E-01 0.00000000000000000E+00 2.31999999999999984E+00
gravity -6.52283147335458668E+00 1.30816671861732985E+01 -8.10284883910634690E+00 -2.05059623805179321E+01 -6.70904480268778070E+00
bias 4.54200516691697320E+00 -4.30706546468186513E+00 7.22435910676380244E-01 -2.86678968946488588E-01 1.50926142891081916E-01
passive 1.11501313221856801E-01 -3.07807923480907242E-03 -1.71677875473713909E-01 5.01265970424714435E-01 0.00000000000000000E+00
actuation -1.37999999999999989E+00 -8.29565118268417723E-01 0.00000000000000000E+00 0.00000000000000000E+00 0.00000000000000000E+00
length -3.93223139994985441E-02 -4.21166050467788211E-01
velocity 1.28226510205135291E+00 3.07807923480907242E-02
force 5.99999999999999978E-01 -8.29565118268417723E-01
position 0.00000000000000000E+00 0.00000000000000000E+00 0.00000000000000000E+00
quaternion 1.00000000000000000E+00 0.00000000000000000E+00 0.00000000000000000E+00 0.00000000000000000E+00
position 6.19736331023402087E-01 1.16859319027645153E-01 9.63790629621950723E-01
quaternion 9.22268427516109379E-01 1.02498315213092980E-01 -3.04385508665159954E-01 2.15091852705052933E-01
position 9.48697148883364316E-01 4.13058606801784967E-02 1.27375265188377940E+00
quaternion 7.57110274501556213E-01 1.71376229734889890E-01 -6.08287450571326049E-01 1.65531258689919358E-01
position 5.31647689698160231E-01 3.84605448170204367E-02 1.46365171131001182E+00
quaternion 7.57110274501556213E-01 1.71376229734889890E-01 -6.08287450571326049E-01 1.65531258689919358E-01
position 6.76222123730291669E-01 5.53014615847202823E-02 7.39170766798151857E-01
quaternion 7.29674363214633526E-01 -3.05940579772877419E-01 -2.44855381449140125E-01 5.60376237443158121E-01
unchanged_qpos 1.70966582606515427E-02 -4.21166050467788211E-01 5.49220765709035330E-03 -7.16094243463877733E-01 -4.50482144663710948E-01
unchanged_qvel -5.57506566109283952E-01 3.07807923480907242E-02 5.72259584912379715E-01 -1.29461008440949055E+00 -8.54562852281781193E-01
unchanged_time 1.25000000000000000E-01
act
step SUCCESS
step_clamped -1.00000000000000000E+00
qpos 1.60170845792841320E-02 -4.21086424212637422E-01 6.59213166715283752E-03 -7.18732307225532163E-01 -4.52204515729396239E-01
qvel -5.39786840683705416E-01 3.98131275753896910E-02 5.49962005031241929E-01 -1.31903188082721656E+00 -8.61185532842631773E-01
time 1.27000000000000002E-01
reset_qpos 0.00000000000000000E+00 0.00000000000000000E+00 0.00000000000000000E+00 0.00000000000000000E+00 0.00000000000000000E+00
reset_qvel 0.00000000000000000E+00 0.00000000000000000E+00 0.00000000000000000E+00 0.00000000000000000E+00 0.00000000000000000E+00
forward SUCCESS
forward_clamped -1.00000000000000000E+00
qacc -1.27748210440050292E+00 5.66818049428148107E+00 -4.27316315523688584E+00 5.09445455370386835E+00 -3.31220381648134321E+00
act_dot
mass 4.10522264896381639E+00 -2.16323425236658773E+00 1.15339526754506005E+00 1.39924356268275552E+00 2.48830121275116001E-01 -2.16323425236658773E+00 9.25000000000000178E+00 3.64142213863424402E+00 -1.31859187252199472E+00 2.14839325277804782E+00 1.15339526754506005E+00 3.64142213863424402E+00 5.64710776592044983E+00 -3.78729544260597240E-01 6.29526908536425012E-01 1.39924356268275552E+00 -1.31859187252199472E+00 -3.78729544260597240E-01 2.34623708086784966E+00 0.00000000000000000E+00 2.48830121275116001E-01 2.14839325277804782E+00 6.29526908536425012E-01 0.00000000000000000E+00 2.31999999999999940E+00
gravity -1.18974013133667178E+01 2.27128018465994863E+01 -1.55540372278851944E+01 -3.68619468708486853E+00 2.01996510458932876E+00
bias 2.78752279983333295E+00 -7.18387589779881708E-01 -6.99068537860768124E+00 -8.15317531804832463E+00 3.85542522808600019E-01
passive 2.68949317017145362E-01 1.83377549871667350E-01 -3.15038011431964637E-01 -4.64162187532119908E-01 -0.00000000000000000E+00
actuation -1.37999999999999989E+00 2.08089688754369817E+00 0.00000000000000000E+00 0.00000000000000000E+00 0.00000000000000000E+00
length 1.75539492893244620E+00 3.32693004609771581E-01
velocity 3.09291714569717113E+00 -1.83377549871667345E+00
force 5.99999999999999978E-01 2.08089688754369817E+00
position 0.00000000000000000E+00 0.00000000000000000E+00 0.00000000000000000E+00
quaternion 1.00000000000000000E+00 0.00000000000000000E+00 0.00000000000000000E+00 0.00000000000000000E+00
position -1.48614460581773133E-01 5.43276252176978280E-01 8.36125494191423346E-01
quaternion 8.11339190802951360E-01 1.46926894498465466E-01 -5.54217059871249584E-01 1.13950233382458299E-01
position -2.17578854356327844E-02 3.29451296109144087E-01 1.22107522792919387E+00
quaternion 9.47553991658959927E-01 1.01834141308557627E-01 -2.59940887273033217E-01 1.55569841803701259E-01
position -1.94037369460247494E-01 4.30264574574102610E-01 1.63357548522530660E+00
quaternion 9.47553991658959927E-01 1.01834141308557627E-01 -2.59940887273033217E-01 1.55569841803701259E-01
position -4.58148847603417675E-01 7.04251796012773990E-01 6.08564982751128358E-01
quaternion 7.25700291444689949E-01 -3.49605395288353882E-01 -4.64201485655224455E-01 3.68309836004753310E-01
unchanged_qpos -7.63215186492367970E-01 3.32693004609771581E-01 5.49074574010033345E-01 6.63088839331599900E-01 4.90723339943522907E-02
unchanged_qvel -1.34474658508572675E+00 -1.83377549871667345E+00 1.05012670477321546E+00 -5.79108219028286797E-01 5.59041842782072695E-01
unchanged_time 1.25000000000000000E-01
act
step SUCCESS
step_clamped -1.00000000000000000E+00
qpos -7.65909789590957013E-01 3.29048126334315350E-01 5.51157734766958840E-01 6.61951000711758164E-01 5.01771688646505121E-02
qvel -1.34730154929452772E+00 -1.82243913772811039E+00 1.04158037846274176E+00 -5.68919309920879024E-01 5.52417435149110014E-01
time 1.27000000000000002E-01
reset_qpos 0.00000000000000000E+00 0.00000000000000000E+00 0.00000000000000000E+00 0.00000000000000000E+00 0.00000000000000000E+00
reset_qvel 0.00000000000000000E+00 0.00000000000000000E+00 0.00000000000000000E+00 0.00000000000000000E+00 0.00000000000000000E+00
forward SUCCESS
forward_clamped -1.00000000000000000E+00
qacc 8.67666320001669433E+00 1.74250171095468254E+00 -1.14739399720565842E+01 -1.68849385775425187E+00 -3.03616990937441855E+00
act_dot
mass 1.41337444921458104E+01 -5.93029056835487989E+00 5.79928997800272228E+00 2.17141188558138998E+00 4.43094362925737006E-01 -5.93029056835487989E+00 9.25000000000000355E+00 -1.53898558822525899E+00 -2.48971107313990458E+00 1.29142171606150780E+00 5.79928997800272228E+00 -1.53898558822525899E+00 3.74715463717453678E+00 -6.93330562795292371E-02 6.29526908536425234E-01 2.17141188558138998E+00 -2.48971107313990458E+00 -6.93330562795292371E-02 2.34623708086784877E+00 0.00000000000000000E+00 4.43094362925737006E-01 1.29142171606150780E+00 6.29526908536425234E-01 0.00000000000000000E+00 2.31999999999999984E+00
gravity 3.41712026413759489E+01 -1.18269031626920302E+01 6.44668454719177109E-01 8.26893866313737114E+00 -9.13828123019072791E+00
bias -7.37541611925801099E+00 5.15014803727506010E+00 -2.22931551109132098E+00 -2.84260137319812012E+00 -5.77345214667356665E-01
passive 2.16753170003652240E-01 6.34767507673125869E-02 -3.08093368157537906E-01 -1.08343635405947158E-01 0.00000000000000000E+00
actuation -1.37999999999999989E+00 -2.19823875343633901E-01 0.00000000000000000E+00 0.00000000000000000E+00 0.00000000000000000E+00
length -1.51422704491455073E+00 -6.87961284126422434E-01
velocity 2.49266145504200054E+00 -6.34767507673125841E-01
force 5.99999999999999978E-01 -2.19823875343633901E-01
position 0.00000000000000000E+00 0.00000000000000000E+00 0.00000000000000000E+00
quaternion 1.00000000000000000E+00 0.00000000000000000E+00 0.00000000000000000E+00 0.00000000000000000E+00
position 9.65801563362582494E-01 3.32127315595334538E-01 8.71411676414517000E-01
quaternion 9.50791937444802948E-01 -5.94653041759318213E-02 -1.29844690232615578E-01 2.74952588108600904E-01
position 1.36535420313657063E+00 3.83264100828829779E-01 1.08991274562384843E+00
quaternion 9.57984669407413669E-01 -8.05442094683786330E-02 -5.59493080566160483E-02 2.69532332809011899E-01
position 1.28847174401153475E+00 6.53816904979720004E-01 1.45170034580519403E+00
quaternion 9.57984669407413669E-01 -8.05442094683786330E-02 -5.59493080566160483E-02 2.69532332809011899E-01
position 1.07226227000844743E+00 1.40706981986807977E-01 6.35235804272282323E-01
quaternion 6.65341610094629110E-01 -3.71975743367660316E-01 -3.22908762375271746E-02 6.46461048737335564E-01
unchanged_qpos 6.58359584745456861E-01 -6.87961284126422434E-01 -5.04566792773249562E-01 1.54776622008495957E-01 -5.70199500200376463E-01
unchanged_qvel -1.08376585001826120E+00 -6.34767507673125841E-01 1.02697789385845972E+00 1.96302261414442025E+00 -1.04898821180938651E+00
unchanged_time 1.25000000000000000E-01
act
step SUCCESS
step_clamped -1.00000000000000000E+00
qpos 6.08269009234468916E-01 -7.75956991325530088E-01 -5.12580618601063631E-01 5.17439051080878953E-01 -8.50883077150174860E-01
qvel 4.85477977024520779E-01 -2.71923827451068578E-01 -9.12589221055778554E-01 1.78406521817987684E+00 -1.79863359049176030E+00
time 3.25000000000000178E-01
reset_qpos 0.00000000000000000E+00 0.00000000000000000E+00 0.00000000000000000E+00 0.00000000000000000E+00 0.00000000000000000E+00
reset_qvel 0.00000000000000000E+00 0.00000000000000000E+00 0.00000000000000000E+00 0.00000000000000000E+00 0.00000000000000000E+00
forward SUCCESS
forward_clamped -1.00000000000000000E+00
qacc 9.47868924602101082E+00 3.23507156691244457E+00 -1.30219493710974508E+01 -1.10396859408637624E+01 -2.12792325369170321E+00
act_dot
mass 8.20230335200289851E+00 -4.87111044192442577E+00 3.05967153228864719E+00 2.50588373693239674E+00 -5.26999009677796559E-02 -4.87111044192442577E+00 9.25000000000000355E+00 -2.60592391417360125E-01 -2.31355884269781420E+00 1.87379742895169299E+00 3.05967153228864719E+00 -2.60592391417360125E-01 2.94911318275445344E+00 8.57637855872706023E-02 6.29526908536425567E-01 2.50588373693239674E+00 -2.31355884269781420E+00 8.57637855872706023E-02 2.34623708086785054E+00 0.00000000000000000E+00 -5.26999009677796559E-02 1.87379742895169299E+00 6.29526908536425567E-01 0.00000000000000000E+00 2.32000000000000028E+00
gravity -1.15324089066889401E+00 1.16274143898629454E+01 -1.11538543104722834E+01 -1.10515271539274860E+01 -7.49299720347814535E+00
bias 3.24186201279564568E+00 4.46748158420893327E-01 1.38501361775466769E+00 2.99983048961566245E-02 3.71421892325269898E-01
passive 6.49477641294134295E-02 -9.57934322161256291E-02 -1.32442690811893887E-01 1.89917178099571121E-01 0.00000000000000000E+00
actuation -1.37999999999999989E+00 -2.56694942216656186E+00 0.00000000000000000E+00 0.00000000000000000E+00 0.00000000000000000E+00
length -1.50627268356778254E-01 -4.29689090752571667E-01
velocity 7.46899287488254404E-01 9.57934322161256180E-01
force 5.99999999999999978E-01 -2.56694942216656186E+00
position 0.00000000000000000E+00 0.00000000000000000E+00 0.00000000000000000E+00
quaternion 1.00000000000000000E+00 0.00000000000000000E+00 0.00000000000000000E+00 0.00000000000000000E+00
position 6.40521581769641801E-01 9.67962167587295974E-02 9.52088034458212995E-01
quaternion 9.37491376379968377E-01 8.19032232207823202E-02 -2.81380321818006374E-01 1.87688294075134987E-01
position 9.78917131970163945E-01 9.97932009842508738E-03 1.24865384175696414E+00
quaternion 8.90824871804880680E-01 1.06533635169256666E-01 -4.05581081988583447E-01 1.74887444616277032E-01
position 6.86163704400770236E-01 8.30554375728015382E-02 1.59355282943486798E+00
quaternion 8.90824871804880680E-01 1.06533635169256666E-01 -4.05581081988583447E-01 1.74887444616277032E-01
position 8.95396274848165641E-01 -4.90224498188047142E-02 6.47871430132445303E-01
quaternion 7.47839388543320105E-01 -3.12536716065414111E-01 -2.07391330092283943E-01 5.47764444133382322E-01
unchanged_qpos 6.54901166768601106E-02 -4.29689090752571667E-01 -1.05448493342759742E-01 -2.71310254427958752E-01 -6.89960018804259501E-01
unchanged_qvel -3.24738820647067161E-01 9.57934322161256180E-01 4.41475636039646346E-01 -4.52980123667274803E-01 5.29344634967169103E-01
unchanged_time 1.25000000000000000E-01
act
step SUCCESS
step_clamped -1.00000000000000000E+00
qpos 6.48785537925500588E-02 -4.27760281821981503E-01 -1.04617629868164835E-01 -2.72260373419056734E-01 -6.88909841227339892E-01
qvel -3.05781442155025118E-01 9.64404465295081059E-01 4.15431737297451420E-01 -4.75059495549002342E-01 5.25088788459785683E-01
time 1.27000000000000002E-01
reset_qpos 0.00000000000000000E+00 0.00000000000000000E+00 0.00000000000000000E+00 0.00000000000000000E+00 0.00000000000000000E+00
reset_qvel 0.00000000000000000E+00 0.00000000000000000E+00 0.00000000000000000E+00 0.00000000000000000E+00 0.00000000000000000E+00
forward SUCCESS
forward_clamped -1.00000000000000000E+00
qacc -1.02553199357211056E+00 -2.04175860983379254E+00 -8.56999363490356991E-01 -1.91104855671013851E+00 -1.43776805074466218E+00
act_dot
mass 6.15243006046088592E+00 -4.20007564142194401E+00 2.58745165087091911E+00 2.33868839340065104E+00 -1.82890316543439235E-01 -4.20007564142194401E+00 9.25000000000000355E+00 1.45616258985512270E+00 -2.12334671487848858E+00 2.04341655216682572E+00 2.58745165087091911E+00 1.45616258985512270E+00 4.28061516763282590E+00 8.35670536986627965E-02 6.29526908536425234E-01 2.33868839340065104E+00 -2.12334671487848858E+00 8.35670536986627965E-02 2.34623708086785054E+00 0.00000000000000000E+00 -1.82890316543439235E-01 2.04341655216682572E+00 6.29526908536425234E-01 0.00000000000000000E+00 2.31999999999999895E+00
gravity -3.73803615980257531E+00 -1.45713159253893476E+01 -6.25349432102402325E+00 -3.69728701744671717E+00 -1.10737823275790355E+01
bias 2.47130795790490509E+00 1.61371885071317500E-01 4.94079744342235738E+00 -1.22513341008462162E+00 -3.49563640865683478E+00
passive -7.05939770523179438E-02 2.73979870463159081E-03 4.46046257983732708E-01 1.83136027111727717E-01 0.00000000000000000E+00
actuation 1.83999999999999986E+00 2.36475178388277057E-01 0.00000000000000000E+00 0.00000000000000000E+00 0.00000000000000000E+00
length -1.65084525419139982E+00 -3.79517428421343173E-02
velocity -8.11830736101656236E-01 -2.73979870463159081E-02
force -8.00000000000000044E-01 2.36475178388277057E-01
position 0.00000000000000000E+00 0.00000000000000000E+00 0.00000000000000000E+00
quaternion 1.00000000000000000E+00 0.00000000000000000E+00 0.00000000000000000E+00 0.00000000000000000E+00
position 3.62127425297357752E-01 1.81257567181946355E-01 9.66174309470297477E-01
quaternion 8.36124503442325584E-01 7.66455794427585990E-02 -1.24647586290394130E-01 5.28662698823349264E-01
position 6.94002770126748936E-01 4.15384049539350708E-01 1.17840895733280071E+00
quaternion 8.12722100801444691E-01 1.44948823970944995E-01 -2.32645638028274704E-01 5.14148453663670457E-01
position 4.58034805478792828E-01 3.88134145683305565E-01 1.57029741391163036E+00
quaternion 8.12722100801444691E-01 1.44948823970944995E-01 -2.32645638028274704E-01 5.14148453663670457E-01
position -5.35594697305460055E-01 -1.84953825544301370E-01 1.31498666938408393E+00
quaternion 4.80022870294882165E-01 -2.58525915685320795E-01 -1.67369812301070148E-01 8.21419345306180104E-01
unchanged_qpos 7.17758806170173846E-01 -3.79517428421343173E-02 7.80441496185479977E-02 -2.61622895873896755E-01 6.94107109900926167E-01
unchanged_qvel 3.52969885261589678E-01 -2.73979870463159081E-02 -1.48682085994577573E+00 1.00846884099974821E+00 -1.35116409930053960E+00
unchanged_time 1.25000000000000000E-01
act
step SUCCESS
step_clamped -1.00000000000000000E+00
qpos 7.18460643812722788E-01 -3.80147058506662833E-02 7.50670799012024825E-02 -2.59613602386124076E-01 6.91399030630122091E-01
qvel 3.50918821274445458E-01 -3.14815042659834926E-02 -1.48853485867275648E+00 1.00464674388632802E+00 -1.35403963540202898E+00
time 1.27000000000000002E-01
reset_qpos 0.00000000000000000E+00 0.00000000000000000E+00 0.00000000000000000E+00 0.00000000000000000E+00 0.00000000000000000E+00
reset_qvel 0.00000000000000000E+00 0.00000000000000000E+00 0.00000000000000000E+00 0.00000000000000000E+00 0.00000000000000000E+00
forward SUCCESS
forward_clamped -1.00000000000000000E+00
qacc 8.53535241592587486E-03 -1.36036103634589378E+00 -3.65120793929201493E-01 3.97541675694516439E+00 6.80455259094345011E-01
act_dot
mass 6.04653241270998976E+00 -3.23571643092865546E+00 8.82737022054282949E-01 1.34571931469018113E+00 1.70080134797321425E-01 -3.23571643092865546E+00 9.25000000000000355E+00 2.56564123647053455E+00 -1.77200060931709702E+00 2.16785460210007486E+00 8.82737022054282949E-01 2.56564123647053455E+00 4.30951300650152813E+00 -1.31881906460528775E-01 6.29526908536425012E-01 1.34571931469018113E+00 -1.77200060931709702E+00 -1.31881906460528775E-01 2.34623708086785010E+00 0.00000000000000000E+00 1.70080134797321425E-01 2.16785460210007486E+00 6.29526908536425012E-01 0.00000000000000000E+00 2.31999999999999984E+00
gravity -2.10786143824752230E+01 -1.71661825231203018E+01 -1.22570710271528167E+01 7.88576486112759145E+00 -1.14440376894695586E+01
bias -2.88731852064983627E+01 3.26476211004042582E+00 -6.49588301701222992E+00 -4.37117389821399271E+00 -1.01860968530170855E+01
passive 3.22451563070971059E-01 -3.68104743791395350E-02 3.86630574968014784E-01 -1.91745948229216756E-01 -0.00000000000000000E+00
actuation 1.38200910654278775E+00 1.60655343400124484E+00 0.00000000000000000E+00 0.00000000000000000E+00 0.00000000000000000E+00
length -1.77843226134078525E+00 5.55749098870966796E-01
velocity 3.70819297531616687E+00 3.68104743791395350E-01
force -6.00873524583820817E-01 1.60655343400124484E+00
position 0.00000000000000000E+00 0.00000000000000000E+00 0.00000000000000000E+00
quaternion 1.00000000000000000E+00 0.00000000000000000E+00 0.00000000000000000E+00 0.00000000000000000E+00
position -1.70869312287082797E-01 -1.01108903789249360E-01 1.10070139907673958E+00
quaternion 7.36486887308966165E-01 1.50337258497169446E-01 -1.05368915537087299E-01 6.51063103829454759E-01
position 8.33334374618764917E-02 2.12547084154896315E-01 1.31749827001091591E+00
quaternion 7.43976409420146534E-01 6.00374293190329075E-02 -3.82697868015011242E-03 6.65492271586417772E-01
position -7.36957987807539683E-02 2.95158854656037362E-01 1.74001112702206417E+00
quaternion 7.43976409420146534E-01 6.00374293190329075E-02 -3.82697868015011242E-03 6.65492271586417772E-01
position -5.61373187631092785E-01 -5.19758266305678895E-01 1.22418245403736869E+00
quaternion 3.53452912125703123E-01 -1.78465766710648205E-01 -2.27639746455684522E-01 8.89607303733412569E-01
unchanged_qpos 7.73231417974254542E-01 5.55749098870966796E-01 3.90767336228210693E-01 2.73922783184595398E-01 2.33955521453503401E-01
unchanged_qvel -1.61225781535485524E+00 3.68104743791395350E-01 -1.28876858322671595E+00 1.00180069587847420E-02 1.88879412000709834E+00
unchanged_time 1.25000000000000000E-01
act
step SUCCESS
step_clamped -1.00000000000000000E+00
qpos 7.70006936484954441E-01 5.56479866914404209E-01 3.88188338578581538E-01 2.73958720865540739E-01 2.37735831514553964E-01
qvel -1.61224074465002332E+00 3.65384021718703544E-01 -1.28949882481457445E+00 1.79688404726750725E-02 1.89015503052528699E+00
time 1.27000000000000002E-01
reset_qpos 0.00000000000000000E+00 0.00000000000000000E+00 0.00000000000000000E+00 0.00000000000000000E+00 0.00000000000000000E+00
reset_qvel 0.00000000000000000E+00 0.00000000000000000E+00 0.00000000000000000E+00 0.00000000000000000E+00 0.00000000000000000E+00
forward SUCCESS
forward_clamped -1.00000000000000000E+00
qacc 8.70124996925519700E-01 3.72090937816481970E+00 -3.59429870924405037E+00 4.44163594320744881E+00 -5.33067763559432972E+00
act_dot
mass 1.03756793516668786E+01 -6.29513062906497023E+00 4.77759837017293520E+00 1.87759735144266826E+00 2.53024743647589423E-01 -6.29513062906497023E+00 9.25000000000000178E+00 -1.92590213905522645E+00 -2.45903517923663584E+00 1.02535719322731134E+00 4.77759837017293520E+00 -1.92590213905522645E+00 3.43174248585254471E+00 -3.96716539425442938E-02 6.29526908536425234E-01 1.87759735144266826E+00 -2.45903517923663584E+00 -3.96716539425442938E-02 2.34623708086785010E+00 0.00000000000000000E+00 2.53024743647589423E-01 1.02535719322731134E+00 6.29526908536425234E-01 0.00000000000000000E+00 2.31999999999999940E+00
gravity -2.51735054489876937E+01 2.04562729888376218E+01 -1.79425810793320899E+01 6.70321566870075713E-02 -1.10934615550812605E+01
bias -2.37281010243087742E+00 1.02050856362263209E+00 5.84717144281303502E-01 -3.13801733903847602E+00 -3.47846245260314602E-01
passive -1.72490864018637530E-01 -7.42806279390846314E-02 -2.10769371328521943E-01 -6.47462780902785251E-02 0.00000000000000000E+00
actuation -1.37999999999999989E+00 4.50613605158784569E-01 0.00000000000000000E+00 0.00000000000000000E+00 0.00000000000000000E+00
length 7.13239810320485779E-01 -4.01417862150605154E-01
velocity -1.98364493621433136E+00 7.42806279390846314E-01
force 5.99999999999999978E-01 4.50613605158784569E-01
position 0.00000000000000000E+00 0.00000000000000000E+00 0.00000000000000000E+00
quaternion 1.00000000000000000E+00 0.00000000000000000E+00 0.00000000000000000E+00 0.00000000000000000E+00
position 4.19348163639606808E-01 -1.61324210155439074E-01 8.47968160492985068E-01
quaternion 9.38166114791569750E-01 4.65265887803695127E-02 -2.59893795836585784E-01 -2.23908089355888240E-01
position 5.95167818907239909E-01 -5.15219820153795638E-01 1.08001416034099318E+00
quaternion 9.49178124009419699E-01 5.68283046982746981E-02 -2.16243688831412040E-01 -2.21517718766833877E-01
position 5.80916132318588074E-01 -3.85480049522388124E-01 1.51929138641342298E+00
quaternion 9.49178124009419699E-01 5.68283046982746912E-02 -2.16243688831412012E-01 -2.21517718766833877E-01
position 4.04003772636027991E-01 -2.29578822268053651E-01 5.94115568797589311E-01
quaternion 9.34159860216955962E-01 -2.82828523780875585E-01 -7.40301452000833721E-02 2.04628735267123635E-01
unchanged_qpos -3.10104265356732967E-01 -4.01417862150605154E-01 -6.47435364510663414E-01 9.24946829861121866E-02 -4.89364585709648914E-01
unchanged_qvel 8.62454320093187565E-01 7.42806279390846314E-01 7.02564571095073198E-01 3.10596488289940353E-01 -1.64949525079197823E+00
unchanged_time 1.25000000000000000E-01
act
step SUCCESS
step_clamped -1.00000000000000000E+00
qpos -3.08375876216558875E-01 -3.99917365954310822E-01 -6.46044612563310250E-01 9.31336425064649004E-02 -4.92684898921775249E-01
qvel 8.64194570087038594E-01 7.50248098147175968E-01 6.95375973676585102E-01 3.19479760176355265E-01 -1.66015660606316695E+00
time 1.27000000000000002E-01
reset_qpos 0.00000000000000000E+00 0.00000000000000000E+00 0.00000000000000000E+00 0.00000000000000000E+00 0.00000000000000000E+00
reset_qvel 0.00000000000000000E+00 0.00000000000000000E+00 0.00000000000000000E+00 0.00000000000000000E+00 0.00000000000000000E+00
forward SUCCESS
forward_clamped -1.00000000000000000E+00
qacc -4.76183178966639176E+00 -7.64803588334500262E+00 -4.98769487821955426E+00 -3.31191326182125412E+00 -5.90203142007661441E-02
act_dot
mass 5.94978961446098786E+00 -5.10543766818841149E+00 2.27898924062908126E+00 2.39262498659819078E+00 -1.63176685460660165E-01 -5.10543766818841149E+00 9.25000000000000178E+00 -4.94544967348335418E-01 -2.39677394528534071E+00 1.74164371698185794E+00 2.27898924062908126E+00 -4.94544967348335418E-01 2.69728915376163236E+00 8.62348808978891102E-02 6.29526908536425456E-01 2.39262498659819078E+00 -2.39677394528534071E+00 8.62348808978891102E-02 2.34623708086785054E+00 0.00000000000000000E+00 -1.63176685460660165E-01 1.74164371698185794E+00 6.29526908536425456E-01 0.00000000000000000E+00 2.31999999999999984E+00
gravity -4.17801898584262599E+00 2.85253490162689394E+00 -6.32276383219848093E+00 -7.60328334695417496E+00 -8.64988273277706732E+00
bias 5.73979055174732622E+00 3.77772793600589978E+01 1.37340868220879067E+01 -6.04654292876344801E+00 7.31064286950902531E+00
passive -2.94058929785818102E-01 1.46863776331579432E-01 -4.74880124983556362E-01 1.91398461577636070E-01 0.00000000000000000E+00
actuation 1.83999999999999986E+00 -1.37784403348247220E+00 0.00000000000000000E+00 0.00000000000000000E+00 0.00000000000000000E+00
length -7.25465797755866060E-01 -1.37728859292351125E-01
velocity -3.38167769253690764E+00 -1.46863776331579432E+00
force -8.00000000000000044E-01 -1.37784403348247220E+00
position 0.00000000000000000E+00 0.00000000000000000E+00 0.00000000000000000E+00
quaternion 1.00000000000000000E+00 0.00000000000000000E+00 0.00000000000000000E+00 0.00000000000000000E+00
position 4.12197822214080634E-01 6.85632029648581831E-02 9.25850843156719172E-01
quaternion 9.43047446895272867E-01 4.17291764459085182E-02 -2.15725190728529137E-01 2.49765551713187789E-01
position 7.84275475475420425E-01 5.67971870970352122E-02 1.19309563882939895E+00
quaternion 9.04847460346547172E-01 7.53797894959335191E-02 -3.42238102079468753E-01 2.41747890011465488E-01
position 5.18184265189906790E-01 1.48982910630136772E-01 1.55461639920903361E+00
quaternion 9.04847460346547172E-01 7.53797894959335191E-02 -3.42238102079468753E-01 2.41747890011465488E-01
position 5.35283564168120174E-01 -5.88702932811086266E-02 6.68045246233994194E-01
quaternion 7.05358601806483132E-01 -3.23507385013840409E-01 -1.47428663769704288E-01 6.13251175129888804E-01
unchanged_qpos 3.15419912067767871E-01 -1.37728859292351125E-01 -2.14598693478033398E-01 -2.73426373682337243E-01 -5.58270049144075076E-01
unchanged_qvel 1.47029464892909045E+00 -1.46863776331579432E+00 1.58293374994518787E+00 1.41118728208502686E+00 1.49503515161097189E+00
unchanged_time 1.25000000000000000E-01
act
step SUCCESS
step_clamped -1.00000000000000000E+00
qpos 3.18341454038467364E-01 -1.40696726962516089E-01 -2.11452776757655891E-01 -2.70617246771214459E-01 -5.55280214922109883E-01
qvel 1.46077098534975769E+00 -1.48393383508248422E+00 1.57295836018874868E+00 1.40456345556138440E+00 1.49491711098257030E+00
time 1.27000000000000002E-01
reset_qpos 0.00000000000000000E+00 0.00000000000000000E+00 0.00000000000000000E+00 0.00000000000000000E+00 0.00000000000000000E+00
reset_qvel 0.00000000000000000E+00 0.00000000000000000E+00 0.00000000000000000E+00 0.00000000000000000E+00 0.00000000000000000E+00
forward SUCCESS
forward_clamped -1.00000000000000000E+00
qacc -7.40949233111416472E+00 -4.29436550003556761E+00 4.08792537456251992E+00 -2.40676822383087297E+00 -3.34677408987439140E+00
act_dot
mass 5.65175799242417742E+00 -5.34092383738766152E+00 1.86284900104893447E+00 2.24461035893797778E+00 -2.54149315857525981E-01 -5.34092383738766152E+00 9.25000000000000178E+00 -7.28420992006026058E-01 -2.29141606131345954E+00 1.29411812703284790E+00 1.86284900104893447E+00 -7.28420992006026058E-01 2.17871458718386890E+00 1.19099299664165409E-01 6.29526908536425234E-01 2.24461035893797778E+00 -2.29141606131345954E+00 1.19099299664165409E-01 2.34623708086785054E+00 0.00000000000000000E+00 -2.54149315857525981E-01 1.29411812703284790E+00 6.29526908536425234E-01 0.00000000000000000E+00 2.31999999999999984E+00
gravity -1.87389596194810863E+01 5.27586311474204450E+00 -3.67046148689416230E+00 -1.23641638851730846E+01 -8.81466634183532882E+00
bias -6.60806878566960854E-01 5.93398727696880535E+00 8.90526144778385320E-01 -4.44689084337893836E-01 4.63964450056417732E-02
passive -1.32317929833224227E-02 1.81307671363684531E-01 3.31123693036227629E-01 3.63335460864239013E-01 0.00000000000000000E+00
actuation 1.83999999999999986E+00 -1.36302700782771691E+00 0.00000000000000000E+00 0.00000000000000000E+00 0.00000000000000000E+00
length -5.78857786678684150E-01 1.75488537471153450E-02
velocity -1.52165619308207822E-01 -1.81307671363684531E+00
force -8.00000000000000044E-01 -1.36302700782771691E+00
position 0.00000000000000000E+00 0.00000000000000000E+00 0.00000000000000000E+00
quaternion 1.00000000000000000E+00 0.00000000000000000E+00 0.00000000000000000E+00 0.00000000000000000E+00
position 2.35945253082033429E-01 -7.94783940789872134E-02 8.95118980724713298E-01
quaternion 9.74648190738020670E-01 -7.76483468887094550E-03 -2.02550641507614176E-01 9.47304030299224442E-02
position 5.92616944805221979E-01 -2.03067411142480919E-01 1.15494788439903173E+00
quaternion 8.90030161213130389E-01 1.68050819808275020E-02 -4.45883583702037956E-01 9.35506875205879967E-02
position 2.98579578336512663E-01 -3.68628997526097291E-02 1.46465433818035051E+00
quaternion 8.90030161213130389E-01 1.68050819808274986E-02 -4.45883583702037956E-01 9.35506875205879967E-02
position -1.09708554080352183E-02 -1.51682236483560023E-02 8.05879631481130065E-01
quaternion 7.92512667617720101E-01 -3.47642184533129062E-01 -7.19058814859176582E-02 4.95881162584557444E-01
unchanged_qpos 2.51677298555949669E-01 1.75488537471153450E-02 -5.03044189939557684E-01 -5.19050658377484320E-01 -1.33902673541164696E-01
unchanged_qvel 6.61589649166121063E-02 -1.81307671363684531E+00 -1.10374564345409221E+00 -2.50139544857492346E-01 -9.54052507867828581E-01
unchanged_time 1.25000000000000000E-01
act
step SUCCESS
step_clamped -1.00000000000000000E+00
qpos 2.51779978516458447E-01 1.39055228578415114E-02 -5.05235329524967636E-01 -5.19560564540094583E-01 -1.35824165653259860E-01
qvel 5.13399802543837783E-02 -1.82166544463691649E+00 -1.09556979270496724E+00 -2.54953081305154095E-01 -9.60746056047577346E-01
time 1.27000000000000002E-01
reset_qpos 0.00000000000000000E+00 0.00000000000000000E+00 0.00000000000000000E+00 0.00000000000000000E+00 0.00000000000000000E+00
reset_qvel 0.00000000000000000E+00 0.00000000000000000E+00 0.00000000000000000E+00 0.00000000000000000E+00 0.00000000000000000E+00
forward SUCCESS
forward_clamped -1.00000000000000000E+00
qacc 1.77872804078459907E+01 9.59653597385552004E+00 -1.00166519875307074E+01 -6.30982064317956581E+00 -8.85273331571097444E+00
act_dot
mass 4.38961179508765387E+00 -2.68949919595048925E+00 1.29221205233851788E+00 2.34425090907526545E+00 -6.99644434858319730E-02 -2.68949919595048925E+00 9.25000000000000533E+00 2.91629640160770176E+00 -1.63228541485948986E+00 2.16637773301872416E+00 1.29221205233851788E+00 2.91629640160770176E+00 4.23783323794902334E+00 -1.79361382080540532E-01 6.29526908536425012E-01 2.34425090907526545E+00 -1.63228541485948986E+00 -1.79361382080540532E-01 2.34623708086785010E+00 0.00000000000000000E+00 -6.99644434858319730E-02 2.16637773301872416E+00 6.29526908536425012E-01 0.00000000000000000E+00 2.31999999999999984E+00
gravity 3.20892109680079063E+00 6.95948063816565110E+00 -1.28058386413981307E+01 2.03555562219134334E+00 -5.37596258978742991E+00
bias -2.01027947244422975E+01 6.64842970253365362E+00 -1.71373889294810198E+01 -1.15657314087021081E+01 1.61114477950219026E+00
passive -2.54159698618522334E-01 3.59655093754676115E-03 -4.99826988496047286E-01 -2.49597991329100488E-01 0.00000000000000000E+00
actuation 1.83999999999999986E+00 2.60832522003311995E+00 0.00000000000000000E+00 0.00000000000000000E+00 0.00000000000000000E+00
length -4.72449023216497566E-01 -7.97787532252612896E-02
velocity -2.92283653411300692E+00 -3.59655093754676081E-02
force -8.00000000000000044E-01 2.60832522003311995E+00
position 0.00000000000000000E+00 0.00000000000000000E+00 0.00000000000000000E+00
quaternion 1.00000000000000000E+00 0.00000000000000000E+00 0.00000000000000000E+00 0.00000000000000000E+00
position 2.51215696910626840E-01 2.55535977009303972E-01 9.74758098702936282E-01
quaternion 8.11516729693717687E-01 1.70402998006428968E-01 -2.88045923988191566E-01 4.78991608873708397E-01
position 5.45983905537636871E-01 3.75373393381388532E-01 1.30453180417395664E+00
quaternion 8.49736151638254000E-01 8.27570104406966656E-02 -1.39564786024297061E-01 5.01618799811092697E-01
position 3.54981900833404529E-01 4.42660113730838300E-01 1.71561662688525463E+00
quaternion 8.49736151638254000E-01 8.27570104406966517E-02 -1.39564786024297033E-01 5.01618799811092697E-01
position 2.64179240463234599E-01 2.07011642512098193E-01 7.77364582224910450E-01
quaternion 5.25123999357617333E-01 -2.46382964739973842E-01 -3.39970819423498383E-01 7.40243245106037451E-01
unchanged_qpos 2.05412618789781565E-01 -7.97787532252612896E-02 4.58225595518843454E-01 3.56568559041572142E-01 -3.60489641811216011E-01
unchanged_qvel 1.27079849309261173E+00 -3.59655093754676081E-02 1.66608996165349099E+00 -1.92638133574179315E+00 -5.92439364277820069E-01
unchanged_time 1.25000000000000000E-01
act
step SUCCESS
step_clamped -1.00000000000000000E+00
qpos 2.08025364897598181E-01 -7.98122981001168075E-02 4.61517708834200291E-01 3.52690557087515844E-01 -3.61709931473034485E-01
qvel 1.30637305390830361E+00 -1.67724374277565674E-02 1.64605665767842968E+00 -1.93900097702815222E+00 -6.10144830909241986E-01
time 1.27000000000000002E-01
lifecycle PASS
