create SUCCESS
reset_qpos 0.00000000000000000E+00 0.00000000000000000E+00 0.00000000000000000E+00 0.00000000000000000E+00 0.00000000000000000E+00
reset_qvel 0.00000000000000000E+00 0.00000000000000000E+00 0.00000000000000000E+00 0.00000000000000000E+00 0.00000000000000000E+00
forward SUCCESS
forward_clamped -1.00000000000000000E+00
qacc 0.00000000000000000E+00 0.00000000000000000E+00 0.00000000000000000E+00 0.00000000000000000E+00 0.00000000000000000E+00
act_dot
mass 5.28867521520865314E+00 -4.23461168198239069E+00 1.83098249647788069E+00 2.42010990176126217E+00 -2.08140524968375096E-01 -4.23461168198239069E+00 9.25000000000000533E+00 1.04395438688898756E+00 -2.32864824880587529E+00 1.97962581498295798E+00 1.83098249647788069E+00 1.04395438688898756E+00 3.08554756269371611E+00 2.19649732307758416E-04 6.29526908536425123E-01 2.42010990176126217E+00 -2.32864824880587529E+00 2.19649732307758416E-04 2.34623708086785054E+00 0.00000000000000000E+00 -2.08140524968375096E-01 1.97962581498295798E+00 6.29526908536425123E-01 0.00000000000000000E+00 2.31999999999999984E+00
gravity 0.00000000000000000E+00 0.00000000000000000E+00 0.00000000000000000E+00 0.00000000000000000E+00 0.00000000000000000E+00
bias 0.00000000000000000E+00 0.00000000000000000E+00 0.00000000000000000E+00 0.00000000000000000E+00 0.00000000000000000E+00
passive 0.00000000000000000E+00 -0.00000000000000000E+00 0.00000000000000000E+00 0.00000000000000000E+00 0.00000000000000000E+00
actuation 0.00000000000000000E+00 0.00000000000000000E+00 0.00000000000000000E+00 0.00000000000000000E+00 0.00000000000000000E+00
length -0.00000000000000000E+00 0.00000000000000000E+00
velocity 0.00000000000000000E+00 0.00000000000000000E+00
force 0.00000000000000000E+00 0.00000000000000000E+00
position 0.00000000000000000E+00 0.00000000000000000E+00 0.00000000000000000E+00
quaternion 1.00000000000000000E+00 0.00000000000000000E+00 0.00000000000000000E+00 0.00000000000000000E+00
position 2.00000000000000011E-01 9.99999999999999778E-02 9.00000000000000022E-01
quaternion 9.23380516876638580E-01 1.02597835208515425E-01 -3.07793505625546193E-01 2.05195670417030851E-01
position 5.26315789473684292E-01 1.57894736842105060E-02 1.21052631578947367E+00
quaternion 9.23380516876638580E-01 1.02597835208515425E-01 -3.07793505625546193E-01 2.05195670417030851E-01
position 3.00000000000000100E-01 9.99999999999999639E-02 1.60000000000000009E+00
quaternion 9.23380516876638580E-01 1.02597835208515425E-01 -3.07793505625546193E-01 2.05195670417030851E-01
position -1.58947368421052615E-01 1.52631578947368396E-01 8.08421052631579040E-01
quaternion 7.35767207381958888E-01 -3.06569669742482953E-01 -2.45255735793986324E-01 5.51825405536469304E-01
unchanged_qpos 0.00000000000000000E+00 0.00000000000000000E+00 0.00000000000000000E+00 0.00000000000000000E+00 0.00000000000000000E+00
unchanged_qvel -0.00000000000000000E+00 0.00000000000000000E+00 -0.00000000000000000E+00 -0.00000000000000000E+00 -0.00000000000000000E+00
unchanged_time 1.25000000000000000E-01
act
step SUCCESS
step_clamped -1.00000000000000000E+00
qpos 0.00000000000000000E+00 0.00000000000000000E+00 0.00000000000000000E+00 0.00000000000000000E+00 0.00000000000000000E+00
qvel 0.00000000000000000E+00 0.00000000000000000E+00 0.00000000000000000E+00 0.00000000000000000E+00 0.00000000000000000E+00
time 3.25000000000000178E-01
reset_qpos 0.00000000000000000E+00 0.00000000000000000E+00 0.00000000000000000E+00 0.00000000000000000E+00 0.00000000000000000E+00
reset_qvel 0.00000000000000000E+00 0.00000000000000000E+00 0.00000000000000000E+00 0.00000000000000000E+00 0.00000000000000000E+00
forward SUCCESS
forward_clamped -1.00000000000000000E+00
qacc -2.40294083204763265E+00 -1.98902573494782686E+00 5.08485734863669414E+00 5.04230014480180078E+00 -5.17959052011180088E-01
act_dot
mass 6.02337827999165221E+00 -2.64263025397337792E+00 2.21017259275957656E+00 2.66802962070375616E+00 -1.57444326294784498E-01 -2.64263025397337792E+00 9.25000000000000533E+00 2.76641762569112526E+00 -1.71897050204216484E+00 2.16661683257639837E+00 2.21017259275957656E+00 2.76641762569112526E+00 4.83436879763055938E+00 -2.47787965694280965E-01 6.29526908536425234E-01 2.66802962070375616E+00 -1.71897050204216484E+00 -2.47787965694280965E-01 2.34623708086785010E+00 0.00000000000000000E+00 -1.57444326294784498E-01 2.16661683257639837E+00 6.29526908536425234E-01 0.00000000000000000E+00 2.31999999999999895E+00
gravity 0.00000000000000000E+00 0.00000000000000000E+00 0.00000000000000000E+00 0.00000000000000000E+00 0.00000000000000000E+00
bias -1.70083387151165724E+01 6.51352451215629369E+00 -1.14811944945340372E+01 -7.57047937746563449E+00 2.31865623530541276E+00
passive 1.82091019930483711E-02 1.62722791613612389E-01 5.29608798439601403E-01 -3.27325676590035364E-01 0.00000000000000000E+00
actuation -1.37999999999999989E+00 -1.24120829247491593E+00 0.00000000000000000E+00 0.00000000000000000E+00 0.00000000000000000E+00
length 3.39035727071136592E-02 -2.22912325229820185E-01
velocity 2.09404672920056240E-01 -1.62722791613612383E+00
force 5.99999999999999978E-01 -1.24120829247491593E+00
position 0.00000000000000000E+00 0.00000000000000000E+00 0.00000000000000000E+00
quaternion 1.00000000000000000E+00 0.00000000000000000E+00 0.00000000000000000E+00 0.00000000000000000E+00
position 3.84672748326765290E-01 2.23293543780079706E-01 9.77931821842881965E-01
quaternion 8.52175975561016652E-01 1.56814152061312273E-01 -3.47321387960125294E-01 3.58571167071996211E-01
position 6.81370681016151392E-01 2.33805250277526827E-01 1.32701611075367798E+00
quaternion 9.09457398837490771E-01 6.94738937034724835E-02 -1.40439593981410787E-01 3.85145866180282903E-01
position 5.22973304341095235E-01 3.46824420082035845E-01 1.74190999877706165E+00
quaternion 9.09457398837490771E-01 6.94738937034724835E-02 -1.40439593981410787E-01 3.85145866180282903E-01
position 5.32277553329577602E-01 2.01302259395544192E-01 7.52678216138734424E-01
quaternion 6.20550365508638846E-01 -2.81417724157214832E-01 -3.49421818879025237E-01 6.43137388812485389E-01
unchanged_qpos -1.47406837857015915E-02 -2.22912325229820185E-01 3.73652896053330297E-01 4.67608109414336282E-01 -4.99706942610476046E-01
unchanged_qvel -9.10455099652418554E-02 -1.62722791613612383E+00 -1.76536266146533816E+00 1.59545497235630451E+00 1.36257150571589447E+00
unchanged_time 1.25000000000000000E-01
act
step SUCCESS
step_clamped -1.00000000000000000E+00
qpos -1.49323747240583705E-02 -2.26174732039497506E-01 3.70142498848384571E-01 4.70819177650782794E-01 -4.96983872348752520E-01
qvel -9.58454691783895557E-02 -1.63120340483866322E+00 -1.75519860247285275E+00 1.60553411822326919E+00 1.36153513086176781E+00
time 1.27000000000000002E-01
reset_qpos 0.00000000000000000E+00 0.00000000000000000E+00 0.00000000000000000E+00 0.00000000000000000E+00 0.00000000000000000E+00
reset_qvel 0.00000000000000000E+00 0.00000000000000000E+00 0.00000000000000000E+00 0.00000000000000000E+00 0.00000000000000000E+00
forward SUCCESS
forward_clamped -1.00000000000000000E+00
qacc -6.76608750124713509E+00 -3.10099935350326383E+00 3.91153053615142854E+00 5.81941545419674533E+00 2.96552886385739622E+00
act_dot
mass 4.37205228648116506E+00 -2.90079253802106773E+00 1.31607635762025499E+00 1.44571406327686924E+00 -1.65052215642808697E-01 -2.90079253802106773E+00 9.25000000000000355E+00 2.12927838632148392E+00 -1.68926632747058947E+00 2.08774857647639278E+00 1.31607635762025499E+00 2.12927838632148392E+00 5.95098895039841036E+00 -4.49669845987099526E-01 6.29526908536425234E-01 1.44571406327686924E+00 -1.68926632747058947E+00 -4.49669845987099526E-01 2.34623708086785054E+00 0.00000000000000000E+00 -1.65052215642808697E-01 2.08774857647639278E+00 6.29526908536425234E-01 0.00000000000000000E+00 2.31999999999999984E+00
gravity 0.00000000000000000E+00 0.00000000000000000E+00 0.00000000000000000E+00 0.00000000000000000E+00 0.00000000000000000E+00
bias 8.93910908826997286E+00 5.44839042745238089E+00 -7.18406329036994773E+00 -7.93535198360767691E+00 -4.02402800539887728E+00
passive -3.86093343314748372E-01 -1.23766050631660116E-01 -3.02454018423289096E-02 -5.34285336412525735E-01 0.00000000000000000E+00
actuation 1.83999999999999986E+00 1.53807694346169166E+00 0.00000000000000000E+00 0.00000000000000000E+00 0.00000000000000000E+00
length 1.74754985892727466E+00 4.91780610384516592E-01
velocity -4.44007344811960536E+00 1.23766050631660107E+00
force -8.00000000000000044E-01 1.53807694346169166E+00
position 0.00000000000000000E+00 0.00000000000000000E+00 0.00000000000000000E+00
quaternion 1.00000000000000000E+00 0.00000000000000000E+00 0.00000000000000000E+00 0.00000000000000000E+00
position -2.71348662266530094E-01 5.25463207629004225E-01 7.11063193310499386E-01
quaternion 8.59144444886857928E-01 1.39935998752146296E-01 -4.87354336549118250E-01 -6.90976824507238685E-02
position -1.47321648034105079E-01 2.15845156169154728E-01 1.02531462441431453E+00
quaternion 9.78844057879196261E-01 1.55603169442286665E-01 -1.32316805008913685E-01 -1.20094598686523724E-02
position -1.59494433844073941E-01 2.79055918701460071E-01 1.47902843595823175E+00
quaternion 9.78844057879196261E-01 1.55603169442286665E-01 -1.32316805008913685E-01 -1.20094598686523741E-02
position -3.19726587090801428E-01 6.19105289571690864E-01 5.30967433102672137E-01
quaternion 8.43547911246703586E-01 -3.13037133267149215E-01 -3.55447188433710426E-01 2.53163920932226783E-01
unchanged_qpos -7.59804286490119440E-01 4.91780610384516592E-01 1.44658805822958536E-01 7.63264766303608289E-01 -2.53966642830089406E-01
unchanged_qvel 1.93046671657374169E+00 1.23766050631660107E+00 1.00818006141096372E-01 8.88497426543217728E-01 1.48799520065851443E+00
unchanged_time 1.25000000000000000E-01
act
step SUCCESS
step_clamped -1.00000000000000000E+00
qpos -7.55970410755141042E-01 4.94243530505211859E-01 1.44876083719899768E-01 7.65065036143527832E-01 -2.50978791484843589E-01
qvel 1.91693786748918082E+00 1.23146006034764399E+00 1.08638948470614852E-01 9.00134919959763358E-01 1.49392567262289577E+00
time 1.27000000000000002E-01
reset_qpos 0.00000000000000000E+00 0.00000000000000000E+00 0.00000000000000000E+00 0.00000000000000000E+00 0.00000000000000000E+00
reset_qvel 0.00000000000000000E+00 0.00000000000000000E+00 0.00000000000000000E+00 0.00000000000000000E+00 0.00000000000000000E+00
forward SUCCESS
forward_clamped -1.00000000000000000E+00
qacc 4.85016584057634947E+00 1.19981790805513833E+00 -2.46078895528140684E+00 -1.51834306815399644E+00 -1.29149188835839057E+00
act_dot
mass 7.57274080224348367E+00 -3.87866897132825317E+00 1.82160104392433908E+00 1.73439383420767057E+00 -3.52280102394297967E-01 -3.87866897132825317E+00 9.25000000000000355E+00 9.44271738510073511E-01 -1.07685415010949970E+00 2.16716990606802185E+00 1.82160104392433908E+00 9.44271738510073511E-01 2.11443978305184732E+00 1.12893512306853128E-01 6.29526908536425123E-01 1.73439383420767057E+00 -1.07685415010949970E+00 1.12893512306853128E-01 2.34623708086785143E+00 0.00000000000000000E+00 -3.52280102394297967E-01 2.16716990606802185E+00 6.29526908536425123E-01 0.00000000000000000E+00 2.31999999999999984E+00
gravity 0.00000000000000000E+00 0.00000000000000000E+00 0.00000000000000000E+00 0.00000000000000000E+00 0.00000000000000000E+00
bias -2.30356968236862762E+01 1.12015136734226655E+01 -4.01399579997470468E+00 -2.48364314934753905E+00 3.38004702375477883E+00
passive 3.14774736926740240E-01 1.38398683466202738E-01 -3.77646017851836657E-01 5.05767935106376743E-01 0.00000000000000000E+00
actuation 1.83999999999999986E+00 -4.06719395708345588E-01 0.00000000000000000E+00 0.00000000000000000E+00 0.00000000000000000E+00
length -1.08171566921674689E+00 -6.20421712219347499E-01
velocity 3.61990947465751223E+00 -1.38398683466202721E+00
force -8.00000000000000044E-01 -4.06719395708345588E-01
position 0.00000000000000000E+00 0.00000000000000000E+00 0.00000000000000000E+00
quaternion 1.00000000000000000E+00 0.00000000000000000E+00 0.00000000000000000E+00 0.00000000000000000E+00
position 7.70196578023247147E-01 4.92207944466111713E-01 9.60606931609767178E-01
quaternion 7.76884757210861365E-01 1.68467043453774501E-01 -2.04150383400966140E-01 5.71306879216943897E-01
position 1.05456333362320476E+00 7.12172218851170546E-01 1.24477460447881239E+00
quaternion 6.54579655702670848E-01 3.59524438927728229E-01 -4.65567158817622506E-01 4.74884062466157997E-01
position 7.67602224597327965E-01 4.33814230028928660E-01 1.46876155044994627E+00
quaternion 6.54579655702670848E-01 3.59524438927728229E-01 -4.65567158817622506E-01 4.74884062466157997E-01
position 6.96806649169902537E-01 3.74466501188237433E-01 8.06480401234231148E-01
quaternion 4.41523454780030244E-01 -2.10648120762624985E-01 -2.95060093772072207E-01 8.20745971151547682E-01
unchanged_qpos 4.70311160529020444E-01 -6.20421712219347499E-01 4.49107616056065417E-01 -7.22525621580538235E-01 -2.58412182216923969E-01
unchanged_qvel -1.57387368463370114E+00 -1.38398683466202721E+00 1.25882005950612230E+00 -1.69860048234671268E-02 -7.69631008729732002E-04
unchanged_time 1.25000000000000000E-01
act
step SUCCESS
step_clamped -1.00000000000000000E+00
qpos 4.67182809059348447E-01 -6.23184889198950098E-01 4.51615421114467785E-01 -7.22565665015506342E-01 -2.58418887954638965E-01
qvel -1.56417573483599748E+00 -1.38158848980130222E+00 1.25390252920117362E+00 -2.00217174840304837E-02 -3.35286885748677013E-03
time 1.27000000000000002E-01
reset_qpos 0.00000000000000000E+00 0.00000000000000000E+00 0.00000000000000000E+00 0.00000000000000000E+00 0.00000000000000000E+00
reset_qvel 0.00000000000000000E+00 0.00000000000000000E+00 0.00000000000000000E+00 0.00000000000000000E+00 0.00000000000000000E+00
forward SUCCESS
forward_clamped -1.00000000000000000E+00
qacc 5.05071134988504156E+00 1.58123435605182650E+00 -4.50655680847477935E+00 -3.87552422897897308E+00 5.93127118080364224E-01
act_dot
mass 6.11494284376692931E+00 -4.31447866715784389E+00 2.41658009533620799E+00 2.31752061233422424E+00 -3.17841719828343472E-01 -4.31447866715784389E+00 9.25000000000000355E+00 1.20460643985772853E+00 -2.43159655020976828E+00 1.84634469666334633E+00 2.41658009533620799E+00 1.20460643985772853E+00 4.00539970515580634E+00 2.68540224257411697E-02 6.29526908536425234E-01 2.31752061233422424E+00 -2.43159655020976828E+00 2.68540224257411697E-02 2.34623708086785010E+00 0.00000000000000000E+00 -3.17841719828343472E-01 1.84634469666334633E+00 6.29526908536425234E-01 0.00000000000000000E+00 2.31999999999999984E+00
gravity 0.00000000000000000E+00 0.00000000000000000E+00 0.00000000000000000E+00 0.00000000000000000E+00 0.00000000000000000E+00
bias -5.47704344760768969E+00 -1.23913245648039450E+00 3.96844490774242775E+00 1.16973983810647475E+00 -1.45043520172530194E-01
passive 2.31236099621937807E-01 -1.75876095389389975E-01 7.23685670735397940E-02 4.88677590345652363E-02 -0.00000000000000000E+00
actuation -1.37999999999999989E+00 -3.31648685700876555E+00 0.00000000000000000E+00 0.00000000000000000E+00 0.00000000000000000E+00
length 1.59989423455457480E+00 1.87200213369355772E-01
velocity 2.65921514565228456E+00 1.75876095389389953E+00
force 5.99999999999999978E-01 -3.31648685700876555E+00
position 0.00000000000000000E+00 0.00000000000000000E+00 0.00000000000000000E+00
quaternion 1.00000000000000000E+00 0.00000000000000000E+00 0.00000000000000000E+00 0.00000000000000000E+00
position -7.80173090667453106E-02 2.47250410390085495E-01 7.31763764070092693E-01
quaternion 8.82477684231225967E-01 1.28290359267548421E-01 -4.21466814940864021E-01 -1.64743571821480916E-01
position 4.30239416639183470E-02 -1.03628055335414637E-01 1.00052633198399632E+00
quaternion 8.67231594337767975E-01 1.22462916876437830E-01 -4.52007191364116323E-01 -1.69120355745873363E-01
position -1.97198250261951563E-01 1.47201984817274256E-02 1.37239591843166986E+00
quaternion 8.67231594337767975E-01 1.22462916876437830E-01 -4.52007191364116323E-01 -1.69120355745873363E-01
position -6.20673248422682677E-01 9.04199813955433696E-01 8.32626914732645496E-01
quaternion 8.98138475852523710E-01 -2.85426154686060862E-01 -2.69101456072773859E-01 1.98654460694814322E-01
unchanged_qpos -6.95606188936771730E-01 1.87200213369355772E-01 -1.29724065228960739E-01 -6.98110843350931987E-02 5.17770478951830482E-01
unchanged_qvel -1.15618049810968904E+00 1.75876095389389953E+00 -2.41228556911799341E-01 -2.67312951801423893E-02 6.84741741509882651E-01
unchanged_time 1.25000000000000000E-01
act
step SUCCESS
step_clamped -1.00000000000000000E+00
qpos -6.97898359780510513E-01 1.90724054280599492E-01 -1.30224536421623488E-01 -6.98800427737036600E-02 5.19142334630421809E-01
qvel -1.14608542186941054E+00 1.76192045562185484E+00 -2.50235596331378540E-01 -3.44792193052292500E-02 6.85927839295679354E-01
time 1.27000000000000002E-01
reset_qpos 0.00000000000000000E+00 0.00000000000000000E+00 0.00000000000000000E+00 0.00000000000000000E+00 0.00000000000000000E+00
reset_qvel 0.00000000000000000E+00 0.00000000000000000E+00 0.00000000000000000E+00 0.00000000000000000E+00 0.00000000000000000E+00
forward SUCCESS
forward_clamped -1.00000000000000000E+00
qacc 1.59225701601778646E+00 4.29905447767954585E-01 -1.46357126265417326E+00 -1.56505154476235808E-01 1.40193601471489182E+00
act_dot
mass 7.50496969152055726E+00 -4.65658478759173988E+00 3.83549833825798414E+00 1.89886929500502988E+00 -5.22694025864578027E-01 -4.65658478759173988E+00 9.25000000000000178E+00 5.48099854382446905E-01 -2.32409982757942446E+00 1.37239058403332392E+00 3.83549833825798414E+00 5.48099854382446905E-01 5.63187874981800363E+00 -1.91290200878622918E-01 6.29526908536425345E-01 1.89886929500502988E+00 -2.32409982757942446E+00 -1.91290200878622918E-01 2.34623708086785054E+00 0.00000000000000000E+00 -5.22694025864578027E-01 1.37239058403332392E+00 6.29526908536425345E-01 0.00000000000000000E+00 2.31999999999999940E+00
gravity 0.00000000000000000E+00 0.00000000000000000E+00 0.00000000000000000E+00 0.00000000000000000E+00 0.00000000000000000E+00
bias -1.36850635234269147E+00 1.97648509857701971E+00 1.19564409231023605E+00 -2.19314985936488549E+00 -1.91528178733740972E+00
passive 8.22212228930219191E-04 -1.30569616492104940E-01 3.13036919726340956E-01 -2.63572256657815973E-01 -0.00000000000000000E+00
actuation 1.83999999999999986E+00 2.75485304479753945E-01 0.00000000000000000E+00 0.00000000000000000E+00 0.00000000000000000E+00
length 1.31255490779257444E+00 3.02298088766919992E-01
velocity 9.45544063269752010E-03 1.30569616492104945E+00
force -8.00000000000000044E-01 2.75485304479753945E-01
position 0.00000000000000000E+00 0.00000000000000000E+00 0.00000000000000000E+00
quaternion 1.00000000000000000E+00 0.00000000000000000E+00 0.00000000000000000E+00 0.00000000000000000E+00
position -2.29610263495546585E-01 1.87373093831171456E-01 6.53525599833675308E-01
quaternion 9.02884286447920403E-01 9.81727158770461933E-02 -3.31578314926602336E-01 -2.55377963444752387E-01
position -1.13839452352699683E-01 -1.93979708374757254E-01 8.79727190316618390E-01
quaternion 9.48987331992470873E-01 1.44233475020110996E-01 -1.56739456940321847E-01 -2.32491916073414295E-01
position -9.61749802174407808E-02 -1.52917882035402741E-01 1.33579943551671754E+00
quaternion 9.48987331992470873E-01 1.44233475020110996E-01 -1.56739456940321847E-01 -2.32491916073414295E-01
position -6.50309949803790754E-01 9.49229054196271571E-01 9.11746206877462217E-01
quaternion 9.40600166855782294E-01 -2.61694689429386784E-01 -1.55391534604889497E-01 1.50468224580702303E-01
unchanged_qpos -5.70676046866336772E-01 3.02298088766919992E-01 -4.58029544793012666E-01 3.76531795225451438E-01 5.68840265225756259E-01
unchanged_qvel -4.11106114465109584E-03 1.30569616492104945E+00 -1.04345639908780319E+00 -7.59536364118530649E-01 4.54836557546027365E-01
unchanged_time 1.25000000000000000E-01
act
step SUCCESS
step_clamped -1.00000000000000000E+00
qpos -5.70677903046614032E-01 3.04911199428770763E-01 -4.60122308893016307E-01 3.75012097939827815E-01 5.69755545343099135E-01
qvel -9.28090138627275362E-04 1.30655533092539211E+00 -1.04638205000180995E+00 -7.59848642811806418E-01 4.57640058671436367E-01
time 1.27000000000000002E-01
reset_qpos 0.00000000000000000E+00 0.00000000000000000E+00 0.00000000000000000E+00 0.00000000000000000E+00 0.00000000000000000E+00
reset_qvel 0.00000000000000000E+00 0.00000000000000000E+00 0.00000000000000000E+00 0.00000000000000000E+00 0.00000000000000000E+00
forward SUCCESS
forward_clamped -1.00000000000000000E+00
qacc -2.07214465757969424E-01 9.53749822579414541E-01 4.90006799197480580E-01 7.86274055431408381E-01 -1.37319810852414759E+00
act_dot
mass 6.33215169585591031E+00 -3.78832642490385263E+00 -3.52669491917907918E-01 1.70876152813314164E+00 1.97037653743148133E-01 -3.78832642490385263E+00 9.25000000000000178E+00 7.93280453310513334E-01 -1.25431142686170216E+00 2.16599909692752313E+00 -3.52669491917907918E-01 7.93280453310513334E-01 2.84235298554764082E+00 1.16709860481389427E-01 6.29526908536425456E-01 1.70876152813314164E+00 -1.25431142686170216E+00 1.16709860481389427E-01 2.34623708086785054E+00 0.00000000000000000E+00 1.97037653743148133E-01 2.16599909692752313E+00 6.29526908536425456E-01 0.00000000000000000E+00 2.32000000000000073E+00
gravity 0.00000000000000000E+00 0.00000000000000000E+00 0.00000000000000000E+00 0.00000000000000000E+00 0.00000000000000000E+00
bias 2.51285917494343147E+00 -6.21367499533938794E+00 -1.43959640827452562E+00 -2.37783782065497107E-02 6.83038691780036955E-01
passive 2.20627229586713575E-02 -1.13612437053165049E-02 2.02369931401979564E-01 4.75952927012641192E-01 0.00000000000000000E+00
actuation -1.37999999999999989E+00 -4.88438147282682811E-01 0.00000000000000000E+00 0.00000000000000000E+00 0.00000000000000000E+00
length -1.20250820634014799E+00 7.14767341450149196E-01
velocity 2.53721314024720535E-01 1.13612437053165038E-01
force 5.99999999999999978E-01 -4.88438147282682811E-01
position 0.00000000000000000E+00 0.00000000000000000E+00 0.00000000000000000E+00
quaternion 1.00000000000000000E+00 0.00000000000000000E+00 0.00000000000000000E+00 0.00000000000000000E+00
position -4.03979687508030150E-01 -1.01951189749690529E-01 1.02594636357518731E+00
quaternion 7.92250982914298407E-01 1.50818317916206618E-01 -1.85954701835975733E-01 5.61260246158007958E-01
position -1.07106610551927772E-01 1.21672398437332185E-01 1.29401140602753140E+00
quaternion 6.84899595304242936E-01 3.29341619971730781E-01 -4.39492110754747034E-01 4.78845827266791202E-01
position -3.95320968366057790E-01 -1.25599563689412858E-01 1.55050518898489331E+00
quaternion 6.84899595304242936E-01 3.29341619971730781E-01 -4.39492110754747034E-01 4.78845827266791202E-01
position -6.05607393613313283E-02 -9.73919000284650949E-03 6.74520778618947103E-01
quaternion 4.52789318635166582E-01 -2.19187332459748169E-01 -2.67160569769056333E-01 8.21926989567659083E-01
unchanged_qpos 5.22829654930499155E-01 7.14767341450149196E-01 3.67373255265298182E-01 -6.79932752875201718E-01 -7.75526714914497428E-01
unchanged_qvel -1.10313614793356773E-01 1.13612437053165038E-01 -6.74566438006598545E-01 1.80455394414508552E+00 -8.14920001316107090E-01
unchanged_time 1.25000000000000000E-01
act
step SUCCESS
step_clamped -1.00000000000000000E+00
qpos 5.22608198792346323E-01 7.14998381201440103E-01 3.66026081978350182E-01 -6.76320499897247074E-01 -7.77162047472371054E-01
qvel -1.10728069076420826E-01 1.15519875645461303E-01 -6.73586643474001323E-01 1.80612648897733075E+00 -8.17666278936832525E-01
time 1.27000000000000002E-01
reset_qpos 0.00000000000000000E+00 0.00000000000000000E+00 0.00000000000000000E+00 0.00000000000000000E+00 0.00000000000000000E+00
reset_qvel 0.00000000000000000E+00 0.00000000000000000E+00 0.00000000000000000E+00 0.00000000000000000E+00 0.00000000000000000E+00
forward SUCCESS
forward_clamped -1.00000000000000000E+00
qacc -2.13997149617445404E+00 -1.37009816809848495E+00 1.41552572388598508E+00 3.11498953350117747E+00 2.53730309964643519E+00
act_dot
mass 8.66335835300894352E+00 -4.48151201433757862E+00 4.97961909210251097E+00 2.13440969276689296E+00 -1.01885973379743366E-01 -4.48151201433757862E+00 9.25000000000000178E+00 7.09752176402963286E-01 -2.25656762579406100E+00 1.48722743830860882E+00 4.97961909210251097E+00 7.09752176402963286E-01 5.84719276136615829E+00 -2.38042266287110754E-01 6.29526908536424790E-01 2.13440969276689296E+00 -2.25656762579406100E+00 -2.38042266287110754E-01 2.34623708086785010E+00 0.00000000000000000E+00 -1.01885973379743366E-01 1.48722743830860882E+00 6.29526908536424790E-01 0.00000000000000000E+00 2.31999999999999984E+00
gravity 0.00000000000000000E+00 0.00000000000000000E+00 0.00000000000000000E+00 0.00000000000000000E+00 0.00000000000000000E+00
bias 9.72036028046825429E-01 5.31829866447648492E+00 3.18254052013001054E+00 -5.69392515309843184E+00 -4.67221147235368406E+00
passive -3.36464683726717326E-02 -1.52359944507493156E-01 5.02223659401896283E-01 -3.16584687198062098E-01 -0.00000000000000000E+00
actuation 1.83999999999999986E+00 4.74230502529528142E-01 0.00000000000000000E+00 0.00000000000000000E+00 0.00000000000000000E+00
length -1.06078761444195413E+00 -1.73515912565325392E-01
velocity -3.86934386285724907E-01 1.52359944507493150E+00
force -8.00000000000000044E-01 4.74230502529528142E-01
position 0.00000000000000000E+00 0.00000000000000000E+00 0.00000000000000000E+00
quaternion 1.00000000000000000E+00 0.00000000000000000E+00 0.00000000000000000E+00 0.00000000000000000E+00
position 4.85470540659733885E-01 4.70284832729022106E-02 9.28575936301977212E-01
quaternion 9.55541092712670181E-01 -9.50783412683466750E-03 -1.73130138368842279E-01 2.38488524705232213E-01
position 8.72945586634399140E-01 4.69998108964942221E-02 1.17324528036621811E+00
quaternion 9.70031359082294875E-01 -6.27371921307685598E-02 4.55190846908671218E-02 2.30285084296418530E-01
position 8.95195148073784641E-01 3.25390071515262169E-01 1.53656857965814275E+00
quaternion 9.70031359082294875E-01 -6.27371921307685598E-02 4.55190846908671148E-02 2.30285084296418530E-01
position -3.44656219679907394E-01 2.68640960356008485E-01 1.12164761991907680E+00
quaternion 7.03863915272530338E-01 -3.47649703612955052E-01 -8.31061084216902918E-02 6.13847413530472452E-01
unchanged_qpos 4.61212006279110520E-01 -1.73515912565325392E-01 -3.88690194271336165E-01 4.52263838854374489E-01 5.40971463781719564E-01
unchanged_qvel 1.68232341863358670E-01 1.52359944507493150E+00 -1.67407886467298761E+00 -1.61885923649450092E+00 9.03100861196181270E-01
unchanged_time 1.25000000000000000E-01
act
step SUCCESS
step_clamped -1.00000000000000000E+00
qpos 4.61539918684435724E-01 -1.70474190857452162E-01 -3.92032697572872901E-01 4.49038575727786438E-01 5.42787815075213342E-01
qvel 1.63956202662598027E-01 1.52086085393661641E+00 -1.67125165076836080E+00 -1.61263156329401691E+00 9.08175646746916865E-01
time 1.27000000000000002E-01
reset_qpos 0.00000000000000000E+00 0.00000000000000000E+00 0.00000000000000000E+00 0.00000000000000000E+00 0.00000000000000000E+00
reset_qvel 0.00000000000000000E+00 0.00000000000000000E+00 0.00000000000000000E+00 0.00000000000000000E+00 0.00000000000000000E+00
forward SUCCESS
forward_clamped -1.00000000000000000E+00
qacc -3.97648313070449522E+00 -2.31600887388964249E+00 2.83394685340165875E+00 3.12245166448686806E+00 1.08969227806222446E+00
act_dot
mass 8.49280117051505457E+00 -5.31328384235196260E+00 2.94535760548682024E+00 2.19688108192255438E+00 1.70918282964021173E-01 -5.31328384235196260E+00 9.25000000000000178E+00 -6.53479549846713526E-01 -2.40834341058031676E+00 1.47611958495799422E+00 2.94535760548682024E+00 -6.53479549846713526E-01 2.29546366346317443E+00 1.04770361321384620E-01 6.29526908536425234E-01 2.19688108192255438E+00 -2.40834341058031676E+00 1.04770361321384620E-01 2.34623708086785054E+00 0.00000000000000000E+00 1.70918282964021173E-01 1.47611958495799422E+00 6.29526908536425234E-01 0.00000000000000000E+00 2.31999999999999984E+00
gravity 0.00000000000000000E+00 0.00000000000000000E+00 0.00000000000000000E+00 0.00000000000000000E+00 0.00000000000000000E+00
bias 7.93479115270691970E+00 9.70650684131385155E+00 2.93105754600812984E+00 -3.92649244445409540E+00 7.65154123579641077E-02
passive 1.50841116726343483E-01 5.90979028385717753E-02 5.35485151366232648E-01 2.60909566574687390E-01 0.00000000000000000E+00
actuation 1.83999999999999986E+00 1.45061594106072511E+00 0.00000000000000000E+00 0.00000000000000000E+00 0.00000000000000000E+00
length -1.12923516618247222E+00 -4.93931385683012203E-01
velocity 1.73467284235294983E+00 -5.90979028385717697E-01
force -8.00000000000000044E-01 1.45061594106072511E+00
position 0.00000000000000000E+00 0.00000000000000000E+00 0.00000000000000000E+00
quaternion 1.00000000000000000E+00 0.00000000000000000E+00 0.00000000000000000E+00 0.00000000000000000E+00
position 7.82508876758872707E-01 1.87977926544007357E-01 9.14682827432501844E-01
quaternion 9.54042605682895450E-01 -1.43983669974522711E-02 -1.66800638883597779E-01 2.48541627172636587E-01
position 1.17217691787850065E+00 1.98842745319189690E-01 1.15559935538974790E+00
quaternion 9.06616820911634202E-01 3.19024970998497345E-02 -3.40684144964608526E-01 2.46905820280950927E-01
position 9.02089774435077985E-01 3.26214511920255412E-01 1.50320454525246516E+00
quaternion 9.06616820911634202E-01 3.19024970998497345E-02 -3.40684144964608526E-01 2.46905820280950927E-01
position 6.30744383183204249E-01 1.25614936802906974E-01 7.88619984718444411E-01
quaternion 6.95878307954669539E-01 -3.49558706081659565E-01 -7.80546018868699398E-02 6.22470537973440430E-01
unchanged_qpos 4.90971811383683621E-01 -4.93931385683012203E-01 -3.95593129302481472E-01 -3.72727952249553462E-01 -2.60066069274255685E-01
unchanged_qvel -7.54205583631717413E-01 -5.90979028385717697E-01 -1.78495050455410897E+00 -1.60071037830290486E+00 8.61962982566752522E-01
unchanged_time 1.25000000000000000E-01
act
step SUCCESS
step_clamped -1.00000000000000000E+00
qpos 2.75733639258842644E-01 -6.43856377429238069E-01 -6.91250646567592053E-01 -6.37325803380894174E-01 -6.66429116057022236E-02
qvel -1.30160732594120909E+00 -8.35860583242058142E-01 -1.18875269435554487E+00 -1.08962529753199022E+00 1.07561439282255700E+00
time 3.25000000000000178E-01
reset_qpos 0.00000000000000000E+00 0.00000000000000000E+00 0.00000000000000000E+00 0.00000000000000000E+00 0.00000000000000000E+00
reset_qvel 0.00000000000000000E+00 0.00000000000000000E+00 0.00000000000000000E+00 0.00000000000000000E+00 0.00000000000000000E+00
forward SUCCESS
forward_clamped -1.00000000000000000E+00
qacc 4.78923218759748615E+00 1.85056773594924695E+00 -3.27700964662042260E+00 -3.32436308811209535E+00 1.62002661764876388E+00
act_dot
mass 8.91441042633955050E+00 -3.09939254858736080E+00 3.19752860167885178E+00 1.20070055666963116E+00 -2.77165561562278950E-01 -3.09939254858736080E+00 9.25000000000000000E+00 2.47156877945835296E+00 -1.79533482301511604E+00 2.03689822757648065E+00 3.19752860167885178E+00 2.47156877945835296E+00 7.75227168053666027E+00 -4.20773807449844384E-01 6.29526908536425234E-01 1.20070055666963116E+00 -1.79533482301511604E+00 -4.20773807449844384E-01 2.34623708086784921E+00 0.00000000000000000E+00 -2.77165561562278950E-01 2.03689822757648065E+00 6.29526908536425234E-01 0.00000000000000000E+00 2.31999999999999984E+00
gravity 0.00000000000000000E+00 0.00000000000000000E+00 0.00000000000000000E+00 0.00000000000000000E+00 0.00000000000000000E+00
bias -2.35501275736315279E+01 -5.84253349631275753E+00 2.38598772787898561E+00 3.61622904695596059E+00 -4.24136430594718838E+00
passive 2.21569928355097923E-01 -1.71787740146125606E-01 -5.13707632355040689E-01 -5.05961107451838421E-01 0.00000000000000000E+00
actuation -1.37999999999999989E+00 -2.58723329277227254E+00 0.00000000000000000E+00 0.00000000000000000E+00 0.00000000000000000E+00
length -7.73890009456516204E-01 6.98368707105073705E-01
velocity 2.54805417608362550E+00 1.71787740146125589E+00
force 5.99999999999999978E-01 -2.58723329277227254E+00
position 0.00000000000000000E+00 0.00000000000000000E+00 0.00000000000000000E+00
quaternion 1.00000000000000000E+00 0.00000000000000000E+00 0.00000000000000000E+00 0.00000000000000000E+00
position -4.02193054757761514E-01 -8.92713813999514716E-02 9.27574455779785589E-01
quaternion 8.91889220552908757E-01 9.64786355316810257E-02 -2.29477552133134005E-01 3.77578527215802429E-01
position -4.84623466942620262E-02 -1.13658933332729389E-02 1.20829731039263644E+00
quaternion 9.15415149269293016E-01 -4.32597080332532552E-02 1.00704682908831666E-01 3.87301263862367406E-01
position -6.37046047112748842E-02 2.60804550396675550E-01 1.57665979915932097E+00
quaternion 9.15415149269293016E-01 -4.32597080332532552E-02 1.00704682908831666E-01 3.87301263862367406E-01
position -1.44118815134278933E+00 -1.90980357402335987E-01 1.13382153413850961E+00
quaternion 6.16181614360140739E-01 -2.87323004792136127E-01 -2.21777685331042473E-01 6.98985241139578051E-01
unchanged_qpos 3.36473917155007074E-01 6.98368707105073705E-01 6.92978412010013534E-02 7.22801582074054982E-01 7.28491834957492035E-01
unchanged_qvel -1.10784964177548950E+00 1.71787740146125589E+00 1.71235877451680230E+00 1.42240516192140287E-01 -1.04386095610316865E+00
unchanged_time 1.25000000000000000E-01
act
step SUCCESS
step_clamped -1.00000000000000000E+00
qpos 3.34277372431172004E-01 7.01811862526140473E-01 7.27094532115871300E-02 7.23072766050110394E-01 7.26410593641439561E-01
qvel -1.09827236191754651E+00 1.72157771053335873E+00 1.70580600529288784E+00 1.35591988027714133E-01 -1.04062065802622827E+00
time 1.27000000000000002E-01
reset_qpos 0.00000000000000000E+00 0.00000000000000000E+00 0.00000000000000000E+00 0.00000000000000000E+00 0.00000000000000000E+00
reset_qvel 0.00000000000000000E+00 0.00000000000000000E+00 0.00000000000000000E+00 0.00000000000000000E+00 0.00000000000000000E+00
forward SUCCESS
forward_clamped -1.00000000000000000E+00
qacc 9.13863622619963345E-01 -2.47237931250941123E-01 -1.36340276329168075E+00 7.84775440269743441E-01 1.00278080322479735E+00
act_dot
mass 4.54723102239728405E+00 -3.23658976449237645E+00 -8.84545539777319978E-02 1.24410659745317909E+00 4.25382182720547897E-01 -3.23658976449237645E+00 9.25000000000000000E+00 2.45897900374246570E+00 -1.33531897118671949E+00 2.12882018718514532E+00 -8.84545539777319978E-02 2.45897900374246570E+00 2.84362447963726073E+00 2.25653663797624748E-02 6.29526908536425012E-01 1.24410659745317909E+00 -1.33531897118671949E+00 2.25653663797624748E-02 2.34623708086785143E+00 0.00000000000000000E+00 4.25382182720547897E-01 2.12882018718514532E+00 6.29526908536425012E-01 0.00000000000000000E+00 2.31999999999999940E+00
gravity 0.00000000000000000E+00 0.00000000000000000E+00 0.00000000000000000E+00 0.00000000000000000E+00 0.00000000000000000E+00
bias -7.00069778767160766E+00 1.12282411515614164E+01 3.14046959991623087E+00 -3.15163680739201979E+00 -1.62001040542002706E+00
passive -1.27575123218126057E-01 7.17323662852864113E-02 -4.96734790180466790E-01 4.06012495196088688E-02 0.00000000000000000E+00
actuation -5.22224476595936848E-01 3.26207768457921299E+00 0.00000000000000000E+00 0.00000000000000000E+00 0.00000000000000000E+00
length 7.34534306498114825E-02 4.83007313451717213E-01
velocity -1.46711391700844951E+00 -7.17323662852864086E-01
force 2.27054120259102987E-01 3.26207768457921299E+00
position 0.00000000000000000E+00 0.00000000000000000E+00 0.00000000000000000E+00
quaternion 1.00000000000000000E+00 0.00000000000000000E+00 0.00000000000000000E+00 0.00000000000000000E+00
position -3.56318125138651909E-01 2.90978179043266338E-01 8.91281841368997130E-01
quaternion 7.94767116488203973E-01 1.86451401223920482E-01 -3.68827312793999940E-01 4.44463180553596848E-01
position -9.64299811065850720E-02 3.49060796881594693E-01 1.26422226837660157E+00
quaternion 7.83738097810930068E-01 1.99261021245064340E-01 -3.91717947193541693E-01 4.38869786267585993E-01
position -4.10088854471810982E-01 2.46851809566388219E-01 1.58229684150569838E+00
quaternion 7.83738097810930068E-01 1.99261021245064340E-01 -3.91717947193541693E-01 4.38869786267585993E-01
position -5.05018025922480129E-01 2.12890652128826130E-01 7.09503559508023685E-01
quaternion 5.41109538506259091E-01 -2.63445938163126836E-01 -4.08978071206239191E-01 6.85954548257621477E-01
unchanged_qpos -3.19362741955702134E-02 4.83007313451717213E-01 6.03640550949968269E-01 -5.80017850280126757E-02 -1.69684406729257553E-01
unchanged_qvel 6.37875616090630260E-01 -7.17323662852864086E-01 1.65578263393488934E+00 4.26804545103898647E-01 -1.24466297155115146E-01
unchanged_time 1.25000000000000000E-01
act
step SUCCESS
step_clamped -1.00000000000000000E+00
qpos -3.06568685120920705E-02 4.81571676231865864E-01 6.06946664417633563E-01 -5.71450368578722764E-02 -1.69929327643024403E-01
qvel 6.39702841739070882E-01 -7.17818609925662154E-01 1.65305673383263341E+00 4.28374085070199140E-01 -1.22460456883426591E-01
time 1.27000000000000002E-01
reset_qpos 0.00000000000000000E+00 0.00000000000000000E+00 0.00000000000000000E+00 0.00000000000000000E+00 0.00000000000000000E+00
reset_qvel 0.00000000000000000E+00 0.00000000000000000E+00 0.00000000000000000E+00 0.00000000000000000E+00 0.00000000000000000E+00
forward SUCCESS
forward_clamped -1.00000000000000000E+00
qacc -5.85773413875252280E-01 2.10429943822669441E-01 -7.52807023516267049E-02 -3.43392021324806673E-01 2.12934266709016384E+00
act_dot
mass 6.80559783472977475E+00 -3.27954647993993831E+00 1.96799215833512608E+00 1.40421321813307398E+00 3.23430162803610144E-01 -3.27954647993993831E+00 9.25000000000000355E+00 2.86531197256857162E+00 -1.30185914689926152E+00 2.11297100314888109E+00 1.96799215833512608E+00 2.86531197256857162E+00 5.50086107117629464E+00 -1.37832104588419380E-01 6.29526908536425123E-01 1.40421321813307398E+00 -1.30185914689926152E+00 -1.37832104588419380E-01 2.34623708086785054E+00 0.00000000000000000E+00 3.23430162803610144E-01 2.11297100314888109E+00 6.29526908536425123E-01 0.00000000000000000E+00 2.31999999999999984E+00
gravity 0.00000000000000000E+00 0.00000000000000000E+00 0.00000000000000000E+00 0.00000000000000000E+00 0.00000000000000000E+00
bias 4.72878422135914267E+00 -6.52472368769278610E+00 -1.06159818730287325E+00 1.58303758673099937E+00 -5.06916383736487575E+00
passive 3.17560104602488236E-01 2.58954014242605453E-02 -2.63605470788286778E-01 -1.99214497584083133E-01 0.00000000000000000E+00
actuation -1.54061213631442567E-01 1.65520424042874792E+00 0.00000000000000000E+00 0.00000000000000000E+00 0.00000000000000000E+00
length -7.30355305146956013E-01 3.00938214146582173E-01
velocity 3.65194120292861424E+00 -2.58954014242605446E-01
force 6.69831363614967756E-02 1.65520424042874792E+00
position 0.00000000000000000E+00 0.00000000000000000E+00 0.00000000000000000E+00
quaternion 1.00000000000000000E+00 0.00000000000000000E+00 0.00000000000000000E+00 0.00000000000000000E+00
position -1.49196584080557942E-01 1.90201483440554375E-01 9.84369219756732083E-01
quaternion 7.42330291280724919E-01 2.02630248829599818E-01 -2.58565675729500344E-01 5.83978177880710936E-01
position 1.04131308457343780E-01 3.87643409611738821E-01 1.31123565219071248E+00
quaternion 7.71496388643199360E-01 1.17764608458041584E-01 -1.50677776493020027E-01 6.06812184268200827E-01
position -1.04241911543747040E-01 3.79058912850394725E-01 1.71928823164798228E+00
quaternion 7.71496388643199360E-01 1.17764608458041584E-01 -1.50677776493020027E-01 6.06812184268200827E-01
position -9.19801541111281540E-01 -3.94143453999292792E-01 1.03186814487633516E+00
quaternion 4.21225514433896109E-01 -2.01335030732982895E-01 -3.64079398238292329E-01 8.05902886933712037E-01
unchanged_qpos 3.17545784846502643E-01 3.00938214146582173E-01 6.38357825933614897E-01 2.84592139405833056E-01 6.30725712259880167E-01
unchanged_qvel -1.58780052301244101E+00 -2.58954014242605446E-01 8.78684902627622666E-01 -3.25582578878647055E-01 -9.75746098951553620E-01
unchanged_time 1.25000000000000000E-01
act
step SUCCESS
step_clamped -1.00000000000000000E+00
qpos 3.14367840953607702E-01 3.00421147951900891E-01 6.40114894511538135E-01 2.83939600589421304E-01 6.28782737322750029E-01
qvel -1.58897194644746786E+00 -2.58533097340642448E-01 8.78534288961621113E-01 -3.26269408205879519E-01 -9.71487468565060852E-01
time 1.27000000000000002E-01
reset_qpos 0.00000000000000000E+00 0.00000000000000000E+00 0.00000000000000000E+00 0.00000000000000000E+00 0.00000000000000000E+00
reset_qvel 0.00000000000000000E+00 0.00000000000000000E+00 0.00000000000000000E+00 0.00000000000000000E+00 0.00000000000000000E+00
forward SUCCESS
forward_clamped -1.00000000000000000E+00
qacc -2.47987174513709929E+00 -1.44136795073585611E+00 3.70034299053486349E+00 1.82777959138284007E+00 1.06558118708066241E+00
act_dot
mass 6.86271862073913752E+00 -3.90007876673212284E+00 1.87535499171778519E+00 1.62299800871705036E+00 2.10238311836954517E-01 -3.90007876673212284E+00 9.25000000000000355E+00 2.02298476399654970E+00 -1.40863779487147212E+00 2.14481153484630394E+00 1.87535499171778519E+00 2.02298476399654970E+00 4.29080816741542392E+00 3.76761943606934990E-02 6.29526908536425345E-01 1.62299800871705036E+00 -1.40863779487147212E+00 3.76761943606934990E-02 2.34623708086785010E+00 0.00000000000000000E+00 2.10238311836954517E-01 2.14481153484630394E+00 6.29526908536425345E-01 0.00000000000000000E+00 2.32000000000000028E+00
gravity 0.00000000000000000E+00 0.00000000000000000E+00 0.00000000000000000E+00 0.00000000000000000E+00 0.00000000000000000E+00
bias 1.17156095625976642E+00 -4.73683465468518161E+00 -8.48327906552236932E+00 -2.60606361744967696E+00 -1.56688521898529509E+00
passive -1.81615123879442314E-01 -1.13565855900426768E-01 4.06231776824522550E-01 7.05523692073356246E-02 -0.00000000000000000E+00
actuation 1.80100125795290444E-01 -1.17712918800466815E+00 0.00000000000000000E+00 0.00000000000000000E+00 0.00000000000000000E+00
length 1.31558331208011903E+00 2.58984322448559290E-01
velocity -2.08857392461358637E+00 1.13565855900426760E+00
force -7.83044025196915072E-02 -1.17712918800466815E+00
position 0.00000000000000000E+00 0.00000000000000000E+00 0.00000000000000000E+00
quaternion 1.00000000000000000E+00 0.00000000000000000E+00 0.00000000000000000E+00 0.00000000000000000E+00
position -1.17582043802563430E-01 4.42872590992060611E-01 8.65629612729749476E-01
quaternion 8.19292862799882671E-01 1.58048814887866984E-01 -5.12398854388054326E-01 2.03044800720242113E-01
position 6.07862627963281776E-02 2.90944900227059933E-01 1.25946044440733429E+00
quaternion 7.92441559427472408E-01 1.68076186899394547E-01 -5.53018766322783684E-01 1.94825599920395109E-01
position -3.31297574065416933E-01 2.84003761118058973E-01 1.49657241259882401E+00
quaternion 7.92441559427472408E-01 1.68076186899394547E-01 -5.53018766322783684E-01 1.94825599920395109E-01
position -1.01742223402782805E+00 6.40529584105095973E-01 6.06988009386005611E-01
quaternion 6.87419876470906854E-01 -3.32857331692269331E-01 -4.54878189253786203E-01 4.57980068466546375E-01
unchanged_qpos -5.71992744382660456E-01 2.58984322448559290E-01 5.60579750109990727E-01 -1.00789098867622329E-01 6.19114460790620713E-01
unchanged_qvel 9.08075619397211486E-01 1.13565855900426760E+00 -1.35410592274840846E+00 7.62267202927983334E-01 1.98546535260821733E+00
unchanged_time 1.25000000000000000E-01
act
step SUCCESS
step_clamped -1.00000000000000000E+00
qpos -5.70186508485067134E-01 2.61249877463719415E-01 5.57886334480626300E-01 -9.92572541057717833E-02 6.23089651729361038E-01
qvel 9.03117948796643200E-01 1.13277750758006790E+00 -1.34670781468219225E+00 7.65922380925274982E-01 1.98759546937015985E+00
time 1.27000000000000002E-01
reset_qpos 0.00000000000000000E+00 0.00000000000000000E+00 0.00000000000000000E+00 0.00000000000000000E+00 0.00000000000000000E+00
reset_qvel 0.00000000000000000E+00 0.00000000000000000E+00 0.00000000000000000E+00 0.00000000000000000E+00 0.00000000000000000E+00
forward SUCCESS
forward_clamped -1.00000000000000000E+00
qacc -2.52044701171261343E+00 -2.09637698803237571E+00 4.70449173160569778E-03 1.51371239650098532E+00 3.65009137393990812E+00
act_dot
mass 1.00102577272719540E+01 -3.96824616481844483E+00 1.29346171161980439E+00 1.27089700469690525E+00 3.73896578653604261E-01 -3.96824616481844483E+00 9.25000000000000178E+00 1.73320383801317623E+00 -1.52655838920343201E+00 2.16573198660524513E+00 1.29346171161980439E+00 1.73320383801317623E+00 3.43014613577777361E+00 7.78725784418677625E-02 6.29526908536425123E-01 1.27089700469690525E+00 -1.52655838920343201E+00 7.78725784418677625E-02 2.34623708086785054E+00 0.00000000000000000E+00 3.73896578653604261E-01 2.16573198660524513E+00 6.29526908536425123E-01 0.00000000000000000E+00 2.31999999999999940E+00
gravity 0.00000000000000000E+00 0.00000000000000000E+00 0.00000000000000000E+00 0.00000000000000000E+00 0.00000000000000000E+00
bias 1.56435210641832541E+01 2.35552846853659714E+00 3.56809366498087011E+00 -3.05280077100742053E+00 -3.12589547023490066E+00
passive 1.94088578917507443E-01 1.73088890434909826E-01 -5.55736141598122568E-01 1.66422018568342767E-01 -0.00000000000000000E+00
actuation 1.83999999999999986E+00 -1.46712985512567418E+00 0.00000000000000000E+00 0.00000000000000000E+00 0.00000000000000000E+00
length -2.52622525633914519E-01 7.36214725950074644E-01
velocity 2.23201865755133522E+00 -1.73088890434909803E+00
force -8.00000000000000044E-01 -1.46712985512567418E+00
position 0.00000000000000000E+00 0.00000000000000000E+00 0.00000000000000000E+00
quaternion 1.00000000000000000E+00 0.00000000000000000E+00 0.00000000000000000E+00 0.00000000000000000E+00
position -5.64377217638655893E-01 1.56460538186640213E-01 8.79366692086559265E-01
quaternion 8.19892495655704767E-01 1.70643586539174497E-01 -3.17459356697624151E-01 4.44833248291579553E-01
position -2.72622649737519041E-01 2.39468135684647976E-01 1.22286197715817369E+00
quaternion 7.76457970519201623E-01 2.22193501117458836E-01 -4.12452624679018942E-01 4.21456878546022207E-01
position -5.91012120256610318E-01 1.18705718142107675E-01 1.52952887066292398E+00
quaternion 7.76457970519201623E-01 2.22193501117458836E-01 -4.12452624679018942E-01 4.21456878546022207E-01
position -1.30721390800460213E+00 -9.04724431348895852E-02 8.37774465370859089E-01
quaternion 5.52035577142692468E-01 -2.58163470480000712E-01 -3.55528380660166898E-01 7.08666292851307889E-01
unchanged_qpos 1.09835880710397626E-01 7.36214725950074644E-01 4.64437899183534508E-01 -2.37745740811918238E-01 4.41356534940143375E-01
unchanged_qvel -9.70442894587537186E-01 -1.73088890434909803E+00 1.85245380532707538E+00 1.50955667355108059E+00 8.21627469079739825E-01
unchanged_time 1.25000000000000000E-01
act
step SUCCESS
step_clamped -1.00000000000000000E+00
qpos 1.07884913965323015E-01 7.32744563485249745E-01 4.68142825002126950E-01 -2.34720572491503326E-01 4.43014389480034299E-01
qvel -9.75483372537306548E-01 -1.73508123241243339E+00 1.85246290929622659E+00 1.51258416020745479E+00 8.28927269945455514E-01
time 1.27000000000000002E-01
reset_qpos 0.00000000000000000E+00 0.00000000000000000E+00 0.00000000000000000E+00 0.00000000000000000E+00 0.00000000000000000E+00
reset_qvel 0.00000000000000000E+00 0.00000000000000000E+00 0.00000000000000000E+00 0.00000000000000000E+00 0.00000000000000000E+00
forward SUCCESS
forward_clamped -1.00000000000000000E+00
qacc 2.39299088381658676E+00 4.32115083966025382E-01 -1.39915121206960968E+00 -2.80870362606978752E+00 2.97628391048970153E-01
act_dot
mass 5.82540514505604001E+00 -3.26360132895105659E+00 1.70129380069952418E+00 1.60544859194810541E+00 -1.47379463075262923E-01 -3.26360132895105659E+00 9.25000000000000711E+00 2.26510848707507106E+00 -1.95939605546667650E+00 2.09645974041243743E+00 1.70129380069952418E+00 2.26510848707507106E+00 5.32286068961462266E+00 -2.75430890167391973E-01 6.29526908536425234E-01 1.60544859194810541E+00 -1.95939605546667650E+00 -2.75430890167391973E-01 2.34623708086784966E+00 0.00000000000000000E+00 -1.47379463075262923E-01 2.09645974041243743E+00 6.29526908536425234E-01 0.00000000000000000E+00 2.31999999999999895E+00
gravity 0.00000000000000000E+00 0.00000000000000000E+00 0.00000000000000000E+00 0.00000000000000000E+00 0.00000000000000000E+00
bias -3.68180374840685598E+00 -2.21775040084094544E-02 1.49215346712575458E+00 2.74434037748587123E+00 -4.93705409363926706E-01
passive 1.11012723240190514E-01 -1.47717690163611554E-01 -1.19411549204238854E-01 -3.57294036367778123E-01 0.00000000000000000E+00
actuation 1.83999999999999986E+00 -5.95121387233491062E-01 0.00000000000000000E+00 0.00000000000000000E+00 0.00000000000000000E+00
length -2.99977272678465690E-01 4.88468244080278113E-01
velocity 1.27664631726219091E+00 1.47717690163611559E+00
force -8.00000000000000044E-01 -5.95121387233491062E-01
position 0.00000000000000000E+00 0.00000000000000000E+00 0.00000000000000000E+00
quaternion 1.00000000000000000E+00 0.00000000000000000E+00 0.00000000000000000E+00 0.00000000000000000E+00
position -2.67899926068169258E-01 8.48554169169478678E-02 8.80297840055517922E-01
quaternion 8.89983170797840506E-01 1.22026292945252454E-01 -2.90409468269019533E-01 3.29699681932462185E-01
position 6.55688440993806854E-02 9.98141461951375930E-02 1.19426410534738592E+00
quaternion 9.34470354141816228E-01 3.48416619805000313E-02 -5.63281527634398593E-02 3.49826178303974167E-01
position -2.34460734629524381E-02 2.73554302776880198E-01 1.60886114156728288E+00
quaternion 9.34470354141816228E-01 3.48416619805000313E-02 -5.63281527634398524E-02 3.49826178303974167E-01
position -8.77698059064724756E-01 4.45868306026040440E-02 8.60734108320110214E-01
quaternion 6.50867180134459544E-01 -2.88901079211414891E-01 -2.73753683705832862E-01 6.46503674321951216E-01
unchanged_qpos 1.30424901164550300E-01 4.88468244080278113E-01 1.59724031463745142E-01 5.10420051953968779E-01 2.61280484030696369E-01
unchanged_qvel -5.55063616200952570E-01 1.47717690163611559E+00 3.98038497347462883E-01 1.98992773482879537E+00 -1.55724947214062093E+00
unchanged_time 1.25000000000000000E-01
act
step SUCCESS
step_clamped -1.00000000000000000E+00
qpos 1.29324343976429668E-01 4.91424325248950133E-01 1.60514513546276771E-01 5.14388673206703673E-01 2.58167176008186228E-01
qvel -5.50278594060312654E-01 1.47804058433602337E+00 3.95241041265813553E-01 1.98431062636742550E+00 -1.55665401125507907E+00
time 1.27000000000000002E-01
reset_qpos 0.00000000000000000E+00 0.00000000000000000E+00 0.00000000000000000E+00 0.00000000000000000E+00 0.00000000000000000E+00
reset_qvel 0.00000000000000000E+00 0.00000000000000000E+00 0.00000000000000000E+00 0.00000000000000000E+00 0.00000000000000000E+00
forward SUCCESS
forward_clamped -1.00000000000000000E+00
qacc -2.10145989819704691E-02 1.42648458237941127E-02 6.29235500397427372E-01 5.75243529535536480E-01 1.54517096364989248E+00
act_dot
mass 4.68143671353475366E+00 -3.20813240414818024E+00 1.67682197505995223E-01 1.38443842227876535E+00 -5.24004386888463625E-02 -3.20813240414818024E+00 9.25000000000000355E+00 2.12533917142981066E+00 -1.95714356802065303E+00 2.12778873436295290E+00 1.67682197505995223E-01 2.12533917142981066E+00 4.44194698316243208E+00 -2.16242144826385374E-01 6.29526908536425012E-01 1.38443842227876535E+00 -1.95714356802065303E+00 -2.16242144826385374E-01 2.34623708086785010E+00 0.00000000000000000E+00 -5.24004386888463625E-02 2.12778873436295290E+00 6.29526908536425012E-01 0.00000000000000000E+00 2.31999999999999895E+00
gravity 0.00000000000000000E+00 0.00000000000000000E+00 0.00000000000000000E+00 0.00000000000000000E+00 0.00000000000000000E+00
bias -2.14668475203731024E+00 -3.42519784642756564E+00 -3.82004424859120650E+00 -1.27047828666117346E+00 -4.39927443137386920E+00
passive -3.70651910006049246E-01 7.17092602824120073E-02 -3.16001379058776843E-01 -2.92189577540619916E-01 0.00000000000000000E+00
actuation -8.91895274647160674E-01 -9.32103403685935472E-02 0.00000000000000000E+00 0.00000000000000000E+00 0.00000000000000000E+00
length 4.67427328060046332E-01 6.27027654154858061E-01
velocity -4.26249696506956610E+00 -7.17092602824120018E-01
force 3.87780554194417704E-01 -9.32103403685935472E-02
position 0.00000000000000000E+00 0.00000000000000000E+00 0.00000000000000000E+00
quaternion 1.00000000000000000E+00 0.00000000000000000E+00 0.00000000000000000E+00 0.00000000000000000E+00
position -4.48867528667478366E-01 2.83713127083506267E-01 7.78180452565275571E-01
quaternion 8.88118024110442716E-01 1.39208526639128666E-01 -3.81977780968883740E-01 2.14383619260459846E-01
position -1.66811874444729336E-01 1.78522904759501472E-01 1.12369401966272475E+00
quaternion 9.47989446078863818E-01 9.17684465276675937E-02 -1.89675143407981167E-01 2.38574731097300846E-01
position -3.09152916433014346E-01 2.88341419405631350E-01 1.54521379571908857E+00
quaternion 9.47989446078863818E-01 9.17684465276675937E-02 -1.89675143407981195E-01 2.38574731097300846E-01
position -5.26240870700031005E-01 2.81129717878985552E-01 5.90516051399410880E-01
quaternion 7.19490155507414908E-01 -3.04074656873709770E-01 -3.31237025776121075E-01 5.29296279913283318E-01
unchanged_qpos -2.03229273069585381E-01 6.27027654154858061E-01 2.23251596439280942E-01 4.17413682200885594E-01 -2.76559961322134895E-01
unchanged_qvel 1.85325955003024623E+00 -7.17092602824120018E-01 1.05333793019592292E+00 -1.46310053546909336E+00 1.20915856195587423E+00
unchanged_time 1.25000000000000000E-01
act
step SUCCESS
step_clamped -1.00000000000000000E+00
qpos -1.99522837916153606E-01 6.25593526144365142E-01 2.25360788834684744E-01 4.14489782113860838E-01 -2.74135463525931711E-01
qvel 1.85321757671588760E+00 -7.17064005246485836E-01 1.05459619770189783E+00 -1.46195004351236912E+00 1.21224889810160197E+00
time 1.27000000000000002E-01
reset_qpos 0.00000000000000000E+00 0.00000000000000000E+00 0.00000000000000000E+00 0.00000000000000000E+00 0.00000000000000000E+00
reset_qvel 0.00000000000000000E+00 0.00000000000000000E+00 0.00000000000000000E+00 0.00000000000000000E+00 0.00000000000000000E+00
forward SUCCESS
forward_clamped -1.00000000000000000E+00
qacc -8.48702422163409742E-01 3.86471154203762546E-01 -1.36103344541601556E+00 7.93769345215430300E-01 1.69644039114162903E+00
act_dot
mass 8.16708038162853001E+00 -2.21985481016769759E+00 1.53156749766246003E+00 2.28048286428068847E-01 8.57323700256263144E-01 -2.21985481016769759E+00 9.25000000000000178E+00 3.90478547728636061E+00 -9.54370881850439501E-01 2.04022756422695206E+00 1.53156749766246003E+00 3.90478547728636061E+00 6.40717052882061466E+00 -3.87737975730557904E-01 6.29526908536425678E-01 2.28048286428068847E-01 -9.54370881850439501E-01 -3.87737975730557904E-01 2.34623708086785054E+00 0.00000000000000000E+00 8.57323700256263144E-01 2.04022756422695206E+00 6.29526908536425678E-01 0.00000000000000000E+00 2.32000000000000073E+00
gravity 0.00000000000000000E+00 0.00000000000000000E+00 0.00000000000000000E+00 0.00000000000000000E+00 0.00000000000000000E+00
bias 6.94060457262219899E+00 1.44642504507776604E-01 8.27797102752226799E+00 -2.28023458787534805E+00 -3.12227651201598277E+00
passive -6.19141595448025953E-02 6.99752265306279736E-02 4.48292643729201690E-01 -4.73184251416518764E-01 0.00000000000000000E+00
actuation -1.37999999999999989E+00 2.87932472592109123E+00 0.00000000000000000E+00 0.00000000000000000E+00 0.00000000000000000E+00
length -7.01765323382051109E-01 7.05977959983767889E-01
velocity -7.12012834765229807E-01 -6.99752265306279764E-01
force 5.99999999999999978E-01 2.87932472592109123E+00
position 0.00000000000000000E+00 0.00000000000000000E+00 0.00000000000000000E+00
quaternion 1.00000000000000000E+00 0.00000000000000000E+00 0.00000000000000000E+00 0.00000000000000000E+00
position -5.73495951095769119E-01 1.00381484725986236E-01 9.79063720292967732E-01
quaternion 7.05282778062632953E-01 2.22008257485606236E-01 -2.65267537439341949E-01 6.18806650059068875E-01
position -3.47938365487244383E-01 3.11153307571033433E-01 1.31773614944690554E+00
quaternion 7.53340479124295914E-01 4.25751817273745115E-03 -1.63946931552234297E-02 6.57412511356553764E-01
position -5.40201939720333479E-01 4.26118354323925419E-01 1.71750827960135100E+00
quaternion 7.53340479124295914E-01 4.25751817273745115E-03 -1.63946931552234297E-02 6.57412511356553764E-01
position -1.11243310508935256E+00 -4.18565360664551023E-01 9.42844238097700571E-01
quaternion 3.79011402247691753E-01 -1.83633077333339695E-01 -3.91704660213003319E-01 8.18044441972893055E-01
unchanged_qpos 3.05115357992196135E-01 7.05977959983767889E-01 7.55602230695880062E-01 6.75977502023598298E-01 4.05256842575905107E-01
unchanged_qvel 3.09570797724012969E-01 -6.99752265306279764E-01 -1.49430881243067226E+00 -2.63002291756853079E-01 -1.85346701640771716E+00
unchanged_time 1.25000000000000000E-01
act
step SUCCESS
step_clamped -1.00000000000000000E+00
qpos 3.34740915753619417E-01 5.58629321529563017E-01 4.44266024566678519E-01 6.51757975247433397E-01 7.66025051743270263E-02
qvel -8.77443490559261657E-02 -8.45853266050126562E-01 -1.53160452981619821E+00 8.74005182478247433E-02 -1.41505404431637860E+00
time 3.25000000000000178E-01
reset_qpos 0.00000000000000000E+00 0.00000000000000000E+00 0.00000000000000000E+00 0.00000000000000000E+00 0.00000000000000000E+00
reset_qvel 0.00000000000000000E+00 0.00000000000000000E+00 0.00000000000000000E+00 0.00000000000000000E+00 0.00000000000000000E+00
forward SUCCESS
forward_clamped -1.00000000000000000E+00
qacc 4.10963523136930498E+00 2.28774569532632288E+00 -5.35954978890111899E+00 -1.78505574494212382E+00 -6.06552540956418085E-01
act_dot
mass 4.22127771968989318E+00 -4.47339384527648409E+00 9.96068908753129034E-01 2.12029690896029788E+00 -2.12674288332410005E-01 -4.47339384527648409E+00 9.25000000000000355E+00 4.59852633673946132E-02 -1.85933090621966635E+00 2.04029200807243827E+00 9.96068908753129034E-01 4.59852633673946132E-02 2.82863011711120560E+00 1.19466131736511716E-01 6.29526908536424790E-01 2.12029690896029788E+00 -1.85933090621966635E+00 1.19466131736511716E-01 2.34623708086785054E+00 0.00000000000000000E+00 -2.12674288332410005E-01 2.04029200807243827E+00 6.29526908536424790E-01 0.00000000000000000E+00 2.31999999999999895E+00
gravity 0.00000000000000000E+00 0.00000000000000000E+00 0.00000000000000000E+00 0.00000000000000000E+00 0.00000000000000000E+00
bias 4.70074243298131966E-01 -2.72692545158749411E+00 1.18593549698225793E+01 1.03362418793997812E+00 7.75607994670794665E-01
passive -3.81880819705157859E-01 5.07864594357189808E-02 -6.76505726965988818E-02 3.69584765130452464E-01 0.00000000000000000E+00
actuation -1.37999999999999989E+00 1.64612287818917657E+00 0.00000000000000000E+00 0.00000000000000000E+00 0.00000000000000000E+00
length -3.87442508520372597E-01 2.06741519372054317E-01
velocity -4.39162942660931499E+00 -5.07864594357189780E-01
force 5.99999999999999978E-01 1.64612287818917657E+00
position 0.00000000000000000E+00 0.00000000000000000E+00 0.00000000000000000E+00
quaternion 1.00000000000000000E+00 0.00000000000000000E+00 0.00000000000000000E+00 0.00000000000000000E+00
position 2.60421159279104475E-02 8.83564616184579210E-02 9.08192204214205878E-01
quaternion 9.04468092963174874E-01 1.05878173089701558E-01 -2.73619356091001575E-01 3.09612223994936431E-01
position 3.70122408932264391E-01 9.59398111982797258E-02 1.21076656660333537E+00
quaternion 8.01737927030373387E-01 1.82998424456682990E-01 -5.00146358156426163E-01 2.71259089120116148E-01
position 6.97901417638813193E-04 5.23935669253206421E-02 1.47840299509784390E+00
quaternion 8.01737927030373498E-01 1.82998424456683018E-01 -5.00146358156426274E-01 2.71259089120116204E-01
position 3.71948488237958230E-01 1.63001146139174491E-03 5.91574179977726655E-01
quaternion 6.66722836053371903E-01 -2.95446004860219824E-01 -2.45452689849390754E-01 6.38705953583323160E-01
unchanged_qpos 1.68453264574075057E-01 2.06741519372054317E-01 7.38247129015207060E-02 -5.27978235900646409E-01 -7.50281394962395654E-01
unchanged_qvel 1.90940409852578918E+00 -5.07864594357189780E-01 2.25501908988662958E-01 -1.20678379467215802E+00 -1.23570830703543599E+00
unchanged_time 1.25000000000000000E-01
act
step SUCCESS
step_clamped -1.00000000000000000E+00
qpos 1.72288499350906232E-01 2.05734936225755394E-01 7.42542868661254241E-02 -5.30398937243731994E-01 -7.52755236802981287E-01
qvel 1.91761738841558183E+00 -5.03291573149459159E-01 2.14786982302359264E-01 -1.21035067154277187E+00 -1.23692092029282530E+00
time 1.27000000000000002E-01
reset_qpos 0.00000000000000000E+00 0.00000000000000000E+00 0.00000000000000000E+00 0.00000000000000000E+00 0.00000000000000000E+00
reset_qvel 0.00000000000000000E+00 0.00000000000000000E+00 0.00000000000000000E+00 0.00000000000000000E+00 0.00000000000000000E+00
forward SUCCESS
forward_clamped -1.00000000000000000E+00
qacc -1.76937779620962576E+00 3.86124633543014628E-02 2.07363822656971308E+00 1.73074814102646624E+00 -8.15916635901304588E-01
act_dot
mass 1.37385065668707025E+01 -5.46277762147077439E+00 4.74839365180436435E+00 2.34526630393517754E+00 4.12497670760549218E-01 -5.46277762147077439E+00 9.25000000000000178E+00 -7.87349179240696806E-01 -2.55308123075302662E+00 1.43985708433407389E+00 4.74839365180436435E+00 -7.87349179240696806E-01 2.99888321804752023E+00 4.57574714073005762E-03 6.29526908536425012E-01 2.34526630393517754E+00 -2.55308123075302662E+00 4.57574714073005762E-03 2.34623708086784966E+00 0.00000000000000000E+00 4.12497670760549218E-01 1.43985708433407389E+00 6.29526908536425012E-01 0.00000000000000000E+00 2.31999999999999984E+00
gravity 0.00000000000000000E+00 0.00000000000000000E+00 0.00000000000000000E+00 0.00000000000000000E+00 0.00000000000000000E+00
bias 9.33747256359173861E+00 1.88665913101968008E-01 2.86774362065736410E+00 -1.08861279884125084E-01 8.98755679482288850E-01
passive -5.33561857264750472E-02 1.82015861698903714E-01 1.06139775525628810E-02 7.62323798046882131E-03 0.00000000000000000E+00
actuation -1.37999999999999989E+00 2.67171677323096057E+00 0.00000000000000000E+00 0.00000000000000000E+00 0.00000000000000000E+00
length 1.41103097541522227E-01 -7.51389122405140331E-01
velocity -6.13596135854463043E-01 -1.82015861698903691E+00
force 5.99999999999999978E-01 2.67171677323096057E+00
position 0.00000000000000000E+00 0.00000000000000000E+00 0.00000000000000000E+00
quaternion 1.00000000000000000E+00 0.00000000000000000E+00 0.00000000000000000E+00 0.00000000000000000E+00
position 9.01333049153990706E-01 -6.02072550417812741E-02 9.68693016175679045E-01
quaternion 9.62917803649884885E-01 4.48606231348872633E-02 -2.65882855306792287E-01 -9.11784842705112841E-03
position 1.19468428614013589E+00 -2.84089500720727528E-01 1.24039467577394236E+00
quaternion 9.61455758299204044E-01 4.48103100913212204E-02 -2.71122138832876836E-01 -9.36198576738377086E-03
position 1.06983297710129044E+00 -1.21593696686499247E-01 1.65028156785827873E+00
quaternion 9.61455758299204044E-01 4.48103100913212204E-02 -2.71122138832876836E-01 -9.36198576738377086E-03
position 8.23686640766110756E-01 -6.57179043835396659E-02 7.84084052533029707E-01
quaternion 8.52496820050177462E-01 -3.18674818157705708E-01 -1.26630763462195567E-01 3.94537934578501559E-01
unchanged_qpos -6.13491728441400985E-02 -7.51389122405140331E-01 -4.17820936962894518E-01 -1.08903399720983174E-02 -3.40430500683519655E-01
unchanged_qvel 2.66780928632375236E-01 -1.82015861698903691E+00 -3.53799251752096033E-02 7.93725110122450506E-01 -1.16172368033277618E+00
unchanged_time 1.25000000000000000E-01
act
step SUCCESS
step_clamped -1.00000000000000000E+00
qpos -6.08226854477934634E-02 -7.55029284854336402E-01 -4.17883408875618423E-01 -9.29596943093659658E-03 -3.42757210665892875E-01
qvel 2.63243698173318164E-01 -1.82008122459801536E+00 -3.12359563619570325E-02 7.97185270580860195E-01 -1.16335499118661523E+00
time 1.27000000000000002E-01
reset_qpos 0.00000000000000000E+00 0.00000000000000000E+00 0.00000000000000000E+00 0.00000000000000000E+00 0.00000000000000000E+00
reset_qvel 0.00000000000000000E+00 0.00000000000000000E+00 0.00000000000000000E+00 0.00000000000000000E+00 0.00000000000000000E+00
forward SUCCESS
forward_clamped -1.00000000000000000E+00
qacc -1.42313035104086971E+00 -3.78190568743809319E+00 -8.65795171964695354E-01 -1.66750140580290651E+00 2.96843284221112702E+00
act_dot
mass 6.06996628044898845E+00 -4.41644453194402864E+00 2.83136370071323196E+00 1.60138338625394527E+00 -4.98841851938897518E-01 -4.41644453194402864E+00 9.25000000000000355E+00 1.64512650538268579E-01 -1.91006885216537814E+00 1.67404527562416328E+00 2.83136370071323196E+00 1.64512650538268579E-01 5.70444400561018927E+00 -4.09751082237988451E-01 6.29526908536425012E-01 1.60138338625394527E+00 -1.91006885216537814E+00 -4.09751082237988451E-01 2.34623708086785054E+00 0.00000000000000000E+00 -4.98841851938897518E-01 1.67404527562416328E+00 6.29526908536425012E-01 0.00000000000000000E+00 2.31999999999999940E+00
gravity 0.00000000000000000E+00 0.00000000000000000E+00 0.00000000000000000E+00 0.00000000000000000E+00 0.00000000000000000E+00
bias -2.87781226838970916E+00 1.84467359628300933E+01 7.02741036221320670E+00 -1.90525338733947036E+00 -6.30994702236811644E-01
passive -1.74771141199862090E-01 -7.70542349754310685E-03 -1.93083242180094039E-01 -4.95075530673983855E-01 0.00000000000000000E+00
actuation -1.37999999999999989E+00 -1.98562241559880404E+00 0.00000000000000000E+00 0.00000000000000000E+00 0.00000000000000000E+00
length -3.93964647161942572E-01 3.83277109847704800E-01
velocity -2.00986812379841373E+00 7.70542349754310685E-02
force 5.99999999999999978E-01 -1.98562241559880404E+00
position 0.00000000000000000E+00 0.00000000000000000E+00 0.00000000000000000E+00
quaternion 1.00000000000000000E+00 0.00000000000000000E+00 0.00000000000000000E+00 0.00000000000000000E+00
position -1.34873434140492410E-01 -5.87306775794911445E-02 8.62761748459631050E-01
quaternion 9.55129031498510472E-01 4.57139651917191706E-02 -2.42011074882422322E-01 1.64527828069972182E-01
position 2.19172872140477704E-01 -1.46897451433391557E-01 1.14003026992753353E+00
quaternion 9.79837610303108342E-01 -1.40908317601921452E-02 1.03726007406639051E-01 1.70178204489523310E-01
position 3.23334847208345266E-01 9.96628694307875040E-02 1.51199571338339278E+00
quaternion 9.79837610303108342E-01 -1.40908317601921452E-02 1.03726007406639051E-01 1.70178204489523310E-01
position -3.73451454049480824E-01 -3.07900401237230434E-02 7.55274283358883025E-01
quaternion 7.60312517836832846E-01 -3.25440722384476411E-01 -1.49506366972860433E-01 5.41905026429043257E-01
unchanged_qpos 1.71288977026931577E-01 3.83277109847704800E-01 -2.64452371347258408E-01 7.07250758105691268E-01 -1.44637602616835337E-01
unchanged_qvel 8.73855705999310395E-01 7.70542349754310685E-02 6.43610807266980167E-01 1.94428350509098946E+00 1.00945976941304494E+00
unchanged_time 1.25000000000000000E-01
act
step SUCCESS
step_clamped -1.00000000000000000E+00
qpos 1.73030997013509463E-01 3.83416091610357612E-01 -2.63168613079900637E-01 7.11132655078397957E-01 -1.42606809726371575E-01
qvel 8.71009993288948681E-01 6.94908813264154546E-02 6.41879133678894820E-01 1.94094848635332462E+00 1.01539644523187511E+00
time 1.27000000000000002E-01
reset_qpos 0.00000000000000000E+00 0.00000000000000000E+00 0.00000000000000000E+00 0.00000000000000000E+00 0.00000000000000000E+00
reset_qvel 0.00000000000000000E+00 0.00000000000000000E+00 0.00000000000000000E+00 0.00000000000000000E+00 0.00000000000000000E+00
forward SUCCESS
forward_clamped -1.00000000000000000E+00
qacc -3.00458427913930448E+00 -8.90587776514648599E-01 2.40120328252066217E+00 1.25332427907797972E+00 1.29163168032179843E+00
act_dot
mass 1.28030012142905871E+01 -4.33211921424403634E+00 2.90464664352373081E+00 1.87465199392404402E+00 -2.80588981099179069E-02 -4.33211921424403634E+00 9.25000000000000355E+00 1.01206065040901994E+00 -1.47810243565342514E+00 2.12982326346682616E+00 2.90464664352373081E+00 1.01206065040901994E+00 4.28912305485775747E+00 1.17973478026780543E-01 6.29526908536425456E-01 1.87465199392404402E+00 -1.47810243565342514E+00 1.17973478026780543E-01 2.34623708086785054E+00 0.00000000000000000E+00 -2.80588981099179069E-02 2.12982326346682616E+00 6.29526908536425456E-01 0.00000000000000000E+00 2.32000000000000028E+00
gravity 0.00000000000000000E+00 0.00000000000000000E+00 0.00000000000000000E+00 0.00000000000000000E+00 0.00000000000000000E+00
bias 2.39669422608677536E+01 -9.99309743805908468E+00 -1.26838133226662486E+00 1.56350814773001012E+00 -2.31032353913796928E+00
passive -2.20137434033701507E-01 -1.38885501904474212E-01 1.78403891969284523E-01 4.62772085492185570E-01 -0.00000000000000000E+00
actuation -1.37999999999999989E+00 -1.42605969210707428E+00 0.00000000000000000E+00 0.00000000000000000E+00 0.00000000000000000E+00
length -1.13347937594668968E+00 7.47686576600844033E-01
velocity -2.53158049138756702E+00 1.38885501904474218E+00
force 5.99999999999999978E-01 -1.42605969210707428E+00
position 0.00000000000000000E+00 0.00000000000000000E+00 0.00000000000000000E+00
quaternion 1.00000000000000000E+00 0.00000000000000000E+00 0.00000000000000000E+00 0.00000000000000000E+00
position -4.13317552031443824E-01 -1.37926738322125847E-01 1.00432307559861256E+00
quaternion 8.35291429053437895E-01 1.22041595760634961E-01 -1.92138460575371733E-01 5.00476662214922374E-01
position -8.65182414671842870E-02 4.42774406561927958E-02 1.26890547822123878E+00
quaternion 7.27710304956621479E-01 2.77871753648395559E-01 -4.52842877323193838E-01 4.33772208701706907E-01
position -4.08964649104779865E-01 -1.42817958127533368E-01 1.53540805973888195E+00
quaternion 7.27710304956621479E-01 2.77871753648395559E-01 -4.52842877323193838E-01 4.33772208701706907E-01
position -1.41362933816282998E+00 -5.28834832912938535E-01 1.27126733905594747E+00
quaternion 5.11719799061853053E-01 -2.49243674391549264E-01 -2.38901995919024807E-01 7.86731386414576961E-01
unchanged_qpos 4.92817119976821649E-01 7.47686576600844033E-01 2.28111279423198088E-01 -6.61102979274550862E-01 7.71743303532287372E-01
unchanged_qvel 1.10068717016850748E+00 1.38885501904474218E+00 -5.94679639897615075E-01 -1.42052431404160373E+00 6.06346350593420791E-01
unchanged_time 1.25000000000000000E-01
act
step SUCCESS
step_clamped -1.00000000000000000E+00
qpos 4.95006477259146427E-01 7.50460725219144198E-01 2.26931522563872917E-01 -6.63939014920500226E-01 7.72961162569934301E-01
qvel 1.09467864116238967E+00 1.38707430915007812E+00 -5.89878429662585746E-01 -1.41801782297467494E+00 6.08929518823479787E-01
time 1.27000000000000002E-01
reset_qpos 0.00000000000000000E+00 0.00000000000000000E+00 0.00000000000000000E+00 0.00000000000000000E+00 0.00000000000000000E+00
reset_qvel 0.00000000000000000E+00 0.00000000000000000E+00 0.00000000000000000E+00 0.00000000000000000E+00 0.00000000000000000E+00
forward SUCCESS
forward_clamped -1.00000000000000000E+00
qacc -5.49524706333267421E+00 -3.42261180938908538E+00 6.02378037580851888E+00 2.30934452954449032E+00 2.31024089129345178E+00
act_dot
mass 5.66240920215453603E+00 -4.37087229911879671E+00 2.15946379876785821E+00 2.06614575348696716E+00 -1.44523421020993637E-01 -4.37087229911879671E+00 9.25000000000000178E+00 7.28132183646688524E-01 -1.73811893120823124E+00 1.99235957693373789E+00 2.15946379876785821E+00 7.28132183646688524E-01 3.07232893965564591E+00 1.17833857627453908E-01 6.29526908536425123E-01 2.06614575348696716E+00 -1.73811893120823124E+00 1.17833857627453908E-01 2.34623708086785054E+00 0.00000000000000000E+00 -1.44523421020993637E-01 1.99235957693373789E+00 6.29526908536425123E-01 0.00000000000000000E+00 2.31999999999999984E+00
gravity 0.00000000000000000E+00 0.00000000000000000E+00 0.00000000000000000E+00 0.00000000000000000E+00 0.00000000000000000E+00
bias -2.44023456571884045E+00 4.56286221290329586E-02 -5.27976452207374969E+00 -2.09206315661708026E-01 -3.26755510542098371E+00
passive 1.82958484781026165E-02 -3.33809362562548922E-02 4.32574603550673842E-01 4.64373308256311346E-01 -0.00000000000000000E+00
actuation -1.19301730592105915E+00 -2.44545596666260279E+00 0.00000000000000000E+00 0.00000000000000000E+00 0.00000000000000000E+00
length 9.10582818154476059E-01 -2.77162203564445209E-01
velocity 2.10402257498180062E-01 3.33809362562548895E-01
force 5.18703176487417039E-01 -2.44545596666260279E+00
position 0.00000000000000000E+00 0.00000000000000000E+00 0.00000000000000000E+00
quaternion 1.00000000000000000E+00 0.00000000000000000E+00 0.00000000000000000E+00 0.00000000000000000E+00
position 3.80468061264881197E-01 4.08667439730587972E-02 9.17418617486742694E-01
quaternion 9.09322533457520454E-01 1.23451830593426085E-01 -3.95796886870061038E-01 3.51710109820115926E-02
position 6.15378757501596985E-01 -1.91281981766273035E-01 1.23510389245425811E+00
quaternion 7.30867075229759022E-01 1.28175986275698733E-01 -6.70340185170733349E-01 -6.94773579064796813E-03
position 2.00504370563395096E-01 -8.72906100707450811E-02 1.39961844401591717E+00
quaternion 7.30867075229759022E-01 1.28175986275698733E-01 -6.70340185170733349E-01 -6.94773579064796813E-03
position -2.99719730408035179E-01 4.32797662827912766E-01 9.14246924768690294E-01
quaternion 8.20796263779887791E-01 -3.07513294483721555E-01 -2.89891346789693027E-01 3.84307265267263498E-01
unchanged_qpos -3.95905573110641784E-01 -2.77162203564445209E-01 1.44195177735022551E-02 -6.63390440366159129E-01 4.42518323711522887E-01
unchanged_qvel -9.14792423905130825E-02 3.33809362562548895E-01 -1.44191534516891284E+00 -1.12766043372480773E+00 1.29006534213369051E+00
unchanged_time 1.25000000000000000E-01
act
step SUCCESS
step_clamped -1.00000000000000000E+00
qpos -3.96110490392800330E-01 -2.76508264236196344E-01 1.15597601129935508E-02 -6.65636534101511579E-01 4.45107693246472425E-01
qvel -1.02458641079271884E-01 3.26969664124437620E-01 -1.42987883025435236E+00 -1.12304686767622153E+00 1.29468476747476124E+00
time 1.27000000000000002E-01
reset_qpos 0.00000000000000000E+00 0.00000000000000000E+00 0.00000000000000000E+00 0.00000000000000000E+00 0.00000000000000000E+00
reset_qvel 0.00000000000000000E+00 0.00000000000000000E+00 0.00000000000000000E+00 0.00000000000000000E+00 0.00000000000000000E+00
forward SUCCESS
forward_clamped -1.00000000000000000E+00
qacc -7.46941668181975071E+00 -2.66125340176699154E+00 5.23545341230394712E+00 4.69193060515465721E+00 4.36703253133700842E-01
act_dot
mass 5.93207622643614929E+00 -4.18104899762638560E+00 1.73550621082911105E+00 1.99595909070011057E+00 -1.93766807678923347E-01 -4.18104899762638560E+00 9.25000000000000355E+00 6.32202323067155625E-01 -1.48803397860146092E+00 2.13216873915505767E+00 1.73550621082911105E+00 6.32202323067155625E-01 2.11663317800210349E+00 1.18675005233043307E-01 6.29526908536424901E-01 1.99595909070011057E+00 -1.48803397860146092E+00 1.18675005233043307E-01 2.34623708086784966E+00 0.00000000000000000E+00 -1.93766807678923347E-01 2.13216873915505767E+00 6.29526908536424901E-01 0.00000000000000000E+00 2.31999999999999895E+00
gravity 0.00000000000000000E+00 0.00000000000000000E+00 0.00000000000000000E+00 0.00000000000000000E+00 0.00000000000000000E+00
bias 1.35376484930523624E+01 -6.88770284009856759E+00 2.67257962307574148E+00 -1.02548567848982142E-01 -1.96222503881039678E-01
passive 1.30156088554919253E-01 -1.23807825512277966E-01 -3.18783336130968709E-01 4.53933520658391265E-01 0.00000000000000000E+00
actuation -1.37999999999999989E+00 -2.64806161832786291E+00 0.00000000000000000E+00 0.00000000000000000E+00 0.00000000000000000E+00
length -7.34065293032830524E-01 -4.00190172435621105E-01
velocity 1.49679501838157125E+00 1.23807825512277958E+00
force 5.99999999999999978E-01 -2.64806161832786291E+00
position 0.00000000000000000E+00 0.00000000000000000E+00 0.00000000000000000E+00
quaternion 1.00000000000000000E+00 0.00000000000000000E+00 0.00000000000000000E+00 0.00000000000000000E+00
position 6.15436190810424666E-01 2.94722539130932215E-01 9.67389009693064850E-01
quaternion 8.56704933505133326E-01 1.29041312132147062E-01 -2.43047673999944508E-01 4.36271503578214037E-01
position 9.47575230739172047E-01 4.08113519537690372E-01 1.26205177238561150E+00
quaternion 7.34633421202474546E-01 2.61307788189688583E-01 -5.03318240660087568E-01 3.72428147301723966E-01
position 5.89172358864722190E-01 2.50202911628134239E-01 1.49998374027093173E+00
quaternion 7.34633421202474546E-01 2.61307788189688583E-01 -5.03318240660087568E-01 3.72428147301723966E-01
position 4.74228916704157455E-01 2.01196254670245739E-01 8.23214656480199980E-01
quaternion 5.68089626341642395E-01 -2.65171373234343311E-01 -2.66934832470872796E-01 7.31918106398367962E-01
unchanged_qpos 3.19158823057752450E-01 -4.00190172435621105E-01 2.33873782421103682E-01 -6.48476458083416141E-01 -2.17446373713316876E-01
unchanged_qvel -6.50780442774596235E-01 1.23807825512277958E+00 1.06261112043656247E+00 -1.74090569930587380E+00 2.70589108975956005E-01
unchanged_time 1.25000000000000000E-01
act
step SUCCESS
step_clamped -1.00000000000000000E+00
qpos 3.17827400966171791E-01 -3.97724653072088929E-01 2.36019925165443900E-01 -6.51939509695584563E-01 -2.16903448755057293E-01
qvel -6.65711045790337574E-01 1.23275968176609663E+00 1.07307137217010529E+00 -1.73152580608423357E+00 2.71462479129793988E-01
time 1.27000000000000002E-01
reset_qpos 0.00000000000000000E+00 0.00000000000000000E+00 0.00000000000000000E+00 0.00000000000000000E+00 0.00000000000000000E+00
reset_qvel 0.00000000000000000E+00 0.00000000000000000E+00 0.00000000000000000E+00 0.00000000000000000E+00 0.00000000000000000E+00
forward SUCCESS
forward_clamped -1.00000000000000000E+00
qacc -1.55029522321367930E+00 -1.57425802632772172E-01 1.70783343480294381E+00 1.46089470611880712E+00 1.10532184278960277E-02
act_dot
mass 5.20721865033943043E+00 -4.54108691186055058E+00 1.94662313088340766E+00 2.16521488563284015E+00 -2.08342787819774389E-01 -4.54108691186055058E+00 9.25000000000000000E+00 4.32489035835712743E-01 -1.94977389448088134E+00 1.80249543766321851E+00 1.94662313088340766E+00 4.32489035835712743E-01 2.71782474057469914E+00 1.19076700832701277E-01 6.29526908536425123E-01 2.16521488563284015E+00 -1.94977389448088134E+00 1.19076700832701277E-01 2.34623708086785099E+00 0.00000000000000000E+00 -2.08342787819774389E-01 1.80249543766321851E+00 6.29526908536425123E-01 0.00000000000000000E+00 2.31999999999999984E+00
gravity 0.00000000000000000E+00 0.00000000000000000E+00 0.00000000000000000E+00 0.00000000000000000E+00 0.00000000000000000E+00
bias -7.41870312670519061E-01 -3.19450177775016009E+00 -1.20976205935305670E+00 -3.89785358906456825E-01 -1.51461599536943448E+00
passive 1.02592885083376384E-01 -2.06734713206649726E-02 2.66080131001408926E-01 4.48055104126681703E-01 -0.00000000000000000E+00
actuation -1.37999999999999989E+00 1.65790359135699783E-01 0.00000000000000000E+00 0.00000000000000000E+00 0.00000000000000000E+00
length -5.22440040611336753E-01 -5.92412251037789384E-02
velocity 1.17981817845882841E+00 2.06734713206649712E-01
force 5.99999999999999978E-01 1.65790359135699783E-01
position 0.00000000000000000E+00 0.00000000000000000E+00 0.00000000000000000E+00
quaternion 1.00000000000000000E+00 0.00000000000000000E+00 0.00000000000000000E+00 0.00000000000000000E+00
position 3.13746164120471738E-01 5.49971250250137489E-02 9.17084285287969259E-01
quaternion 9.40994938434207340E-01 5.86638100377087357E-02 -2.39291339458644614E-01 2.32005900987775737E-01
position 6.75505827785526147E-01 1.91834365484001151E-02 1.19609562101224931E+00
quaternion 8.17932078319748013E-01 1.28675006328520386E-01 -5.23181550280825358E-01 2.01769480961926512E-01
position 2.98106781289881162E-01 4.71712444276618653E-02 1.45452673816784972E+00
quaternion 8.17932078319748013E-01 1.28675006328520386E-01 -5.23181550280825358E-01 2.01769480961926512E-01
position -3.28057007117195543E-01 1.69687329502070050E-01 9.73637712833286928E-01
quaternion 7.18996932307415348E-01 -3.17992300462612121E-01 -1.71241774970151472E-01 5.93801787370241696E-01
unchanged_qpos 2.27147843744059497E-01 -5.92412251037789384E-02 -1.66602686223907837E-01 -6.40078720180973892E-01 3.06557788415867671E-01
unchanged_qvel -5.12964425416881920E-01 2.06734713206649712E-01 -8.86933770004696420E-01 1.21749535194360803E+00 4.18975631414959082E-01
unchanged_time 1.25000000000000000E-01
act
step SUCCESS
step_clamped -1.00000000000000000E+00
qpos 2.26115721902870992E-01 -5.88283819154995918E-02 -1.68369730201935158E-01 -6.37637890182877753E-01 3.07395784043806242E-01
qvel -5.16060920594255901E-01 2.06421594139674397E-01 -8.83521989013664744E-01 1.22041499904805151E+00 4.18997813969286259E-01
time 1.27000000000000002E-01
lifecycle PASS
