create SUCCESS
reset_qpos 0.00000000000000000E+00 0.00000000000000000E+00 0.00000000000000000E+00 0.00000000000000000E+00 0.00000000000000000E+00
reset_qvel 0.00000000000000000E+00 0.00000000000000000E+00 0.00000000000000000E+00 0.00000000000000000E+00 0.00000000000000000E+00
forward SUCCESS
forward_clamped -1.00000000000000000E+00
qacc 3.48025534363265709E+00 4.15991509432403639E+00 -5.86408012649150212E+00 -2.10868334625187481E+00 -4.52392454990738813E+00
act_dot
mass 5.28867521520865314E+00 -4.23461168198239069E+00 1.83098249647788069E+00 2.42010990176126217E+00 -2.08140524968375096E-01 -4.23461168198239069E+00 9.25000000000000533E+00 1.04395438688898756E+00 -2.32864824880587529E+00 1.97962581498295798E+00 1.83098249647788069E+00 1.04395438688898756E+00 3.08554756269371611E+00 2.19649732307758416E-04 6.29526908536425123E-01 2.42010990176126217E+00 -2.32864824880587529E+00 2.19649732307758416E-04 2.34623708086785054E+00 0.00000000000000000E+00 -2.08140524968375096E-01 1.97962581498295798E+00 6.29526908536425123E-01 0.00000000000000000E+00 2.31999999999999984E+00
gravity -1.41083463607698629E+01 1.35745564724532528E+01 -1.02272453205539744E+01 -6.21313768421052259E+00 -6.67640805461179010E+00
bias 0.00000000000000000E+00 0.00000000000000000E+00 0.00000000000000000E+00 0.00000000000000000E+00 0.00000000000000000E+00
passive -0.00000000000000000E+00 0.00000000000000000E+00 0.00000000000000000E+00 -0.00000000000000000E+00 -0.00000000000000000E+00
actuation 0.00000000000000000E+00 0.00000000000000000E+00 0.00000000000000000E+00 0.00000000000000000E+00 0.00000000000000000E+00
length -0.00000000000000000E+00 0.00000000000000000E+00
velocity -0.00000000000000000E+00 -0.00000000000000000E+00
force 0.00000000000000000E+00 0.00000000000000000E+00
position 0.00000000000000000E+00 0.00000000000000000E+00 0.00000000000000000E+00
quaternion 1.00000000000000000E+00 0.00000000000000000E+00 0.00000000000000000E+00 0.00000000000000000E+00
position 2.00000000000000011E-01 9.99999999999999778E-02 9.00000000000000022E-01
quaternion 9.23380516876638580E-01 1.02597835208515425E-01 -3.07793505625546193E-01 2.05195670417030851E-01
position 5.26315789473684292E-01 1.57894736842105060E-02 1.21052631578947367E+00
quaternion 9.23380516876638580E-01 1.02597835208515425E-01 -3.07793505625546193E-01 2.05195670417030851E-01
position 3.00000000000000100E-01 9.99999999999999639E-02 1.60000000000000009E+00
quaternion 9.23380516876638580E-01 1.02597835208515425E-01 -3.07793505625546193E-01 2.05195670417030851E-01
position -1.58947368421052615E-01 1.52631578947368396E-01 8.08421052631579040E-01
quaternion 7.35767207381958888E-01 -3.06569669742482953E-01 -2.45255735793986324E-01 5.51825405536469304E-01
unchanged_qpos 0.00000000000000000E+00 0.00000000000000000E+00 0.00000000000000000E+00 0.00000000000000000E+00 0.00000000000000000E+00
unchanged_qvel 0.00000000000000000E+00 -0.00000000000000000E+00 -0.00000000000000000E+00 0.00000000000000000E+00 0.00000000000000000E+00
unchanged_time 1.25000000000000000E-01
act
step SUCCESS
step_clamped -1.00000000000000000E+00
qpos 4.37951413838827061E-02 7.01023578851970031E-02 -9.71560079243790203E-02 -2.58592192795034231E-02 -8.77311858916834525E-02
qvel 2.20661565944341526E-01 5.84455022251071377E-01 -7.97133130326084682E-01 -1.23197737367013213E-01 -8.44080398074313232E-01
time 3.25000000000000178E-01
reset_qpos 0.00000000000000000E+00 0.00000000000000000E+00 0.00000000000000000E+00 0.00000000000000000E+00 0.00000000000000000E+00
reset_qvel 0.00000000000000000E+00 0.00000000000000000E+00 0.00000000000000000E+00 0.00000000000000000E+00 0.00000000000000000E+00
forward SUCCESS
forward_clamped -1.00000000000000000E+00
qacc 5.88429699589289434E+00 3.07523823076971503E+00 -1.15589244519011523E+01 -1.07031138910220154E+01 -8.75932654965252189E-01
act_dot
mass 4.66906678727379099E+00 -4.10536146186446427E+00 1.38216897767864166E+00 1.95661359927635514E+00 -1.57340240709891721E-01 -4.10536146186446427E+00 9.25000000000000178E+00 7.15973258073271168E-01 -1.44854240332854767E+00 2.14688566089130095E+00 1.38216897767864166E+00 7.15973258073271168E-01 2.13150819107105471E+00 1.19295051298713040E-01 6.29526908536425234E-01 1.95661359927635514E+00 -1.44854240332854767E+00 1.19295051298713040E-01 2.34623708086784966E+00 0.00000000000000000E+00 -1.57340240709891721E-01 2.14688566089130095E+00 6.29526908536425234E-01 0.00000000000000000E+00 2.31999999999999940E+00
gravity -1.19663474330682433E+01 1.38416776895983649E+01 -7.66739289599822982E+00 -2.07734265513523084E+01 -4.75880642967781586E+00
bias 1.00335402665832323E+01 5.68275593853757499E+00 8.45751878602759710E+00 -6.45717746869548748E-01 -9.98988654969593659E-01
passive -3.49970630900283852E-01 1.45554942379162083E-01 -1.72943049796067949E-01 4.44490059325742370E-01 0.00000000000000000E+00
actuation 7.27760450648625490E-01 1.16534025118245665E+00 0.00000000000000000E+00 0.00000000000000000E+00 0.00000000000000000E+00
length 2.16900996371536016E-02 -1.87517403471373134E-01
velocity -4.02466225535326405E+00 -1.45554942379162089E+00
force -3.16417587238532860E-01 1.16534025118245665E+00
position 0.00000000000000000E+00 0.00000000000000000E+00 0.00000000000000000E+00
quaternion 1.00000000000000000E+00 0.00000000000000000E+00 0.00000000000000000E+00 0.00000000000000000E+00
position 3.63683038694795291E-01 1.93239599773424531E-01 9.60812144980118465E-01
quaternion 8.73712072329545730E-01 1.43142807574148129E-01 -3.37521543907388866E-01 3.19713244492268955E-01
position 6.72007199544171985E-01 1.80545859200250458E-01 1.29959685654011281E+00
quaternion 7.24675475107330547E-01 2.35798602931665491E-01 -5.93413038038415386E-01 2.59047178945183199E-01
position 2.61938733584833050E-01 8.13435743541080225E-02 1.47849000874851733E+00
quaternion 7.24675475107330547E-01 2.35798602931665491E-01 -5.93413038038415386E-01 2.59047178945183199E-01
position 2.87094417800561719E-01 1.57508766557087732E-01 7.77141975957169828E-01
quaternion 6.52707015299363813E-01 -2.88674471728632531E-01 -3.22823652217750945E-01 6.21631314462184670E-01
unchanged_qpos -9.43047810311026247E-03 -1.87517403471373134E-01 2.75308147234995859E-01 -6.34985799036774878E-01 -2.80939290609276582E-01
unchanged_qvel 1.74985315450141909E+00 -1.45554942379162089E+00 5.76476832653559867E-01 -1.11998640127252136E+00 9.11639306120382908E-01
unchanged_time 1.25000000000000000E-01
act
step SUCCESS
step_clamped -1.00000000000000000E+00
qpos -5.90727244139169216E-03 -1.90416219456175845E-01 2.76414906953986184E-01 -6.37268566034191131E-01 -2.79119512882495979E-01
qvel 1.76160283085928504E+00 -1.44940799240135720E+00 5.53379859495165105E-01 -1.14138349870812039E+00 9.09888863390314162E-01
time 1.27000000000000002E-01
reset_qpos 0.00000000000000000E+00 0.00000000000000000E+00 0.00000000000000000E+00 0.00000000000000000E+00 0.00000000000000000E+00
reset_qvel 0.00000000000000000E+00 0.00000000000000000E+00 0.00000000000000000E+00 0.00000000000000000E+00 0.00000000000000000E+00
forward SUCCESS
forward_clamped -1.00000000000000000E+00
qacc -3.76799508028940355E+00 -1.36970253132604558E+00 4.90063751787299395E+00 1.05047642121243427E+01 -5.31545249099488615E+00
act_dot
mass 1.15311980698513015E+01 -7.14474495123899356E+00 7.15082102134228670E+00 1.14396252322823488E+00 1.68862907844755883E-01 -7.14474495123899356E+00 9.25000000000000533E+00 -3.47367115258281878E+00 -1.76684454671983593E+00 7.68249698638248435E-01 7.15082102134228670E+00 -3.47367115258281878E+00 5.93992916709832031E+00 -3.40629135270145933E-01 6.29526908536425234E-01 1.14396252322823488E+00 -1.76684454671983593E+00 -3.40629135270145933E-01 2.34623708086785010E+00 0.00000000000000000E+00 1.68862907844755883E-01 7.68249698638248435E-01 6.29526908536425234E-01 0.00000000000000000E+00 2.31999999999999895E+00
gravity 1.20705076431918386E+01 -1.09601668702605135E+01 6.13597896405210275E+00 1.73334951578613570E+01 -7.68586380156705218E+00
bias 2.36322875433694701E+00 1.69854833482934495E+01 6.32802226182909511E+00 -4.07769899568463234E+00 3.19248201943003362E+00
passive 1.56603362987667277E-01 -7.48283019658839768E-03 3.22758999602826391E-01 -4.25538821005980339E-01 0.00000000000000000E+00
actuation 2.52999999999999980E+00 2.22175204812138505E+00 0.00000000000000000E+00 0.00000000000000000E+00 0.00000000000000000E+00
length -1.47063436562166427E+00 -2.68107387158872612E-01
velocity 1.80093867435817345E+00 7.48283019658839699E-02
force -1.10000000000000009E+00 2.22175204812138505E+00
position 0.00000000000000000E+00 0.00000000000000000E+00 0.00000000000000000E+00
quaternion 1.00000000000000000E+00 0.00000000000000000E+00 0.00000000000000000E+00 0.00000000000000000E+00
position 6.07679721249303917E-01 2.91913830516229988E-03 9.36920122454270810E-01
quaternion 9.73628084972162688E-01 -1.20511224190089195E-01 -1.23201590275374931E-01 1.49488344533157624E-01
position 1.00234544374864232E+00 -3.42352113778859740E-02 1.16682993473662022E+00
quaternion 9.65870752114682096E-01 -1.59728456622905968E-01 1.73850423934945569E-01 1.06567070204272793E-01
position 1.16246598807565449E+00 3.04292151661390453E-01 1.43095232257622618E+00
quaternion 9.65870752114682096E-01 -1.59728456622905968E-01 1.73850423934945569E-01 1.06567070204272779E-01
position 8.00284888797602179E-01 -3.42644918758844119E-01 6.57054990466056754E-01
quaternion 7.29044314909585101E-01 -4.10337453210426806E-01 3.51738043417321247E-02 5.46699519735406314E-01
unchanged_qpos 6.39406245922462757E-01 -2.68107387158872612E-01 -7.75328895975215815E-01 6.07912601437114786E-01 -7.58754311961808092E-01
unchanged_qvel -7.83016814938336303E-01 7.48283019658839699E-02 -1.07586333200942130E+00 -1.27703290103746969E+00 -3.58200639147663757E-01
unchanged_time 1.25000000000000000E-01
act
step SUCCESS
step_clamped -1.00000000000000000E+00
qpos 6.37825154346428613E-01 -2.67963207002761383E-01 -7.77461038357718182E-01 6.05400546975901732E-01 -7.59491971896680607E-01
qvel -7.90545788017097295E-01 7.20900780556242571E-02 -1.06607119125119953E+00 -1.25602723060655297E+00 -3.68829967436256234E-01
time 1.27000000000000002E-01
reset_qpos 0.00000000000000000E+00 0.00000000000000000E+00 0.00000000000000000E+00 0.00000000000000000E+00 0.00000000000000000E+00
reset_qvel 0.00000000000000000E+00 0.00000000000000000E+00 0.00000000000000000E+00 0.00000000000000000E+00 0.00000000000000000E+00
forward SUCCESS
forward_clamped -1.00000000000000000E+00
qacc 9.13078244377059534E+00 3.71812408593090815E+00 -7.26732223139435352E+00 -7.94368564650846665E+00 -3.58277248616773036E+00
act_dot
mass 6.90667529553719461E+00 -3.69683334144782005E+00 1.65822750778647743E+00 2.64062175591237569E+00 -2.45673966366731999E-01 -3.69683334144782005E+00 9.25000000000000178E+00 2.08990607526891337E+00 -1.62907446709361636E+00 2.16636057328477971E+00 1.65822750778647743E+00 2.08990607526891337E+00 3.50036215527191885E+00 2.07606259919426717E-02 6.29526908536425123E-01 2.64062175591237569E+00 -1.62907446709361636E+00 2.07606259919426717E-02 2.34623708086784877E+00 0.00000000000000000E+00 -2.45673966366731999E-01 2.16636057328477971E+00 6.29526908536425123E-01 0.00000000000000000E+00 2.31999999999999940E+00
gravity 7.70924744306558907E+00 7.38265492346404373E-01 -6.89968844696213957E+00 -5.91804993314212524E+00 -7.01584098096234055E+00
bias -7.45481744733994844E+00 6.70962947804221699E+00 -1.42163621752556035E+00 -5.21544467741998119E+00 -1.10631787236240564E-02
passive -3.10193172810165341E-01 -9.72316436848405241E-02 4.68996984532459305E-01 3.71730100148802770E-02 0.00000000000000000E+00
actuation 2.52999999999999980E+00 -2.99540721509958452E+00 0.00000000000000000E+00 0.00000000000000000E+00 0.00000000000000000E+00
length -8.48179761791549414E-01 -4.10874964527485564E-01
velocity -3.56722148731690103E+00 9.72316436848405186E-01
force -1.10000000000000009E+00 -2.99540721509958452E+00
position 0.00000000000000000E+00 0.00000000000000000E+00 0.00000000000000000E+00
quaternion 1.00000000000000000E+00 0.00000000000000000E+00 0.00000000000000000E+00 0.00000000000000000E+00
position 5.78548899145531426E-01 3.75462970637917726E-01 9.82593817005713688E-01
quaternion 7.90052055320260793E-01 1.70731682238621923E-01 -2.36921629960176849E-01 5.39014456041036816E-01
position 8.68703232834109884E-01 5.59138667423354718E-01 1.28603030303223176E+00
quaternion 7.83483532245925041E-01 1.84981812488472619E-01 -2.57813233869411518E-01 5.34291699532871478E-01
position 6.29269832247084437E-01 4.79305768921159392E-01 1.66851998263165724E+00
quaternion 7.83483532245925041E-01 1.84981812488472619E-01 -2.57813233869411518E-01 5.34291699532871478E-01
position 1.55481393990192229E-03 2.79222582907205641E-02 1.00254938274279737E+00
quaternion 4.72437003341657002E-01 -2.23708944074392513E-01 -3.14268031464325026E-01 7.92460213899860988E-01
unchanged_qpos 3.68773809474586711E-01 -4.10874964527485564E-01 4.58402085062472597E-01 -5.31043000212575445E-02 3.26949220155453357E-01
unchanged_qvel 1.55096586405082659E+00 9.72316436848405186E-01 -1.56332328177486435E+00 1.41840756175954308E+00 -7.77371507274787543E-01
unchanged_time 1.25000000000000000E-01
act
step SUCCESS
step_clamped -1.00000000000000000E+00
qpos 3.71912249895564095E-01 -4.08915467610522110E-01 4.55246385674252629E-01 -5.02992494069638280E-02 3.25380147947920695E-01
qvel 1.56922021048869098E+00 9.79748458481731421E-01 -1.57784969410999176E+00 1.40252530714685752E+00 -7.84536103766345083E-01
time 1.27000000000000002E-01
reset_qpos 0.00000000000000000E+00 0.00000000000000000E+00 0.00000000000000000E+00 0.00000000000000000E+00 0.00000000000000000E+00
reset_qvel 0.00000000000000000E+00 0.00000000000000000E+00 0.00000000000000000E+00 0.00000000000000000E+00 0.00000000000000000E+00
forward SUCCESS
forward_clamped -1.00000000000000000E+00
qacc 1.38547155918240890E+01 5.04388099409264701E+00 -1.38400798823635824E+01 -1.34832225449575418E+01 -2.15882024065370581E+00
act_dot
mass 7.32397510555654918E+00 -3.62605865551026207E+00 1.40000160371860582E+00 2.59311381947128394E+00 -3.14218001186707285E-01 -3.62605865551026207E+00 9.25000000000000355E+00 1.94010950104265900E+00 -1.51031253615488148E+00 2.16213409480072238E+00 1.40000160371860582E+00 1.94010950104265900E+00 2.64840802812888443E+00 6.29787377274571014E-02 6.29526908536425012E-01 2.59311381947128394E+00 -1.51031253615488148E+00 6.29787377274571014E-02 2.34623708086785099E+00 0.00000000000000000E+00 -3.14218001186707285E-01 2.16213409480072238E+00 6.29526908536425012E-01 0.00000000000000000E+00 2.31999999999999940E+00
gravity 1.83872133780111540E+01 -4.85882818570063169E+00 -8.05974398239749945E+00 -7.51903072719011156E+00 -8.29806882697616466E+00
bias -8.58578239919132180E+00 1.23051724777249873E+01 1.34438020878644138E+00 -3.39232764288436828E+00 -1.30815564470772849E+00
passive 3.09075089875516795E-02 5.69202386427338780E-02 -5.78263412698907464E-01 1.27241952195466246E-01 0.00000000000000000E+00
actuation 2.52999999999999980E+00 2.54018735658546291E+00 0.00000000000000000E+00 0.00000000000000000E+00 0.00000000000000000E+00
length -1.15552860369030830E+00 -5.20836613874253729E-01
velocity 3.55436353356844315E-01 -5.69202386427338780E-01
force -1.10000000000000009E+00 2.54018735658546291E+00
position 0.00000000000000000E+00 0.00000000000000000E+00 0.00000000000000000E+00
quaternion 1.00000000000000000E+00 0.00000000000000000E+00 0.00000000000000000E+00 0.00000000000000000E+00
position 6.65849542108127412E-01 4.72728488269136937E-01 9.62101691266416315E-01
quaternion 7.58773292530037557E-01 1.76660271305276062E-01 -1.94339840936412239E-01 5.96058944493145337E-01
position 9.37616456366068940E-01 7.11703098804329470E-01 1.24323134077758013E+00
quaternion 7.38002859665831012E-01 2.30030646338215045E-01 -2.62405530347818050E-01 5.77564731015631883E-01
position 7.13847870710987209E-01 5.73226110485174356E-01 1.61840029442377542E+00
quaternion 7.38002859665831012E-01 2.30030646338215045E-01 -2.62405530347818050E-01 5.77564731015631883E-01
position 4.19193392577220492E-01 2.31009620918110864E-01 8.94171054437498669E-01
quaternion 4.15322537599819408E-01 -1.97731807627426842E-01 -2.98850726571721459E-01 8.36120544683355393E-01
unchanged_qpos 5.02403740734916671E-01 -5.20836613874253729E-01 4.90221761594618499E-01 -1.81774217422094653E-01 -2.65441252952340889E-02
unchanged_qvel -1.54537544937758398E-01 -5.69202386427338780E-01 1.92754470899635821E+00 8.30073119630191592E-01 -7.64211690266553667E-01
unchanged_time 1.25000000000000000E-01
act
step SUCCESS
step_clamped -1.00000000000000000E+00
qpos 5.02150063971024130E-01 -5.21954856497276021E-01 4.94021523373001037E-01 -1.80167990862113658E-01 -2.80811831416855791E-02
qvel -1.26838381946261847E-01 -5.59121311511165509E-01 1.89988088919125686E+00 8.03113279990498974E-01 -7.68528923225745064E-01
time 1.27000000000000002E-01
reset_qpos 0.00000000000000000E+00 0.00000000000000000E+00 0.00000000000000000E+00 0.00000000000000000E+00 0.00000000000000000E+00
reset_qvel 0.00000000000000000E+00 0.00000000000000000E+00 0.00000000000000000E+00 0.00000000000000000E+00 0.00000000000000000E+00
forward SUCCESS
forward_clamped -1.00000000000000000E+00
qacc -2.87020667361030313E+00 3.80736431886202542E+00 1.21661573944679668E+00 1.55847323811799576E+01 -5.80458444587646127E+00
act_dot
mass 2.40070172286342443E+00 -1.39591357965203788E+00 2.03597947665833834E-01 9.84179458696218479E-01 4.80542539970815419E-01 -1.39591357965203788E+00 9.25000000000000178E+00 4.35504309166085157E+00 -1.10221183362758191E+00 2.09320483874653762E+00 2.03597947665833834E-01 4.35504309166085157E+00 5.87702341754285218E+00 -3.84088303715753310E-01 6.29526908536424790E-01 9.84179458696218479E-01 -1.10221183362758191E+00 -3.84088303715753310E-01 2.34623708086784921E+00 0.00000000000000000E+00 4.80542539970815419E-01 2.09320483874653762E+00 6.29526908536424790E-01 0.00000000000000000E+00 2.31999999999999940E+00
gravity -8.18321521976620048E+00 2.30473297382980000E+01 -1.90669901769958159E+01 -2.76914300450815798E+00 3.15138373349302370E+00
bias -9.24968358362736076E+00 7.47563810650695260E+00 -3.18647653376839166E+01 -3.21119341855884244E+01 9.26792808661963363E+00
passive 3.82211341194741150E-01 1.64009522888309223E-01 5.27297554858197182E-01 -4.69533722579534740E-01 0.00000000000000000E+00
actuation -9.64506575188611159E-01 -3.78400155345686384E-01 0.00000000000000000E+00 0.00000000000000000E+00 0.00000000000000000E+00
length 1.42574967298831479E+00 4.33723477099654309E-01
velocity 4.39543042373952275E+00 -1.64009522888309212E+00
force 4.19350684864613577E-01 -3.78400155345686384E-01
position 0.00000000000000000E+00 0.00000000000000000E+00 0.00000000000000000E+00
quaternion 1.00000000000000000E+00 0.00000000000000000E+00 0.00000000000000000E+00 0.00000000000000000E+00
position -2.67449142090825653E-01 5.83030739947205667E-01 8.36358919612969598E-01
quaternion 7.95024324367085811E-01 1.58938863346637149E-01 -5.36952525290179006E-01 2.33145334431631185E-01
position -1.11276309623764308E-01 4.44579286296859499E-01 1.24433102819555552E+00
quaternion 9.27456214417595848E-01 7.33486356956834368E-02 -2.45370456838275824E-01 2.72467038172950538E-01
position -3.12513049236037510E-01 5.51766286802959138E-01 1.64184168409389430E+00
quaternion 9.27456214417595848E-01 7.33486356956834368E-02 -2.45370456838275824E-01 2.72467038172950593E-01
position 3.75637427765819210E-02 5.54364195444274177E-01 6.79248749109128358E-01
quaternion 6.55872040111508459E-01 -3.41647975312185159E-01 -4.85942837708691566E-01 4.65798332376444357E-01
unchanged_qpos -6.19891162168832555E-01 4.33723477099654309E-01 6.75345045333106020E-01 6.70762460827906803E-01 -5.97868416908980516E-01
unchanged_qvel -1.91105670597370558E+00 -1.64009522888309212E+00 -1.75765851619399083E+00 1.67866609744081119E+00 1.20264601774987989E+00
unchanged_time 1.25000000000000000E-01
act
step SUCCESS
step_clamped -1.00000000000000000E+00
qpos -6.23724753259580322E-01 4.30458516891156218E-01 6.71834593609532016E-01 6.74182130814984681E-01 -5.95486344264684608E-01
qvel -1.91679554537388586E+00 -1.63248010424903622E+00 -1.75522586178701201E+00 1.70983499353895252E+00 1.19103632214793387E+00
time 1.27000000000000002E-01
reset_qpos 0.00000000000000000E+00 0.00000000000000000E+00 0.00000000000000000E+00 0.00000000000000000E+00 0.00000000000000000E+00
reset_qvel 0.00000000000000000E+00 0.00000000000000000E+00 0.00000000000000000E+00 0.00000000000000000E+00 0.00000000000000000E+00
forward SUCCESS
forward_clamped -1.00000000000000000E+00
qacc -3.14951159291933180E+00 -2.00354978775374448E+00 -3.56543014980638162E+00 -5.39779373921963401E+00 -3.57406390685864528E+00
act_dot
mass 4.37536382623093711E+00 -4.39457762139714880E+00 5.52871692179243368E-01 2.06943882044041150E+00 -2.05219349058124834E-01 -4.39457762139714880E+00 9.25000000000000000E+00 1.71663671391106193E-01 -1.86448984120705985E+00 2.06064032908288119E+00 5.52871692179243368E-01 1.71663671391106193E-01 2.89624572314781359E+00 1.17827483594841576E-01 6.29526908536425345E-01 2.06943882044041150E+00 -1.86448984120705985E+00 1.17827483594841576E-01 2.34623708086785099E+00 0.00000000000000000E+00 -2.05219349058124834E-01 2.06064032908288119E+00 6.29526908536425345E-01 0.00000000000000000E+00 2.31999999999999984E+00
gravity -2.58686316172380302E+01 1.58797559052179356E+01 -1.29039519367010413E+01 -1.83124514436585777E+01 -5.61796053295127340E+00
bias -6.19308241354649169E+00 1.85614704626832143E+01 1.47995917872901561E+00 -2.08347315118963561E+00 8.76673637725741983E+00
passive -3.31211359384549153E-01 -9.53544426022955999E-02 -5.85510328993233631E-01 3.46590182718230611E-01 0.00000000000000000E+00
actuation 2.52999999999999980E+00 -1.03010569884356529E-01 0.00000000000000000E+00 0.00000000000000000E+00 0.00000000000000000E+00
length 1.97574625499028073E-01 3.64975289830722804E-01
velocity -3.80893063292231426E+00 9.53544426022955971E-01
force -1.10000000000000009E+00 -1.03010569884356529E-01
position 0.00000000000000000E+00 0.00000000000000000E+00 0.00000000000000000E+00
quaternion 1.00000000000000000E+00 0.00000000000000000E+00 0.00000000000000000E+00 0.00000000000000000E+00
position -1.78216490408234174E-01 1.57466116580533499E-01 8.38423088882624401E-01
quaternion 9.08235668349516634E-01 1.21174544206024831E-01 -3.39538970223917436E-01 2.12457026886499228E-01
position 1.30558157008043962E-01 6.64101791835677718E-02 1.16456268074125324E+00
quaternion 7.97343718352666486E-01 1.69541373097081616E-01 -5.51744267180507619E-01 1.76286645113419488E-01
position -2.58216954982899760E-01 6.59268737703311430E-02 1.40716045219084185E+00
quaternion 7.97343718352666486E-01 1.69541373097081616E-01 -5.51744267180507508E-01 1.76286645113419488E-01
position 1.94030317203051084E-01 3.92729508744437961E-02 5.35576306138386471E-01
quaternion 7.27859517176128068E-01 -3.03452101752303083E-01 -2.84243214494979357E-01 5.45291793640620415E-01
unchanged_qpos -8.59020110865339470E-02 3.64975289830722804E-01 1.02285537872393251E-01 -4.95128832454615198E-01 -7.69285448527067817E-01
unchanged_qvel 1.65605679692274554E+00 9.53544426022955971E-01 1.95170109664411218E+00 -6.96760254796683132E-01 -1.06566337534205458E+00
unchanged_time 1.25000000000000000E-01
act
step SUCCESS
step_clamped -1.00000000000000000E+00
qpos -8.26024922329010591E-02 3.66874366318282741E-01 1.06174681075769453E-01 -4.96543945734455872E-01 -7.71431073611456131E-01
qvel 1.64975942681644328E+00 9.49538243779973534E-01 1.94457160168810139E+00 -7.07556639920342567E-01 -1.07281254219414546E+00
time 1.27000000000000002E-01
reset_qpos 0.00000000000000000E+00 0.00000000000000000E+00 0.00000000000000000E+00 0.00000000000000000E+00 0.00000000000000000E+00
reset_qvel 0.00000000000000000E+00 0.00000000000000000E+00 0.00000000000000000E+00 0.00000000000000000E+00 0.00000000000000000E+00
forward SUCCESS
forward_clamped -1.00000000000000000E+00
qacc -2.10048244423510910E+00 1.22525083768321852E+00 -1.30692847303828374E+00 -5.61175072097906558E+00 2.86555092748344231E-01
act_dot
mass 4.25320683261661703E+00 -3.52972799747600874E+00 5.64045654816688447E-01 1.53886181271386291E+00 1.92567109517307683E-01 -3.52972799747600874E+00 9.25000000000000178E+00 2.22257977939403961E+00 -8.51969471473962736E-01 2.01040873635075457E+00 5.64045654816688447E-01 2.22257977939403961E+00 2.68200730211100336E+00 7.52029924281595319E-02 6.29526908536424679E-01 1.53886181271386291E+00 -8.51969471473962736E-01 7.52029924281595319E-02 2.34623708086784966E+00 0.00000000000000000E+00 1.92567109517307683E-01 2.01040873635075457E+00 6.29526908536424679E-01 0.00000000000000000E+00 2.31999999999999851E+00
gravity -1.89131235414251826E+01 1.95586117270446671E+01 -3.76756025092289271E+00 -1.85330959450676716E+01 1.67203919550148883E+00
bias 1.93599371618504768E-01 -1.39962603528835206E+00 -1.45973463715983787E+00 -6.13803685052492942E-01 -3.69544778203427238E-02
passive 3.19321109223364083E-02 7.70511592567802855E-02 1.64696845909635348E-01 1.58961991567475064E-01 -0.00000000000000000E+00
actuation -3.21999999999999975E+00 4.57038761448236519E-01 0.00000000000000000E+00 0.00000000000000000E+00 0.00000000000000000E+00
length 5.89765805385931707E-01 1.48085673120481598E-02
velocity 3.67219275606868678E-01 -7.70511592567802772E-01
force 1.39999999999999991E+00 4.57038761448236519E-01
position 0.00000000000000000E+00 0.00000000000000000E+00 0.00000000000000000E+00
quaternion 1.00000000000000000E+00 0.00000000000000000E+00 0.00000000000000000E+00 0.00000000000000000E+00
position 5.44261977436251987E-02 3.58253852744012224E-01 9.74026740424545956E-01
quaternion 7.57979825985008349E-01 1.93063265377690613E-01 -4.48483495151039691E-01 4.32499379812904483E-01
position 2.58347927836655389E-01 3.72916222459784064E-01 1.38414982305972689E+00
quaternion 7.02285632777871927E-01 2.40822466461208945E-01 -5.31475071867853810E-01 4.07840259935656146E-01
position -1.17200723034033283E-01 2.06163938974718380E-01 1.58702142477303210E+00
quaternion 7.02285632777871927E-01 2.40822466461208945E-01 -5.31475071867853810E-01 4.07840259935656146E-01
position -3.07552444688362292E-01 2.33576748186366812E-01 7.47213742626764543E-01
quaternion 5.27152146472272154E-01 -2.85773202844162300E-01 -4.80321317352331800E-01 6.40106024891803127E-01
unchanged_qpos -2.56419915385187713E-01 1.48085673120481598E-02 7.93595731090727119E-01 -2.27088559382107258E-01 8.11520813106596517E-02
unchanged_qvel -1.59660554611682048E-01 -7.70511592567802772E-01 -5.48989486365451196E-01 7.52592023036526392E-01 4.87302892968346946E-01
unchanged_time 1.25000000000000000E-01
act
step SUCCESS
step_clamped -1.00000000000000000E+00
qpos -2.56747637565430453E-01 1.32724451060554430E-02 7.92492525512243695E-01 -2.25605822946473494E-01 8.21278329659740208E-02
qvel -1.63861090121373398E-01 -7.68061102996358214E-01 -5.51602789241714020E-01 7.41368217816876007E-01 4.87875827657181182E-01
time 1.27000000000000002E-01
reset_qpos 0.00000000000000000E+00 0.00000000000000000E+00 0.00000000000000000E+00 0.00000000000000000E+00 0.00000000000000000E+00
reset_qvel 0.00000000000000000E+00 0.00000000000000000E+00 0.00000000000000000E+00 0.00000000000000000E+00 0.00000000000000000E+00
forward SUCCESS
forward_clamped -1.00000000000000000E+00
qacc 3.11111918618009220E+00 5.49432788448669496E-01 -5.84558402281451261E+00 -7.27208084684916223E+00 -3.76762975451994642E+00
act_dot
mass 7.17406475736162541E+00 -4.97175957921179901E+00 2.38081100365013931E+00 2.00606411037404397E+00 1.20511365509214763E-01 -4.97175957921179901E+00 9.25000000000000355E+00 -3.43140602253041105E-01 -2.06651179502231042E+00 1.56997689385623174E+00 2.38081100365013931E+00 -3.43140602253041105E-01 2.16096950945035182E+00 1.19010067686948967E-01 6.29526908536425123E-01 2.00606411037404397E+00 -2.06651179502231042E+00 1.19010067686948967E-01 2.34623708086785054E+00 0.00000000000000000E+00 1.20511365509214763E-01 1.56997689385623174E+00 6.29526908536425123E-01 0.00000000000000000E+00 2.32000000000000028E+00
gravity 2.05747565420265488E+00 3.50959330605397168E+00 -3.35969324323770779E+00 -1.52811589072394920E+01 -8.74004822793332536E+00
bias 1.39727332570488727E+01 2.89886674230568619E+00 5.00695315662933194E+00 -2.16642136504495841E+00 2.38040530993874633E+00
passive 1.51791561391670549E-01 -1.93578773548928190E-01 4.53976152551947010E-02 4.49085043580888688E-01 0.00000000000000000E+00
actuation 2.52999999999999980E+00 3.44633964071798804E-01 0.00000000000000000E+00 0.00000000000000000E+00 0.00000000000000000E+00
length -6.86397076651549920E-01 -4.84199710699380725E-01
velocity 1.74560295600421100E+00 1.93578773548928185E+00
force -1.10000000000000009E+00 3.44633964071798804E-01
position 0.00000000000000000E+00 0.00000000000000000E+00 0.00000000000000000E+00
quaternion 1.00000000000000000E+00 0.00000000000000000E+00 0.00000000000000000E+00 0.00000000000000000E+00
position 7.41414719880510109E-01 1.19274464472102243E-01 9.31158795642779147E-01
quaternion 9.59022768062915532E-01 1.93788320277409366E-02 -2.09543480618673228E-01 1.89713786890662234E-01
position 1.11243899905777099E+00 6.44569093311972569E-02 1.19447613253757590E+00
quaternion 8.44034785534964693E-01 7.82075091327401051E-02 -5.01236890840839000E-01 1.73926552263900719E-01
position 7.54173798819767871E-01 1.48879469616894189E-01 1.46745759273813858E+00
quaternion 8.44034785534964693E-01 7.82075091327401051E-02 -5.01236890840839000E-01 1.73926552263900719E-01
position 4.34028251408739019E-01 1.59495662722923509E-01 8.64000389161211024E-01
quaternion 7.41353139488049262E-01 -3.35892875501509647E-01 -1.15306632032669956E-01 5.69452262589080216E-01
unchanged_qpos 2.98433511587630429E-01 -4.84199710699380725E-01 -3.35717017098707882E-01 -6.41550062258412490E-01 -6.98420281295145662E-02
unchanged_qvel -7.58957806958352688E-01 1.93578773548928185E+00 -1.51325384183982337E-01 -7.76805920121387050E-01 -8.82860954648301277E-01
unchanged_time 1.25000000000000000E-01
act
step SUCCESS
step_clamped -1.00000000000000000E+00
qpos 1.89364115696930818E-01 -9.24705442543466427E-02 -4.51958147947529087E-01 -9.52347076871057241E-01 -3.20393437881670795E-01
qvel -6.13223182334749706E-01 1.90394996490090707E+00 -7.06263694732929825E-01 -2.24286759199953956E+00 -1.64742729880678529E+00
time 3.25000000000000178E-01
reset_qpos 0.00000000000000000E+00 0.00000000000000000E+00 0.00000000000000000E+00 0.00000000000000000E+00 0.00000000000000000E+00
reset_qvel 0.00000000000000000E+00 0.00000000000000000E+00 0.00000000000000000E+00 0.00000000000000000E+00 0.00000000000000000E+00
forward SUCCESS
forward_clamped -1.00000000000000000E+00
qacc -7.32194816607037247E+00 -5.53544718800759039E+00 6.46622181723137679E-01 -3.01541173336335611E+00 3.62798052102685231E+00
act_dot
mass 7.00888272830492642E+00 -3.86706173640037409E+00 6.65345793442135847E-01 1.43135889341359901E+00 3.18250145557530617E-01 -3.86706173640037409E+00 9.25000000000000178E+00 1.67596350561672680E+00 -1.43493699313928791E+00 2.16217398927353388E+00 6.65345793442135847E-01 1.67596350561672680E+00 2.71464724637136889E+00 9.22078881794194394E-02 6.29526908536425789E-01 1.43135889341359901E+00 -1.43493699313928791E+00 9.22078881794194394E-02 2.34623708086785010E+00 0.00000000000000000E+00 3.18250145557530617E-01 2.16217398927353388E+00 6.29526908536425789E-01 0.00000000000000000E+00 2.32000000000000073E+00
gravity -3.30207888146127502E+01 -1.18165198421194684E+00 -6.08769374423843335E+00 -1.13602823290299231E+01 -7.36943524787073123E+00
bias -2.82070241984364811E+00 1.02845370080287655E+01 4.96208005585359579E+00 -1.82335688826300402E+00 -1.71616856523559980E+00
passive 3.19214882532065786E-02 1.19060701540924629E-01 4.15036180402243104E-01 2.11125283581936135E-01 0.00000000000000000E+00
actuation -2.79068457301471007E+00 1.76545543078484979E+00 0.00000000000000000E+00 0.00000000000000000E+00 0.00000000000000000E+00
length -9.56151415861474674E-01 5.63827120599135645E-01
velocity 3.67097114911875577E-01 -1.19060701540924629E+00
force 1.21334111870204797E+00 1.76545543078484979E+00
position 0.00000000000000000E+00 0.00000000000000000E+00 0.00000000000000000E+00
quaternion 1.00000000000000000E+00 0.00000000000000000E+00 0.00000000000000000E+00 0.00000000000000000E+00
position -3.35312423690686701E-01 3.66732276431100401E-02 9.92450891604547136E-01
quaternion 7.73408016351234129E-01 1.76728946308724905E-01 -2.22667296436433265E-01 5.66591735624467518E-01
position -5.51905230359240884E-02 2.44091813952364456E-01 1.28995593496857763E+00
quaternion 7.31178394823547739E-01 2.59843867956660923E-01 -3.36331443076500813E-01 5.33610794143690392E-01
position -3.11595959239331588E-01 6.81724434131701917E-02 1.62656940373421399E+00
quaternion 7.31178394823547739E-01 2.59843867956660923E-01 -3.36331443076500813E-01 5.33610794143690392E-01
position -7.64110349057639082E-01 -2.79509513569746737E-01 9.75110127081144973E-01
quaternion 4.45057041441311751E-01 -2.11193827106980758E-01 -3.13790814898063986E-01 8.11699896353955674E-01
unchanged_qpos 4.15718006896293346E-01 5.63827120599135645E-01 4.89984211097606481E-01 -3.01607547974194479E-01 1.77641826415636750E-01
unchanged_qvel -1.59607441266032879E-01 -1.19060701540924629E+00 -1.38345393467414368E+00 -1.99247097106970195E+00 -7.66163263179620024E-01
unchanged_time 1.25000000000000000E-01
act
step SUCCESS
step_clamped -1.00000000000000000E+00
qpos 4.15369508141582688E-01 5.61423768022834002E-01 4.87219886837208571E-01 -3.05604551858291829E-01 1.76124009032348650E-01
qvel -1.74249377355327861E-01 -1.20167628815079452E+00 -1.38216213019895440E+00 -1.99850194204866938E+00 -7.58908691644045730E-01
time 1.27000000000000002E-01
reset_qpos 0.00000000000000000E+00 0.00000000000000000E+00 0.00000000000000000E+00 0.00000000000000000E+00 0.00000000000000000E+00
reset_qvel 0.00000000000000000E+00 0.00000000000000000E+00 0.00000000000000000E+00 0.00000000000000000E+00 0.00000000000000000E+00
forward SUCCESS
forward_clamped -1.00000000000000000E+00
qacc -1.08336665375974506E+00 1.17057335495735382E+00 -1.00943667595734943E+00 -3.61702803260404071E+00 -6.55307121465438414E+00
act_dot
mass 1.21589482581027806E+01 -4.49323584108966934E+00 2.38455526521111061E+00 2.80283408901935305E+00 -1.15645597402800604E+00 -4.49323584108966934E+00 9.25000000000000178E+00 5.94643073368022135E-01 -2.10333427006051865E+00 9.12958700316854666E-01 2.38455526521111061E+00 5.94643073368022135E-01 4.04174871796234481E+00 1.16369391629142588E-01 6.29526908536425123E-01 2.80283408901935305E+00 -2.10333427006051865E+00 1.16369391629142588E-01 2.34623708086785010E+00 0.00000000000000000E+00 -1.15645597402800604E+00 9.12958700316854666E-01 6.29526908536425123E-01 0.00000000000000000E+00 2.32000000000000028E+00
gravity -4.32185236485055100E+01 1.64979538331227786E+01 -2.95960412414472041E+00 -1.65688530638166611E+01 -1.02799576125332166E+01
bias -1.89297106056290829E+01 -3.97647758214338243E+00 7.19254360494252243E+00 -2.05179007290063709E+00 3.14424924397101346E+00
passive 2.12620851118855037E-01 -1.68341581541580965E-01 -3.97405178591744568E-01 4.79102810443145621E-01 -0.00000000000000000E+00
actuation 1.02864977345626718E+00 -3.37043161393581681E+00 0.00000000000000000E+00 0.00000000000000000E+00 0.00000000000000000E+00
length 2.55321157968169288E-01 7.91753619597208802E-01
velocity 2.44513978786683239E+00 1.68341581541580965E+00
force -4.47239031937507470E-01 -3.37043161393581681E+00
position 0.00000000000000000E+00 0.00000000000000000E+00 0.00000000000000000E+00
quaternion 1.00000000000000000E+00 0.00000000000000000E+00 0.00000000000000000E+00 0.00000000000000000E+00
position -6.84113022154732131E-01 -4.92990805518155883E-02 6.55513235525568061E-01
quaternion 9.60727461759817603E-01 9.34597954110414839E-03 -2.26388017705742906E-01 -1.60199445461649687E-01
position -4.50161096469656796E-01 -3.58359997065630931E-01 8.99946961414377244E-01
quaternion 8.29047678644084574E-01 -4.49550032679031861E-02 -5.35657294242365301E-01 -1.54046283113178695E-01
position -7.01304247923829838E-01 -9.35580434881169154E-02 1.17708779719863754E+00
quaternion 8.29047678644084574E-01 -4.49550032679031861E-02 -5.35657294242365301E-01 -1.54046283113178695E-01
position -1.22709797333077053E+00 7.97662048204492380E-01 9.59562134443221249E-01
quaternion 9.09684907797288167E-01 -3.10925060310297818E-01 -4.07541508626876672E-02 2.72283078035228554E-01
unchanged_qpos -1.11009199116595347E-01 7.91753619597208802E-01 -7.04313597327983043E-01 -6.84432586347350935E-01 7.15123152831366182E-01
unchanged_qvel -1.06310425559427513E+00 1.68341581541580965E+00 1.32468392863914852E+00 -1.70369919536736081E-01 1.61685927994105461E+00
unchanged_time 1.25000000000000000E-01
act
step SUCCESS
step_clamped -1.00000000000000000E+00
qpos -1.13139741125817012E-01 7.95125133337853618E-01 -7.01668266548481911E-01 -6.84787794458798227E-01 7.18330658981469083E-01
qvel -1.06527100461083157E+00 1.68575687032239263E+00 1.32266538975056824E+00 -1.77604055723670023E-01 1.60375307505147502E+00
time 1.27000000000000002E-01
reset_qpos 0.00000000000000000E+00 0.00000000000000000E+00 0.00000000000000000E+00 0.00000000000000000E+00 0.00000000000000000E+00
reset_qvel 0.00000000000000000E+00 0.00000000000000000E+00 0.00000000000000000E+00 0.00000000000000000E+00 0.00000000000000000E+00
forward SUCCESS
forward_clamped -1.00000000000000000E+00
qacc -4.85302036352426303E+00 -6.50773065804610251E-01 6.69808365632053038E-01 6.36668333752435522E+00 -1.09648216037507318E+00
act_dot
mass 7.74761963968277456E+00 -2.09074349623689626E+00 1.99190827004679094E+00 5.38332281049077710E-01 6.31612833853623101E-01 -2.09074349623689626E+00 9.25000000000000178E+00 3.90776488728674654E+00 -1.06108880004231443E+00 2.10376898223912479E+00 1.99190827004679094E+00 3.90776488728674654E+00 7.10723972213531230E+00 -4.68179688478944478E-01 6.29526908536425900E-01 5.38332281049077710E-01 -1.06108880004231443E+00 -4.68179688478944478E-01 2.34623708086784966E+00 0.00000000000000000E+00 6.31612833853623101E-01 2.10376898223912479E+00 6.29526908536425900E-01 0.00000000000000000E+00 2.32000000000000073E+00
gravity -2.73428797442829818E+01 -4.17361395447664218E+00 -1.28639822236036387E+01 1.42953631856166226E+01 -7.40652115508852038E+00
bias 1.40827543750412065E+00 -2.73576955730923732E+00 -1.86690580233802073E+00 7.27136396878507729E-01 -9.97975751979541137E-01
passive 6.64850506874183900E-02 -7.59800298525767082E-02 6.77703331059967135E-02 -5.52286923146460107E-01 0.00000000000000000E+00
actuation -3.21999999999999975E+00 -6.01152988335448613E-01 0.00000000000000000E+00 0.00000000000000000E+00 0.00000000000000000E+00
length -1.11901986359839012E+00 6.40781156235051386E-01
velocity 7.64578082905311374E-01 7.59800298525767026E-01
force 1.39999999999999991E+00 -6.01152988335448613E-01
position 0.00000000000000000E+00 0.00000000000000000E+00 0.00000000000000000E+00
quaternion 1.00000000000000000E+00 0.00000000000000000E+00 0.00000000000000000E+00 0.00000000000000000E+00
position -4.32112115372897954E-01 5.39353622486993256E-03 1.03500204640910032E+00
quaternion 7.07388608003130637E-01 2.09679154329343947E-01 -2.01310691865630192E-01 6.44290318759878300E-01
position -1.98893336215447858E-01 2.64260627167704931E-01 1.33265424323469484E+00
quaternion 7.30427169791590725E-01 -5.40510542084983447E-02 8.60278270228425901E-02 6.75391624279517044E-01
position -3.69728831459626761E-01 4.56431647601599821E-01 1.71197670825630643E+00
quaternion 7.30427169791590725E-01 -5.40510542084983447E-02 8.60278270228425901E-02 6.75391624279517044E-01
position -9.87021400294145979E-01 -5.83890870301136511E-01 1.11388375028980735E+00
quaternion 3.57998217497573989E-01 -1.66920395098662494E-01 -3.38140152531619720E-01 8.54187388817324589E-01
unchanged_qpos 4.86530375477560950E-01 6.40781156235051386E-01 6.56268624264364275E-01 7.88981318780657359E-01 4.71671244326276717E-01
unchanged_qvel -3.32425253437091950E-01 7.59800298525767026E-01 -2.25901110353322387E-01 1.16747523979256806E+00 -1.10908023817477863E+00
unchanged_time 1.25000000000000000E-01
act
step SUCCESS
step_clamped -1.00000000000000000E+00
qpos 4.85846114719782562E-01 6.42298155082187350E-01 6.55819499913537385E-01 7.91341735908564603E-01 4.69448696575692492E-01
qvel -3.42130378889206055E-01 7.58499423568002817E-01 -2.24562175413453496E-01 1.18020856395363682E+00 -1.11127387529211608E+00
time 1.27000000000000002E-01
reset_qpos 0.00000000000000000E+00 0.00000000000000000E+00 0.00000000000000000E+00 0.00000000000000000E+00 0.00000000000000000E+00
reset_qvel 0.00000000000000000E+00 0.00000000000000000E+00 0.00000000000000000E+00 0.00000000000000000E+00 0.00000000000000000E+00
forward SUCCESS
forward_clamped -1.00000000000000000E+00
qacc -5.36504723233078895E+00 -6.24777541028453953E-03 -5.61259341308742243E+00 2.57490399351050536E+00 -2.26873247719083970E+00
act_dot
mass 5.41442523391603103E+00 -4.18021047038389426E+00 1.37753623010514858E-01 1.85265630865521991E+00 -3.18884178653001504E-01 -4.18021047038389426E+00 9.25000000000000178E+00 9.14086720847255840E-01 -2.30282567819071327E+00 2.00451169343781332E+00 1.37753623010514858E-01 9.14086720847255840E-01 3.22664689537102900E+00 -2.95913705869783605E-02 6.29526908536425456E-01 1.85265630865521991E+00 -2.30282567819071327E+00 -2.95913705869783605E-02 2.34623708086785054E+00 0.00000000000000000E+00 -3.18884178653001504E-01 2.00451169343781332E+00 6.29526908536425456E-01 0.00000000000000000E+00 2.32000000000000028E+00
gravity -2.86665788677040858E+01 1.00634080418560607E+01 -1.15591908976867206E+01 -3.31072279591333007E+00 -7.01614039100124653E+00
bias -7.87179682360997290E+00 4.84645173574026611E+00 9.17208029628257471E+00 4.07147139164911520E-01 3.82624419810215333E-01
passive -9.84344655929127177E-02 1.84123352067667251E-01 4.00368875063332241E-01 -4.91393903382151900E-02 0.00000000000000000E+00
actuation -3.21999999999999975E+00 1.05596231067185542E+00 0.00000000000000000E+00 0.00000000000000000E+00 0.00000000000000000E+00
length -2.63701216936587379E-01 6.11081502520413933E-01
velocity -1.13199635431849610E+00 -1.84123352067667234E+00
force 1.39999999999999991E+00 1.05596231067185542E+00
position 0.00000000000000000E+00 0.00000000000000000E+00 0.00000000000000000E+00
quaternion 1.00000000000000000E+00 0.00000000000000000E+00 0.00000000000000000E+00 0.00000000000000000E+00
position -3.80742904984087582E-01 3.31041570600714985E-02 8.48620745340811000E-01
quaternion 9.15456887567955624E-01 1.00936659786783969E-01 -2.83225602768025719E-01 2.67457913796109836E-01
position -3.92265769724781110E-02 5.16879159228609414E-03 1.15290057223974962E+00
quaternion 9.24832087674022696E-01 9.14887613697384916E-02 -2.50925615805618341E-01 2.70835284784149422E-01
position -2.41691815555291484E-01 9.59270689930869502E-02 1.55386286753550906E+00
quaternion 9.24832087674022696E-01 9.14887613697384916E-02 -2.50925615805618341E-01 2.70835284784149422E-01
position -4.23575306574234700E-01 -1.56370910675170185E-02 6.58699989188692991E-01
quaternion 6.96037254732602473E-01 -3.01761456437145636E-01 -2.39737137539209028E-01 6.05803819992694836E-01
unchanged_qpos 1.14652703015907576E-01 6.11081502520413933E-01 2.86543462544784910E-02 7.01991290545931346E-02 -3.43243948254090547E-01
unchanged_qvel 4.92172327964563561E-01 -1.84123352067667234E+00 -1.33456291687777417E+00 -1.57815404894286360E+00 3.20712635168257876E-01
unchanged_time 1.25000000000000000E-01
act
step SUCCESS
step_clamped -1.00000000000000000E+00
qpos 1.15615589753953418E-01 6.07399011120588694E-01 2.59627742001396350E-02 6.70531194527022173E-02 -3.42611599275034207E-01
qvel 4.81443369022923839E-01 -1.84124569991263343E+00 -1.34578602716942730E+00 -1.57300480094546047E+00 3.16174489528157854E-01
time 1.27000000000000002E-01
reset_qpos 0.00000000000000000E+00 0.00000000000000000E+00 0.00000000000000000E+00 0.00000000000000000E+00 0.00000000000000000E+00
reset_qvel 0.00000000000000000E+00 0.00000000000000000E+00 0.00000000000000000E+00 0.00000000000000000E+00 0.00000000000000000E+00
forward SUCCESS
forward_clamped -1.00000000000000000E+00
qacc 4.14841791348817868E+00 4.48203998460633635E+00 -8.81232258619086650E+00 -8.92905970926195280E+00 -7.12158324293072686E-01
act_dot
mass 1.09424279361173209E+01 -3.22244731794527661E+00 1.75715718735375526E+00 3.24020127554818593E+00 -4.93731634418321241E-01 -3.22244731794527661E+00 9.25000000000000000E+00 2.52481234849834513E+00 -1.50559837790314255E+00 2.15203077994460390E+00 1.75715718735375526E+00 2.52481234849834513E+00 3.20710639485473115E+00 -2.57971463874683282E-02 6.29526908536425456E-01 3.24020127554818593E+00 -1.50559837790314255E+00 -2.57971463874683282E-02 2.34623708086784966E+00 0.00000000000000000E+00 -4.93731634418321241E-01 2.15203077994460390E+00 6.29526908536425456E-01 0.00000000000000000E+00 2.32000000000000117E+00
gravity -9.45468583411546071E+00 2.21023936535613430E+01 -9.98892321108732162E+00 -1.39088314340538535E+01 4.80798472003869437E-01
bias 2.82208103602593230E+00 1.70605522505404483E+00 1.57301755466248250E-01 -1.69238885548720353E-01 5.26366274120504407E-04
passive -1.77351123795952866E-02 -1.70120978327881200E-02 -6.83901756041986469E-02 -4.31453421429725745E-02 0.00000000000000000E+00
actuation -7.32239360962972152E-01 -2.27395807231837432E+00 0.00000000000000000E+00 0.00000000000000000E+00 0.00000000000000000E+00
length 1.01549304747891456E+00 -7.73028851164710318E-01
velocity -2.03953792365345776E-01 1.70120978327881200E-01
force 3.18364939549118375E-01 -2.27395807231837432E+00
position 0.00000000000000000E+00 0.00000000000000000E+00 0.00000000000000000E+00
quaternion 1.00000000000000000E+00 0.00000000000000000E+00 0.00000000000000000E+00 0.00000000000000000E+00
position 8.00168880564575469E-01 1.25508591490462451E-02 1.12439741941960070E+00
quaternion 8.26776429607152030E-01 1.63225526907584684E-01 -4.77461575816316153E-01 2.48653587206763532E-01
position 1.01090281441962082E+00 -1.00677773413177962E-01 1.51525607147948072E+00
quaternion 8.41095973240180483E-01 1.55486202327653394E-01 -4.51759211011909911E-01 2.53565021149949388E-01
position 6.71382963690786871E-01 -1.03723528261490422E-01 1.82301733339929140E+00
quaternion 8.41095973240180483E-01 1.55486202327653394E-01 -4.51759211011909911E-01 2.53565021149949388E-01
position 5.52783302331293802E-01 4.30073723427653945E-02 9.20112157079735593E-01
quaternion 6.68937574469688268E-01 -3.19063176998156506E-01 -4.38130634534579566E-01 5.08687288644782409E-01
unchanged_qpos -4.41518716295180302E-01 -7.73028851164710318E-01 5.36288447513404876E-01 6.16362030613893941E-02 -6.33588408797111091E-02
unchanged_qvel 8.86755618979764293E-02 1.70120978327881200E-01 2.27967252013995481E-01 1.36040880099693640E+00 -7.43085313173171613E-01
unchanged_time 1.25000000000000000E-01
act
step SUCCESS
step_clamped -1.00000000000000000E+00
qpos -4.41324777478305785E-01 -7.72670686648436744E-01 5.36709147034390321E-01 6.43213092446224405E-02 -6.48478600990878840E-02
qvel 9.69694084372489384E-02 1.79082258136775835E-01 2.10349760492730631E-01 1.34255309161652403E+00 -7.44509609688388307E-01
time 1.27000000000000002E-01
reset_qpos 0.00000000000000000E+00 0.00000000000000000E+00 0.00000000000000000E+00 0.00000000000000000E+00 0.00000000000000000E+00
reset_qvel 0.00000000000000000E+00 0.00000000000000000E+00 0.00000000000000000E+00 0.00000000000000000E+00 0.00000000000000000E+00
forward SUCCESS
forward_clamped -1.00000000000000000E+00
qacc -7.82655982243755854E+00 -4.35505296648983187E+00 2.86116062243168967E+00 6.84599622750149983E+00 -7.16930533950593141E+00
act_dot
mass 8.79770432336156638E+00 -6.28116557267007103E+00 1.36633558987690451E+00 2.05226666595685625E+00 -9.66551260578418447E-01 -6.28116557267007103E+00 9.25000000000000178E+00 -2.08242047580281575E+00 -2.46644499749839730E+00 1.20947782499172485E+00 1.36633558987690451E+00 -2.08242047580281575E+00 4.18415229207367112E+00 -7.55830626043031417E-02 6.29526908536425012E-01 2.05226666595685625E+00 -2.46644499749839730E+00 -7.55830626043031417E-02 2.34623708086785010E+00 0.00000000000000000E+00 -9.66551260578418447E-01 1.20947782499172485E+00 6.29526908536425012E-01 0.00000000000000000E+00 2.31999999999999895E+00
gravity -2.91117528074046312E+01 -1.33208653970476689E+01 2.94488208249393546E+00 8.99212449526250879E+00 -8.97826294253787616E+00
bias -1.24879304972066318E+01 9.51017025540703465E+00 -2.51822451264403302E+00 -1.82771887435945102E+00 3.46306890193248140E+00
passive 1.71063370853211272E-01 -1.06308546299582585E-01 -4.97961332529640532E-01 -1.17146121200301642E-01 0.00000000000000000E+00
actuation 6.54247316963747494E-02 5.74991123396024983E-01 0.00000000000000000E+00 0.00000000000000000E+00 0.00000000000000000E+00
length -1.58884275799779884E+00 7.05814997698802182E-01
velocity 1.96722876481192932E+00 1.06308546299582574E+00
force -2.84455355201629345E-02 5.74991123396024983E-01
position 0.00000000000000000E+00 0.00000000000000000E+00 0.00000000000000000E+00
quaternion 1.00000000000000000E+00 0.00000000000000000E+00 0.00000000000000000E+00 0.00000000000000000E+00
position -1.68712465382946319E-01 -4.45982405195487708E-01 1.07130531443169996E+00
quaternion 9.52173175652472281E-01 -7.44812901548202455E-02 -1.22667531438827748E-01 2.69761853707050026E-01
position 2.32743347022590419E-01 -3.94292074362842804E-01 1.28615721780754222E+00
quaternion 9.59094063698555432E-01 -9.67669042514882616E-02 -4.26574340484869724E-02 2.62593005505047106E-01
position 1.66440729222180894E-01 -1.09138182672380901E-01 1.63870681846906208E+00
quaternion 9.59094063698555432E-01 -9.67669042514882616E-02 -4.26574340484869724E-02 2.62593005505047106E-01
position 9.25585177307663987E-02 -7.18700157341810808E-01 7.64867446200996559E-01
quaternion 6.64531540833909973E-01 -3.80817448043967388E-01 -1.77011075606955809E-02 6.42699442424928602E-01
unchanged_qpos 6.90801199129477794E-01 7.05814997698802182E-01 -5.50039096293974961E-01 1.67351601714716636E-01 -7.60680432741532186E-01
unchanged_qvel -8.55316854266056303E-01 1.06308546299582574E+00 1.65987110843213514E+00 -1.61455732121210005E+00 1.49212611488477176E+00
unchanged_time 1.25000000000000000E-01
act
step SUCCESS
step_clamped -1.00000000000000000E+00
qpos 6.89059262575721254E-01 7.07923750184156431E-01 -5.46707911480815323E-01 1.64149869884453542E-01 -7.57724856687253978E-01
qvel -8.70968276878251291E-01 1.05437624267713859E+00 1.66559240657984398E+00 -1.60086591513154586E+00 1.47778802713912905E+00
time 1.27000000000000002E-01
reset_qpos 0.00000000000000000E+00 0.00000000000000000E+00 0.00000000000000000E+00 0.00000000000000000E+00 0.00000000000000000E+00
reset_qvel 0.00000000000000000E+00 0.00000000000000000E+00 0.00000000000000000E+00 0.00000000000000000E+00 0.00000000000000000E+00
forward SUCCESS
forward_clamped -1.00000000000000000E+00
qacc -1.00032948499218222E+01 -2.95409625938520515E+00 3.74041696242281407E+00 1.54537636758640939E+00 -6.05400369834607410E+00
act_dot
mass 7.25800773248389053E+00 -6.59182455624127961E+00 2.31200322493599186E+00 2.23519006067784254E+00 -4.12972387496346793E-01 -6.59182455624127961E+00 9.25000000000000355E+00 -2.47378148803569164E+00 -2.32715013728723630E+00 7.31188779124604893E-01 2.31200322493599186E+00 -2.47378148803569164E+00 2.74436276578263394E+00 1.13163289697252839E-01 6.29526908536425234E-01 2.23519006067784254E+00 -2.32715013728723630E+00 1.13163289697252839E-01 2.34623708086785054E+00 0.00000000000000000E+00 -4.12972387496346793E-01 7.31188779124604893E-01 6.29526908536425234E-01 0.00000000000000000E+00 2.31999999999999984E+00
gravity -3.89947229052826074E+01 2.18744309112298971E+01 -1.36096649301229320E+01 -1.08010852025695812E+01 -1.25962803604976639E+01
bias 1.54094782116496631E+00 1.20218650877314737E+00 -3.94630239889882350E+00 8.96418860926118555E-01 -3.06724801093508326E+00
passive -3.34191881932342949E-01 -1.02153786771591870E-01 7.58276127272017320E-02 3.07079652705190609E-01 0.00000000000000000E+00
actuation 2.52999999999999980E+00 6.60992597174600460E-01 0.00000000000000000E+00 0.00000000000000000E+00 0.00000000000000000E+00
length 9.63186657517346112E-01 1.88511346422046921E-01
velocity -3.84320664222194353E+00 1.02153786771591859E+00
force -1.10000000000000009E+00 6.60992597174600460E-01
position 0.00000000000000000E+00 0.00000000000000000E+00 0.00000000000000000E+00
quaternion 1.00000000000000000E+00 0.00000000000000000E+00 0.00000000000000000E+00 0.00000000000000000E+00
position -1.98907818497052663E-01 9.95277118396159510E-03 6.62597208670862026E-01
quaternion 9.10553514777513895E-01 4.72926741955236318E-02 -2.38884694586510599E-01 -3.34050598541690225E-01
position -9.76448473665611216E-02 -3.89544010266802354E-01 8.62967197162916033E-01
quaternion 8.36758840460926079E-01 -2.65258367491781090E-02 -4.31286730020599085E-01 -3.36337300047707177E-01
position -2.21890756355490021E-01 -1.55270329416440811E-01 1.23670346321203484E+00
quaternion 8.36758840460926079E-01 -2.65258367491781090E-02 -4.31286730020599085E-01 -3.36337300047707177E-01
position -1.98566145651548676E-01 -1.93916242861485344E-01 2.95512121848560183E-01
quaternion 9.61387754343647649E-01 -2.52378077477652174E-01 -3.37901702078341123E-02 1.04389253297875240E-01
unchanged_qpos -4.18776807616237479E-01 1.88511346422046921E-01 -7.93179831714644124E-01 -4.38685218150272338E-01 -6.86651415355138961E-01
unchanged_qvel 1.67095940966171463E+00 1.02153786771591859E+00 -2.52758709090672440E-01 -9.04528937728337201E-01 1.42784599594703598E+00
unchanged_time 1.25000000000000000E-01
act
step SUCCESS
step_clamped -1.00000000000000000E+00
qpos -4.15474891792660728E-01 1.90542608929737678E-01 -7.93670396996094873E-01 -4.40488100630606338E-01 -6.83819935974122939E-01
qvel 1.65095791178836726E+00 1.01563125384538511E+00 -2.45282640725364959E-01 -9.01441240166990565E-01 1.41573969050802972E+00
time 1.27000000000000002E-01
reset_qpos 0.00000000000000000E+00 0.00000000000000000E+00 0.00000000000000000E+00 0.00000000000000000E+00 0.00000000000000000E+00
reset_qvel 0.00000000000000000E+00 0.00000000000000000E+00 0.00000000000000000E+00 0.00000000000000000E+00 0.00000000000000000E+00
forward SUCCESS
forward_clamped -1.00000000000000000E+00
qacc 5.31463398659910613E+00 3.17523718996777005E+00 -1.05317503868984801E+01 -7.17834615119260722E+00 1.85458198558804987E+00
act_dot
mass 7.97406728628404515E+00 -2.09476981434830645E+00 1.12013069679305532E+00 3.02580372480294990E+00 -4.62077548371698621E-01 -2.09476981434830645E+00 9.25000000000000355E+00 3.96154057005841898E+00 -9.45989234819654579E-01 2.00858230538695093E+00 1.12013069679305532E+00 3.96154057005841898E+00 4.48977009972463481E+00 -2.25031366147780076E-01 6.29526908536424790E-01 3.02580372480294990E+00 -9.45989234819654579E-01 -2.25031366147780076E-01 2.34623708086784921E+00 0.00000000000000000E+00 -4.62077548371698621E-01 2.00858230538695093E+00 6.29526908536424790E-01 0.00000000000000000E+00 2.31999999999999895E+00
gravity 1.33238235678085992E+01 1.30953965234410248E+01 -9.41826653716808870E+00 -6.89168760568705352E-01 -1.15819880843716594E+00
bias 1.45567713479789127E+01 2.97129437868122821E+01 1.66674477282957341E+01 7.27576945311243062E-01 -2.76572722868871912E+00
passive -2.66952530667655397E-01 1.15247141308123704E-01 -2.42020480277940070E-01 -3.02088925738879188E-01 0.00000000000000000E+00
actuation 2.52999999999999980E+00 3.52596929491805122E+00 0.00000000000000000E+00 0.00000000000000000E+00 0.00000000000000000E+00
length -3.82387982650930630E-02 -6.05140982925976512E-01
velocity -3.06995410267803637E+00 -1.15247141308123702E+00
force -1.10000000000000009E+00 3.52596929491805122E+00
position 0.00000000000000000E+00 0.00000000000000000E+00 0.00000000000000000E+00
quaternion 1.00000000000000000E+00 0.00000000000000000E+00 0.00000000000000000E+00 0.00000000000000000E+00
position 6.73883185252141415E-01 3.51485107299228661E-01 1.07923875851575946E+00
quaternion 7.32455398442158123E-01 2.12521877249234409E-01 -3.63344984260418613E-01 5.35092481162085409E-01
position 8.96385378996277904E-01 4.65833813575817324E-01 1.46318816553694120E+00
quaternion 7.93264671147912992E-01 9.30263431581160177E-02 -1.98095052444169056E-01 5.68186246915889259E-01
position 6.52881458664128833E-01 4.70617295774884314E-01 1.85136719521387461E+00
quaternion 7.93264671147912992E-01 9.30263431581160177E-02 -1.98095052444169056E-01 5.68186246915889259E-01
position 5.87727649725751200E-01 2.60605962189106477E-01 8.89743948987833710E-01
quaternion 4.51223493829951250E-01 -2.34949682308429886E-01 -4.45967518988420852E-01 7.36416307129582837E-01
unchanged_qpos 1.66255644630839416E-02 -6.05140982925976512E-01 7.95805164790387431E-01 4.31555608198398888E-01 -2.07316485651296789E-01
unchanged_qvel 1.33476265333827682E+00 -1.15247141308123702E+00 8.06734934259800252E-01 1.15686021662436422E+00 -8.82570773897291883E-01
unchanged_time 1.25000000000000000E-01
act
step SUCCESS
step_clamped -1.00000000000000000E+00
qpos 3.77043264820435875E-01 -7.80773139529112647E-01 7.54406584509514366E-01 5.17096382350341055E-01 -3.55437177364439083E-01
qvel 2.21917935614247197E+00 -6.94400619546945874E-01 -1.17578068952011261E+00 -3.01596436331044937E-01 -6.41311234467201952E-01
time 3.25000000000000178E-01
reset_qpos 0.00000000000000000E+00 0.00000000000000000E+00 0.00000000000000000E+00 0.00000000000000000E+00 0.00000000000000000E+00
reset_qvel 0.00000000000000000E+00 0.00000000000000000E+00 0.00000000000000000E+00 0.00000000000000000E+00 0.00000000000000000E+00
forward SUCCESS
forward_clamped -1.00000000000000000E+00
qacc 8.38599243455862897E+00 2.53856016160586062E+00 -8.08163058086264741E+00 -4.68270439559621554E+00 -3.03792127141317447E+00
act_dot
mass 8.80784406140804244E+00 -2.45012898012886593E+00 2.28871837867707928E+00 3.16040914615325219E+00 -3.68466339366999573E-01 -2.45012898012886593E+00 9.25000000000000000E+00 3.56300178676795598E+00 -1.24775029236769486E+00 2.12174743803134458E+00 2.28871837867707928E+00 3.56300178676795598E+00 5.78672298130685014E+00 -3.22466929411920233E-01 6.29526908536425456E-01 3.16040914615325219E+00 -1.24775029236769486E+00 -3.22466929411920233E-01 2.34623708086784921E+00 0.00000000000000000E+00 -3.68466339366999573E-01 2.12174743803134458E+00 6.29526908536425456E-01 0.00000000000000000E+00 2.32000000000000028E+00
gravity 2.88814369123665742E+01 -1.39885199758472005E+01 -1.49544238991919762E+01 1.22645523014470363E+01 -1.00594694665967346E+01
bias -7.01145418958307420E+00 1.22156994895954760E+01 3.59209629483842718E+00 -3.10583780296396794E+00 -4.20272633172569576E-01
passive 2.80233910525657881E-01 5.04985904959843537E-02 -4.73518014159019618E-01 -4.06828600231058157E-01 -0.00000000000000000E+00
actuation -6.35450919569907402E-01 -5.63792123701981174E-01 0.00000000000000000E+00 0.00000000000000000E+00 0.00000000000000000E+00
length -1.62199515070625666E+00 -5.46846353203373825E-01
velocity 3.22268997104506516E+00 -5.04985904959843523E-01
force 2.76283008508655392E-01 -5.63792123701981174E-01
position 0.00000000000000000E+00 0.00000000000000000E+00 0.00000000000000000E+00
quaternion 1.00000000000000000E+00 0.00000000000000000E+00 0.00000000000000000E+00 0.00000000000000000E+00
position 6.20978436452559568E-01 5.81109894845535546E-01 9.28890097014904770E-01
quaternion 6.75130059580352881E-01 2.04478357163504904E-01 -1.25134606999172282E-01 6.97659898685531354E-01
position 8.29342271354947869E-01 9.03795091501570336E-01 1.17880763574283476E+00
quaternion 6.82678352819780621E-01 -3.98754620834398943E-03 7.35495330310073914E-02 7.26997133596431810E-01
position 6.61765394527073614E-01 1.03653519202460664E+00 1.58414460181643335E+00
quaternion 6.82678352819780621E-01 -3.98754620834398943E-03 7.35495330310073914E-02 7.26997133596431810E-01
position 2.47477388800076248E-01 3.04491221159642611E-02 1.04816471473202522E+00
quaternion 2.95145228089363554E-01 -1.33520176687070974E-01 -2.88533614476514821E-01 9.01005000025332237E-01
unchanged_qpos 7.05215282915763853E-01 -5.46846353203373825E-01 6.19849973885766792E-01 5.81183714615797431E-01 3.29160138379289036E-01
unchanged_qvel -1.40116955262828924E+00 -5.04985904959843523E-01 1.57839338053006539E+00 -3.49484179789589788E-01 4.61691381405088030E-01
unchanged_time 1.25000000000000000E-01
act
step SUCCESS
step_clamped -1.00000000000000000E+00
qpos 7.02446476343984161E-01 -5.47846177108105126E-01 6.22974446600854881E-01 5.80466029188911214E-01 3.30071370049326296E-01
qvel -1.38440328588982919E+00 -4.99911952365637013E-01 1.56223635754405454E+00 -3.58842713443084160E-01 4.55615835018622684E-01
time 1.27000000000000002E-01
reset_qpos 0.00000000000000000E+00 0.00000000000000000E+00 0.00000000000000000E+00 0.00000000000000000E+00 0.00000000000000000E+00
reset_qvel 0.00000000000000000E+00 0.00000000000000000E+00 0.00000000000000000E+00 0.00000000000000000E+00 0.00000000000000000E+00
forward SUCCESS
forward_clamped -1.00000000000000000E+00
qacc 1.13221273620022060E+01 5.04512405667157271E+00 -1.21802086578649131E+01 -6.49053615497644376E+00 -4.01111687914577786E+00
act_dot
mass 8.08989992681220649E+00 -4.64610472213492720E+00 3.03918123983899102E+00 2.53031128012528006E+00 -1.02961131565798003E-02 -4.64610472213492720E+00 9.25000000000000000E+00 5.68193044538060632E-01 -2.49650533012103670E+00 1.71968163567111176E+00 3.03918123983899102E+00 5.68193044538060632E-01 3.16581144446450624E+00 2.75395942746465838E-02 6.29526908536425012E-01 2.53031128012528006E+00 -2.49650533012103670E+00 2.75395942746465838E-02 2.34623708086785054E+00 0.00000000000000000E+00 -1.02961131565798003E-02 1.71968163567111176E+00 6.29526908536425012E-01 0.00000000000000000E+00 2.31999999999999940E+00
gravity 9.84549402258623196E+00 -2.26886924106417531E+00 -5.69356679209649919E+00 -9.67690095404494244E-01 -9.12983668396318926E+00
bias -5.61415639269495514E+00 2.91854433593661611E+00 -1.22806700078132613E+00 -1.44179250422196814E+00 -6.37146188994221485E-01
passive -1.71387474750950036E-01 -7.80038633725110842E-02 1.89018111821249279E-01 5.02054422360833363E-02 0.00000000000000000E+00
actuation -3.29578433031130380E-01 1.96152445962545841E+00 0.00000000000000000E+00 0.00000000000000000E+00 0.00000000000000000E+00
length -1.01603196370530324E+00 -3.85719861678525788E-01
velocity -1.97095595963592518E+00 7.80038633725110842E-01
force 1.43294970883100170E-01 1.96152445962545841E+00
position 0.00000000000000000E+00 0.00000000000000000E+00 0.00000000000000000E+00
quaternion 1.00000000000000000E+00 0.00000000000000000E+00 0.00000000000000000E+00 0.00000000000000000E+00
position 6.70431477743317905E-01 1.81523878270818950E-01 9.26944042920635924E-01
quaternion 9.36053956230123441E-01 2.66322006411887184E-02 -1.86441989002157527E-01 2.97208851906972771E-01
position 1.05190316992932598E+00 2.19663080277653328E-01 1.17799134788730031E+00
quaternion 9.28767562889016296E-01 3.72710091084225079E-02 -2.19882783233121631E-01 2.96062911630101455E-01
position 8.56886933300086584E-01 3.57629612054583823E-01 1.56905899364748569E+00
quaternion 9.28767562889016296E-01 3.72710091084225079E-02 -2.19882783233121631E-01 2.96062911630101455E-01
position 1.28768088694404564E-01 2.05654873161683294E-01 9.74986777351289469E-01
quaternion 6.69716312308999639E-01 -3.26137167947558981E-01 -1.27887844432603731E-01 6.54797150235675973E-01
unchanged_qpos 4.41753027697957990E-01 -3.85719861678525788E-01 -2.31155915193675621E-01 -7.17220603372619170E-02 1.89777198653944934E-01
unchanged_qvel 8.56937373754750098E-01 7.80038633725110842E-01 -6.30060372737497598E-01 -3.09045760726976759E-01 -1.04328307414651089E+00
unchanged_time 1.25000000000000000E-01
act
step SUCCESS
step_clamped -1.00000000000000000E+00
qpos 4.43512158320158278E-01 -3.84139617676115042E-01 -2.32464713592922784E-01 -7.23660939576903084E-02 1.87674586376701147E-01
qvel 8.79565311100131031E-01 7.90122001205370461E-01 -6.54399199623576955E-01 -3.22016810214196092E-01 -1.05130613862189426E+00
time 1.27000000000000002E-01
reset_qpos 0.00000000000000000E+00 0.00000000000000000E+00 0.00000000000000000E+00 0.00000000000000000E+00 0.00000000000000000E+00
reset_qvel 0.00000000000000000E+00 0.00000000000000000E+00 0.00000000000000000E+00 0.00000000000000000E+00 0.00000000000000000E+00
forward SUCCESS
forward_clamped -1.00000000000000000E+00
qacc -5.98057716535333395E+00 -1.80032887268463249E+00 4.66309597979850121E+00 6.84662904423131824E-01 -1.06026074188005648E+00
act_dot
mass 6.17459286442322508E+00 -4.41888718584322060E+00 2.93204423322109564E+00 2.32282867498310042E+00 -2.20199394714591934E-01 -4.41888718584322060E+00 9.25000000000000533E+00 1.03168729430623496E+00 -2.36699600470329852E+00 1.60105056282029690E+00 2.93204423322109564E+00 1.03168729430623496E+00 4.28944943452469385E+00 1.06200164951568143E-01 6.29526908536425234E-01 2.32282867498310042E+00 -2.36699600470329852E+00 1.06200164951568143E-01 2.34623708086785054E+00 0.00000000000000000E+00 -2.20199394714591934E-01 1.60105056282029690E+00 6.29526908536425234E-01 0.00000000000000000E+00 2.31999999999999940E+00
gravity -1.81184916681343395E+01 1.08862691981056710E+01 -3.85653056688066398E+00 -1.18649752661189005E+01 -8.43621559506205365E+00
bias -2.30487431278792121E+00 -1.52640366844063546E+00 -4.47447434344838957E+00 -3.67055397637195080E+00 -7.47517330542183256E+00
passive -3.19235397562683820E-01 -3.32778770481368322E-02 -2.63622744664163966E-01 2.67688790016026523E-01 0.00000000000000000E+00
actuation 2.52999999999999980E+00 -8.53981627146542355E-01 0.00000000000000000E+00 0.00000000000000000E+00 0.00000000000000000E+00
length -2.04981982617594233E-01 -3.82663504428941703E-02
velocity -3.67120707197086293E+00 3.32778770481368280E-01
force -1.10000000000000009E+00 -8.53981627146542355E-01
position 0.00000000000000000E+00 0.00000000000000000E+00 0.00000000000000000E+00
quaternion 1.00000000000000000E+00 0.00000000000000000E+00 0.00000000000000000E+00 0.00000000000000000E+00
position 2.53385408324263650E-01 -5.87982300505787009E-03 8.84431824949372336E-01
quaternion 9.60741362612290928E-01 4.49850628709242487E-02 -2.52739093939535142E-01 1.05239387488717959E-01
position 5.90797892116805778E-01 -1.42812973984482894E-01 1.16264420415596614E+00
quaternion 8.95201149383047845E-01 6.41652852127554685E-02 -4.30715587810295675E-01 9.47723627122763895E-02
position 3.03310626961555474E-01 -1.52205166996043362E-02 1.49591772128200673E+00
quaternion 8.95201149383047845E-01 6.41652852127554685E-02 -4.30715587810295675E-01 9.47723627122763895E-02
position -6.80294463442961295E-01 4.67528202857486197E-01 1.10382057488392982E+00
quaternion 7.94461429638031125E-01 -3.25434819642847650E-01 -1.43290139770620550E-01 4.92332358093634570E-01
unchanged_qpos 8.91226011380844563E-02 -3.82663504428941703E-02 -3.15038308559856817E-01 -3.82412557165752176E-01 7.34030816482919457E-01
unchanged_qvel 1.59617698781341888E+00 3.32778770481368280E-01 8.78742482213879850E-01 8.17592133795826292E-01 -8.90182112190944341E-01
unchanged_time 1.25000000000000000E-01
act
step SUCCESS
step_clamped -1.00000000000000000E+00
qpos 9.22910566138612221E-02 -3.76079834098744376E-02 -3.13262192485925739E-01 -3.80774645951677482E-01 7.32246211789739365E-01
qvel 1.58422773788838356E+00 3.29183516509865381E-01 8.88058036965537645E-01 8.18955607037353484E-01 -8.92302346590065465E-01
time 1.27000000000000002E-01
reset_qpos 0.00000000000000000E+00 0.00000000000000000E+00 0.00000000000000000E+00 0.00000000000000000E+00 0.00000000000000000E+00
reset_qvel 0.00000000000000000E+00 0.00000000000000000E+00 0.00000000000000000E+00 0.00000000000000000E+00 0.00000000000000000E+00
forward SUCCESS
forward_clamped -1.00000000000000000E+00
qacc -4.35571984166560400E-01 3.21244354098382701E+00 -6.51203375492461500E+00 3.41898132479182504E+00 -4.78898292493912603E+00
act_dot
mass 5.83340292708603148E+00 -4.35553585802719478E+00 3.29829752497405515E+00 1.88503202302190487E+00 -3.36121925771532881E-01 -4.35553585802719478E+00 9.25000000000000355E+00 4.70534376426299250E-02 -1.93576785751136238E+00 1.78212743399514917E+00 3.29829752497405515E+00 4.70534376426299250E-02 5.90554396077800359E+00 -3.97880174926716734E-01 6.29526908536424790E-01 1.88503202302190487E+00 -1.93576785751136238E+00 -3.97880174926716734E-01 2.34623708086785010E+00 0.00000000000000000E+00 -3.36121925771532881E-01 1.78212743399514917E+00 6.29526908536424790E-01 0.00000000000000000E+00 2.31999999999999895E+00
gravity -2.66572672622300004E+01 2.26141591509239603E+01 -3.85294527935668611E+01 5.91758121635463397E+00 -8.72457784046107143E+00
bias 2.34729730828426408E-01 5.14586740576468937E+00 5.46985225300032951E+00 1.63982599897447212E+00 7.41472056249926847E-01
passive -1.73583825592613650E-01 1.03346949110538544E-01 2.07741793721933160E-01 -4.83296661356518553E-01 0.00000000000000000E+00
actuation -3.21999999999999975E+00 -1.15090616399413137E+00 0.00000000000000000E+00 0.00000000000000000E+00 0.00000000000000000E+00
length 1.79250728737464526E+00 1.79311120078027963E-01
velocity -1.99621399431505675E+00 -1.03346949110538544E+00
force 1.39999999999999991E+00 -1.15090616399413137E+00
position 0.00000000000000000E+00 0.00000000000000000E+00 0.00000000000000000E+00
quaternion 1.00000000000000000E+00 0.00000000000000000E+00 0.00000000000000000E+00 0.00000000000000000E+00
position -8.25691324895670986E-02 2.59898923279938743E-01 7.09511384552342639E-01
quaternion 8.68390079361733291E-01 1.31111015408900383E-01 -4.21732809311858470E-01 -2.25499466195592219E-01
position -9.05873194387882275E-04 -1.17528282978065279E-01 9.56249740017329874E-01
quaternion 9.59871067500724373E-01 1.99684095838059295E-01 -1.02992359711631523E-01 -1.67828392965513246E-01
position 4.16528029380616449E-02 -1.20584992225974547E-01 1.41251656503798273E+00
quaternion 9.59871067500724373E-01 1.99684095838059295E-01 -1.02992359711631523E-01 -1.67828392965513246E-01
position 3.80116860785203459E-02 1.60809999970100592E-01 4.34536264964902719E-01
quaternion 9.16104871436928092E-01 -2.72564094087280773E-01 -2.57832888706537811E-01 1.41360817220159279E-01
unchanged_qpos -7.79350994510715434E-01 1.79311120078027963E-01 -1.83043255716232367E-01 6.90423801937883663E-01 -5.62615067156184590E-01
unchanged_qvel 8.67919127963068249E-01 -1.03346949110538544E+00 -6.92472645739777182E-01 1.51789917800396479E+00 2.47888906036162204E-01
unchanged_time 1.25000000000000000E-01
act
step SUCCESS
step_clamped -1.00000000000000000E+00
qpos -7.77616906826790522E-01 1.77257028059121968E-01 -1.84454241343271930E-01 6.93473281878382863E-01 -5.62138446433189665E-01
qvel 8.67043841962481743E-01 -1.02704600945300140E+00 -7.05492813519775774E-01 1.52473997024961672E+00 2.38310361497440309E-01
time 1.27000000000000002E-01
reset_qpos 0.00000000000000000E+00 0.00000000000000000E+00 0.00000000000000000E+00 0.00000000000000000E+00 0.00000000000000000E+00
reset_qvel 0.00000000000000000E+00 0.00000000000000000E+00 0.00000000000000000E+00 0.00000000000000000E+00 0.00000000000000000E+00
forward SUCCESS
forward_clamped -1.00000000000000000E+00
qacc -2.41351175712409693E+00 -5.95857897715339702E-01 -5.31821564703424698E+00 2.12801934385113034E+00 -3.52617528988997941E+00
act_dot
mass 1.16662917572753368E+01 -4.81691689345286100E+00 3.90055997345509242E+00 2.64013328518758472E+00 1.72408312750925719E-01 -4.81691689345286100E+00 9.25000000000000178E+00 2.06638696855761139E-01 -2.51395322884461381E+00 1.68938951763890777E+00 3.90055997345509242E+00 2.06638696855761139E-01 3.06330769639159461E+00 -3.42890787524641194E-03 6.29526908536425234E-01 2.64013328518758472E+00 -2.51395322884461381E+00 -3.42890787524641194E-03 2.34623708086785010E+00 0.00000000000000000E+00 1.72408312750925719E-01 1.68938951763890777E+00 6.29526908536425234E-01 0.00000000000000000E+00 2.31999999999999940E+00
gravity -2.76619372306741163E+00 1.61688413585260626E+01 -1.19698765859931218E+01 -4.83613993273387788E+00 -8.07109425975547090E+00
bias 3.59587922554722681E+01 1.95093697191884736E+01 1.55344578246022795E+01 -4.75895458992460352E+00 4.76550641907389050E+00
passive 3.61053375004571020E-01 -1.23755310389407666E-01 -2.19356733933133263E-01 -6.28866448743595728E-03 0.00000000000000000E+00
actuation -2.79892784480124401E+00 -3.18396044688017854E+00 0.00000000000000000E+00 0.00000000000000000E+00 0.00000000000000000E+00
length 2.24280517725506945E-01 -6.52712685731348219E-01
velocity 4.15211381255256651E+00 1.23755310389407658E+00
force 1.21692514991358447E+00 -3.18396044688017854E+00
position 0.00000000000000000E+00 0.00000000000000000E+00 0.00000000000000000E+00
quaternion 1.00000000000000000E+00 0.00000000000000000E+00 0.00000000000000000E+00 0.00000000000000000E+00
position 8.10331764123510712E-01 -2.27752099445888562E-02 9.71594541447595716E-01
quaternion 9.51081266519552937E-01 7.25425061151058898E-02 -2.96336801513867154E-01 4.86467815033403139E-02
position 1.10962949520683241E+00 -2.16589547509694558E-01 1.25944323559536331E+00
quaternion 9.52402783212092485E-01 7.23232583652905769E-02 -2.92061661273379070E-01 4.89721435463196172E-02
position 9.45289404260147070E-01 -8.10844528886920379E-02 1.66519032904076125E+00
quaternion 9.52402783212092485E-01 7.23232583652905769E-02 -2.92061661273379070E-01 4.89721435463196172E-02
position 5.26101927747457787E-01 1.13266537596800040E-01 8.83188675507585175E-01
quaternion 8.25234065737498801E-01 -3.14148984585810920E-01 -1.80567958744601464E-01 4.33237076558400436E-01
unchanged_qpos -9.75132685763073770E-02 -6.52712685731348219E-01 -2.53414406403062009E-01 8.98380641062279661E-03 -5.70284940535359386E-02
unchanged_qvel -1.80526687502285510E+00 1.23755310389407658E+00 7.31189113110444211E-01 -6.93288120961554899E-01 -1.98368725069304430E+00
unchanged_time 1.25000000000000000E-01
act
step SUCCESS
step_clamped -1.00000000000000000E+00
qpos -1.01133460656806257E-01 -6.50239964084680988E-01 -2.51973291015836820E-01 7.60574587043020504E-03 -6.10099748351363019E-02
qvel -1.81009604024944193E+00 1.23636082333362873E+00 7.20557693612596140E-01 -6.89030270096295694E-01 -1.99074039080018217E+00
time 1.27000000000000002E-01
reset_qpos 0.00000000000000000E+00 0.00000000000000000E+00 0.00000000000000000E+00 0.00000000000000000E+00 0.00000000000000000E+00
reset_qvel 0.00000000000000000E+00 0.00000000000000000E+00 0.00000000000000000E+00 0.00000000000000000E+00 0.00000000000000000E+00
forward SUCCESS
forward_clamped -1.00000000000000000E+00
qacc 3.02415771295631419E+00 4.76950503756533695E-01 -3.89068955420590790E+00 -2.20657742494953357E+00 3.36837573072190644E-03
act_dot
mass 6.52384445992231843E+00 -2.46040069629410940E+00 2.86077761130724983E+00 2.17888577581270493E+00 -5.78740609044792187E-03 -2.46040069629410940E+00 9.25000000000000355E+00 3.56601866333621720E+00 -1.25387210809443195E+00 2.13996959454529767E+00 2.86077761130724983E+00 3.56601866333621720E+00 7.19631023844934337E+00 -4.02717731213806052E-01 6.29526908536425012E-01 2.17888577581270493E+00 -1.25387210809443195E+00 -4.02717731213806052E-01 2.34623708086785099E+00 0.00000000000000000E+00 -5.78740609044792187E-03 2.13996959454529767E+00 6.29526908536425012E-01 0.00000000000000000E+00 2.31999999999999895E+00
gravity 4.96070604627528766E+00 -1.45387462472288327E+01 -1.48340785226226615E+01 1.51342452759661938E+01 -1.03569383930752394E+01
bias 4.64169808613823420E+00 8.71080941583091573E-01 2.21402779221497958E+00 1.23356740287425310E+01 -8.61606340958843298E+00
passive -3.24169699287830348E-01 1.75524868160160941E-01 1.12466444203648167E-01 -4.88103936028543461E-01 0.00000000000000000E+00
actuation 2.52999999999999980E+00 1.01645961282279185E+00 0.00000000000000000E+00 0.00000000000000000E+00 0.00000000000000000E+00
length -1.64923504319893044E+00 -6.05195479922204793E-02
velocity -3.72795154181004840E+00 -1.75524868160160930E+00
force -1.10000000000000009E+00 1.01645961282279185E+00
position 0.00000000000000000E+00 0.00000000000000000E+00 0.00000000000000000E+00
quaternion 1.00000000000000000E+00 0.00000000000000000E+00 0.00000000000000000E+00 0.00000000000000000E+00
position 2.43354013712486883E-01 2.99006994919483904E-01 9.99828101797220481E-01
quaternion 6.88147245182761380E-01 1.94337301980960608E-01 -1.21638809250102634E-01 6.88396965486015699E-01
position 4.61363040960795834E-01 6.20239863207037168E-01 1.24330604406303968E+00
quaternion 6.88300616531169029E-01 -5.25285593343995869E-02 1.20767927245683832E-01 7.13370955033807097E-01
position 2.94245297447668586E-01 8.10357113278690422E-01 1.62531008989013959E+00
quaternion 6.88300616531169140E-01 -5.25285593343995938E-02 1.20767927245683845E-01 7.13370955033807208E-01
position -3.19088113438212639E-01 -4.27723055086917769E-01 1.26246541643315324E+00
quaternion 3.07622712442622737E-01 -1.42338051444689417E-01 -2.76990352708029686E-01 8.99102046714973069E-01
unchanged_qpos 7.17058714434317679E-01 -6.05195479922204793E-02 5.74833093621834879E-01 6.97291337183633564E-01 6.17927774028283805E-01
unchanged_qvel 1.62084849643915163E+00 -1.75524868160160930E+00 -3.74888147345493916E-01 -6.53717813673221571E-01 -5.62894873625760628E-01
unchanged_time 1.25000000000000000E-01
act
step SUCCESS
step_clamped -1.00000000000000000E+00
qpos 7.20312501842108932E-01 -6.40281412116893156E-02 5.74067760259402204E-01 6.95975080040842853E-01 6.16801999569331683E-01
qvel 1.62689370389563215E+00 -1.75429660973441726E+00 -3.82666681216310645E-01 -6.58128571395382833E-01 -5.62887229476039308E-01
time 1.27000000000000002E-01
reset_qpos 0.00000000000000000E+00 0.00000000000000000E+00 0.00000000000000000E+00 0.00000000000000000E+00 0.00000000000000000E+00
reset_qvel 0.00000000000000000E+00 0.00000000000000000E+00 0.00000000000000000E+00 0.00000000000000000E+00 0.00000000000000000E+00
forward SUCCESS
forward_clamped -1.00000000000000000E+00
qacc 1.93662882066487008E+00 -2.16571665659100798E+00 -4.22828449580287113E+00 -9.85514287615277595E+00 2.53611158439319162E+00
act_dot
mass 7.48787769838159978E+00 -4.18201343913932622E+00 1.89439737679172948E+00 1.90592873301518084E+00 -2.54605878697862331E-01 -4.18201343913932622E+00 9.25000000000000355E+00 7.40224561916018153E-01 -1.35666157169599244E+00 2.14838486331428546E+00 1.89439737679172948E+00 7.40224561916018153E-01 2.26351774857359045E+00 1.15418334603632239E-01 6.29526908536425345E-01 1.90592873301518084E+00 -1.35666157169599244E+00 1.15418334603632239E-01 2.34623708086785054E+00 0.00000000000000000E+00 -2.54605878697862331E-01 2.14838486331428546E+00 6.29526908536425345E-01 0.00000000000000000E+00 2.31999999999999984E+00
gravity -7.54161083778825847E-01 1.22819094781818148E+01 -4.83322976580571328E+00 -2.12369140273439996E+01 -5.09798212835734788E+00
bias 6.21223800318785280E+00 2.63931928766360961E+01 2.33273278568223486E+00 -4.05624128509607118E+00 -2.82488840488120907E+00
passive 3.43967271200392499E-01 -3.05316966707211979E-02 4.74586933705236691E-01 4.87263320100759956E-01 -0.00000000000000000E+00
actuation 2.52999999999999980E+00 1.71694830517588892E+00 0.00000000000000000E+00 0.00000000000000000E+00 0.00000000000000000E+00
length -1.01348700521923588E-01 -6.10149032706882588E-01
velocity 3.95562361880451352E+00 3.05316966707211979E-01
force -1.10000000000000009E+00 1.71694830517588892E+00
position 0.00000000000000000E+00 0.00000000000000000E+00 0.00000000000000000E+00
quaternion 1.00000000000000000E+00 0.00000000000000000E+00 0.00000000000000000E+00 0.00000000000000000E+00
position 7.88500089742409482E-01 2.27844204244280729E-01 1.02033229248806623E+00
quaternion 8.69794909517662918E-01 1.43116320311123313E-01 -3.23426981739534158E-01 3.44048719981079998E-01
position 1.10192103316354739E+00 2.38604944797990909E-01 1.35447525393980728E+00
quaternion 7.07334758673469177E-01 2.51876802359934260E-01 -6.00687719461892700E-01 2.74608592897145620E-01
position 6.91882293086528599E-01 1.17160222512520812E-01 1.51915497662920251E+00
quaternion 7.07334758673469177E-01 2.51876802359934260E-01 -6.00687719461892700E-01 2.74608592897145620E-01
position 3.86433861664553180E-01 1.71404945308174822E-01 9.14154078063030839E-01
quaternion 6.36104145086026196E-01 -2.83930407627754511E-01 -3.17304113937802224E-01 6.43485150960656727E-01
unchanged_qpos 4.40646524008363460E-02 -6.10149032706882588E-01 2.80237780451156215E-01 -6.96090457286799968E-01 5.26184400043764322E-02
unchanged_qvel -1.71983635600196250E+00 3.05316966707211979E-01 -1.58195644568412241E+00 -1.20332114847933447E+00 2.29340625398056996E-01
unchanged_time 1.25000000000000000E-01
act
step SUCCESS
step_clamped -1.00000000000000000E+00
qpos 4.06327219610087553E-02 -6.09547063542646428E-01 2.77056963287169611E-01 -6.98536518244666227E-01 5.30872645920740099E-02
qvel -1.71596521991379425E+00 3.00984582118063115E-01 -1.59040858199330226E+00 -1.22303047893314276E+00 2.34412293848790365E-01
time 1.27000000000000002E-01
lifecycle PASS
