create SUCCESS
reset_qpos 2.30000000000000010E-01
reset_qvel 0.00000000000000000E+00
forward SUCCESS
forward_clamped -1.00000000000000000E+00
qacc 3.92944729614184052E+00
act_dot
mass 6.29681870479947614E-01
gravity 3.39230172338696701E+00
bias 0.00000000000000000E+00
passive -9.18000000000000038E-01
actuation 0.00000000000000000E+00
length -5.29000000000000026E-01
velocity -0.00000000000000000E+00
force 0.00000000000000000E+00
position 0.00000000000000000E+00 0.00000000000000000E+00 0.00000000000000000E+00
quaternion 1.00000000000000000E+00 0.00000000000000000E+00 0.00000000000000000E+00 0.00000000000000000E+00
position 2.99999999999999989E-01 -2.00000000000000011E-01 1.00000000000000000E+00
quaternion 9.64901281354015317E-01 1.07211253483779523E-01 2.14422506967559046E-01 -1.07211253483779523E-01
unchanged_qpos 2.30000000000000010E-01
unchanged_qvel 0.00000000000000000E+00
unchanged_time 1.25000000000000000E-01
act
step SUCCESS
step_clamped -1.00000000000000000E+00
qpos 3.09074350542749676E-01
qvel 7.87272361875960724E-01
time 3.25000000000000178E-01
reset_qpos 2.30000000000000010E-01
reset_qvel 0.00000000000000000E+00
forward SUCCESS
forward_clamped -1.00000000000000000E+00
qacc -7.65819386782353950E-01
act_dot
mass 6.29681870479947392E-01
gravity 1.39302814726941948E+00
bias 4.33680868994201774E-19
passive -3.90043212414018847E-01
actuation -1.37999999999999989E+00
length 3.53786587968765165E-01
velocity -1.59131437832857880E+00
force 5.99999999999999978E-01
position 0.00000000000000000E+00 0.00000000000000000E+00 0.00000000000000000E+00
quaternion 1.00000000000000000E+00 0.00000000000000000E+00 0.00000000000000000E+00 0.00000000000000000E+00
position 2.65199149117296862E-01 -2.11438653985868807E-01 9.42321841145559280E-01
quaternion 9.97276615308665404E-01 3.01091142305565038E-02 6.02182284611130075E-02 -3.01091142305565003E-02
unchanged_qpos -1.53820255638593556E-01
unchanged_qvel 6.91875816664599519E-01
unchanged_time 1.25000000000000000E-01
act
step SUCCESS
step_clamped -1.00000000000000000E+00
qpos -1.52439565532483501E-01
qvel 6.90345053055026803E-01
time 1.27000000000000002E-01
reset_qpos 2.30000000000000010E-01
reset_qvel 0.00000000000000000E+00
forward SUCCESS
forward_clamped -1.00000000000000000E+00
qacc 1.18043534743022716E+00
act_dot
mass 6.29681870479947836E-01
gravity 2.86932972603573377E+00
bias -2.64274279543341706E-18
passive -7.73135444693704099E-01
actuation -1.37999999999999989E+00
length -2.81167202994286880E-01
velocity -4.89595987251285780E-01
force 5.99999999999999978E-01
position 0.00000000000000000E+00 0.00000000000000000E+00 0.00000000000000000E+00
quaternion 1.00000000000000000E+00 0.00000000000000000E+00 0.00000000000000000E+00 0.00000000000000000E+00
position 2.88257107185838857E-01 -2.01732119886793071E-01 9.84792867412252804E-01
quaternion 9.77643080786495089E-01 8.58428861256526066E-02 1.71685772251305213E-01 -8.58428861256526066E-02
unchanged_qpos 1.22246609997516048E-01
unchanged_qvel 2.12867820544037301E-01
unchanged_time 1.25000000000000000E-01
act
step SUCCESS
step_clamped -1.00000000000000000E+00
qpos 1.22677064682035222E-01
qvel 2.15227342259583898E-01
time 1.27000000000000002E-01
reset_qpos 2.30000000000000010E-01
reset_qvel 0.00000000000000000E+00
forward SUCCESS
forward_clamped -1.00000000000000000E+00
qacc 5.93171750154108945E-01
act_dot
mass 6.29681870479947614E-01
gravity 2.43043226968525383E+00
bias 4.59701721133853880E-17
passive -8.61117531515820822E-01
actuation -1.37999999999999989E+00
length -8.45447542685846959E-02
velocity -3.47080133460996398E+00
force 5.99999999999999978E-01
position 0.00000000000000000E+00 0.00000000000000000E+00 0.00000000000000000E+00
quaternion 1.00000000000000000E+00 0.00000000000000000E+00 0.00000000000000000E+00 0.00000000000000000E+00
position 2.79987092531032655E-01 -2.03942391657858990E-01 9.72102309215314708E-01
quaternion 9.85735215875280790E-01 6.87096356456087520E-02 1.37419271291217504E-01 -6.87096356456087520E-02
unchanged_qpos 3.67585888124281335E-02
unchanged_qvel 1.50904405852607137E+00
unchanged_time 1.25000000000000000E-01
act
step SUCCESS
step_clamped -1.00000000000000000E+00
qpos 3.97790482607498497E-02
qvel 1.51022972416085977E+00
time 1.27000000000000002E-01
reset_qpos 2.30000000000000010E-01
reset_qvel 0.00000000000000000E+00
forward SUCCESS
forward_clamped -1.00000000000000000E+00
qacc 2.71598680817202398E+00
act_dot
mass 6.29681870479947392E-01
gravity 5.23279145192085871E+00
bias 5.20417042793042128E-17
passive -1.96318136904742335E+00
actuation -1.37999999999999989E+00
length -1.69029017682800320E+00
velocity -2.38735471223037621E+00
force 5.99999999999999978E-01
position 0.00000000000000000E+00 0.00000000000000000E+00 0.00000000000000000E+00
quaternion 1.00000000000000000E+00 0.00000000000000000E+00 0.00000000000000000E+00 0.00000000000000000E+00
position 3.70289704279718801E-01 -2.07729440150945438E-01 1.05483082397782790E+00
quaternion 8.68720327599037168E-01 2.02206574413486578E-01 4.04413148826973157E-01 -2.02206574413486578E-01
unchanged_qpos 7.34908772533914512E-01
unchanged_qvel 1.03798030966538102E+00
unchanged_time 1.25000000000000000E-01
act
step SUCCESS
step_clamped -1.00000000000000000E+00
qpos 7.36995590892920660E-01
qvel 1.04340917950308198E+00
time 1.27000000000000002E-01
reset_qpos 2.30000000000000010E-01
reset_qvel 0.00000000000000000E+00
forward SUCCESS
forward_clamped -1.00000000000000000E+00
qacc -3.89324051216213662E-01
act_dot
mass 6.29681870479947503E-01
gravity 2.04974612000667955E+00
bias -2.60208521396521064E-18
passive -6.79329753484448018E-01
actuation -1.37999999999999989E+00
length 7.98342454139738811E-02
velocity -2.70042583454436702E+00
force 5.99999999999999978E-01
position 0.00000000000000000E+00 0.00000000000000000E+00 0.00000000000000000E+00
quaternion 1.00000000000000000E+00 0.00000000000000000E+00 0.00000000000000000E+00 0.00000000000000000E+00
position 2.73832237073829532E-01 -2.06345590507217902E-01 9.61141056059393817E-01
quaternion 9.91118885226543012E-01 5.42883587080668084E-02 1.08576717416133617E-01 -5.42883587080668084E-02
unchanged_qpos -3.47105414843364712E-02
unchanged_qvel 1.17409818893233364E+00
unchanged_time 1.25000000000000000E-01
act
step SUCCESS
step_clamped -1.00000000000000000E+00
qpos -3.23639015128522611E-02
qvel 1.17331998574210461E+00
time 1.27000000000000002E-01
reset_qpos 2.30000000000000010E-01
reset_qvel 0.00000000000000000E+00
forward SUCCESS
forward_clamped -1.00000000000000000E+00
qacc 8.30663778443762091E+00
act_dot
mass 6.29681870479947614E-01
gravity 4.39118670891944252E+00
bias -5.63785129692462306E-17
passive -1.07006643105055521E+00
actuation 1.83999999999999986E+00
length -1.07099747101214815E+00
velocity 3.17579394057986075E+00
force -8.00000000000000044E-01
position 0.00000000000000000E+00 0.00000000000000000E+00 0.00000000000000000E+00
quaternion 1.00000000000000000E+00 0.00000000000000000E+00 0.00000000000000000E+00 0.00000000000000000E+00
position 3.30152029557599591E-01 -2.00378089501970724E-01 1.02939585055365823E+00
quaternion 9.27340276524780793E-01 1.52774349687670175E-01 3.05548699375340294E-01 -1.52774349687670175E-01
unchanged_qpos 4.65651074353107930E-01
unchanged_qvel -1.38077997416515696E+00
unchanged_time 1.25000000000000000E-01
act
step SUCCESS
step_clamped -1.00000000000000000E+00
qpos 4.62922721970576490E-01
qvel -1.36417619126571377E+00
time 1.27000000000000002E-01
reset_qpos 2.30000000000000010E-01
reset_qvel 0.00000000000000000E+00
forward SUCCESS
forward_clamped -1.00000000000000000E+00
qacc -1.35664195283876943E+00
act_dot
mass 6.29681870479947725E-01
gravity 1.09581429200062597E+00
bias 3.46944695195361419E-18
passive -4.45346400579868906E-01
actuation -1.37999999999999989E+00
length 4.74910230568478253E-01
velocity -3.44191174055617566E+00
force 5.99999999999999978E-01
position 0.00000000000000000E+00 0.00000000000000000E+00 0.00000000000000000E+00
quaternion 1.00000000000000000E+00 0.00000000000000000E+00 0.00000000000000000E+00 0.00000000000000000E+00
position 2.62056372036481522E-01 -2.14108495650957659E-01 9.33839380734566182E-01
quaternion 9.98872667988099927E-01 1.93795130070178769E-02 3.87590260140357398E-02 -1.93795130070178769E-02
unchanged_qpos -2.06482708942816645E-01
unchanged_qvel 1.49648336545920690E+00
unchanged_time 1.25000000000000000E-01
act
step SUCCESS
step_clamped -1.00000000000000000E+00
qpos -2.03495165679019763E-01
qvel 1.49377163189843798E+00
time 1.27000000000000002E-01
reset_qpos 2.30000000000000010E-01
reset_qvel 0.00000000000000000E+00
forward SUCCESS
forward_clamped -1.00000000000000000E+00
qacc 7.21154075628628810E+00
act_dot
mass 6.29681870479947503E-01
gravity 3.90278662628378514E+00
bias -2.68882138776405100E-17
passive -9.01054755984962208E-01
actuation 1.83999999999999986E+00
length -7.91282545196642983E-01
velocity 2.69363548927155572E+00
force -8.00000000000000044E-01
position 0.00000000000000000E+00 0.00000000000000000E+00 0.00000000000000000E+00
quaternion 1.00000000000000000E+00 0.00000000000000000E+00 0.00000000000000000E+00 0.00000000000000000E+00
position 3.13887459664644375E-01 -1.99466769142594341E-01 1.01495392137945561E+00
quaternion 9.48367703194916589E-01 1.29485327056002048E-01 2.58970654112004095E-01 -1.29485327056002048E-01
unchanged_qpos 3.44035889215931756E-01
unchanged_qvel -1.17114586490067651E+00
unchanged_time 1.25000000000000000E-01
act
step SUCCESS
step_clamped -1.00000000000000000E+00
qpos 2.48104355497604540E-01
qvel 1.71366098292966063E-01
time 3.25000000000000178E-01
reset_qpos 2.30000000000000010E-01
reset_qvel 0.00000000000000000E+00
forward SUCCESS
forward_clamped -1.00000000000000000E+00
qacc -7.82672507824931030E-01
act_dot
mass 6.29681870479947614E-01
gravity 7.09641508272685795E-01
bias -7.80625564189563192E-18
passive 6.46801125345987937E-02
actuation -1.37999999999999989E+00
length 6.30517331151335791E-01
velocity 1.60547108817947892E+00
force 5.99999999999999978E-01
position 0.00000000000000000E+00 0.00000000000000000E+00 0.00000000000000000E+00
quaternion 1.00000000000000000E+00 0.00000000000000000E+00 0.00000000000000000E+00 0.00000000000000000E+00
position 2.58645556980137248E-01 -2.17898518043933287E-01 9.22848520892270763E-01
quaternion 9.99906701821212551E-01 5.57655289321221104E-03 1.11531057864244221E-02 -5.57655289321221104E-03
unchanged_qpos -2.74137970065798209E-01
unchanged_qvel -6.98030907904121367E-01
unchanged_time 1.25000000000000000E-01
act
step SUCCESS
step_clamped -1.00000000000000000E+00
qpos -2.75537160782790891E-01
qvel -6.99595358496349462E-01
time 1.27000000000000002E-01
reset_qpos 2.30000000000000010E-01
reset_qvel 0.00000000000000000E+00
forward SUCCESS
forward_clamped -1.00000000000000000E+00
qacc 5.01686409077528950E+00
act_dot
mass 6.29681870479947614E-01
gravity 2.10213548264346883E+00
bias -2.16840434497100887E-19
passive -5.59372227202726169E-01
actuation 1.24088393976230860E+00
length 5.74969210993001231E-02
velocity -9.56671602417112688E-01
force -5.39514756418395081E-01
position 0.00000000000000000E+00 0.00000000000000000E+00 0.00000000000000000E+00
quaternion 1.00000000000000000E+00 0.00000000000000000E+00 0.00000000000000000E+00 0.00000000000000000E+00
position 2.74626718213752952E-01 -2.05989787293183235E-01 9.62647143627386570E-01
quaternion 9.90461465443912337E-01 5.62525339735875513E-02 1.12505067947175103E-01 -5.62525339735875513E-02
unchanged_qpos -2.49986613475217945E-02
unchanged_qvel 4.15944174963962077E-01
unchanged_time 1.25000000000000000E-01
act
step SUCCESS
step_clamped -1.00000000000000000E+00
qpos -2.41467170075866239E-02
qvel 4.25972169967584968E-01
time 1.27000000000000002E-01
reset_qpos 2.30000000000000010E-01
reset_qvel 0.00000000000000000E+00
forward SUCCESS
forward_clamped -1.00000000000000000E+00
qacc 2.93636058472611916E+00
act_dot
mass 6.29681870479947392E-01
gravity 5.41002957580721322E+00
bias 2.43945488809238498E-18
passive -1.94048737808639582E+00
actuation -1.37999999999999989E+00
length -1.87178435381685104E+00
velocity -3.83264267278128845E-01
force 5.99999999999999978E-01
position 0.00000000000000000E+00 0.00000000000000000E+00 0.00000000000000000E+00
quaternion 1.00000000000000000E+00 0.00000000000000000E+00 0.00000000000000000E+00 0.00000000000000000E+00
position 3.82811327361961551E-01 -2.11219813322814698E-01 1.06037170071633202E+00
quaternion 8.48507005446923812E-01 2.16038523458006643E-01 4.32077046916013396E-01 -2.16038523458006698E-01
unchanged_qpos 8.13819284268196164E-01
unchanged_qvel 1.66636637947012556E-01
unchanged_time 1.25000000000000000E-01
act
step SUCCESS
step_clamped -1.00000000000000000E+00
qpos 8.14164296275193822E-01
qvel 1.72506003498814509E-01
time 1.27000000000000002E-01
reset_qpos 2.30000000000000010E-01
reset_qvel 0.00000000000000000E+00
forward SUCCESS
forward_clamped -1.00000000000000000E+00
qacc 4.02772873625210170E+00
act_dot
mass 6.29681870479947725E-01
gravity 3.54204655427540205E-01
bias -2.16840434497100887E-18
passive -2.00962508651017641E-02
actuation 1.83999999999999986E+00
length 7.72578851801905553E-01
velocity -8.19474583627630593E-01
force -8.00000000000000044E-01
position 0.00000000000000000E+00 0.00000000000000000E+00 0.00000000000000000E+00
quaternion 1.00000000000000000E+00 0.00000000000000000E+00 0.00000000000000000E+00 0.00000000000000000E+00
position 2.56159228237907599E-01 -2.21698599651505596E-01 9.12762028934896441E-01
quaternion 9.99851691154254540E-01 -7.03083323626821355E-03 -1.40616664725364323E-02 7.03083323626821355E-03
unchanged_qpos -3.35903848609524158E-01
unchanged_qvel 3.56293297229404615E-01
unchanged_time 1.25000000000000000E-01
act
step SUCCESS
step_clamped -1.00000000000000000E+00
qpos -3.35175160305745623E-01
qvel 3.64344151889261003E-01
time 1.27000000000000002E-01
reset_qpos 2.30000000000000010E-01
reset_qvel 0.00000000000000000E+00
forward SUCCESS
forward_clamped -1.00000000000000000E+00
qacc 2.80603715074947413E+00
act_dot
mass 6.29681870479947392E-01
gravity 1.41605367987945163E+00
bias 5.20417042793042128E-18
passive -5.78491184107780554E-02
actuation 4.55902271302130110E-02
length 3.44341137703464806E-01
velocity 2.74259496421844506E+00
force -1.98218378827013098E-02
position 0.00000000000000000E+00 0.00000000000000000E+00 0.00000000000000000E+00
quaternion 1.00000000000000000E+00 0.00000000000000000E+00 0.00000000000000000E+00 0.00000000000000000E+00
position 2.65461900848638077E-01 -2.11241019606805358E-01 9.42979861635027450E-01
quaternion 9.97123073770086243E-01 3.09450474101400849E-02 6.18900948202801768E-02 -3.09450474101400849E-02
unchanged_qpos -1.49713538131941243E-01
unchanged_qvel -1.19243259313845451E+00
unchanged_time 1.25000000000000000E-01
act
step SUCCESS
step_clamped -1.00000000000000000E+00
qpos -1.52087185582988116E-01
qvel -1.18682372552343662E+00
time 1.27000000000000002E-01
reset_qpos 2.30000000000000010E-01
reset_qvel 0.00000000000000000E+00
forward SUCCESS
forward_clamped -1.00000000000000000E+00
qacc 2.98992335624549366E+00
act_dot
mass 6.29681870479947614E-01
gravity 5.00012970250594435E+00
bias -1.35308431126190953E-16
passive -1.34957202879108351E+00
actuation -1.37999999999999989E+00
length -1.49054069710229142E+00
velocity 3.56668621585779633E+00
force 5.99999999999999978E-01
position 0.00000000000000000E+00 0.00000000000000000E+00 0.00000000000000000E+00
quaternion 1.00000000000000000E+00 0.00000000000000000E+00 0.00000000000000000E+00 0.00000000000000000E+00
position 3.56839022833781550E-01 -2.04573202733765169E-01 1.04769261736625130E+00
quaternion 8.89402591954330912E-01 1.86620394305712728E-01 3.73240788611425456E-01 -1.86620394305712728E-01
unchanged_qpos 6.48061172653170203E-01
unchanged_qvel -1.55073313732947682E+00
unchanged_time 1.25000000000000000E-01
act
step SUCCESS
step_clamped -1.00000000000000000E+00
qpos 6.44971659238279926E-01
qvel -1.54475670744516402E+00
time 1.27000000000000002E-01
reset_qpos 2.30000000000000010E-01
reset_qvel 0.00000000000000000E+00
forward SUCCESS
forward_clamped -1.00000000000000000E+00
qacc 3.62361233031961971E+00
act_dot
mass 6.29681870479947503E-01
gravity 1.23112301404763175E-01
bias 6.07153216591882483E-18
passive 3.11090964111065793E-01
actuation 1.83999999999999986E+00
length 8.64619901276390990E-01
velocity 2.54308547380881356E+00
force -8.00000000000000044E-01
position 0.00000000000000000E+00 0.00000000000000000E+00 0.00000000000000000E+00
quaternion 1.00000000000000000E+00 0.00000000000000000E+00 0.00000000000000000E+00 0.00000000000000000E+00
position 2.54872876028761353E-01 -2.24326880865180101E-01 9.06219114298401185E-01
quaternion 9.99306979233934300E-01 -1.51962783511235249E-02 -3.03925567022470533E-02 1.51962783511235249E-02
unchanged_qpos -3.75921696207126566E-01
unchanged_qvel -1.10568933643861467E+00
unchanged_time 1.25000000000000000E-01
act
step SUCCESS
step_clamped -1.00000000000000000E+00
qpos -3.78118588712674564E-01
qvel -1.09844625277399510E+00
time 1.27000000000000002E-01
reset_qpos 2.30000000000000010E-01
reset_qvel 0.00000000000000000E+00
forward SUCCESS
forward_clamped -1.00000000000000000E+00
qacc 6.53422183920788946E+00
act_dot
mass 6.29681870479947392E-01
gravity 3.56825828905711928E+00
bias 6.88468379528295316E-17
passive -1.22874452839705972E+00
actuation 1.39296836865809048E+00
length -6.16710029848391739E-01
velocity -3.14225202539428805E+00
force -6.05638421155691553E-01
position 0.00000000000000000E+00 0.00000000000000000E+00 0.00000000000000000E+00
quaternion 1.00000000000000000E+00 0.00000000000000000E+00 0.00000000000000000E+00 0.00000000000000000E+00
position 3.04485245769910873E-01 -1.99672258388367441E-01 1.00514072899317597E+00
quaternion 9.59718843617827222E-01 1.14702325757342002E-01 2.29404651514684005E-01 -1.14702325757342002E-01
unchanged_qpos 2.68134795586257302E-01
unchanged_qvel 1.36619653278012532E+00
unchanged_time 1.25000000000000000E-01
act
step SUCCESS
step_clamped -1.00000000000000000E+00
qpos 6.79696693403420871E-01
qvel 2.76706471376787944E+00
time 3.25000000000000178E-01
reset_qpos 2.30000000000000010E-01
reset_qvel 0.00000000000000000E+00
forward SUCCESS
forward_clamped -1.00000000000000000E+00
qacc 2.70589844560053860E+00
act_dot
mass 6.29681870479947725E-01
gravity 2.84319393256265407E+00
bias -1.38777878078144568E-16
passive -3.71940239971109365E-01
actuation -8.60077617573810516E-01
length -2.69204550036711399E-01
velocity 4.52380657293810007E+00
force 3.73946790249482852E-01
position 0.00000000000000000E+00 0.00000000000000000E+00 0.00000000000000000E+00
quaternion 1.00000000000000000E+00 0.00000000000000000E+00 0.00000000000000000E+00 0.00000000000000000E+00
position 2.87726694288401807E-01 -2.01845626611902473E-01 9.84035441064596950E-01
quaternion 9.78186600841519094E-01 8.48046519302988050E-02 1.69609303860597638E-01 -8.48046519302988050E-02
unchanged_qpos 1.17045456537700626E-01
unchanged_qvel -1.96687242301656529E+00
unchanged_time 1.25000000000000000E-01
act
step SUCCESS
step_clamped -1.00000000000000000E+00
qpos 1.13122529100950192E-01
qvel -1.96146371837521638E+00
time 1.27000000000000002E-01
reset_qpos 2.30000000000000010E-01
reset_qvel 0.00000000000000000E+00
forward SUCCESS
forward_clamped -1.00000000000000000E+00
qacc 1.16232652831999994E+00
act_dot
mass 6.29681870479947392E-01
gravity 2.17899696022541489E+00
bias 2.86229373536173171E-17
passive -3.24871377553989094E-01
actuation -1.37999999999999989E+00
length 2.45706332013304503E-02
velocity 2.35069863990868555E+00
force 5.99999999999999978E-01
position 0.00000000000000000E+00 0.00000000000000000E+00 0.00000000000000000E+00
quaternion 1.00000000000000000E+00 0.00000000000000000E+00 0.00000000000000000E+00 0.00000000000000000E+00
position 2.75822080242601186E-01 -2.05481988384153269E-01 9.64858103474294682E-01
quaternion 9.89449815128465970E-01 5.91453905533422669E-02 1.18290781106684534E-01 -5.91453905533422669E-02
unchanged_qpos -1.06828840005784576E-02
unchanged_qvel -1.02204288691681988E+00
unchanged_time 1.25000000000000000E-01
act
step SUCCESS
step_clamped -1.00000000000000000E+00
qpos -1.27223231248686092E-02
qvel -1.01971956214507586E+00
time 1.27000000000000002E-01
reset_qpos 2.30000000000000010E-01
reset_qvel 0.00000000000000000E+00
forward SUCCESS
forward_clamped -1.00000000000000000E+00
qacc 6.72405257563971936E+00
act_dot
mass 6.29681870479947725E-01
gravity 3.03033127631063159E+00
bias -1.66533453693773481E-16
passive -4.79976991832473998E-01
actuation 1.83999999999999986E+00
length -3.55671765062042067E-01
velocity 3.95997177439322989E+00
force -8.00000000000000044E-01
position 0.00000000000000000E+00 0.00000000000000000E+00 0.00000000000000000E+00
quaternion 1.00000000000000000E+00 0.00000000000000000E+00 0.00000000000000000E+00 0.00000000000000000E+00
position 2.91637663750231368E-01 -2.01086888737873448E-01 9.89463886274484561E-01
quaternion 9.74109310440090748E-01 9.22957667085647776E-02 1.84591533417129583E-01 -9.22957667085647776E-02
unchanged_qpos 1.54639897853061786E-01
unchanged_qvel -1.72172685843183926E+00
unchanged_time 1.25000000000000000E-01
act
step SUCCESS
step_clamped -1.00000000000000000E+00
qpos 1.51223324978259022E-01
qvel -1.70828643740137998E+00
time 1.27000000000000002E-01
reset_qpos 2.30000000000000010E-01
reset_qvel 0.00000000000000000E+00
forward SUCCESS
forward_clamped -1.00000000000000000E+00
qacc 3.57976356910277804E+00
act_dot
mass 6.29681870479947614E-01
gravity 5.44629607020752005E+00
bias 1.73472347597680709E-17
passive -1.67809242945877823E+00
actuation -1.37999999999999989E+00
length -1.91379948538433764E+00
velocity 3.36636965221213469E+00
force 5.99999999999999978E-01
position 0.00000000000000000E+00 0.00000000000000000E+00 0.00000000000000000E+00
quaternion 1.00000000000000000E+00 0.00000000000000000E+00 0.00000000000000000E+00 0.00000000000000000E+00
position 3.85742174655209102E-01 -2.12109995843758892E-01 1.06152218296769130E+00
quaternion 8.43638257502825617E-01 2.19193404127343006E-01 4.38386808254686011E-01 -2.19193404127343006E-01
unchanged_qpos 8.32086732775799032E-01
unchanged_qvel -1.46363897922266739E+00
unchanged_time 1.25000000000000000E-01
act
step SUCCESS
step_clamped -1.00000000000000000E+00
qpos 8.29173765689857123E-01
qvel -1.45648354297094174E+00
time 1.27000000000000002E-01
reset_qpos 2.30000000000000010E-01
reset_qvel 0.00000000000000000E+00
forward SUCCESS
forward_clamped -1.00000000000000000E+00
qacc 6.59324821513027270E+00
act_dot
mass 6.29681870479947503E-01
gravity 5.71724222076288147E+00
bias -5.20417042793042128E-17
passive -2.08597111599835605E+00
actuation 9.16000756133336536E-01
length -2.35984896741501826E+00
velocity 2.36727598782951620E+00
force -3.98261198318841991E-01
position 0.00000000000000000E+00 0.00000000000000000E+00 0.00000000000000000E+00
quaternion 1.00000000000000000E+00 0.00000000000000000E+00 0.00000000000000000E+00 0.00000000000000000E+00
position 4.17280750755724350E-01 -2.23363189862889833E-01 1.07055437102994477E+00
quaternion 7.87693800130553345E-01 2.51508275952597615E-01 5.03016551905195231E-01 -2.51508275952597615E-01
unchanged_qpos 1.02602129018044286E+00
unchanged_qvel -1.02925042949109402E+00
unchanged_time 1.25000000000000000E-01
act
step SUCCESS
step_clamped -1.00000000000000000E+00
qpos 1.02398914724504109E+00
qvel -1.01607146770089041E+00
time 1.27000000000000002E-01
reset_qpos 2.30000000000000010E-01
reset_qvel 0.00000000000000000E+00
forward SUCCESS
forward_clamped -1.00000000000000000E+00
qacc 5.38275126763260570E+00
act_dot
mass 6.29681870479947614E-01
gravity 2.19666069067325598E+00
bias -3.90312782094781596E-18
passive -6.06511959653545651E-01
actuation 1.83999999999999986E+00
length 1.69768573172408913E-02
velocity -1.17632313690258083E+00
force -8.00000000000000044E-01
position 0.00000000000000000E+00 0.00000000000000000E+00 0.00000000000000000E+00
quaternion 1.00000000000000000E+00 0.00000000000000000E+00 0.00000000000000000E+00 0.00000000000000000E+00
position 2.76101846188536115E-01 -2.05367703642032856E-01 9.65366438904470381E-01
quaternion 9.89209302642367727E-01 5.98121442041673265E-02 1.19624288408334667E-01 -5.98121442041673335E-02
unchanged_qpos -7.38124231184386637E-03
unchanged_qvel 5.11444842131556943E-01
unchanged_time 1.25000000000000000E-01
act
step SUCCESS
step_clamped -1.00000000000000000E+00
qpos -6.33683392512404600E-03
qvel 5.22204193359910196E-01
time 1.27000000000000002E-01
reset_qpos 2.30000000000000010E-01
reset_qvel 0.00000000000000000E+00
forward SUCCESS
forward_clamped -1.00000000000000000E+00
qacc 6.80855753557336918E+00
act_dot
mass 6.29681870479947725E-01
gravity 3.04251543276719216E+00
bias -1.92554305833425587E-16
passive -4.57975149099633827E-01
actuation 1.83999999999999986E+00
length -3.61369650524832109E-01
velocity 4.29491979423920434E+00
force -8.00000000000000044E-01
position 0.00000000000000000E+00 0.00000000000000000E+00 0.00000000000000000E+00
quaternion 1.00000000000000000E+00 0.00000000000000000E+00 0.00000000000000000E+00 0.00000000000000000E+00
position 2.91901607134507468E-01 -2.01041931662181844E-01 9.89817743810143869E-01
quaternion 9.73828527592242921E-01 9.27882884559651372E-02 1.85576576911930274E-01 -9.27882884559651372E-02
unchanged_qpos 1.57117239358622679E-01
unchanged_qvel -1.86735643227791526E+00
unchanged_time 1.25000000000000000E-01
act
step SUCCESS
step_clamped -1.00000000000000000E+00
qpos 1.53409745162826155E-01
qvel -1.85374709789826753E+00
time 1.27000000000000002E-01
lifecycle PASS
