create SUCCESS
reset_qpos 2.30000000000000010E-01
reset_qvel 0.00000000000000000E+00
forward SUCCESS
forward_clamped -1.00000000000000000E+00
qacc 3.09302493003725365E+00
act_dot
mass 6.29681870479947614E-01
gravity 3.39230172338696701E+00
bias 0.00000000000000000E+00
passive -9.18000000000000038E-01
actuation -5.26680000000000037E-01
length -5.29000000000000026E-01 3.22000000000000008E-01
velocity -0.00000000000000000E+00 0.00000000000000000E+00
force 0.00000000000000000E+00 -3.76200000000000034E-01
position 0.00000000000000000E+00 0.00000000000000000E+00 0.00000000000000000E+00
quaternion 1.00000000000000000E+00 0.00000000000000000E+00 0.00000000000000000E+00 0.00000000000000000E+00
position 2.99999999999999989E-01 -2.00000000000000011E-01 1.00000000000000000E+00
quaternion 9.64901281354015317E-01 1.07211253483779523E-01 2.14422506967559046E-01 -1.07211253483779523E-01
unchanged_qpos 2.30000000000000010E-01
unchanged_qvel 0.00000000000000000E+00
unchanged_time 1.25000000000000000E-01
act
step SUCCESS
step_clamped -1.00000000000000000E+00
qpos 2.83084591373650218E-01
qvel 4.82955078341072319E-01
time 3.25000000000000178E-01
reset_qpos 2.30000000000000010E-01
reset_qvel 0.00000000000000000E+00
forward SUCCESS
forward_clamped -1.00000000000000000E+00
qacc 3.05919701556398316E+00
act_dot
mass 6.29681870479947725E-01
gravity 1.18636922673173695E+00
bias -3.46944695195361419E-18
passive -3.91929809006441698E-01
actuation 1.37497721739611323E+00
length 4.38152716199667835E-01 -2.66701653338928257E-01
velocity -2.41221210141250753E+00 1.46830301825109144E+00
force -8.00000000000000044E-01 -3.32159130431347593E-01
position 0.00000000000000000E+00 0.00000000000000000E+00 0.00000000000000000E+00
quaternion 1.00000000000000000E+00 0.00000000000000000E+00 0.00000000000000000E+00 0.00000000000000000E+00
position 2.62965436593170065E-01 -2.13271910889638872E-01 9.36421614813892300E-01
quaternion 9.98461461117147175E-01 2.26373977590606651E-02 4.52747955181213232E-02 -2.26373977590606651E-02
unchanged_qpos -1.90501180956377331E-01
unchanged_qvel 1.04878787017935116E+00
unchanged_time 1.25000000000000000E-01
act
step SUCCESS
step_clamped -1.00000000000000000E+00
qpos -1.88391375419941998E-01
qvel 1.05490276821766593E+00
time 1.27000000000000002E-01
reset_qpos 2.30000000000000010E-01
reset_qvel 0.00000000000000000E+00
forward SUCCESS
forward_clamped -1.00000000000000000E+00
qacc -8.79796703657853918E+00
act_dot
mass 6.29681870479947725E-01
gravity 3.21549510356591117E+00
bias -2.84060969191202162E-17
passive -1.06532251061080530E+00
actuation -7.83927087291250846E+00
length -4.43244428657935896E-01 2.69800956574395789E-01
velocity -2.69236803159089444E+00 1.63883271488141391E+00
force 5.99999999999999978E-01 -4.61376490922322091E+00
position 0.00000000000000000E+00 0.00000000000000000E+00 0.00000000000000000E+00
quaternion 1.00000000000000000E+00 0.00000000000000000E+00 0.00000000000000000E+00 0.00000000000000000E+00
position 2.95777457541486821E-01 -2.00465067346452142E-01 9.94847322848582571E-01
quaternion 9.69629094526810009E-01 9.98494024745250341E-02 1.99698804949050068E-01 -9.98494024745250341E-02
unchanged_qpos 1.92714968981711282E-01
unchanged_qvel 1.17059479634386721E+00
unchanged_time 1.25000000000000000E-01
act
step SUCCESS
step_clamped -1.00000000000000000E+00
qpos 1.95020986814555236E-01
qvel 1.15300891642197079E+00
time 1.27000000000000002E-01
reset_qpos 2.30000000000000010E-01
reset_qvel 0.00000000000000000E+00
forward SUCCESS
forward_clamped -1.00000000000000000E+00
qacc -6.32704121010022913E+00
act_dot
mass 6.29681870479947503E-01
gravity 1.89855075662515693E-01
bias 2.27682456221955931E-18
passive 3.20116556211263448E-02
actuation -3.84308643311911524E+00
length 8.38051695531779606E-01 -5.10118423367170171E-01
velocity -7.72005969307970941E-01 4.69916676970069280E-01
force 5.99999999999999978E-01 -1.75934745222793953E+00
position 0.00000000000000000E+00 0.00000000000000000E+00 0.00000000000000000E+00
quaternion 1.00000000000000000E+00 0.00000000000000000E+00 0.00000000000000000E+00 0.00000000000000000E+00
position 2.55217816617883175E-01 -2.23555109717885558E-01 9.08107597182112092E-01
quaternion 9.99505299811501824E-01 -1.28397536887080183E-02 -2.56795073774160262E-02 1.28397536887080183E-02
unchanged_qpos -3.64370302405121582E-01
unchanged_qvel 3.35654769264335240E-01
unchanged_time 1.25000000000000000E-01
act
step SUCCESS
step_clamped -1.00000000000000000E+00
qpos -3.63724286570585920E-01
qvel 3.23007917267833122E-01
time 1.27000000000000002E-01
reset_qpos 2.30000000000000010E-01
reset_qvel 0.00000000000000000E+00
forward SUCCESS
forward_clamped -1.00000000000000000E+00
qacc -5.81110814027804623E-01
act_dot
mass 6.29681870479947614E-01
gravity 2.58592596742814962E+00
bias -7.15573433840432926E-18
passive -4.98990163064171210E-01
actuation -2.71811180938292107E+00
length -1.53226157314839156E-01 9.32680957568586266E-02
velocity 1.80503940215351699E+00 -1.09871963609344503E+00
force 5.99999999999999978E-01 -9.55794149559229478E-01
position 0.00000000000000000E+00 0.00000000000000000E+00 0.00000000000000000E+00
quaternion 1.00000000000000000E+00 0.00000000000000000E+00 0.00000000000000000E+00 0.00000000000000000E+00
position 2.82766063160004966E-01 -2.03087275830768438E-01 9.76591511498468123E-01
quaternion 9.83112541310549370E-01 7.47102526631086838E-02 1.49420505326217395E-01 -7.47102526631086838E-02
unchanged_qpos 6.66200683977561658E-02
unchanged_qvel -7.84799740066746576E-01
unchanged_time 1.25000000000000000E-01
act
step SUCCESS
step_clamped -1.00000000000000000E+00
qpos 6.50481458025315845E-02
qvel -7.85961297612293275E-01
time 1.27000000000000002E-01
reset_qpos 2.30000000000000010E-01
reset_qvel 0.00000000000000000E+00
forward SUCCESS
forward_clamped -1.00000000000000000E+00
qacc 8.30454627925336197E+00
act_dot
mass 6.29681870479947503E-01
gravity 1.40228954148266616E+00
bias 6.59194920871186696E-17
passive 7.02270224412032684E-03
actuation 4.11636725780009982E+00
length 3.49988579958016743E-01 -2.13036526930966724E-01
velocity 3.51817571796026751E+00 -2.14149826310624958E+00
force 5.99999999999999978E-01 3.92597661271435694E+00
position 0.00000000000000000E+00 0.00000000000000000E+00 0.00000000000000000E+00
quaternion 1.00000000000000000E+00 0.00000000000000000E+00 0.00000000000000000E+00 0.00000000000000000E+00
position 2.65304496301893566E-01 -2.11358999804556469E-01 9.42586496692780718E-01
quaternion 9.97215381791796363E-01 3.04452577528966650E-02 6.08905155057933439E-02 -3.04452577528966650E-02
unchanged_qpos -1.52168947807833382E-01
unchanged_qvel -1.52964161650446417E+00
unchanged_time 1.25000000000000000E-01
act
step SUCCESS
step_clamped -1.00000000000000000E+00
qpos -1.55195031836283887E-01
qvel -1.51304201422525675E+00
time 1.27000000000000002E-01
reset_qpos 2.30000000000000010E-01
reset_qvel 0.00000000000000000E+00
forward SUCCESS
forward_clamped -1.00000000000000000E+00
qacc 1.08147345120555656E+01
act_dot
mass 6.29681870479947503E-01
gravity 6.44839640352984245E-01
bias 4.85722573273505986E-17
passive -3.60055918967831956E-01
actuation 6.74880196078240591E+00
length 6.56482312720665373E-01 -3.99597929482144176E-01
velocity -4.06693636250635926E+00 2.47552648152561039E+00
force 5.99999999999999978E-01 5.80628711484457583E+00
position 0.00000000000000000E+00 0.00000000000000000E+00 0.00000000000000000E+00
quaternion 1.00000000000000000E+00 0.00000000000000000E+00 0.00000000000000000E+00 0.00000000000000000E+00
position 2.58146050317379860E-01 -2.18569276780051003E-01 9.21007496757277888E-01
quaternion 9.99967875468937839E-01 3.27230882148524249E-03 6.54461764297048672E-03 -3.27230882148524249E-03
unchanged_qpos -2.85427092487245848E-01
unchanged_qvel 1.76823320108972171E+00
unchanged_time 1.25000000000000000E-01
act
step SUCCESS
step_clamped -1.00000000000000000E+00
qpos -2.81847391864768593E-01
qvel 1.78985031123863192E+00
time 1.27000000000000002E-01
reset_qpos 2.30000000000000010E-01
reset_qvel 0.00000000000000000E+00
forward SUCCESS
forward_clamped -1.00000000000000000E+00
qacc -3.62380079014515610E+00
act_dot
mass 6.29681870479947614E-01
gravity 9.58975233361737733E-01
bias 7.28583859910258980E-17
passive 7.12774786151717521E-02
actuation -2.91818677204220522E+00
length 5.30243877012861242E-01 -3.22757142529567720E-01
velocity 2.63679783273906043E+00 -1.60500737644986291E+00
force 5.99999999999999978E-01 -1.09870483717300393E+00
position 0.00000000000000000E+00 0.00000000000000000E+00 0.00000000000000000E+00
quaternion 1.00000000000000000E+00 0.00000000000000000E+00 0.00000000000000000E+00 0.00000000000000000E+00
position 2.60762014363193573E-01 -2.15410547270603603E-01 9.29940919821986456E-01
quaternion 9.99371405775991706E-01 1.44729248214146792E-02 2.89458496428293584E-02 -1.44729248214146827E-02
unchanged_qpos -2.30540816092548367E-01
unchanged_qvel -1.14643384032133078E+00
unchanged_time 1.25000000000000000E-01
act
step SUCCESS
step_clamped -1.00000000000000000E+00
qpos -2.32848170693928824E-01
qvel -1.15367730069023322E+00
time 1.27000000000000002E-01
reset_qpos 2.30000000000000010E-01
reset_qvel 0.00000000000000000E+00
forward SUCCESS
forward_clamped -1.00000000000000000E+00
qacc -4.39767798371553287E+00
act_dot
mass 6.29681870479947614E-01
gravity 3.97903944725663461E+00
bias -1.64798730217796674E-16
passive -1.40115100473105425E+00
actuation -5.68162305987538208E+00
length -8.32762996218022078E-01 5.06899215089230859E-01
velocity -3.30472342950437303E+00 2.01157078317657501E+00
force -8.00000000000000044E-01 -5.37258789991098773E+00
position 0.00000000000000000E+00 0.00000000000000000E+00 0.00000000000000000E+00
quaternion 1.00000000000000000E+00 0.00000000000000000E+00 0.00000000000000000E+00 0.00000000000000000E+00
position 3.16209919822314833E-01 -1.99505520495883382E-01 1.01719887883054816E+00
quaternion 9.45469079929366130E-01 1.32971312004706493E-01 2.65942624009412987E-01 -1.32971312004706493E-01
unchanged_qpos 3.62070867920879169E-01
unchanged_qvel 1.43683627369755351E+00
unchanged_time 1.25000000000000000E-01
act
step SUCCESS
step_clamped -1.00000000000000000E+00
qpos 5.69204358473792249E-01
qvel 6.81190481479864052E-01
time 3.25000000000000178E-01
reset_qpos 2.30000000000000010E-01
reset_qvel 0.00000000000000000E+00
forward SUCCESS
forward_clamped -1.00000000000000000E+00
qacc -1.86836881052153991E+00
act_dot
mass 6.29681870479947614E-01
gravity 5.69770788834427400E+00
bias 5.72458747072346341E-17
passive -2.06350430076545965E+00
actuation -5.04931751382479899E+00
length -2.31053051219715577E+00 1.40640987698957298E+00
velocity 2.18856654985893329E+00 -1.33217094339239406E+00
force -8.00000000000000044E-01 -4.92094108130342800E+00
position 0.00000000000000000E+00 0.00000000000000000E+00 0.00000000000000000E+00
quaternion 1.00000000000000000E+00 0.00000000000000000E+00 0.00000000000000000E+00 0.00000000000000000E+00
position 4.13774670891519258E-01 -2.21963666666324749E-01 1.06984733755886974E+00
quaternion 7.94253504069721172E-01 2.48046155406935448E-01 4.96092310813870896E-01 -2.48046155406935448E-01
unchanged_qpos 1.00457848356398083E+00
unchanged_qvel -9.51550673851710105E-01
unchanged_time 1.25000000000000000E-01
act
step SUCCESS
step_clamped -1.00000000000000000E+00
qpos 1.00266791301130875E+00
qvel -9.55285276336016120E-01
time 1.27000000000000002E-01
reset_qpos 2.30000000000000010E-01
reset_qvel 0.00000000000000000E+00
forward SUCCESS
forward_clamped -1.00000000000000000E+00
qacc 1.18436560847627224E+01
act_dot
mass 6.29681870479947725E-01
gravity -3.94524401018978121E-01
bias 2.08166817117216851E-17
passive -1.06846717793603330E-02
actuation 7.81933803165799812E+00
length 1.07072402773866426E+00 -6.51745060362665218E-01
velocity -3.51503106804587873E+00 2.13958412837575240E+00
force 5.99999999999999978E-01 6.57095573689857027E+00
position 0.00000000000000000E+00 0.00000000000000000E+00 0.00000000000000000E+00
quaternion 1.00000000000000000E+00 0.00000000000000000E+00 0.00000000000000000E+00 0.00000000000000000E+00
position 2.52929396913239568E-01 -2.30661810363509551E-01 8.91605776186220500E-01
quaternion 9.96636854264403516E-01 -3.34539004251974831E-02 -6.69078008503949523E-02 3.34539004251974831E-02
unchanged_qpos -4.65532185973332346E-01
unchanged_qvel 1.52827437741125172E+00
unchanged_time 1.25000000000000000E-01
act
step SUCCESS
step_clamped -1.00000000000000000E+00
qpos -4.62428289663585623E-01
qvel 1.55194815487335447E+00
time 1.27000000000000002E-01
reset_qpos 2.30000000000000010E-01
reset_qvel 0.00000000000000000E+00
forward SUCCESS
forward_clamped -1.00000000000000000E+00
qacc 1.96667389723623813E+01
act_dot
mass 6.29681870479947614E-01
gravity 4.77634956472314887E+00
bias 5.08219768352580203E-21
passive -1.51188741787179759E+00
actuation 8.80030090508913432E+00
length -1.32336088176280886E+00 8.05524014986057635E-01
velocity -8.62642339353273530E-02 5.25086641345470853E-02
force -8.00000000000000044E-01 4.97164350363509655E+00
position 0.00000000000000000E+00 0.00000000000000000E+00 0.00000000000000000E+00
quaternion 1.00000000000000000E+00 0.00000000000000000E+00 0.00000000000000000E+00 0.00000000000000000E+00
position 3.45919036963272641E-01 -2.02500358795436070E-01 1.04091831937240054E+00
quaternion 9.05425102595477704E-01 1.73303867811218149E-01 3.46607735622436297E-01 -1.73303867811218149E-01
unchanged_qpos 5.75374296418612596E-01
unchanged_qvel 3.75061886675336353E-02
unchanged_time 1.25000000000000000E-01
act
step SUCCESS
step_clamped -1.00000000000000000E+00
qpos 5.75527930802278265E-01
qvel 7.68171918328452163E-02
time 1.27000000000000002E-01
reset_qpos 2.30000000000000010E-01
reset_qvel 0.00000000000000000E+00
forward SUCCESS
forward_clamped -1.00000000000000000E+00
qacc 1.97108188757268046E+01
act_dot
mass 6.29681870479947614E-01
gravity 1.22544943431044162E+00
bias -6.24500451351650554E-17
passive 6.89032230974185034E-02
actuation 1.10425576740623512E+01
length 4.22251952117829732E-01 -2.57022927376070298E-01
velocity 3.62638385846528788E+00 -2.20736408776147952E+00
force 5.46220234099802582E-01 8.78490300892278420E+00
position 0.00000000000000000E+00 0.00000000000000000E+00 0.00000000000000000E+00
quaternion 1.00000000000000000E+00 0.00000000000000000E+00 0.00000000000000000E+00 0.00000000000000000E+00
position 2.63370794127307406E-01 -2.12917095192805689E-01 9.37536603741696117E-01
quaternion 9.98263822755728336E-01 2.40462754465902463E-02 4.80925508931804926E-02 -2.40462754465902463E-02
unchanged_qpos -1.83587805268621646E-01
unchanged_qvel -1.57668863411534277E+00
unchanged_time 1.25000000000000000E-01
act
step SUCCESS
step_clamped -1.00000000000000000E+00
qpos -1.86662384311655632E-01
qvel -1.53728952151698683E+00
time 1.27000000000000002E-01
reset_qpos 2.30000000000000010E-01
reset_qvel 0.00000000000000000E+00
forward SUCCESS
forward_clamped -1.00000000000000000E+00
qacc -2.90583180391820006E+00
act_dot
mass 6.29681870479947503E-01
gravity 2.97990418862525264E+00
bias 1.24900090270330111E-16
passive -5.50561631899052384E-01
actuation -3.96190003384485046E+00
length -3.32181137762588008E-01 2.02197214290270988E-01
velocity 2.83620100460321822E+00 -1.72638322019326340E+00
force 4.34476425922109222E-01 -2.11614589587428537E+00
position 0.00000000000000000E+00 0.00000000000000000E+00 0.00000000000000000E+00
quaternion 1.00000000000000000E+00 0.00000000000000000E+00 0.00000000000000000E+00 0.00000000000000000E+00
position 2.90557571038859264E-01 -2.01278826291215907E-01 9.87999918456427539E-01
quaternion 9.75251104730916474E-01 9.02637641592008710E-02 1.80527528318401742E-01 -9.02637641592008710E-02
unchanged_qpos 1.44426581635907852E-01
unchanged_qvel -1.23313087156661672E+00
unchanged_time 1.25000000000000000E-01
act
step SUCCESS
step_clamped -1.00000000000000000E+00
qpos 1.41948703207018800E-01
qvel -1.23893921444451927E+00
time 1.27000000000000002E-01
reset_qpos 2.30000000000000010E-01
reset_qvel 0.00000000000000000E+00
forward SUCCESS
forward_clamped -1.00000000000000000E+00
qacc -5.15705746350934380E+00
act_dot
mass 6.29681870479947503E-01
gravity 5.28033785326296545E+00
bias -1.56125112837912638E-17
passive -1.72427800569614487E+00
actuation -6.52788373818560519E+00
length -1.73579784486373323E+00 1.05657260122140273E+00
velocity 1.09509401759562874E+00 -6.66578967232121844E-01
force 5.99999999999999978E-01 -3.67705981298971807E+00
position 0.00000000000000000E+00 0.00000000000000000E+00 0.00000000000000000E+00
quaternion 1.00000000000000000E+00 0.00000000000000000E+00 0.00000000000000000E+00 0.00000000000000000E+00
position 3.73405780296288403E-01 -2.08549778782421091E-01 1.05630622273144636E+00
quaternion 8.63777878984675063E-01 2.05705199973463537E-01 4.11410399946927074E-01 -2.05705199973463537E-01
unchanged_qpos 7.54694715158144902E-01
unchanged_qvel -4.76127833737229889E-01
unchanged_time 1.25000000000000000E-01
act
step SUCCESS
step_clamped -1.00000000000000000E+00
qpos 7.53721843047592932E-01
qvel -4.86436055275971224E-01
time 1.27000000000000002E-01
reset_qpos 2.30000000000000010E-01
reset_qvel 0.00000000000000000E+00
forward SUCCESS
forward_clamped -1.00000000000000000E+00
qacc 1.57896967093477674E+01
act_dot
mass 6.29681870479947725E-01
gravity 5.01984130436431020E+00
bias -6.93889390390722838E-18
passive -1.53832298333761819E+00
actuation 6.08194815486460438E+00
length -1.50626906500335167E+00 9.16859430871605374E-01
velocity 1.30341416016208922E+00 -7.93382532272576046E-01
force 5.99999999999999978E-01 5.32996296776043188E+00
position 0.00000000000000000E+00 0.00000000000000000E+00 0.00000000000000000E+00
quaternion 1.00000000000000000E+00 0.00000000000000000E+00 0.00000000000000000E+00 0.00000000000000000E+00
position 3.57883318123286220E-01 -2.04795127105066588E-01 1.04829306391315313E+00
quaternion 8.87834390325324851E-01 1.87860806341494380E-01 3.75721612682988759E-01 -1.87860806341494380E-01
unchanged_qpos 6.54899593479718156E-01
unchanged_qvel -5.66701808766125747E-01
unchanged_time 1.25000000000000000E-01
act
step SUCCESS
step_clamped -1.00000000000000000E+00
qpos 6.53829312560686438E-01
qvel -5.35140459515863087E-01
time 1.27000000000000002E-01
reset_qpos 2.30000000000000010E-01
reset_qvel 0.00000000000000000E+00
forward SUCCESS
forward_clamped -1.00000000000000000E+00
qacc -4.36639098948950632E+00
act_dot
mass 6.29681870479947614E-01
gravity 1.73246973754481892E-01
bias 3.98986399474665632E-17
passive -1.33874812984765057E-01
actuation -2.45824254838020639E+00
length 8.44663664784676027E-01 -5.14143100303715905E-01
velocity -2.95411277777171621E+00 1.79815560386104467E+00
force 5.99999999999999978E-01 -7.70173248843004865E-01
position 0.00000000000000000E+00 0.00000000000000000E+00 0.00000000000000000E+00
quaternion 1.00000000000000000E+00 0.00000000000000000E+00 0.00000000000000000E+00 0.00000000000000000E+00
position 2.55129967434973404E-01 -2.23746193419341433E-01 9.07637580596290627E-01
quaternion 9.99459060340178618E-01 -1.34262597418087215E-02 -2.68525194836174395E-02 1.34262597418087215E-02
unchanged_qpos -3.67245071645511345E-01
unchanged_qvel 1.28439685990074626E+00
unchanged_time 1.25000000000000000E-01
act
step SUCCESS
step_clamped -1.00000000000000000E+00
qpos -1.85882060848464842E-01
qvel 5.92072032714975771E-01
time 3.25000000000000178E-01
reset_qpos 2.30000000000000010E-01
reset_qvel 0.00000000000000000E+00
forward SUCCESS
forward_clamped -1.00000000000000000E+00
qacc 5.03658730018915701E+00
act_dot
mass 6.29681870479947614E-01
gravity 5.38337213267014114E+00
bias 4.33680868994201774E-19
passive -1.95653283716578819E+00
actuation -1.14932259093942335E-01
length -1.84215949725164685E+00 1.12131447658795902E+00
velocity -8.68079889741737443E-01 5.28396454625405410E-01
force -8.00000000000000044E-01 -1.39638018506710160E+00
position 0.00000000000000000E+00 0.00000000000000000E+00 0.00000000000000000E+00
quaternion 1.00000000000000000E+00 0.00000000000000000E+00 0.00000000000000000E+00 0.00000000000000000E+00
position 3.80751348366236919E-01 -2.10610513776727348E-01 1.05953032081278220E+00
quaternion 8.51897430059129213E-01 2.13803168303095675E-01 4.27606336606191351E-01 -2.13803168303095675E-01
unchanged_qpos 8.00938911848542157E-01
unchanged_qvel 3.77426039018146753E-01
unchanged_time 1.25000000000000000E-01
act
step SUCCESS
step_clamped -1.00000000000000000E+00
qpos 8.01713898764344735E-01
qvel 3.87493457901284588E-01
time 1.27000000000000002E-01
reset_qpos 2.30000000000000010E-01
reset_qvel 0.00000000000000000E+00
forward SUCCESS
forward_clamped -1.00000000000000000E+00
qacc 1.57113873304966889E+00
act_dot
mass 6.29681870479947503E-01
gravity 4.71844172245435711E+00
bias 4.11996825544491685E-17
passive -1.36029541951807320E+00
actuation -2.45643958034617427E+00
length -1.28296223465077763E+00 7.80933534135255902E-01
velocity 1.46920185563752104E+00 -8.94296781692404119E-01
force -8.00000000000000044E-01 -3.06888541453298158E+00
position 0.00000000000000000E+00 0.00000000000000000E+00 0.00000000000000000E+00
quaternion 1.00000000000000000E+00 0.00000000000000000E+00 0.00000000000000000E+00 0.00000000000000000E+00
position 3.43333465900287571E-01 -2.02078626946857132E-01 1.03917621200657329E+00
quaternion 9.09118283252880466E-01 1.70050946804840147E-01 3.40101893609680295E-01 -1.70050946804840147E-01
unchanged_qpos 5.57809667239468565E-01
unchanged_qvel -6.38783415494574403E-01
unchanged_time 1.25000000000000000E-01
act
step SUCCESS
step_clamped -1.00000000000000000E+00
qpos 5.56538381372476021E-01
qvel -6.35642933496269769E-01
time 1.27000000000000002E-01
reset_qpos 2.30000000000000010E-01
reset_qvel 0.00000000000000000E+00
forward SUCCESS
forward_clamped -1.00000000000000000E+00
qacc -5.57629445961395476E+00
act_dot
mass 6.29681870479947614E-01
gravity 5.51270469361846338E+00
bias -2.42861286636752993E-17
passive -1.77580175409953878E+00
actuation -7.28184937709981384E+00
length -1.99695459253869312E+00 1.21553757806703056E+00
velocity 2.90321540492688701E+00 -1.76717459430332258E+00
force 5.99999999999999978E-01 -4.21560669792843878E+00
position 0.00000000000000000E+00 0.00000000000000000E+00 0.00000000000000000E+00
quaternion 1.00000000000000000E+00 0.00000000000000000E+00 0.00000000000000000E+00 0.00000000000000000E+00
position 3.91571451176414564E-01 -2.13960813490784940E-01 1.06364982419484466E+00
quaternion 8.33795081662598969E-01 2.25383289012022037E-01 4.50766578024044073E-01 -2.25383289012022037E-01
unchanged_qpos 8.68241127190736206E-01
unchanged_qvel -1.26226756735951628E+00
unchanged_time 1.25000000000000000E-01
act
step SUCCESS
step_clamped -1.00000000000000000E+00
qpos 8.65694299623147590E-01
qvel -1.27341378379431247E+00
time 1.27000000000000002E-01
reset_qpos 2.30000000000000010E-01
reset_qvel 0.00000000000000000E+00
forward SUCCESS
forward_clamped -1.00000000000000000E+00
qacc 1.39713400003463506E+00
act_dot
mass 6.29681870479947725E-01
gravity -1.40098821106542037E-01
bias 7.80625564189563192E-18
passive 3.61533284107589836E-01
actuation 8.26111062987352485E-01
length 9.69366172748784893E-01 -5.90048974716651742E-01
velocity 2.19835588763623413E+00 -1.33812967073509892E+00
force -8.00000000000000044E-01 -7.24206383580462409E-01
position 0.00000000000000000E+00 0.00000000000000000E+00 0.00000000000000000E+00
quaternion 1.00000000000000000E+00 0.00000000000000000E+00 0.00000000000000000E+00 0.00000000000000000E+00
position 2.53722551939214003E-01 -2.27470732015948196E-01 8.98781087907317588E-01
quaternion 9.98200380564433942E-01 -2.44812861897261425E-02 -4.89625723794522710E-02 2.44812861897261425E-02
unchanged_qpos -4.21463553369036958E-01
unchanged_qvel -9.55806907667927863E-01
unchanged_time 1.25000000000000000E-01
act
step SUCCESS
step_clamped -1.00000000000000000E+00
qpos -4.23369581841609610E-01
qvel -9.53014236286317096E-01
time 1.27000000000000002E-01
reset_qpos 2.30000000000000010E-01
reset_qvel 0.00000000000000000E+00
forward SUCCESS
forward_clamped -1.00000000000000000E+00
qacc 2.00763451802421073E+01
act_dot
mass 6.29681870479947281E-01
gravity 2.87604350030955880E+00
bias -1.16226472890446075E-16
passive -4.10060378037091444E-01
actuation 9.98405246798968804E+00
length -2.84245909998980195E-01 1.73019249564596633E-01
velocity 4.17877320840531130E+00 -2.54360108337714630E+00
force 5.99999999999999978E-01 8.11718033427835017E+00
position 0.00000000000000000E+00 0.00000000000000000E+00 0.00000000000000000E+00
quaternion 1.00000000000000000E+00 0.00000000000000000E+00 0.00000000000000000E+00 0.00000000000000000E+00
position 2.88394173031043477E-01 -2.01703350375835422E-01 9.84987472279372667E-01
quaternion 9.77502130609998798E-01 8.61099923091709074E-02 1.72219984618341787E-01 -8.61099923091709074E-02
unchanged_qpos 1.23585178260426171E-01
unchanged_qvel -1.81685791669796171E+00
unchanged_time 1.25000000000000000E-01
act
step SUCCESS
step_clamped -1.00000000000000000E+00
qpos 1.20031721922011850E-01
qvel -1.77672816920716126E+00
time 1.27000000000000002E-01
reset_qpos 2.30000000000000010E-01
reset_qvel 0.00000000000000000E+00
forward SUCCESS
forward_clamped -1.00000000000000000E+00
qacc -4.57373896901431554E+00
act_dot
mass 6.29681870479947503E-01
gravity 3.86614504345493115E+00
bias 6.28837260041592572E-17
passive -9.20759117522961468E-01
actuation -5.47512384059980839E+00
length -7.71592566381281042E-01 4.69665040405997158E-01
velocity 2.25589662525203671E+00 -1.37315446754471804E+00
force 5.99999999999999978E-01 -2.92508845757129210E+00
position 0.00000000000000000E+00 0.00000000000000000E+00 0.00000000000000000E+00
quaternion 1.00000000000000000E+00 0.00000000000000000E+00 0.00000000000000000E+00 0.00000000000000000E+00
position 3.12796588340498338E-01 -1.99460145935836636E-01 1.01387629646882504E+00
quaternion 9.49716647823736104E-01 1.27826893914156081E-01 2.55653787828312162E-01 -1.27826893914156081E-01
unchanged_qpos 3.35475028861426550E-01
unchanged_qvel -9.80824619674798726E-01
unchanged_time 1.25000000000000000E-01
act
step SUCCESS
step_clamped -1.00000000000000000E+00
qpos 3.33495095119766660E-01
qvel -9.89966870829954715E-01
time 1.27000000000000002E-01
reset_qpos 2.30000000000000010E-01
reset_qvel 0.00000000000000000E+00
forward SUCCESS
forward_clamped -1.00000000000000000E+00
qacc -1.77009996583541329E+00
act_dot
mass 6.29681870479947614E-01
gravity 2.17105638863488615E+00
bias -1.56125112837912638E-17
passive -3.03139290310843967E-01
actuation -2.94886598205386274E+00
length 2.79810192713084160E-02 -1.70319247738399057E-02
velocity 2.59617721957685976E+00 -1.58028178582939294E+00
force 5.99999999999999978E-01 -1.12061855860990200E+00
position 0.00000000000000000E+00 0.00000000000000000E+00 0.00000000000000000E+00
quaternion 1.00000000000000000E+00 0.00000000000000000E+00 0.00000000000000000E+00 0.00000000000000000E+00
position 2.75696932922343485E-01 -2.05533659516042327E-01 9.64629613890258919E-01
quaternion 9.89556952578109050E-01 5.88458970593619679E-02 1.17691794118723936E-01 -5.88458970593619679E-02
unchanged_qpos -1.21656605527427908E-02
unchanged_qvel -1.12877270416385223E+00
unchanged_time 1.25000000000000000E-01
act
step SUCCESS
step_clamped -1.00000000000000000E+00
qpos -1.44302823152599371E-02
qvel -1.13231088125857338E+00
time 1.27000000000000002E-01
lifecycle PASS
