create SUCCESS
reset_qpos 2.00000000000000011E-01
reset_qvel 0.00000000000000000E+00
forward SUCCESS
forward_clamped -1.00000000000000000E+00
qacc -8.14683026026297163E+00
act_dot
mass 2.31999999999999984E+00
gravity -1.80906462038100955E+01
bias 0.00000000000000000E+00
passive -8.10000000000000164E-01
actuation 0.00000000000000000E+00
length
velocity
force
position 0.00000000000000000E+00 0.00000000000000000E+00 0.00000000000000000E+00
quaternion 1.00000000000000000E+00 0.00000000000000000E+00 0.00000000000000000E+00 0.00000000000000000E+00
position 2.99999999999999989E-01 -2.00000000000000011E-01 1.00000000000000000E+00
quaternion 1.00000000000000000E+00 0.00000000000000000E+00 0.00000000000000000E+00 0.00000000000000000E+00
unchanged_qpos 2.00000000000000011E-01
unchanged_qvel 0.00000000000000000E+00
unchanged_time 1.25000000000000000E-01
act
step SUCCESS
step_clamped -1.00000000000000000E+00
qpos 3.75083278602483319E-02
qvel -1.59582586574079777E+00
time 3.25000000000000178E-01
reset_qpos 2.00000000000000011E-01
reset_qvel 0.00000000000000000E+00
forward SUCCESS
forward_clamped -1.00000000000000000E+00
qacc -7.34531818005841952E+00
act_dot
mass 2.31999999999999984E+00
gravity -1.80906462038100955E+01
bias 0.00000000000000000E+00
passive 6.56151801670912138E-01
actuation 0.00000000000000000E+00
length
velocity
force
position 0.00000000000000000E+00 0.00000000000000000E+00 0.00000000000000000E+00
quaternion 1.00000000000000000E+00 0.00000000000000000E+00 0.00000000000000000E+00 0.00000000000000000E+00
position 1.78588453737914710E-01 -4.42823092524170514E-01 6.35765361213744162E-01
quaternion 1.00000000000000000E+00 0.00000000000000000E+00 0.00000000000000000E+00 0.00000000000000000E+00
unchanged_qpos -2.54280408911177425E-01
unchanged_qvel -7.98648992035777106E-01
unchanged_time 1.25000000000000000E-01
act
step SUCCESS
step_clamped -1.00000000000000000E+00
qpos -2.55907080571328827E-01
qvel -8.13335830075711197E-01
time 1.27000000000000002E-01
reset_qpos 2.00000000000000011E-01
reset_qvel 0.00000000000000000E+00
forward SUCCESS
forward_clamped -1.00000000000000000E+00
qacc -7.18101620061558066E+00
act_dot
mass 2.31999999999999984E+00
gravity -1.80906462038100955E+01
bias 0.00000000000000000E+00
passive 1.61635809784891737E+00
actuation 0.00000000000000000E+00
length
velocity
force
position 0.00000000000000000E+00 0.00000000000000000E+00 0.00000000000000000E+00
quaternion 1.00000000000000000E+00 0.00000000000000000E+00 0.00000000000000000E+00 0.00000000000000000E+00
position 1.03862657646055123E-01 -5.92274684707889687E-01 4.11587972938165403E-01
quaternion 1.00000000000000000E+00 0.00000000000000000E+00 0.00000000000000000E+00 0.00000000000000000E+00
unchanged_qpos -5.33878735840847218E-01
unchanged_qvel -1.48295170359543294E+00
unchanged_time 1.25000000000000000E-01
act
step SUCCESS
step_clamped -1.00000000000000000E+00
qpos -5.36873355886123838E-01
qvel -1.49731002263829094E+00
time 1.27000000000000002E-01
reset_qpos 2.00000000000000011E-01
reset_qvel 0.00000000000000000E+00
forward SUCCESS
forward_clamped -1.00000000000000000E+00
qacc -8.84684667974816108E+00
act_dot
mass 2.31999999999999984E+00
gravity -1.80906462038100955E+01
bias 0.00000000000000000E+00
passive -2.17533436462212615E+00
actuation 0.00000000000000000E+00
length
velocity
force
position 0.00000000000000000E+00 0.00000000000000000E+00 0.00000000000000000E+00
quaternion 1.00000000000000000E+00 0.00000000000000000E+00 0.00000000000000000E+00 0.00000000000000000E+00
position 4.10588541073800994E-01 2.11770821476020277E-02 1.33176562322140302E+00
quaternion 1.00000000000000000E+00 0.00000000000000000E+00 0.00000000000000000E+00 0.00000000000000000E+00
unchanged_qpos 6.13784431601340996E-01
unchanged_qvel 8.27054664328351397E-01
unchanged_time 1.25000000000000000E-01
act
step SUCCESS
step_clamped -1.00000000000000000E+00
qpos 6.15403162692822803E-01
qvel 8.09365545740903580E-01
time 1.27000000000000002E-01
reset_qpos 2.00000000000000011E-01
reset_qvel 0.00000000000000000E+00
forward SUCCESS
forward_clamped -1.00000000000000000E+00
qacc -8.91421014812909362E+00
act_dot
mass 2.31999999999999984E+00
gravity -1.80906462038100955E+01
bias 0.00000000000000000E+00
passive -2.71194321659542759E+00
actuation 0.00000000000000000E+00
length
velocity
force
position 0.00000000000000000E+00 0.00000000000000000E+00 0.00000000000000000E+00
quaternion 1.00000000000000000E+00 0.00000000000000000E+00 0.00000000000000000E+00 0.00000000000000000E+00
position 4.95265267180905744E-01 1.90530534361811499E-01 1.58579580154271715E+00
quaternion 1.00000000000000000E+00 0.00000000000000000E+00 0.00000000000000000E+00 0.00000000000000000E+00
unchanged_qpos 9.30615729327823216E-01
unchanged_qvel -2.35730841965651194E-01
unchanged_time 1.25000000000000000E-01
act
step SUCCESS
step_clamped -1.00000000000000000E+00
qpos 9.30108620022511823E-01
qvel -2.53554652655696433E-01
time 1.27000000000000002E-01
reset_qpos 2.00000000000000011E-01
reset_qvel 0.00000000000000000E+00
forward SUCCESS
forward_clamped -1.00000000000000000E+00
qacc -9.00317307230030650E+00
act_dot
mass 2.31999999999999984E+00
gravity -1.80906462038100955E+01
bias 0.00000000000000000E+00
passive -2.45592340801810005E+00
actuation 0.00000000000000000E+00
length
velocity
force
position 0.00000000000000000E+00 0.00000000000000000E+00 0.00000000000000000E+00
quaternion 1.00000000000000000E+00 0.00000000000000000E+00 0.00000000000000000E+00 0.00000000000000000E+00
position 4.25686854177769525E-01 5.13737083555391161E-02 1.37706056253330855E+00
quaternion 1.00000000000000000E+00 0.00000000000000000E+00 0.00000000000000000E+00 0.00000000000000000E+00
unchanged_qpos 6.70277146354630649E-01
unchanged_qvel 1.25391704286865746E+00
unchanged_time 1.25000000000000000E-01
act
step SUCCESS
step_clamped -1.00000000000000000E+00
qpos 6.72748977059298037E-01
qvel 1.23591535233367789E+00
time 1.27000000000000002E-01
reset_qpos 2.00000000000000011E-01
reset_qvel 0.00000000000000000E+00
forward SUCCESS
forward_clamped -1.00000000000000000E+00
qacc -7.90486729089406026E+00
act_dot
mass 2.31999999999999984E+00
gravity -1.80906462038100955E+01
bias 0.00000000000000000E+00
passive -5.75353267697162885E-01
actuation 0.00000000000000000E+00
length
velocity
force
position 0.00000000000000000E+00 0.00000000000000000E+00 0.00000000000000000E+00
quaternion 1.00000000000000000E+00 0.00000000000000000E+00 0.00000000000000000E+00 0.00000000000000000E+00
position 2.26558754908740556E-01 -3.46882490182518821E-01 7.79676264726221757E-01
quaternion 1.00000000000000000E+00 0.00000000000000000E+00 0.00000000000000000E+00 0.00000000000000000E+00
unchanged_qpos -7.47919771895862451E-02
unchanged_qvel 1.69097202036348593E+00
unchanged_time 1.25000000000000000E-01
act
step SUCCESS
step_clamped -1.00000000000000000E+00
qpos -7.14416444426882319E-02
qvel 1.67516637344900321E+00
time 1.27000000000000002E-01
reset_qpos 2.00000000000000011E-01
reset_qvel 0.00000000000000000E+00
forward SUCCESS
forward_clamped -1.00000000000000000E+00
qacc -8.38602755147440604E+00
act_dot
mass 2.31999999999999984E+00
gravity -1.80906462038100955E+01
bias 0.00000000000000000E+00
passive -1.33071440199694591E+00
actuation 0.00000000000000000E+00
length
velocity
force
position 0.00000000000000000E+00 0.00000000000000000E+00 0.00000000000000000E+00
quaternion 1.00000000000000000E+00 0.00000000000000000E+00 0.00000000000000000E+00 0.00000000000000000E+00
position 3.64924915289534246E-01 -7.01501694209314686E-02 1.19477474586860288E+00
quaternion 1.00000000000000000E+00 0.00000000000000000E+00 0.00000000000000000E+00 0.00000000000000000E+00
unchanged_qpos 4.42926788878758304E-01
unchanged_qvel -4.50626426585672313E-01
unchanged_time 1.25000000000000000E-01
act
step SUCCESS
step_clamped -1.00000000000000000E+00
qpos 4.41992000588338985E-01
qvel -4.67394145209666656E-01
time 1.27000000000000002E-01
reset_qpos 2.00000000000000011E-01
reset_qvel 0.00000000000000000E+00
forward SUCCESS
forward_clamped -1.00000000000000000E+00
qacc -8.73627027203010975E+00
act_dot
mass 2.31999999999999984E+00
gravity -1.80906462038100955E+01
bias 0.00000000000000000E+00
passive -2.30167833638139951E+00
actuation 0.00000000000000000E+00
length
velocity
force
position 0.00000000000000000E+00 0.00000000000000000E+00 0.00000000000000000E+00
quaternion 1.00000000000000000E+00 0.00000000000000000E+00 0.00000000000000000E+00 0.00000000000000000E+00
position 5.06258304447859131E-01 2.12516608895718218E-01 1.61877491334357737E+00
quaternion 1.00000000000000000E+00 0.00000000000000000E+00 0.00000000000000000E+00 0.00000000000000000E+00
unchanged_qpos 9.71747908420800499E-01
unchanged_qvel -1.97347005451587520E+00
unchanged_time 1.25000000000000000E-01
act
step SUCCESS
step_clamped -1.00000000000000000E+00
qpos 4.05840452304705945E-01
qvel -3.63984821055177843E+00
time 3.25000000000000178E-01
reset_qpos 2.00000000000000011E-01
reset_qvel 0.00000000000000000E+00
forward SUCCESS
forward_clamped -1.00000000000000000E+00
qacc -7.76430795067666502E+00
act_dot
mass 2.31999999999999984E+00
gravity -1.80906462038100955E+01
bias 0.00000000000000000E+00
passive 9.25622821588739791E-02
actuation 0.00000000000000000E+00
length
velocity
force
position 0.00000000000000000E+00 0.00000000000000000E+00 0.00000000000000000E+00
quaternion 1.00000000000000000E+00 0.00000000000000000E+00 0.00000000000000000E+00 0.00000000000000000E+00
position 1.99229239623199494E-01 -4.01541520753601056E-01 6.97687718869598461E-01
quaternion 1.00000000000000000E+00 0.00000000000000000E+00 0.00000000000000000E+00 0.00000000000000000E+00
unchanged_qpos -1.77049659934682413E-01
unchanged_qvel 3.84905998882561828E-01
unchanged_time 1.25000000000000000E-01
act
step SUCCESS
step_clamped -1.00000000000000000E+00
qpos -1.76310897138754002E-01
qvel 3.69381397964204605E-01
time 1.27000000000000002E-01
reset_qpos 2.00000000000000011E-01
reset_qvel 0.00000000000000000E+00
forward SUCCESS
forward_clamped -1.00000000000000000E+00
qacc -8.99163993920099891E+00
act_dot
mass 2.31999999999999984E+00
gravity -1.80906462038100955E+01
bias 0.00000000000000000E+00
passive -2.73242495923357609E+00
actuation 0.00000000000000000E+00
length
velocity
force
position 0.00000000000000000E+00 0.00000000000000000E+00 0.00000000000000000E+00
quaternion 1.00000000000000000E+00 0.00000000000000000E+00 0.00000000000000000E+00 0.00000000000000000E+00
position 4.93598987626876540E-01 1.87197975253753091E-01 1.58079696288062976E+00
quaternion 1.00000000000000000E+00 0.00000000000000000E+00 0.00000000000000000E+00 0.00000000000000000E+00
unchanged_qpos 9.24381082126059406E-01
unchanged_qvel -1.11346541689282486E-01
unchanged_time 1.25000000000000000E-01
act
step SUCCESS
step_clamped -1.00000000000000000E+00
qpos 9.24122431782215537E-01
qvel -1.29325171921934656E-01
time 1.27000000000000002E-01
reset_qpos 2.00000000000000011E-01
reset_qvel 0.00000000000000000E+00
forward SUCCESS
forward_clamped -1.00000000000000000E+00
qacc -8.03967796523553524E+00
act_dot
mass 2.31999999999999984E+00
gravity -1.80906462038100955E+01
bias 0.00000000000000000E+00
passive -5.84467935967563301E-01
actuation 0.00000000000000000E+00
length
velocity
force
position 0.00000000000000000E+00 0.00000000000000000E+00 0.00000000000000000E+00
quaternion 1.00000000000000000E+00 0.00000000000000000E+00 0.00000000000000000E+00 0.00000000000000000E+00
position 2.37865776457424127E-01 -3.24268447085151679E-01 8.13597329372272471E-01
quaternion 1.00000000000000000E+00 0.00000000000000000E+00 0.00000000000000000E+00 0.00000000000000000E+00
unchanged_qpos -3.24849764895422388E-02
unchanged_qvel 1.34059124163109100E+00
unchanged_time 1.25000000000000000E-01
act
step SUCCESS
step_clamped -1.00000000000000000E+00
qpos -2.98359444033831286E-02
qvel 1.32451604307955573E+00
time 1.27000000000000002E-01
reset_qpos 2.00000000000000011E-01
reset_qvel 0.00000000000000000E+00
forward SUCCESS
forward_clamped -1.00000000000000000E+00
qacc -7.87171797874377166E+00
act_dot
mass 2.31999999999999984E+00
gravity -1.80906462038100955E+01
bias 0.00000000000000000E+00
passive 1.86855143718756729E-02
actuation 0.00000000000000000E+00
length
velocity
force
position 0.00000000000000000E+00 0.00000000000000000E+00 0.00000000000000000E+00
quaternion 1.00000000000000000E+00 0.00000000000000000E+00 0.00000000000000000E+00 0.00000000000000000E+00
position 2.21580349087155293E-01 -3.56839301825689403E-01 7.64741047261465856E-01
quaternion 1.00000000000000000E+00 0.00000000000000000E+00 0.00000000000000000E+00 0.00000000000000000E+00
unchanged_qpos -9.34194661062792142E-02
unchanged_qvel -1.21509852949739372E-01
unchanged_time 1.25000000000000000E-01
act
step SUCCESS
step_clamped -1.00000000000000000E+00
qpos -9.36939645430425877E-02
qvel -1.37249218381684163E-01
time 1.27000000000000002E-01
reset_qpos 2.00000000000000011E-01
reset_qvel 0.00000000000000000E+00
forward SUCCESS
forward_clamped -1.00000000000000000E+00
qacc -7.64903520708171669E+00
act_dot
mass 2.31999999999999984E+00
gravity -1.80906462038100955E+01
bias 0.00000000000000000E+00
passive 4.07197870072374513E-01
actuation 0.00000000000000000E+00
length
velocity
force
position 0.00000000000000000E+00 0.00000000000000000E+00 0.00000000000000000E+00
quaternion 1.00000000000000000E+00 0.00000000000000000E+00 0.00000000000000000E+00 0.00000000000000000E+00
position 2.02824947489203683E-01 -3.94350105021592623E-01 7.08474842467611055E-01
quaternion 1.00000000000000000E+00 0.00000000000000000E+00 0.00000000000000000E+00 0.00000000000000000E+00
unchanged_qpos -1.63595753037166614E-01
unchanged_qvel -7.84964456240082153E-01
unchanged_time 1.25000000000000000E-01
act
step SUCCESS
step_clamped -1.00000000000000000E+00
qpos -1.65196270179725935E-01
qvel -8.00258571279666375E-01
time 1.27000000000000002E-01
reset_qpos 2.00000000000000011E-01
reset_qvel 0.00000000000000000E+00
forward SUCCESS
forward_clamped -1.00000000000000000E+00
qacc -7.74882924247247118E+00
act_dot
mass 2.31999999999999984E+00
gravity -1.80906462038100955E+01
bias 0.00000000000000000E+00
passive 6.64854019867041207E-02
actuation 0.00000000000000000E+00
length
velocity
force
position 0.00000000000000000E+00 0.00000000000000000E+00 0.00000000000000000E+00
quaternion 1.00000000000000000E+00 0.00000000000000000E+00 0.00000000000000000E+00 0.00000000000000000E+00
position 2.04998571287630826E-01 -3.90002857424738336E-01 7.14995713862892512E-01
quaternion 1.00000000000000000E+00 0.00000000000000000E+00 0.00000000000000000E+00 0.00000000000000000E+00
unchanged_qpos -1.55462797495714067E-01
unchanged_qvel 2.77547170839079538E-01
unchanged_time 1.25000000000000000E-01
act
step SUCCESS
step_clamped -1.00000000000000000E+00
qpos -1.54938690457048112E-01
qvel 2.62053519332972384E-01
time 1.27000000000000002E-01
reset_qpos 2.00000000000000011E-01
reset_qvel 0.00000000000000000E+00
forward SUCCESS
forward_clamped -1.00000000000000000E+00
qacc -8.71050174232413177E+00
act_dot
mass 2.31999999999999984E+00
gravity -1.80906462038100955E+01
bias 0.00000000000000000E+00
passive -1.81148494199292309E+00
actuation 0.00000000000000000E+00
length
velocity
force
position 0.00000000000000000E+00 0.00000000000000000E+00 0.00000000000000000E+00
quaternion 1.00000000000000000E+00 0.00000000000000000E+00 0.00000000000000000E+00 0.00000000000000000E+00
position 4.13750875294035592E-01 2.75017505880711666E-02 1.34125262588210670E+00
quaternion 1.00000000000000000E+00 0.00000000000000000E+00 0.00000000000000000E+00 0.00000000000000000E+00
unchanged_qpos 6.25616802795929683E-01
unchanged_qvel -4.92268085186956750E-01
unchanged_time 1.25000000000000000E-01
act
step SUCCESS
step_clamped -1.00000000000000000E+00
qpos 6.24597433627120502E-01
qvel -5.09684584404565988E-01
time 1.27000000000000002E-01
reset_qpos 2.00000000000000011E-01
reset_qvel 0.00000000000000000E+00
forward SUCCESS
forward_clamped -1.00000000000000000E+00
qacc -7.85339820119066623E+00
act_dot
mass 2.31999999999999984E+00
gravity -1.80906462038100955E+01
bias 0.00000000000000000E+00
passive 9.89774353112460314E-02
actuation 0.00000000000000000E+00
length
velocity
force
position 0.00000000000000000E+00 0.00000000000000000E+00 0.00000000000000000E+00
quaternion 1.00000000000000000E+00 0.00000000000000000E+00 0.00000000000000000E+00 0.00000000000000000E+00
position 1.62050510728419500E-01 -4.75898978543160989E-01 5.86151532185258617E-01
quaternion 1.00000000000000000E+00 0.00000000000000000E+00 0.00000000000000000E+00 0.00000000000000000E+00
unchanged_qpos -3.16159725534701674E-01
unchanged_qvel 1.61551274544149503E+00
unchanged_time 1.25000000000000000E-01
act
step SUCCESS
step_clamped -1.00000000000000000E+00
qpos -1.52180595562017767E-01
qvel 4.04020409461743890E-02
time 3.25000000000000178E-01
reset_qpos 2.00000000000000011E-01
reset_qvel 0.00000000000000000E+00
forward SUCCESS
forward_clamped -1.00000000000000000E+00
qacc -8.26718859024029840E+00
act_dot
mass 2.31999999999999984E+00
gravity -1.80906462038100955E+01
bias 0.00000000000000000E+00
passive -1.13408652827340117E+00
actuation 0.00000000000000000E+00
length
velocity
force
position 0.00000000000000000E+00 0.00000000000000000E+00 0.00000000000000000E+00
quaternion 1.00000000000000000E+00 0.00000000000000000E+00 0.00000000000000000E+00 0.00000000000000000E+00
position 3.87280744607613636E-01 -2.54385107847726888E-02 1.26184223382284100E+00
quaternion 1.00000000000000000E+00 0.00000000000000000E+00 0.00000000000000000E+00 0.00000000000000000E+00
unchanged_qpos 5.26574642784207514E-01
unchanged_qvel -1.85888335747986355E+00
unchanged_time 1.25000000000000000E-01
act
step SUCCESS
step_clamped -1.00000000000000000E+00
qpos 5.22823815864939645E-01
qvel -1.87541345963392492E+00
time 1.27000000000000002E-01
reset_qpos 2.00000000000000011E-01
reset_qvel 0.00000000000000000E+00
forward SUCCESS
forward_clamped -1.00000000000000000E+00
qacc -8.58058231612715971E+00
act_dot
mass 2.31999999999999984E+00
gravity -1.80906462038100955E+01
bias 0.00000000000000000E+00
passive -1.79476647617725993E+00
actuation 0.00000000000000000E+00
length
velocity
force
position 0.00000000000000000E+00 0.00000000000000000E+00 0.00000000000000000E+00
quaternion 1.00000000000000000E+00 0.00000000000000000E+00 0.00000000000000000E+00 0.00000000000000000E+00
position 4.43379710505609981E-01 8.67594210112199171E-02 1.43013913151682992E+00
quaternion 1.00000000000000000E+00 0.00000000000000000E+00 0.00000000000000000E+00 0.00000000000000000E+00
unchanged_qpos 7.36477752926824714E-01
unchanged_qvel -1.54574485575055620E+00
unchanged_time 1.25000000000000000E-01
act
step SUCCESS
step_clamped -1.00000000000000000E+00
qpos 7.33351949760228550E-01
qvel -1.56290158329809992E+00
time 1.27000000000000002E-01
reset_qpos 2.00000000000000011E-01
reset_qvel 0.00000000000000000E+00
forward SUCCESS
forward_clamped -1.00000000000000000E+00
qacc -8.96906327973862005E+00
act_dot
mass 2.31999999999999984E+00
gravity -1.80906462038100955E+01
bias 0.00000000000000000E+00
passive -2.77688878073792322E+00
actuation 0.00000000000000000E+00
length
velocity
force
position 0.00000000000000000E+00 0.00000000000000000E+00 0.00000000000000000E+00
quaternion 1.00000000000000000E+00 0.00000000000000000E+00 0.00000000000000000E+00 0.00000000000000000E+00
position 4.87252124932856634E-01 1.74504249865713279E-01 1.56175637479856988E+00
quaternion 1.00000000000000000E+00 0.00000000000000000E+00 0.00000000000000000E+00 0.00000000000000000E+00
unchanged_qpos 9.00633296444139919E-01
unchanged_qvel 2.50596267795817340E-01
unchanged_time 1.25000000000000000E-01
act
step SUCCESS
step_clamped -1.00000000000000000E+00
qpos 9.01098622002554972E-01
qvel 2.32662779207526732E-01
time 1.27000000000000002E-01
reset_qpos 2.00000000000000011E-01
reset_qvel 0.00000000000000000E+00
forward SUCCESS
forward_clamped -1.00000000000000000E+00
qacc -7.77088534871688452E+00
act_dot
mass 2.31999999999999984E+00
gravity -1.80906462038100955E+01
bias 0.00000000000000000E+00
passive -1.03115440546684728E-01
actuation 0.00000000000000000E+00
length
velocity
force
position 0.00000000000000000E+00 0.00000000000000000E+00 0.00000000000000000E+00
quaternion 1.00000000000000000E+00 0.00000000000000000E+00 0.00000000000000000E+00 0.00000000000000000E+00
position 2.09923869551825570E-01 -3.80152260896348793E-01 7.29771608655476856E-01
quaternion 1.00000000000000000E+00 0.00000000000000000E+00 0.00000000000000000E+00 0.00000000000000000E+00
unchanged_qpos -1.37034018863424867E-01
unchanged_qvel 6.77024304926439502E-01
unchanged_time 1.25000000000000000E-01
act
step SUCCESS
step_clamped -1.00000000000000000E+00
qpos -1.35711045758198423E-01
qvel 6.61486552613224643E-01
time 1.27000000000000002E-01
reset_qpos 2.00000000000000011E-01
reset_qvel 0.00000000000000000E+00
forward SUCCESS
forward_clamped -1.00000000000000000E+00
qacc -7.51879083593914554E+00
act_dot
mass 2.31999999999999984E+00
gravity -1.80906462038100955E+01
bias 0.00000000000000000E+00
passive 3.85093669923585902E-01
actuation 0.00000000000000000E+00
length
velocity
force
position 0.00000000000000000E+00 0.00000000000000000E+00 0.00000000000000000E+00
quaternion 1.00000000000000000E+00 0.00000000000000000E+00 0.00000000000000000E+00 0.00000000000000000E+00
position 1.86539506443421488E-01 -4.26920987113157013E-01 6.59618519330264497E-01
quaternion 1.00000000000000000E+00 0.00000000000000000E+00 0.00000000000000000E+00 0.00000000000000000E+00
unchanged_qpos -2.24530293822989113E-01
unchanged_qvel -1.62872922005051102E-01
unchanged_time 1.25000000000000000E-01
act
step SUCCESS
step_clamped -1.00000000000000000E+00
qpos -2.24886107054294543E-01
qvel -1.77906615652710182E-01
time 1.27000000000000002E-01
reset_qpos 2.00000000000000011E-01
reset_qvel 0.00000000000000000E+00
forward SUCCESS
forward_clamped -1.00000000000000000E+00
qacc -8.09817494036406060E+00
act_dot
mass 2.31999999999999984E+00
gravity -1.80906462038100955E+01
bias 0.00000000000000000E+00
passive -9.12920292089658858E-01
actuation 0.00000000000000000E+00
length
velocity
force
position 0.00000000000000000E+00 0.00000000000000000E+00 0.00000000000000000E+00
quaternion 1.00000000000000000E+00 0.00000000000000000E+00 0.00000000000000000E+00 0.00000000000000000E+00
position 3.30528717972098596E-01 -1.38942564055802797E-01 1.09158615391629588E+00
quaternion 1.00000000000000000E+00 0.00000000000000000E+00 0.00000000000000000E+00 0.00000000000000000E+00
unchanged_qpos 3.14228003109041143E-01
unchanged_qvel -6.84984387682507911E-01
unchanged_time 1.25000000000000000E-01
act
step SUCCESS
step_clamped -1.00000000000000000E+00
qpos 3.12825650009171008E-01
qvel -7.01176549935067284E-01
time 1.27000000000000002E-01
reset_qpos 2.00000000000000011E-01
reset_qvel 0.00000000000000000E+00
forward SUCCESS
forward_clamped -1.00000000000000000E+00
qacc -7.23988309663195562E+00
act_dot
mass 2.31999999999999984E+00
gravity -1.80906462038100955E+01
bias 0.00000000000000000E+00
passive 1.31252940441011967E+00
actuation 0.00000000000000000E+00
length
velocity
force
position 0.00000000000000000E+00 0.00000000000000000E+00 0.00000000000000000E+00
quaternion 1.00000000000000000E+00 0.00000000000000000E+00 0.00000000000000000E+00 0.00000000000000000E+00
position 1.03864108558639562E-01 -5.92271782882720865E-01 4.11592325675918747E-01
quaternion 1.00000000000000000E+00 0.00000000000000000E+00 0.00000000000000000E+00 0.00000000000000000E+00
unchanged_qpos -5.33873307023058130E-01
unchanged_qvel -4.70238251492875126E-01
unchanged_time 1.25000000000000000E-01
act
step SUCCESS
step_clamped -1.00000000000000000E+00
qpos -5.34842735570832617E-01
qvel -4.84714273887243918E-01
time 1.27000000000000002E-01
lifecycle PASS
