create SUCCESS
reset_qpos 0.00000000000000000E+00
reset_qvel 0.00000000000000000E+00
forward SUCCESS
forward_clamped -1.00000000000000000E+00
qacc -9.81000000000000050E+00
act_dot
mass 1.00000000000000004E-10
gravity -9.81000000000000024E-10
bias 0.00000000000000000E+00
passive 0.00000000000000000E+00
actuation 0.00000000000000000E+00
length
velocity
force
position 0.00000000000000000E+00 0.00000000000000000E+00 0.00000000000000000E+00
quaternion 1.00000000000000000E+00 0.00000000000000000E+00 0.00000000000000000E+00 0.00000000000000000E+00
position 0.00000000000000000E+00 0.00000000000000000E+00 0.00000000000000000E+00
quaternion 1.00000000000000000E+00 0.00000000000000000E+00 0.00000000000000000E+00 0.00000000000000000E+00
unchanged_qpos 0.00000000000000000E+00
unchanged_qvel -0.00000000000000000E+00
unchanged_time 1.25000000000000000E-01
act
step SUCCESS
step_clamped -1.00000000000000000E+00
qpos -1.98161999999999866E-01
qvel -1.96199999999999819E+00
time 3.25000000000000178E-01
reset_qpos 0.00000000000000000E+00
reset_qvel 0.00000000000000000E+00
forward SUCCESS
forward_clamped -1.00000000000000000E+00
qacc -9.72752915213959746E+00
act_dot
mass 1.00000000000000004E-10
gravity -9.81000000000000024E-10
bias 0.00000000000000000E+00
passive -0.00000000000000000E+00
actuation 0.00000000000000000E+00
length
velocity
force
position 0.00000000000000000E+00 0.00000000000000000E+00 0.00000000000000000E+00
quaternion 1.00000000000000000E+00 0.00000000000000000E+00 0.00000000000000000E+00 0.00000000000000000E+00
position 0.00000000000000000E+00 0.00000000000000000E+00 5.06865622472640220E-01
quaternion 1.00000000000000000E+00 0.00000000000000000E+00 0.00000000000000000E+00 0.00000000000000000E+00
unchanged_qpos 5.06865622472640220E-01
unchanged_qvel 1.00874231682826387E-01
unchanged_time 1.25000000000000000E-01
act
step SUCCESS
step_clamped -1.00000000000000000E+00
qpos 5.07028460819397342E-01
qvel 8.14191733785471911E-02
time 1.27000000000000002E-01
reset_qpos 0.00000000000000000E+00
reset_qvel 0.00000000000000000E+00
forward SUCCESS
forward_clamped -1.00000000000000000E+00
qacc -9.45989723673423910E+00
act_dot
mass 1.00000000000000004E-10
gravity -9.81000000000000024E-10
bias 0.00000000000000000E+00
passive -0.00000000000000000E+00
actuation 0.00000000000000000E+00
length
velocity
force
position 0.00000000000000000E+00 0.00000000000000000E+00 0.00000000000000000E+00
quaternion 1.00000000000000000E+00 0.00000000000000000E+00 0.00000000000000000E+00 0.00000000000000000E+00
position 0.00000000000000000E+00 0.00000000000000000E+00 1.26044494065373103E-01
quaternion 1.00000000000000000E+00 0.00000000000000000E+00 0.00000000000000000E+00 0.00000000000000000E+00
unchanged_qpos 1.26044494065373103E-01
unchanged_qvel 7.62929622361211646E-01
unchanged_time 1.25000000000000000E-01
act
step SUCCESS
step_clamped -1.00000000000000000E+00
qpos 1.27532513721148599E-01
qvel 7.44009827887743169E-01
time 1.27000000000000002E-01
reset_qpos 0.00000000000000000E+00
reset_qvel 0.00000000000000000E+00
forward SUCCESS
forward_clamped -1.00000000000000000E+00
qacc -9.97346548007100608E+00
act_dot
mass 1.00000000000000004E-10
gravity -9.81000000000000024E-10
bias 0.00000000000000000E+00
passive 0.00000000000000000E+00
actuation 0.00000000000000000E+00
length
velocity
force
position 0.00000000000000000E+00 0.00000000000000000E+00 0.00000000000000000E+00
quaternion 1.00000000000000000E+00 0.00000000000000000E+00 0.00000000000000000E+00 0.00000000000000000E+00
position 0.00000000000000000E+00 0.00000000000000000E+00 -1.78427846220505004E-01
quaternion 1.00000000000000000E+00 0.00000000000000000E+00 0.00000000000000000E+00 0.00000000000000000E+00
unchanged_qpos -1.78427846220505004E-01
unchanged_qvel -1.77165153891295857E+00
unchanged_time 1.25000000000000000E-01
act
step SUCCESS
step_clamped -1.00000000000000000E+00
qpos -1.82011043160251212E-01
qvel -1.79159846987310067E+00
time 1.27000000000000002E-01
reset_qpos 0.00000000000000000E+00
reset_qvel 0.00000000000000000E+00
forward SUCCESS
forward_clamped -1.00000000000000000E+00
qacc -9.48360570759054511E+00
act_dot
mass 1.00000000000000004E-10
gravity -9.81000000000000024E-10
bias 0.00000000000000000E+00
passive 0.00000000000000000E+00
actuation 0.00000000000000000E+00
length
velocity
force
position 0.00000000000000000E+00 0.00000000000000000E+00 0.00000000000000000E+00
quaternion 1.00000000000000000E+00 0.00000000000000000E+00 0.00000000000000000E+00 0.00000000000000000E+00
position 0.00000000000000000E+00 0.00000000000000000E+00 -6.04846791506367221E-01
quaternion 1.00000000000000000E+00 0.00000000000000000E+00 0.00000000000000000E+00 0.00000000000000000E+00
unchanged_qpos -6.04846791506367221E-01
unchanged_qvel -1.36439784757757332E+00
unchanged_time 1.25000000000000000E-01
act
step SUCCESS
step_clamped -1.00000000000000000E+00
qpos -6.07613521624352781E-01
qvel -1.38336505899275442E+00
time 1.27000000000000002E-01
reset_qpos 0.00000000000000000E+00
reset_qvel 0.00000000000000000E+00
forward SUCCESS
forward_clamped -1.00000000000000000E+00
qacc -9.63816289874008447E+00
act_dot
mass 1.00000000000000004E-10
gravity -9.81000000000000024E-10
bias 0.00000000000000000E+00
passive 0.00000000000000000E+00
actuation 0.00000000000000000E+00
length
velocity
force
position 0.00000000000000000E+00 0.00000000000000000E+00 0.00000000000000000E+00
quaternion 1.00000000000000000E+00 0.00000000000000000E+00 0.00000000000000000E+00 0.00000000000000000E+00
position 0.00000000000000000E+00 0.00000000000000000E+00 6.55039338742955835E-01
quaternion 1.00000000000000000E+00 0.00000000000000000E+00 0.00000000000000000E+00 0.00000000000000000E+00
unchanged_qpos 6.55039338742955835E-01
unchanged_qvel -1.00198878818049009E+00
unchanged_time 1.25000000000000000E-01
act
step SUCCESS
step_clamped -1.00000000000000000E+00
qpos 6.52996808514999860E-01
qvel -1.02126511397797026E+00
time 1.27000000000000002E-01
reset_qpos 0.00000000000000000E+00
reset_qvel 0.00000000000000000E+00
forward SUCCESS
forward_clamped -1.00000000000000000E+00
qacc -9.49745123103982536E+00
act_dot
mass 1.00000000000000004E-10
gravity -9.81000000000000024E-10
bias 0.00000000000000000E+00
passive 0.00000000000000000E+00
actuation 0.00000000000000000E+00
length
velocity
force
position 0.00000000000000000E+00 0.00000000000000000E+00 0.00000000000000000E+00
quaternion 1.00000000000000000E+00 0.00000000000000000E+00 0.00000000000000000E+00 0.00000000000000000E+00
position 0.00000000000000000E+00 0.00000000000000000E+00 -4.55114704526826952E-01
quaternion 1.00000000000000000E+00 0.00000000000000000E+00 0.00000000000000000E+00 0.00000000000000000E+00
unchanged_qpos -4.55114704526826952E-01
unchanged_qvel -9.39874347228800922E-01
unchanged_time 1.25000000000000000E-01
act
step SUCCESS
step_clamped -1.00000000000000000E+00
qpos -4.57032443026208712E-01
qvel -9.58869249690880610E-01
time 1.27000000000000002E-01
reset_qpos 0.00000000000000000E+00
reset_qvel 0.00000000000000000E+00
forward SUCCESS
forward_clamped -1.00000000000000000E+00
qacc -9.95476483541849078E+00
act_dot
mass 1.00000000000000004E-10
gravity -9.81000000000000024E-10
bias 0.00000000000000000E+00
passive 0.00000000000000000E+00
actuation 0.00000000000000000E+00
length
velocity
force
position 0.00000000000000000E+00 0.00000000000000000E+00 0.00000000000000000E+00
quaternion 1.00000000000000000E+00 0.00000000000000000E+00 0.00000000000000000E+00 0.00000000000000000E+00
position 0.00000000000000000E+00 0.00000000000000000E+00 6.05997067551300228E-01
quaternion 1.00000000000000000E+00 0.00000000000000000E+00 0.00000000000000000E+00 0.00000000000000000E+00
unchanged_qpos 6.05997067551300228E-01
unchanged_qvel -6.38327727436718728E-01
unchanged_time 1.25000000000000000E-01
act
step SUCCESS
step_clamped -1.00000000000000000E+00
qpos 6.04680593037085101E-01
qvel -6.58237257107555762E-01
time 1.27000000000000002E-01
reset_qpos 0.00000000000000000E+00
reset_qvel 0.00000000000000000E+00
forward SUCCESS
forward_clamped -1.00000000000000000E+00
qacc -1.00496406018042705E+01
act_dot
mass 1.00000000000000004E-10
gravity -9.81000000000000024E-10
bias 0.00000000000000000E+00
passive 0.00000000000000000E+00
actuation 0.00000000000000000E+00
length
velocity
force
position 0.00000000000000000E+00 0.00000000000000000E+00 0.00000000000000000E+00
quaternion 1.00000000000000000E+00 0.00000000000000000E+00 0.00000000000000000E+00 0.00000000000000000E+00
position 0.00000000000000000E+00 0.00000000000000000E+00 4.93323784145104804E-01
quaternion 1.00000000000000000E+00 0.00000000000000000E+00 0.00000000000000000E+00 0.00000000000000000E+00
unchanged_qpos 4.93323784145104804E-01
unchanged_qvel -4.90633662634067935E-01
unchanged_time 1.25000000000000000E-01
act
step SUCCESS
step_clamped -1.00000000000000000E+00
qpos 1.92194311461845457E-01
qvel -2.50056178299491672E+00
time 3.25000000000000178E-01
reset_qpos 0.00000000000000000E+00
reset_qvel 0.00000000000000000E+00
forward SUCCESS
forward_clamped -1.00000000000000000E+00
qacc -9.63741571586024293E+00
act_dot
mass 1.00000000000000004E-10
gravity -9.81000000000000024E-10
bias 0.00000000000000000E+00
passive 0.00000000000000000E+00
actuation 0.00000000000000000E+00
length
velocity
force
position 0.00000000000000000E+00 0.00000000000000000E+00 0.00000000000000000E+00
quaternion 1.00000000000000000E+00 0.00000000000000000E+00 0.00000000000000000E+00 0.00000000000000000E+00
position 0.00000000000000000E+00 0.00000000000000000E+00 6.81332272855515786E-01
quaternion 1.00000000000000000E+00 0.00000000000000000E+00 0.00000000000000000E+00 0.00000000000000000E+00
unchanged_qpos 6.81332272855515786E-01
unchanged_qvel -1.40715925264853681E+00
unchanged_time 1.25000000000000000E-01
act
step SUCCESS
step_clamped -1.00000000000000000E+00
qpos 6.78479404687355236E-01
qvel -1.42643408408025740E+00
time 1.27000000000000002E-01
reset_qpos 0.00000000000000000E+00
reset_qvel 0.00000000000000000E+00
forward SUCCESS
forward_clamped -1.00000000000000000E+00
qacc -9.88799706728465999E+00
act_dot
mass 1.00000000000000004E-10
gravity -9.81000000000000024E-10
bias 0.00000000000000000E+00
passive -0.00000000000000000E+00
actuation 0.00000000000000000E+00
length
velocity
force
position 0.00000000000000000E+00 0.00000000000000000E+00 0.00000000000000000E+00
quaternion 1.00000000000000000E+00 0.00000000000000000E+00 0.00000000000000000E+00 0.00000000000000000E+00
position 0.00000000000000000E+00 0.00000000000000000E+00 6.59874617599378377E-01
quaternion 1.00000000000000000E+00 0.00000000000000000E+00 0.00000000000000000E+00 0.00000000000000000E+00
unchanged_qpos 6.59874617599378377E-01
unchanged_qvel 1.94475044155142962E+00
unchanged_time 1.25000000000000000E-01
act
step SUCCESS
step_clamped -1.00000000000000000E+00
qpos 6.63724566494212076E-01
qvel 1.92497444741686019E+00
time 1.27000000000000002E-01
reset_qpos 0.00000000000000000E+00
reset_qvel 0.00000000000000000E+00
forward SUCCESS
forward_clamped -1.00000000000000000E+00
qacc -9.92066192850506390E+00
act_dot
mass 1.00000000000000004E-10
gravity -9.81000000000000024E-10
bias 0.00000000000000000E+00
passive 0.00000000000000000E+00
actuation 0.00000000000000000E+00
length
velocity
force
position 0.00000000000000000E+00 0.00000000000000000E+00 0.00000000000000000E+00
quaternion 1.00000000000000000E+00 0.00000000000000000E+00 0.00000000000000000E+00 0.00000000000000000E+00
position 0.00000000000000000E+00 0.00000000000000000E+00 -6.23428475540219296E-01
quaternion 1.00000000000000000E+00 0.00000000000000000E+00 0.00000000000000000E+00 0.00000000000000000E+00
unchanged_qpos -6.23428475540219296E-01
unchanged_qvel 6.31284213906930791E-01
unchanged_time 1.25000000000000000E-01
act
step SUCCESS
step_clamped -1.00000000000000000E+00
qpos -6.22205589760119415E-01
qvel 6.11442890049920695E-01
time 1.27000000000000002E-01
reset_qpos 0.00000000000000000E+00
reset_qvel 0.00000000000000000E+00
forward SUCCESS
forward_clamped -1.00000000000000000E+00
qacc -9.93723760810126144E+00
act_dot
mass 1.00000000000000004E-10
gravity -9.81000000000000024E-10
bias 0.00000000000000000E+00
passive 0.00000000000000000E+00
actuation 0.00000000000000000E+00
length
velocity
force
position 0.00000000000000000E+00 0.00000000000000000E+00 0.00000000000000000E+00
quaternion 1.00000000000000000E+00 0.00000000000000000E+00 0.00000000000000000E+00 0.00000000000000000E+00
position 0.00000000000000000E+00 0.00000000000000000E+00 -6.97747838055419622E-01
quaternion 1.00000000000000000E+00 0.00000000000000000E+00 0.00000000000000000E+00 0.00000000000000000E+00
unchanged_qpos -6.97747838055419622E-01
unchanged_qvel -1.02781183665548337E-01
unchanged_time 1.25000000000000000E-01
act
step SUCCESS
step_clamped -1.00000000000000000E+00
qpos -6.97993149373183130E-01
qvel -1.22655658881750868E-01
time 1.27000000000000002E-01
reset_qpos 0.00000000000000000E+00
reset_qvel 0.00000000000000000E+00
forward SUCCESS
forward_clamped -1.00000000000000000E+00
qacc -9.47046029631455255E+00
act_dot
mass 1.00000000000000004E-10
gravity -9.81000000000000024E-10
bias 0.00000000000000000E+00
passive 0.00000000000000000E+00
actuation 0.00000000000000000E+00
length
velocity
force
position 0.00000000000000000E+00 0.00000000000000000E+00 0.00000000000000000E+00
quaternion 1.00000000000000000E+00 0.00000000000000000E+00 0.00000000000000000E+00 0.00000000000000000E+00
position 0.00000000000000000E+00 0.00000000000000000E+00 5.53624602858007853E-01
quaternion 1.00000000000000000E+00 0.00000000000000000E+00 0.00000000000000000E+00 0.00000000000000000E+00
unchanged_qpos 5.53624602858007853E-01
unchanged_qvel -7.20045091523248804E-01
unchanged_time 1.25000000000000000E-01
act
step SUCCESS
step_clamped -1.00000000000000000E+00
qpos 5.52146630833776131E-01
qvel -7.38986012115877888E-01
time 1.27000000000000002E-01
reset_qpos 0.00000000000000000E+00
reset_qvel 0.00000000000000000E+00
forward SUCCESS
forward_clamped -1.00000000000000000E+00
qacc -9.53958676663721405E+00
act_dot
mass 1.00000000000000004E-10
gravity -9.81000000000000024E-10
bias 0.00000000000000000E+00
passive -0.00000000000000000E+00
actuation 0.00000000000000000E+00
length
velocity
force
position 0.00000000000000000E+00 0.00000000000000000E+00 0.00000000000000000E+00
quaternion 1.00000000000000000E+00 0.00000000000000000E+00 0.00000000000000000E+00 0.00000000000000000E+00
position 0.00000000000000000E+00 0.00000000000000000E+00 6.62367878698878476E-01
quaternion 1.00000000000000000E+00 0.00000000000000000E+00 0.00000000000000000E+00 0.00000000000000000E+00
unchanged_qpos 6.62367878698878476E-01
unchanged_qvel 1.10760176276370137E+00
unchanged_time 1.25000000000000000E-01
act
step SUCCESS
step_clamped -1.00000000000000000E+00
qpos 6.64544923877339322E-01
qvel 1.08852258923042688E+00
time 1.27000000000000002E-01
reset_qpos 0.00000000000000000E+00
reset_qvel 0.00000000000000000E+00
forward SUCCESS
forward_clamped -1.00000000000000000E+00
qacc -9.64815592879275030E+00
act_dot
mass 1.00000000000000004E-10
gravity -9.81000000000000024E-10
bias 0.00000000000000000E+00
passive 0.00000000000000000E+00
actuation 0.00000000000000000E+00
length
velocity
force
position 0.00000000000000000E+00 0.00000000000000000E+00 0.00000000000000000E+00
quaternion 1.00000000000000000E+00 0.00000000000000000E+00 0.00000000000000000E+00 0.00000000000000000E+00
position 0.00000000000000000E+00 0.00000000000000000E+00 -4.46832649224953027E-02
quaternion 1.00000000000000000E+00 0.00000000000000000E+00 0.00000000000000000E+00 0.00000000000000000E+00
unchanged_qpos -4.46832649224953027E-02
unchanged_qvel 9.91798581255030509E-01
unchanged_time 1.25000000000000000E-01
act
step SUCCESS
step_clamped -1.00000000000000000E+00
qpos -4.27382603837004119E-02
qvel 9.72502269397444996E-01
time 1.27000000000000002E-01
reset_qpos 0.00000000000000000E+00
reset_qvel 0.00000000000000000E+00
forward SUCCESS
forward_clamped -1.00000000000000000E+00
qacc -9.54952803600709643E+00
act_dot
mass 1.00000000000000004E-10
gravity -9.81000000000000024E-10
bias 0.00000000000000000E+00
passive 0.00000000000000000E+00
actuation 0.00000000000000000E+00
length
velocity
force
position 0.00000000000000000E+00 0.00000000000000000E+00 0.00000000000000000E+00
quaternion 1.00000000000000000E+00 0.00000000000000000E+00 0.00000000000000000E+00 0.00000000000000000E+00
position 0.00000000000000000E+00 0.00000000000000000E+00 7.60723661908703219E-01
quaternion 1.00000000000000000E+00 0.00000000000000000E+00 0.00000000000000000E+00 0.00000000000000000E+00
unchanged_qpos 7.60723661908703219E-01
unchanged_qvel -3.93636069224223561E-03
unchanged_time 1.25000000000000000E-01
act
step SUCCESS
step_clamped -1.00000000000000000E+00
qpos 5.67035923442911427E-01
qvel -1.91384196789365890E+00
time 3.25000000000000178E-01
reset_qpos 0.00000000000000000E+00
reset_qvel 0.00000000000000000E+00
forward SUCCESS
forward_clamped -1.00000000000000000E+00
qacc -9.63540936450822905E+00
act_dot
mass 1.00000000000000004E-10
gravity -9.81000000000000024E-10
bias 0.00000000000000000E+00
passive -0.00000000000000000E+00
actuation 0.00000000000000000E+00
length
velocity
force
position 0.00000000000000000E+00 0.00000000000000000E+00 0.00000000000000000E+00
quaternion 1.00000000000000000E+00 0.00000000000000000E+00 0.00000000000000000E+00 0.00000000000000000E+00
position 0.00000000000000000E+00 0.00000000000000000E+00 1.28100266694276654E-01
quaternion 1.00000000000000000E+00 0.00000000000000000E+00 0.00000000000000000E+00 0.00000000000000000E+00
unchanged_qpos 1.28100266694276654E-01
unchanged_qvel 8.98107796816645099E-02
unchanged_time 1.25000000000000000E-01
act
step SUCCESS
step_clamped -1.00000000000000000E+00
qpos 1.28241346616181945E-01
qvel 7.05399609526480564E-02
time 1.27000000000000002E-01
reset_qpos 0.00000000000000000E+00
reset_qvel 0.00000000000000000E+00
forward SUCCESS
forward_clamped -1.00000000000000000E+00
qacc -9.57451782226658032E+00
act_dot
mass 1.00000000000000004E-10
gravity -9.81000000000000024E-10
bias 0.00000000000000000E+00
passive 0.00000000000000000E+00
actuation 0.00000000000000000E+00
length
velocity
force
position 0.00000000000000000E+00 0.00000000000000000E+00 0.00000000000000000E+00
quaternion 1.00000000000000000E+00 0.00000000000000000E+00 0.00000000000000000E+00 0.00000000000000000E+00
position 0.00000000000000000E+00 0.00000000000000000E+00 -1.36727194850886358E-01
quaternion 1.00000000000000000E+00 0.00000000000000000E+00 0.00000000000000000E+00 0.00000000000000000E+00
unchanged_qpos -1.36727194850886358E-01
unchanged_qvel 1.21947950613895228E+00
unchanged_time 1.25000000000000000E-01
act
step SUCCESS
step_clamped -1.00000000000000000E+00
qpos -1.34326533909897516E-01
qvel 1.20033047049441910E+00
time 1.27000000000000002E-01
reset_qpos 0.00000000000000000E+00
reset_qvel 0.00000000000000000E+00
forward SUCCESS
forward_clamped -1.00000000000000000E+00
qacc -9.89254521173468504E+00
act_dot
mass 1.00000000000000004E-10
gravity -9.81000000000000024E-10
bias 0.00000000000000000E+00
passive 0.00000000000000000E+00
actuation 0.00000000000000000E+00
length
velocity
force
position 0.00000000000000000E+00 0.00000000000000000E+00 0.00000000000000000E+00
quaternion 1.00000000000000000E+00 0.00000000000000000E+00 0.00000000000000000E+00 0.00000000000000000E+00
position 0.00000000000000000E+00 0.00000000000000000E+00 4.96228526466033104E-01
quaternion 1.00000000000000000E+00 0.00000000000000000E+00 0.00000000000000000E+00 0.00000000000000000E+00
unchanged_qpos 4.96228526466033104E-01
unchanged_qvel -9.99367150523013059E-01
unchanged_time 1.25000000000000000E-01
act
step SUCCESS
step_clamped -1.00000000000000000E+00
qpos 4.94190221984140143E-01
qvel -1.01915224094648238E+00
time 1.27000000000000002E-01
reset_qpos 0.00000000000000000E+00
reset_qvel 0.00000000000000000E+00
forward SUCCESS
forward_clamped -1.00000000000000000E+00
qacc -1.00259960895362923E+01
act_dot
mass 1.00000000000000004E-10
gravity -9.81000000000000024E-10
bias 0.00000000000000000E+00
passive 0.00000000000000000E+00
actuation 0.00000000000000000E+00
length
velocity
force
position 0.00000000000000000E+00 0.00000000000000000E+00 0.00000000000000000E+00
quaternion 1.00000000000000000E+00 0.00000000000000000E+00 0.00000000000000000E+00 0.00000000000000000E+00
position 0.00000000000000000E+00 0.00000000000000000E+00 -3.77109149295859869E-01
quaternion 1.00000000000000000E+00 0.00000000000000000E+00 0.00000000000000000E+00 0.00000000000000000E+00
unchanged_qpos -3.77109149295859869E-01
unchanged_qvel 1.45676172269822146E+00
unchanged_time 1.25000000000000000E-01
act
step SUCCESS
step_clamped -1.00000000000000000E+00
qpos -3.74235729834821562E-01
qvel 1.43670973051914896E+00
time 1.27000000000000002E-01
reset_qpos 0.00000000000000000E+00
reset_qvel 0.00000000000000000E+00
forward SUCCESS
forward_clamped -1.00000000000000000E+00
qacc -9.84302409582518401E+00
act_dot
mass 1.00000000000000004E-10
gravity -9.81000000000000024E-10
bias 0.00000000000000000E+00
passive 0.00000000000000000E+00
actuation 0.00000000000000000E+00
length
velocity
force
position 0.00000000000000000E+00 0.00000000000000000E+00 0.00000000000000000E+00
quaternion 1.00000000000000000E+00 0.00000000000000000E+00 0.00000000000000000E+00 0.00000000000000000E+00
position 0.00000000000000000E+00 0.00000000000000000E+00 6.96106316460559205E-01
quaternion 1.00000000000000000E+00 0.00000000000000000E+00 0.00000000000000000E+00 0.00000000000000000E+00
unchanged_qpos 6.96106316460559205E-01
unchanged_qvel -1.57399102783032285E+00
unchanged_time 1.25000000000000000E-01
act
step SUCCESS
step_clamped -1.00000000000000000E+00
qpos 6.92918962308515241E-01
qvel -1.59367707602197317E+00
time 1.27000000000000002E-01
reset_qpos 0.00000000000000000E+00
reset_qvel 0.00000000000000000E+00
forward SUCCESS
forward_clamped -1.00000000000000000E+00
qacc -9.60001512295278658E+00
act_dot
mass 1.00000000000000004E-10
gravity -9.81000000000000024E-10
bias 0.00000000000000000E+00
passive 0.00000000000000000E+00
actuation 0.00000000000000000E+00
length
velocity
force
position 0.00000000000000000E+00 0.00000000000000000E+00 0.00000000000000000E+00
quaternion 1.00000000000000000E+00 0.00000000000000000E+00 0.00000000000000000E+00 0.00000000000000000E+00
position 0.00000000000000000E+00 0.00000000000000000E+00 -3.62815036160628268E-01
quaternion 1.00000000000000000E+00 0.00000000000000000E+00 0.00000000000000000E+00 0.00000000000000000E+00
unchanged_qpos -3.62815036160628268E-01
unchanged_qvel 1.78268889651610740E+00
unchanged_time 1.25000000000000000E-01
act
step SUCCESS
step_clamped -1.00000000000000000E+00
qpos -3.59288058428087864E-01
qvel 1.76348886627020174E+00
time 1.27000000000000002E-01
reset_qpos 0.00000000000000000E+00
reset_qvel 0.00000000000000000E+00
forward SUCCESS
forward_clamped -1.00000000000000000E+00
qacc -1.01322948192125057E+01
act_dot
mass 1.00000000000000004E-10
gravity -9.81000000000000024E-10
bias 0.00000000000000000E+00
passive 0.00000000000000000E+00
actuation 0.00000000000000000E+00
length
velocity
force
position 0.00000000000000000E+00 0.00000000000000000E+00 0.00000000000000000E+00
quaternion 1.00000000000000000E+00 0.00000000000000000E+00 0.00000000000000000E+00 0.00000000000000000E+00
position 0.00000000000000000E+00 0.00000000000000000E+00 -5.40610067490123303E-01
quaternion 1.00000000000000000E+00 0.00000000000000000E+00 0.00000000000000000E+00 0.00000000000000000E+00
unchanged_qpos -5.40610067490123303E-01
unchanged_qvel -1.78788548259756075E+00
unchanged_time 1.25000000000000000E-01
act
step SUCCESS
step_clamped -1.00000000000000000E+00
qpos -5.44226367634595309E-01
qvel -1.80815007223598578E+00
time 1.27000000000000002E-01
lifecycle PASS
