Phase 1 of 3: generation of data representation information ...
Phase 2 of 3: generation of Global contracts ...
Phase 3 of 3: flow analysis and proof ...
Success: all checks proved (12 checks).
Summary logged in /var/tmp/sparkling-actuators-20260930/final-small-unfold_lanes/build/validation/obj/gnatprove/gnatprove.out
guarded: elapsed 4.9 s, peak group RSS 214 MB
 info: range check proved
--> mj-transmissions.ads:115:69

 info: division check proved
--> mj-transmissions.ads:116:62

 info: postcondition proved
--> mj-transmissions.ads:117:14

 info: precondition proved
--> mj-transmissions.ads:117:38

 info: range check proved
--> mj-transmissions.ads:117:57

 info: precondition proved
--> mj-transmissions.ads:118:08

 info: precondition proved
--> mj-transmissions.ads:118:18

 info: precondition proved
--> mj-transmissions.ads:118:39

 info: index check proved
--> mj-transmissions.ads:118:65

 info: index check proved
--> mj-transmissions.ads:118:73

 info: index check proved
--> mj-transmissions.ads:118:82
