Phase 1 of 3: generation of data representation information ...
Phase 2 of 3: generation of Global contracts ...
Phase 3 of 3: analysis of data and information flow ...
 info: initialization of parts of "F1" without Relaxed_Initialization proved
--> mj-contact_features.adb:22:07

 info: initialization of parts of "F2" without Relaxed_Initialization proved
--> mj-contact_features.adb:22:11

 warning: initialization of "NFace1" has no effect
--> mj-contact_features.adb:24:07
   24 |          NFace1, NFace2, NP, NC : Natural := 0;
      |          ^~~~~~~~~~~~~~~~~~~~~~~~~~~~~~~~~~~~~

 warning: initialization of "NFace2" has no effect
--> mj-contact_features.adb:24:07
   24 |          NFace1, NFace2, NP, NC : Natural := 0;
      |          ^~~~~~~~~~~~~~~~~~~~~~~~~~~~~~~~~~~~~

 warning: initialization of "NP" has no effect
--> mj-contact_features.adb:24:07
   24 |          NFace1, NFace2, NP, NC : Natural := 0;
      |          ^~~~~~~~~~~~~~~~~~~~~~~~~~~~~~~~~~~~~

 warning: initialization of "NC" has no effect
--> mj-contact_features.adb:24:07
   24 |          NFace1, NFace2, NP, NC : Natural := 0;
      |          ^~~~~~~~~~~~~~~~~~~~~~~~~~~~~~~~~~~~~

 warning: initialization of "Found" has no effect
--> mj-contact_features.adb:26:07
   26 |          Edge1, Edge2, Found, Failed : Boolean := False;
      |          ^~~~~~~~~~~~~~~~~~~~~~~~~~~~~~~~~~~~~~~~~~~~~~

 info: initialization of "Normal" proved
--> mj-contact_features.adb:28:07

 info: initialization of "Witness_Dir" proved
--> mj-contact_features.adb:28:15

 info: initialization of "PN" proved
--> mj-contact_features.adb:28:28

 info: initialization of "P" proved
--> mj-contact_features.adb:28:32

 info: initialization of "Q" proved
--> mj-contact_features.adb:28:35

 info: initialization of "PQ" proved
--> mj-contact_features.adb:28:38

 info: initialization of "Diff" proved
--> mj-contact_features.adb:28:42

 info: initialization of "First" proved
--> mj-contact_features.adb:28:48

 info: initialization of "Second" proved
--> mj-contact_features.adb:28:55

 info: initialization of "PD" proved
--> mj-contact_features.adb:29:07

 info: initialization of "Denominator" proved
--> mj-contact_features.adb:29:11

 info: initialization of "T" proved
--> mj-contact_features.adb:29:24

 info: initialization of "Dist" proved
--> mj-contact_features.adb:29:27

 info: initialization of "Max_Dist" proved
--> mj-contact_features.adb:29:33

 info: initialization of "Inside1" proved
--> mj-contact_features.adb:30:07

 info: initialization of "Inside2" proved
--> mj-contact_features.adb:30:16

 info: initialization of "NKeep" proved
--> mj-contact_features.adb:32:07

 info: initialization of "Best1" proved
--> mj-contact_features.adb:32:14

 info: initialization of "Best2" proved
--> mj-contact_features.adb:32:21

 info: implicit aspect Always_Terminates on "Has" has been proved, subprogram will terminate
--> mj-contact_features.adb:46:16

 info: initialization of "Match" proved
--> mj-contact_features.adb:52:10

 info: initialization of "Match" proved, in call inlined at mj-contact_features.adb:215
--> mj-contact_features.adb:52:10

 info: initialization of "Sign" proved
--> mj-contact_features.adb:53:10

 info: initialization of "Sign" proved, in call inlined at mj-contact_features.adb:215
--> mj-contact_features.adb:53:10

 info: initialization of "N" proved
--> mj-contact_features.adb:54:10

 info: initialization of "N" proved, in call inlined at mj-contact_features.adb:215
--> mj-contact_features.adb:54:10

 info: initialization of "Local_N" proved
--> mj-contact_features.adb:54:13

 info: initialization of "Local_N" proved, in call inlined at mj-contact_features.adb:215
--> mj-contact_features.adb:54:13

 info: initialization of "Common" proved
--> mj-contact_features.adb:55:10

 info: initialization of "Common" proved, in call inlined at mj-contact_features.adb:215
--> mj-contact_features.adb:55:10

 info: initialization of "Face_Id" proved
--> mj-contact_features.adb:55:18

 info: initialization of "Face_Id" proved, in call inlined at mj-contact_features.adb:215
--> mj-contact_features.adb:55:18

 info: analyzing call to "Has" in context
--> mj-contact_features.adb:64:50

 info: analyzing call to "Append_Normal" in context
--> mj-contact_features.adb:65:30

 info: analyzing call to "Append_Normal" in context
--> mj-contact_features.adb:69:31

 info: analyzing call to "Append_Normal" in context
--> mj-contact_features.adb:80:19

 info: analyzing call to "Append_Normal" in context
--> mj-contact_features.adb:87:52

 info: initialization of "Local_Point" proved
--> mj-contact_features.adb:93:10

 info: initialization of "Endpoint" proved
--> mj-contact_features.adb:93:23

 info: initialization of "Prev" proved
--> mj-contact_features.adb:94:10

 info: no contextual analysis of "Edges" (nested subprogram)
--> mj-contact_features.adb:95:10

 info: analyzing call to "Append" in context
--> mj-contact_features.adb:104:13

 info: analyzing call to "Append" in context
--> mj-contact_features.adb:106:49

 info: analyzing call to "Append" in context
--> mj-contact_features.adb:114:22

 info: analyzing call to "Append" in context
--> mj-contact_features.adb:122:72

 info: initialization of "Count" proved
--> mj-contact_features.adb:126:91

 info: initialization of "Table" proved
--> mj-contact_features.adb:128:10

 info: initialization of "Table" proved, in call inlined at mj-contact_features.adb:244
--> mj-contact_features.adb:128:10

 info: initialization of "Table" proved, in call inlined at mj-contact_features.adb:246
--> mj-contact_features.adb:128:10

 info: initialization of "Local_Point" proved
--> mj-contact_features.adb:129:10

 info: initialization of "Local_Point" proved, in call inlined at mj-contact_features.adb:246
--> mj-contact_features.adb:129:10

 info: initialization of "Local_Point" proved, in call inlined at mj-contact_features.adb:244
--> mj-contact_features.adb:129:10

 info: initialization of "Sign" proved
--> mj-contact_features.adb:130:10

 info: initialization of "Sign" proved, in call inlined at mj-contact_features.adb:246
--> mj-contact_features.adb:130:10

 info: initialization of "Sign" proved, in call inlined at mj-contact_features.adb:244
--> mj-contact_features.adb:130:10

 info: implicit aspect Always_Terminates on "Area" has been proved, subprogram will terminate
--> mj-contact_features.adb:178:16

 info: initialization of "B" proved, in call inlined at mj-contact_features.adb:282
--> mj-contact_features.adb:181:10

 info: initialization of "B" proved
--> mj-contact_features.adb:181:10

 info: initialization of "C" proved, in call inlined at mj-contact_features.adb:282
--> mj-contact_features.adb:181:13

 info: initialization of "C" proved
--> mj-contact_features.adb:181:13

 info: initialization of "D" proved, in call inlined at mj-contact_features.adb:282
--> mj-contact_features.adb:181:16

 info: initialization of "D" proved
--> mj-contact_features.adb:181:16

 info: initialization of "Next" proved, in call inlined at mj-contact_features.adb:282
--> mj-contact_features.adb:181:19

 info: initialization of "Next" proved
--> mj-contact_features.adb:181:19

 info: initialization of "Area_Now" proved, in call inlined at mj-contact_features.adb:282
--> mj-contact_features.adb:182:10

 info: initialization of "Area_Now" proved
--> mj-contact_features.adb:182:10

 info: initialization of "Area_Next" proved, in call inlined at mj-contact_features.adb:282
--> mj-contact_features.adb:182:20

 info: initialization of "Area_Next" proved
--> mj-contact_features.adb:182:20

 info: analyzing call to "Identify" in context
--> mj-contact_features.adb:214:55

 info: analyzing call to "Identify" in context
--> mj-contact_features.adb:214:70

 info: analyzing call to "Normals" in context
--> mj-contact_features.adb:215:07

 info: analyzing call to "Normals" in context
--> mj-contact_features.adb:215:33

 info: analyzing call to "Recover" in context
--> mj-contact_features.adb:244:12

 info: analyzing call to "Recover" in context
--> mj-contact_features.adb:246:12

 info: analyzing call to "Push" in context
--> mj-contact_features.adb:266:41

 info: analyzing call to "Push" in context
--> mj-contact_features.adb:269:102

 info: analyzing call to "Push" in context
--> mj-contact_features.adb:270:32

 info: analyzing call to "Hull4" in context
--> mj-contact_features.adb:282:22

 info: analyzing call to "Emit" in context
--> mj-contact_features.adb:288:49

 info: initialization of "Result" proved
--> mj-contact_features.ads:9:43

 info: data dependencies proved
--> mj-contact_features.ads:10:11
Success: all checks proved (62 checks).
Summary logged in /var/tmp/sparkling-contact-followup-flow-20261001/mj-contact_features.adb/validation/obj/gnatprove/gnatprove.out
guarded: elapsed 2.6 s, peak group RSS 55 MB
