Phase 1 of 3: generation of data representation information ...
Phase 2 of 3: generation of Global contracts ...
Phase 3 of 3: flow analysis and proof ...
Success: all checks proved (7 checks).
Summary logged in /var/tmp/sparkling-actuators-csr-20260930/verification-final/final-small-add_force/build/validation/obj/gnatprove/gnatprove.out
guarded: elapsed 3.1 s, peak group RSS 141 MB
 info: implicit aspect Always_Terminates on "Add_Force" has been proved, subprogram will terminate
--> mj-transmissions.adb:13:13

 info: float overflow check proved
--> mj-transmissions.adb:14:08

 info: range check proved
--> mj-transmissions.adb:14:08

 info: float overflow check proved
--> mj-transmissions.adb:14:10

 info: postcondition proved
--> mj-transmissions.adb:14:27

 info: float overflow check proved
--> mj-transmissions.adb:14:45

 info: float overflow check proved
--> mj-transmissions.adb:14:47
