Compile
   [Ada]          derivatives_probe.adb
   [Ada]          mj-dynamics_derivatives.adb
   [Ada]          mj-data-constrained.adb
mj-data-constrained.adb:400:44: warning: value conversion implemented by copy [enabled by default]
mj-data-constrained.adb:400:44: warning: use pair of types with same root type [enabled by default]
mj-data-constrained.adb:400:44: warning: to avoid new object in RM 4.6(58.5/5) [enabled by default]
mj-data-constrained.adb:547:46: warning: value conversion implemented by copy [enabled by default]
mj-data-constrained.adb:547:46: warning: use pair of types with same root type [enabled by default]
mj-data-constrained.adb:547:46: warning: to avoid new object in RM 4.6(58.5/5) [enabled by default]
mj-data-constrained.adb:548:46: warning: value conversion implemented by copy [enabled by default]
mj-data-constrained.adb:548:46: warning: use pair of types with same root type [enabled by default]
mj-data-constrained.adb:548:46: warning: to avoid new object in RM 4.6(58.5/5) [enabled by default]
mj-data-constrained.adb:594:62: warning: value conversion implemented by copy [enabled by default]
mj-data-constrained.adb:594:62: warning: use pair of types with same root type [enabled by default]
mj-data-constrained.adb:594:62: warning: to avoid new object in RM 4.6(58.5/5) [enabled by default]
mj-data-constrained.adb:597:62: warning: value conversion implemented by copy [enabled by default]
mj-data-constrained.adb:597:62: warning: use pair of types with same root type [enabled by default]
mj-data-constrained.adb:597:62: warning: to avoid new object in RM 4.6(58.5/5) [enabled by default]
mj-data-constrained.adb:603:43: warning: value conversion implemented by copy [enabled by default]
mj-data-constrained.adb:603:43: warning: use pair of types with same root type [enabled by default]
mj-data-constrained.adb:603:43: warning: to avoid new object in RM 4.6(58.5/5) [enabled by default]
   [Ada]          mj-data-constrained-derivative_projection.adb
   [Ada]          mj-data-constrained-body_adhesion.adb
mj-data-constrained-body_adhesion.adb:15:31: warning: value conversion implemented by copy [enabled by default]
mj-data-constrained-body_adhesion.adb:15:31: warning: use pair of types with same root type [enabled by default]
mj-data-constrained-body_adhesion.adb:15:31: warning: to avoid new object in RM 4.6(58.5/5) [enabled by default]
mj-data-constrained-body_adhesion.adb:16:31: warning: value conversion implemented by copy [enabled by default]
mj-data-constrained-body_adhesion.adb:16:31: warning: use pair of types with same root type [enabled by default]
mj-data-constrained-body_adhesion.adb:16:31: warning: to avoid new object in RM 4.6(58.5/5) [enabled by default]
   [Ada]          mj-data-constrained-equalities.adb
mj-data-constrained-equalities.adb:29:64: warning: value conversion implemented by copy [enabled by default]
mj-data-constrained-equalities.adb:29:64: warning: use pair of types with same root type [enabled by default]
mj-data-constrained-equalities.adb:29:64: warning: to avoid new object in RM 4.6(58.5/5) [enabled by default]
mj-data-constrained-equalities.adb:31:64: warning: value conversion implemented by copy [enabled by default]
mj-data-constrained-equalities.adb:31:64: warning: use pair of types with same root type [enabled by default]
mj-data-constrained-equalities.adb:31:64: warning: to avoid new object in RM 4.6(58.5/5) [enabled by default]
mj-data-constrained-equalities.adb:39:42: warning: value conversion implemented by copy [enabled by default]
mj-data-constrained-equalities.adb:39:42: warning: use pair of types with same root type [enabled by default]
mj-data-constrained-equalities.adb:39:42: warning: to avoid new object in RM 4.6(58.5/5) [enabled by default]
mj-data-constrained-equalities.adb:39:95: warning: value conversion implemented by copy [enabled by default]
mj-data-constrained-equalities.adb:39:95: warning: use pair of types with same root type [enabled by default]
mj-data-constrained-equalities.adb:39:95: warning: to avoid new object in RM 4.6(58.5/5) [enabled by default]
mj-data-constrained-equalities.adb:253:57: warning: value conversion implemented by copy [enabled by default]
mj-data-constrained-equalities.adb:253:57: warning: use pair of types with same root type [enabled by default]
mj-data-constrained-equalities.adb:253:57: warning: to avoid new object in RM 4.6(58.5/5) [enabled by default]
mj-data-constrained-equalities.adb:253:83: warning: value conversion implemented by copy [enabled by default]
mj-data-constrained-equalities.adb:253:83: warning: use pair of types with same root type [enabled by default]
mj-data-constrained-equalities.adb:253:83: warning: to avoid new object in RM 4.6(58.5/5) [enabled by default]
mj-data-constrained-equalities.adb:253:105: warning: value conversion implemented by copy [enabled by default]
mj-data-constrained-equalities.adb:253:105: warning: use pair of types with same root type [enabled by default]
mj-data-constrained-equalities.adb:253:105: warning: to avoid new object in RM 4.6(58.5/5) [enabled by default]
mj-data-constrained-equalities.adb:254:57: warning: value conversion implemented by copy [enabled by default]
mj-data-constrained-equalities.adb:254:57: warning: use pair of types with same root type [enabled by default]
mj-data-constrained-equalities.adb:254:57: warning: to avoid new object in RM 4.6(58.5/5) [enabled by default]
mj-data-constrained-equalities.adb:254:83: warning: value conversion implemented by copy [enabled by default]
mj-data-constrained-equalities.adb:254:83: warning: use pair of types with same root type [enabled by default]
mj-data-constrained-equalities.adb:254:83: warning: to avoid new object in RM 4.6(58.5/5) [enabled by default]
mj-data-constrained-equalities.adb:254:105: warning: value conversion implemented by copy [enabled by default]
mj-data-constrained-equalities.adb:254:105: warning: use pair of types with same root type [enabled by default]
mj-data-constrained-equalities.adb:254:105: warning: to avoid new object in RM 4.6(58.5/5) [enabled by default]
mj-data-constrained-equalities.adb:255:45: warning: value conversion implemented by copy [enabled by default]
mj-data-constrained-equalities.adb:255:45: warning: use pair of types with same root type [enabled by default]
mj-data-constrained-equalities.adb:255:45: warning: to avoid new object in RM 4.6(58.5/5) [enabled by default]
mj-data-constrained-equalities.adb:256:45: warning: value conversion implemented by copy [enabled by default]
mj-data-constrained-equalities.adb:256:45: warning: use pair of types with same root type [enabled by default]
mj-data-constrained-equalities.adb:256:45: warning: to avoid new object in RM 4.6(58.5/5) [enabled by default]
mj-data-constrained-equalities.adb:282:37: warning: value conversion implemented by copy [enabled by default]
mj-data-constrained-equalities.adb:282:37: warning: use pair of types with same root type [enabled by default]
mj-data-constrained-equalities.adb:282:37: warning: to avoid new object in RM 4.6(58.5/5) [enabled by default]
mj-data-constrained-equalities.adb:282:68: warning: value conversion implemented by copy [enabled by default]
mj-data-constrained-equalities.adb:282:68: warning: use pair of types with same root type [enabled by default]
mj-data-constrained-equalities.adb:282:68: warning: to avoid new object in RM 4.6(58.5/5) [enabled by default]
mj-data-constrained-equalities.adb:283:53: warning: value conversion implemented by copy [enabled by default]
mj-data-constrained-equalities.adb:283:53: warning: use pair of types with same root type [enabled by default]
mj-data-constrained-equalities.adb:283:53: warning: to avoid new object in RM 4.6(58.5/5) [enabled by default]
mj-data-constrained-equalities.adb:283:84: warning: value conversion implemented by copy [enabled by default]
mj-data-constrained-equalities.adb:283:84: warning: use pair of types with same root type [enabled by default]
mj-data-constrained-equalities.adb:283:84: warning: to avoid new object in RM 4.6(58.5/5) [enabled by default]
   [Ada]          mj-data-constrained-tendons.adb
   [Ada]          mj-constraint_solvers.adb
   [Ada]          mj-equality_geometry.adb
Bind
   [gprbind]      derivatives_probe.bexch
   [Ada]          derivatives_probe.ali
Link
   [link]         derivatives_probe.adb
guarded: elapsed 10.4 s, peak group RSS 174 MB
