Phase 1 of 3: generation of data representation information ...
Phase 2 of 3: generation of Global contracts ...
Phase 3 of 3: flow analysis and proof ...
Success: all checks proved (8 checks).
Summary logged in /var/tmp/sparkling-services-derivative-kernels-20261003/obj/gnatprove/gnatprove.out
guarded: elapsed 2.8 s, peak group RSS 124 MB
 info: float overflow check proved
--> mj-derivative_kernels.adb:3:29

 info: range check proved
--> mj-derivative_kernels.adb:3:29

 info: float overflow check proved
--> mj-derivative_kernels.adb:3:38

 info: implicit aspect Always_Terminates on "Scaled_Difference" has been proved, subprogram will terminate
--> mj-derivative_kernels.ads:12:13

 info: data dependencies proved
--> mj-derivative_kernels.ads:13:24

 info: postcondition proved
--> mj-derivative_kernels.ads:14:14

 info: float overflow check proved
--> mj-derivative_kernels.ads:14:47

 info: float overflow check proved
--> mj-derivative_kernels.ads:14:56
