Phase 1 of 3: generation of data representation information ...
Phase 2 of 3: generation of Global contracts ...
Phase 3 of 3: flow analysis and proof ...
Success: all checks proved (7 checks).
Summary logged in /var/tmp/sparkling-services-derivative-kernels-20261003/obj/gnatprove/gnatprove.out
guarded: elapsed 3.3 s, peak group RSS 131 MB
 info: float overflow check proved
--> mj-derivative_kernels.adb:51:16

 info: float overflow check proved
--> mj-derivative_kernels.adb:51:30

 info: implicit aspect Always_Terminates on "Product_Update" has been proved, subprogram will terminate
--> mj-derivative_kernels.ads:62:13

 info: data dependencies proved
--> mj-derivative_kernels.ads:63:11

 info: postcondition proved
--> mj-derivative_kernels.ads:66:14

 info: float overflow check proved
--> mj-derivative_kernels.ads:66:47

 info: float overflow check proved
--> mj-derivative_kernels.ads:66:61
