Phase 1 of 3: generation of data representation information ...
Phase 2 of 3: generation of Global contracts ...
Phase 3 of 3: flow analysis and proof ...
Success: all checks proved (13 checks).
Summary logged in /var/tmp/sparkling-services-derivative-kernels-20261003/obj/gnatprove/gnatprove.out
guarded: elapsed 3.0 s, peak group RSS 117 MB
 info: float overflow check proved
--> mj-derivative_kernels.adb:11:30

 info: range check proved
--> mj-derivative_kernels.adb:11:30

 info: float overflow check proved
--> mj-derivative_kernels.adb:13:47

 info: range check proved
--> mj-derivative_kernels.adb:13:47

 info: implicit aspect Always_Terminates on "Control_Stencil" has been proved, subprogram will terminate
--> mj-derivative_kernels.ads:22:13

 info: data dependencies proved
--> mj-derivative_kernels.ads:25:11

 info: postcondition proved
--> mj-derivative_kernels.ads:26:14

 info: float overflow check proved
--> mj-derivative_kernels.ads:27:56

 info: range check proved
--> mj-derivative_kernels.ads:27:56

 info: float overflow check proved
--> mj-derivative_kernels.ads:29:52

 info: range check proved
--> mj-derivative_kernels.ads:29:52

 info: float overflow check proved
--> mj-derivative_kernels.ads:31:52

 info: range check proved
--> mj-derivative_kernels.ads:31:52
