Phase 1 of 3: generation of data representation information ...
Phase 2 of 3: generation of Global contracts ...
Phase 3 of 3: flow analysis and proof ...
Success: all checks proved (96 checks).
Summary logged in /var/tmp/sparkling-services-derivative-kernels-20261003/obj/gnatprove/gnatprove.out
guarded: elapsed 8.6 s, peak group RSS 177 MB
 info: float overflow check proved
--> mj-derivative_kernels.adb:3:29

 info: range check proved
--> mj-derivative_kernels.adb:3:29

 info: float overflow check proved
--> mj-derivative_kernels.adb:3:38

 info: float overflow check proved
--> mj-derivative_kernels.adb:5:17

 info: float overflow check proved
--> mj-derivative_kernels.adb:5:28

 info: float overflow check proved
--> mj-derivative_kernels.adb:11:30

 info: range check proved
--> mj-derivative_kernels.adb:11:30

 info: float overflow check proved
--> mj-derivative_kernels.adb:13:47

 info: range check proved
--> mj-derivative_kernels.adb:13:47

 info: index check proved
--> mj-derivative_kernels.adb:22:21

 info: index check proved
--> mj-derivative_kernels.adb:22:40

 info: loop invariant initialization proved
--> mj-derivative_kernels.adb:24:13

 info: loop invariant preservation proved
--> mj-derivative_kernels.adb:24:13

 info: index check proved
--> mj-derivative_kernels.adb:24:59

 info: index check proved
--> mj-derivative_kernels.adb:24:62

 info: index check proved
--> mj-derivative_kernels.adb:24:80

 info: loop invariant initialization proved
--> mj-derivative_kernels.adb:26:13

 info: loop invariant preservation proved
--> mj-derivative_kernels.adb:26:13

 info: index check proved
--> mj-derivative_kernels.adb:28:45

 info: index check proved
--> mj-derivative_kernels.adb:28:48

 info: index check proved
--> mj-derivative_kernels.adb:28:72

 info: index check proved
--> mj-derivative_kernels.adb:28:75

 info: index check proved
--> mj-derivative_kernels.adb:35:18

 info: index check proved
--> mj-derivative_kernels.adb:35:37

 info: loop invariant initialization proved
--> mj-derivative_kernels.adb:37:13

 info: loop invariant preservation proved
--> mj-derivative_kernels.adb:37:13

 info: index check proved
--> mj-derivative_kernels.adb:37:59

 info: index check proved
--> mj-derivative_kernels.adb:37:64

 info: index check proved
--> mj-derivative_kernels.adb:37:77

 info: loop invariant initialization proved
--> mj-derivative_kernels.adb:39:13

 info: loop invariant preservation proved
--> mj-derivative_kernels.adb:39:13

 info: index check proved
--> mj-derivative_kernels.adb:41:42

 info: index check proved
--> mj-derivative_kernels.adb:41:45

 info: index check proved
--> mj-derivative_kernels.adb:41:69

 info: index check proved
--> mj-derivative_kernels.adb:41:72

 info: length check proved
--> mj-derivative_kernels.adb:47:14

 info: range check proved
--> mj-derivative_kernels.adb:47:17

 info: range check proved
--> mj-derivative_kernels.adb:47:33

 info: range check proved
--> mj-derivative_kernels.adb:48:28

 info: index check proved
--> mj-derivative_kernels.adb:48:34

 info: range check proved
--> mj-derivative_kernels.adb:48:38

 info: index check proved
--> mj-derivative_kernels.adb:48:45

 info: float overflow check proved
--> mj-derivative_kernels.adb:51:16

 info: float overflow check proved
--> mj-derivative_kernels.adb:51:30

 info: implicit aspect Always_Terminates on "Scaled_Difference" has been proved, subprogram will terminate
--> mj-derivative_kernels.ads:12:13

 info: data dependencies proved
--> mj-derivative_kernels.ads:13:24

 info: postcondition proved
--> mj-derivative_kernels.ads:14:14

 info: float overflow check proved
--> mj-derivative_kernels.ads:14:47

 info: float overflow check proved
--> mj-derivative_kernels.ads:14:56

 info: implicit aspect Always_Terminates on "Smooth_Force" has been proved, subprogram will terminate
--> mj-derivative_kernels.ads:15:13

 info: data dependencies proved
--> mj-derivative_kernels.ads:16:11

 info: postcondition proved
--> mj-derivative_kernels.ads:17:14

 info: float overflow check proved
--> mj-derivative_kernels.ads:17:46

 info: float overflow check proved
--> mj-derivative_kernels.ads:17:57

 info: implicit aspect Always_Terminates on "Within" has been proved, subprogram will terminate
--> mj-derivative_kernels.ads:19:13

 info: data dependencies proved
--> mj-derivative_kernels.ads:21:11

 info: implicit aspect Always_Terminates on "Control_Stencil" has been proved, subprogram will terminate
--> mj-derivative_kernels.ads:22:13

 info: data dependencies proved
--> mj-derivative_kernels.ads:25:11

 info: postcondition proved
--> mj-derivative_kernels.ads:26:14

 info: float overflow check proved
--> mj-derivative_kernels.ads:27:56

 info: range check proved
--> mj-derivative_kernels.ads:27:56

 info: float overflow check proved
--> mj-derivative_kernels.ads:29:52

 info: range check proved
--> mj-derivative_kernels.ads:29:52

 info: float overflow check proved
--> mj-derivative_kernels.ads:31:52

 info: range check proved
--> mj-derivative_kernels.ads:31:52

 info: data dependencies proved
--> mj-derivative_kernels.ads:35:11

 info: postcondition proved
--> mj-derivative_kernels.ads:39:14

 info: index check proved
--> mj-derivative_kernels.ads:39:56

 info: index check proved
--> mj-derivative_kernels.ads:39:59

 info: index check proved
--> mj-derivative_kernels.ads:39:77

 info: index check proved
--> mj-derivative_kernels.ads:42:41

 info: index check proved
--> mj-derivative_kernels.ads:42:44

 info: index check proved
--> mj-derivative_kernels.ads:42:61

 info: index check proved
--> mj-derivative_kernels.ads:42:64

 info: data dependencies proved
--> mj-derivative_kernels.ads:45:11

 info: postcondition proved
--> mj-derivative_kernels.ads:49:14

 info: index check proved
--> mj-derivative_kernels.ads:49:56

 info: index check proved
--> mj-derivative_kernels.ads:49:61

 info: index check proved
--> mj-derivative_kernels.ads:49:74

 info: index check proved
--> mj-derivative_kernels.ads:52:38

 info: index check proved
--> mj-derivative_kernels.ads:52:41

 info: index check proved
--> mj-derivative_kernels.ads:52:58

 info: index check proved
--> mj-derivative_kernels.ads:52:61

 info: initialization of "Values" proved
--> mj-derivative_kernels.ads:54:53

 info: data dependencies proved
--> mj-derivative_kernels.ads:55:11

 info: postcondition proved
--> mj-derivative_kernels.ads:60:14

 info: index check proved
--> mj-derivative_kernels.ads:61:16

 info: range check proved
--> mj-derivative_kernels.ads:61:40

 info: index check proved
--> mj-derivative_kernels.ads:61:46

 info: range check proved
--> mj-derivative_kernels.ads:61:50

 info: index check proved
--> mj-derivative_kernels.ads:61:57

 info: implicit aspect Always_Terminates on "Product_Update" has been proved, subprogram will terminate
--> mj-derivative_kernels.ads:62:13

 info: data dependencies proved
--> mj-derivative_kernels.ads:63:11

 info: postcondition proved
--> mj-derivative_kernels.ads:66:14

 info: float overflow check proved
--> mj-derivative_kernels.ads:66:47

 info: float overflow check proved
--> mj-derivative_kernels.ads:66:61
