Phase 1 of 3: generation of data representation information ...
Phase 2 of 3: generation of Global contracts ...
Phase 3 of 3: flow analysis and proof ...
Success: all checks proved (22 checks).
Summary logged in /var/tmp/sparkling-services-derivative-kernels-20261003/obj/gnatprove/gnatprove.out
guarded: elapsed 4.3 s, peak group RSS 170 MB
 info: index check proved
--> mj-derivative_kernels.adb:35:18

 info: index check proved
--> mj-derivative_kernels.adb:35:37

 info: loop invariant initialization proved
--> mj-derivative_kernels.adb:37:13

 info: loop invariant preservation proved
--> mj-derivative_kernels.adb:37:13

 info: index check proved
--> mj-derivative_kernels.adb:37:59

 info: index check proved
--> mj-derivative_kernels.adb:37:64

 info: index check proved
--> mj-derivative_kernels.adb:37:77

 info: loop invariant initialization proved
--> mj-derivative_kernels.adb:39:13

 info: loop invariant preservation proved
--> mj-derivative_kernels.adb:39:13

 info: index check proved
--> mj-derivative_kernels.adb:41:42

 info: index check proved
--> mj-derivative_kernels.adb:41:45

 info: index check proved
--> mj-derivative_kernels.adb:41:69

 info: index check proved
--> mj-derivative_kernels.adb:41:72

 info: data dependencies proved
--> mj-derivative_kernels.ads:45:11

 info: postcondition proved
--> mj-derivative_kernels.ads:49:14

 info: index check proved
--> mj-derivative_kernels.ads:49:56

 info: index check proved
--> mj-derivative_kernels.ads:49:61

 info: index check proved
--> mj-derivative_kernels.ads:49:74

 info: index check proved
--> mj-derivative_kernels.ads:52:38

 info: index check proved
--> mj-derivative_kernels.ads:52:41

 info: index check proved
--> mj-derivative_kernels.ads:52:58

 info: index check proved
--> mj-derivative_kernels.ads:52:61
