Phase 1 of 3: generation of data representation information ...
Phase 2 of 3: generation of Global contracts ...
Phase 3 of 3: flow analysis and proof ...
Success: all checks proved (19 checks).
Summary logged in /var/tmp/sparkling-actuation-20260930/proofs/column-for-8/mj-adhesion-obj/gnatprove/gnatprove.out
guarded: elapsed 9.9 s, peak group RSS 245 MB
 info: precondition proved
--> mj-adhesion.adb:75:33

 info: precondition proved
--> mj-adhesion.adb:76:33

 info: assertion proved
--> mj-adhesion.adb:78:40

 info: precondition proved
--> mj-adhesion.adb:82:22

 info: range check proved
--> mj-adhesion.adb:82:43

 info: precondition proved
--> mj-adhesion.adb:83:22

 info: range check proved
--> mj-adhesion.adb:83:54

 info: precondition proved
--> mj-adhesion.adb:84:07

 info: precondition proved
--> mj-adhesion.adb:84:28

 info: range check proved
--> mj-adhesion.adb:84:48

 info: precondition proved
--> mj-adhesion.adb:84:57

 info: range check proved
--> mj-adhesion.adb:84:88

 info: implicit aspect Always_Terminates on "Column_For" has been proved, subprogram will terminate
--> mj-adhesion.ads:126:13

 info: data dependencies proved
--> mj-adhesion.ads:127:76

 info: postcondition proved
--> mj-adhesion.ads:132:26

 info: precondition proved
--> mj-adhesion.ads:133:10

 info: range check proved
--> mj-adhesion.ads:133:31

 info: precondition proved
--> mj-adhesion.ads:133:40

 info: range check proved
--> mj-adhesion.ads:133:72
