Phase 1 of 3: generation of data representation information ...
Phase 2 of 3: generation of Global contracts ...
Phase 3 of 3: flow analysis and proof ...
Summary logged in /var/tmp/sparkling-services-expmap-min5-20261003/Expmap/validation/obj/gnatprove/gnatprove.out
guarded: elapsed 28.7 s, peak group RSS 164 MB
 info: precondition proved
--> mj-actuator_geometry.adb:76:28

 info: initialization of "S" proved
--> mj-actuator_geometry.adb:77:07

 info: float overflow check proved
--> mj-actuator_geometry.adb:80:23

 info: float overflow check proved
--> mj-actuator_geometry.adb:81:40

 info: precondition proved
--> mj-actuator_geometry.adb:81:46

 info: precondition proved
--> mj-actuator_geometry.adb:82:15

 info: precondition proved
--> mj-actuator_geometry.adb:82:39

 info: implicit aspect Always_Terminates on "Expmap" has been proved, subprogram will terminate
--> mj-actuator_geometry.ads:49:13

 medium: postcondition might fail, cannot prove Expmap'Result = Model.Expmap (V)
--> mj-actuator_geometry.ads:51:36
   51 |       pragma Postcondition (Static => Expmap'Result = Model.Expmap (V));
      |                                       ^~~~~~~~~~~~~~~~~~~~~~~~~~~~~~~
      + provers reached time limit before completing the proof

 info: precondition proved
--> mj-actuator_geometry.ads:51:57
gnatprove: unproved check messages considered as errors
