Phase 1 of 3: generation of data representation information ...
Phase 2 of 3: generation of Global contracts ...
Phase 3 of 3: flow analysis and proof ...
Summary logged in /var/tmp/sparkling-actuators-csr-20260930/verification-final/fresh-whole-mj-transmissions/build/validation/obj/gnatprove/gnatprove.out
guarded: elapsed 156.3 s, peak group RSS 306 MB
 info: implicit aspect Always_Terminates on "Product" has been proved, subprogram will terminate
--> mj-transmissions.adb:11:13

 info: float overflow check proved
--> mj-transmissions.adb:12:08

 info: range check proved
--> mj-transmissions.adb:12:08

 info: postcondition proved
--> mj-transmissions.adb:12:25

 info: float overflow check proved
--> mj-transmissions.adb:12:41

 info: implicit aspect Always_Terminates on "Add_Force" has been proved, subprogram will terminate
--> mj-transmissions.adb:13:13

 info: float overflow check proved
--> mj-transmissions.adb:14:08

 info: range check proved
--> mj-transmissions.adb:14:08

 info: float overflow check proved
--> mj-transmissions.adb:14:10

 info: postcondition proved
--> mj-transmissions.adb:14:27

 info: float overflow check proved
--> mj-transmissions.adb:14:45

 info: float overflow check proved
--> mj-transmissions.adb:14:47

 info: implicit aspect Always_Terminates on "Scale_Moment" has been proved, subprogram will terminate
--> mj-transmissions.adb:15:13

 info: float overflow check proved
--> mj-transmissions.adb:16:08

 info: range check proved
--> mj-transmissions.adb:16:08

 info: postcondition proved
--> mj-transmissions.adb:16:28

 info: float overflow check proved
--> mj-transmissions.adb:16:49

 info: range check proved
--> mj-transmissions.adb:18:44

 info: range check proved
--> mj-transmissions.adb:18:50

 info: range check proved
--> mj-transmissions.adb:19:44

 info: range check proved
--> mj-transmissions.adb:19:50

 info: range check proved
--> mj-transmissions.adb:20:44

 info: range check proved
--> mj-transmissions.adb:20:50

 info: float overflow check proved
--> mj-transmissions.adb:21:36

 info: range check proved
--> mj-transmissions.adb:21:36

 info: float overflow check proved
--> mj-transmissions.adb:22:18

 info: precondition proved
--> mj-transmissions.adb:24:17

 info: float overflow check proved
--> mj-transmissions.adb:24:31

 info: range check proved
--> mj-transmissions.adb:24:31

 info: precondition proved
--> mj-transmissions.adb:24:32

 medium: precondition might fail, cannot prove Bounded (A, 1.0e60)
--> mj-transmissions.adb:29:28
   29 |            (if Translate then Dot ((JP (0)-JP_Ref (0),JP (1)-JP_Ref (1),JP (2)-JP_Ref (2)),Force) else 0.0)
      |                               ^~~~~~~~~~~~~~~~~~~~~~~~~~~~~~~~~~~~~~~~~~~~~~~~~~~~~~~~~~~~~~~~~~
      + provers reached time limit before completing the proof

 info: float overflow check proved
--> mj-transmissions.adb:29:40

 info: float overflow check proved
--> mj-transmissions.adb:29:58

 info: float overflow check proved
--> mj-transmissions.adb:29:76

 info: float overflow check proved
--> mj-transmissions.adb:30:09

 info: range check proved
--> mj-transmissions.adb:30:09

 info: precondition proved
--> mj-transmissions.adb:30:26

 info: float overflow check proved
--> mj-transmissions.adb:30:38

 info: float overflow check proved
--> mj-transmissions.adb:30:56

 info: float overflow check proved
--> mj-transmissions.adb:30:74

 info: float overflow check proved
--> mj-transmissions.adb:33:38

 info: range check proved
--> mj-transmissions.adb:33:38

 info: range check proved
--> mj-transmissions.adb:33:49

 info: range check proved
--> mj-transmissions.adb:33:56

 info: float overflow check proved
--> mj-transmissions.adb:33:63

 info: range check proved
--> mj-transmissions.adb:33:73

 info: range check proved
--> mj-transmissions.adb:33:80

 info: range check proved
--> mj-transmissions.adb:34:44

 info: range check proved
--> mj-transmissions.adb:34:51

 info: float overflow check proved
--> mj-transmissions.adb:34:58

 info: range check proved
--> mj-transmissions.adb:34:58

 info: range check proved
--> mj-transmissions.adb:34:68

 info: range check proved
--> mj-transmissions.adb:34:75

 info: range check proved
--> mj-transmissions.adb:35:44

 info: range check proved
--> mj-transmissions.adb:35:51

 info: float overflow check proved
--> mj-transmissions.adb:35:58

 info: range check proved
--> mj-transmissions.adb:35:58

 info: range check proved
--> mj-transmissions.adb:35:68

 info: range check proved
--> mj-transmissions.adb:35:75

 info: float overflow check proved
--> mj-transmissions.adb:36:36

 info: range check proved
--> mj-transmissions.adb:36:36

 info: float overflow check proved
--> mj-transmissions.adb:37:38

 info: range check proved
--> mj-transmissions.adb:37:38

 info: float overflow check proved
--> mj-transmissions.adb:42:21

 info: float overflow check proved
--> mj-transmissions.adb:42:26

 info: range check proved
--> mj-transmissions.adb:42:26

 info: division check proved
--> mj-transmissions.adb:42:32

 info: float overflow check proved
--> mj-transmissions.adb:42:32

 info: range check proved
--> mj-transmissions.adb:42:39

 info: division check proved
--> mj-transmissions.adb:45:20

 info: float overflow check proved
--> mj-transmissions.adb:45:20

 info: range check proved
--> mj-transmissions.adb:45:36

 info: precondition proved
--> mj-transmissions.adb:48:19

 info: subprogram variant proved
--> mj-transmissions.adb:48:19

 info: range check proved
--> mj-transmissions.adb:48:35

 info: loop invariant initialization proved
--> mj-transmissions.adb:54:43

 info: loop invariant preservation proved
--> mj-transmissions.adb:54:43

 info: precondition proved
--> mj-transmissions.adb:54:47

 info: range check proved
--> mj-transmissions.adb:54:59

 info: loop invariant initialization proved
--> mj-transmissions.adb:55:33

 info: loop invariant preservation proved
--> mj-transmissions.adb:55:33

 info: loop invariant initialization proved
--> mj-transmissions.adb:56:33

 info: loop invariant preservation proved
--> mj-transmissions.adb:56:33

 info: index check proved
--> mj-transmissions.adb:56:77

 info: index check proved
--> mj-transmissions.adb:57:28

 info: index check proved
--> mj-transmissions.adb:58:54

 info: index check proved
--> mj-transmissions.adb:58:64

 info: loop invariant initialization proved
--> mj-transmissions.adb:59:43

 info: loop invariant preservation proved
--> mj-transmissions.adb:59:43

 info: overflow check proved
--> mj-transmissions.adb:59:73

 info: index check proved
--> mj-transmissions.adb:59:86

 info: precondition proved
--> mj-transmissions.adb:60:12

 info: range check proved
--> mj-transmissions.adb:60:24

 info: precondition proved
--> mj-transmissions.adb:60:47

 info: index check proved
--> mj-transmissions.adb:60:47

 info: range check proved
--> mj-transmissions.adb:60:59

 info: precondition proved
--> mj-transmissions.adb:60:81

 info: index check proved
--> mj-transmissions.adb:60:81

 info: range check proved
--> mj-transmissions.adb:60:93

 info: index check proved
--> mj-transmissions.adb:60:100

 info: float overflow check proved
--> mj-transmissions.adb:60:102

 info: precondition proved
--> mj-transmissions.adb:61:10

 info: overflow check proved
--> mj-transmissions.adb:61:26

 info: range check proved
--> mj-transmissions.adb:61:26

 info: index check proved
--> mj-transmissions.adb:63:21

 info: range check proved
--> mj-transmissions.adb:63:28

 info: index check proved
--> mj-transmissions.adb:64:21

 info: float overflow check proved
--> mj-transmissions.adb:64:33

 info: range check proved
--> mj-transmissions.adb:64:33

 info: range check proved
--> mj-transmissions.adb:65:23

 info: loop invariant initialization proved
--> mj-transmissions.adb:73:43

 info: loop invariant preservation proved
--> mj-transmissions.adb:73:43

 info: precondition proved
--> mj-transmissions.adb:73:45

 info: range check proved
--> mj-transmissions.adb:73:57

 info: loop invariant preservation proved
--> mj-transmissions.adb:74:33

 info: loop invariant initialization proved
--> mj-transmissions.adb:74:33

 info: loop invariant initialization proved
--> mj-transmissions.adb:75:33

 info: loop invariant preservation proved
--> mj-transmissions.adb:75:33

 info: overflow check proved
--> mj-transmissions.adb:75:68

 info: overflow check proved
--> mj-transmissions.adb:75:80

 info: index check proved
--> mj-transmissions.adb:75:91

 info: index check proved
--> mj-transmissions.adb:76:26

 info: overflow check proved
--> mj-transmissions.adb:77:49

 info: index check proved
--> mj-transmissions.adb:77:60

 info: index check proved
--> mj-transmissions.adb:77:68

 info: loop invariant preservation proved
--> mj-transmissions.adb:78:43

 info: loop invariant initialization proved
--> mj-transmissions.adb:78:43

 info: overflow check proved
--> mj-transmissions.adb:78:73

 info: index check proved
--> mj-transmissions.adb:78:86

 info: precondition proved
--> mj-transmissions.adb:79:12

 info: range check proved
--> mj-transmissions.adb:79:24

 info: overflow check proved
--> mj-transmissions.adb:79:52

 info: index check proved
--> mj-transmissions.adb:79:52

 info: precondition proved
--> mj-transmissions.adb:79:53

 info: range check proved
--> mj-transmissions.adb:79:65

 info: overflow check proved
--> mj-transmissions.adb:79:94

 info: index check proved
--> mj-transmissions.adb:79:94

 info: precondition proved
--> mj-transmissions.adb:79:95

 info: range check proved
--> mj-transmissions.adb:79:107

 info: index check proved
--> mj-transmissions.adb:79:114

 info: float overflow check proved
--> mj-transmissions.adb:79:116

 info: loop invariant initialization proved
--> mj-transmissions.adb:80:33

 info: loop invariant preservation proved
--> mj-transmissions.adb:80:33

 info: overflow check proved
--> mj-transmissions.adb:80:55

 info: index check proved
--> mj-transmissions.adb:80:88

 info: index check proved
--> mj-transmissions.adb:80:107

 info: index check proved
--> mj-transmissions.adb:80:124

 info: index check proved
--> mj-transmissions.adb:80:143

 info: precondition proved
--> mj-transmissions.adb:81:10

 info: overflow check proved
--> mj-transmissions.adb:81:26

 info: range check proved
--> mj-transmissions.adb:81:26

 info: overflow check proved
--> mj-transmissions.adb:83:27

 info: index check proved
--> mj-transmissions.adb:83:27

 info: range check proved
--> mj-transmissions.adb:83:34

 info: overflow check proved
--> mj-transmissions.adb:84:27

 info: index check proved
--> mj-transmissions.adb:84:27

 info: range check proved
--> mj-transmissions.adb:84:48

 info: range check proved
--> mj-transmissions.adb:85:19

 info: index check proved
--> mj-transmissions.adb:93:22

 info: index check proved
--> mj-transmissions.adb:93:40

 info: index check proved
--> mj-transmissions.adb:94:22

 info: index check proved
--> mj-transmissions.adb:94:40

 info: float overflow check proved
--> mj-transmissions.adb:94:42

 info: range check proved
--> mj-transmissions.adb:94:42

 info: loop invariant initialization proved
--> mj-transmissions.adb:95:33

 info: loop invariant preservation proved
--> mj-transmissions.adb:95:33

 info: index check proved
--> mj-transmissions.adb:95:96

 info: index check proved
--> mj-transmissions.adb:95:111

 info: loop invariant initialization proved
--> mj-transmissions.adb:96:33

 medium: loop invariant might not be preserved by an arbitrary iteration, cannot prove Result.Val (J)=Source.Val (J)*Gear
--> mj-transmissions.adb:96:56
   96 |             pragma Loop_Invariant (for all J in 0 .. K => Result.Val (J)=Source.Val (J)*Gear);
      |                                                           ^~~~~~~~~~~~~~~~~~~~~~~~~~~~~~~~~~
      + provers reached time limit before completing the proof

 info: index check proved
--> mj-transmissions.adb:96:68

 info: index check proved
--> mj-transmissions.adb:96:83

 info: float overflow check proved
--> mj-transmissions.adb:96:85

 info: loop invariant initialization proved
--> mj-transmissions.adb:97:33

 info: loop invariant preservation proved
--> mj-transmissions.adb:97:33

 info: overflow check proved
--> mj-transmissions.adb:97:47

 info: index check proved
--> mj-transmissions.adb:97:84

 info: index check proved
--> mj-transmissions.adb:97:110

 info: float overflow check proved
--> mj-transmissions.adb:101:18

 info: range check proved
--> mj-transmissions.adb:101:18

 info: range check proved
--> mj-transmissions.adb:103:36

 info: range check proved
--> mj-transmissions.adb:104:29

 info: float overflow check proved
--> mj-transmissions.adb:105:18

 info: range check proved
--> mj-transmissions.adb:105:18

 info: float overflow check proved
--> mj-transmissions.adb:107:18

 info: range check proved
--> mj-transmissions.adb:107:18

 info: range check proved
--> mj-transmissions.adb:111:35

 medium: range check might fail
--> mj-transmissions.adb:111:67
  111 |          A0 : constant Lane_Value := S0; A1 : constant Lane_Value := S1;
      |                                                                      ^~
      + reason for check: default component value must fit in the type
      + provers reached time limit before completing the proof

 info: range check proved
--> mj-transmissions.adb:112:35

 medium: range check might fail
--> mj-transmissions.adb:112:67
  112 |          A2 : constant Lane_Value := S2; A3 : constant Lane_Value := S3;
      |                                                                      ^~
      + reason for check: default component value must fit in the type
      + provers reached time limit before completing the proof

 info: float overflow check proved
--> mj-transmissions.adb:113:35

 info: range check proved
--> mj-transmissions.adb:113:35

 info: float overflow check proved
--> mj-transmissions.adb:114:35

 info: range check proved
--> mj-transmissions.adb:114:35

 info: float overflow check proved
--> mj-transmissions.adb:115:19

 info: range check proved
--> mj-transmissions.adb:115:19

 info: range check proved
--> mj-transmissions.adb:122:32

 info: division check proved
--> mj-transmissions.adb:122:39

 info: range check proved
--> mj-transmissions.adb:122:39

 info: range check proved
--> mj-transmissions.adb:123:34

 info: initialization of "Base" proved
--> mj-transmissions.adb:124:07

 info: initialization of "S" proved
--> mj-transmissions.adb:124:13

 medium: loop invariant might not be preserved by an arbitrary iteration, cannot prove S0=Lane_Model (Col,Val,Qvel,0,I)
--> mj-transmissions.adb:127:43
  127 |             pragma Loop_Invariant (Static => S0=Lane_Model (Col,Val,Qvel,0,I) and then S1=Lane_Model (Col,Val,Qvel,1,I)
      |                                              ^~~~~~~~~~~~~~~~~~~~~~~~~~~~~~~
      + provers reached time limit before completing the proof

 info: loop invariant initialization proved
--> mj-transmissions.adb:127:43

 info: precondition proved
--> mj-transmissions.adb:127:46

 info: range check proved
--> mj-transmissions.adb:127:73

 info: precondition proved
--> mj-transmissions.adb:127:88

 info: range check proved
--> mj-transmissions.adb:127:115

 info: precondition proved
--> mj-transmissions.adb:128:24

 info: range check proved
--> mj-transmissions.adb:128:51

 info: precondition proved
--> mj-transmissions.adb:128:66

 info: range check proved
--> mj-transmissions.adb:128:93

 info: loop invariant initialization proved
--> mj-transmissions.adb:129:33

 info: loop invariant preservation proved
--> mj-transmissions.adb:129:33

 info: range check proved
--> mj-transmissions.adb:129:47

 info: float overflow check proved
--> mj-transmissions.adb:129:49

 info: range check proved
--> mj-transmissions.adb:129:83

 info: float overflow check proved
--> mj-transmissions.adb:129:85

 info: range check proved
--> mj-transmissions.adb:130:35

 info: float overflow check proved
--> mj-transmissions.adb:130:37

 info: range check proved
--> mj-transmissions.adb:130:71

 info: float overflow check proved
--> mj-transmissions.adb:130:73

 info: precondition proved
--> mj-transmissions.adb:131:10

 info: precondition proved
--> mj-transmissions.adb:132:16

 info: precondition proved
--> mj-transmissions.adb:132:29

 info: overflow check proved
--> mj-transmissions.adb:132:59

 info: index check proved
--> mj-transmissions.adb:132:59

 info: overflow check proved
--> mj-transmissions.adb:132:61

 info: index check proved
--> mj-transmissions.adb:132:71

 info: overflow check proved
--> mj-transmissions.adb:132:85

 info: index check proved
--> mj-transmissions.adb:132:85

 info: overflow check proved
--> mj-transmissions.adb:132:87

 info: precondition proved
--> mj-transmissions.adb:133:16

 info: precondition proved
--> mj-transmissions.adb:133:29

 info: overflow check proved
--> mj-transmissions.adb:133:59

 info: overflow check proved
--> mj-transmissions.adb:133:61

 info: overflow check proved
--> mj-transmissions.adb:133:63

 info: index check proved
--> mj-transmissions.adb:133:63

 info: index check proved
--> mj-transmissions.adb:133:73

 info: overflow check proved
--> mj-transmissions.adb:133:87

 info: overflow check proved
--> mj-transmissions.adb:133:89

 info: overflow check proved
--> mj-transmissions.adb:133:91

 info: index check proved
--> mj-transmissions.adb:133:91

 info: precondition proved
--> mj-transmissions.adb:134:16

 info: precondition proved
--> mj-transmissions.adb:134:29

 info: overflow check proved
--> mj-transmissions.adb:134:59

 info: overflow check proved
--> mj-transmissions.adb:134:61

 info: overflow check proved
--> mj-transmissions.adb:134:63

 info: index check proved
--> mj-transmissions.adb:134:63

 info: index check proved
--> mj-transmissions.adb:134:73

 info: overflow check proved
--> mj-transmissions.adb:134:87

 info: overflow check proved
--> mj-transmissions.adb:134:89

 info: overflow check proved
--> mj-transmissions.adb:134:91

 info: index check proved
--> mj-transmissions.adb:134:91

 info: precondition proved
--> mj-transmissions.adb:135:16

 info: precondition proved
--> mj-transmissions.adb:135:29

 info: overflow check proved
--> mj-transmissions.adb:135:59

 info: overflow check proved
--> mj-transmissions.adb:135:61

 info: overflow check proved
--> mj-transmissions.adb:135:63

 info: index check proved
--> mj-transmissions.adb:135:63

 info: index check proved
--> mj-transmissions.adb:135:73

 info: overflow check proved
--> mj-transmissions.adb:135:87

 info: overflow check proved
--> mj-transmissions.adb:135:89

 info: overflow check proved
--> mj-transmissions.adb:135:91

 info: index check proved
--> mj-transmissions.adb:135:91

 info: precondition proved
--> mj-transmissions.adb:137:15

 info: range check proved
--> mj-transmissions.adb:138:37

 info: loop invariant initialization proved
--> mj-transmissions.adb:139:43

 medium: loop invariant might not be preserved by an arbitrary iteration
--> mj-transmissions.adb:139:43
  139 |             pragma Loop_Invariant (Static => S=Tail_Model (Col,Val,Qvel,Base,First,K-First));
      |                                              ^~~~~~~~~~~~~~~~~~~~~~~~~~~~~~~~~~~~~~~~~~~~~
      + provers reached time limit before completing the proof

 info: precondition proved
--> mj-transmissions.adb:139:45

 info: overflow check proved
--> mj-transmissions.adb:139:82

 info: range check proved
--> mj-transmissions.adb:139:82

 info: loop invariant initialization proved
--> mj-transmissions.adb:140:33

 info: loop invariant preservation proved
--> mj-transmissions.adb:140:33

 info: range check proved
--> mj-transmissions.adb:140:46

 info: float overflow check proved
--> mj-transmissions.adb:140:48

 info: precondition proved
--> mj-transmissions.adb:141:10

 info: overflow check proved
--> mj-transmissions.adb:141:48

 info: range check proved
--> mj-transmissions.adb:141:48

 info: precondition proved
--> mj-transmissions.adb:142:15

 info: precondition proved
--> mj-transmissions.adb:142:22

 info: overflow check proved
--> mj-transmissions.adb:142:52

 info: index check proved
--> mj-transmissions.adb:142:52

 info: index check proved
--> mj-transmissions.adb:142:62

 info: overflow check proved
--> mj-transmissions.adb:142:76

 info: index check proved
--> mj-transmissions.adb:142:76

 info: range check proved
--> mj-transmissions.adb:142:82

 info: assertion proved
--> mj-transmissions.adb:150:25

 info: overflow check proved
--> mj-transmissions.adb:150:52

 info: index check proved
--> mj-transmissions.adb:150:63

 info: index check proved
--> mj-transmissions.adb:150:71

 info: assertion proved
--> mj-transmissions.adb:151:25

 info: index check proved
--> mj-transmissions.adb:151:38

 info: index check proved
--> mj-transmissions.adb:151:43

 info: index check proved
--> mj-transmissions.adb:151:71

 info: index check proved
--> mj-transmissions.adb:151:76

 info: index check proved
--> mj-transmissions.adb:152:23

 info: range check proved
--> mj-transmissions.adb:152:46

 info: index check proved
--> mj-transmissions.adb:152:59

 info: range check proved
--> mj-transmissions.adb:152:68

 info: index check proved
--> mj-transmissions.adb:152:73

 info: loop invariant initialization proved
--> mj-transmissions.adb:153:33

 info: loop invariant preservation proved
--> mj-transmissions.adb:153:33

 info: index check proved
--> mj-transmissions.adb:154:53

 info: index check proved
--> mj-transmissions.adb:154:78

 info: index check proved
--> mj-transmissions.adb:154:105

 info: loop invariant initialization proved
--> mj-transmissions.adb:155:33

 info: loop invariant preservation proved
--> mj-transmissions.adb:155:33

 info: index check proved
--> mj-transmissions.adb:155:91

 info: loop invariant initialization proved
--> mj-transmissions.adb:156:33

 medium: loop invariant might not be preserved by an arbitrary iteration, cannot prove Generalized (Col (I))=Add_Force (Generalized'Loop_Entry (Col (I)),Val (I),Force)
--> mj-transmissions.adb:157:12
  157 |               Generalized (Col (I))=Add_Force (Generalized'Loop_Entry (Col (I)),Val (I),Force));
      |               ^~~~~~~~~~~~~~~~~~~~~~~~~~~~~~~~~~~~~~~~~~~~~~~~~~~~~~~~~~~~~~~~~~~~~~~~~~~~~~~
      + provers reached time limit before completing the proof

 info: index check proved
--> mj-transmissions.adb:157:25

 info: index check proved
--> mj-transmissions.adb:157:30

 info: range check proved
--> mj-transmissions.adb:157:56

 info: index check proved
--> mj-transmissions.adb:157:69

 info: index check proved
--> mj-transmissions.adb:157:74

 info: range check proved
--> mj-transmissions.adb:157:78

 info: index check proved
--> mj-transmissions.adb:157:83

 info: loop invariant initialization proved
--> mj-transmissions.adb:158:33

 info: loop invariant preservation proved
--> mj-transmissions.adb:158:33

 info: index check proved
--> mj-transmissions.adb:158:80

 info: precondition proved
--> mj-transmissions.adb:162:17

 info: range check proved
--> mj-transmissions.adb:162:28

 info: range check proved
--> mj-transmissions.adb:162:57

 info: precondition proved
--> mj-transmissions.adb:164:10

 info: range check proved
--> mj-transmissions.adb:164:20

 info: range check proved
--> mj-transmissions.adb:164:49

 info: range check proved
--> mj-transmissions.ads:12:07

 info: range check proved
--> mj-transmissions.ads:13:07

 info: implicit aspect Always_Terminates on "Valid" has been proved, subprogram will terminate
--> mj-transmissions.ads:17:13

 info: range check proved
--> mj-transmissions.ads:18:19

 info: index check proved
--> mj-transmissions.ads:18:100

 info: index check proved
--> mj-transmissions.ads:19:24

 info: index check proved
--> mj-transmissions.ads:20:50

 info: index check proved
--> mj-transmissions.ads:20:60

 info: implicit aspect Always_Terminates on "Valid" has been proved, subprogram will terminate
--> mj-transmissions.ads:23:13

 medium: range check might fail, cannot prove upper bound for Col'Length
--> mj-transmissions.ads:25:20
   25 |           and then Col'Length<=NV and then Col'Last<3*Max_Dof
      |                    ~~~^~~~~~~
      + provers reached time limit before completing the proof

 info: index check proved
--> mj-transmissions.ads:26:49

 info: index check proved
--> mj-transmissions.ads:26:69

 info: overflow check proved
--> mj-transmissions.ads:27:47

 info: index check proved
--> mj-transmissions.ads:27:58

 info: index check proved
--> mj-transmissions.ads:27:66

 info: implicit aspect Always_Terminates on "Scalar_Length" has been proved, subprogram will terminate
--> mj-transmissions.ads:29:13

 info: float overflow check proved
--> mj-transmissions.ads:29:78

 info: range check proved
--> mj-transmissions.ads:29:78

 info: implicit aspect Always_Terminates on "Dot" has been proved, subprogram will terminate
--> mj-transmissions.ads:30:13

 info: postcondition proved
--> mj-transmissions.ads:32:14

 info: float overflow check proved
--> mj-transmissions.ads:32:33

 info: float overflow check proved
--> mj-transmissions.ads:32:39

 info: float overflow check proved
--> mj-transmissions.ads:32:45

 info: float overflow check proved
--> mj-transmissions.ads:32:52

 info: float overflow check proved
--> mj-transmissions.ads:32:58

 info: implicit aspect Always_Terminates on "Site_Column" has been proved, subprogram will terminate
--> mj-transmissions.ads:35:13

 info: postcondition proved
--> mj-transmissions.ads:38:14

 info: precondition proved
--> mj-transmissions.ads:38:35

 info: float overflow check proved
--> mj-transmissions.ads:38:50

 info: precondition proved
--> mj-transmissions.ads:38:51

 info: implicit aspect Always_Terminates on "Reference_Column" has been proved, subprogram will terminate
--> mj-transmissions.ads:39:13

 medium: postcondition might fail
--> mj-transmissions.ads:44:36
   44 |       pragma Postcondition (Static => Reference_Column'Result =
      |                                       ^~~~~~~~~~~~~~~~~~~~~~~~~
      :
   47 |           +(if Rotate then Dot ((JR (0)-JR_Ref (0),JR (1)-JR_Ref (1),JR (2)-JR_Ref (2)),Torque) else 0.0)));
      |           ~~~~~~~~~~~~~~~~~~~~~~~~~~~~~~~~~~~~~~~~~~~~~~~~~~~~~~~~~~~~~~~~~~~~~~~~~~~~~~~~~~~~~~~~~~~~~~
      + provers reached time limit before completing the proof

 medium: precondition might fail, cannot prove Bounded (A, 1.0e60)
--> mj-transmissions.ads:46:27
   46 |           (if Translate then Dot ((JP (0)-JP_Ref (0),JP (1)-JP_Ref (1),JP (2)-JP_Ref (2)),Force) else 0.0)
      |                              ^~~~~~~~~~~~~~~~~~~~~~~~~~~~~~~~~~~~~~~~~~~~~~~~~~~~~~~~~~~~~~~~~~
      + provers reached time limit before completing the proof

 info: float overflow check proved
--> mj-transmissions.ads:46:39

 info: float overflow check proved
--> mj-transmissions.ads:46:57

 info: float overflow check proved
--> mj-transmissions.ads:46:75

 medium: float overflow check might fail
--> mj-transmissions.ads:47:08
   46 |           (if Translate then Dot ((JP (0)-JP_Ref (0),JP (1)-JP_Ref (1),JP (2)-JP_Ref (2)),Force) else 0.0)
      |           ~~~~~~~~~~~~~~~~~~~~~~~~~~~~~~~~~~~~~~~~~~~~~~~~~~~~~~~~~~~~~~~~~~~~~~~~~~~~~~~~~~~~~~~~~~~~~~~~
   47 |           +(if Rotate then Dot ((JR (0)-JR_Ref (0),JR (1)-JR_Ref (1),JR (2)-JR_Ref (2)),Torque) else 0.0)));
      |           ^~~~~~~~~~~~~~~~~~~~~~~~~~~~~~~~~~~~~~~~~~~~~~~~~~~~~~~~~~~~~~~~~~~~~~~~~~~~~~~~~~~~~~~~~~~~~~
      + reason for check: result of floating-point addition must be bounded
      + provers reached time limit before completing the proof

 medium: precondition might fail, cannot prove Bounded (A, 1.0e60)
--> mj-transmissions.ads:47:25
   47 |           +(if Rotate then Dot ((JR (0)-JR_Ref (0),JR (1)-JR_Ref (1),JR (2)-JR_Ref (2)),Torque) else 0.0)));
      |                            ^~~~~~~~~~~~~~~~~~~~~~~~~~~~~~~~~~~~~~~~~~~~~~~~~~~~~~~~~~~~~~~~~~~
      + provers reached time limit before completing the proof

 info: float overflow check proved
--> mj-transmissions.ads:47:37

 info: float overflow check proved
--> mj-transmissions.ads:47:55

 info: float overflow check proved
--> mj-transmissions.ads:47:73

 info: implicit aspect Always_Terminates on "Slider_Column" has been proved, subprogram will terminate
--> mj-transmissions.ads:48:13

 info: postcondition proved
--> mj-transmissions.ads:51:14

 info: float overflow check proved
--> mj-transmissions.ads:51:42

 info: float overflow check proved
--> mj-transmissions.ads:51:50

 info: float overflow check proved
--> mj-transmissions.ads:51:57

 info: float overflow check proved
--> mj-transmissions.ads:51:64

 info: float overflow check proved
--> mj-transmissions.ads:52:08

 info: float overflow check proved
--> mj-transmissions.ads:52:16

 info: float overflow check proved
--> mj-transmissions.ads:52:23

 info: float overflow check proved
--> mj-transmissions.ads:52:30

 info: float overflow check proved
--> mj-transmissions.ads:52:39

 info: float overflow check proved
--> mj-transmissions.ads:52:47

 info: float overflow check proved
--> mj-transmissions.ads:52:54

 info: float overflow check proved
--> mj-transmissions.ads:52:61

 info: implicit aspect Always_Terminates on "Adhesion_Column" has been proved, subprogram will terminate
--> mj-transmissions.ads:54:13

 info: postcondition proved
--> mj-transmissions.ads:56:14

 info: float overflow check proved
--> mj-transmissions.ads:56:74

 info: float overflow check proved
--> mj-transmissions.ads:56:79

 info: division check proved
--> mj-transmissions.ads:56:85

 info: float overflow check proved
--> mj-transmissions.ads:56:85

 info: range check proved
--> mj-transmissions.ads:56:92

 info: implicit aspect Always_Terminates on "Pyramidal_Weight" has been proved, subprogram will terminate
--> mj-transmissions.ads:57:13

 info: postcondition proved
--> mj-transmissions.ads:59:14

 info: division check proved
--> mj-transmissions.ads:59:43

 info: float overflow check proved
--> mj-transmissions.ads:59:43

 info: range check proved
--> mj-transmissions.ads:59:59

 info: implicit aspect Always_Terminates on "Nonzeros" has been proved, subprogram will terminate
--> mj-transmissions.ads:60:13

 info: precondition proved
--> mj-transmissions.ads:61:26

 info: subprogram variant proved
--> mj-transmissions.ads:61:26

 info: range check proved
--> mj-transmissions.ads:61:39

 info: overflow check proved
--> mj-transmissions.ads:61:42

 info: range check proved
--> mj-transmissions.ads:61:42

 info: index check proved
--> mj-transmissions.ads:61:51

 info: range check proved
--> mj-transmissions.ads:62:80

 info: postcondition proved
--> mj-transmissions.ads:63:14

 info: range check proved
--> mj-transmissions.ads:65:63

 info: postcondition proved
--> mj-transmissions.ads:66:14

 info: index check proved
--> mj-transmissions.ads:67:15

 info: precondition proved
--> mj-transmissions.ads:67:28

 info: range check proved
--> mj-transmissions.ads:67:40

 info: precondition proved
--> mj-transmissions.ads:67:43

 info: postcondition proved
--> mj-transmissions.ads:72:14

 info: range check proved
--> mj-transmissions.ads:72:24

 info: precondition proved
--> mj-transmissions.ads:73:40

 info: range check proved
--> mj-transmissions.ads:73:53

 info: index check proved
--> mj-transmissions.ads:74:47

 info: precondition proved
--> mj-transmissions.ads:75:15

 info: index check proved
--> mj-transmissions.ads:75:15

 info: range check proved
--> mj-transmissions.ads:75:27

 info: precondition proved
--> mj-transmissions.ads:75:49

 info: index check proved
--> mj-transmissions.ads:75:49

 info: range check proved
--> mj-transmissions.ads:75:61

 info: index check proved
--> mj-transmissions.ads:75:68

 info: float overflow check proved
--> mj-transmissions.ads:75:70

 info: range check proved
--> mj-transmissions.ads:77:55

 info: index check proved
--> mj-transmissions.ads:77:137

 info: postcondition proved
--> mj-transmissions.ads:78:14

 info: index check proved
--> mj-transmissions.ads:78:96

 info: index check proved
--> mj-transmissions.ads:78:111

 info: index check proved
--> mj-transmissions.ads:79:72

 info: index check proved
--> mj-transmissions.ads:79:87

 info: float overflow check proved
--> mj-transmissions.ads:79:89

 info: initialization of "N" proved
--> mj-transmissions.ads:81:101

 info: postcondition proved
--> mj-transmissions.ads:84:14

 info: range check proved
--> mj-transmissions.ads:84:18

 info: range check proved
--> mj-transmissions.ads:84:42

 info: overflow check proved
--> mj-transmissions.ads:84:69

 info: overflow check proved
--> mj-transmissions.ads:84:81

 info: range check proved
--> mj-transmissions.ads:84:85

 info: overflow check proved
--> mj-transmissions.ads:84:112

 info: overflow check proved
--> mj-transmissions.ads:84:124

 info: range check proved
--> mj-transmissions.ads:84:129

 info: precondition proved
--> mj-transmissions.ads:85:38

 info: range check proved
--> mj-transmissions.ads:85:51

 info: index check proved
--> mj-transmissions.ads:86:47

 info: overflow check proved
--> mj-transmissions.ads:87:22

 info: index check proved
--> mj-transmissions.ads:87:22

 info: precondition proved
--> mj-transmissions.ads:87:23

 info: range check proved
--> mj-transmissions.ads:87:35

 info: overflow check proved
--> mj-transmissions.ads:87:64

 info: index check proved
--> mj-transmissions.ads:87:64

 info: precondition proved
--> mj-transmissions.ads:87:65

 info: range check proved
--> mj-transmissions.ads:87:77

 info: index check proved
--> mj-transmissions.ads:87:84

 info: float overflow check proved
--> mj-transmissions.ads:87:86

 info: overflow check proved
--> mj-transmissions.ads:88:38

 info: index check proved
--> mj-transmissions.ads:88:71

 info: index check proved
--> mj-transmissions.ads:88:83

 info: index check proved
--> mj-transmissions.ads:88:100

 info: index check proved
--> mj-transmissions.ads:88:112

 info: implicit aspect Always_Terminates on "Sparse_Product" has been proved, subprogram will terminate
--> mj-transmissions.ads:91:13

 info: postcondition proved
--> mj-transmissions.ads:93:14

 info: float overflow check proved
--> mj-transmissions.ads:93:42

 info: implicit aspect Always_Terminates on "Add" has been proved, subprogram will terminate
--> mj-transmissions.ads:95:13

 info: range check proved
--> mj-transmissions.ads:96:45

 info: float overflow check proved
--> mj-transmissions.ads:96:47

 info: float overflow check proved
--> mj-transmissions.ads:97:26

 medium: postcondition might fail, cannot prove abs Add'Result<=Real (N+1)*Step_Bound
--> mj-transmissions.ads:97:38
   97 |         Post => Add'Result=S+V and then abs Add'Result<=Real (N+1)*Step_Bound;
      |                                         ^~~~~~~~~~~~~~~~~~~~~~~~~~~~~~~~~~~~~
      + provers reached time limit before completing the proof

 info: range check proved
--> mj-transmissions.ads:97:61

 info: float overflow check proved
--> mj-transmissions.ads:97:64

 info: implicit aspect Always_Terminates on "Lane_Add" has been proved, subprogram will terminate
--> mj-transmissions.ads:99:13

 info: range check proved
--> mj-transmissions.ads:100:47

 info: float overflow check proved
--> mj-transmissions.ads:100:49

 info: float overflow check proved
--> mj-transmissions.ads:101:31

 medium: postcondition might fail, cannot prove abs Lane_Add'Result<=Real (N+1)*Lane_Step
--> mj-transmissions.ads:101:43
  101 |         Post => Lane_Add'Result=S+V and then abs Lane_Add'Result<=Real (N+1)*Lane_Step;
      |                                              ^~~~~~~~~~~~~~~~~~~~~~~~~~~~~~~~~~~~~~~~~
      + provers reached time limit before completing the proof

 info: range check proved
--> mj-transmissions.ads:101:71

 info: float overflow check proved
--> mj-transmissions.ads:101:74

 info: implicit aspect Always_Terminates on "Combine" has been proved, subprogram will terminate
--> mj-transmissions.ads:102:13

 info: range check proved
--> mj-transmissions.ads:103:54

 info: float overflow check proved
--> mj-transmissions.ads:103:61

 info: range check proved
--> mj-transmissions.ads:104:31

 info: float overflow check proved
--> mj-transmissions.ads:104:38

 info: range check proved
--> mj-transmissions.ads:104:72

 info: float overflow check proved
--> mj-transmissions.ads:104:79

 info: range check proved
--> mj-transmissions.ads:105:31

 info: float overflow check proved
--> mj-transmissions.ads:105:38

 info: float overflow check proved
--> mj-transmissions.ads:106:32

 info: float overflow check proved
--> mj-transmissions.ads:106:36

 info: float overflow check proved
--> mj-transmissions.ads:106:40

 medium: postcondition might fail, cannot prove abs Combine'Result<=Real (4*Groups)*Step_Bound
--> mj-transmissions.ads:107:17
  107 |           and then abs Combine'Result<=Real (4*Groups)*Step_Bound;
      |                    ^~~~~~~~~~~~~~~~~~~~~~~~~~~~~~~~~~~~~~~~~~~~~~
      + provers reached time limit before completing the proof

 info: range check proved
--> mj-transmissions.ads:107:44

 info: float overflow check proved
--> mj-transmissions.ads:107:52

 info: implicit aspect Always_Terminates on "Lane_Model" has been proved, subprogram will terminate
--> mj-transmissions.ads:108:13

 info: precondition proved
--> mj-transmissions.ads:109:33

 info: precondition proved
--> mj-transmissions.ads:109:43

 info: subprogram variant proved
--> mj-transmissions.ads:109:43

 info: range check proved
--> mj-transmissions.ads:109:76

 info: precondition proved
--> mj-transmissions.ads:110:08

 info: overflow check proved
--> mj-transmissions.ads:110:38

 info: overflow check proved
--> mj-transmissions.ads:110:51

 info: index check proved
--> mj-transmissions.ads:110:51

 info: index check proved
--> mj-transmissions.ads:110:61

 info: overflow check proved
--> mj-transmissions.ads:110:75

 info: overflow check proved
--> mj-transmissions.ads:110:88

 info: index check proved
--> mj-transmissions.ads:110:88

 info: range check proved
--> mj-transmissions.ads:110:103

 info: range check proved
--> mj-transmissions.ads:111:92

 info: range check proved
--> mj-transmissions.ads:112:84

 info: division check proved
--> mj-transmissions.ads:112:91

 info: postcondition proved
--> mj-transmissions.ads:113:14

 info: range check proved
--> mj-transmissions.ads:113:43

 info: float overflow check proved
--> mj-transmissions.ads:113:50

 info: implicit aspect Always_Terminates on "Tail_Model" has been proved, subprogram will terminate
--> mj-transmissions.ads:115:13

 info: precondition proved
--> mj-transmissions.ads:116:29

 info: precondition proved
--> mj-transmissions.ads:116:34

 info: subprogram variant proved
--> mj-transmissions.ads:116:34

 info: range check proved
--> mj-transmissions.ads:116:68

 info: precondition proved
--> mj-transmissions.ads:117:08

 info: overflow check proved
--> mj-transmissions.ads:117:38

 info: overflow check proved
--> mj-transmissions.ads:117:44

 info: overflow check proved
--> mj-transmissions.ads:117:46

 info: index check proved
--> mj-transmissions.ads:117:46

 info: index check proved
--> mj-transmissions.ads:117:53

 info: overflow check proved
--> mj-transmissions.ads:117:67

 info: overflow check proved
--> mj-transmissions.ads:117:73

 info: overflow check proved
--> mj-transmissions.ads:117:75

 info: index check proved
--> mj-transmissions.ads:117:75

 info: range check proved
--> mj-transmissions.ads:117:88

 info: range check proved
--> mj-transmissions.ads:118:92

 info: range check proved
--> mj-transmissions.ads:119:69

 info: range check proved
--> mj-transmissions.ads:120:47

 info: float overflow check proved
--> mj-transmissions.ads:120:53

 medium: postcondition might fail
--> mj-transmissions.ads:121:14
  121 |         Post => abs Tail_Model'Result<=Real (First+N)*Step_Bound,
      |                 ^~~~~~~~~~~~~~~~~~~~~~~~~~~~~~~~~~~~~~~~~~~~~~~~
      + provers reached time limit before completing the proof

 info: range check proved
--> mj-transmissions.ads:121:48

 info: float overflow check proved
--> mj-transmissions.ads:121:51

 info: implicit aspect Always_Terminates on "Speed_Model" has been proved, subprogram will terminate
--> mj-transmissions.ads:123:13

 info: range check proved
--> mj-transmissions.ads:124:40

 info: division check proved
--> mj-transmissions.ads:124:47

 info: range check proved
--> mj-transmissions.ads:124:47

 info: precondition proved
--> mj-transmissions.ads:125:44

 info: precondition proved
--> mj-transmissions.ads:125:53

 info: precondition proved
--> mj-transmissions.ads:125:80

 info: precondition proved
--> mj-transmissions.ads:126:17

 info: precondition proved
--> mj-transmissions.ads:126:44

 info: precondition proved
--> mj-transmissions.ads:127:13

 info: range check proved
--> mj-transmissions.ads:127:41

 info: range check proved
--> mj-transmissions.ads:127:47

 info: division check proved
--> mj-transmissions.ads:127:55

 info: range check proved
--> mj-transmissions.ads:128:92

 info: range check proved
--> mj-transmissions.ads:131:75

 info: range check proved
--> mj-transmissions.ads:132:62

 info: division check proved
--> mj-transmissions.ads:132:69

 info: postcondition proved
--> mj-transmissions.ads:133:14

 info: precondition proved
--> mj-transmissions.ads:133:38

 info: range check proved
--> mj-transmissions.ads:133:63

 info: precondition proved
--> mj-transmissions.ads:134:08

 info: precondition proved
--> mj-transmissions.ads:134:18

 info: precondition proved
--> mj-transmissions.ads:134:45

 info: overflow check proved
--> mj-transmissions.ads:134:75

 info: overflow check proved
--> mj-transmissions.ads:134:79

 info: index check proved
--> mj-transmissions.ads:134:79

 info: index check proved
--> mj-transmissions.ads:134:86

 info: overflow check proved
--> mj-transmissions.ads:134:100

 info: overflow check proved
--> mj-transmissions.ads:134:104

 info: index check proved
--> mj-transmissions.ads:134:104

 info: range check proved
--> mj-transmissions.ads:136:75

 info: range check proved
--> mj-transmissions.ads:137:68

 info: range check proved
--> mj-transmissions.ads:138:46

 info: float overflow check proved
--> mj-transmissions.ads:138:52

 info: precondition proved
--> mj-transmissions.ads:139:14

 info: postcondition proved
--> mj-transmissions.ads:139:14

 info: range check proved
--> mj-transmissions.ads:139:48

 info: precondition proved
--> mj-transmissions.ads:139:52

 info: precondition proved
--> mj-transmissions.ads:139:57

 info: precondition proved
--> mj-transmissions.ads:140:08

 info: overflow check proved
--> mj-transmissions.ads:140:38

 info: overflow check proved
--> mj-transmissions.ads:140:44

 info: index check proved
--> mj-transmissions.ads:140:44

 info: index check proved
--> mj-transmissions.ads:140:51

 info: overflow check proved
--> mj-transmissions.ads:140:65

 info: overflow check proved
--> mj-transmissions.ads:140:71

 info: index check proved
--> mj-transmissions.ads:140:71

 info: range check proved
--> mj-transmissions.ads:140:82

 info: implicit aspect Always_Terminates on "Velocity" has been proved, subprogram will terminate
--> mj-transmissions.ads:141:13

 info: range check proved
--> mj-transmissions.ads:142:84

 medium: postcondition might fail
--> mj-transmissions.ads:144:36
  144 |       pragma Postcondition (Static => Velocity'Result=Speed_Model (Col,Val,Qvel));
      |                                       ^~~~~~~~~~~~~~~~~~~~~~~~~~~~~~~~~~~~~~~~~
      + provers reached time limit before completing the proof

 info: precondition proved
--> mj-transmissions.ads:144:52

 info: range check proved
--> mj-transmissions.ads:148:43

 info: postcondition proved
--> mj-transmissions.ads:150:14

 info: index check proved
--> mj-transmissions.ads:151:44

 info: index check proved
--> mj-transmissions.ads:151:69

 info: index check proved
--> mj-transmissions.ads:151:89

 info: index check proved
--> mj-transmissions.ads:153:23

 info: index check proved
--> mj-transmissions.ads:153:28

 info: index check proved
--> mj-transmissions.ads:153:49

 info: index check proved
--> mj-transmissions.ads:153:54

 info: float overflow check proved
--> mj-transmissions.ads:153:57

 info: index check proved
--> mj-transmissions.ads:153:63

 info: float overflow check proved
--> mj-transmissions.ads:153:65

 info: implicit aspect Always_Terminates on "Velocity" has been proved, subprogram will terminate
--> mj-transmissions.ads:154:13

 info: range check proved
--> mj-transmissions.ads:155:78

 info: postcondition proved
--> mj-transmissions.ads:157:36

 medium: precondition might fail, cannot prove Valid (Col,Val,V'Length)
--> mj-transmissions.ads:157:52
  157 |       pragma Postcondition (Static => Velocity'Result=Speed_Model
      |                                                       ^~~~~~~~~~~
  158 |         (R.Col (0 .. Integer (R.N)-1),R.Val (0 .. Integer (R.N)-1),Qvel));
      |         ~~~~~~~~~~~~~~~~~~~~~~~~~~~~~~~~~~~~~~~~~~~~~~~~~~~~~~~~~~~~~~~
      + provers reached time limit before completing the proof

 info: range check proved
--> mj-transmissions.ads:158:08

 info: range check proved
--> mj-transmissions.ads:158:37

 info: range check proved
--> mj-transmissions.ads:160:99

 info: postcondition proved
--> mj-transmissions.ads:162:14

 info: index check proved
--> mj-transmissions.ads:163:57

 info: index check proved
--> mj-transmissions.ads:163:82

 info: index check proved
--> mj-transmissions.ads:163:102

 info: index check proved
--> mj-transmissions.ads:165:24

 info: index check proved
--> mj-transmissions.ads:165:30

 info: index check proved
--> mj-transmissions.ads:165:52

 info: index check proved
--> mj-transmissions.ads:165:58

 info: float overflow check proved
--> mj-transmissions.ads:165:61

 info: index check proved
--> mj-transmissions.ads:165:69

 info: float overflow check proved
--> mj-transmissions.ads:165:71
gnatprove: unproved check messages considered as errors
