cube-aligned Ada/C 1.075 current/baseline 0.779
cube-rotated Ada/C 1.062 current/baseline 0.773
cube-margin Ada/C 0.966 current/baseline 0.768
cube-separated Ada/C 0.88 current/baseline 0.57
polytope-aligned Ada/C 1.377 current/baseline 1.032
polytope-rotated Ada/C 1.346 current/baseline 1.061
polytope-margin Ada/C 1.314 current/baseline 1.134
polytope-separated Ada/C 1.109 current/baseline 0.87
wide-face-aligned Ada/C 1.314 current/baseline 1.058
wide-face-rotated Ada/C 1.25 current/baseline 0.998
wide-face-margin Ada/C 1.267 current/baseline 1.082
wide-face-separated Ada/C 1.092 current/baseline 0.806
round-128-aligned Ada/C 1.28 current/baseline 0.806
round-128-rotated Ada/C 1.326 current/baseline 0.904
round-128-margin Ada/C 1.263 current/baseline 1.09
round-128-separated Ada/C 1.094 current/baseline 0.887
round-512-aligned Ada/C 1.331 current/baseline 0.677
round-512-rotated Ada/C 1.341 current/baseline 0.72
round-512-margin Ada/C 1.239 current/baseline 1.087
round-512-separated Ada/C 1.123 current/baseline 0.905
