cube-aligned Ada/C 1.07 current/baseline 0.778
cube-rotated Ada/C 1.062 current/baseline 0.797
cube-margin Ada/C 0.949 current/baseline 0.767
cube-separated Ada/C 1.088 current/baseline 0.713
polytope-aligned Ada/C 1.213 current/baseline 0.93
polytope-rotated Ada/C 1.185 current/baseline 0.943
polytope-margin Ada/C 1.108 current/baseline 0.979
polytope-separated Ada/C 1.21 current/baseline 0.92
wide-face-aligned Ada/C 1.22 current/baseline 1.011
wide-face-rotated Ada/C 1.12 current/baseline 0.926
wide-face-margin Ada/C 1.101 current/baseline 0.941
wide-face-separated Ada/C 1.284 current/baseline 0.955
round-128-aligned Ada/C 1.151 current/baseline 0.74
round-128-rotated Ada/C 1.19 current/baseline 0.801
round-128-margin Ada/C 1.099 current/baseline 0.951
round-128-separated Ada/C 1.188 current/baseline 0.962
round-512-aligned Ada/C 1.178 current/baseline 0.599
round-512-rotated Ada/C 1.182 current/baseline 0.643
round-512-margin Ada/C 1.119 current/baseline 0.935
round-512-separated Ada/C 1.188 current/baseline 0.923
