Phase 1 of 3: generation of data representation information ...
Phase 2 of 3: generation of Global contracts ...
Phase 3 of 3: flow analysis and proof ...
Success: all checks proved (9 checks).
Summary logged in /var/tmp/sparkling-services-prepare-compose-min2-r16-20261003/Prepare/validation/obj/gnatprove/gnatprove.out
guarded: elapsed 98.9 s, peak group RSS 475 MB
 info: precondition proved
--> mj-data-controller_dynamics.adb:160:07

 info: precondition proved
--> mj-data-controller_dynamics.adb:165:10

 info: precondition proved
--> mj-data-controller_dynamics.adb:166:27

 info: precondition proved
--> mj-data-controller_dynamics.adb:167:27

 info: precondition proved
--> mj-data-controller_dynamics.adb:174:10

 info: precondition proved
--> mj-data-controller_dynamics.adb:175:27

 info: precondition proved
--> mj-data-controller_dynamics.adb:176:27

 info: initialization of "Result" proved
--> mj-data-controller_dynamics.ads:4:67

 info: postcondition proved
--> mj-data-controller_dynamics.ads:6:36
