Setup
   [mkdir]        object directory for project Solvers
   [mkdir]        exec directory for project Solvers
Compile
   [Ada]          solvers_probe.adb
   [Ada]          cholesky_edges.adb
   [Ada]          mj.ads
   [Ada]          mj-constraint_solvers.adb
   [Ada]          mj-constraint_solvers-cholesky.adb
   [Ada]          mj-types.ads
   [Ada]          mj-quaternion_math.ads
   [Ada]          mj-constraint_order.adb
   [Ada]          mj-constraint_scalar.adb
Bind
   [gprbind]      solvers_probe.bexch
   [gprbind]      cholesky_edges.bexch
   [Ada]          solvers_probe.ali
   [Ada]          cholesky_edges.ali
Link
   [link]         solvers_probe.adb
   [link]         cholesky_edges.adb
guarded: elapsed 3.1 s, peak group RSS 147 MB
