create SUCCESS
reset_qpos 0.00000000000000000E+00 0.00000000000000000E+00 0.00000000000000000E+00 0.00000000000000000E+00 0.00000000000000000E+00
reset_qvel 0.00000000000000000E+00 0.00000000000000000E+00 0.00000000000000000E+00 0.00000000000000000E+00 0.00000000000000000E+00
forward SUCCESS
forward_clamped -1.00000000000000000E+00
qacc 6.85190084887529594E+00 5.47353951079332290E+00 -8.47801688300859091E+00 -4.78572257339281038E+00 -4.65881792260567718E+00
mass 5.20939339489721132E+00 -4.10367349463744713E+00 1.72720290830412226E+00 2.43843820661582855E+00 -1.83844347650248985E-01 -4.10367349463744713E+00 9.25000000000000355E+00 1.22244271771352953E+00 -2.24619470209477834E+00 2.03938916496843259E+00 1.72720290830412226E+00 1.22244271771352953E+00 3.03407648875723757E+00 5.40104956831394256E-03 6.29526908536425012E-01 2.43843820661582855E+00 -2.24619470209477834E+00 5.40104956831394256E-03 2.34623708086785099E+00 0.00000000000000000E+00 -1.83844347650248985E-01 2.03938916496843259E+00 6.29526908536425012E-01 0.00000000000000000E+00 2.31999999999999940E+00
gravity -1.21944900779792729E+01 1.32615908880967535E+01 -1.00124361067299432E+01 -6.96746713396234796E+00 -6.26332095543248624E+00
bias -6.86126502921958342E-03 1.32339418606177775E-02 3.48735629484379830E-03 -5.13428991332096161E-03 -2.02246723065132444E-03
passive -9.08575132194850733E-03 -1.68863467976995018E-04 -9.51462912335847809E-03 9.08219503778567513E-03 0.00000000000000000E+00
actuation -7.89927083425938231E-02 1.29447981582051647E-01 -1.50968139280769686E-01 0.00000000000000000E+00 0.00000000000000000E+00
tendon_length
tendon_velocity
tendon_force
length -2.50700530227520139E-02 2.83363328534613733E-02 7.26148173154181759E-02
velocity -1.04486140202407818E-01 -1.18204427583896488E-03 3.17154304111949281E-02
force 3.43446558011277492E-02 -1.84925687974359487E-01 -1.50968139280769686E-01
position 0.00000000000000000E+00 0.00000000000000000E+00 0.00000000000000000E+00
quaternion 1.00000000000000000E+00 0.00000000000000000E+00 0.00000000000000000E+00 0.00000000000000000E+00
position 2.39264577477952267E-01 1.25389932474874483E-01 9.15806580974862672E-01
quaternion 9.11557347064448797E-01 1.12997401487139978E-01 -3.12898282642835313E-01 2.41639100704217485E-01
position 5.64894553853399484E-01 6.60596291100067901E-02 1.23273722573544520E+00
quaternion 9.09508320551468352E-01 1.14562593791594836E-01 -3.18805186776593641E-01 2.40900975165587228E-01
position 3.20824528724653613E-01 1.29315250335562348E-01 1.61539706059798016E+00
quaternion 9.09508320551468352E-01 1.14562593791594836E-01 -3.18805186776593641E-01 2.40900975165587228E-01
position -1.02654877953757467E-01 1.46808464373544278E-01 8.11777563695336490E-01
quaternion 7.11548050994273429E-01 -3.01838863445643812E-01 -2.64623427506634978E-01 5.76686321369540900E-01
unchanged_qpos 1.09000230533704418E-02 -4.04804755049448239E-02 7.26148173154181759E-02 -1.29745643396938226E-02 -1.92178676176970389E-02
unchanged_qvel 4.54287566097425349E-02 1.68863467976995002E-03 3.17154304111949281E-02 2.12529465645669435E-02 -4.20540887318503476E-02
unchanged_time 1.25000000000000000E-01
step SUCCESS
step_clamped -1.00000000000000000E+00
qpos 1.14839467537983950E-01 4.78548721175571304E-02 -5.14190003220755254E-02 -7.62424109509884096E-02 -1.16413615191468103E-01
qvel 6.62610693305863752E-01 7.06805928157256846E-01 -9.79251758563531416E-01 -4.42489458403528768E-01 -8.82856588448311719E-01
time 3.25000000000000178E-01
reset_qpos 0.00000000000000000E+00 0.00000000000000000E+00 0.00000000000000000E+00 0.00000000000000000E+00 0.00000000000000000E+00
reset_qvel 0.00000000000000000E+00 0.00000000000000000E+00 0.00000000000000000E+00 0.00000000000000000E+00 0.00000000000000000E+00
forward SUCCESS
forward_clamped -1.00000000000000000E+00
qacc 1.18188322007819657E+00 2.77767943376018955E+00 -3.69568127301393101E+00 -1.61448716834838235E+00 -4.24285145908975458E+00
mass 5.18947495105113354E+00 -4.27604590077184543E+00 1.72402608564663162E+00 2.38443676395136972E+00 -2.15730319466994835E-01 -4.27604590077184543E+00 9.25000000000000355E+00 1.02905945815931288E+00 -2.31133187604142343E+00 1.97970451592736407E+00 1.72402608564663162E+00 1.02905945815931288E+00 2.97244717826546401E+00 2.96624145912705584E-02 6.29526908536425234E-01 2.38443676395136972E+00 -2.31133187604142343E+00 2.96624145912705584E-02 2.34623708086784966E+00 0.00000000000000000E+00 -2.15730319466994835E-01 1.97970451592736407E+00 6.29526908536425234E-01 0.00000000000000000E+00 2.31999999999999984E+00
gravity -1.51943979681836137E+01 1.21334216238458321E+01 -8.81581946904455371E+00 -7.51154785495677135E+00 -6.87039544357680132E+00
bias 1.58520992414948499E-04 4.54615694123135174E-04 2.05476927420634222E-04 -4.19454988641412659E-05 -2.91037509536332573E-05
passive 4.46715625937751969E-04 -3.06429677167502400E-04 -2.41647987748318466E-03 5.43769603031753895E-02 -0.00000000000000000E+00
actuation 6.82615953635709455E-02 4.32752189559281464E-02 -1.64133004623666576E-02 0.00000000000000000E+00 0.00000000000000000E+00
tendon_length
tendon_velocity
tendon_force
length -1.12640237248472247E-01 -2.21669797748875672E-02 8.76657624109544731E-05
velocity 5.13722969828414675E-03 -2.14500774017251615E-03 8.05493292494394858E-03
force -2.96789545059004123E-02 -6.18217413656116377E-02 -1.64133004623666576E-02
position 0.00000000000000000E+00 0.00000000000000000E+00 0.00000000000000000E+00
quaternion 1.00000000000000000E+00 0.00000000000000000E+00 0.00000000000000000E+00 0.00000000000000000E+00
position 1.78674427601156594E-01 9.68673021392283257E-02 9.01752704649600667E-01
quaternion 9.22418541479972820E-01 9.98954230428259760E-02 -2.96296828080766905E-01 2.26656410582914941E-01
position 5.12677235635083717E-01 3.31263014954892160E-02 1.20896469833211695E+00
quaternion 9.10217370481849475E-01 1.08621358588695593E-01 -3.31891721002304296E-01 2.22606434007604770E-01
position 2.62936741760713688E-01 1.03699130663830616E-01 1.58665393765799689E+00
quaternion 9.10217370481849475E-01 1.08621358588695593E-01 -3.31891721002304296E-01 2.22606434007604770E-01
position -2.51186883547484086E-01 1.48973130086626826E-01 8.36893451971990721E-01
quaternion 7.22682048913246389E-01 -3.05669299770471137E-01 -2.39590001296767802E-01 5.71746068316168365E-01
unchanged_qpos 4.89740161949879377E-02 3.16671139641250959E-02 8.76657624109544731E-05 -7.76813718616791299E-02 7.31392496303149703E-02
unchanged_qvel -2.23357812968875968E-03 3.06429677167502357E-03 8.05493292494394858E-03 -6.95865679016190175E-03 3.41763879779678759E-02
unchanged_time 1.25000000000000000E-01
step SUCCESS
step_clamped -1.00000000000000000E+00
qpos 4.97910095586928184E-02 3.40814280454385249E-02 -2.60972774480992516E-03 -7.92693145519826198E-02 7.09466729353694925E-02
qvel 3.85048769799506072E-02 1.10999155296457819E-01 -1.33504223078879797E-01 -6.80101475725569532E-02 -1.35140568406012601E-01
time 1.65000000000000036E-01
reset_qpos 0.00000000000000000E+00 0.00000000000000000E+00 0.00000000000000000E+00 0.00000000000000000E+00 0.00000000000000000E+00
reset_qvel 0.00000000000000000E+00 0.00000000000000000E+00 0.00000000000000000E+00 0.00000000000000000E+00 0.00000000000000000E+00
forward SUCCESS
forward_clamped -1.00000000000000000E+00
qacc 4.09621362121061239E+00 4.58479873237414193E+00 -6.44412850224511757E+00 -1.55227367541094985E+00 -4.72301159471833909E+00
mass 5.57086033888137955E+00 -4.31903617180531008E+00 2.06599245937609943E+00 2.44584812570853671E+00 -2.11931425002919338E-01 -4.31903617180531008E+00 9.25000000000000355E+00 8.92940720233489582E-01 -2.38268048092224216E+00 1.92851494807206070E+00 2.06599245937609943E+00 8.92940720233489582E-01 3.19876669873389874E+00 -2.21104328676072770E-02 6.29526908536425012E-01 2.44584812570853671E+00 -2.38268048092224216E+00 -2.21104328676072770E-02 2.34623708086785010E+00 0.00000000000000000E+00 -2.11931425002919338E-01 1.92851494807206070E+00 6.29526908536425012E-01 0.00000000000000000E+00 2.31999999999999895E+00
gravity -1.31042189258799500E+01 1.35335603942514737E+01 -1.09712025428093423E+01 -4.46313850427505976E+00 -7.01008580110517432E+00
bias -1.57335712839047626E-03 5.37962680416908482E-03 1.14598267984558351E-03 -1.54045419181478966E-03 -4.90716353407060976E-04
passive 3.68117796446594710E-03 -7.63411028704478328E-04 -1.35768606526544284E-02 -3.72544876830868052E-02 0.00000000000000000E+00
actuation 9.70406085283720271E-02 -5.31983714779995509E-02 -4.79732427656724275E-02 0.00000000000000000E+00 0.00000000000000000E+00
tendon_length
tendon_velocity
tendon_force
length -3.30466386216031862E-03 1.74399367546144157E-02 -5.36806828261669061E-02
velocity 4.23335465913583855E-02 -5.34387720093134830E-03 4.52562021755147648E-02
force -4.21915689253791470E-02 7.59976735399993664E-02 -4.79732427656724275E-02
position 0.00000000000000000E+00 0.00000000000000000E+00 0.00000000000000000E+00
quaternion 1.00000000000000000E+00 0.00000000000000000E+00 0.00000000000000000E+00 0.00000000000000000E+00
position 2.25781063641745466E-01 8.23615445399556584E-02 8.97615004034892694E-01
quaternion 9.31132770106832486E-01 9.43759077792773321E-02 -3.01471602459454480E-01 1.82208192391403373E-01
position 5.53054966749302879E-01 -1.63905295466053591E-02 1.20280317583771268E+00
quaternion 9.38824434665639806E-01 8.94944441946565056E-02 -2.76590027895143808E-01 1.84654763821556600E-01
position 3.57175290761591491E-01 8.84132524007668064E-02 1.60361150886545412E+00
quaternion 9.38824434665639806E-01 8.94944441946565056E-02 -2.76590027895143808E-01 1.84654763821556600E-01
position -9.51046034959318332E-02 1.40107664477578858E-01 7.99485274532252155E-01
quaternion 7.50522295801887229E-01 -3.09531793782007625E-01 -2.29613989205091101E-01 5.36827503117790594E-01
unchanged_qpos 1.43681037485231256E-03 -2.49141953637348826E-02 -5.36806828261669061E-02 5.32206966901240114E-02 -4.05743191995549812E-02
unchanged_qvel -1.84058898223297338E-02 7.63411028704478328E-03 4.52562021755147648E-02 -7.92187402921568085E-03 3.01463580757292265E-02
unchanged_time 1.25000000000000000E-01
step SUCCESS
step_clamped -1.00000000000000000E+00
qpos 3.97755573482425767E-03 -2.08259566234279443E-02 -5.71175317255886855E-02 5.17065537090114283E-02 -4.33379181610837189E-02
qvel 1.33074995050800449E-01 1.85789468604356522E-01 -2.00092194873818213E-01 -6.18603313173189326E-02 -1.58816005827175588E-01
time 1.65000000000000036E-01
reset_qpos 0.00000000000000000E+00 0.00000000000000000E+00 0.00000000000000000E+00 0.00000000000000000E+00 0.00000000000000000E+00
reset_qvel 0.00000000000000000E+00 0.00000000000000000E+00 0.00000000000000000E+00 0.00000000000000000E+00 0.00000000000000000E+00
forward SUCCESS
forward_clamped -1.00000000000000000E+00
qacc 2.03983820908367131E+00 3.27475895612026724E+00 -4.36404049522605497E+00 -1.05314670299662927E+00 -4.48950930658089042E+00
mass 5.43977909062218767E+00 -4.36846344368136297E+00 1.94165943627338633E+00 2.42145308137226500E+00 -2.22155605808153300E-01 -4.36846344368136297E+00 9.25000000000000000E+00 8.71318467146264153E-01 -2.38466977283163928E+00 1.92046228916140982E+00 1.94165943627338633E+00 8.71318467146264153E-01 3.05599146691880907E+00 8.82546349096602345E-03 6.29526908536425234E-01 2.42145308137226500E+00 -2.38466977283163928E+00 8.82546349096602345E-03 2.34623708086785010E+00 0.00000000000000000E+00 -2.22155605808153300E-01 1.92046228916140982E+00 6.29526908536425234E-01 0.00000000000000000E+00 2.32000000000000028E+00
gravity -1.34115168665194737E+01 1.14578704168330905E+01 -9.37189835409663807E+00 -5.43175595543658929E+00 -7.28910980141058751E+00
bias -1.38740463631905502E-03 3.11958714538652883E-03 -1.10313979444104284E-04 -1.54420676704922861E-03 -9.97943532872170701E-04
passive -6.31862402527020878E-03 -1.22435067967953826E-03 1.34072787806091137E-02 1.51876945728504544E-02 0.00000000000000000E+00
actuation 8.74819759783337925E-02 4.11142834160029436E-03 -7.92475526508292644E-03 0.00000000000000000E+00 0.00000000000000000E+00
tendon_length
tendon_velocity
tendon_force
length -1.63191881002474337E-01 -9.15209243379644290E-04 -6.16232856139886931E-02
velocity -7.26641762906073962E-02 -8.57045475775676524E-03 -4.46909292686970480E-02
force -3.80356417297103497E-02 -5.87346905942899219E-03 -7.92475526508292644E-03
position 0.00000000000000000E+00 0.00000000000000000E+00 0.00000000000000000E+00
quaternion 1.00000000000000000E+00 0.00000000000000000E+00 0.00000000000000000E+00 0.00000000000000000E+00
position 2.15186671347673553E-01 7.74644652590872201E-02 9.01904780086811853E-01
quaternion 9.31244168083790846E-01 8.86612965325541541E-02 -2.84790846223582639E-01 2.09326653377802124E-01
position 5.53991424125329868E-01 5.44736818193154726E-03 1.20194623926179123E+00
quaternion 9.28099919954648911E-01 9.09268843956473199E-02 -2.94876355890040798E-01 2.08352525809706951E-01
position 3.36061294714550318E-01 1.01425959551258507E-01 1.59347474230309039E+00
quaternion 9.28099919954648911E-01 9.09268843956473199E-02 -2.94876355890040798E-01 2.08352525809706951E-01
position -1.71940593525635954E-01 1.33711285754043313E-01 8.31802238537231564E-01
quaternion 7.34290608792913968E-01 -3.09605958998966868E-01 -2.19394997986359308E-01 5.62874130556226038E-01
unchanged_qpos 7.09529917402062366E-02 1.30744177625663482E-03 -6.16232856139886931E-02 -2.16967065326435088E-02 2.71525188001506407E-02
unchanged_qvel 3.15931201263510431E-02 1.22435067967953809E-02 -4.46909292686970480E-02 1.05907417571733040E-02 -2.91666035708700207E-02
unchanged_time 1.25000000000000000E-01
step SUCCESS
step_clamped -1.00000000000000000E+00
qpos 7.38026238453925731E-02 4.48937431183978226E-03 -6.69527057467298042E-02 -2.20750393144337441E-02 2.22179466224434047E-02
qvel 1.03619477792198919E-01 1.38804740838825685E-01 -2.10065758784060308E-01 -2.53256285221663199E-02 -2.08438444153562774E-01
time 1.65000000000000036E-01
reset_qpos 0.00000000000000000E+00 0.00000000000000000E+00 0.00000000000000000E+00 0.00000000000000000E+00 0.00000000000000000E+00
reset_qvel 0.00000000000000000E+00 0.00000000000000000E+00 0.00000000000000000E+00 0.00000000000000000E+00 0.00000000000000000E+00
forward SUCCESS
forward_clamped -1.00000000000000000E+00
qacc 6.57944183225530654E+00 5.54952082145018899E+00 -8.68863959403758734E+00 -3.94890286815690761E+00 -4.63850280251473457E+00
mass 5.66329763824155386E+00 -4.30668329287341400E+00 2.07513784582864425E+00 2.47771189221722477E+00 -1.96337459081732224E-01 -4.30668329287341400E+00 9.25000000000000355E+00 9.21782061618667048E-01 -2.36835026471966748E+00 1.94354238704248239E+00 2.07513784582864425E+00 9.21782061618667048E-01 3.11837082074314420E+00 -8.79340305976389347E-03 6.29526908536425123E-01 2.47771189221722477E+00 -2.36835026471966748E+00 -8.79340305976389347E-03 2.34623708086785010E+00 0.00000000000000000E+00 -1.96337459081732224E-01 1.94354238704248239E+00 6.29526908536425123E-01 0.00000000000000000E+00 2.31999999999999984E+00
gravity -1.35887226673657420E+01 1.51417721007669499E+01 -1.12097621899890232E+01 -6.01117235169697128E+00 -6.73502140476476097E+00
bias -2.73341255061322619E-04 2.83892260019326685E-03 6.83791901598620414E-04 -8.24377607353076088E-04 -2.63900228330121375E-04
passive 4.20183562082606255E-03 3.34778900953099816E-04 2.15573178564024267E-03 -1.53842145468735744E-02 0.00000000000000000E+00
actuation -1.29521301718644351E-02 1.76341907483526905E-01 -9.69085420892856209E-02 0.00000000000000000E+00 0.00000000000000000E+00
tendon_length
tendon_velocity
tendon_force
length 1.31551004687260470E-01 4.74867133004200637E-02 -3.85145164841562068E-02
velocity 4.83211096394997111E-02 2.34345230667169823E-03 -7.18577261880080920E-03
force 5.63136094428888512E-03 -2.51917010690752730E-01 -9.69085420892856209E-02
position 0.00000000000000000E+00 0.00000000000000000E+00 0.00000000000000000E+00
quaternion 1.00000000000000000E+00 0.00000000000000000E+00 0.00000000000000000E+00 0.00000000000000000E+00
position 2.55546156962646598E-01 8.70489765737099824E-02 8.99352855023033970E-01
quaternion 9.29134967333468786E-01 1.00193654229932594E-01 -3.16404161853767962E-01 1.62965795466107649E-01
position 5.71927358547855036E-01 -3.14712487196484314E-02 1.20895888125623152E+00
quaternion 9.32555678660751175E-01 9.83968547771653934E-02 -3.06175255952758241E-01 1.64056934659312509E-01
position 3.59041972436285051E-01 6.48706367972324699E-02 1.60316447923167882E+00
quaternion 9.32555678660751175E-01 9.83968547771653934E-02 -3.06175255952758241E-01 1.64056934659312509E-01
position -6.96864585048270341E-02 1.61804920742152164E-01 7.98600419117577842E-01
quaternion 7.61225929027229742E-01 -3.09025974223866795E-01 -2.40527849983626696E-01 5.16898815643714760E-01
unchanged_qpos -5.71960889944610751E-02 -6.78381618577429540E-02 -3.85145164841562068E-02 2.19774493526765369E-02 -3.06478158127665018E-02
unchanged_qvel -2.10091781041303119E-02 -3.34778900953099784E-03 -7.18577261880080920E-03 5.24094342654133488E-03 -4.75556658550890937E-02
unchanged_time 1.25000000000000000E-01
step SUCCESS
step_clamped -1.00000000000000000E+00
qpos -5.27356459481427148E-02 -6.34130935594925116E-02 -4.58697677013111815E-02 1.90210193982162691E-02 -3.64392500294984933E-02
qvel 2.25367695897488562E-01 2.10885266244354636E-01 -3.37647086611852498E-01 -1.41349496192361535E-01 -2.32400418752188059E-01
time 1.65000000000000036E-01
reset_qpos 0.00000000000000000E+00 0.00000000000000000E+00 0.00000000000000000E+00 0.00000000000000000E+00 0.00000000000000000E+00
reset_qvel 0.00000000000000000E+00 0.00000000000000000E+00 0.00000000000000000E+00 0.00000000000000000E+00 0.00000000000000000E+00
forward SUCCESS
forward_clamped -1.00000000000000000E+00
qacc 1.37775007611258649E+00 3.72543391947016733E+00 -4.36918268049521163E+00 2.49297335949282939E-01 -4.72617681702027781E+00
mass 5.45556879508864156E+00 -4.30765139917949647E+00 2.00398111507044785E+00 2.40237955750831844E+00 -2.31547430413170552E-01 -4.30765139917949647E+00 9.25000000000000355E+00 9.45561988244945750E-01 -2.38748554765910548E+00 1.92288910333023533E+00 2.00398111507044785E+00 9.45561988244945750E-01 3.26446532227119635E+00 -2.26717853895494481E-02 6.29526908536425234E-01 2.40237955750831844E+00 -2.38748554765910548E+00 -2.26717853895494481E-02 2.34623708086784966E+00 0.00000000000000000E+00 -2.31547430413170552E-01 1.92288910333023533E+00 6.29526908536425234E-01 0.00000000000000000E+00 2.31999999999999940E+00
gravity -1.58296664790736941E+01 1.46898888796948359E+01 -1.09773156863079020E+01 -4.85522306562549666E+00 -6.92050276914478157E+00
bias 3.77956493389044936E-04 1.15088259193130409E-02 7.54818401060669900E-03 -2.82484081064169387E-03 -1.14662172574542557E-03
passive 6.49050286749806079E-03 -1.28569054028333102E-03 8.40033297933484926E-03 -3.81557977785970254E-02 0.00000000000000000E+00
actuation 1.35278627856603828E-01 2.92196179698916286E-02 3.61499903986834820E-02 0.00000000000000000E+00 0.00000000000000000E+00
tendon_length
tendon_velocity
tendon_force
length 9.25027600903896574E-02 -2.13892917781131064E-02 -5.92425942783742498E-02
velocity 7.46407829762276848E-02 -8.99983378198331713E-03 -2.80011099311161665E-02
force -5.88167947202625357E-02 -4.17423113855594705E-02 3.61499903986834820E-02
position 0.00000000000000000E+00 0.00000000000000000E+00 0.00000000000000000E+00
quaternion 1.00000000000000000E+00 0.00000000000000000E+00 0.00000000000000000E+00 0.00000000000000000E+00
position 1.62055559025035573E-01 8.18199148801841969E-02 8.82683078655858711E-01
quaternion 9.31961497656615290E-01 9.61587085764357002E-02 -3.10133809338240252E-01 1.61301859740993231E-01
position 4.81649780872713151E-01 -3.55984001481808865E-02 1.18939544009158094E+00
quaternion 9.40066778368576217E-01 9.17273985503272021E-02 -2.84621968612289333E-01 1.63862355488319400E-01
position 2.85991606214178962E-01 6.95875047540702729E-02 1.59021186203457598E+00
quaternion 9.40066778368576217E-01 9.17273985503272021E-02 -2.84621968612289333E-01 1.63862355488319400E-01
position -2.15849779746085824E-01 1.76485023884226766E-01 8.03107371422153271E-01
quaternion 7.62672300427342131E-01 -3.09880841697716902E-01 -2.32617031981452033E-01 5.17874639793956981E-01
unchanged_qpos -4.02185913436476777E-02 3.05561311115901540E-02 -5.92425942783742498E-02 5.45082825408528954E-02 2.73858906377442007E-02
unchanged_qvel -3.24525143374903013E-02 1.28569054028333102E-02 -2.80011099311161665E-02 -3.20636289132037247E-02 -6.47282861522299052E-03
unchanged_time 1.25000000000000000E-01
step SUCCESS
step_clamped -1.00000000000000000E+00
qpos -4.04764786019375933E-02 3.41451980172470040E-02 -6.39248190296409780E-02 5.35046056599785547E-02 2.31620088786694406E-02
qvel 1.38156843496137754E-02 1.57743818191234064E-01 -1.94720482749665802E-01 -1.67606327150584371E-02 -1.95103715091336033E-01
time 1.65000000000000036E-01
reset_qpos 0.00000000000000000E+00 0.00000000000000000E+00 0.00000000000000000E+00 0.00000000000000000E+00 0.00000000000000000E+00
reset_qvel 0.00000000000000000E+00 0.00000000000000000E+00 0.00000000000000000E+00 0.00000000000000000E+00 0.00000000000000000E+00
forward SUCCESS
forward_clamped -1.00000000000000000E+00
qacc -1.15456710905236168E-01 2.54645786195755486E+00 -3.05177756219288909E+00 -8.56953018090015561E-01 -4.15643404187715326E+00
mass 5.18937406129096068E+00 -4.30703833244373335E+00 1.71694326074353709E+00 2.36852112622680488E+00 -2.29882557999148668E-01 -4.30703833244373335E+00 9.25000000000000178E+00 9.87743262603218430E-01 -2.33368906987286096E+00 1.96132948199398882E+00 1.71694326074353709E+00 9.87743262603218430E-01 2.99247344521119452E+00 2.76638100385306895E-02 6.29526908536425234E-01 2.36852112622680488E+00 -2.33368906987286096E+00 2.76638100385306895E-02 2.34623708086785099E+00 0.00000000000000000E+00 -2.29882557999148668E-01 1.96132948199398882E+00 6.29526908536425234E-01 0.00000000000000000E+00 2.31999999999999984E+00
gravity -1.81216715559801571E+01 1.50269360388584303E+01 -9.60694216224875852E+00 -8.36714318421823755E+00 -6.62242935680645406E+00
bias 5.72909028278193290E-04 1.81520240337310112E-03 2.39286636695097005E-03 -2.29190615096253113E-04 -4.79037686622366848E-04
passive 5.61354268379008793E-03 -2.14896207479423887E-03 3.58650783192652166E-03 5.04483031697800025E-02 0.00000000000000000E+00
actuation 2.05364343946982442E-01 -1.86837847623512687E-01 7.19265269615531888E-02 0.00000000000000000E+00 0.00000000000000000E+00
tendon_length
tendon_velocity
tendon_force
length 1.21534012744458242E-01 -4.36877475717330210E-02 -1.99286626194639313E-02
velocity 6.45557408635860086E-02 -1.50427345235596716E-02 -1.19550261064217400E-02
force -8.92888451943402023E-02 2.66911210890732442E-01 7.19265269615531888E-02
position 0.00000000000000000E+00 0.00000000000000000E+00 0.00000000000000000E+00
quaternion 1.00000000000000000E+00 0.00000000000000000E+00 0.00000000000000000E+00 0.00000000000000000E+00
position 1.28047966155197979E-01 9.67165671830526041E-02 8.80491320066729033E-01
quaternion 9.26604200981454129E-01 1.02606157073873300E-01 -3.17651034269413601E-01 1.73131313405820969E-01
position 4.45239034035550429E-01 -1.48315698232334703E-02 1.19185419451926933E+00
quaternion 9.14558755172080073E-01 1.08776898634838984E-01 -3.50827319613228883E-01 1.69322359641244424E-01
position 1.95735129963555854E-01 6.51974881784221638E-02 1.56781051076917710E+00
quaternion 9.14558755172080073E-01 1.08776898634838984E-01 -3.50827319613228883E-01 1.69322359641244424E-01
position -2.97112811912150332E-01 1.97548755799653170E-01 8.10010859045559251E-01
quaternion 7.54974219078075270E-01 -3.08213691481320606E-01 -2.45456963268453121E-01 5.24184250139144270E-01
unchanged_qpos -5.28408751062861975E-02 6.24110679596186074E-02 -1.99286626194639313E-02 -7.20690045282571523E-02 7.84790918395833897E-02
unchanged_qvel -2.80677134189504379E-02 2.14896207479423895E-02 -1.19550261064217400E-02 2.12179390683730484E-02 -2.76799878282207763E-02
unchanged_time 1.25000000000000000E-01
step SUCCESS
step_clamped -1.00000000000000000E+00
qpos -5.41314592974182773E-02 6.53764496542589280E-02 -2.29083764136323760E-02 -7.18989148139570489E-02 7.38850666633239228E-02
qvel -3.80361723204837021E-02 1.20817665718951001E-01 -1.29472941904798633E-01 -9.95486606588863454E-03 -1.93543009674479211E-01
time 1.65000000000000036E-01
reset_qpos 0.00000000000000000E+00 0.00000000000000000E+00 0.00000000000000000E+00 0.00000000000000000E+00 0.00000000000000000E+00
reset_qvel 0.00000000000000000E+00 0.00000000000000000E+00 0.00000000000000000E+00 0.00000000000000000E+00 0.00000000000000000E+00
forward SUCCESS
forward_clamped -1.00000000000000000E+00
qacc 1.03041333786479661E+00 3.30069658278301192E+00 -3.99201355656669765E+00 -2.43278632102108539E-02 -4.50660255094469964E+00
mass 5.16779303607153118E+00 -4.15720664169185383E+00 1.75741392342073999E+00 2.37641747178154317E+00 -2.12808309871009183E-01 -4.15720664169185383E+00 9.25000000000000178E+00 1.17014430225060728E+00 -2.30864406839687808E+00 1.99895206176038531E+00 1.75741392342073999E+00 1.17014430225060728E+00 3.20270651108253679E+00 -1.18847057898970321E-02 6.29526908536425234E-01 2.37641747178154317E+00 -2.30864406839687808E+00 -1.18847057898970321E-02 2.34623708086785054E+00 0.00000000000000000E+00 -2.12808309871009183E-01 1.99895206176038531E+00 6.29526908536425234E-01 0.00000000000000000E+00 2.31999999999999984E+00
gravity -1.44590265181941575E+01 1.25770746445615504E+01 -9.92475739364043541E+00 -5.26672657254008314E+00 -6.68034504822326891E+00
bias -5.58642076084892979E-03 1.16951207138729606E-02 -2.11131777887758280E-03 -6.42526299162948008E-03 -2.37875240222557276E-03
passive -5.84881697050684823E-03 -4.59818393433943963E-03 -1.07855674112640482E-02 -2.05480467122770363E-02 -0.00000000000000000E+00
actuation -1.28199898157191822E-01 -2.44093955606443508E-02 -8.31565514540648226E-02 0.00000000000000000E+00 0.00000000000000000E+00
tendon_length
tendon_velocity
tendon_force
length -7.86997129515923516E-02 -3.49701582629323646E-02 2.20811454211232716E-02
velocity -6.72613951608287547E-02 -3.21872875403760722E-02 3.59518913708801596E-02
force 5.57390861553007932E-02 3.48705650866347888E-02 -8.31565514540648226E-02
position 0.00000000000000000E+00 0.00000000000000000E+00 0.00000000000000000E+00
quaternion 1.00000000000000000E+00 0.00000000000000000E+00 0.00000000000000000E+00 0.00000000000000000E+00
position 1.56733079717908008E-01 1.04043786740574060E-01 8.99747049552408473E-01
quaternion 9.19292208205986339E-01 1.04141941274102479E-01 -3.02070350756063366E-01 2.29803818927214243E-01
position 4.87822326479347534E-01 4.03140972624369681E-02 1.21009916789214644E+00
quaternion 9.23626573841729859E-01 1.00757974321516064E-01 -2.88545686101035315E-01 2.31307522005868210E-01
position 2.68822039914468069E-01 1.23921236458895648E-01 1.60386143215814325E+00
quaternion 9.23626573841729859E-01 1.00757974321516064E-01 -2.88545686101035315E-01 2.31307522005868210E-01
position -2.38468186212184297E-01 1.45312786341663391E-01 8.19623394391157833E-01
quaternion 7.20266801797764700E-01 -3.04505530161235827E-01 -2.47576743760320239E-01 5.72012125988847431E-01
unchanged_qpos 3.42172665006923310E-02 4.99573689470462351E-02 2.20811454211232716E-02 2.93543524461100519E-02 3.62767697371593895E-02
unchanged_qvel 2.92440848525342412E-02 4.59818393433943928E-02 3.59518913708801596E-02 1.33913305573590824E-03 3.53190478251396989E-02
unchanged_time 1.25000000000000000E-01
step SUCCESS
step_clamped -1.00000000000000000E+00
qpos 3.61474240934431881E-02 5.45227164956039526E-02 2.02655159147259491E-02 2.94523943456364914E-02 3.39068023449853526E-02
qvel 6.25482175135486790E-02 1.74487038082751622E-01 -1.16371191235043012E-01 5.30355033401659366E-03 -1.44674477775415755E-01
time 1.65000000000000036E-01
reset_qpos 0.00000000000000000E+00 0.00000000000000000E+00 0.00000000000000000E+00 0.00000000000000000E+00 0.00000000000000000E+00
reset_qvel 0.00000000000000000E+00 0.00000000000000000E+00 0.00000000000000000E+00 0.00000000000000000E+00 0.00000000000000000E+00
forward SUCCESS
forward_clamped -1.00000000000000000E+00
qacc 4.07520778499236602E+00 4.39370024600314935E+00 -6.24551176814363629E+00 -1.76491099133481999E+00 -4.67787271115891912E+00
mass 5.52909146235572191E+00 -4.33306691128959720E+00 2.02780066418216620E+00 2.44126205586200840E+00 -2.13677162243208874E-01 -4.33306691128959720E+00 9.25000000000000000E+00 8.78332732500019420E-01 -2.38341655144482223E+00 1.92767201768081775E+00 2.02780066418216620E+00 8.78332732500019420E-01 3.15266051123284230E+00 -1.48113234432793450E-02 6.29526908536425678E-01 2.44126205586200840E+00 -2.38341655144482223E+00 -1.48113234432793450E-02 2.34623708086785010E+00 0.00000000000000000E+00 -2.13677162243208874E-01 1.92767201768081775E+00 6.29526908536425678E-01 0.00000000000000000E+00 2.32000000000000073E+00
gravity -1.27103257191220500E+01 1.26324661528668312E+01 -1.05144412650574957E+01 -4.51640040615616201E+00 -7.11634484314500071E+00
bias -1.12005422895327051E-03 3.05301897056125399E-03 3.82433111903462519E-04 -1.26073148773388341E-03 -4.11526172833163529E-04
passive -2.91097662294304872E-03 -1.60774182042804775E-03 -4.67528412678344402E-03 -2.53869063067115701E-02 0.00000000000000000E+00
actuation 1.58619426837727479E-01 1.47362222352790340E-01 -4.34768347031755792E-02 0.00000000000000000E+00 0.00000000000000000E+00
tendon_length
tendon_velocity
tendon_force
length -7.44183892271885056E-02 1.40240322910073611E-02 -5.45179180032502597E-02
velocity -3.34762311638450508E-02 -1.12541927429963343E-02 1.55842804226114795E-02
force -6.89649681903163059E-02 -2.10517460503986231E-01 -4.34768347031755792E-02
position 0.00000000000000000E+00 0.00000000000000000E+00 0.00000000000000000E+00
quaternion 1.00000000000000000E+00 0.00000000000000000E+00 0.00000000000000000E+00 0.00000000000000000E+00
position 2.27680165257640704E-01 8.17024018590095935E-02 9.00641172403612522E-01
quaternion 9.30922568102439008E-01 9.22910037624181945E-02 -2.94371449565548005E-01 1.95476322102609623E-01
position 5.60244929568333494E-01 -4.45344812290240921E-03 1.20391966991516974E+00
quaternion 9.36107210930442246E-01 8.87313539218635289E-02 -2.77443089237757679E-01 1.97117651947842726E-01
position 3.59641691484293979E-01 9.86353815816826823E-02 1.60283198366386470E+00
quaternion 9.36107210930442246E-01 8.87313539218635428E-02 -2.77443089237757679E-01 1.97117651947842754E-01
position -9.81171995365692495E-02 1.30858319424885183E-01 8.05830636931724298E-01
quaternion 7.42656030925358812E-01 -3.09417224216737063E-01 -2.25873613914590626E-01 5.49275988575292251E-01
unchanged_qpos 3.23558214031254426E-02 -2.00343318442962326E-02 -5.45179180032502597E-02 3.62670090095879583E-02 -3.76625071823462679E-02
unchanged_qvel 1.45548831147152419E-02 1.60774182042804775E-02 1.55842804226114795E-02 1.84788771684976372E-02 -6.80244721893562276E-04
unchanged_time 1.25000000000000000E-01
step SUCCESS
step_clamped -1.00000000000000000E+00
qpos 3.61910810259891136E-02 -1.57723951307498396E-02 -5.89687841499836538E-02 3.56396421054235579E-02 -4.16202761503914817E-02
qvel 1.64758521932502566E-01 1.86342189456950247E-01 -2.21407780271429655E-01 -4.33279475918879747E-02 -1.87768034307370185E-01
time 1.65000000000000036E-01
reset_qpos 0.00000000000000000E+00 0.00000000000000000E+00 0.00000000000000000E+00 0.00000000000000000E+00 0.00000000000000000E+00
reset_qvel 0.00000000000000000E+00 0.00000000000000000E+00 0.00000000000000000E+00 0.00000000000000000E+00 0.00000000000000000E+00
forward SUCCESS
forward_clamped -1.00000000000000000E+00
qacc 8.64018861315816267E+00 6.59608630589115208E+00 -1.04420767430247032E+01 -5.34548956535735798E+00 -4.84425940384615927E+00
mass 5.52112344507482167E+00 -4.08962953058498524E+00 1.96284628472177070E+00 2.49271536964767915E+00 -1.83650784256585098E-01 -4.08962953058498524E+00 9.25000000000000178E+00 1.20350097174680637E+00 -2.28394155833186474E+00 2.01894671941040826E+00 1.96284628472177070E+00 1.20350097174680637E+00 3.22567436375148819E+00 -2.83167863725973801E-02 6.29526908536425012E-01 2.49271536964767915E+00 -2.28394155833186474E+00 -2.83167863725973801E-02 2.34623708086784966E+00 0.00000000000000000E+00 -1.83650784256585098E-01 2.01894671941040826E+00 6.29526908536425012E-01 0.00000000000000000E+00 2.31999999999999984E+00
gravity -1.22119523778023780E+01 1.54422911540814969E+01 -1.16838940452544531E+01 -5.75431073965406448E+00 -6.10346275639299840E+00
bias -2.07023241162071839E-03 1.73320906032816118E-03 -1.21467597440534300E-03 -1.06372085202118168E-03 -2.62919214729850459E-04
passive -2.79984106180185830E-03 -2.62641884986738756E-03 6.90469171458290773E-03 -4.71334137493383959E-02 0.00000000000000000E+00
actuation 7.16454205168133851E-02 5.72926902570897179E-02 -7.20588216969468148E-02 0.00000000000000000E+00 0.00000000000000000E+00
tendon_length
tendon_velocity
tendon_force
length 1.58082431870533363E-01 5.35548172613709780E-02 4.62402829201121329E-02
velocity -3.21981722107213680E-02 -1.83849319490717103E-02 -2.30156390486096936E-02
force -3.11501828333971276E-02 -8.18467003672710275E-02 -7.20588216969468148E-02
position 0.00000000000000000E+00 0.00000000000000000E+00 0.00000000000000000E+00
quaternion 1.00000000000000000E+00 0.00000000000000000E+00 0.00000000000000000E+00 0.00000000000000000E+00
position 2.60763403283657935E-01 1.14862420993284226E-01 9.10425701693943656E-01
quaternion 9.16974991439779341E-01 1.12774757980257198E-01 -3.29058110931929104E-01 1.95344512762507305E-01
position 5.74164995089361252E-01 1.52884723351666141E-02 1.22958784074286331E+00
quaternion 9.27531584617598104E-01 1.06135484324468732E-01 -2.98005930868566138E-01 1.99029856230509838E-01
position 3.57758092214239654E-01 9.93280440508828855E-02 1.62468960329757106E+00
quaternion 9.27531584617598104E-01 1.06135484324468732E-01 -2.98005930868566138E-01 1.99029856230509838E-01
position -3.76066953849304719E-02 1.60328951695911187E-01 7.91241595706076106E-01
quaternion 7.40092070798685220E-01 -3.05512819119233614E-01 -2.66323210367815588E-01 5.36654070807361494E-01
unchanged_qpos -6.87314921176232080E-02 -7.65068818019585400E-02 4.62402829201121329E-02 6.73334482133405715E-02 -6.05402979198244595E-02
unchanged_qvel 1.39992053090092911E-02 2.62641884986738738E-02 -2.30156390486096936E-02 6.04307219780029353E-03 -3.54836630977793666E-02
unchanged_time 1.25000000000000000E-01
step SUCCESS
step_clamped -1.00000000000000000E+00
qpos -6.11819728893662138E-02 -7.00415188080669715E-02 3.68249615687962634E-02 6.32829538297658006E-02 -6.60117047333037277E-02
qvel 3.39861105807927832E-01 2.80683574044970963E-01 -4.20345573882782930E-01 -1.92954177110779557E-01 -2.27806398989963577E-01
time 1.65000000000000036E-01
reset_qpos 0.00000000000000000E+00 0.00000000000000000E+00 0.00000000000000000E+00 0.00000000000000000E+00 0.00000000000000000E+00
reset_qvel 0.00000000000000000E+00 0.00000000000000000E+00 0.00000000000000000E+00 0.00000000000000000E+00 0.00000000000000000E+00
forward SUCCESS
forward_clamped -1.00000000000000000E+00
qacc -5.46375698270586185E-01 2.83480150541273179E+00 -2.70257515678902660E+00 1.25265900585668222E+00 -4.69611756488764520E+00
mass 5.42027198372225971E+00 -4.30672982487664413E+00 1.96175489165253936E+00 2.38776552568228073E+00 -2.37911211160845515E-01 -4.30672982487664413E+00 9.25000000000000000E+00 9.78914456197773730E-01 -2.38629100058504484E+00 1.92418839004518549E+00 1.96175489165253936E+00 9.78914456197773730E-01 3.25434252884176134E+00 -1.22525547615113806E-02 6.29526908536425345E-01 2.38776552568228073E+00 -2.38629100058504484E+00 -1.22525547615113806E-02 2.34623708086784921E+00 0.00000000000000000E+00 -2.37911211160845515E-01 1.92418839004518549E+00 6.29526908536425345E-01 0.00000000000000000E+00 2.32000000000000028E+00
gravity -1.61167705350404447E+01 1.37944478054884048E+01 -1.01629321135373250E+01 -5.09712243819271205E+00 -7.00736903642823261E+00
bias 3.63596128681505548E-04 2.32187705146343597E-04 5.60114317207135895E-04 1.50681626091671295E-04 7.99700604576297557E-06
passive -2.64687535322701006E-03 8.53608796460223677E-04 2.29048841879120465E-03 -2.11588760275225329E-02 0.00000000000000000E+00
actuation -2.16251800336724559E-01 5.88971929683783507E-02 8.65818520414931014E-02 0.00000000000000000E+00 0.00000000000000000E+00
tendon_length
tendon_velocity
tendon_force
length 1.78348714722644623E-02 -3.53383737826511377E-02 -5.79634488520110666E-02
velocity -3.04390665621106123E-02 5.97526157522156477E-03 -7.63496139597068246E-03
force 9.40225218855324230E-02 -8.41388470976833641E-02 8.65818520414931014E-02
position 0.00000000000000000E+00 0.00000000000000000E+00 0.00000000000000000E+00
quaternion 1.00000000000000000E+00 0.00000000000000000E+00 0.00000000000000000E+00 0.00000000000000000E+00
position 1.49304912669481621E-01 7.98943034347775194E-02 8.84443084260085555E-01
quaternion 9.31773938408356650E-01 9.43054292828016394E-02 -3.03048505654429812E-01 1.76253842316651893E-01
position 4.74954803118570634E-01 -2.38593912364000321E-02 1.18970906613912897E+00
quaternion 9.36247467800164990E-01 9.16309509700723862E-02 -2.88932082182270400E-01 1.77658942212084864E-01
position 2.71436473063533357E-01 7.84320679309695040E-02 1.58734803142424696E+00
quaternion 9.36247467800164990E-01 9.16309509700723862E-02 -2.88932082182270400E-01 1.77658942212084836E-01
position -2.76736136620111373E-01 1.78081514065292490E-01 8.22690110937554286E-01
quaternion 7.54077087912000010E-01 -3.09786251831395687E-01 -2.29399629726303567E-01 5.31766897751117851E-01
unchanged_qpos -7.75429194446281000E-03 5.04833911180730538E-02 -5.79634488520110666E-02 3.02269657536036185E-02 7.72997038411501608E-02
unchanged_qvel 1.32343767661350503E-02 -8.53608796460223612E-03 -7.63496139597068246E-03 2.05059088548888296E-02 -2.30967927377404812E-02
unchanged_time 1.25000000000000000E-01
step SUCCESS
step_clamped -1.00000000000000000E+00
qpos -7.74046363906215860E-03 5.24980907575575209E-02 -6.04837358169705297E-02 3.21386376813312807E-02 7.24309352370118426E-02
qvel -1.29575302255280182E-02 1.02936598975702787E-01 -1.11632281888559920E-01 7.36502896186313483E-02 -2.10919906381459882E-01
time 1.65000000000000036E-01
reset_qpos 0.00000000000000000E+00 0.00000000000000000E+00 0.00000000000000000E+00 0.00000000000000000E+00 0.00000000000000000E+00
reset_qvel 0.00000000000000000E+00 0.00000000000000000E+00 0.00000000000000000E+00 0.00000000000000000E+00 0.00000000000000000E+00
forward SUCCESS
forward_clamped -1.00000000000000000E+00
qacc -1.97469977289104898E-01 2.54835554686547550E+00 -2.96637169486755115E+00 3.77085670445134191E-02 -4.36205927970871521E+00
mass 5.31601877820162461E+00 -4.37282953734488444E+00 1.84159392140322176E+00 2.39162439439242158E+00 -2.36505253370619672E-01 -4.37282953734488444E+00 9.25000000000000355E+00 8.68562965726979108E-01 -2.38225032747572874E+00 1.92113450671693631E+00 1.84159392140322176E+00 8.68562965726979108E-01 3.03366445996114642E+00 1.30337542004693163E-02 6.29526908536425567E-01 2.39162439439242158E+00 -2.38225032747572874E+00 1.30337542004693163E-02 2.34623708086785010E+00 0.00000000000000000E+00 -2.36505253370619672E-01 1.92113450671693631E+00 6.29526908536425567E-01 0.00000000000000000E+00 2.32000000000000073E+00
gravity -1.64065473939140247E+01 1.36331655823336710E+01 -9.88088988823914072E+00 -6.53624304883010865E+00 -7.04291711293562450E+00
bias -3.55856059656590529E-04 -4.76502766872019567E-04 -6.24491768408923210E-04 -2.87541917695897562E-04 -1.49717796273856805E-04
passive 9.75948712154886631E-04 2.58525642974940682E-03 -3.77732541835933957E-03 2.28098603198180240E-02 0.00000000000000000E+00
actuation -1.87780718201201818E-01 -1.61103672214056803E-01 4.93262068155503469E-02 0.00000000000000000E+00 0.00000000000000000E+00
tendon_length
tendon_velocity
tendon_force
length 4.73548912858580417E-03 -3.07077419608082144E-02 -6.09649459383550113E-02
velocity 1.12234101897811939E-02 1.80967950082458438E-02 1.25910847278644655E-02
force 8.16437905222616722E-02 2.30148103162938322E-01 4.93262068155503469E-02
position 0.00000000000000000E+00 0.00000000000000000E+00 0.00000000000000000E+00
quaternion 1.00000000000000000E+00 0.00000000000000000E+00 0.00000000000000000E+00 0.00000000000000000E+00
position 1.57076705625290192E-01 7.85701376832851628E-02 8.85937990497547512E-01
quaternion 9.32155794192597975E-01 9.34887656052060811E-02 -3.01426605258879043E-01 1.77446971517942725E-01
position 4.83758202684049843E-01 -2.36829209434636506E-02 1.19060750239678947E+00
quaternion 9.27121221443587662E-01 9.63673299448857268E-02 -3.16573314974075481E-01 1.75900297653438509E-01
position 2.58850360279891056E-01 7.07171334187369355E-02 1.57855736018967452E+00
quaternion 9.27121221443587662E-01 9.63673299448857268E-02 -3.16573314974075481E-01 1.75900297653438509E-01
position -2.28770602651607674E-01 1.61909319644424787E-01 8.10991834962611291E-01
quaternion 7.53437072386410889E-01 -3.09927992191055601E-01 -2.27891782517066377E-01 5.33237801615198292E-01
unchanged_qpos -2.05890831677643660E-03 4.38682028011545960E-02 -6.09649459383550113E-02 -3.25855147425971811E-02 3.21948435833253888E-02
unchanged_qvel -4.87974356077443272E-03 -2.58525642974940656E-02 1.25910847278644655E-02 3.66281529382203458E-02 -4.70326256428301656E-02
unchanged_time 1.25000000000000000E-01
step SUCCESS
step_clamped -1.00000000000000000E+00
qpos -2.46769345665964323E-03 4.49538186867258494E-02 -6.29041861117511092E-02 -3.10565284967993724E-02 2.66486238318886237E-02
qvel -1.65060199355101453E-02 7.44298524175369819E-02 -1.02398748696881772E-01 4.06467568872997884E-02 -2.21520423893441981E-01
time 1.65000000000000036E-01
lifecycle PASS
