Compile
   [Ada]          smooth_probe.adb
   [Ada]          mj-spatial_tendon_models.adb
   [Ada]          mj-data.adb
   [Ada]          mj-data-spatial_tendon_phase.adb
   [Ada]          mj-data-spatial.adb
   [Ada]          mj-data-pipeline.adb
   [Ada]          mj-data-mass_publication.adb
   [Ada]          mj-data-manifold_actuation.adb
   [Ada]          mj-data-kinematics.adb
   [Ada]          mj-data-jacobians.adb
   [Ada]          mj-data-inertia_phase.adb
   [Ada]          mj-data-inertia.adb
   [Ada]          mj-data-forward.adb
   [Ada]          mj-data-forces_phase.adb
   [Ada]          mj-data-forces.adb
   [Ada]          mj-data-external_loads.adb
   [Ada]          mj-data-euler.adb
   [Ada]          mj-data-boundary.adb
   [Ada]          mj-data-actuation_phase.adb
   [Ada]          mj-data-actuation.adb
Build Libraries
   [gprlib]       sparkling_smooth_draft.lexch
   [archive]      libsparkling_smooth_draft.a
   [index]        libsparkling_smooth_draft.a
Bind
   [gprbind]      smooth_probe.bexch
   [Ada]          smooth_probe.ali
Link
   [link]         smooth_probe.adb
