create SUCCESS
reset_qpos 0.00000000000000000E+00 0.00000000000000000E+00
reset_qvel 0.00000000000000000E+00 0.00000000000000000E+00
forward SUCCESS
forward_clamped -1.00000000000000000E+00
qacc -5.91290527091385826E-02 2.54767290477069808E-01
mass 1.50000000000000000E+00 1.39897287292996608E-01 1.39897287292996608E-01 5.14000000000000012E-01
gravity 0.00000000000000000E+00 0.00000000000000000E+00
bias 9.59139131230269571E-06 2.54109884176290102E-21
passive -5.93446755559045580E-02 4.86462955354183962E-02
actuation 5.86987241097907883E-03 0.00000000000000000E+00
tendon_length 2.10775810308662814E+00
tendon_velocity -1.40816738502149244E-03
tendon_force -1.02193941429017165E+00
length 5.31703990097569593E-02
velocity 3.48099282050147712E-03
force 8.38553201568439932E-03
position 0.00000000000000000E+00 0.00000000000000000E+00 0.00000000000000000E+00
quaternion 1.00000000000000000E+00 0.00000000000000000E+00 0.00000000000000000E+00 0.00000000000000000E+00
position 1.00000000000000000E+00 1.75957712871081362E-01 2.00000000000000011E-01
quaternion 9.99816567628062258E-01 0.00000000000000000E+00 0.00000000000000000E+00 -1.91528352063263171E-02
unchanged_qpos 7.59577128710813704E-02 -3.83080127511786356E-02
unchanged_qvel 4.97284688643068185E-03 4.22946162406980242E-02
unchanged_time 1.25000000000000000E-01
step SUCCESS
step_clamped -1.00000000000000000E+00
qpos 7.61562985395064646E-02 -3.27936168253168889E-02
qvel -9.42360300285984822E-04 6.77206174372361330E-02
time 2.25000000000000089E-01
reset_qpos 0.00000000000000000E+00 0.00000000000000000E+00
reset_qvel 0.00000000000000000E+00 0.00000000000000000E+00
forward SUCCESS
forward_clamped -1.00000000000000000E+00
qacc -2.52871601972043877E-02 -4.03716866063446277E-03
mass 1.50000000000000000E+00 1.39989375705876051E-01 1.39989375705876051E-01 5.14000000000000012E-01
gravity 0.00000000000000000E+00 0.00000000000000000E+00
bias -3.62062333612125240E-07 1.98523347012726642E-23
passive -5.83637690454749114E-02 4.36287552047588262E-02
actuation -3.17529583247989841E-02 0.00000000000000000E+00
tendon_length 2.10529710275591908E+00
tendon_velocity -4.82965855661037272E-04
tendon_force -1.01697636972382122E+00
length 4.95703179472471861E-02
velocity -1.37615775097543521E-02
force -4.53613690354271182E-02
position 0.00000000000000000E+00 0.00000000000000000E+00 0.00000000000000000E+00
quaternion 1.00000000000000000E+00 0.00000000000000000E+00 0.00000000000000000E+00 0.00000000000000000E+00
position 1.00000000000000000E+00 1.70814739924638859E-01 2.00000000000000011E-01
quaternion 9.99981027866236216E-01 0.00000000000000000E+00 0.00000000000000000E+00 6.15986262716785877E-03
unchanged_qpos 7.08147399246388393E-02 1.23198031654187939E-02
unchanged_qvel -1.96593964425062183E-02 -1.44887615075039652E-02
unchanged_time 1.25000000000000000E-01
step SUCCESS
step_clamped -1.00000000000000000E+00
qpos 7.04162512719306855E-02 1.20291837280885675E-02
qvel -2.01637739894286426E-02 -1.45689892009278500E-02
time 1.45000000000000018E-01
reset_qpos 0.00000000000000000E+00 0.00000000000000000E+00
reset_qvel 0.00000000000000000E+00 0.00000000000000000E+00
forward SUCCESS
forward_clamped -1.00000000000000000E+00
qacc 1.29030985691093794E-02 2.07784450488601447E-01
mass 1.50000000000000000E+00 1.39798988254810908E-01 1.39798988254810908E-01 5.14000000000000012E-01
gravity 0.00000000000000000E+00 0.00000000000000000E+00
bias -7.86235275292420619E-08 -1.65436122510605535E-23
passive -2.13393973933631818E-02 4.26578891213433564E-02
actuation 2.23167812678612999E-02 0.00000000000000000E+00
tendon_length 2.10008488479445088E+00
tendon_velocity -1.02229983285145789E-03
tendon_force -1.00639143204160031E+00
length -5.86000920200671887E-03
velocity -2.66530482602917902E-02
force 3.18811160969447172E-02
position 0.00000000000000000E+00 0.00000000000000000E+00 0.00000000000000000E+00
quaternion 1.00000000000000000E+00 0.00000000000000000E+00 0.00000000000000000E+00 0.00000000000000000E+00
position 1.00000000000000000E+00 9.16285582828475498E-02 2.00000000000000011E-01
quaternion 9.99640986009496579E-01 0.00000000000000000E+00 0.00000000000000000E+00 2.67936389831895418E-02
unchanged_qpos -8.37144171715245577E-03 5.35936917482778136E-02
unchanged_qvel -3.80757832289882747E-02 3.23786971013123592E-03
unchanged_time 1.25000000000000000E-01
step SUCCESS
step_clamped -1.00000000000000000E+00
qpos -9.13023199584792923E-03 5.37020826934888965E-02
qvel -3.78154723959485614E-02 7.39337623560954935E-03
time 1.45000000000000018E-01
reset_qpos 0.00000000000000000E+00 0.00000000000000000E+00
reset_qvel 0.00000000000000000E+00 0.00000000000000000E+00
forward SUCCESS
forward_clamped -1.00000000000000000E+00
qacc 2.61726093253350119E-02 -7.59453582261183369E-02
mass 1.50000000000000000E+00 1.39797025450391549E-01 1.39797025450391549E-01 5.14000000000000012E-01
gravity 0.00000000000000000E+00 0.00000000000000000E+00
bias 5.34768750535552466E-06 1.05879118406787542E-22
passive -3.28195848189469300E-02 5.27368400345740868E-02
actuation 5.26643484983994048E-02 0.00000000000000000E+00
tendon_length 2.10598970412381314E+00
tendon_velocity -6.59014042529630509E-04
tendon_force -1.01837561121491205E+00
length 1.57293874198092161E-02
velocity 9.65108679548374454E-03
force 7.52347835691420108E-02
position 0.00000000000000000E+00 0.00000000000000000E+00 0.00000000000000000E+00
quaternion 1.00000000000000000E+00 0.00000000000000000E+00 0.00000000000000000E+00 0.00000000000000000E+00
position 1.00000000000000000E+00 1.22470553456870315E-01 2.00000000000000011E-01
quaternion 9.99637479736657175E-01 0.00000000000000000E+00 0.00000000000000000E+00 -2.69241361188079717E-02
unchanged_qpos 2.24705534568703097E-02 -5.38547802112787008E-02
unchanged_qvel 1.37872668506910656E-02 2.66386272376937655E-02
unchanged_time 1.25000000000000000E-01
step SUCCESS
step_clamped -1.00000000000000000E+00
qpos 2.27517878046389864E-02 -5.33379629243281653E-02
qvel 1.43096884084226716E-02 2.51187610450327309E-02
time 1.45000000000000018E-01
reset_qpos 0.00000000000000000E+00 0.00000000000000000E+00
reset_qvel 0.00000000000000000E+00 0.00000000000000000E+00
forward SUCCESS
forward_clamped -1.00000000000000000E+00
qacc -3.21912149103844095E-02 -7.39947611584699100E-02
mass 1.50000000000000000E+00 1.39999856946073364E-01 1.39999856946073364E-01 5.14000000000000012E-01
gravity 0.00000000000000000E+00 0.00000000000000000E+00
bias -1.50443815912288615E-07 7.61006163548785461E-22
passive -4.54412738631141955E-02 4.60509952832200559E-02
actuation 3.04492505592681706E-02 0.00000000000000000E+00
tendon_length 2.10433769170099394E+00
tendon_velocity 2.37247710268473268E-05
tendon_force -1.01504604102967111E+00
length 2.95799337066714706E-02
velocity 2.03311085689267465E-02
force 4.34989293703831048E-02
position 0.00000000000000000E+00 0.00000000000000000E+00 0.00000000000000000E+00
quaternion 1.00000000000000000E+00 0.00000000000000000E+00 0.00000000000000000E+00 0.00000000000000000E+00
position 1.00000000000000000E+00 1.42257048152387822E-01 2.00000000000000011E-01
quaternion 9.99999744546526736E-01 0.00000000000000000E+00 0.00000000000000000E+00 7.14777504650184262E-04
unchanged_qpos 4.22570481523878161E-02 1.42955513102864529E-03
unchanged_qvel 2.90444408127524950E-02 2.74171792894591093E-02
unchanged_time 1.25000000000000000E-01
step SUCCESS
step_clamped -1.00000000000000000E+00
qpos 4.28311650056585058E-02 1.96235227832612181E-03
qvel 2.83989263230354470E-02 2.59362131958304973E-02
time 1.45000000000000018E-01
reset_qpos 0.00000000000000000E+00 0.00000000000000000E+00
reset_qvel 0.00000000000000000E+00 0.00000000000000000E+00
forward SUCCESS
forward_clamped -1.00000000000000000E+00
qacc 3.47130407739093885E-02 -2.85295732245502906E-02
mass 1.50000000000000000E+00 1.39617455684157260E-01 1.39617455684157260E-01 5.14000000000000012E-01
gravity 0.00000000000000000E+00 0.00000000000000000E+00
bias 2.26964816419167193E-05 1.27054942088145051E-21
passive -4.19616465000933955E-02 5.37134325189584025E-02
actuation 5.29112600321222648E-02 0.00000000000000000E+00
tendon_length 2.10761013839063427E+00
tendon_velocity -2.35787899196005001E-03
tendon_force -1.02161083392993568E+00
length 3.14629062579655713E-02
velocity -9.66961990390084389E-03
force 7.55875143316032394E-02
position 0.00000000000000000E+00 0.00000000000000000E+00 0.00000000000000000E+00
quaternion 1.00000000000000000E+00 0.00000000000000000E+00 0.00000000000000000E+00 0.00000000000000000E+00
position 1.00000000000000000E+00 1.44947008939950828E-01 2.00000000000000011E-01
quaternion 9.99316651667809586E-01 0.00000000000000000E+00 0.00000000000000000E+00 -3.69625445476640044E-02
unchanged_qpos 4.49470089399508221E-02 -7.39419325615131573E-02
unchanged_qvel -1.38137427198583504E-02 4.68454873368304298E-02
unchanged_time 1.25000000000000000E-01
step SUCCESS
step_clamped -1.00000000000000000E+00
qpos 4.46780277978805138E-02 -7.30110256700733790E-02
qvel -1.31189102176197791E-02 4.62732318303092777E-02
time 1.45000000000000018E-01
reset_qpos 0.00000000000000000E+00 0.00000000000000000E+00
reset_qvel 0.00000000000000000E+00 0.00000000000000000E+00
forward SUCCESS
forward_clamped -1.00000000000000000E+00
qacc -7.35836928288017000E-02 2.20803016451769168E-01
mass 1.50000000000000000E+00 1.39971226901503071E-01 1.39971226901503071E-01 5.14000000000000012E-01
gravity 0.00000000000000000E+00 0.00000000000000000E+00
bias -1.97579355722836985E-06 2.64697796016968856E-22
passive -6.20867632575074421E-02 4.25715651147239721E-02
actuation -4.63947127413534693E-02 0.00000000000000000E+00
tendon_length 2.10522941665819596E+00
tendon_velocity -4.86839077982835337E-04
tendon_force -1.01683899495902907E+00
length 5.30499196960177097E-02
velocity 8.33668893358946450E-03
force -6.62781610590763848E-02
position 0.00000000000000000E+00 0.00000000000000000E+00 0.00000000000000000E+00
quaternion 1.00000000000000000E+00 0.00000000000000000E+00 0.00000000000000000E+00 0.00000000000000000E+00
position 1.00000000000000000E+00 1.75785599565739581E-01 2.00000000000000011E-01
quaternion 9.99948618146922596E-01 0.00000000000000000E+00 0.00000000000000000E+00 1.01371133001576345E-02
unchanged_qpos 7.57855995657395892E-02 2.02745738498963518E-02
unchanged_qvel 1.19095556194135227E-02 2.63843120175050738E-02
unchanged_time 1.25000000000000000E-01
step SUCCESS
step_clamped -1.00000000000000000E+00
qpos 7.60083351488315823E-02 2.08486206145364512E-02
qvel 1.04374510378994010E-02 3.07992050610431008E-02
time 1.45000000000000018E-01
reset_qpos 0.00000000000000000E+00 0.00000000000000000E+00
reset_qvel 0.00000000000000000E+00 0.00000000000000000E+00
forward SUCCESS
forward_clamped -1.00000000000000000E+00
qacc -8.53827843204084669E-02 2.83612494913020763E-01
mass 1.50000000000000000E+00 1.39963167534116278E-01 1.39963167534116278E-01 5.14000000000000012E-01
gravity 0.00000000000000000E+00 0.00000000000000000E+00
bias 4.36016083259836667E-10 4.52364397489937010E-26
passive 1.55071788771137115E-02 5.44201418002575807E-02
actuation -6.08858653530007163E-02 0.00000000000000000E+00
tendon_length 2.10373615241082090E+00
tendon_velocity 1.58709922945029608E-04
tendon_force -1.01383029946694059E+00
length -5.55018463615977800E-02
velocity -6.55310629079649491E-03
force -8.69798076471438864E-02
position 0.00000000000000000E+00 0.00000000000000000E+00 0.00000000000000000E+00
quaternion 1.00000000000000000E+00 0.00000000000000000E+00 0.00000000000000000E+00 0.00000000000000000E+00
position 1.00000000000000000E+00 2.07116480548603099E-02 2.00000000000000011E-01
quaternion 9.99934225576355695E-01 0.00000000000000000E+00 0.00000000000000000E+00 -1.14692859853523198E-02
unchanged_qpos -7.92883519451396956E-02 -2.29390749077203540E-02
unchanged_qvel -9.36158041542356489E-03 -3.68483742216395294E-04
unchanged_time 1.25000000000000000E-01
step SUCCESS
step_clamped -1.00000000000000000E+00
qpos -7.94935070741157601E-02 -2.28868869395062006E-02
qvel -1.10682665626230074E-02 5.30361444316824072E-03
time 1.45000000000000018E-01
reset_qpos 0.00000000000000000E+00 0.00000000000000000E+00
reset_qvel 0.00000000000000000E+00 0.00000000000000000E+00
forward SUCCESS
forward_clamped -1.00000000000000000E+00
qacc 9.38016602512035252E-03 1.37880278919350285E-01
mass 1.50000000000000000E+00 1.39890827701861370E-01 1.39890827701861370E-01 5.14000000000000012E-01
gravity 0.00000000000000000E+00 0.00000000000000000E+00
bias 2.23809207266274595E-06 1.05879118406787542E-22
passive 1.65642026942161326E-02 5.61542549445341460E-02
actuation 3.71987249945911896E-02 0.00000000000000000E+00
tendon_length 2.10452204522086816E+00
tendon_velocity 1.44985636101634856E-03
tendon_force -1.01546266532140095E+00
length -5.48405194644192365E-02
velocity -2.24938336465723906E-02
force 5.31410357065588423E-02
position 0.00000000000000000E+00 0.00000000000000000E+00 0.00000000000000000E+00
quaternion 1.00000000000000000E+00 0.00000000000000000E+00 0.00000000000000000E+00 0.00000000000000000E+00
position 1.00000000000000000E+00 2.16564007651153800E-02 2.00000000000000011E-01
quaternion 9.99805030461048960E-01 0.00000000000000000E+00 0.00000000000000000E+00 -1.97459126094749263E-02
unchanged_qpos -7.83435992348846255E-02 -3.94943919867793425E-02
unchanged_qvel -3.21340480665319866E-02 -2.01216548281638492E-02
unchanged_time 1.25000000000000000E-01
step SUCCESS
step_clamped -1.00000000000000000E+00
qpos -7.89842965523214341E-02 -3.98678644716284891E-02
qvel -3.19444716384837887E-02 -1.73632358939062453E-02
time 1.45000000000000018E-01
reset_qpos 0.00000000000000000E+00 0.00000000000000000E+00
reset_qvel 0.00000000000000000E+00 0.00000000000000000E+00
forward SUCCESS
forward_clamped -1.00000000000000000E+00
qacc 2.62207954609446894E-03 4.30730129446415810E-02
mass 1.50000000000000000E+00 1.39605012392996858E-01 1.39605012392996858E-01 5.14000000000000012E-01
gravity 0.00000000000000000E+00 0.00000000000000000E+00
bias -7.64307502536122489E-06 -1.37642853928823805E-21
passive -5.44151902093634246E-02 3.73771969057263981E-02
actuation 5.92249155770329175E-02 0.00000000000000000E+00
tendon_length 2.10155009598219467E+00
tendon_velocity -9.47480654545042626E-04
tendon_force -1.00936447662541373E+00
length 4.10112784594013277E-02
velocity -2.97840312069219230E-02
force 8.46070222529041738E-02
position 0.00000000000000000E+00 0.00000000000000000E+00 0.00000000000000000E+00
quaternion 1.00000000000000000E+00 0.00000000000000000E+00 0.00000000000000000E+00 0.00000000000000000E+00
position 1.00000000000000000E+00 1.58587540656287607E-01 2.00000000000000011E-01
quaternion 9.99294416063148283E-01 0.00000000000000000E+00 0.00000000000000000E+00 3.75588874304226342E-02
unchanged_qpos 5.85875406562876150E-02 7.51354471470963153E-02
unchanged_qvel -4.25486160098884625E-02 -2.69681997199259227E-02
unchanged_time 1.25000000000000000E-01
step SUCCESS
step_clamped -1.00000000000000000E+00
qpos 5.77371374660138187E-02 7.46051356763273305E-02
qvel -4.24935324378745843E-02 -2.61057148631755158E-02
time 1.45000000000000018E-01
reset_qpos 0.00000000000000000E+00 0.00000000000000000E+00
reset_qvel 0.00000000000000000E+00 0.00000000000000000E+00
forward SUCCESS
forward_clamped -1.00000000000000000E+00
qacc -6.49848992010491344E-02 2.30952009968178162E-01
mass 1.50000000000000000E+00 1.39825151067964559E-01 1.39825151067964559E-01 5.14000000000000012E-01
gravity 0.00000000000000000E+00 0.00000000000000000E+00
bias -1.89319498999338295E-06 4.49986253228847055E-22
passive -5.46427867927522307E-02 4.00512304837106203E-02
actuation 6.10755960533939934E-02 0.00000000000000000E+00
tendon_length 2.10292351257902466E+00
tendon_velocity -2.37780820044500556E-03
tendon_force -1.01210636992487291E+00
length 4.22656213921925941E-02
velocity -1.99690671573723964E-02
force 8.72508515048485700E-02
position 0.00000000000000000E+00 0.00000000000000000E+00 0.00000000000000000E+00
quaternion 1.00000000000000000E+00 0.00000000000000000E+00 0.00000000000000000E+00 0.00000000000000000E+00
position 1.00000000000000000E+00 1.60379459131703705E-01 2.00000000000000011E-01
quaternion 9.99687721005137475E-01 0.00000000000000000E+00 0.00000000000000000E+00 2.49892071013597047E-02
unchanged_qpos 6.03794591317037138E-02 4.99836172556308717E-02
unchanged_qvel -2.85272387962462806E-02 1.64516795086703527E-02
unchanged_time 1.25000000000000000E-01
step SUCCESS
step_clamped -1.00000000000000000E+00
qpos 5.97952819380133255E-02 5.03611449860059887E-02
qvel -2.98248858322151880E-02 2.10698834017052396E-02
time 1.45000000000000018E-01
reset_qpos 0.00000000000000000E+00 0.00000000000000000E+00
reset_qvel 0.00000000000000000E+00 0.00000000000000000E+00
forward SUCCESS
forward_clamped -1.00000000000000000E+00
qacc 1.09933701846476259E-02 2.43997060729507137E-01
mass 1.50000000000000000E+00 1.39914366179309219E-01 1.39914366179309219E-01 5.14000000000000012E-01
gravity 0.00000000000000000E+00 0.00000000000000000E+00
bias -1.05955912313462852E-06 1.32348898008484428E-22
passive 7.52795794631054994E-03 4.74835078450905057E-02
actuation -1.36136451100090615E-02 0.00000000000000000E+00
tendon_length 2.10062040069575051E+00
tendon_velocity 9.50378378325211857E-04
tendon_force -1.00753638994628303E+00
length -4.74145082389012054E-02
velocity -1.59658061945378953E-02
force -1.94480644428700888E-02
position 0.00000000000000000E+00 0.00000000000000000E+00 0.00000000000000000E+00
quaternion 1.00000000000000000E+00 0.00000000000000000E+00 0.00000000000000000E+00 0.00000000000000000E+00
position 1.00000000000000000E+00 3.22649882301411367E-02 2.00000000000000011E-01
quaternion 9.99847070769377622E-01 0.00000000000000000E+00 0.00000000000000000E+00 1.74881409502307648E-02
unchanged_qpos -6.77350117698588688E-02 3.49780649748293732E-02
unchanged_qvel -2.28082945636255661E-02 -1.47110939888095635E-02
unchanged_time 1.25000000000000000E-01
step SUCCESS
step_clamped -1.00000000000000000E+00
qpos -6.81888595750885923E-02 3.47350865240451459E-02
qvel -2.25870725447759428E-02 -9.83059032948783822E-03
time 1.45000000000000018E-01
lifecycle PASS
