create SUCCESS
reset_qpos 0.00000000000000000E+00 0.00000000000000000E+00
reset_qvel 0.00000000000000000E+00 0.00000000000000000E+00
forward SUCCESS
forward_clamped -1.00000000000000000E+00
qacc 2.60878007688200630E-01 4.62382576836686682E-02
mass 1.50000000000000000E+00 1.39923321989681992E-01 1.39923321989681992E-01 5.14000000000000012E-01
gravity 0.00000000000000000E+00 0.00000000000000000E+00
bias -3.34076054873714767E-06 -3.70576914423756398E-22
passive 2.52832224796064986E-01 7.82610362642735813E-02
actuation 5.38215549491152107E-02 0.00000000000000000E+00
tendon_length 2.17268781520536436E+00
tendon_velocity -8.91726928996513200E-03
tendon_force -1.15354555160894678E+00
length 5.81908597864789611E-03
velocity 3.45873002322552997E-02
force 7.68879356415931581E-02
position 0.00000000000000000E+00 0.00000000000000000E+00 0.00000000000000000E+00
quaternion 1.00000000000000000E+00 0.00000000000000000E+00 0.00000000000000000E+00 0.00000000000000000E+00
position 1.00000000000000000E+00 1.08312979969497000E-01 2.00000000000000011E-01
quaternion 9.99863065606060752E-01 0.00000000000000000E+00 0.00000000000000000E+00 1.65484149346722051E-02
unchanged_qpos 8.31297996949699469E-03 3.30983406502090433E-02
unchanged_qvel 4.94104289032218646E-02 -2.68531473270347681E-02
unchanged_time 1.25000000000000000E-01
step SUCCESS
step_clamped -1.00000000000000000E+00
qpos 1.45635977316821656E-02 3.06473761401507110E-02
qvel 7.52570481054337520E-02 -2.22049902991848166E-02
time 2.25000000000000089E-01
reset_qpos 0.00000000000000000E+00 0.00000000000000000E+00
reset_qvel 0.00000000000000000E+00 0.00000000000000000E+00
forward SUCCESS
forward_clamped -1.00000000000000000E+00
qacc 1.13833554189271643E-01 2.21110508106252962E-02
mass 1.50000000000000000E+00 1.39657736592550097E-01 1.39657736592550097E-01 5.14000000000000012E-01
gravity 0.00000000000000000E+00 0.00000000000000000E+00
bias 2.32306950201405392E-06 7.94093388050906568E-23
passive 1.87694962264382703E-01 8.16016375489780899E-02
actuation -3.93944964756403407E-02 0.00000000000000000E+00
tendon_length 2.16613346866202949E+00
tendon_velocity -3.40314193588540492E-03
tendon_force -1.14038944835633438E+00
length 5.45500583649151105E-02
velocity 1.05625320014690847E-02
force -5.62778521080576286E-02
position 0.00000000000000000E+00 0.00000000000000000E+00 0.00000000000000000E+00
quaternion 1.00000000000000000E+00 0.00000000000000000E+00 0.00000000000000000E+00 0.00000000000000000E+00
position 1.00000000000000000E+00 1.77928654807021580E-01 2.00000000000000011E-01
quaternion 9.99388628456257089E-01 0.00000000000000000E+00 0.00000000000000000E+00 -3.49623985493210596E-02
unchanged_qpos 7.79286548070215884E-02 -6.99390505947584951E-02
unchanged_qvel 1.50893314306701221E-02 1.54093484037090139E-02
unchanged_time 1.25000000000000000E-01
step SUCCESS
step_clamped -1.00000000000000000E+00
qpos 7.82543261263880102E-02 -6.96262242136828496E-02
qvel 1.73630938305376417E-02 1.58510024298584989E-02
time 1.45000000000000018E-01
reset_qpos 0.00000000000000000E+00 0.00000000000000000E+00
reset_qvel 0.00000000000000000E+00 0.00000000000000000E+00
forward SUCCESS
forward_clamped -1.00000000000000000E+00
qacc 2.41455258715818688E-01 -3.51371508285363149E-02
mass 1.50000000000000000E+00 1.39987802754157342E-01 1.39987802754157342E-01 5.14000000000000012E-01
gravity 0.00000000000000000E+00 0.00000000000000000E+00
bias 1.80404659168834869E-08 -1.65436122510605535E-24
passive 3.48573943005148157E-01 9.35076730181884641E-02
actuation 4.69084184839757418E-02 0.00000000000000000E+00
tendon_length 2.19497854043738716E+00
tendon_velocity -2.18076551814416417E-06
tendon_force -1.19914322556498498E+00
length -4.57262869944260256E-02
velocity -5.64933447787556377E-04
force 6.70120264056796311E-02
position 0.00000000000000000E+00 0.00000000000000000E+00 0.00000000000000000E+00
quaternion 1.00000000000000000E+00 0.00000000000000000E+00 0.00000000000000000E+00 0.00000000000000000E+00
position 1.00000000000000000E+00 3.46767328651056833E-02 2.00000000000000011E-01
quaternion 9.99978218966645405E-01 0.00000000000000000E+00 0.00000000000000000E+00 -6.60012062736165493E-03
unchanged_qpos -6.53232671348943222E-02 -1.32003370938566511E-02
unchanged_qvel -8.07047782553652060E-04 3.12445052666863315E-03
unchanged_time 1.25000000000000000E-01
step SUCCESS
step_clamped -1.00000000000000000E+00
qpos -6.52887114571668314E-02 -1.31452259449527896E-02
qvel 4.02076961993081371E-03 2.42182761564670255E-03
time 1.45000000000000018E-01
reset_qpos 0.00000000000000000E+00 0.00000000000000000E+00
reset_qvel 0.00000000000000000E+00 0.00000000000000000E+00
forward SUCCESS
forward_clamped -1.00000000000000000E+00
qacc 9.05304060614243455E-02 -8.44816567544411090E-02
mass 1.50000000000000000E+00 1.39710234013102924E-01 1.39710234013102924E-01 5.14000000000000012E-01
gravity 0.00000000000000000E+00 0.00000000000000000E+00
bias -1.33982926914919669E-05 2.11758236813575085E-21
passive 1.80265260580561554E-01 6.68898436129922863E-02
actuation -2.96899790993526529E-02 0.00000000000000000E+00
tendon_length 2.15832661368427958E+00
tendon_velocity 1.04045879649695798E-02
tendon_force -1.12494072682958568E+00
length 5.04606770368240046E-02
velocity -3.37735756855932420E-02
force -4.24142558562180805E-02
position 0.00000000000000000E+00 0.00000000000000000E+00 0.00000000000000000E+00
quaternion 1.00000000000000000E+00 0.00000000000000000E+00 0.00000000000000000E+00 0.00000000000000000E+00
position 1.00000000000000000E+00 1.72086681481177173E-01 2.00000000000000011E-01
quaternion 9.99482426796673318E-01 0.00000000000000000E+00 0.00000000000000000E+00 3.21695278894887984E-02
unchanged_qpos 7.20866814811771534E-02 6.43501581345904822E-02
unchanged_qvel -4.82479652651332108E-02 -3.85776518830515114E-02
unchanged_time 1.25000000000000000E-01
step SUCCESS
step_clamped -1.00000000000000000E+00
qpos 7.11407800119658734E-02 6.35608775997114905E-02
qvel -4.64307200529863531E-02 -4.02653352237601972E-02
time 1.45000000000000018E-01
reset_qpos 0.00000000000000000E+00 0.00000000000000000E+00
reset_qvel 0.00000000000000000E+00 0.00000000000000000E+00
forward SUCCESS
forward_clamped -1.00000000000000000E+00
qacc 1.80350082357798952E-01 -2.93736434551173514E-03
mass 1.50000000000000000E+00 1.39743842224064468E-01 1.39743842224064468E-01 5.14000000000000012E-01
gravity 0.00000000000000000E+00 0.00000000000000000E+00
bias -9.93247608491439350E-06 0.00000000000000000E+00
passive 2.70186663025311191E-01 7.70255799721040052E-02
actuation -2.35872785798332540E-02 0.00000000000000000E+00
tendon_length 2.17454048465375527E+00
tendon_velocity -3.64177663370549671E-03
tendon_force -1.15747015111631391E+00
length -6.24193778486449146E-03
velocity 1.87744835876806522E-02
force -3.36961122569046506E-02
position 0.00000000000000000E+00 0.00000000000000000E+00 0.00000000000000000E+00
quaternion 1.00000000000000000E+00 0.00000000000000000E+00 0.00000000000000000E+00 0.00000000000000000E+00
position 1.00000000000000000E+00 9.10829460216221604E-02 2.00000000000000011E-01
quaternion 9.99542470733600585E-01 0.00000000000000000E+00 0.00000000000000000E+00 3.02464741708732381E-02
unchanged_qpos -8.91705397837784519E-03 6.05021757952596134E-02
unchanged_qvel 2.68206908395437899E-02 -3.42540355545302710E-02
unchanged_time 1.25000000000000000E-01
step SUCCESS
step_clamped -1.00000000000000000E+00
qpos -8.34279849789331708E-03 5.98164886782293626E-02
qvel 3.04231394087793282E-02 -3.43113029339441530E-02
time 1.45000000000000018E-01
reset_qpos 0.00000000000000000E+00 0.00000000000000000E+00
reset_qvel 0.00000000000000000E+00 0.00000000000000000E+00
forward SUCCESS
forward_clamped -1.00000000000000000E+00
qacc 1.46146222118695907E-01 6.60135473046618987E-02
mass 1.50000000000000000E+00 1.39895578661772185E-01 1.39895578661772185E-01 5.14000000000000012E-01
gravity 0.00000000000000000E+00 0.00000000000000000E+00
bias 8.89712030454406692E-06 2.11758236813575085E-22
passive 2.40415924084105198E-01 8.42810349534050818E-02
actuation -2.53979126440560948E-02 0.00000000000000000E+00
tendon_length 2.17350874900295388E+00
tendon_velocity -4.91411499667671579E-03
tendon_force -1.15533458842748837E+00
length 1.95227118563081684E-02
velocity 7.47802672408188519E-03
force -3.62827323486515640E-02
position 0.00000000000000000E+00 0.00000000000000000E+00 0.00000000000000000E+00
quaternion 1.00000000000000000E+00 0.00000000000000000E+00 0.00000000000000000E+00 0.00000000000000000E+00
position 1.00000000000000000E+00 1.27889588366154550E-01 2.00000000000000011E-01
quaternion 9.99813515936440300E-01 0.00000000000000000E+00 0.00000000000000000E+00 -1.93114823567108566E-02
unchanged_qpos 2.78895883661545302E-02 -3.86253657483267288E-02
unchanged_qvel 1.06828953201169793E-02 4.05675152678550283E-02
unchanged_time 1.25000000000000000E-01
step SUCCESS
step_clamped -1.00000000000000000E+00
qpos 2.81339169952898212E-02 -3.78001632341090910E-02
qvel 1.36029621560334376E-02 4.18862531373778019E-02
time 1.45000000000000018E-01
reset_qpos 0.00000000000000000E+00 0.00000000000000000E+00
reset_qvel 0.00000000000000000E+00 0.00000000000000000E+00
forward SUCCESS
forward_clamped -1.00000000000000000E+00
qacc 1.53872073630674011E-01 2.03991330979333835E-01
mass 1.50000000000000000E+00 1.39999512140363769E-01 1.39999512140363769E-01 5.14000000000000012E-01
gravity 0.00000000000000000E+00 0.00000000000000000E+00
bias 8.94455348394891726E-07 -8.33798057453451896E-22
passive 2.91904687138210550E-01 8.62860369644486702E-02
actuation -5.28609180205276974E-02 0.00000000000000000E+00
tendon_length 2.18214127567141958E+00
tendon_velocity -5.38718386596292401E-03
tendon_force -1.17287142753439655E+00
length -1.45178744097197044E-02
velocity 2.51758310682552201E-02
force -7.55155971721824248E-02
position 0.00000000000000000E+00 0.00000000000000000E+00 0.00000000000000000E+00
quaternion 1.00000000000000000E+00 0.00000000000000000E+00 0.00000000000000000E+00 0.00000000000000000E+00
position 1.00000000000000000E+00 7.92601794146861327E-02 2.00000000000000011E-01
quaternion 9.99999128821698502E-01 0.00000000000000000E+00 0.00000000000000000E+00 -1.31998327418649539E-03
unchanged_qpos -2.07398205853138659E-02 -2.63996731500044934E-03
unchanged_qvel 3.59654729546503155E-02 -4.91944706809578358E-02
unchanged_time 1.25000000000000000E-01
step SUCCESS
step_clamped -1.00000000000000000E+00
qpos -1.99882376012056918E-02 -3.58100551275132963E-03
qvel 3.90372494142994242E-02 -4.51128046955484655E-02
time 1.45000000000000018E-01
reset_qpos 0.00000000000000000E+00 0.00000000000000000E+00
reset_qvel 0.00000000000000000E+00 0.00000000000000000E+00
forward SUCCESS
forward_clamped -1.00000000000000000E+00
qacc 1.47138168465705349E-01 -2.32912883800692298E-02
mass 1.50000000000000000E+00 1.39872231256130936E-01 1.39872231256130936E-01 5.14000000000000012E-01
gravity 0.00000000000000000E+00 0.00000000000000000E+00
bias -5.36345780846572902E-06 4.23516473627150170E-22
passive 2.85450172165792715E-01 8.04995854267181177E-02
actuation -5.42664190390218515E-02 0.00000000000000000E+00
tendon_length 2.17824718701720510E+00
tendon_velocity 2.99480182327448510E-03
tendon_force -1.16520512522482145E+00
length -1.30966932305604192E-02
velocity -1.51313303171760980E-02
force -7.75234557700312243E-02
position 0.00000000000000000E+00 0.00000000000000000E+00 0.00000000000000000E+00
quaternion 1.00000000000000000E+00 0.00000000000000000E+00 0.00000000000000000E+00 0.00000000000000000E+00
position 1.00000000000000000E+00 8.12904382420565480E-02 2.00000000000000011E-01
quaternion 9.99771815494720606E-01 0.00000000000000000E+00 0.00000000000000000E+00 2.13615763086444817E-02
unchanged_qpos -1.87095617579434575E-02 4.27264025010681281E-02
unchanged_qvel -2.16161861673944272E-02 2.99485862171333383E-02
unchanged_time 1.25000000000000000E-01
step SUCCESS
step_clamped -1.00000000000000000E+00
qpos -1.91109721392589728E-02 4.33204762658307568E-02
qvel -1.86713784865883484E-02 2.94817823789722544E-02
time 1.45000000000000018E-01
reset_qpos 0.00000000000000000E+00 0.00000000000000000E+00
reset_qvel 0.00000000000000000E+00 0.00000000000000000E+00
forward SUCCESS
forward_clamped -1.00000000000000000E+00
qacc 2.15886818944620668E-01 3.21254513659304131E-01
mass 1.50000000000000000E+00 1.39918850967555325E-01 1.39918850967555325E-01 5.14000000000000012E-01
gravity 0.00000000000000000E+00 0.00000000000000000E+00
bias 8.78201821511618968E-06 -1.05879118406787542E-22
passive 3.58473370821719262E-01 9.67551057535667725E-02
actuation -6.38772421630878079E-03 0.00000000000000000E+00
tendon_length 2.19809810243448922E+00
tendon_velocity 7.51849003113104573E-03
tendon_force -1.20571588092806192E+00
length -4.94237278115204626E-02
velocity -1.01747414249087256E-02
force -9.12532030901254398E-03
position 0.00000000000000000E+00 0.00000000000000000E+00 0.00000000000000000E+00
quaternion 1.00000000000000000E+00 0.00000000000000000E+00 0.00000000000000000E+00 0.00000000000000000E+00
position 1.00000000000000000E+00 2.93946745549707733E-02 2.00000000000000011E-01
quaternion 9.99855080512662697E-01 0.00000000000000000E+00 0.00000000000000000E+00 -1.70240410307482791E-02
unchanged_qpos -7.06053254450292322E-02 -3.40497269003770253E-02
unchanged_qvel -1.45353448927267523E-02 -4.29257897021263074E-02
unchanged_time 1.25000000000000000E-01
step SUCCESS
step_clamped -1.00000000000000000E+00
qpos -7.08506848113743815E-02 -3.48407652590724259E-02
qvel -1.02160076941613352E-02 -3.64987355573796121E-02
time 1.45000000000000018E-01
reset_qpos 0.00000000000000000E+00 0.00000000000000000E+00
reset_qvel 0.00000000000000000E+00 0.00000000000000000E+00
forward SUCCESS
forward_clamped -1.00000000000000000E+00
qacc 1.82580667885782172E-01 1.40596293601569777E-01
mass 1.50000000000000000E+00 1.39914971816388428E-01 1.39914971816388428E-01 5.14000000000000012E-01
gravity 0.00000000000000000E+00 0.00000000000000000E+00
bias -1.80185669993542085E-08 -2.48154183765908302E-24
passive 2.69654625596960573E-01 7.98677611257618270E-02
actuation 2.30847520043323956E-02 0.00000000000000000E+00
tendon_length 2.17587198728487419E+00
tendon_velocity -1.11880033397553993E-02
tendon_force -1.15995028436642333E+00
length -4.39810452562382301E-03
velocity 3.30813747869029215E-02
force 3.29782171490462794E-02
position 0.00000000000000000E+00 0.00000000000000000E+00 0.00000000000000000E+00
quaternion 1.00000000000000000E+00 0.00000000000000000E+00 0.00000000000000000E+00 0.00000000000000000E+00
position 1.00000000000000000E+00 9.37169935348231148E-02 2.00000000000000011E-01
quaternion 9.99848152428994053E-01 0.00000000000000000E+00 0.00000000000000000E+00 1.74261896101005932E-02
unchanged_qpos -6.28300646517689076E-03 3.48541434103996489E-02
unchanged_qvel 4.72591068384327490E-02 1.92182070058632970E-03
unchanged_time 1.25000000000000000E-01
step SUCCESS
step_clamped -1.00000000000000000E+00
qpos -5.29953857495110443E-03 3.49221034560026830E-02
qvel 5.09026888713033712E-02 4.73349866367410010E-03
time 1.45000000000000018E-01
reset_qpos 0.00000000000000000E+00 0.00000000000000000E+00
reset_qvel 0.00000000000000000E+00 0.00000000000000000E+00
forward SUCCESS
forward_clamped -1.00000000000000000E+00
qacc 1.18323566449241746E-01 1.43168716031683019E-01
mass 1.50000000000000000E+00 1.39672733855144698E-01 1.39672733855144698E-01 5.14000000000000012E-01
gravity 0.00000000000000000E+00 0.00000000000000000E+00
bias -1.30604791337504229E-07 2.15066959263787195E-23
passive 2.81589388236013649E-01 7.71850152380526289E-02
actuation -2.65965452643367878E-03 0.00000000000000000E+00
tendon_length 2.17607902582279822E+00
tendon_velocity 6.91140201721137260E-03
tendon_force -1.16091469465260655E+00
length -1.25690867622781643E-02
velocity -2.08463557096635645E-02
force -3.79950646633382683E-03
position 0.00000000000000000E+00 0.00000000000000000E+00 0.00000000000000000E+00
quaternion 1.00000000000000000E+00 0.00000000000000000E+00 0.00000000000000000E+00 0.00000000000000000E+00
position 1.00000000000000000E+00 8.20441617681740565E-02 2.00000000000000011E-01
quaternion 9.99415425306115046E-01 0.00000000000000000E+00 0.00000000000000000E+00 3.41878291237862064E-02
unchanged_qpos -1.79558382318259491E-02 6.83889849236292563E-02
unchanged_qvel -2.97805081566622359E-02 3.69480695748873600E-03
unchanged_time 1.25000000000000000E-01
step SUCCESS
step_clamped -1.00000000000000000E+00
qpos -1.85265744469335913E-02 6.84929471978107385E-02
qvel -2.74103272668918853E-02 6.55826496288431857E-03
time 1.45000000000000018E-01
reset_qpos 0.00000000000000000E+00 0.00000000000000000E+00
reset_qvel 0.00000000000000000E+00 0.00000000000000000E+00
forward SUCCESS
forward_clamped -1.00000000000000000E+00
qacc 1.18740112867653860E-01 -3.72434887635985229E-02
mass 1.50000000000000000E+00 1.39889867728878320E-01 1.39889867728878320E-01 5.14000000000000012E-01
gravity 0.00000000000000000E+00 0.00000000000000000E+00
bias -1.22686118386719543E-05 1.27054942088145051E-21
passive 2.91940735138606300E-01 8.15947543301932671E-02
actuation -5.96234687978740643E-02 0.00000000000000000E+00
tendon_length 2.17989236207907311E+00
tendon_velocity -3.38428812776926788E-03
tendon_force -1.16835869806697046E+00
length -1.70935717589437500E-02
velocity -6.10252884808704099E-04
force -8.51763839969629510E-02
position 0.00000000000000000E+00 0.00000000000000000E+00 0.00000000000000000E+00
quaternion 1.00000000000000000E+00 0.00000000000000000E+00 0.00000000000000000E+00 0.00000000000000000E+00
position 1.00000000000000000E+00 7.55806117729375115E-02 2.00000000000000011E-01
quaternion 9.99803315887820232E-01 0.00000000000000000E+00 0.00000000000000000E+00 1.98325373999362932E-02
unchanged_qpos -2.44193882270625010E-02 3.96676755011542426E-02
unchanged_qvel -8.71789835441005856E-04 4.70080536837926555E-02
unchanged_time 1.25000000000000000E-01
step SUCCESS
step_clamped -1.00000000000000000E+00
qpos -2.44118963238630672E-02 4.06000024552808508E-02
qvel 1.50190744474465931E-03 4.62613230909783985E-02
time 1.45000000000000018E-01
lifecycle PASS
