create SUCCESS
reset_qpos 0.00000000000000000E+00 0.00000000000000000E+00
reset_qvel 0.00000000000000000E+00 0.00000000000000000E+00
forward SUCCESS
forward_clamped -1.00000000000000000E+00
qacc 1.06491234245313770E-02 1.71763154800075285E-01
mass 1.50000000000000000E+00 1.39661812180944478E-01 1.39661812180944478E-01 5.14000000000000012E-01
gravity 0.00000000000000000E+00 0.00000000000000000E+00
bias 1.27954303474622593E-05 -2.54109884176290102E-21
passive -8.60166439582637425E-04 -1.40876576330864750E-05
actuation 4.17897904228842695E-02 0.00000000000000000E+00
tendon_length 2.17189873513762066E+00
tendon_velocity -7.54906923935725650E-03
tendon_force 2.26643472729587116E-04
length 3.20087291914762234E-02
velocity 1.90412487680957157E-02
force 5.96997006041203870E-02
position 0.00000000000000000E+00 0.00000000000000000E+00 0.00000000000000000E+00
quaternion 1.00000000000000000E+00 0.00000000000000000E+00 0.00000000000000000E+00 0.00000000000000000E+00
position 1.00000000000000000E+00 1.45726755987823198E-01 2.00000000000000011E-01
quaternion 9.99395910718328007E-01 0.00000000000000000E+00 0.00000000000000000E+00 -3.47536133298964739E-02
unchanged_qpos 4.57267559878231783E-02 -6.95212262328561287E-02
unchanged_qvel 2.72017839544224510E-02 3.62726818264282047E-02
unchanged_time 1.25000000000000000E-01
step SUCCESS
step_clamped -1.00000000000000000E+00
qpos 4.85006468617680195E-02 -6.50265449842574034E-02
qvel 2.82647443322419610E-02 5.34492682015376419E-02
time 2.25000000000000089E-01
reset_qpos 0.00000000000000000E+00 0.00000000000000000E+00
reset_qvel 0.00000000000000000E+00 0.00000000000000000E+00
forward SUCCESS
forward_clamped -1.00000000000000000E+00
qacc 2.73962068493941325E-03 -1.36544599153645391E-01
mass 1.50000000000000000E+00 1.39991889017222787E-01 1.39991889017222787E-01 5.14000000000000012E-01
gravity 0.00000000000000000E+00 0.00000000000000000E+00
bias 1.06009326163563873E-07 8.93355061557269889E-23
passive 2.00404209066747802E-05 1.25517278569405279E-06
actuation -6.64757309546872011E-02 0.00000000000000000E+00
tendon_length 2.16419871141965903E+00
tendon_velocity 6.41652191155189485E-04
tendon_force -1.92508011514383862E-05
length 4.72258566767934096E-02
velocity -3.91467870884484154E-04
force -9.49653299352674340E-02
position 0.00000000000000000E+00 0.00000000000000000E+00 0.00000000000000000E+00
quaternion 1.00000000000000000E+00 0.00000000000000000E+00 0.00000000000000000E+00 0.00000000000000000E+00
position 1.00000000000000000E+00 1.67465509538276325E-01 2.00000000000000011E-01
quaternion 9.99985515997290464E-01 0.00000000000000000E+00 0.00000000000000000E+00 -5.38217387613675134E-03
unchanged_qpos 6.74655095382763054E-02 -1.07643997228552696E-02
unchanged_qvel -5.59239815549263108E-04 -8.38720589530702471E-03
unchanged_time 1.25000000000000000E-01
step SUCCESS
step_clamped -1.00000000000000000E+00
qpos 6.74549000054593950E-02 -1.09608181483582170E-02
qvel -5.04454979498216794E-04 -1.11180897088843222E-02
time 1.45000000000000018E-01
reset_qpos 0.00000000000000000E+00 0.00000000000000000E+00
reset_qvel 0.00000000000000000E+00 0.00000000000000000E+00
forward SUCCESS
forward_clamped -1.00000000000000000E+00
qacc -8.43472301969645233E-02 -1.36971370049782881E-01
mass 1.50000000000000000E+00 1.39891227312260363E-01 1.39891227312260363E-01 5.14000000000000012E-01
gravity 0.00000000000000000E+00 0.00000000000000000E+00
bias 6.48085323888656319E-06 -1.05879118406787542E-22
passive 8.80087298262700771E-04 1.21312522188614980E-05
actuation -6.59751418947788076E-02 0.00000000000000000E+00
tendon_length 2.19574391428455229E+00
tendon_velocity 5.50190202499444524E-03
tendon_force -1.65148040075179718E-04
length -4.28491617032900896E-02
velocity -1.94215725707506080E-02
force -9.42502027068268800E-02
position 0.00000000000000000E+00 0.00000000000000000E+00 0.00000000000000000E+00
quaternion 1.00000000000000000E+00 0.00000000000000000E+00 0.00000000000000000E+00 0.00000000000000000E+00
position 1.00000000000000000E+00 3.87869118524427348E-02 2.00000000000000011E-01
quaternion 9.99805744189947720E-01 0.00000000000000000E+00 0.00000000000000000E+00 -1.97097408604106766E-02
unchanged_qpos -6.12130881475572708E-02 -3.94220344069566089E-02
unchanged_qvel -2.77451036725008711E-02 3.42719493091797611E-02
unchanged_time 1.25000000000000000E-01
step SUCCESS
step_clamped -1.00000000000000000E+00
qpos -6.17857001441314141E-02 -3.87653599819452119E-02
qvel -2.94316377655784132E-02 3.15324446860558924E-02
time 1.45000000000000018E-01
reset_qpos 0.00000000000000000E+00 0.00000000000000000E+00
reset_qvel 0.00000000000000000E+00 0.00000000000000000E+00
forward SUCCESS
forward_clamped -1.00000000000000000E+00
qacc -7.40157862715561804E-02 -2.30720426849701198E-02
mass 1.50000000000000000E+00 1.39797397078222640E-01 1.39797397078222640E-01 5.14000000000000012E-01
gravity 0.00000000000000000E+00 0.00000000000000000E+00
bias -4.55672100267101038E-07 -6.61744490042422140E-24
passive 9.47142311089595157E-04 1.83024068662500268E-05
actuation -6.94252065632693371E-02 0.00000000000000000E+00
tendon_length 2.18773981699906983E+00
tendon_velocity 7.60231432149379924E-03
tendon_force -2.28243254571090082E-04
length -4.07840116131827773E-02
velocity -2.06121861274787682E-02
force -9.91788665189562019E-02
position 0.00000000000000000E+00 0.00000000000000000E+00 0.00000000000000000E+00
quaternion 1.00000000000000000E+00 0.00000000000000000E+00 0.00000000000000000E+00 0.00000000000000000E+00
position 1.00000000000000000E+00 4.17371262668817522E-02 2.00000000000000011E-01
quaternion 9.99638143598227003E-01 0.00000000000000000E+00 0.00000000000000000E+00 2.68994770114701701E-02
unchanged_qpos -5.82628737331182533E-02 5.38054441276517165E-02
unchanged_qvel -2.94459801821125300E-02 7.77953924059955615E-03
unchanged_time 1.25000000000000000E-01
step SUCCESS
step_clamped -1.00000000000000000E+00
qpos -5.88673341462571248E-02 5.39561892378775526E-02
qvel -3.09259531390773806E-02 7.31802458591521068E-03
time 1.45000000000000018E-01
reset_qpos 0.00000000000000000E+00 0.00000000000000000E+00
reset_qvel 0.00000000000000000E+00 0.00000000000000000E+00
forward SUCCESS
forward_clamped -1.00000000000000000E+00
qacc -4.97317180692579686E-02 6.61846575353685768E-02
mass 1.50000000000000000E+00 1.39683808200460807E-01 1.39683808200460807E-01 5.14000000000000012E-01
gravity 0.00000000000000000E+00 0.00000000000000000E+00
bias -5.11627991645679897E-06 -4.23516473627150170E-22
passive 8.64237553002502527E-04 1.65476933932086404E-05
actuation -3.16708086154822085E-02 0.00000000000000000E+00
tendon_length 2.16713617160033589E+00
tendon_velocity 7.34106946436744595E-03
tendon_force -2.20394153453448656E-04
length 1.57467079790337035E-02
velocity -1.91127427764804549E-02
force -4.52440123078317324E-02
position 0.00000000000000000E+00 0.00000000000000000E+00 0.00000000000000000E+00
quaternion 1.00000000000000000E+00 0.00000000000000000E+00 0.00000000000000000E+00 0.00000000000000000E+00
position 1.00000000000000000E+00 1.22495297112905299E-01 2.00000000000000011E-01
quaternion 9.99435212293960373E-01 0.00000000000000000E+00 0.00000000000000000E+00 3.36044108254574050E-02
unchanged_qpos 2.24952971129052937E-02 6.72214774154910183E-02
unchanged_qvel -2.73039182521149365E-02 -2.33250544850988617E-02
unchanged_time 1.25000000000000000E-01
step SUCCESS
step_clamped -1.00000000000000000E+00
qpos 2.19387766508286723E-02 6.67688747417661960E-02
qvel -2.82983393902971579E-02 -2.20014103130413141E-02
time 1.45000000000000018E-01
reset_qpos 0.00000000000000000E+00 0.00000000000000000E+00
reset_qvel 0.00000000000000000E+00 0.00000000000000000E+00
forward SUCCESS
forward_clamped -1.00000000000000000E+00
qacc -2.57512319012660335E-02 -1.71064684118714921E-01
mass 1.50000000000000000E+00 1.39872027298572621E-01 1.39872027298572621E-01 5.14000000000000012E-01
gravity 0.00000000000000000E+00 0.00000000000000000E+00
bias 9.42045064721647649E-07 5.29395592033937712E-23
passive 1.80376942495272198E-04 4.01663866138417705E-06
actuation 2.88885164866509066E-02 0.00000000000000000E+00
tendon_length 2.17470016851692938E+00
tendon_velocity 2.01928326906250944E-03
tendon_force -6.05907388202748916E-05
length 1.64727367259632634E-02
velocity -3.90806377891266769E-03
force 4.12693092666441552E-02
position 0.00000000000000000E+00 0.00000000000000000E+00 0.00000000000000000E+00
quaternion 1.00000000000000000E+00 0.00000000000000000E+00 0.00000000000000000E+00 0.00000000000000000E+00
position 1.00000000000000000E+00 1.23532481037090386E-01 2.00000000000000011E-01
quaternion 9.99771451201603045E-01 0.00000000000000000E+00 0.00000000000000000E+00 -2.13786192781615508E-02
unchanged_qpos 2.35324810370903803E-02 -4.27604962259712437E-02
unchanged_qvel -5.58294825558952601E-03 -1.25463278361471683E-02
unchanged_time 1.25000000000000000E-01
step SUCCESS
step_clamped -1.00000000000000000E+00
qpos 2.34154151795159908E-02 -4.30473465208525419E-02
qvel -6.09785453779141361E-03 -1.59676421373038321E-02
time 1.45000000000000018E-01
reset_qpos 0.00000000000000000E+00 0.00000000000000000E+00
reset_qvel 0.00000000000000000E+00 0.00000000000000000E+00
forward SUCCESS
forward_clamped -1.00000000000000000E+00
qacc -3.91695902496682763E-02 1.84333116761604243E-01
mass 1.50000000000000000E+00 1.39922705238638034E-01 1.39922705238638034E-01 5.14000000000000012E-01
gravity 0.00000000000000000E+00 0.00000000000000000E+00
bias -2.46949656650716676E-06 4.76456032830543941E-22
passive -1.38344241112749958E-03 -2.20664818296313237E-05
actuation -5.05103452864199068E-03 0.00000000000000000E+00
tendon_length 2.16711738953161515E+00
tendon_velocity -1.02833790298046627E-02
tendon_force 3.08819701992527312E-04
length 2.45177492698932589E-02
velocity 3.08690246868805820E-02
force -7.21576361234570196E-03
position 0.00000000000000000E+00 0.00000000000000000E+00 0.00000000000000000E+00
quaternion 1.00000000000000000E+00 0.00000000000000000E+00 0.00000000000000000E+00 0.00000000000000000E+00
position 1.00000000000000000E+00 1.35025356099847504E-01 2.00000000000000011E-01
quaternion 9.99861964113471946E-01 0.00000000000000000E+00 0.00000000000000000E+00 1.66148343100355096E-02
unchanged_qpos 3.50253560998475127E-02 3.32311976667523518E-02
unchanged_qvel 4.40986066955436906E-02 2.30413099735272825E-02
unchanged_time 1.25000000000000000E-01
step SUCCESS
step_clamped -1.00000000000000000E+00
qpos 3.58991039111861768E-02 3.37307334391245064E-02
qvel 4.33153914401395168E-02 2.67279199231676250E-02
time 1.45000000000000018E-01
reset_qpos 0.00000000000000000E+00 0.00000000000000000E+00
reset_qvel 0.00000000000000000E+00 0.00000000000000000E+00
forward SUCCESS
forward_clamped -1.00000000000000000E+00
qacc -1.42066413808231620E-02 1.87009921794886930E-01
mass 1.50000000000000000E+00 1.39737184622783173E-01 1.39737184622783173E-01 5.14000000000000012E-01
gravity 0.00000000000000000E+00 0.00000000000000000E+00
bias 1.16268493410132259E-06 1.05879118406787542E-22
passive -6.21932979200895235E-04 -8.06433601665419765E-06
actuation -6.62733003419624517E-02 0.00000000000000000E+00
tendon_length 2.18276051962702589E+00
tendon_velocity -3.99282595417537519E-03
tendon_force 1.19832670258825290E-04
length -4.54833850058699012E-03
velocity 1.38360836879969275E-02
force -9.46761433456606571E-02
position 0.00000000000000000E+00 0.00000000000000000E+00 0.00000000000000000E+00
quaternion 1.00000000000000000E+00 0.00000000000000000E+00 0.00000000000000000E+00 0.00000000000000000E+00
position 1.00000000000000000E+00 9.35023735705900194E-02 2.00000000000000011E-01
quaternion 9.99530576647256530E-01 0.00000000000000000E+00 0.00000000000000000E+00 -3.06370094363502925E-02
unchanged_qpos -6.49762642940998614E-03 -6.12836084918196300E-02
unchanged_qvel 1.97658338399956113E-02 -1.16447663672944110E-02
unchanged_time 1.25000000000000000E-01
step SUCCESS
step_clamped -1.00000000000000000E+00
qpos -6.10529270362356134E-03 -6.14772319049988608E-02
qvel 1.94817613069370558E-02 -7.90459128057380625E-03
time 1.45000000000000018E-01
reset_qpos 0.00000000000000000E+00 0.00000000000000000E+00
reset_qvel 0.00000000000000000E+00 0.00000000000000000E+00
forward SUCCESS
forward_clamped -1.00000000000000000E+00
qacc 7.72030869092219744E-03 1.67187567881991211E-01
mass 1.50000000000000000E+00 1.39886043018108253E-01 1.39886043018108253E-01 5.14000000000000012E-01
gravity 0.00000000000000000E+00 0.00000000000000000E+00
bias 5.73627919237908233E-06 6.35274710440725254E-22
passive 1.40207933060669423E-03 1.75783645333895887E-05
actuation -4.57669471438044428E-02 0.00000000000000000E+00
tendon_length 2.18113304046081069E+00
tendon_velocity 8.49440865370366255E-03
tendon_force -2.55049337460110939E-04
length -3.96097057217579662E-03
velocity -3.12919288424131289E-02
force -6.53813530625777795E-02
position 0.00000000000000000E+00 0.00000000000000000E+00 0.00000000000000000E+00
quaternion 1.00000000000000000E+00 0.00000000000000000E+00 0.00000000000000000E+00 0.00000000000000000E+00
position 1.00000000000000000E+00 9.43414706111774387E-02 2.00000000000000011E-01
quaternion 9.99796484680236075E-01 0.00000000000000000E+00 0.00000000000000000E+00 -2.01739738535126854E-02
unchanged_qpos -5.65852938882256684E-03 -4.03506850716913931E-02
unchanged_qvel -4.47027554891616177E-02 3.18701857899626601E-02
unchanged_time 1.25000000000000000E-01
step SUCCESS
step_clamped -1.00000000000000000E+00
qpos -6.55096362027056400E-03 -3.96781719247490949E-02
qvel -4.45484030149880042E-02 3.52139427111211670E-02
time 1.45000000000000018E-01
reset_qpos 0.00000000000000000E+00 0.00000000000000000E+00
reset_qvel 0.00000000000000000E+00 0.00000000000000000E+00
forward SUCCESS
forward_clamped -1.00000000000000000E+00
qacc 8.66967961762587086E-02 -5.64260319165693219E-02
mass 1.50000000000000000E+00 1.39673612299974020E-01 1.39673612299974020E-01 5.14000000000000012E-01
gravity 0.00000000000000000E+00 0.00000000000000000E+00
bias 1.33613992873719247E-06 -5.29395592033937712E-23
passive -9.36193835815049861E-04 -1.73068583474949045E-05
actuation 4.59628374829113701E-02 0.00000000000000000E+00
tendon_length 2.20281927903718966E+00
tendon_velocity -7.94814000946591527E-03
tendon_force 2.38634221180096989E-04
length -5.45355644641071433E-02
velocity 2.01403683642872103E-02
force 6.56611964041591001E-02
position 0.00000000000000000E+00 0.00000000000000000E+00 0.00000000000000000E+00
quaternion 1.00000000000000000E+00 0.00000000000000000E+00 0.00000000000000000E+00 0.00000000000000000E+00
position 1.00000000000000000E+00 2.20920507655612275E-02 2.00000000000000011E-01
quaternion 9.99416994873893683E-01 0.00000000000000000E+00 0.00000000000000000E+00 -3.41419149614587761E-02
unchanged_qpos -7.79079492344387781E-02 -6.82971029592268075E-02
unchanged_qvel 2.87719548061245861E-02 -1.18257761041376669E-02
unchanged_time 1.25000000000000000E-01
step SUCCESS
step_clamped -1.00000000000000000E+00
qpos -7.73143067357917463E-02 -6.85454672478000848E-02
qvel 3.05054907180522701E-02 -1.29542015104631668E-02
time 1.45000000000000018E-01
reset_qpos 0.00000000000000000E+00 0.00000000000000000E+00
reset_qvel 0.00000000000000000E+00 0.00000000000000000E+00
forward SUCCESS
forward_clamped -1.00000000000000000E+00
qacc 8.89627063711624366E-02 2.47038564332552023E-02
mass 1.50000000000000000E+00 1.39995024372122190E-01 1.39995024372122190E-01 5.14000000000000012E-01
gravity 0.00000000000000000E+00 0.00000000000000000E+00
bias 1.88314561432691713E-06 -1.29701920048314739E-21
passive -3.13715890821293143E-04 -1.17441719164094086E-05
actuation 5.62187613233193842E-02 0.00000000000000000E+00
tendon_length 2.18573643001251749E+00
tendon_velocity -5.31260577029206513E-03
tendon_force 1.59462994390790439E-04
length -2.31985285542008930E-02
velocity 6.34715106063149341E-03
force 8.03125161761705508E-02
position 0.00000000000000000E+00 0.00000000000000000E+00 0.00000000000000000E+00
quaternion 1.00000000000000000E+00 0.00000000000000000E+00 0.00000000000000000E+00 0.00000000000000000E+00
position 1.00000000000000000E+00 6.68592449225701574E-02 2.00000000000000011E-01
quaternion 9.99991114910745660E-01 0.00000000000000000E+00 0.00000000000000000E+00 -4.21545959107471474E-03
unchanged_qpos -3.31407550774298482E-02 -8.43094415206131764E-03
unchanged_qvel 9.06735865804499108E-03 3.99431581631630450E-02
unchanged_time 1.25000000000000000E-01
step SUCCESS
step_clamped -1.00000000000000000E+00
qpos -3.29407287043847891E-02 -7.62689252548248795E-03
qvel 1.08462070044928142E-02 4.04373236765705885E-02
time 1.45000000000000018E-01
reset_qpos 0.00000000000000000E+00 0.00000000000000000E+00
reset_qvel 0.00000000000000000E+00 0.00000000000000000E+00
forward SUCCESS
forward_clamped -1.00000000000000000E+00
qacc 2.79540248179364972E-02 -1.79441415392397302E-01
mass 1.50000000000000000E+00 1.39564052642266068E-01 1.39564052642266068E-01 5.14000000000000012E-01
gravity 0.00000000000000000E+00 0.00000000000000000E+00
bias -5.84445585895732032E-06 -3.17637355220362627E-22
passive 1.39729844716776131E-03 2.29315645364014801E-05
actuation 3.47658357948174013E-02 0.00000000000000000E+00
tendon_length 2.16333365190846250E+00
tendon_velocity 1.02064685674921312E-02
tendon_force -3.06507636254871514E-04
length 2.61161760219739934E-02
velocity -3.12440549673100969E-02
force 4.96654797068820097E-02
position 0.00000000000000000E+00 0.00000000000000000E+00 0.00000000000000000E+00
quaternion 1.00000000000000000E+00 0.00000000000000000E+00 0.00000000000000000E+00 0.00000000000000000E+00
position 1.00000000000000000E+00 1.37308822888534299E-01 2.00000000000000011E-01
quaternion 9.99221219325805876E-01 0.00000000000000000E+00 0.00000000000000000E+00 3.94582671825548792E-02
unchanged_qpos 3.73088228885342793E-02 7.89370269728965762E-02
unchanged_qvel -4.46343642390144291E-02 -2.30087591027333671E-02
unchanged_time 1.25000000000000000E-01
step SUCCESS
step_clamped -1.00000000000000000E+00
qpos 3.64220052537690339E-02 7.84391693231438480E-02
qvel -4.40753771238832012E-02 -2.65975562655292735E-02
time 1.45000000000000018E-01
lifecycle PASS
