create SUCCESS
reset_qpos 0.00000000000000000E+00 0.00000000000000000E+00 0.00000000000000000E+00
reset_qvel 0.00000000000000000E+00 0.00000000000000000E+00 0.00000000000000000E+00
forward SUCCESS
forward_clamped -1.00000000000000000E+00
qacc 9.46258033074340310E-02 -3.04265641819784632E-02 2.53798618408008547E-01
mass 4.68392857142857277E-01 0.00000000000000000E+00 0.00000000000000000E+00 0.00000000000000000E+00 1.50000000000000000E+00 1.39581046356295757E-01 0.00000000000000000E+00 1.39581046356295757E-01 5.14000000000000012E-01
gravity 7.44736358760046818E-02 0.00000000000000000E+00 0.00000000000000000E+00
bias -2.64697796016968856E-23 2.34863434514592741E-05 1.27054942088145051E-21
passive -1.04032845649472413E-04 -8.59815780892162797E-03 5.73925530390986816E-02
actuation 0.00000000000000000E+00 -6.69975442016311901E-02 0.00000000000000000E+00
tendon_length 2.10602409364783805E+00
tendon_velocity 1.79390425195743108E-03
tendon_force -1.01851894898437623E+00
length -1.64343564770095402E-02
velocity -9.74433785732773013E-03
force -9.57107774309017140E-02
position 0.00000000000000000E+00 0.00000000000000000E+00 0.00000000000000000E+00
quaternion 1.00000000000000000E+00 0.00000000000000000E+00 0.00000000000000000E+00 0.00000000000000000E+00
position 4.00000000000000008E-02 0.00000000000000000E+00 1.00000000000000006E-01
quaternion 9.99664245045880473E-01 6.92509503209566817E-03 1.38501900641913363E-02 2.07752850962870036E-02
position 1.00000000000000000E+00 7.65223478899863807E-02 2.00000000000000011E-01
quaternion 9.99251588433448967E-01 0.00000000000000000E+00 0.00000000000000000E+00 -3.86815590847798679E-02
unchanged_qpos 5.18284666465662763E-02 -2.34776521100136318E-02 -7.73824237665837050E-02
unchanged_qvel 5.20164228247362026E-03 -1.39204826533253292E-02 -4.65842683936393276E-02
unchanged_time 1.25000000000000000E-01
step SUCCESS
step_clamped -1.00000000000000000E+00
qpos 5.28257741558540786E-02 -2.50223230765214098E-02 -8.07578823695901393E-02
qvel 1.46430610562612012E-02 -1.69323477498782328E-02 -2.11682078269475292E-02
time 2.25000000000000089E-01
reset_qpos 0.00000000000000000E+00 0.00000000000000000E+00 0.00000000000000000E+00
reset_qvel 0.00000000000000000E+00 0.00000000000000000E+00 0.00000000000000000E+00
forward SUCCESS
forward_clamped -1.00000000000000000E+00
qacc 1.30821452126015318E-02 -9.04117851922921351E-02 2.05093228529712790E-01
mass 4.68392857142857277E-01 0.00000000000000000E+00 0.00000000000000000E+00 0.00000000000000000E+00 1.50000000000000000E+00 1.39999799549280129E-01 0.00000000000000000E+00 1.39999799549280129E-01 5.14000000000000012E-01
gravity 7.46847478999344144E-02 0.00000000000000000E+00 0.00000000000000000E+00
bias 0.00000000000000000E+00 -1.11039891535827188E-07 2.15066959263787195E-23
passive -6.49365054085979999E-04 -5.70270880059464483E-02 4.47871208832912038E-02
actuation 0.00000000000000000E+00 -5.77998457670435110E-03 0.00000000000000000E+00
tendon_length 2.10571543820232332E+00
tendon_velocity -2.78189301696173986E-03
tendon_force -1.01775571611158933E+00
length 4.88625334930218938E-02
velocity -2.23852050148111333E-02
force -8.25712082386335922E-03
position 0.00000000000000000E+00 0.00000000000000000E+00 0.00000000000000000E+00
quaternion 1.00000000000000000E+00 0.00000000000000000E+00 0.00000000000000000E+00 0.00000000000000000E+00
position 4.00000000000000008E-02 0.00000000000000000E+00 1.00000000000000006E-01
quaternion 9.99921849889019776E-01 3.34123709468657059E-03 6.68247418937314118E-03 1.00237112840597109E-02
position 1.00000000000000000E+00 1.69803619275745554E-01 2.00000000000000011E-01
quaternion 9.99999642052221693E-01 0.00000000000000000E+00 0.00000000000000000E+00 8.46106038512109090E-04
unchanged_qpos 2.50041802758090431E-02 6.98036192757455626E-02 1.69221227893209814E-03
unchanged_qvel 3.24682527042989971E-02 -3.19788643068730505E-02 2.16495153812013008E-02
unchanged_time 1.25000000000000000E-01
step SUCCESS
step_clamped -1.00000000000000000E+00
qpos 2.56562910846713094E-02 6.91450721434733739E-02 2.16826514125572928E-03
qvel 3.27296874298373744E-02 -3.37847353515321261E-02 2.57503698512790008E-02
time 1.45000000000000018E-01
reset_qpos 0.00000000000000000E+00 0.00000000000000000E+00 0.00000000000000000E+00
reset_qvel 0.00000000000000000E+00 0.00000000000000000E+00 0.00000000000000000E+00
forward SUCCESS
forward_clamped -1.00000000000000000E+00
qacc -5.35477918231302072E-02 -4.94559645792196356E-02 2.51435029813558142E-01
mass 4.68392857142857166E-01 0.00000000000000000E+00 0.00000000000000000E+00 0.00000000000000000E+00 1.50000000000000000E+00 1.39966304375860495E-01 0.00000000000000000E+00 1.39966304375860495E-01 5.14000000000000123E-01
gravity 7.43923325996653922E-02 0.00000000000000000E+00 0.00000000000000000E+00
bias 0.00000000000000000E+00 2.62696381131450664E-07 -1.65436122510605535E-23
passive 2.03855856751183635E-04 1.28193892674504165E-02 5.41106981323927760E-02
actuation 0.00000000000000000E+00 -6.57870796160443666E-02 0.00000000000000000E+00
tendon_length 2.10363026498945871E+00
tendon_velocity 2.78161741678317797E-04
tendon_force -1.01361916908778360E+00
length -5.26656435345733004E-02
velocity 9.41739491445210686E-03
force -9.39815423086348134E-02
position 0.00000000000000000E+00 0.00000000000000000E+00 0.00000000000000000E+00
quaternion 1.00000000000000000E+00 0.00000000000000000E+00 0.00000000000000000E+00 0.00000000000000000E+00
position 4.00000000000000008E-02 0.00000000000000000E+00 1.00000000000000006E-01
quaternion 9.99539979010927948E-01 8.10568741613706782E-03 1.62113748322741356E-02 2.43170622484112017E-02
position 1.00000000000000000E+00 2.47633663791810010E-02 2.00000000000000011E-01
quaternion 9.99939827432238859E-01 0.00000000000000000E+00 0.00000000000000000E+00 -1.09700280211364257E-02
unchanged_qpos 6.06667133300886202E-02 -7.52366336208190045E-02 -2.19404961160346440E-02
unchanged_qvel -1.01927928375591809E-02 1.34534213063601527E-02 -9.24820030751991734E-03
unchanged_time 1.25000000000000000E-01
step SUCCESS
step_clamped -1.00000000000000000E+00
qpos 6.04516162408627530E-02 -7.49779548409390401E-02 -2.20726572488275270E-02
qvel -1.12632278618172120E-02 1.24637390563972859E-02 -4.21929483385747022E-03
time 1.45000000000000018E-01
reset_qpos 0.00000000000000000E+00 0.00000000000000000E+00 0.00000000000000000E+00
reset_qvel 0.00000000000000000E+00 0.00000000000000000E+00 0.00000000000000000E+00
forward SUCCESS
forward_clamped -1.00000000000000000E+00
qacc 1.93656567145418262E-01 -6.76357060525648868E-02 6.64794351241413707E-03
mass 4.68392857142857166E-01 0.00000000000000000E+00 0.00000000000000000E+00 0.00000000000000000E+00 1.50000000000000000E+00 1.39893783719925113E-01 0.00000000000000000E+00 1.39893783719925113E-01 5.14000000000000012E-01
gravity 7.48878242634725133E-02 0.00000000000000000E+00 0.00000000000000000E+00
bias -1.05879118406787542E-22 5.20844410411333373E-06 -5.29395592033937712E-22
passive 3.31715356898745479E-04 -7.12600587342937779E-03 5.36626553220366995E-02
actuation 0.00000000000000000E+00 -4.14126737269232964E-02 0.00000000000000000E+00
tendon_length 2.10431743400005988E+00
tendon_velocity 1.11041825448318860E-03
tendon_force -1.01503756689626279E+00
length -2.03611109871196932E-02
velocity -2.48390945462006012E-02
force -5.91609624670332845E-02
position 0.00000000000000000E+00 0.00000000000000000E+00 0.00000000000000000E+00
quaternion 1.00000000000000000E+00 0.00000000000000000E+00 0.00000000000000000E+00 0.00000000000000000E+00
position 4.00000000000000008E-02 0.00000000000000000E+00 1.00000000000000006E-01
quaternion 9.99981951822340731E-01 -1.60570477587778835E-03 -3.21140955175557670E-03 -4.81711432763336569E-03
position 1.00000000000000000E+00 7.09126985898290152E-02 2.00000000000000011E-01
quaternion 9.99810310080161968E-01 0.00000000000000000E+00 0.00000000000000000E+00 -1.94767517160929979E-02
unchanged_qpos -1.20160665607376427E-02 -2.90873014101709904E-02 -3.89559666480670530E-02
unchanged_qvel -1.65857678449372742E-02 -3.54844207802865741E-02 -3.09070759057324083E-02
unchanged_time 1.25000000000000000E-01
step SUCCESS
step_clamped -1.00000000000000000E+00
qpos -1.23071265892194023E-02 -2.98111753216588928E-02 -3.95727040913924286E-02
qvel -1.27143471637155905E-02 -3.68345709234345342E-02 -3.07729696526705919E-02
time 1.45000000000000018E-01
reset_qpos 0.00000000000000000E+00 0.00000000000000000E+00 0.00000000000000000E+00
reset_qvel 0.00000000000000000E+00 0.00000000000000000E+00 0.00000000000000000E+00
forward SUCCESS
forward_clamped -1.00000000000000000E+00
qacc 2.58903846029607421E-01 -1.50704431065139585E-02 2.70604067802438786E-01
mass 4.68392857142857277E-01 0.00000000000000000E+00 0.00000000000000000E+00 0.00000000000000000E+00 1.50000000000000000E+00 1.39830153562353926E-01 0.00000000000000000E+00 1.39830153562353926E-01 5.14000000000000012E-01
gravity 7.49773625603597921E-02 0.00000000000000000E+00 0.00000000000000000E+00
bias 8.47032947254300339E-21 -4.25063997472570899E-06 -1.79994501291538822E-21
passive 7.30208757520588994E-04 -1.87642949411245090E-02 4.33282300571893320E-02
actuation 0.00000000000000000E+00 2.50173638510450894E-02 0.00000000000000000E+00
tendon_length 2.10022417592810751E+00
tendon_velocity -2.31033649413636254E-03
tendon_force -1.00663519233314980E+00
length -8.82550025227864937E-03
velocity -3.47403575912337489E-02
force 3.57390912157787011E-02
position 0.00000000000000000E+00 0.00000000000000000E+00 0.00000000000000000E+00
quaternion 1.00000000000000000E+00 0.00000000000000000E+00 0.00000000000000000E+00 0.00000000000000000E+00
position 4.00000000000000008E-02 0.00000000000000000E+00 1.00000000000000006E-01
quaternion 9.99777973245440266E-01 -5.63157053227434246E-03 -1.12631410645486849E-02 -1.68947115968230283E-02
position 1.00000000000000000E+00 8.73921424967447902E-02 2.00000000000000011E-01
quaternion 9.99696656781363324E-01 0.00000000000000000E+00 0.00000000000000000E+00 2.46291376252786715E-02
unchanged_qpos -4.21459341836121840E-02 -1.26078575032552154E-02 4.92632565762361335E-02
unchanged_qvel -3.65104378760294501E-02 -4.96290822731910719E-02 2.48307262948787161E-02
unchanged_time 1.25000000000000000E-01
step SUCCESS
step_clamped -1.00000000000000000E+00
qpos -4.28217899717283010E-02 -1.36035825226343780E-02 4.98166902824244695E-02
qvel -3.13346560842383756E-02 -4.99274335670630912E-02 3.02416956231166857E-02
time 1.45000000000000018E-01
reset_qpos 0.00000000000000000E+00 0.00000000000000000E+00 0.00000000000000000E+00
reset_qvel 0.00000000000000000E+00 0.00000000000000000E+00 0.00000000000000000E+00
forward SUCCESS
forward_clamped -1.00000000000000000E+00
qacc 5.77713159990673186E-02 1.58886182374105324E-02 2.31409321843849491E-01
mass 4.68392857142857166E-01 0.00000000000000000E+00 0.00000000000000000E+00 0.00000000000000000E+00 1.50000000000000000E+00 1.39999007250033780E-01 0.00000000000000000E+00 1.39999007250033780E-01 5.14000000000000012E-01
gravity 7.48409768832260791E-02 0.00000000000000000E+00 0.00000000000000000E+00
bias 4.02340649945792661E-21 1.53997131314552141E-07 1.65436122510605535E-23
passive -3.85442895416464337E-04 -1.40254445504320157E-02 4.94110991914099643E-02
actuation 0.00000000000000000E+00 5.63662006937554402E-02 0.00000000000000000E+00
tendon_length 2.10279556861042938E+00
tendon_velocity 3.81871932007852557E-04
tendon_force -1.01192974570375438E+00
length -1.30326953899866631E-02
velocity -2.08850432179267624E-02
force 8.05231438482220674E-02
position 0.00000000000000000E+00 0.00000000000000000E+00 0.00000000000000000E+00
quaternion 1.00000000000000000E+00 0.00000000000000000E+00 0.00000000000000000E+00 0.00000000000000000E+00
position 4.00000000000000008E-02 0.00000000000000000E+00 1.00000000000000006E-01
quaternion 9.99999686122056475E-01 -2.11753864624334684E-04 -4.23507729248669368E-04 -6.35261593873004079E-04
position 1.00000000000000000E+00 8.13818637285904922E-02 2.00000000000000011E-01
quaternion 9.99998227230631698E-01 0.00000000000000000E+00 0.00000000000000000E+00 -1.88295926501440281E-03
unchanged_qpos -1.58462098929167128E-03 -1.86181362714095203E-02 -3.76592075539872173E-03
unchanged_qvel 1.92721447708232158E-02 -2.98357760256096616E-02 -1.70905965567297244E-02
unchanged_time 1.25000000000000000E-01
step SUCCESS
step_clamped -1.00000000000000000E+00
qpos -1.18705018731401720E-03 -1.92115027303997148E-02 -4.05913212799630628E-03
qvel 2.04270142006690233E-02 -2.95162239152013568E-02 -1.24617672967468531E-02
time 1.45000000000000018E-01
reset_qpos 0.00000000000000000E+00 0.00000000000000000E+00 0.00000000000000000E+00
reset_qvel 0.00000000000000000E+00 0.00000000000000000E+00 0.00000000000000000E+00
forward SUCCESS
forward_clamped -1.00000000000000000E+00
qacc 2.24484350346787237E-01 -4.89144063288259739E-02 1.35417612590118780E-01
mass 4.68392857142857166E-01 0.00000000000000000E+00 0.00000000000000000E+00 0.00000000000000000E+00 1.50000000000000000E+00 1.39747854433141139E-01 0.00000000000000000E+00 1.39747854433141139E-01 5.14000000000000123E-01
gravity 7.44891253279538201E-02 0.00000000000000000E+00 0.00000000000000000E+00
bias 5.29395592033937712E-23 4.37130624865981133E-06 1.00585162486448165E-21
passive 1.63317759393519376E-04 -1.48110439624735656E-03 5.65661378136491644E-02
actuation 0.00000000000000000E+00 -1.45962663470211099E-02 0.00000000000000000E+00
tendon_length 2.10519596761849703E+00
tendon_velocity 1.01327836709370011E-03
tendon_force -1.01681617211434849E+00
length -3.02012191102881515E-02
velocity 2.59226259564268799E-02
force -2.08518090671730161E-02
position 0.00000000000000000E+00 0.00000000000000000E+00 0.00000000000000000E+00
quaternion 1.00000000000000000E+00 0.00000000000000000E+00 0.00000000000000000E+00 0.00000000000000000E+00
position 4.00000000000000008E-02 0.00000000000000000E+00 1.00000000000000006E-01
quaternion 9.99686650693058176E-01 6.69008021570129553E-03 1.33801604314025911E-02 2.00702406471038874E-02
position 1.00000000000000000E+00 5.68554012710169310E-02 2.00000000000000011E-01
quaternion 9.99549638646505922E-01 0.00000000000000000E+00 0.00000000000000000E+00 -3.00086634430669109E-02
unchanged_qpos 5.00692059406281503E-02 -4.31445987289830746E-02 -6.00263383377083667E-02
unchanged_qvel -8.16588796967596814E-03 3.70323227948955447E-02 -2.28139818417815721E-02
unchanged_time 1.25000000000000000E-01
step SUCCESS
step_clamped -1.00000000000000000E+00
qpos 4.99530153089763618E-02 -4.24142379560777938E-02 -6.04541753561397485E-02
qvel -3.67818988327930614E-03 3.60520774346586650E-02 -2.01049315911286351E-02
time 1.45000000000000018E-01
reset_qpos 0.00000000000000000E+00 0.00000000000000000E+00 0.00000000000000000E+00
reset_qvel 0.00000000000000000E+00 0.00000000000000000E+00 0.00000000000000000E+00
forward SUCCESS
forward_clamped -1.00000000000000000E+00
qacc -2.85852590406005923E-03 -1.12852008603936904E-01 2.74124782581810833E-01
mass 4.68392857142857166E-01 0.00000000000000000E+00 0.00000000000000000E+00 0.00000000000000000E+00 1.50000000000000000E+00 1.39996134044862941E-01 0.00000000000000000E+00 1.39996134044862941E-01 5.14000000000000123E-01
gravity 7.49913325862126556E-02 0.00000000000000000E+00 0.00000000000000000E+00
bias -1.52465930505774061E-20 -1.13899195205169998E-06 0.00000000000000000E+00
passive 8.10228493936988609E-04 -3.00696283685160416E-02 4.68097246159966326E-02
actuation 0.00000000000000000E+00 -4.68340320832990736E-02 0.00000000000000000E+00
tendon_length 2.10292487285269081E+00
tendon_velocity -1.43367750864615922E-03
tendon_force -1.01213746288539230E+00
length 7.99967354053306851E-03
velocity 3.43644347165176318E-03
force -6.69057601189986806E-02
position 0.00000000000000000E+00 0.00000000000000000E+00 0.00000000000000000E+00
quaternion 1.00000000000000000E+00 0.00000000000000000E+00 0.00000000000000000E+00 0.00000000000000000E+00
position 4.00000000000000008E-02 0.00000000000000000E+00 1.00000000000000006E-01
quaternion 9.99668319591144994E-01 -6.88295413019098922E-03 -1.37659082603819784E-02 -2.06488623905729668E-02
position 1.00000000000000000E+00 1.11428105057904389E-01 2.00000000000000011E-01
quaternion 9.99993096484854349E-01 0.00000000000000000E+00 0.00000000000000000E+00 3.71577483611161292E-03
unchanged_qpos -5.15130077392109836E-02 1.14281050579043836E-02 7.43156677354235573E-03
unchanged_qvel -4.05114246968494296E-02 4.90920495950251945E-03 3.30870552380164162E-02
unchanged_time 1.25000000000000000E-01
step SUCCESS
step_clamped -1.00000000000000000E+00
qpos -5.23238362062364709E-02 1.15025915000880243E-02 8.15086354857778687E-03
qvel -4.05685511752320246E-02 2.65233189385296860E-03 3.85680361935232530E-02
time 1.45000000000000018E-01
reset_qpos 0.00000000000000000E+00 0.00000000000000000E+00 0.00000000000000000E+00
reset_qvel 0.00000000000000000E+00 0.00000000000000000E+00 0.00000000000000000E+00
forward SUCCESS
forward_clamped -1.00000000000000000E+00
qacc 3.74144039449001597E-01 -1.90130446464049710E-02 -6.47382533483836925E-02
mass 4.68392857142857277E-01 0.00000000000000000E+00 0.00000000000000000E+00 0.00000000000000000E+00 1.50000000000000000E+00 1.39982418243287610E-01 0.00000000000000000E+00 1.39982418243287610E-01 5.14000000000000123E-01
gravity 7.48557416847720897E-02 0.00000000000000000E+00 0.00000000000000000E+00
bias -1.48230765769502559E-21 -8.14406901334966835E-07 -6.61744490042422140E-23
passive 4.08860738121121772E-04 -5.24512680357441113E-02 4.38936192985919793E-02
actuation 0.00000000000000000E+00 -6.25998504744737644E-02 0.00000000000000000E+00
tendon_length 2.10434441726074972E+00
tendon_velocity -2.08778003850767536E-04
tendon_force -1.01505270393389102E+00
length 3.94352610925359712E-02
velocity 9.27570532113940888E-03
force -8.94283578206768182E-02
position 0.00000000000000000E+00 0.00000000000000000E+00 0.00000000000000000E+00
quaternion 1.00000000000000000E+00 0.00000000000000000E+00 0.00000000000000000E+00 0.00000000000000000E+00
position 4.00000000000000008E-02 0.00000000000000000E+00 1.00000000000000006E-01
quaternion 9.99997258791567312E-01 -6.25780047581374430E-04 -1.25156009516274886E-03 -1.87734014274412329E-03
position 1.00000000000000000E+00 1.56336087275051383E-01 2.00000000000000011E-01
quaternion 9.99968603513000875E-01 0.00000000000000000E+00 0.00000000000000000E+00 7.92413959108476292E-03
unchanged_qpos -4.68291335400516928E-03 5.63360872750513914E-02 1.58484450443496239E-02
unchanged_qvel -2.04430369060560890E-02 1.32510076016277289E-02 1.91589836146428827E-02
unchanged_time 1.25000000000000000E-01
step SUCCESS
step_clamped -1.00000000000000000E+00
qpos -5.01322819797656635E-03 5.65971093444464848E-02 1.62180244732718255E-02
qvel -1.29634764066248308E-02 1.28699814642488641E-02 1.78634790435729732E-02
time 1.45000000000000018E-01
reset_qpos 0.00000000000000000E+00 0.00000000000000000E+00 0.00000000000000000E+00
reset_qvel 0.00000000000000000E+00 0.00000000000000000E+00 0.00000000000000000E+00
forward SUCCESS
forward_clamped -1.00000000000000000E+00
qacc 3.32005311997767213E-02 -6.72315035092892616E-02 3.31196692224830433E-02
mass 4.68392857142857166E-01 0.00000000000000000E+00 0.00000000000000000E+00 0.00000000000000000E+00 1.50000000000000000E+00 1.39982681333765485E-01 0.00000000000000000E+00 1.39982681333765485E-01 5.14000000000000012E-01
gravity 7.44585622402443997E-02 0.00000000000000000E+00 0.00000000000000000E+00
bias 8.47032947254300339E-22 3.84283897594156808E-06 -1.58818677610181314E-22
passive -2.61284095156698304E-04 -4.63760981213771906E-02 4.76881585824528997E-02
actuation 0.00000000000000000E+00 -4.60571153891996682E-02 0.00000000000000000E+00
tendon_length 2.10526787570496809E+00
tendon_velocity -6.28809632495286753E-04
tendon_force -1.01691272524626264E+00
length 3.21474538709650703E-02
velocity 1.87595185443569651E-02
force -6.57958791274280974E-02
position 0.00000000000000000E+00 0.00000000000000000E+00 0.00000000000000000E+00
quaternion 1.00000000000000000E+00 0.00000000000000000E+00 0.00000000000000000E+00 0.00000000000000000E+00
position 4.00000000000000008E-02 0.00000000000000000E+00 1.00000000000000006E-01
quaternion 9.99642027389994636E-01 7.15050985006117443E-03 1.43010197001223489E-02 2.14515295501835207E-02
position 1.00000000000000000E+00 1.45924934101378689E-01 2.00000000000000011E-01
quaternion 9.99969073332066194E-01 0.00000000000000000E+00 0.00000000000000000E+00 -7.86462837066044355E-03
unchanged_qpos 5.35159018941294279E-02 4.59249341013786699E-02 -1.57294188944935298E-02
unchanged_qvel 1.30642047578349157E-02 2.67993122062242378E-02 4.17748299490281888E-02
unchanged_time 1.25000000000000000E-01
step SUCCESS
step_clamped -1.00000000000000000E+00
qpos 5.37841555797418797E-02 4.64467918161215257E-02 -1.48869789341468592E-02
qvel 1.37278692314887658E-02 2.54532582751435393E-02 4.24355438696992424E-02
time 1.45000000000000018E-01
reset_qpos 0.00000000000000000E+00 0.00000000000000000E+00 0.00000000000000000E+00
reset_qvel 0.00000000000000000E+00 0.00000000000000000E+00 0.00000000000000000E+00
forward SUCCESS
forward_clamped -1.00000000000000000E+00
qacc 1.94861028136132514E-01 1.15056659676666222E-02 -8.74169793682374324E-02
mass 4.68392857142857277E-01 0.00000000000000000E+00 0.00000000000000000E+00 0.00000000000000000E+00 1.50000000000000000E+00 1.39579939298507844E-01 0.00000000000000000E+00 1.39579939298507844E-01 5.14000000000000012E-01
gravity 7.44520196445020155E-02 0.00000000000000000E+00 0.00000000000000000E+00
bias -1.35525271560688054E-20 -8.76627268916908193E-06 2.11758236813575085E-22
passive -9.63316646437246374E-04 5.07296719865412294E-03 4.27058219444104437E-02
actuation 0.00000000000000000E+00 3.09138039091140645E-03 0.00000000000000000E+00
tendon_length 2.09824475044111924E+00
tendon_velocity 1.58552502859362916E-03
tendon_force -1.00273891259333947E+00
length -4.82738413623057944E-02
velocity 8.43770407094073145E-03
force 4.41625770130200934E-03
position 0.00000000000000000E+00 0.00000000000000000E+00 0.00000000000000000E+00
quaternion 1.00000000000000000E+00 0.00000000000000000E+00 0.00000000000000000E+00 0.00000000000000000E+00
position 4.00000000000000008E-02 0.00000000000000000E+00 1.00000000000000006E-01
quaternion 9.99632261388480603E-01 7.24737386601083215E-03 1.44947477320216643E-02 2.17421215980324947E-02
position 1.00000000000000000E+00 3.10373694824202934E-02 2.00000000000000011E-01
quaternion 9.99249610061948457E-01 0.00000000000000000E+00 0.00000000000000000E+00 3.87326321212962607E-02
unchanged_qpos 5.42410289241816307E-02 -6.89626305175797122E-02 7.74846464453466249E-02
unchanged_qvel 4.81658323218623202E-02 1.20538629584867607E-02 -2.84415311604963826E-02
unchanged_time 1.25000000000000000E-01
step SUCCESS
step_clamped -1.00000000000000000E+00
qpos 5.52452523087256855E-02 -6.87191420976484141E-02 7.68974668286158264E-02
qvel 5.20611238953471930E-02 1.22832594714732766E-02 -3.01886413534930877E-02
time 1.45000000000000018E-01
reset_qpos 0.00000000000000000E+00 0.00000000000000000E+00 0.00000000000000000E+00
reset_qvel 0.00000000000000000E+00 0.00000000000000000E+00 0.00000000000000000E+00
forward SUCCESS
forward_clamped -1.00000000000000000E+00
qacc 1.39184971665392287E-01 -3.18832058834880652E-02 1.59022112445116846E-02
mass 4.68392857142857166E-01 0.00000000000000000E+00 0.00000000000000000E+00 0.00000000000000000E+00 1.50000000000000000E+00 1.39943555089788063E-01 0.00000000000000000E+00 1.39943555089788063E-01 5.14000000000000012E-01
gravity 7.49847931303618542E-02 0.00000000000000000E+00 0.00000000000000000E+00
bias 5.08219768352580203E-21 -2.93076263718178497E-06 2.11758236813575085E-22
passive 6.44229858159362759E-04 -3.69083501570286812E-02 4.40485774594903748E-02
actuation 0.00000000000000000E+00 -6.99431537501245260E-02 0.00000000000000000E+00
tendon_length 2.10227420664005793E+00
tendon_velocity 2.10778422342446743E-03
tendon_force -1.01092438196522405E+00
length 1.58136516831243711E-02
velocity 1.50674281860429075E-02
force -9.99187910716064637E-02
position 0.00000000000000000E+00 0.00000000000000000E+00 0.00000000000000000E+00
quaternion 1.00000000000000000E+00 0.00000000000000000E+00 0.00000000000000000E+00 0.00000000000000000E+00
position 4.00000000000000008E-02 0.00000000000000000E+00 1.00000000000000006E-01
quaternion 9.99728819219852682E-01 -6.22373349869562425E-03 -1.24474669973912485E-02 -1.86712004960868719E-02
position 1.00000000000000000E+00 1.22590930975891965E-01 2.00000000000000011E-01
quaternion 9.99899200437202595E-01 0.00000000000000000E+00 0.00000000000000000E+00 1.41982028807532187E-02
unchanged_qpos -4.65783672995312009E-02 2.25909309758919596E-02 2.83973599150731115E-02
unchanged_qvel -3.22114929079681395E-02 2.15248974086327260E-02 -2.71529180034341677E-02
unchanged_time 1.25000000000000000E-01
step SUCCESS
step_clamped -1.00000000000000000E+00
qpos -4.71933773299728354E-02 2.30147256839384647E-02 2.78576482593580026E-02
qvel -2.94290221929794163E-02 2.08861201085991204E-02 -2.68338387224290285E-02
time 1.45000000000000018E-01
lifecycle PASS
