create SUCCESS
reset_qpos 0.00000000000000000E+00 0.00000000000000000E+00 0.00000000000000000E+00
reset_qvel 0.00000000000000000E+00 0.00000000000000000E+00 0.00000000000000000E+00
forward SUCCESS
forward_clamped -1.00000000000000000E+00
qacc 3.61786602719410100E-01 4.12856809357492818E-02 3.67581153631825058E-02
mass 4.68392857142857166E-01 0.00000000000000000E+00 0.00000000000000000E+00 0.00000000000000000E+00 1.50000000000000000E+00 1.39839072474975068E-01 0.00000000000000000E+00 1.39839072474975068E-01 5.14000000000000012E-01
gravity 7.44204679504165967E-02 0.00000000000000000E+00 0.00000000000000000E+00
bias -1.05879118406787542E-22 -3.20445587493561714E-06 8.99972506457694110E-22
passive 6.36149952741403134E-03 2.10440435720306629E-01 7.16187522212922145E-02
actuation 0.00000000000000000E+00 -6.50515125599050309E-02 0.00000000000000000E+00
tendon_length 2.16133160604313757E+00
tendon_velocity 6.48548186418759776E-03
tendon_force -1.13092848400087376E+00
length 3.65263270519875782E-02
velocity -1.89483712702729276E-02
force -9.29307322284357584E-02
position 0.00000000000000000E+00 0.00000000000000000E+00 0.00000000000000000E+00
quaternion 1.00000000000000000E+00 0.00000000000000000E+00 0.00000000000000000E+00 0.00000000000000000E+00
position 4.00000000000000008E-02 0.00000000000000000E+00 1.00000000000000006E-01
quaternion 9.99584171669857247E-01 7.70660082139810066E-03 1.54132016427962013E-02 2.31198024641943028E-02
position 1.00000000000000000E+00 1.52180467217125137E-01 2.00000000000000011E-01
quaternion 9.99712588116803080E-01 0.00000000000000000E+00 0.00000000000000000E+00 2.39737598386918563E-02
unchanged_qpos 5.76789148445401439E-02 5.21804672171251177E-02 4.79521137678548953E-02
unchanged_qvel 1.70707049961053292E-02 -2.70691018146756134E-02 -2.18520646482454617E-02
unchanged_time 1.25000000000000000E-01
step SUCCESS
step_clamped -1.00000000000000000E+00
qpos 6.12102085544657462E-02 4.96854239592570274E-02 4.59534544643935908E-02
qvel 5.31661167548294344E-02 -2.28417688295798095E-02 -1.81493603296485548E-02
time 2.25000000000000089E-01
reset_qpos 0.00000000000000000E+00 0.00000000000000000E+00 0.00000000000000000E+00
reset_qvel 0.00000000000000000E+00 0.00000000000000000E+00 0.00000000000000000E+00
forward SUCCESS
forward_clamped -1.00000000000000000E+00
qacc -2.12493454552728188E-02 2.13217575954580435E-01 9.26059596228951398E-02
mass 4.68392857142857166E-01 0.00000000000000000E+00 0.00000000000000000E+00 0.00000000000000000E+00 1.50000000000000000E+00 1.39966001420700731E-01 0.00000000000000000E+00 1.39966001420700731E-01 5.14000000000000012E-01
gravity 7.49965920792105972E-02 0.00000000000000000E+00 0.00000000000000000E+00
bias -1.69406589450860068E-21 -1.67769344936351086E-06 1.58818677610181314E-22
passive 9.01459510007839894E-03 2.83151661646234565E-01 8.22844819605609151E-02
actuation 0.00000000000000000E+00 3.49165585659719502E-02 0.00000000000000000E+00
tendon_length 2.17644404311373041E+00
tendon_velocity 3.24402449489335446E-03
tendon_force -1.16154664611784741E+00
length -3.91518724596434751E-03
velocity -5.16779600566203388E-03
force 4.98807979513885003E-02
position 0.00000000000000000E+00 0.00000000000000000E+00 0.00000000000000000E+00
quaternion 1.00000000000000000E+00 0.00000000000000000E+00 0.00000000000000000E+00 0.00000000000000000E+00
position 4.00000000000000008E-02 0.00000000000000000E+00 1.00000000000000006E-01
quaternion 9.99591289151154361E-01 -7.64037514567477739E-03 -1.52807502913495548E-02 -2.29211254370243304E-02
position 1.00000000000000000E+00 9.44068753629080798E-02 2.00000000000000011E-01
quaternion 9.99939286408181194E-01 0.00000000000000000E+00 0.00000000000000000E+00 1.10192330720967676E-02
unchanged_qpos -5.71831228695955374E-02 -5.59312463709192575E-03 2.20389121665046650E-02
unchanged_qvel 3.52163032534022619E-02 -7.38256572237433462E-03 -2.33192612737301193E-02
unchanged_time 1.25000000000000000E-01
step SUCCESS
step_clamped -1.00000000000000000E+00
qpos -5.64832598155511900E-02 -5.69599901313409384E-03 2.15919826870582462E-02
qvel 3.47912132943257665E-02 -3.11804314667143978E-03 -2.14659484179328328E-02
time 1.45000000000000018E-01
reset_qpos 0.00000000000000000E+00 0.00000000000000000E+00 0.00000000000000000E+00
reset_qvel 0.00000000000000000E+00 0.00000000000000000E+00 0.00000000000000000E+00
forward SUCCESS
forward_clamped -1.00000000000000000E+00
qacc 2.97571179758457205E-01 2.15405977748726135E-01 4.72226353424755746E-02
mass 4.68392857142857166E-01 0.00000000000000000E+00 0.00000000000000000E+00 0.00000000000000000E+00 1.50000000000000000E+00 1.39845541497376352E-01 0.00000000000000000E+00 1.39845541497376352E-01 5.14000000000000012E-01
gravity 7.44106468793349352E-02 0.00000000000000000E+00 0.00000000000000000E+00
bias 4.23516473627150170E-21 7.46277586895556080E-06 0.00000000000000000E+00
passive 6.86298636301698340E-03 3.40809901096902235E-01 9.59087628848392659E-02
actuation 0.00000000000000000E+00 -4.62373236257009601E-02 0.00000000000000000E+00
tendon_length 2.19135278810631418E+00
tendon_velocity -3.01290293713604457E-03
tendon_force -1.19167707384701616E+00
length -3.21427600269094463E-02
velocity 1.26529599645833005E-02
force -6.60533194652870859E-02
position 0.00000000000000000E+00 0.00000000000000000E+00 0.00000000000000000E+00
quaternion 1.00000000000000000E+00 0.00000000000000000E+00 0.00000000000000000E+00 0.00000000000000000E+00
position 4.00000000000000008E-02 0.00000000000000000E+00 1.00000000000000006E-01
quaternion 9.99568880933985549E-01 7.84698426321449490E-03 1.56939685264289898E-02 2.35409527896434830E-02
position 1.00000000000000000E+00 5.40817713901293670E-02 2.00000000000000011E-01
quaternion 9.99724143196827120E-01 0.00000000000000000E+00 0.00000000000000000E+00 -2.34869646691491518E-02
unchanged_qpos 5.87298933662330075E-02 -4.59182286098706385E-02 -4.69782491742910951E-02
unchanged_qvel 4.33367487067791435E-02 1.80756570922618598E-02 -3.36912904847282146E-02
unchanged_time 1.25000000000000000E-01
step SUCCESS
step_clamped -1.00000000000000000E+00
qpos 5.96590945006015699E-02 -4.55115061674931515E-02 -4.76421483348627509E-02
qvel 4.92848947204600277E-02 2.23800599445385349E-02 -3.27454418170393877E-02
time 1.45000000000000018E-01
reset_qpos 0.00000000000000000E+00 0.00000000000000000E+00 0.00000000000000000E+00
reset_qvel 0.00000000000000000E+00 0.00000000000000000E+00 0.00000000000000000E+00
forward SUCCESS
forward_clamped -1.00000000000000000E+00
qacc 3.22862760009183403E-01 1.36750201166837421E-01 3.12183553683077264E-01
mass 4.68392857142857277E-01 0.00000000000000000E+00 0.00000000000000000E+00 0.00000000000000000E+00 1.50000000000000000E+00 1.39856754671162653E-01 0.00000000000000000E+00 1.39856754671162653E-01 5.14000000000000123E-01
gravity 7.47321745651241959E-02 0.00000000000000000E+00 0.00000000000000000E+00
bias -8.47032947254300339E-22 2.44887309063267683E-06 8.47032947254300339E-22
passive 8.29753747176595335E-03 2.59531751892972340E-01 8.68656618919861900E-02
actuation 0.00000000000000000E+00 4.52020211373789483E-04 0.00000000000000000E+00
tendon_length 2.17479413376809561E+00
tendon_velocity -6.51155510859579775E-03
tendon_force -1.15789961187537127E+00
length 1.35752510118045955E-02
velocity 2.47423172311056136E-02
force 6.45743159105413578E-04
position 0.00000000000000000E+00 0.00000000000000000E+00 0.00000000000000000E+00
quaternion 1.00000000000000000E+00 0.00000000000000000E+00 0.00000000000000000E+00 0.00000000000000000E+00
position 4.00000000000000008E-02 0.00000000000000000E+00 1.00000000000000006E-01
quaternion 9.99960308690587607E-01 2.38119182980427602E-03 4.76238365960855205E-03 7.14357548941282634E-03
position 1.00000000000000000E+00 1.19393215731149430E-01 2.00000000000000011E-01
quaternion 9.99744172045961998E-01 0.00000000000000000E+00 0.00000000000000000E+00 -2.26183655495677816E-02
unchanged_qpos 1.78194437582682857E-02 1.93932157311494241E-02 -4.52405891007204644E-02
unchanged_qvel -1.77263272828634064E-02 3.53461674730080194E-02 -1.96665904538756570E-02
unchanged_time 1.25000000000000000E-01
step SUCCESS
step_clamped -1.00000000000000000E+00
qpos 1.75326973205037380E-02 2.01288155257415523E-02 -4.55683583085683547E-02
qvel -1.12719506910780986E-02 3.80752908329117581E-02 -1.34223676982107541E-02
time 1.45000000000000018E-01
reset_qpos 0.00000000000000000E+00 0.00000000000000000E+00 0.00000000000000000E+00
reset_qvel 0.00000000000000000E+00 0.00000000000000000E+00 0.00000000000000000E+00
forward SUCCESS
forward_clamped -1.00000000000000000E+00
qacc 1.71127224584320808E-02 3.59318199417394887E-02 -3.08842433629624366E-02
mass 4.68392857142857166E-01 0.00000000000000000E+00 0.00000000000000000E+00 0.00000000000000000E+00 1.50000000000000000E+00 1.39885454100245082E-01 0.00000000000000000E+00 1.39885454100245082E-01 5.14000000000000012E-01
gravity 7.49999306623652662E-02 0.00000000000000000E+00 0.00000000000000000E+00
bias 2.64697796016968856E-23 5.45955452256223780E-06 2.11758236813575085E-22
passive 9.19961842327289385E-03 1.98935734707774203E-01 7.97751625172317264E-02
actuation 0.00000000000000000E+00 -5.49910958201694638E-02 0.00000000000000000E+00
tendon_length 2.16467504893044627E+00
tendon_velocity -5.48386178009075201E-03
tendon_force -1.13736316090635325E+00
length 5.00873146481655290E-02
velocity 1.42024504348912863E-02
force -7.85587083145278114E-02
position 0.00000000000000000E+00 0.00000000000000000E+00 0.00000000000000000E+00
quaternion 1.00000000000000000E+00 0.00000000000000000E+00 0.00000000000000000E+00 0.00000000000000000E+00
position 4.00000000000000008E-02 0.00000000000000000E+00 1.00000000000000006E-01
quaternion 9.99420764410053675E-01 -9.09527218639458526E-03 -1.81905443727891705E-02 -2.72858165591837558E-02
position 1.00000000000000000E+00 1.71553306640236491E-01 2.00000000000000011E-01
quaternion 9.99795432826573460E-01 0.00000000000000000E+00 0.00000000000000000E+00 -2.02260351805471951E-02
unchanged_qpos -6.80759292298634688E-02 7.15533066402364720E-02 -4.04548289753888235E-02
unchanged_qvel -4.10085018507996141E-03 2.02892149069875544E-02 3.10519325879091285E-02
unchanged_time 1.25000000000000000E-01
step SUCCESS
step_clamped -1.00000000000000000E+00
qpos -6.81543543473714791E-02 7.19666120339616522E-02 -3.98402849682496091E-02
qvel -3.75884397017923772E-03 2.10043392420404436E-02 3.04329680451856932E-02
time 1.45000000000000018E-01
reset_qpos 0.00000000000000000E+00 0.00000000000000000E+00 0.00000000000000000E+00
reset_qvel 0.00000000000000000E+00 0.00000000000000000E+00 0.00000000000000000E+00
forward SUCCESS
forward_clamped -1.00000000000000000E+00
qacc 1.20003052156919990E-01 1.58817386472503902E-01 2.55073380328636579E-01
mass 4.68392857142857166E-01 0.00000000000000000E+00 0.00000000000000000E+00 0.00000000000000000E+00 1.50000000000000000E+00 1.39825395801345675E-01 0.00000000000000000E+00 1.39825395801345675E-01 5.14000000000000012E-01
gravity 7.46479693687398110E-02 0.00000000000000000E+00 0.00000000000000000E+00
bias -4.23516473627150170E-21 -7.50413688401335034E-06 -6.35274710440725254E-22
passive 7.83740694529221071E-03 2.30150902349212316E-01 7.34267934008527162E-02
actuation 0.00000000000000000E+00 -4.56997140828720796E-02 0.00000000000000000E+00
tendon_length 2.16451257868099667E+00
tendon_velocity 7.02006760104471363E-03
tendon_force -1.13740835397351003E+00
length 2.50969133409076200E-02
velocity -3.22851100415784756E-02
force -6.52853058326744035E-02
position 0.00000000000000000E+00 0.00000000000000000E+00 0.00000000000000000E+00
quaternion 1.00000000000000000E+00 0.00000000000000000E+00 0.00000000000000000E+00 0.00000000000000000E+00
position 4.00000000000000008E-02 0.00000000000000000E+00 1.00000000000000006E-01
quaternion 9.99885915493329946E-01 4.03693658665545737E-03 8.07387317331091474E-03 1.21108097599663712E-02
position 1.00000000000000000E+00 1.35852733344153764E-01 2.00000000000000011E-01
quaternion 9.99688158165452423E-01 0.00000000000000000E+00 0.00000000000000000E+00 2.49717124716206142E-02
unchanged_qpos 3.02108160695486044E-02 3.58527333441537449E-02 4.99486170739823904E-02
unchanged_qvel -2.25764684850556126E-02 -4.61215857736835405E-02 3.27653582903081192E-02
unchanged_time 1.25000000000000000E-01
step SUCCESS
step_clamped -1.00000000000000000E+00
qpos 2.97844823128508608E-02 3.49636926018376260E-02 5.06574824962196801E-02
qvel -2.01770776663388225E-02 -4.29396278359831379E-02 3.78657775588718479E-02
time 1.45000000000000018E-01
reset_qpos 0.00000000000000000E+00 0.00000000000000000E+00 0.00000000000000000E+00
reset_qvel 0.00000000000000000E+00 0.00000000000000000E+00 0.00000000000000000E+00
forward SUCCESS
forward_clamped -1.00000000000000000E+00
qacc 2.17558050372327200E-01 2.45764881886685521E-01 1.22534031792931999E-01
mass 4.68392857142857277E-01 0.00000000000000000E+00 0.00000000000000000E+00 0.00000000000000000E+00 1.50000000000000000E+00 1.39847468836360539E-01 0.00000000000000000E+00 1.39847468836360539E-01 5.14000000000000012E-01
gravity 7.47435227753489445E-02 0.00000000000000000E+00 0.00000000000000000E+00
bias -1.58818677610181314E-21 9.07023411005527510E-06 4.23516473627150170E-22
passive 8.96361850988495676E-03 3.47382057304166270E-01 9.66848027092522960E-02
actuation 0.00000000000000000E+00 -5.91765283691545168E-03 0.00000000000000000E+00
tendon_length 2.19320656189129126E+00
tendon_velocity -9.13774707894464931E-03
tendon_force -1.19526407906100318E+00
length -3.59727658267112588E-02
velocity 2.87086116766304481E-02
force -8.45378976702207408E-03
position 0.00000000000000000E+00 0.00000000000000000E+00 0.00000000000000000E+00
quaternion 1.00000000000000000E+00 0.00000000000000000E+00 0.00000000000000000E+00 0.00000000000000000E+00
position 4.00000000000000008E-02 0.00000000000000000E+00 1.00000000000000006E-01
quaternion 9.99967967930954549E-01 2.13914388812174805E-03 4.27828777624349611E-03 6.41743166436524373E-03
position 1.00000000000000000E+00 4.86103345332696279E-02 2.00000000000000011E-01
quaternion 9.99727585817328679E-01 0.00000000000000000E+00 0.00000000000000000E+00 -2.33399690628683341E-02
unchanged_qpos 1.60080579848306953E-02 -5.13896654667303776E-02 -4.66841773467337254E-02
unchanged_qvel -1.39105832574987348E-02 4.10123023951863563E-02 -3.72596916682463655E-02
unchanged_time 1.25000000000000000E-01
step SUCCESS
step_clamped -1.00000000000000000E+00
qpos 1.57755191984778782E-02 -5.05178611620014095E-02 -4.74036292950522145E-02
qvel -9.56137899903940908E-03 4.59201075989972007E-02 -3.48076442475840769E-02
time 1.45000000000000018E-01
reset_qpos 0.00000000000000000E+00 0.00000000000000000E+00 0.00000000000000000E+00
reset_qvel 0.00000000000000000E+00 0.00000000000000000E+00 0.00000000000000000E+00
forward SUCCESS
forward_clamped -1.00000000000000000E+00
qacc 7.01697421463917670E-02 1.59756716925405023E-01 3.02838502669140142E-01
mass 4.68392857142857166E-01 0.00000000000000000E+00 0.00000000000000000E+00 0.00000000000000000E+00 1.50000000000000000E+00 1.39902746145392637E-01 0.00000000000000000E+00 1.39902746145392637E-01 5.14000000000000012E-01
gravity 7.45254978444039179E-02 0.00000000000000000E+00 0.00000000000000000E+00
bias -5.92923063078010237E-21 9.86010312668759631E-06 4.23516473627150170E-22
passive 6.78568433272417563E-03 2.75118486581772903E-01 8.75812247586862103E-02
actuation 0.00000000000000000E+00 1.22355347931660460E-02 0.00000000000000000E+00
tendon_length 2.17693471122875781E+00
tendon_velocity 8.27513678585874851E-03
tendon_force -1.16269530408985733E+00
length 4.86348376467185192E-03
velocity -1.63455433816311405E-02
force 1.74793354188086392E-02
position 0.00000000000000000E+00 0.00000000000000000E+00 0.00000000000000000E+00
quaternion 1.00000000000000000E+00 0.00000000000000000E+00 0.00000000000000000E+00 0.00000000000000000E+00
position 4.00000000000000008E-02 0.00000000000000000E+00 1.00000000000000006E-01
quaternion 9.99737456757683329E-01 6.12382674290201223E-03 1.22476534858040245E-02 1.83714802287060358E-02
position 1.00000000000000000E+00 1.06947833949531224E-01 2.00000000000000011E-01
quaternion 9.99826317319650548E-01 0.00000000000000000E+00 0.00000000000000000E+00 -1.86369309443864158E-02
unchanged_qpos 4.58305340383462628E-02 6.94783394953121802E-03 -3.72760199801160791E-02
unchanged_qvel 3.59348848105600222E-02 -2.33507762594730613E-02 -4.34722614425441939E-02
unchanged_time 1.25000000000000000E-01
step SUCCESS
step_clamped -1.00000000000000000E+00
qpos 4.65639606198785180E-02 6.51438977709508683E-03 -3.80818552459833981E-02
qvel 3.73373414044829502E-02 -2.01524461689865861E-02 -3.74135376391676391E-02
time 1.45000000000000018E-01
reset_qpos 0.00000000000000000E+00 0.00000000000000000E+00 0.00000000000000000E+00
reset_qvel 0.00000000000000000E+00 0.00000000000000000E+00 0.00000000000000000E+00
forward SUCCESS
forward_clamped -1.00000000000000000E+00
qacc 3.11819159946154612E-01 2.70076826629083555E-01 1.72759202860625877E-01
mass 4.68392857142857166E-01 0.00000000000000000E+00 0.00000000000000000E+00 0.00000000000000000E+00 1.50000000000000000E+00 1.39996596021278424E-01 0.00000000000000000E+00 1.39996596021278424E-01 5.14000000000000012E-01
gravity 7.47269054040421155E-02 0.00000000000000000E+00 0.00000000000000000E+00
bias -2.38228016415271970E-22 -1.84844099991698921E-07 5.29395592033937712E-23
passive 8.28293149690729515E-03 2.85067175076218648E-01 8.39956330964754250E-02
actuation 0.00000000000000000E+00 6.38066670895415383E-02 0.00000000000000000E+00
tendon_length 2.17692539936585305E+00
tendon_velocity 1.08029345456553925E-02
tendon_force -1.16275235179256264E+00
length -3.76271217607078825E-03
velocity -2.79065982851495926E-02
force 9.11523815564879158E-02
position 0.00000000000000000E+00 0.00000000000000000E+00 0.00000000000000000E+00
quaternion 1.00000000000000000E+00 0.00000000000000000E+00 0.00000000000000000E+00 0.00000000000000000E+00
position 4.00000000000000008E-02 0.00000000000000000E+00 1.00000000000000006E-01
quaternion 9.99956534322231527E-01 2.49183618860574678E-03 4.98367237721149357E-03 7.47550856581724078E-03
position 1.00000000000000000E+00 9.46246968913274505E-02 2.00000000000000011E-01
quaternion 9.99993921448094292E-01 0.00000000000000000E+00 0.00000000000000000E+00 3.48669856203553995E-03
unchanged_qpos 1.86474647391353804E-02 -5.37530310867255501E-03 6.97341125349089375E-03
unchanged_qvel -8.53002131254849971E-03 -3.98665689787851343E-02 -1.37599830662106723E-02
unchanged_time 1.25000000000000000E-01
step SUCCESS
step_clamped -1.00000000000000000E+00
qpos 1.85423274751317924E-02 -6.11588471859456691E-03 6.73449858114127942E-03
qvel -2.29620625347801578E-03 -3.44602382781548713E-02 -1.03037481324489075E-02
time 1.45000000000000018E-01
reset_qpos 0.00000000000000000E+00 0.00000000000000000E+00 0.00000000000000000E+00
reset_qvel 0.00000000000000000E+00 0.00000000000000000E+00 0.00000000000000000E+00
forward SUCCESS
forward_clamped -1.00000000000000000E+00
qacc 1.58055518728108413E-01 1.41541095032000991E-01 9.86768447131274734E-02
mass 4.68392857142857166E-01 0.00000000000000000E+00 0.00000000000000000E+00 0.00000000000000000E+00 1.50000000000000000E+00 1.39958497174858504E-01 0.00000000000000000E+00 1.39958497174858504E-01 5.14000000000000012E-01
gravity 7.49286842114402774E-02 0.00000000000000000E+00 0.00000000000000000E+00
bias 1.69406589450860068E-21 6.22923387222507891E-10 3.68353866527520136E-24
passive 9.53650238675674347E-03 3.02890903311778703E-01 8.92800463254248694E-02
actuation 0.00000000000000000E+00 -3.27123603500232077E-02 0.00000000000000000E+00
tendon_length 2.18225458263857774E+00
tendon_velocity 8.29291491289719553E-03
tendon_force -1.17351252940153028E+00
length -1.14237203812105042E-02
velocity -2.20762256507263180E-02
force -4.67319433571760090E-02
position 0.00000000000000000E+00 0.00000000000000000E+00 0.00000000000000000E+00
quaternion 1.00000000000000000E+00 0.00000000000000000E+00 0.00000000000000000E+00 0.00000000000000000E+00
position 4.00000000000000008E-02 0.00000000000000000E+00 1.00000000000000006E-01
quaternion 9.99933278796253155E-01 -3.08727753131090004E-03 -6.17455506262180008E-03 -9.26183259393269925E-03
position 1.00000000000000000E+00 8.36803994554135705E-02 2.00000000000000011E-01
quaternion 9.99925885065735320E-01 0.00000000000000000E+00 0.00000000000000000E+00 -1.21747433445543087E-02
unchanged_qpos -2.31035833953519010E-02 -1.63196005445864351E-02 -2.43500882604779367E-02
unchanged_qvel -1.89098588345373644E-02 -3.15374652153233154E-02 -4.27488552722884996E-04
unchanged_time 1.25000000000000000E-01
step SUCCESS
step_clamped -1.00000000000000000E+00
qpos -2.34485971005713931E-02 -1.69205972147746173E-02 -2.43379132338299477E-02
qvel -1.57498540029587554E-02 -2.87025063039231601E-02 1.54641288073190716E-03
time 1.45000000000000018E-01
reset_qpos 0.00000000000000000E+00 0.00000000000000000E+00 0.00000000000000000E+00
reset_qvel 0.00000000000000000E+00 0.00000000000000000E+00 0.00000000000000000E+00
forward SUCCESS
forward_clamped -1.00000000000000000E+00
qacc 3.40985299192289593E-01 2.22500039855556137E-01 3.13286283466422177E-01
mass 4.68392857142857166E-01 0.00000000000000000E+00 0.00000000000000000E+00 0.00000000000000000E+00 1.50000000000000000E+00 1.39855342410380723E-01 0.00000000000000000E+00 1.39855342410380723E-01 5.14000000000000012E-01
gravity 7.48076348535065411E-02 0.00000000000000000E+00 0.00000000000000000E+00
bias 2.96461531539005119E-21 2.02082257423288931E-06 2.38228016415271970E-22
passive 8.22949459649300989E-03 3.43771060924300986E-01 9.61277462516832298E-02
actuation 0.00000000000000000E+00 4.63456247892483492E-02 0.00000000000000000E+00
tendon_length 2.19231106427720412E+00
tendon_velocity -7.43488281686685917E-03
tendon_force -1.19349358286747820E+00
length -3.38310192362427098E-02
velocity 2.05685701711476321E-02
force 6.62080354132119353E-02
position 0.00000000000000000E+00 0.00000000000000000E+00 0.00000000000000000E+00
quaternion 1.00000000000000000E+00 0.00000000000000000E+00 0.00000000000000000E+00 0.00000000000000000E+00
position 4.00000000000000008E-02 0.00000000000000000E+00 1.00000000000000006E-01
quaternion 9.99996972537255280E-01 6.57642777760262176E-04 1.31528555552052435E-03 1.97292833328078674E-03
position 1.00000000000000000E+00 5.16699725196532733E-02 2.00000000000000011E-01
quaternion 9.99741649503190333E-01 0.00000000000000000E+00 0.00000000000000000E+00 -2.27295897156138613E-02
unchanged_qpos 4.92135288093560608E-03 -4.83300274803467322E-02 -4.54630946363589888E-02
unchanged_qvel 3.34262577796743121E-02 2.93836716730680458E-02 -1.78215464040138369E-02
unchanged_time 1.25000000000000000E-01
step SUCCESS
step_clamped -1.00000000000000000E+00
qpos 5.66145897042543735E-03 -4.76956697735724452E-02 -4.57537311308145872E-02
qvel 4.02423910516553004E-02 3.38278381351605276E-02 -1.15552386778649332E-02
time 1.45000000000000018E-01
reset_qpos 0.00000000000000000E+00 0.00000000000000000E+00 0.00000000000000000E+00
reset_qvel 0.00000000000000000E+00 0.00000000000000000E+00 0.00000000000000000E+00
forward SUCCESS
forward_clamped -1.00000000000000000E+00
qacc 2.95197789992116988E-01 1.22650987863181460E-01 5.13195916808563204E-02
mass 4.68392857142857277E-01 0.00000000000000000E+00 0.00000000000000000E+00 0.00000000000000000E+00 1.50000000000000000E+00 1.39993563677812766E-01 0.00000000000000000E+00 1.39993563677812766E-01 5.14000000000000123E-01
gravity 7.49190892680215575E-02 0.00000000000000000E+00 0.00000000000000000E+00
bias -8.47032947254300339E-21 8.54415693259194931E-07 6.61744490042422140E-23
passive 8.84003582799373910E-03 1.97605474526341224E-01 7.63793126180735138E-02
actuation 0.00000000000000000E+00 -6.99153013375425347E-02 0.00000000000000000E+00
tendon_length 2.16260302341417621E+00
tendon_velocity 2.23254700059003506E-03
tendon_force -1.13338424469432475E+00
length 4.89788830898073568E-02
velocity -1.45748371652304302E-02
force -9.98790019107750615E-02
position 0.00000000000000000E+00 0.00000000000000000E+00 0.00000000000000000E+00
quaternion 1.00000000000000000E+00 0.00000000000000000E+00 0.00000000000000000E+00 0.00000000000000000E+00
position 4.00000000000000008E-02 0.00000000000000000E+00 1.00000000000000006E-01
quaternion 9.99948682930845489E-01 -2.70754903487336945E-03 -5.41509806974673890E-03 -8.12264710462010792E-03
position 1.00000000000000000E+00 1.69969832985439107E-01 2.00000000000000011E-01
quaternion 9.99988506501472307E-01 0.00000000000000000E+00 0.00000000000000000E+00 -4.79446190461943565E-03
unchanged_qpos -2.02617882858225004E-02 6.99698329854390871E-02 -9.58896054616832638E-03
unchanged_qvel -3.80620168496617062E-02 -2.08211959503291875E-02 2.52283096182379790E-02
unchanged_time 1.25000000000000000E-01
step SUCCESS
step_clamped -1.00000000000000000E+00
qpos -2.09610534771454242E-02 6.95791805372553973E-02 -9.07362245446335230E-03
qvel -3.21602815918055757E-02 -1.83660703466482049E-02 2.62539453373184621E-02
time 1.45000000000000018E-01
lifecycle PASS
