create SUCCESS
reset_qpos 0.00000000000000000E+00 0.00000000000000000E+00
reset_qvel 0.00000000000000000E+00 0.00000000000000000E+00
forward SUCCESS
forward_clamped -1.00000000000000000E+00
qacc 2.37725003279908920E-01 -6.99568932176991148E-02
mass 1.50000000000000000E+00 1.39609791356919200E-01 1.39609791356919200E-01 5.14000000000000012E-01
gravity 0.00000000000000000E+00 0.00000000000000000E+00
bias 2.16601957809295671E-05 -1.69406589450860068E-21
passive 2.64003851513560150E-01 9.04085503470406227E-02
actuation 2.61038909460276809E-02 0.00000000000000000E+00
tendon_length 2.17936536342428511E+00
tendon_velocity -5.18282058926003951E-03
tendon_force -1.16738873358849338E+00
length 8.25720078604595675E-03
velocity 6.92971688233351944E-03
force 3.72912727800395472E-02
position 0.00000000000000000E+00 0.00000000000000000E+00 0.00000000000000000E+00
quaternion 1.00000000000000000E+00 0.00000000000000000E+00 0.00000000000000000E+00 0.00000000000000000E+00
position 1.00000000000000000E+00 1.11796001122922803E-01 2.00000000000000011E-01
quaternion 9.99302955916414271E-01 0.00000000000000000E+00 0.00000000000000000E+00 -3.73309830665756320E-02
unchanged_qpos 1.17960011229227973E-02 -7.46793185319897246E-02
unchanged_qvel 9.89959554619074256E-03 4.55374674530406864E-02
unchanged_time 1.25000000000000000E-01
step SUCCESS
step_clamped -1.00000000000000000E+00
qpos 1.39839350145199697E-02 -7.04804508247550837E-02
qvel 3.35895217964722326E-02 3.84945366072127412E-02
time 2.25000000000000089E-01
reset_qpos 0.00000000000000000E+00 0.00000000000000000E+00
reset_qvel 0.00000000000000000E+00 0.00000000000000000E+00
forward SUCCESS
forward_clamped -1.00000000000000000E+00
qacc 1.52410668716603609E-01 6.91034247277228647E-02
mass 1.50000000000000000E+00 1.39985570897830147E-01 1.39985570897830147E-01 5.14000000000000012E-01
gravity 0.00000000000000000E+00 0.00000000000000000E+00
bias -1.48970016475740656E-06 -5.82335151237331483E-22
passive 2.87189026255722513E-01 8.38498789577599574E-02
actuation -3.61272166102221681E-02 0.00000000000000000E+00
tendon_length 2.18013091166674400E+00
tendon_velocity 4.76514211561247705E-03
tendon_force -1.16894530228567572E+00
length -1.23748555768974176E-02
velocity -7.82233103925059937E-03
force -5.16103094431745318E-02
position 0.00000000000000000E+00 0.00000000000000000E+00 0.00000000000000000E+00
quaternion 1.00000000000000000E+00 0.00000000000000000E+00 0.00000000000000000E+00 0.00000000000000000E+00
position 1.00000000000000000E+00 8.23216348901465444E-02 2.00000000000000011E-01
quaternion 9.99974233414166802E-01 0.00000000000000000E+00 0.00000000000000000E+00 7.17861461214118739E-03
unchanged_qpos -1.76783651098534542E-02 1.43573525378130340E-02
unchanged_qvel -1.11747586275008567E-02 -2.72242355135189906E-02
unchanged_time 1.25000000000000000E-01
step SUCCESS
step_clamped -1.00000000000000000E+00
qpos -1.78698409006681318E-02 1.38273878278610748E-02
qvel -8.12470335605077962E-03 -2.58409898894073654E-02
time 1.45000000000000018E-01
reset_qpos 0.00000000000000000E+00 0.00000000000000000E+00
reset_qvel 0.00000000000000000E+00 0.00000000000000000E+00
forward SUCCESS
forward_clamped -1.00000000000000000E+00
qacc 8.08957257605027319E-02 9.76593915307293059E-02
mass 1.50000000000000000E+00 1.39805489653754250E-01 1.39805489653754250E-01 5.14000000000000012E-01
gravity 0.00000000000000000E+00 0.00000000000000000E+00
bias -1.03108769413022535E-05 -8.47032947254300339E-22
passive 1.80232660271896966E-01 6.82842016153532572E-02
actuation -4.32874479517540503E-02 0.00000000000000000E+00
tendon_length 2.15916460700813850E+00
tendon_velocity -2.41471188163428722E-03
tendon_force -1.12633082751219904E+00
length 5.03786565014775825E-02
velocity 2.20089477575905156E-02
force -6.18392113596486492E-02
position 0.00000000000000000E+00 0.00000000000000000E+00 0.00000000000000000E+00
quaternion 1.00000000000000000E+00 0.00000000000000000E+00 0.00000000000000000E+00 0.00000000000000000E+00
position 1.00000000000000000E+00 1.71969509287825117E-01 2.00000000000000011E-01
quaternion 9.99652599752523741E-01 0.00000000000000000E+00 0.00000000000000000E+00 2.63567791662949087E-02
unchanged_qpos 7.19695092878251258E-02 5.27196634153645066E-02
unchanged_qvel 3.14413539394150232E-02 -3.73850587412064353E-02
unchanged_time 1.25000000000000000E-01
step SUCCESS
step_clamped -1.00000000000000000E+00
qpos 7.26152961834925642E-02 5.19924802915968168E-02
qvel 3.30552094717582179E-02 -3.54305092519308779E-02
time 1.45000000000000018E-01
reset_qpos 0.00000000000000000E+00 0.00000000000000000E+00
reset_qvel 0.00000000000000000E+00 0.00000000000000000E+00
forward SUCCESS
forward_clamped -1.00000000000000000E+00
qacc 1.50033394981246626E-01 6.36770449269340871E-03
mass 1.50000000000000000E+00 1.39984892012540330E-01 1.39984892012540330E-01 5.14000000000000012E-01
gravity 0.00000000000000000E+00 0.00000000000000000E+00
bias 9.93018268199879074E-07 -1.45583787809332871E-22
passive 2.03691958396678002E-01 7.78451330146756465E-02
actuation 8.36778871190264201E-03 0.00000000000000000E+00
tendon_length 2.16610448906255959E+00
tendon_velocity -8.47579097006472514E-05
tendon_force -1.14043268333219672E+00
length 4.05951080393189070E-02
velocity 5.98856879211827429E-03
force 1.19539838741466314E-02
position 0.00000000000000000E+00 0.00000000000000000E+00 0.00000000000000000E+00
quaternion 1.00000000000000000E+00 0.00000000000000000E+00 0.00000000000000000E+00 0.00000000000000000E+00
position 1.00000000000000000E+00 1.57993011484741319E-01 2.00000000000000011E-01
quaternion 9.99973021087034009E-01 0.00000000000000000E+00 0.00000000000000000E+00 -7.34554954174032517E-03
unchanged_qpos 5.79930114847412997E-02 -1.46912312015342605E-02
unchanged_qvel 8.55509827445467830E-03 -2.19732003595879861E-02
unchanged_time 1.25000000000000000E-01
step SUCCESS
step_clamped -1.00000000000000000E+00
qpos 5.81956129781065895E-02 -1.51293523569814917E-02
qvel 1.15546650192413867E-02 -2.18450432389403343E-02
time 1.45000000000000018E-01
reset_qpos 0.00000000000000000E+00 0.00000000000000000E+00
reset_qvel 0.00000000000000000E+00 0.00000000000000000E+00
forward SUCCESS
forward_clamped -1.00000000000000000E+00
qacc 1.75637425253879875E-01 9.93084110642114687E-02
mass 1.50000000000000000E+00 1.39914962220050704E-01 1.39914962220050704E-01 5.14000000000000012E-01
gravity 0.00000000000000000E+00 0.00000000000000000E+00
bias 4.09583881333972533E-06 -4.23516473627150170E-22
passive 3.65953262056321227E-01 9.77068240595025395E-02
actuation -1.60242266889809165E-02 0.00000000000000000E+00
tendon_length 2.20004674056123495E+00
tendon_velocity 1.66321401285994298E-02
tendon_force -1.20945510777701948E+00
length -5.38332427647017775E-02
velocity -3.34490330651784976E-02
force -2.28917524128298827E-02
position 0.00000000000000000E+00 0.00000000000000000E+00 0.00000000000000000E+00
quaternion 1.00000000000000000E+00 0.00000000000000000E+00 0.00000000000000000E+00 0.00000000000000000E+00
position 1.00000000000000000E+00 2.30953674789974583E-02 2.00000000000000011E-01
quaternion 9.99848135290074214E-01 0.00000000000000000E+00 0.00000000000000000E+00 -1.74271729480603536E-02
unchanged_qpos -7.69046325210025472E-02 -3.48561103850163270E-02
unchanged_qvel -4.77843329502549985E-02 -2.89742312391734654E-02
unchanged_time 1.25000000000000000E-01
step SUCCESS
step_clamped -1.00000000000000000E+00
qpos -7.78233807705804720E-02 -3.54147294106884891E-02
qvel -4.42638348356581557E-02 -2.69865236913442580E-02
time 1.45000000000000018E-01
reset_qpos 0.00000000000000000E+00 0.00000000000000000E+00
reset_qvel 0.00000000000000000E+00 0.00000000000000000E+00
forward SUCCESS
forward_clamped -1.00000000000000000E+00
qacc 1.79257728640627750E-01 3.01425206351478125E-01
mass 1.50000000000000000E+00 1.39710719793660121E-01 1.39710719793660121E-01 5.14000000000000012E-01
gravity 0.00000000000000000E+00 0.00000000000000000E+00
bias -1.39375182948354833E-05 1.90582413132217576E-21
passive 3.43536013281123098E-01 8.43752180675349100E-02
actuation -2.62302353298133617E-02 0.00000000000000000E+00
tendon_length 2.19014122031530967E+00
tendon_velocity 5.92805310979530389E-03
tendon_force -1.18930303894569911E+00
length -4.87936377437281424E-02
velocity -2.21646893478175400E-02
force -3.74717647568762330E-02
position 0.00000000000000000E+00 0.00000000000000000E+00 0.00000000000000000E+00
quaternion 1.00000000000000000E+00 0.00000000000000000E+00 0.00000000000000000E+00 0.00000000000000000E+00
position 1.00000000000000000E+00 3.02948032232455144E-02 2.00000000000000011E-01
quaternion 9.99483294710786674E-01 0.00000000000000000E+00 0.00000000000000000E+00 3.21425511444024675E-02
unchanged_qpos -6.97051967767544911E-02 6.42961767285174374E-02
unchanged_qvel -3.16638419254536285E-02 3.93627804483741017E-02
unchanged_time 1.25000000000000000E-01
step SUCCESS
step_clamped -1.00000000000000000E+00
qpos -7.03007994395435237E-02 6.51467203760516811E-02
qvel -2.80744409836690412E-02 4.53896547718903795E-02
time 1.45000000000000018E-01
reset_qpos 0.00000000000000000E+00 0.00000000000000000E+00
reset_qvel 0.00000000000000000E+00 0.00000000000000000E+00
forward SUCCESS
forward_clamped -1.00000000000000000E+00
qacc 2.40640159566611500E-01 1.68694660604540719E-01
mass 1.50000000000000000E+00 1.39798417599686864E-01 1.39798417599686864E-01 5.14000000000000012E-01
gravity 0.00000000000000000E+00 0.00000000000000000E+00
bias 2.62840251751897734E-08 4.13590306276513837E-24
passive 3.38282056268821463E-01 9.65660595654533188E-02
actuation 4.17323205609286818E-02 0.00000000000000000E+00
tendon_length 2.19429470199603838E+00
tendon_velocity -8.93235842397611772E-03
tendon_force -1.19775209468060173E+00
length -3.67661346707247941E-02
velocity 2.24709716230633086E-02
force 5.96176008013266923E-02
position 0.00000000000000000E+00 0.00000000000000000E+00 0.00000000000000000E+00
quaternion 1.00000000000000000E+00 0.00000000000000000E+00 0.00000000000000000E+00 0.00000000000000000E+00
position 1.00000000000000000E+00 4.74769504703931519E-02 2.00000000000000011E-01
quaternion 9.99639966615993303E-01 0.00000000000000000E+00 0.00000000000000000E+00 -2.68316444515781377E-02
unchanged_qpos -5.25230495296068536E-02 -5.36697300226066099E-02
unchanged_qvel 3.21013880329475837E-02 -1.87077462562475205E-03
unchanged_time 1.25000000000000000E-01
step SUCCESS
step_clamped -1.00000000000000000E+00
qpos -5.18305234953090055E-02 -5.36717213263022200E-02
qvel 3.69089663217627567E-02 1.50286409711516576E-03
time 1.45000000000000018E-01
reset_qpos 0.00000000000000000E+00 0.00000000000000000E+00
reset_qvel 0.00000000000000000E+00 0.00000000000000000E+00
forward SUCCESS
forward_clamped -1.00000000000000000E+00
qacc 2.19465628005282021E-01 2.26305201771612091E-01
mass 1.50000000000000000E+00 1.39647050881004153E-01 1.39647050881004153E-01 5.14000000000000012E-01
gravity 0.00000000000000000E+00 0.00000000000000000E+00
bias -3.88724925729502018E-07 -4.63221143029695498E-23
passive 2.70865398514922084E-01 7.58282651020894122E-02
actuation 3.81229728093361100E-02 0.00000000000000000E+00
tendon_length 2.17395793618575350E+00
tendon_velocity 1.49197575228383200E-03
tendon_force -1.15639520312166866E+00
length -6.93561504547041477E-03
velocity -5.91415661778784633E-03
force 5.44613897276230163E-02
position 0.00000000000000000E+00 0.00000000000000000E+00 0.00000000000000000E+00
quaternion 1.00000000000000000E+00 0.00000000000000000E+00 0.00000000000000000E+00 0.00000000000000000E+00
position 1.00000000000000000E+00 9.00919785064708406E-02 2.00000000000000011E-01
quaternion 9.99369534973003515E-01 0.00000000000000000E+00 0.00000000000000000E+00 3.55039796057095985E-02
unchanged_qpos -9.90802149352916495E-03 7.10228856540340986E-02
unchanged_qvel -8.44879516826835264E-03 6.25519147393212988E-03
unchanged_time 1.25000000000000000E-01
step SUCCESS
step_clamped -1.00000000000000000E+00
qpos -1.00309027000532198E-02 7.11955116070249056E-02
qvel -4.05854707173405622E-03 1.07809976604487569E-02
time 1.45000000000000018E-01
reset_qpos 0.00000000000000000E+00 0.00000000000000000E+00
reset_qvel 0.00000000000000000E+00 0.00000000000000000E+00
forward SUCCESS
forward_clamped -1.00000000000000000E+00
qacc 1.98286661859680496E-01 -4.05277797144941235E-02
mass 1.50000000000000000E+00 1.39741535131491040E-01 1.39741535131491040E-01 5.14000000000000012E-01
gravity 0.00000000000000000E+00 0.00000000000000000E+00
bias -1.03391800610029922E-05 0.00000000000000000E+00
passive 2.23492611110157835E-01 7.19565654075846883E-02
actuation 5.10692485274632096E-02 0.00000000000000000E+00
tendon_length 2.16564300859008396E+00
tendon_velocity -2.99905754230395767E-03
tendon_force -1.13949484363682596E+00
length 2.26380069698494217E-02
velocity 1.98900055333923534E-02
force 7.29560693249474423E-02
position 0.00000000000000000E+00 0.00000000000000000E+00 0.00000000000000000E+00
quaternion 1.00000000000000000E+00 0.00000000000000000E+00 0.00000000000000000E+00 0.00000000000000000E+00
position 1.00000000000000000E+00 1.32340009956927740E-01 2.00000000000000011E-01
quaternion 9.99538349031139584E-01 0.00000000000000000E+00 0.00000000000000000E+00 3.03823767355934186E-02
unchanged_qpos 3.23400099569277483E-02 6.07741059006703804E-02
unchanged_qvel 2.84142936191319334E-02 -3.48701191069563030E-02
unchanged_time 1.25000000000000000E-01
step SUCCESS
step_clamped -1.00000000000000000E+00
qpos 3.29499093087746164E-02 6.00682018580084090E-02
qvel 3.23761681250669953E-02 -3.56793633788807518E-02
time 1.45000000000000018E-01
reset_qpos 0.00000000000000000E+00 0.00000000000000000E+00
reset_qvel 0.00000000000000000E+00 0.00000000000000000E+00
forward SUCCESS
forward_clamped -1.00000000000000000E+00
qacc 1.48721566900208074E-01 2.85537577452233182E-01
mass 1.50000000000000000E+00 1.39999995407208588E-01 1.39999995407208588E-01 5.14000000000000012E-01
gravity 0.00000000000000000E+00 0.00000000000000000E+00
bias -1.08276478713506703E-08 -1.16012080910562131E-22
passive 3.05757143069753989E-01 8.73814781090992004E-02
actuation -5.79059461382968599E-02 0.00000000000000000E+00
tendon_length 2.18472011127450028E+00
tendon_velocity -1.00044289629451881E-02
tendon_force -1.17827731879661246E+00
length -2.21931673984217467E-02
velocity 2.35092192909682057E-02
force -8.27227801975669447E-02
position 0.00000000000000000E+00 0.00000000000000000E+00 0.00000000000000000E+00
quaternion 1.00000000000000000E+00 0.00000000000000000E+00 0.00000000000000000E+00 0.00000000000000000E+00
position 1.00000000000000000E+00 6.82954751451117920E-02 2.00000000000000011E-01
quaternion 9.99999991798586785E-01 0.00000000000000000E+00 0.00000000000000000E+00 1.28073519615802837E-04
unchanged_qpos -3.17045248548882136E-02 2.56147039931861609E-04
unchanged_qvel 3.35845989870974387E-02 1.73763427927138003E-02
unchanged_time 1.25000000000000000E-01
step SUCCESS
step_clamped -1.00000000000000000E+00
qpos -3.10016395084932589E-02 6.63629576899299272E-04
qvel 3.65535396410937019E-02 2.30860451002811926E-02
time 1.45000000000000018E-01
reset_qpos 0.00000000000000000E+00 0.00000000000000000E+00
reset_qvel 0.00000000000000000E+00 0.00000000000000000E+00
forward SUCCESS
forward_clamped -1.00000000000000000E+00
qacc 1.05613619270103182E-01 5.33004178456450567E-02
mass 1.50000000000000000E+00 1.39883095874022478E-01 1.39883095874022478E-01 5.14000000000000012E-01
gravity 0.00000000000000000E+00 0.00000000000000000E+00
bias -1.88874011243058713E-06 2.91167575618665742E-22
passive 2.16169612077444812E-01 7.33575852440093157E-02
actuation -1.59381812033456693E-02 0.00000000000000000E+00
tendon_length 2.16543219614278382E+00
tendon_velocity 6.48906948229998996E-03
tendon_force -1.13906642710563188E+00
length 2.86525806226810738E-02
velocity -2.87325564575441790E-02
force -2.27688302904938134E-02
position 0.00000000000000000E+00 0.00000000000000000E+00 0.00000000000000000E+00
quaternion 1.00000000000000000E+00 0.00000000000000000E+00 0.00000000000000000E+00 0.00000000000000000E+00
position 1.00000000000000000E+00 1.40932258032401558E-01 2.00000000000000011E-01
quaternion 9.99791220837813466E-01 0.00000000000000000E+00 0.00000000000000000E+00 2.04331773259645785E-02
unchanged_qpos 4.09322580324015389E-02 4.08691989038874048E-02
unchanged_qvel -4.10465092250631158E-02 1.81712362493493262E-02
unchanged_time 1.25000000000000000E-01
step SUCCESS
step_clamped -1.00000000000000000E+00
qpos 4.01335455563658697E-02 4.12438129388971106E-02
qvel -3.89287103049591396E-02 1.92367007252277795E-02
time 1.45000000000000018E-01
reset_qpos 0.00000000000000000E+00 0.00000000000000000E+00
reset_qvel 0.00000000000000000E+00 0.00000000000000000E+00
forward SUCCESS
forward_clamped -1.00000000000000000E+00
qacc 1.58977024194840805E-01 2.07053274764761625E-01
mass 1.50000000000000000E+00 1.39997432760422619E-01 1.39997432760422619E-01 5.14000000000000012E-01
gravity 0.00000000000000000E+00 0.00000000000000000E+00
bias -1.31499919766763651E-06 2.43521972335611347E-21
passive 2.21382257036215613E-01 7.76139458318194919E-02
actuation 6.31570183534836075E-03 0.00000000000000000E+00
tendon_length 2.16804816742241524E+00
tendon_velocity -3.92804095481161242E-03
tendon_force -1.14438287981359976E+00
length 2.80282217465312039E-02
velocity 4.39770732148932891E-03
force 9.02243119335480181E-03
position 0.00000000000000000E+00 0.00000000000000000E+00 0.00000000000000000E+00
quaternion 1.00000000000000000E+00 0.00000000000000000E+00 0.00000000000000000E+00 0.00000000000000000E+00
position 1.00000000000000000E+00 1.40040316780758872E-01 2.00000000000000011E-01
quaternion 9.99995415633103457E-01 0.00000000000000000E+00 0.00000000000000000E+00 3.02798823921651000E-03
unchanged_qpos 4.00403167807588667E-02 6.05598573272268792E-03
unchanged_qvel 6.28243903069904130E-03 3.93828944710774981E-02
unchanged_time 1.25000000000000000E-01
step SUCCESS
step_clamped -1.00000000000000000E+00
qpos 4.01993402985462850E-02 6.88711308588907129E-03
qvel 9.46045084383694175E-03 4.35222710870765625E-02
time 1.45000000000000018E-01
lifecycle PASS
