create SUCCESS
reset_qpos 0.00000000000000000E+00 0.00000000000000000E+00
reset_qvel 0.00000000000000000E+00 0.00000000000000000E+00
forward SUCCESS
forward_clamped -1.00000000000000000E+00
qacc 3.41984824767006479E-01 4.11265786396721178E-02
mass 1.50000000000000000E+00 1.39950405535406774E-01 1.39950405535406774E-01 5.14000000000000012E-01
gravity 0.00000000000000000E+00 0.00000000000000000E+00
bias 5.85196716316314579E-06 2.32934060494932593E-21
passive 5.54398841685145971E-01 1.15571068144431105E-01
actuation -1.28706366483787478E-02 0.00000000000000000E+00
tendon_length 2.23640626683384625E+00
tendon_velocity 1.83827539243573493E-02
tendon_force -1.28404282271281400E+00
length 2.65964903189305941E-02
velocity -2.43326332916157587E-02
force -1.83866237833982121E-02
position 0.00000000000000000E+00 0.00000000000000000E+00 0.00000000000000000E+00
quaternion 1.00000000000000000E+00 0.00000000000000000E+00 0.00000000000000000E+00 0.00000000000000000E+00
position 1.00000000000000000E+00 1.37994986169900857E-01 2.00000000000000011E-01
quaternion 9.99911434534162757E-01 0.00000000000000000E+00 0.00000000000000000E+00 -1.33087598157281446E-02
unchanged_qpos 3.79949861699008518E-02 -2.66183054569703592E-02
unchanged_qvel -3.47609047023082277E-02 -3.96298440665301677E-02
unchanged_time 1.25000000000000000E-01
step SUCCESS
step_clamped -1.00000000000000000E+00
qpos 3.62503875902138589E-02 -3.03716580816766266E-02
qvel -4.46229686430859988E-04 -3.54605176449936596E-02
time 2.25000000000000089E-01
reset_qpos 0.00000000000000000E+00 0.00000000000000000E+00
reset_qvel 0.00000000000000000E+00 0.00000000000000000E+00
forward SUCCESS
forward_clamped -1.00000000000000000E+00
qacc 3.26100693413303055E-01 3.05055464263975451E-01
mass 1.50000000000000000E+00 1.39902604352231952E-01 1.39902604352231952E-01 5.14000000000000012E-01
gravity 0.00000000000000000E+00 0.00000000000000000E+00
bias -1.11238343886009554E-05 1.48230765769502559E-21
passive 5.76302932168437199E-01 1.10245073673614927E-01
actuation 2.65362993978527743E-02 0.00000000000000000E+00
tendon_length 2.23923493006870133E+00
tendon_velocity -3.23985426913697954E-03
tendon_force -1.28915710895633295E+00
length 1.30510819402549789E-02
velocity -1.52612369503137262E-03
force 3.79089991397896786E-02
position 0.00000000000000000E+00 0.00000000000000000E+00 0.00000000000000000E+00
quaternion 1.00000000000000000E+00 0.00000000000000000E+00 0.00000000000000000E+00 0.00000000000000000E+00
position 1.00000000000000000E+00 1.18644402771792834E-01 2.00000000000000011E-01
quaternion 9.99826064073561116E-01 0.00000000000000000E+00 0.00000000000000000E+00 1.86505120351037820E-02
unchanged_qpos 1.86444027717928285E-02 3.73031868834109298E-02
unchanged_qvel -2.18017670718767542E-03 4.61573253196034816E-02
unchanged_time 1.25000000000000000E-01
step SUCCESS
step_clamped -1.00000000000000000E+00
qpos 1.86692626000336606E-02 3.82903812775900465E-02
qvel 4.33924340699008357E-03 5.22564261161745439E-02
time 1.45000000000000018E-01
reset_qpos 0.00000000000000000E+00 0.00000000000000000E+00
reset_qvel 0.00000000000000000E+00 0.00000000000000000E+00
forward SUCCESS
forward_clamped -1.00000000000000000E+00
qacc 3.89506784360961256E-01 -2.97618363486630289E-02
mass 1.50000000000000000E+00 1.39905385453222730E-01 1.39905385453222730E-01 5.14000000000000012E-01
gravity 0.00000000000000000E+00 0.00000000000000000E+00
bias -4.43909182657454169E-07 5.95570041038179926E-23
passive 6.09505144189045112E-01 1.13609798300479875E-01
actuation -3.80296690041933144E-02 0.00000000000000000E+00
tendon_length 2.24730549802434076E+00
tendon_velocity 1.43112099432543341E-02
tendon_force -1.30613327643418509E+00
length 7.51168403125747276E-04
velocity -2.27944485066821287E-02
force -5.43280985774190275E-02
position 0.00000000000000000E+00 0.00000000000000000E+00 0.00000000000000000E+00
quaternion 1.00000000000000000E+00 0.00000000000000000E+00 0.00000000000000000E+00 0.00000000000000000E+00
position 1.00000000000000000E+00 1.01073097718751073E-01 2.00000000000000011E-01
quaternion 9.99831031176952267E-01 0.00000000000000000E+00 0.00000000000000000E+00 1.83823038717274498E-02
unchanged_qpos 1.07309771875106763E-03 3.67666785742513241E-02
unchanged_qvel -3.25634978666887592E-02 9.28762715153965551E-03
unchanged_time 1.25000000000000000E-01
step SUCCESS
step_clamped -1.00000000000000000E+00
qpos 5.03657555065181446E-04 3.69461819362655389E-02
qvel -2.47686492857278340E-02 8.69248243851949813E-03
time 1.45000000000000018E-01
reset_qpos 0.00000000000000000E+00 0.00000000000000000E+00
reset_qvel 0.00000000000000000E+00 0.00000000000000000E+00
forward SUCCESS
forward_clamped -1.00000000000000000E+00
qacc 5.39822338764670340E-01 3.02243161466905996E-01
mass 1.50000000000000000E+00 1.39971411071238533E-01 1.39971411071238533E-01 5.14000000000000012E-01
gravity 0.00000000000000000E+00 0.00000000000000000E+00
bias 2.43399183320220027E-10 1.61558713389263218E-26
passive 9.30329048694429783E-01 1.46898989783262629E-01
actuation -4.66788532678569651E-02 0.00000000000000000E+00
tendon_length 2.29339407440979048E+00
tendon_velocity -4.13878128348749586E-03
tendon_force -1.39961364718460590E+00
length -4.94025044055372217E-02
velocity 4.32616065566451217E-03
force -6.66840760969385216E-02
position 0.00000000000000000E+00 0.00000000000000000E+00 0.00000000000000000E+00
quaternion 1.00000000000000000E+00 0.00000000000000000E+00 0.00000000000000000E+00 0.00000000000000000E+00
position 1.00000000000000000E+00 2.94249937063753991E-02 2.00000000000000011E-01
quaternion 9.99948947038294622E-01 0.00000000000000000E+00 0.00000000000000000E+00 -1.01046185977317054E-02
unchanged_qpos -7.05750062936246064E-02 -2.02095811162909048E-02
unchanged_qvel 6.18022950809216098E-03 2.93313239290972361E-04
unchanged_time 1.25000000000000000E-01
step SUCCESS
step_clamped -1.00000000000000000E+00
qpos -7.03380964725637131E-02 -2.01402394858231741E-02
qvel 1.69681439693303987E-02 6.33875675930501391E-03
time 1.45000000000000018E-01
reset_qpos 0.00000000000000000E+00 0.00000000000000000E+00
reset_qvel 0.00000000000000000E+00 0.00000000000000000E+00
forward SUCCESS
forward_clamped -1.00000000000000000E+00
qacc 3.14461338230527743E-01 2.79431239804471321E-01
mass 1.50000000000000000E+00 1.39997899829512606E-01 1.39997899829512606E-01 5.14000000000000012E-01
gravity 0.00000000000000000E+00 0.00000000000000000E+00
bias 6.47674467114628102E-07 -2.64697796016968856E-23
passive 4.87592641358063295E-01 1.06279201711506677E-01
actuation 5.97857460514381253E-02 0.00000000000000000E+00
tendon_length 2.22047524807207841E+00
tendon_velocity 7.67541108769991334E-03
tendon_force -1.25126949109701924E+00
length 5.07067414315549372E-02
velocity -9.40703466951294497E-03
force 8.54082086449116096E-02
position 0.00000000000000000E+00 0.00000000000000000E+00 0.00000000000000000E+00
quaternion 1.00000000000000000E+00 0.00000000000000000E+00 0.00000000000000000E+00 0.00000000000000000E+00
position 1.00000000000000000E+00 1.72438202045078481E-01 2.00000000000000011E-01
quaternion 9.99996249688525629E-01 0.00000000000000000E+00 0.00000000000000000E+00 -2.73872395170707489E-03
unchanged_qpos 7.24382020450784897E-02 -5.47745475080299582E-03
unchanged_qvel -1.34386209564470657E-02 -2.90620373741609546E-02
unchanged_time 1.25000000000000000E-01
step SUCCESS
step_clamped -1.00000000000000000E+00
qpos 7.22354774234120894E-02 -6.00000371453642076E-03
qvel -7.14788531389561835E-03 -2.34718484926339441E-02
time 1.45000000000000018E-01
reset_qpos 0.00000000000000000E+00 0.00000000000000000E+00
reset_qvel 0.00000000000000000E+00 0.00000000000000000E+00
forward SUCCESS
forward_clamped -1.00000000000000000E+00
qacc 2.89374046690567210E-01 1.81321803251287272E-01
mass 1.50000000000000000E+00 1.39962525067885646E-01 1.39962525067885646E-01 5.14000000000000012E-01
gravity 0.00000000000000000E+00 0.00000000000000000E+00
bias 4.06608335103610137E-07 9.26442286059390996E-23
passive 5.58380656079073945E-01 1.15570489656813921E-01
actuation -4.58099012451233314E-02 0.00000000000000000E+00
tendon_length 2.23718137774005132E+00
tendon_velocity 1.80441110382853001E-02
tendon_force -1.28561202070149982E+00
length 2.48558625669188862E-02
velocity -2.75813617106453433E-02
force -6.54427160644619060E-02
position 0.00000000000000000E+00 0.00000000000000000E+00 0.00000000000000000E+00
quaternion 1.00000000000000000E+00 0.00000000000000000E+00 0.00000000000000000E+00 0.00000000000000000E+00
position 1.00000000000000000E+00 1.35508375095598432E-01 2.00000000000000011E-01
quaternion 9.99933078239105821E-01 0.00000000000000000E+00 0.00000000000000000E+00 -1.15688825418039723E-02
unchanged_qpos 3.55083750955984129E-02 -2.31382812374189215E-02
unchanged_qvel -3.94019453009219200E-02 -1.12041251009910164E-02
unchanged_time 1.25000000000000000E-01
step SUCCESS
step_clamped -1.00000000000000000E+00
qpos 3.47811559808464954E-02 -2.33242790438291693E-02
qvel -3.36071898794703255E-02 -7.57670380110121462E-03
time 1.45000000000000018E-01
reset_qpos 0.00000000000000000E+00 0.00000000000000000E+00
reset_qvel 0.00000000000000000E+00 0.00000000000000000E+00
forward SUCCESS
forward_clamped -1.00000000000000000E+00
qacc 4.05839992554946127E-01 2.91550952762022197E-01
mass 1.50000000000000000E+00 1.39707006326811933E-01 1.39707006326811933E-01 5.14000000000000012E-01
gravity 0.00000000000000000E+00 0.00000000000000000E+00
bias -7.01858337363422413E-06 6.35274710440725254E-22
passive 6.93540492995500246E-01 1.16753569735980375E-01
actuation 3.17491940416687879E-02 0.00000000000000000E+00
tendon_length 2.25657742018074581E+00
tendon_velocity -1.05474161036190166E-02
tendon_force -1.32429042639910977E+00
length -1.62819294496679458E-02
velocity 1.04463050535419100E-02
force 4.53559914880982684E-02
position 0.00000000000000000E+00 0.00000000000000000E+00 0.00000000000000000E+00
quaternion 1.00000000000000000E+00 0.00000000000000000E+00 0.00000000000000000E+00 0.00000000000000000E+00
position 1.00000000000000000E+00 7.67401007861886475E-02 2.00000000000000011E-01
quaternion 9.99476660069823164E-01 0.00000000000000000E+00 0.00000000000000000E+00 3.23481989556022032E-02
unchanged_qpos -2.32598992138113511E-02 6.47076863437699296E-02
unchanged_qvel 1.49232929336313019E-02 2.78441737256304861E-02
unchanged_time 1.25000000000000000E-01
step SUCCESS
step_clamped -1.00000000000000000E+00
qpos -2.28763025533314825E-02 6.53257916757689489E-02
qvel 2.30261407139093835E-02 3.36746189225520798E-02
time 1.45000000000000018E-01
reset_qpos 0.00000000000000000E+00 0.00000000000000000E+00
reset_qvel 0.00000000000000000E+00 0.00000000000000000E+00
forward SUCCESS
forward_clamped -1.00000000000000000E+00
qacc 4.04345929727765063E-01 1.52033411247099154E-01
mass 1.50000000000000000E+00 1.39919529623418387E-01 1.39919529623418387E-01 5.14000000000000012E-01
gravity 0.00000000000000000E+00 0.00000000000000000E+00
bias 1.44436036340598924E-06 -6.08804930839028369E-22
passive 5.59019563022126853E-01 1.16871988515183226E-01
actuation 2.27171409502240490E-02 0.00000000000000000E+00
tendon_length 2.23779680782441526E+00
tendon_velocity 1.47835158717498708E-02
tendon_force -1.28676793563987246E+00
length 2.53562810651423477E-02
velocity -2.62782078670993485E-02
force 3.24530585003200700E-02
position 0.00000000000000000E+00 0.00000000000000000E+00 0.00000000000000000E+00
quaternion 1.00000000000000000E+00 0.00000000000000000E+00 0.00000000000000000E+00 0.00000000000000000E+00
position 1.00000000000000000E+00 1.36223258664489089E-01 2.00000000000000011E-01
quaternion 9.99856292573049199E-01 0.00000000000000000E+00 0.00000000000000000E+00 -1.69527048601985850E-02
unchanged_qpos 3.62232586644890692E-02 -3.39070339668276002E-02
unchanged_qvel -3.75402969529990693E-02 1.74449798674772699E-02
unchanged_time 1.25000000000000000E-01
step SUCCESS
step_clamped -1.00000000000000000E+00
qpos 3.55574044595052471E-02 -3.35262083679421577E-02
qvel -2.94478549155663127E-02 2.04854656543992063E-02
time 1.45000000000000018E-01
reset_qpos 0.00000000000000000E+00 0.00000000000000000E+00
reset_qvel 0.00000000000000000E+00 0.00000000000000000E+00
forward SUCCESS
forward_clamped -1.00000000000000000E+00
qacc 3.26187985622345078E-01 2.60316005879703938E-01
mass 1.50000000000000000E+00 1.39956673357461620E-01 1.39956673357461620E-01 5.14000000000000012E-01
gravity 0.00000000000000000E+00 0.00000000000000000E+00
bias 2.65798830260488493E-10 2.26182198744968505E-26
passive 5.01444124201552821E-01 1.09988780936602068E-01
actuation 9.83378918207734182E-03 0.00000000000000000E+00
tendon_length 2.22456480222051667E+00
tendon_velocity -5.77966637726889942E-03
tendon_force -1.25919404771286580E+00
length 4.63269452593579670E-02
velocity 1.01102328598103378E-02
force 1.40482702601104903E-02
position 0.00000000000000000E+00 0.00000000000000000E+00 0.00000000000000000E+00
quaternion 1.00000000000000000E+00 0.00000000000000000E+00 0.00000000000000000E+00 0.00000000000000000E+00
position 1.00000000000000000E+00 1.66181350370511405E-01 2.00000000000000011E-01
quaternion 9.99922628002254177E-01 0.00000000000000000E+00 0.00000000000000000E+00 -1.24393733389310621E-02
unchanged_qpos 6.61813503705113854E-02 -2.48793883371647151E-02
unchanged_qvel 1.44431897997290559E-02 2.76258129909556782E-04
unchanged_time 1.25000000000000000E-01
step SUCCESS
step_clamped -1.00000000000000000E+00
qpos 6.65386757410521140E-02 -2.48191959126051777E-02
qvel 2.09614833088659566E-02 5.48266801053822785E-03
time 1.45000000000000018E-01
reset_qpos 0.00000000000000000E+00 0.00000000000000000E+00
reset_qvel 0.00000000000000000E+00 0.00000000000000000E+00
forward SUCCESS
forward_clamped -1.00000000000000000E+00
qacc 6.64275863363949948E-01 1.61106901999489155E-01
mass 1.50000000000000000E+00 1.39996304066790533E-01 1.39996304066790533E-01 5.14000000000000012E-01
gravity 0.00000000000000000E+00 0.00000000000000000E+00
bias -9.05677090925526828E-07 0.00000000000000000E+00
passive 9.15634334487827162E-01 1.41629227854151218E-01
actuation 2.86010745784068959E-02 0.00000000000000000E+00
tendon_length 2.28939021319618030E+00
tendon_velocity 1.58179908387411569E-02
tendon_force -1.39203728613274036E+00
length -4.81430007831422160E-02
velocity -1.35784256323695490E-02
force 4.08586779691527124E-02
position 0.00000000000000000E+00 0.00000000000000000E+00 0.00000000000000000E+00
quaternion 1.00000000000000000E+00 0.00000000000000000E+00 0.00000000000000000E+00 0.00000000000000000E+00
position 1.00000000000000000E+00 3.12242845955111176E-02 2.00000000000000011E-01
quaternion 9.99993400097489382E-01 0.00000000000000000E+00 0.00000000000000000E+00 3.63314759711988108E-03
unchanged_qpos -6.87757154044888880E-02 7.26631117989526287E-03
unchanged_qvel -1.93977509033850699E-02 -2.98378542319619466E-02
unchanged_time 1.25000000000000000E-01
step SUCCESS
step_clamped -1.00000000000000000E+00
qpos -6.90241365365736742E-02 6.70339864323964835E-03
qvel -6.10749433781832864E-03 -2.66140080141071163E-02
time 1.45000000000000018E-01
reset_qpos 0.00000000000000000E+00 0.00000000000000000E+00
reset_qvel 0.00000000000000000E+00 0.00000000000000000E+00
forward SUCCESS
forward_clamped -1.00000000000000000E+00
qacc 2.97364542382766939E-01 1.44074017243958963E-01
mass 1.50000000000000000E+00 1.39622422094074577E-01 1.39622422094074577E-01 5.14000000000000012E-01
gravity 0.00000000000000000E+00 0.00000000000000000E+00
bias 1.26899064581249507E-06 -1.85288457211878199E-22
passive 5.15904963180397802E-01 1.16917388500147948E-01
actuation -4.35917175476187024E-02 0.00000000000000000E+00
tendon_length 2.22994040736369570E+00
tendon_velocity -1.60297556057558757E-02
tendon_force -1.26983540591531696E+00
length 4.39051503141160704E-02
velocity 2.90897892931177814E-02
force -6.22738822108838616E-02
position 0.00000000000000000E+00 0.00000000000000000E+00 0.00000000000000000E+00
quaternion 1.00000000000000000E+00 0.00000000000000000E+00 0.00000000000000000E+00 0.00000000000000000E+00
position 1.00000000000000000E+00 1.62721643305880126E-01 2.00000000000000011E-01
quaternion 9.99325526282020760E-01 0.00000000000000000E+00 0.00000000000000000E+00 -3.67218262231370843E-02
unchanged_qpos 6.27216433058801065E-02 -7.34601688400852715E-02
unchanged_qvel 4.15568418473111212E-02 -1.11130832744854927E-02
unchanged_time 1.25000000000000000E-01
step SUCCESS
step_clamped -1.00000000000000000E+00
qpos 6.36151486960005869E-02 -7.36521724229474706E-02
qvel 4.74929457280268419E-02 -8.23126993550465751E-03
time 1.45000000000000018E-01
reset_qpos 0.00000000000000000E+00 0.00000000000000000E+00
reset_qvel 0.00000000000000000E+00 0.00000000000000000E+00
forward SUCCESS
forward_clamped -1.00000000000000000E+00
qacc 2.71285667397146546E-01 1.27773453744747995E-01
mass 1.50000000000000000E+00 1.39815949047301658E-01 1.39815949047301658E-01 5.14000000000000012E-01
gravity 0.00000000000000000E+00 0.00000000000000000E+00
bias 1.04842213272768217E-05 -3.38813178901720136E-21
passive 5.06852696364996524E-01 1.13449784719036689E-01
actuation -6.83595632648300311E-02 0.00000000000000000E+00
tendon_length 2.22671360486845860E+00
tendon_velocity 3.61652880477287891E-03
tendon_force -1.26385268640240023E+00
length 4.63797325160896015E-02
velocity -8.65285337463728111E-04
force -9.76565189497572012E-02
position 0.00000000000000000E+00 0.00000000000000000E+00 0.00000000000000000E+00
quaternion 1.00000000000000000E+00 0.00000000000000000E+00 0.00000000000000000E+00 0.00000000000000000E+00
position 1.00000000000000000E+00 1.66256760737270859E-01 2.00000000000000011E-01
quaternion 9.99671283557217460E-01 0.00000000000000000E+00 0.00000000000000000E+00 -2.56383468863540798E-02
unchanged_qpos 6.62567607372708672E-02 -5.12823130090274554E-02
unchanged_qvel -1.23612191066246879E-03 -3.82221802816780018E-02
unchanged_time 1.25000000000000000E-01
step SUCCESS
step_clamped -1.00000000000000000E+00
qpos 6.62890033939207146E-02 -5.20199109992154074E-02
qvel 4.18885152790117801E-03 -3.56648536256298845E-02
time 1.45000000000000018E-01
lifecycle PASS
