create SUCCESS
reset_qpos 0.00000000000000000E+00 0.00000000000000000E+00
reset_qvel 0.00000000000000000E+00 0.00000000000000000E+00
forward SUCCESS
forward_clamped -1.00000000000000000E+00
qacc 1.77816943184585963E-01 8.50744170472404748E-02
mass 1.50000000000000000E+00 1.39737241850601213E-01 1.39737241850601213E-01 5.14000000000000012E-01
gravity 0.00000000000000000E+00 0.00000000000000000E+00
bias -6.73136970807838894E-06 0.00000000000000000E+00
passive 3.09761473436755030E-01 8.09619830080346575E-02
actuation 2.09700260349061224E-03 0.00000000000000000E+00
tendon_length 2.18231679933777656E+00
tendon_velocity 9.62173672709897010E-03
tendon_force -1.17367898115620006E+00
length -2.83200506311752885E-02
velocity -3.15599706878866015E-02
force 2.99571800498658891E-03
position 0.00000000000000000E+00 0.00000000000000000E+00 0.00000000000000000E+00
quaternion 1.00000000000000000E+00 0.00000000000000000E+00 0.00000000000000000E+00 0.00000000000000000E+00
position 1.00000000000000000E+00 5.95427848126067333E-02 2.00000000000000011E-01
quaternion 9.99530678887777468E-01 0.00000000000000000E+00 0.00000000000000000E+00 3.06336736637724365E-02
unchanged_qpos -4.04572151873932723E-02 6.12769338137553882E-02
unchanged_qvel -4.50856724112665766E-02 2.80204497177455464E-02
unchanged_time 1.25000000000000000E-01
step SUCCESS
step_clamped -1.00000000000000000E+00
qpos -4.40633809816217414E-02 6.45078205168640589E-02
qvel -2.71785053120463249E-02 3.65035624020503546E-02
time 2.25000000000000089E-01
reset_qpos 0.00000000000000000E+00 0.00000000000000000E+00
reset_qvel 0.00000000000000000E+00 0.00000000000000000E+00
forward SUCCESS
forward_clamped -1.00000000000000000E+00
qacc 2.10112431217416823E-01 5.64087164699197188E-02
mass 1.50000000000000000E+00 1.39591617246787786E-01 1.39591617246787786E-01 5.14000000000000012E-01
gravity 0.00000000000000000E+00 0.00000000000000000E+00
bias 1.61612456138432219E-05 -2.96461531539005119E-21
passive 3.07337291910415145E-01 9.54026437388607179E-02
actuation -5.27084722985446189E-02 0.00000000000000000E+00
tendon_length 2.18832540052085633E+00
tendon_velocity 1.64014262678664844E-03
tendon_force -1.18565890067958768E+00
length -1.72507661582207879E-02
velocity 2.66687463218523435E-03
force -7.52978175693494595E-02
position 0.00000000000000000E+00 0.00000000000000000E+00 0.00000000000000000E+00
quaternion 1.00000000000000000E+00 0.00000000000000000E+00 0.00000000000000000E+00 0.00000000000000000E+00
position 1.00000000000000000E+00 7.53560483453988850E-02 2.00000000000000011E-01
quaternion 9.99270478983092736E-01 0.00000000000000000E+00 0.00000000000000000E+00 -3.81904416431690305E-02
unchanged_qpos -2.46439516546011275E-02 -7.63994625279124234E-02
unchanged_qvel 3.80982090312176336E-03 -3.88901421501355593E-02
unchanged_time 1.25000000000000000E-01
step SUCCESS
step_clamped -1.00000000000000000E+00
qpos -2.45236393544814094E-02 -7.71654079740141108E-02
qvel 8.01091657064444129E-03 -3.77603214659251590E-02
time 1.45000000000000018E-01
reset_qpos 0.00000000000000000E+00 0.00000000000000000E+00
reset_qvel 0.00000000000000000E+00 0.00000000000000000E+00
forward SUCCESS
forward_clamped -1.00000000000000000E+00
qacc 1.93337075683801679E-01 1.74780902589523224E-01
mass 1.50000000000000000E+00 1.39561176520066776E-01 1.39561176520066776E-01 5.14000000000000012E-01
gravity 0.00000000000000000E+00 0.00000000000000000E+00
bias 1.29678698714058343E-05 1.69406589450860068E-21
passive 2.78664445824876095E-01 9.24275958256892544E-02
actuation -3.69947642813708288E-02 0.00000000000000000E+00
tendon_length 2.18235135360841337E+00
tendon_velocity 1.08794858123356913E-03
tendon_force -1.17349295740028814E+00
length 1.20309008557521732E-04
velocity -9.80478594782696958E-03
force -5.28496632591011900E-02
position 0.00000000000000000E+00 0.00000000000000000E+00 0.00000000000000000E+00
quaternion 1.00000000000000000E+00 0.00000000000000000E+00 0.00000000000000000E+00 0.00000000000000000E+00
position 1.00000000000000000E+00 1.00171870012225037E-01 2.00000000000000011E-01
quaternion 9.99216079377204802E-01 0.00000000000000000E+00 0.00000000000000000E+00 -3.95882143326478503E-02
unchanged_qpos 1.71870012225031066E-04 -7.91971245000877427E-02
unchanged_qvel -1.40068370683242432E-02 3.42170561732857842E-02
unchanged_time 1.25000000000000000E-01
step SUCCESS
step_clamped -1.00000000000000000E+00
qpos -6.76614738578325042E-05 -7.84760868591223848E-02
qvel -1.01395037724537306E-02 3.77115943334628001E-02
time 1.45000000000000018E-01
reset_qpos 0.00000000000000000E+00 0.00000000000000000E+00
reset_qvel 0.00000000000000000E+00 0.00000000000000000E+00
forward SUCCESS
forward_clamped -1.00000000000000000E+00
qacc 2.31172493420295055E-01 1.88628700964383028E-01
mass 1.50000000000000000E+00 1.39838641508031825E-01 1.39838641508031825E-01 5.14000000000000012E-01
gravity 0.00000000000000000E+00 0.00000000000000000E+00
bias 1.60945338556280651E-05 -1.05879118406787542E-21
passive 3.57613555477356237E-01 9.81702950556469361E-02
actuation -6.72939096128259973E-02 0.00000000000000000E+00
tendon_length 2.19864984998774649E+00
tendon_velocity 8.94841175283561489E-04
tendon_force -1.20663963163904375E+00
length -4.82873364430471269E-02
velocity 6.36600489428870101E-03
force -9.61341565897514405E-02
position 0.00000000000000000E+00 0.00000000000000000E+00 0.00000000000000000E+00
quaternion 1.00000000000000000E+00 0.00000000000000000E+00 0.00000000000000000E+00 0.00000000000000000E+00
position 1.00000000000000000E+00 3.10180907956469631E-02 2.00000000000000011E-01
quaternion 9.99711818311428635E-01 0.00000000000000000E+00 0.00000000000000000E+00 -2.40058394657902928E-02
unchanged_qpos -6.89819092043530424E-02 -4.80162914921890421E-02
unchanged_qvel 9.09429270612671647E-03 -4.89400404349792650E-02
unchanged_time 1.25000000000000000E-01
step SUCCESS
step_clamped -1.00000000000000000E+00
qpos -6.87514906795442110E-02 -4.89554659921957042E-02
qvel 1.37157481390353195E-02 -4.51654406485564319E-02
time 1.45000000000000018E-01
reset_qpos 0.00000000000000000E+00 0.00000000000000000E+00
reset_qvel 0.00000000000000000E+00 0.00000000000000000E+00
forward SUCCESS
forward_clamped -1.00000000000000000E+00
qacc 1.35586871658432556E-01 2.29101176712068977E-01
mass 1.50000000000000000E+00 1.39999711731378124E-01 1.39999711731378124E-01 5.14000000000000012E-01
gravity 0.00000000000000000E+00 0.00000000000000000E+00
bias -1.85717357658742386E-07 -1.98523347012726642E-23
passive 3.54232241518704194E-01 9.26016546285842318E-02
actuation -4.55090842520674763E-02 0.00000000000000000E+00
tendon_length 2.19590339777838839E+00
tendon_velocity -8.05270405155435881E-03
tendon_force -1.20078309465179744E+00
length -5.07192485759619185E-02
velocity 2.37389736893255238E-02
force -6.50129775029535395E-02
position 0.00000000000000000E+00 0.00000000000000000E+00 0.00000000000000000E+00
quaternion 1.00000000000000000E+00 0.00000000000000000E+00 0.00000000000000000E+00 0.00000000000000000E+00
position 1.00000000000000000E+00 2.75439306057686933E-02 2.00000000000000011E-01
quaternion 9.99999485234471464E-01 0.00000000000000000E+00 0.00000000000000000E+00 1.01465796806447664E-03
unchanged_qpos -7.24560693942313122E-02 2.02931628433632161E-03
unchanged_qvel 3.39128195561793216E-02 -2.55674555158051722E-02
unchanged_time 1.25000000000000000E-01
step SUCCESS
step_clamped -1.00000000000000000E+00
qpos -7.17493796363036368E-02 1.56608444659122226E-03
qvel 3.66188244486535738E-02 -2.09845872414360958E-02
time 1.45000000000000018E-01
reset_qpos 0.00000000000000000E+00 0.00000000000000000E+00
reset_qvel 0.00000000000000000E+00 0.00000000000000000E+00
forward SUCCESS
forward_clamped -1.00000000000000000E+00
qacc 8.78075337885864671E-02 2.73290449637162147E-01
mass 1.50000000000000000E+00 1.39585365924709159E-01 1.39585365924709159E-01 5.14000000000000012E-01
gravity 0.00000000000000000E+00 0.00000000000000000E+00
bias -7.76366872059747494E-06 -7.41153828847512797E-22
passive 2.49130246493968949E-01 7.27540317825919741E-02
actuation -1.55744919504240149E-02 0.00000000000000000E+00
tendon_length 2.16920777977988344E+00
tendon_velocity 9.53155583373558636E-03
tendon_force -1.14702594854035733E+00
length 6.39232846510156064E-03
velocity -2.41686251459690173E-02
force -2.22492742148914513E-02
position 0.00000000000000000E+00 0.00000000000000000E+00 0.00000000000000000E+00
quaternion 1.00000000000000000E+00 0.00000000000000000E+00 0.00000000000000000E+00 0.00000000000000000E+00
position 1.00000000000000000E+00 1.09131897807287950E-01 2.00000000000000011E-01
quaternion 9.99259307695864241E-01 0.00000000000000000E+00 0.00000000000000000E+00 3.84816317635042759E-02
unchanged_qpos 9.13189780728794476E-03 7.69822711909918106E-02
unchanged_qvel -3.45266073513843114E-02 -2.68527421289850438E-02
unchanged_time 1.25000000000000000E-01
step SUCCESS
step_clamped -1.00000000000000000E+00
qpos 8.45983909114269433E-03 7.65026168567855547E-02
qvel -3.27656444299616323E-02 -2.13855925357111683E-02
time 1.45000000000000018E-01
reset_qpos 0.00000000000000000E+00 0.00000000000000000E+00
reset_qvel 0.00000000000000000E+00 0.00000000000000000E+00
forward SUCCESS
forward_clamped -1.00000000000000000E+00
qacc 9.28374204318481444E-02 1.65780814151074596E-01
mass 1.50000000000000000E+00 1.39999482502304123E-01 1.39999482502304123E-01 5.14000000000000012E-01
gravity 0.00000000000000000E+00 0.00000000000000000E+00
bias 6.30331015295318338E-07 3.17637355220362627E-21
passive 2.02646672144080914E-01 7.66437816939740391E-02
actuation -2.33247680162469301E-02 0.00000000000000000E+00
tendon_length 2.16560930779798655E+00
tendon_velocity -1.11169102646108443E-02
tendon_force -1.13909247667192193E+00
length 3.94291751358255629E-02
velocity 3.28175562449101871E-02
force -3.33210971660670430E-02
position 0.00000000000000000E+00 0.00000000000000000E+00 0.00000000000000000E+00
quaternion 1.00000000000000000E+00 0.00000000000000000E+00 0.00000000000000000E+00 0.00000000000000000E+00
position 1.00000000000000000E+00 1.56327393051179375E-01 2.00000000000000011E-01
quaternion 9.99999075896544687E-01 0.00000000000000000E+00 0.00000000000000000E+00 -1.35948742422657156E-03
unchanged_qpos 5.63273930511793836E-02 -2.71897568599147044E-03
unchanged_qvel 4.68822232070145589E-02 4.06928330104531638E-02
unchanged_time 1.25000000000000000E-01
step SUCCESS
step_clamped -1.00000000000000000E+00
qpos 5.72844805637645546E-02 -1.87031802497744323E-03
qvel 4.87314056840359930E-02 4.40065857184243625E-02
time 1.45000000000000018E-01
reset_qpos 0.00000000000000000E+00 0.00000000000000000E+00
reset_qvel 0.00000000000000000E+00 0.00000000000000000E+00
forward SUCCESS
forward_clamped -1.00000000000000000E+00
qacc 3.07299457495315564E-01 -8.52523456126424578E-02
mass 1.50000000000000000E+00 1.39997337748286016E-01 1.39997337748286016E-01 5.14000000000000012E-01
gravity 0.00000000000000000E+00 0.00000000000000000E+00
bias -9.46363571891820683E-08 1.65436122510605535E-23
passive 3.58323078080771129E-01 9.25581157085220152E-02
actuation 5.45174009339254723E-02 0.00000000000000000E+00
tendon_length 2.19659267954137860E+00
tendon_velocity -6.84927536813448312E-03
tendon_force -1.20222160578877513E+00
length -5.31002947457238361E-02
velocity 1.41439404205673212E-02
force 7.78820013341792461E-02
position 0.00000000000000000E+00 0.00000000000000000E+00 0.00000000000000000E+00
quaternion 1.00000000000000000E+00 0.00000000000000000E+00 0.00000000000000000E+00 0.00000000000000000E+00
position 1.00000000000000000E+00 2.41424360775373825E-02 2.00000000000000011E-01
quaternion 9.99995245967781998E-01 0.00000000000000000E+00 0.00000000000000000E+00 3.08351128348877080E-03
unchanged_qpos -7.58575639224626230E-02 6.16703233973744935E-03
unchanged_qvel 2.02056291722390313E-02 1.04695557308249060E-02
unchanged_time 1.25000000000000000E-01
step SUCCESS
step_clamped -1.00000000000000000E+00
qpos -7.53889524998653249E-02 6.35851828255798359E-03
qvel 2.63466841455495121E-02 8.76419930947247398E-03
time 1.45000000000000018E-01
reset_qpos 0.00000000000000000E+00 0.00000000000000000E+00
reset_qvel 0.00000000000000000E+00 0.00000000000000000E+00
forward SUCCESS
forward_clamped -1.00000000000000000E+00
qacc 2.58004154740528902E-01 4.67322957523169102E-02
mass 1.50000000000000000E+00 1.39580867582176166E-01 1.39580867582176166E-01 5.14000000000000012E-01
gravity 0.00000000000000000E+00 0.00000000000000000E+00
bias 8.61526421317533159E-06 2.11758236813575085E-22
passive 3.68340677090759738E-01 1.02370722643111242E-01
actuation -6.47799318473309266E-02 0.00000000000000000E+00
tendon_length 2.20249226834126732E+00
tendon_velocity -5.32998552382652098E-03
tendon_force -1.21427151886550155E+00
length -5.22801074860124032E-02
velocity 1.69247099243369573E-02
force -9.25427597819013237E-02
position 0.00000000000000000E+00 0.00000000000000000E+00 0.00000000000000000E+00
quaternion 1.00000000000000000E+00 0.00000000000000000E+00 0.00000000000000000E+00 0.00000000000000000E+00
position 1.00000000000000000E+00 2.53141321628394256E-02 2.00000000000000011E-01
quaternion 9.99251268954796878E-01 0.00000000000000000E+00 0.00000000000000000E+00 -3.86898112198544031E-02
unchanged_qpos -7.46858678371605800E-02 -7.73989404006109882E-02
unchanged_qvel 2.41781570347670838E-02 -2.82110743324529914E-02
unchanged_time 1.25000000000000000E-01
step SUCCESS
step_clamped -1.00000000000000000E+00
qpos -7.41481570513343735E-02 -7.79533403232561400E-02
qvel 2.93334314973469762E-02 -2.72753230381076670E-02
time 1.45000000000000018E-01
reset_qpos 0.00000000000000000E+00 0.00000000000000000E+00
reset_qvel 0.00000000000000000E+00 0.00000000000000000E+00
forward SUCCESS
forward_clamped -1.00000000000000000E+00
qacc 1.65781306230559533E-01 -3.94409939808372800E-02
mass 1.50000000000000000E+00 1.39920901452695895E-01 1.39920901452695895E-01 5.14000000000000012E-01
gravity 0.00000000000000000E+00 0.00000000000000000E+00
bias 8.63544703239919464E-07 2.64697796016968856E-23
passive 3.29327224436722854E-01 9.34174136905515234E-02
actuation -1.99168388483506355E-02 0.00000000000000000E+00
tendon_length 2.19116845698113316E+00
tendon_velocity 8.79923110456234080E-03
tendon_force -1.19165674312455971E+00
length -3.25546307512713101E-02
velocity -2.48645351331551433E-02
force -2.84526269262151965E-02
position 0.00000000000000000E+00 0.00000000000000000E+00 0.00000000000000000E+00
quaternion 1.00000000000000000E+00 0.00000000000000000E+00 0.00000000000000000E+00 0.00000000000000000E+00
position 1.00000000000000000E+00 5.34933846410409891E-02 2.00000000000000011E-01
quaternion 9.99858742617275364E-01 0.00000000000000000E+00 0.00000000000000000E+00 -1.68075819736456210E-02
unchanged_qpos -4.65066153589590164E-02 -3.36167468334223687E-02
unchanged_qvel -3.55207644759359190E-02 1.35469476781176490E-02
unchanged_time 1.25000000000000000E-01
step SUCCESS
step_clamped -1.00000000000000000E+00
qpos -4.71821853402872166E-02 -3.33540912457524347E-02
qvel -3.22007138783307334E-02 1.27580200482370031E-02
time 1.45000000000000018E-01
reset_qpos 0.00000000000000000E+00 0.00000000000000000E+00
reset_qvel 0.00000000000000000E+00 0.00000000000000000E+00
forward SUCCESS
forward_clamped -1.00000000000000000E+00
qacc 1.10069940921604478E-01 1.94813285739032005E-01
mass 1.50000000000000000E+00 1.39902958016788259E-01 1.39902958016788259E-01 5.14000000000000012E-01
gravity 0.00000000000000000E+00 0.00000000000000000E+00
bias -7.10765229646725165E-06 7.41153828847512797E-22
passive 2.19414646865088520E-01 7.42113079271177339E-02
actuation 6.51066529112863945E-02 0.00000000000000000E+00
tendon_length 2.16637100646575753E+00
tendon_velocity -4.84791100273357888E-03
tendon_force -1.14082881024223015E+00
length 2.61724736858959944E-02
velocity 2.71214033302428562E-02
force 9.30095041589805716E-02
position 0.00000000000000000E+00 0.00000000000000000E+00 0.00000000000000000E+00
quaternion 1.00000000000000000E+00 0.00000000000000000E+00 0.00000000000000000E+00 0.00000000000000000E+00
position 1.00000000000000000E+00 1.37389248122708585E-01 2.00000000000000011E-01
quaternion 9.99826695727079162E-01 0.00000000000000000E+00 0.00000000000000000E+00 1.86166192277464997E-02
unchanged_qpos 3.73892481227085655E-02 3.72353894977140026E-02
unchanged_qvel 3.87448619003469413E-02 -3.69293190096127710E-02
unchanged_time 1.25000000000000000E-01
step SUCCESS
step_clamped -1.00000000000000000E+00
qpos 3.81872203520604511E-02 3.65377234092742684E-02
qvel 4.09405635793670536E-02 -3.30317090636810529E-02
time 1.45000000000000018E-01
reset_qpos 0.00000000000000000E+00 0.00000000000000000E+00
reset_qvel 0.00000000000000000E+00 0.00000000000000000E+00
forward SUCCESS
forward_clamped -1.00000000000000000E+00
qacc 7.28310474496027122E-02 2.87542444708963230E-01
mass 1.50000000000000000E+00 1.39651522936042771E-01 1.39651522936042771E-01 5.14000000000000012E-01
gravity 0.00000000000000000E+00 0.00000000000000000E+00
bias -1.92671442118633410E-05 2.96461531539005119E-21
passive 2.11803612413892783E-01 6.96447745346206876E-02
actuation -6.82030700137904733E-02 0.00000000000000000E+00
tendon_length 2.16315718228387510E+00
tendon_velocity -4.04618280859878748E-03
tendon_force -1.13432188068628959E+00
length 2.90811448484771529E-02
velocity 2.93743138557737461E-03
force -9.74329571625578289E-02
position 0.00000000000000000E+00 0.00000000000000000E+00 0.00000000000000000E+00
quaternion 1.00000000000000000E+00 0.00000000000000000E+00 0.00000000000000000E+00 0.00000000000000000E+00
position 1.00000000000000000E+00 1.41544492640681641E-01 2.00000000000000011E-01
quaternion 9.99377525791577792E-01 0.00000000000000000E+00 0.00000000000000000E+00 3.52783353165115471E-02
unchanged_qpos 4.15444926406816489E-02 7.05713141817475714E-02
unchanged_qvel 4.19633055082482137E-03 4.41784858559342991E-02
unchanged_time 1.25000000000000000E-01
step SUCCESS
step_clamped -1.00000000000000000E+00
qpos 4.16437039189241354E-02 7.15152543222210418E-02
qvel 5.65152444289459058E-03 4.99273884471965398E-02
time 1.45000000000000018E-01
lifecycle PASS
