create SUCCESS
reset_qpos 0.00000000000000000E+00 0.00000000000000000E+00
reset_qvel 0.00000000000000000E+00 0.00000000000000000E+00
forward SUCCESS
forward_clamped -1.00000000000000000E+00
qacc 1.97983154531059413E-01 1.06099813583958549E-01
mass 1.50000000000000000E+00 1.39929433331906272E-01 1.39929433331906272E-01 5.14000000000000012E-01
gravity 0.00000000000000000E+00 0.00000000000000000E+00
bias 1.06143258387265701E-06 1.32348898008484428E-23
passive 3.51273242662482499E-01 9.58316475421938513E-02
actuation 2.30245547493025289E-02 0.00000000000000000E+00
tendon_length 2.19661340574951858E+00
tendon_velocity -8.62330871859240400E-03
tendon_force -1.20221047046633545E+00
length -4.63058444076992967E-02
velocity 1.78643543161179329E-02
force 3.28922210704321871E-02
position 0.00000000000000000E+00 0.00000000000000000E+00 0.00000000000000000E+00
quaternion 1.00000000000000000E+00 0.00000000000000000E+00 0.00000000000000000E+00 0.00000000000000000E+00
position 1.00000000000000000E+00 3.38487937032867225E-02 2.00000000000000011E-01
quaternion 9.99873980152188757E-01 0.00000000000000000E+00 0.00000000000000000E+00 -1.58752579387025951E-02
unchanged_qpos -6.61512062967132830E-02 -3.17518496763657537E-02
unchanged_qvel 2.55205061658827642E-02 1.54537600066862735E-02
unchanged_time 1.25000000000000000E-01
step SUCCESS
step_clamped -1.00000000000000000E+00
qpos -6.26045034199336214E-02 -2.96713774988177532E-02
qvel 4.51589037097397603E-02 2.60414011429099604E-02
time 2.25000000000000089E-01
reset_qpos 0.00000000000000000E+00 0.00000000000000000E+00
reset_qvel 0.00000000000000000E+00 0.00000000000000000E+00
forward SUCCESS
forward_clamped -1.00000000000000000E+00
qacc 2.48568726978467713E-01 1.19071663386355706E-01
mass 1.50000000000000000E+00 1.39594684580423761E-01 1.39594684580423761E-01 5.14000000000000012E-01
gravity 0.00000000000000000E+00 0.00000000000000000E+00
bias 7.69417220252709730E-06 6.35274710440725254E-22
passive 2.60682654415741344E-01 9.03308750562075019E-02
actuation 3.14669098760275642E-02 0.00000000000000000E+00
tendon_length 2.17907505202120610E+00
tendon_velocity -9.22322245214384634E-03
tendon_force -1.16652151000150361E+00
length 9.44563552096774200E-03
velocity 3.41217033467174982E-02
force 4.49527283943250977E-02
position 0.00000000000000000E+00 0.00000000000000000E+00 0.00000000000000000E+00
quaternion 1.00000000000000000E+00 0.00000000000000000E+00 0.00000000000000000E+00 0.00000000000000000E+00
position 1.00000000000000000E+00 1.13493765029953925E-01 2.00000000000000011E-01
quaternion 9.99275960348333436E-01 0.00000000000000000E+00 0.00000000000000000E+00 -3.80467484802015227E-02
unchanged_qpos 1.34937650299539191E-02 -7.61118671838323102E-02
unchanged_qvel 4.87452904953107197E-02 -2.68844057790510044E-02
unchanged_time 1.25000000000000000E-01
step SUCCESS
step_clamped -1.00000000000000000E+00
qpos 1.45208129517356045E-02 -7.66245439994926586E-02
qvel 5.37084710214372554E-02 -2.45021032747363386E-02
time 1.45000000000000018E-01
reset_qpos 0.00000000000000000E+00 0.00000000000000000E+00
reset_qvel 0.00000000000000000E+00 0.00000000000000000E+00
forward SUCCESS
forward_clamped -1.00000000000000000E+00
qacc 1.97294995007214147E-01 1.07259904353621816E-02
mass 1.50000000000000000E+00 1.39936561981478524E-01 1.39936561981478524E-01 5.14000000000000012E-01
gravity 0.00000000000000000E+00 0.00000000000000000E+00
bias 2.21585257874394646E-06 -1.32348898008484428E-22
passive 3.28556381930076635E-01 9.29632549127588498E-02
actuation 6.45945209293093958E-02 0.00000000000000000E+00
tendon_length 2.19083424838979379E+00
tendon_velocity 8.56617762953072390E-03
tendon_force -1.19096991943707509E+00
length -3.23554561947366481E-02
velocity -2.60720201777774399E-02
force 9.22778870418705655E-02
position 0.00000000000000000E+00 0.00000000000000000E+00 0.00000000000000000E+00
quaternion 1.00000000000000000E+00 0.00000000000000000E+00 0.00000000000000000E+00 0.00000000000000000E+00
position 1.00000000000000000E+00 5.37779197218047900E-02 2.00000000000000011E-01
quaternion 9.99886711406916207E-01 0.00000000000000000E+00 0.00000000000000000E+00 -1.50520547388818798E-02
unchanged_qpos -4.62220802781952156E-02 -3.01052463466845652E-02
unchanged_qvel -3.72457431111106324E-02 2.29307428009974945E-02
unchanged_time 1.25000000000000000E-01
step SUCCESS
step_clamped -1.00000000000000000E+00
qpos -4.69255330069687782E-02 -2.96443820484268011E-02
qvel -3.32955364074613847E-02 2.31448177476656011E-02
time 1.45000000000000018E-01
reset_qpos 0.00000000000000000E+00 0.00000000000000000E+00
reset_qvel 0.00000000000000000E+00 0.00000000000000000E+00
forward SUCCESS
forward_clamped -1.00000000000000000E+00
qacc 1.13852701221953165E-01 2.67581759488850712E-01
mass 1.50000000000000000E+00 1.39968908940818204E-01 1.39968908940818204E-01 5.14000000000000012E-01
gravity 0.00000000000000000E+00 0.00000000000000000E+00
bias -3.75568267588572651E-06 8.99972506457694110E-22
passive 2.70515858320149460E-01 8.14309199776585280E-02
actuation -3.62630662354371663E-02 0.00000000000000000E+00
tendon_length 2.17667388776756132E+00
tendon_velocity -1.18428788227575889E-02
tendon_force -1.16156086720872875E+00
length -3.73386619116663739E-03
velocity 2.75687055002184211E-02
force -5.18043803363388081E-02
position 0.00000000000000000E+00 0.00000000000000000E+00 0.00000000000000000E+00
quaternion 1.00000000000000000E+00 0.00000000000000000E+00 0.00000000000000000E+00 0.00000000000000000E+00
position 1.00000000000000000E+00 9.46659054411905232E-02 2.00000000000000011E-01
quaternion 9.99944478710154239E-01 0.00000000000000000E+00 0.00000000000000000E+00 1.05375280345029222E-02
unchanged_qpos -5.33409455880948236E-03 2.10754461157670603E-02
unchanged_qvel 3.93838650003120322E-02 3.56786254832996419E-02
unchanged_time 1.25000000000000000E-01
step SUCCESS
step_clamped -1.00000000000000000E+00
qpos -4.52255651863542069E-03 2.18451989347556164E-02
qvel 4.16540092935520426E-02 4.10285421720335691E-02
time 1.45000000000000018E-01
reset_qpos 0.00000000000000000E+00 0.00000000000000000E+00
reset_qvel 0.00000000000000000E+00 0.00000000000000000E+00
forward SUCCESS
forward_clamped -1.00000000000000000E+00
qacc 1.60725702803281273E-01 2.20642458218615667E-01
mass 1.50000000000000000E+00 1.39987309850681446E-01 1.39987309850681446E-01 5.14000000000000012E-01
gravity 0.00000000000000000E+00 0.00000000000000000E+00
bias 2.60687070644759107E-06 -5.29395592033937712E-23
passive 3.59033649211025097E-01 9.47784601208745692E-02
actuation -2.17643249801770244E-02 0.00000000000000000E+00
tendon_length 2.19772535503885136E+00
tendon_velocity -1.21890848358858564E-02
tendon_force -1.20436562885031040E+00
length -5.22012705110111580E-02
velocity 2.18875942877587264E-02
force -3.10918928288243246E-02
position 0.00000000000000000E+00 0.00000000000000000E+00 0.00000000000000000E+00
quaternion 1.00000000000000000E+00 0.00000000000000000E+00 0.00000000000000000E+00 0.00000000000000000E+00
position 1.00000000000000000E+00 2.54267564128412005E-02 2.00000000000000011E-01
quaternion 9.99977338762307988E-01 0.00000000000000000E+00 0.00000000000000000E+00 -6.73215878097611995E-03
unchanged_qpos -7.45732435871588051E-02 -1.34644192689077069E-02
unchanged_qvel 3.12679918396553264E-02 3.71884841166234131E-02
unchanged_time 1.25000000000000000E-01
step SUCCESS
step_clamped -1.00000000000000000E+00
qpos -7.39141759769739171E-02 -1.26743264517872704E-02
qvel 3.44761222267494366E-02 4.15996255760436931E-02
time 1.45000000000000018E-01
reset_qpos 0.00000000000000000E+00 0.00000000000000000E+00
reset_qvel 0.00000000000000000E+00 0.00000000000000000E+00
forward SUCCESS
forward_clamped -1.00000000000000000E+00
qacc 1.96479084380469127E-01 -5.73140771801995338E-02
mass 1.50000000000000000E+00 1.39857104492220330E-01 1.39857104492220330E-01 5.14000000000000012E-01
gravity 0.00000000000000000E+00 0.00000000000000000E+00
bias 6.83336244028620459E-06 -7.41153828847512797E-22
passive 3.44350988047052220E-01 9.62794146422396718E-02
actuation 6.68219808291526177E-03 0.00000000000000000E+00
tendon_length 2.19509416203128227E+00
tendon_velocity 1.20166074759303874E-02
tendon_force -1.19973944743193539E+00
length -4.02425602421667764E-02
velocity -2.35458201474625373E-02
force 9.54599726130751780E-03
position 0.00000000000000000E+00 0.00000000000000000E+00 0.00000000000000000E+00
quaternion 1.00000000000000000E+00 0.00000000000000000E+00 0.00000000000000000E+00 0.00000000000000000E+00
position 1.00000000000000000E+00 4.25106282254760354E-02 2.00000000000000011E-01
quaternion 9.99744796886078979E-01 0.00000000000000000E+00 0.00000000000000000E+00 -2.25907303824550119E-02
unchanged_qpos -5.74893717745239702E-02 -4.51853046404600556E-02
unchanged_qvel -3.36368859249464858E-02 -3.28721795188642654E-02
unchanged_time 1.25000000000000000E-01
step SUCCESS
step_clamped -1.00000000000000000E+00
qpos -5.81208168988587917E-02 -4.58547714544564541E-02
qvel -2.97027391085819305E-02 -3.40166520422975141E-02
time 1.45000000000000018E-01
reset_qpos 0.00000000000000000E+00 0.00000000000000000E+00
reset_qvel 0.00000000000000000E+00 0.00000000000000000E+00
forward SUCCESS
forward_clamped -1.00000000000000000E+00
qacc 2.28871271023506712E-01 2.96810560528514844E-01
mass 1.50000000000000000E+00 1.39993104796296230E-01 1.39993104796296230E-01 5.14000000000000012E-01
gravity 0.00000000000000000E+00 0.00000000000000000E+00
bias -1.74512669516248377E-06 -7.94093388050906568E-23
passive 3.59207034561102589E-01 9.21494247150005108E-02
actuation -9.35693365526058321E-03 0.00000000000000000E+00
tendon_length 2.19635199868406517E+00
tendon_velocity 7.19110382591172347E-03
tendon_force -1.20215344076014574E+00
length -5.32246665232436536E-02
velocity -1.03580922926592295E-02
force -1.33670480789436913E-02
position 0.00000000000000000E+00 0.00000000000000000E+00 0.00000000000000000E+00
quaternion 1.00000000000000000E+00 0.00000000000000000E+00 0.00000000000000000E+00 0.00000000000000000E+00
position 1.00000000000000000E+00 2.39647621096519270E-02 2.00000000000000011E-01
quaternion 9.99987687060438835E-01 0.00000000000000000E+00 0.00000000000000000E+00 4.96243161301490859E-03
unchanged_qpos -7.60352378903480786E-02 9.92490396097746308E-03
unchanged_qvel -1.47972747037989003E-02 -3.54396865145164483E-02
unchanged_time 1.25000000000000000E-01
step SUCCESS
step_clamped -1.00000000000000000E+00
qpos -7.62831103293956231E-02 9.27845276227489552E-03
qvel -1.02184209669828920E-02 -2.95017504205647013E-02
time 1.45000000000000018E-01
reset_qpos 0.00000000000000000E+00 0.00000000000000000E+00
reset_qvel 0.00000000000000000E+00 0.00000000000000000E+00
forward SUCCESS
forward_clamped -1.00000000000000000E+00
qacc 1.60056329482629933E-01 2.82708992525399827E-01
mass 1.50000000000000000E+00 1.39916508704739845E-01 1.39916508704739845E-01 5.14000000000000012E-01
gravity 0.00000000000000000E+00 0.00000000000000000E+00
bias -1.17631175936017160E-06 -1.32348898008484428E-23
passive 3.00476769110330222E-01 8.31891185837433794E-02
actuation -2.99067069347963670E-02 0.00000000000000000E+00
tendon_length 2.18219835359635539E+00
tendon_velocity -1.01527478617449932E-02
tendon_force -1.17284430291480324E+00
length -2.23749904909279276E-02
velocity 2.43814271672804714E-02
force -4.27238670497090967E-02
position 0.00000000000000000E+00 0.00000000000000000E+00 0.00000000000000000E+00
quaternion 1.00000000000000000E+00 0.00000000000000000E+00 0.00000000000000000E+00 0.00000000000000000E+00
position 1.00000000000000000E+00 6.80357278701029661E-02 2.00000000000000011E-01
quaternion 9.99850897285511353E-01 0.00000000000000000E+00 0.00000000000000000E+00 1.72679818553841749E-02
unchanged_qpos -3.19642721298970395E-02 3.45376802817925349E-02
unchanged_qvel 3.48306102389721040E-02 1.55988934456665479E-02
unchanged_time 1.25000000000000000E-01
step SUCCESS
step_clamped -1.00000000000000000E+00
qpos -3.12340927020752918E-02 3.49090213724505272E-02
qvel 3.80253567016570412E-02 2.12522352124770858E-02
time 1.45000000000000018E-01
reset_qpos 0.00000000000000000E+00 0.00000000000000000E+00
reset_qvel 0.00000000000000000E+00 0.00000000000000000E+00
forward SUCCESS
forward_clamped -1.00000000000000000E+00
qacc 2.83971900370277641E-01 1.46200322213616229E-01
mass 1.50000000000000000E+00 1.39949412753953506E-01 1.39949412753953506E-01 5.14000000000000012E-01
gravity 0.00000000000000000E+00 0.00000000000000000E+00
bias 4.49847395955019902E-06 -1.58818677610181314E-22
passive 3.63157406274352168E-01 9.66313893009944358E-02
actuation 3.50686435785541178E-02 0.00000000000000000E+00
tendon_length 2.19920473379665937E+00
tendon_velocity -3.93827656988682186E-03
tendon_force -1.20762362146920288E+00
length -5.32728331052897755E-02
velocity 1.52214488448809571E-02
force 5.00980622550773191E-02
position 0.00000000000000000E+00 0.00000000000000000E+00 0.00000000000000000E+00
quaternion 1.00000000000000000E+00 0.00000000000000000E+00 0.00000000000000000E+00 0.00000000000000000E+00
position 1.00000000000000000E+00 2.38959527067288957E-02 2.00000000000000011E-01
quaternion 9.99909661551542372E-01 0.00000000000000000E+00 0.00000000000000000E+00 -1.34413070748338626E-02
unchanged_qpos -7.61040472932711098E-02 -2.68834236901384430E-02
unchanged_qvel 2.17449269212585117E-02 -3.45742251557325520E-02
unchanged_time 1.25000000000000000E-01
step SUCCESS
step_clamped -1.00000000000000000E+00
qpos -7.56095468042821683E-02 -2.75441956839298438E-02
qvel 2.74197607110698849E-02 -3.16487555126078665E-02
time 1.45000000000000018E-01
reset_qpos 0.00000000000000000E+00 0.00000000000000000E+00
reset_qvel 0.00000000000000000E+00 0.00000000000000000E+00
forward SUCCESS
forward_clamped -1.00000000000000000E+00
qacc 1.03950701298894457E-01 1.44902039033528822E-02
mass 1.50000000000000000E+00 1.39592438272542196E-01 1.39592438272542196E-01 5.14000000000000012E-01
gravity 0.00000000000000000E+00 0.00000000000000000E+00
bias -1.70630501874376670E-05 -6.35274710440725254E-22
passive 1.84148479518580460E-01 6.61907366431009475E-02
actuation 2.40852262560782605E-02 0.00000000000000000E+00
tendon_length 2.15859899234940489E+00
tendon_velocity -7.81769126656392532E-03
tendon_force -1.12494693908715027E+00
length 4.55684230598960363E-02
velocity 2.09488348385468669E-02
force 3.44074660801118037E-02
position 0.00000000000000000E+00 0.00000000000000000E+00 0.00000000000000000E+00
quaternion 1.00000000000000000E+00 0.00000000000000000E+00 0.00000000000000000E+00 0.00000000000000000E+00
position 1.00000000000000000E+00 1.65097747228422909E-01 2.00000000000000011E-01
quaternion 9.99271946169778325E-01 0.00000000000000000E+00 0.00000000000000000E+00 3.81520326858687600E-02
unchanged_qpos 6.50977472284229169E-02 7.63225885885611272E-02
unchanged_qvel 2.99269069122098108E-02 3.99805376498664627E-02
unchanged_time 1.25000000000000000E-01
step SUCCESS
step_clamped -1.00000000000000000E+00
qpos 6.57180790183750363E-02 7.71252303101881004E-02
qvel 3.20007785680430645E-02 4.02686236913961729E-02
time 1.45000000000000018E-01
reset_qpos 0.00000000000000000E+00 0.00000000000000000E+00
reset_qvel 0.00000000000000000E+00 0.00000000000000000E+00
forward SUCCESS
forward_clamped -1.00000000000000000E+00
qacc 9.98017285321784187E-02 3.05417519172848650E-01
mass 1.50000000000000000E+00 1.39657821809226035E-01 1.39657821809226035E-01 5.14000000000000012E-01
gravity 0.00000000000000000E+00 0.00000000000000000E+00
bias 3.15618517106493995E-07 -6.61744490042422140E-24
passive 2.50514579893214351E-01 8.85895262922712645E-02
actuation -4.95180821808748964E-02 0.00000000000000000E+00
tendon_length 2.17686948790365387E+00
tendon_velocity -9.14825945995727426E-03
tendon_force -1.16203954139439025E+00
length 1.51799832921169688E-02
velocity 3.07272162248530371E-02
force -7.07401174012498579E-02
position 0.00000000000000000E+00 0.00000000000000000E+00 0.00000000000000000E+00
quaternion 1.00000000000000000E+00 0.00000000000000000E+00 0.00000000000000000E+00 0.00000000000000000E+00
position 1.00000000000000000E+00 1.21685690417309963E-01 2.00000000000000011E-01
quaternion 9.99388780721972125E-01 0.00000000000000000E+00 0.00000000000000000E+00 -3.49580458127995569E-02
unchanged_qpos 2.16856904173099579E-02 -6.99303397968447094E-02
unchanged_qvel 4.38960231783614846E-02 -5.68017104166536335E-03
unchanged_time 1.25000000000000000E-01
step SUCCESS
step_clamped -1.00000000000000000E+00
qpos 2.25845208686324718E-02 -6.99798061282179834E-02
qvel 4.58851399745234395E-02 4.28071086508071406E-04
time 1.45000000000000018E-01
reset_qpos 0.00000000000000000E+00 0.00000000000000000E+00
reset_qvel 0.00000000000000000E+00 0.00000000000000000E+00
forward SUCCESS
forward_clamped -1.00000000000000000E+00
qacc 1.93480840192304576E-01 9.77673121305811105E-02
mass 1.50000000000000000E+00 1.39765882257046559E-01 1.39765882257046559E-01 5.14000000000000012E-01
gravity 0.00000000000000000E+00 0.00000000000000000E+00
bias -1.10978444328894957E-06 -2.11758236813575085E-22
passive 2.77254297717349052E-01 7.78815078546850614E-02
actuation -1.86088663018131144E-02 0.00000000000000000E+00
tendon_length 2.17567332150300174E+00
tendon_velocity 8.86040771754130659E-03
tendon_force -1.16014846699661534E+00
length -8.99337633692885545E-03
velocity -2.87251132733161683E-02
force -2.65840947168758807E-02
position 0.00000000000000000E+00 0.00000000000000000E+00 0.00000000000000000E+00
quaternion 1.00000000000000000E+00 0.00000000000000000E+00 0.00000000000000000E+00 0.00000000000000000E+00
position 1.00000000000000000E+00 8.71523195186730687E-02 2.00000000000000011E-01
quaternion 9.99581845175140038E-01 0.00000000000000000E+00 0.00000000000000000E+00 2.89159955087595968E-02
unchanged_qpos -1.28476804813269369E-02 5.78400532747357504E-02
unchanged_qvel -4.10358761047373843E-02 1.17101389005384929E-02
unchanged_time 1.25000000000000000E-01
step SUCCESS
step_clamped -1.00000000000000000E+00
qpos -1.36277329581977885E-02 5.80947866680843542E-02
qvel -3.71613973600282491E-02 1.36653920064314146E-02
time 1.45000000000000018E-01
lifecycle PASS
