create SUCCESS
reset_qpos 0.00000000000000000E+00 0.00000000000000000E+00 0.00000000000000000E+00 0.00000000000000000E+00 0.00000000000000000E+00
reset_qvel 0.00000000000000000E+00 0.00000000000000000E+00 0.00000000000000000E+00 0.00000000000000000E+00 0.00000000000000000E+00
forward SUCCESS
forward_clamped -1.00000000000000000E+00
qacc 5.92828337322382160E-01 3.23241573144526839E+00 -3.71011747429390715E+00 1.39248693177353999E-01 -4.57119386155115404E+00
mass 5.34152036291543286E+00 -4.29919873825194099E+00 1.88729133410724037E+00 2.39483977145475180E+00 -2.29753862276743437E-01 -4.29919873825194099E+00 9.25000000000000178E+00 9.73782943319474015E-01 -2.37036022328402440E+00 1.94055787263983603E+00 1.88729133410724037E+00 9.73782943319474015E-01 3.15883378200890208E+00 -4.25999039479868502E-03 6.29526908536425900E-01 2.39483977145475180E+00 -2.37036022328402440E+00 -4.25999039479868502E-03 2.34623708086785010E+00 0.00000000000000000E+00 -2.29753862276743437E-01 1.94055787263983603E+00 6.29526908536425900E-01 0.00000000000000000E+00 2.32000000000000073E+00
gravity -1.62621575263839553E+01 1.44656664883646595E+01 -1.04061653860609837E+01 -5.97210684862578312E+00 -6.83059588230528192E+00
bias 3.68765361980996132E-04 3.77423575879049173E-03 2.84051355890777620E-03 -6.10999253054179481E-04 -2.53774107467519489E-04
passive -1.45645422014785983E-03 3.87234856095811444E-03 -6.92187688327345306E-03 0.00000000000000000E+00 0.00000000000000000E+00
actuation -1.28266846433452736E-01 4.85723726870203321E-05 0.00000000000000000E+00 0.00000000000000000E+00 0.00000000000000000E+00
tendon_length
tendon_velocity
tendon_force
length 7.34816025159773650E-02 3.93977310349973159E-02
velocity -1.67492235317003857E-02 -3.87234856095811444E-02
force 5.57681941015011895E-02 4.85723726870203321E-05
position 0.00000000000000000E+00 0.00000000000000000E+00 0.00000000000000000E+00
quaternion 1.00000000000000000E+00 0.00000000000000000E+00 0.00000000000000000E+00 0.00000000000000000E+00
position 1.55095486260111604E-01 8.72916253585711704E-02 8.84611506558334426E-01
quaternion 9.29595622497724206E-01 9.82441766380654086E-02 -3.10387023436872356E-01 1.72800335855506776E-01
position 4.76275140972312161E-01 -2.17835180255700617E-02 1.19274498817738972E+00
quaternion 9.31290709380140469E-01 9.72911426823182129E-02 -3.05263394967636492E-01 1.73338708517849854E-01
position 2.61237755903570068E-01 7.39413531678431435E-02 1.58593154956752924E+00
quaternion 9.31290709380140469E-01 9.72911426823182129E-02 -3.05263394967636492E-01 1.73338708517849854E-01
position -2.37927969912014425E-01 1.77403793506229118E-01 8.07934077898952441E-01
quaternion 7.55724331299521990E-01 -3.09065851854304019E-01 -2.36857368223142545E-01 5.26552581816736254E-01
unchanged_qpos -3.19485228330336421E-02 3.93977310349973159E-02 -4.15638263749790737E-02 1.10132799289056893E-02 4.21182848909413543E-02
unchanged_qvel 7.28227110073929873E-03 -3.87234856095811444E-02 2.30729229442448447E-02 2.06999154426219800E-02 8.24544904591889560E-03
unchanged_time 1.25000000000000000E-01
step SUCCESS
step_clamped -1.00000000000000000E+00
qpos -3.18373615670982171E-02 9.01884892323025072E-02 -1.02181935362125401E-01 2.70039587719319053E-02 -4.70428650340011523E-02
qvel -1.22774977953212613E-01 4.83685273783824310E-01 -5.42774327411889801E-01 2.18989108214527800E-01 -8.79678091836027187E-01
time 3.25000000000000178E-01
reset_qpos 0.00000000000000000E+00 0.00000000000000000E+00 0.00000000000000000E+00 0.00000000000000000E+00 0.00000000000000000E+00
reset_qvel 0.00000000000000000E+00 0.00000000000000000E+00 0.00000000000000000E+00 0.00000000000000000E+00 0.00000000000000000E+00
forward SUCCESS
forward_clamped -1.00000000000000000E+00
qacc 6.66433215005668611E+00 5.11712338566260705E+00 -8.11368215456722552E+00 -5.25545089212741878E+00 -4.51013841326607512E+00
mass 5.32365649757715964E+00 -4.21575728766415470E+00 1.78957319659750147E+00 2.44449760383661108E+00 -1.89177558262107304E-01 -4.21575728766415470E+00 9.25000000000000533E+00 1.08822180588071982E+00 -2.27679407700893188E+00 2.00945671856801944E+00 1.78957319659750147E+00 1.08822180588071982E+00 2.93881405084541880E+00 2.60445408516426502E-02 6.29526908536425234E-01 2.44449760383661108E+00 -2.27679407700893188E+00 2.60445408516426502E-02 2.34623708086785054E+00 0.00000000000000000E+00 -1.89177558262107304E-01 2.00945671856801944E+00 6.29526908536425234E-01 0.00000000000000000E+00 2.31999999999999984E+00
gravity -1.29342945362403103E+01 1.33305448923867598E+01 -9.41701933321292017E+00 -8.00565547630940699E+00 -6.49390969625326164E+00
bias -7.11088598026653283E-03 1.12656049826777294E-02 -8.53245143612972080E-04 -5.16385774628139432E-03 -1.96437344645018991E-03
passive 4.88436834070779709E-03 3.51729105713117791E-03 1.20965445563497136E-02 0.00000000000000000E+00 0.00000000000000000E+00
actuation 2.27043606357104633E-01 5.78611758579389221E-02 0.00000000000000000E+00 0.00000000000000000E+00 0.00000000000000000E+00
tendon_length
tendon_velocity
tendon_force
length -1.95773667880460821E-02 -5.54581157963701249E-02
velocity 5.61702359181396604E-02 -3.51729105713117773E-02
force -9.87146114596107183E-02 5.78611758579389221E-02
position 0.00000000000000000E+00 0.00000000000000000E+00 0.00000000000000000E+00
quaternion 1.00000000000000000E+00 0.00000000000000000E+00 0.00000000000000000E+00 0.00000000000000000E+00
position 2.55392008500744561E-01 1.13043708224922143E-01 9.13298667373489970E-01
quaternion 9.17862543862460689E-01 1.07375047716534375E-01 -3.09513385939022501E-01 2.24054488075482006E-01
position 5.82140367042276452E-01 4.20887207314979556E-02 1.22666889560237369E+00
quaternion 9.06885010978458084E-01 1.14881254171012720E-01 -3.40337718103221276E-01 2.20300049793434011E-01
position 3.27042834029214635E-01 1.06206069811698153E-01 1.60192109639215952E+00
quaternion 9.06885010978458084E-01 1.14881254171012720E-01 -3.40337718103221276E-01 2.20300049793434011E-01
position -1.26650075866372558E-01 1.56424339632438153E-01 8.25437838079521979E-01
quaternion 7.23481837800082461E-01 -3.04330039058827995E-01 -2.54146278929604896E-01 5.65125584809343828E-01
unchanged_qpos 8.51189860349829686E-03 -5.54581157963701249E-02 3.45915342455190150E-02 -6.75631007703874770E-02 2.36642140721760319E-02
unchanged_qvel -2.44218417035389837E-02 -3.51729105713117773E-02 -4.03218151878323786E-02 -1.78377016980489633E-03 -2.54022253728996353E-02
unchanged_time 1.25000000000000000E-01
step SUCCESS
step_clamped -1.00000000000000000E+00
qpos 1.30304852827119923E-02 -5.26311283703368507E-02 2.62480254670950895E-02 -7.19944150767031082E-02 1.88861960504682902E-02
qvel 2.34201020262200466E-01 1.64468316828281891E-01 -3.58256828709371866E-01 -2.07649564109040757E-01 -2.03689254121177915E-01
time 1.65000000000000036E-01
reset_qpos 0.00000000000000000E+00 0.00000000000000000E+00 0.00000000000000000E+00 0.00000000000000000E+00 0.00000000000000000E+00
reset_qvel 0.00000000000000000E+00 0.00000000000000000E+00 0.00000000000000000E+00 0.00000000000000000E+00 0.00000000000000000E+00
forward SUCCESS
forward_clamped -1.00000000000000000E+00
qacc 7.53410303436895390E+00 5.37600735758676507E+00 -8.89415812426859986E+00 -5.18674611394769070E+00 -4.55145172542137999E+00
mass 5.37623509765866459E+00 -4.23102196753546078E+00 1.84267898635365990E+00 2.46268134123855775E+00 -1.90977731466618922E-01 -4.23102196753546078E+00 9.25000000000000000E+00 1.01206096257662992E+00 -2.30613981911026222E+00 1.99549854234911517E+00 1.84267898635365990E+00 1.01206096257662992E+00 2.97243531755591617E+00 9.02763835607905962E-03 6.29526908536425012E-01 2.46268134123855775E+00 -2.30613981911026222E+00 9.02763835607905962E-03 2.34623708086785010E+00 0.00000000000000000E+00 -1.90977731466618922E-01 1.99549854234911517E+00 6.29526908536425012E-01 0.00000000000000000E+00 2.31999999999999984E+00
gravity -1.06806903324795126E+01 1.17414118611428666E+01 -9.92882712351339514E+00 -6.15911925961790718E+00 -6.82426837668591801E+00
bias -2.73905721653718731E-04 -2.86555230335788715E-04 -1.91608713994652910E-04 -1.10589238423266042E-04 -2.86411137900051817E-05
passive 2.00052453601065605E-04 3.44352107232746927E-03 -2.14257983345856381E-03 0.00000000000000000E+00 0.00000000000000000E+00
actuation 5.21749538754082143E-02 -2.06352801302595416E-02 0.00000000000000000E+00 0.00000000000000000E+00 0.00000000000000000E+00
tendon_length
tendon_velocity
tendon_force
length -1.42133852456133580E-01 -6.01697228059580522E-02
velocity 2.30060321641225446E-03 -3.44352107232746910E-02
force -2.26847625545253118E-02 -2.06352801302595416E-02
position 0.00000000000000000E+00 0.00000000000000000E+00 0.00000000000000000E+00
quaternion 1.00000000000000000E+00 0.00000000000000000E+00 0.00000000000000000E+00 0.00000000000000000E+00
position 2.71320232377092019E-01 1.09392719578704348E-01 9.17351130613451637E-01
quaternion 9.19189183478095639E-01 1.02042686106727884E-01 -2.95055070007810671E-01 2.40043831105241051E-01
position 6.06535623913685318E-01 5.61116682673763120E-02 1.22523385316885602E+00
quaternion 9.15855152995694310E-01 1.04702678981768646E-01 -3.05246765898798289E-01 2.38895583160506270E-01
position 3.72545671618501717E-01 1.31213213576493459E-01 1.61202638168651013E+00
quaternion 9.15855152995694310E-01 1.04702678981768632E-01 -3.05246765898798289E-01 2.38895583160506270E-01
position -2.60062419462171734E-02 1.21106452640556222E-01 8.08375891500582422E-01
quaternion 7.13944638527999720E-01 -3.04107235275205778E-01 -2.43163847762853935E-01 5.81956343475658056E-01
unchanged_qpos 6.17973271548406949E-02 -6.01697228059580522E-02 1.80500667336358361E-02 -2.22154656410500431E-02 -7.02442948688918878E-02
unchanged_qvel -1.00026226800532803E-03 -3.44352107232746910E-02 7.14193277819521327E-03 1.17347953748435443E-02 -4.59377863397064240E-02
unchanged_time 1.25000000000000000E-01
step SUCCESS
step_clamped -1.00000000000000000E+00
qpos 6.79809323941250182E-02 -5.70933043373526711E-02 1.09589238896132535E-02 -2.60411276313686421E-02 -7.58843083517986711E-02
qvel 2.92107920203431459E-01 1.75675749467839287E-01 -3.41181761083984902E-01 -1.90715418941069192E-01 -2.26289036017644579E-01
time 1.65000000000000036E-01
reset_qpos 0.00000000000000000E+00 0.00000000000000000E+00 0.00000000000000000E+00 0.00000000000000000E+00 0.00000000000000000E+00
reset_qvel 0.00000000000000000E+00 0.00000000000000000E+00 0.00000000000000000E+00 0.00000000000000000E+00 0.00000000000000000E+00
forward SUCCESS
forward_clamped -1.00000000000000000E+00
qacc 1.62584635389017063E+00 3.65777678466545897E+00 -4.53089341901657772E+00 -3.65742785031459183E-01 -4.64635595219278130E+00
mass 5.20805378130415875E+00 -4.16781746193119496E+00 1.79730008688596610E+00 2.38275138928363006E+00 -2.14984093021678591E-01 -4.16781746193119496E+00 9.24999999999999822E+00 1.14982411839796272E+00 -2.31903297071335235E+00 1.99091243646456451E+00 1.79730008688596610E+00 1.14982411839796272E+00 3.22692337477148072E+00 -1.63926929661996623E-02 6.29526908536424790E-01 2.38275138928363006E+00 -2.31903297071335235E+00 -1.63926929661996623E-02 2.34623708086785010E+00 0.00000000000000000E+00 -2.14984093021678591E-01 1.99091243646456451E+00 6.29526908536424790E-01 0.00000000000000000E+00 2.31999999999999940E+00
gravity -1.49172059680607081E+01 1.35249073331849257E+01 -1.03123625464627295E+01 -5.32175433704895084E+00 -6.60327524351025374E+00
bias -8.54917350224674785E-03 1.23010602705447870E-02 2.05054962270070440E-03 -5.85364842072742721E-03 -2.21483534008028215E-03
passive -4.21169522021008248E-03 -1.54538406331274926E-03 -1.44228056471325458E-02 0.00000000000000000E+00 0.00000000000000000E+00
actuation 7.17225707709976401E-02 -5.32380348929942654E-02 0.00000000000000000E+00 0.00000000000000000E+00 0.00000000000000000E+00
tendon_length
tendon_velocity
tendon_force
length -4.00137234354004494E-03 4.55369628770210394E-02
velocity -4.84344950324159390E-02 1.54538406331274913E-02
force -3.11837264221728888E-02 -5.32380348929942654E-02
position 0.00000000000000000E+00 0.00000000000000000E+00 0.00000000000000000E+00
quaternion 1.00000000000000000E+00 0.00000000000000000E+00 0.00000000000000000E+00 0.00000000000000000E+00
position 1.54984592121652331E-01 1.03206690680864382E-01 8.94896803983252553E-01
quaternion 9.21410869284118750E-01 1.04427375124890837E-01 -3.08777633354425374E-01 2.11549772936890507E-01
position 4.81290788647105616E-01 2.33051105240412171E-02 1.20656971521798750E+00
quaternion 9.27397990178301934E-01 1.00178531769152063E-01 -2.90300852062341852E-01 2.13594580637481546E-01
position 2.66182235345051255E-01 1.10913165393691643E-01 1.60160533262261295E+00
quaternion 9.27397990178301934E-01 1.00178531769152063E-01 -2.90300852062341852E-01 2.13594580637481546E-01
position -2.33142154592512224E-01 1.58492411283251700E-01 8.11160655931558838E-01
quaternion 7.31636409379260222E-01 -3.05798094555482070E-01 -2.48708142444696384E-01 5.56183377779818744E-01
unchanged_qpos 1.73972710588697621E-03 4.55369628770210394E-02 1.27561989987973051E-02 3.99742052182409519E-02 3.11478528511094782E-02
unchanged_qvel 2.10584761010504107E-02 1.54538406331274913E-02 4.80760188237751573E-02 3.33719943360916982E-02 -3.89744695100165683E-02
unchanged_time 1.25000000000000000E-01
step SUCCESS
step_clamped -1.00000000000000000E+00
qpos 3.88894859015531018E-03 4.91985021044974505E-02 1.09228424885870531E-02 4.10392031597146198E-02 2.56916774254891053E-02
qvel 8.13740320192051364E-02 1.59423729029961408E-01 -1.29265113827826517E-01 2.17960378290018644E-02 -2.24336349514162675E-01
time 1.65000000000000036E-01
reset_qpos 0.00000000000000000E+00 0.00000000000000000E+00 0.00000000000000000E+00 0.00000000000000000E+00 0.00000000000000000E+00
reset_qvel 0.00000000000000000E+00 0.00000000000000000E+00 0.00000000000000000E+00 0.00000000000000000E+00 0.00000000000000000E+00
forward SUCCESS
forward_clamped -1.00000000000000000E+00
qacc 3.02861613761350190E+00 3.81880959570998613E+00 -5.39980067495120153E+00 -2.39776014460098885E+00 -4.38716269015607097E+00
mass 5.10960493347956390E+00 -4.16870186353932581E+00 1.67739862419151509E+00 2.39427977511167889E+00 -1.99066892140673524E-01 -4.16870186353932581E+00 9.25000000000000178E+00 1.14835992630954653E+00 -2.27515984443500052E+00 2.01762757631209189E+00 1.67739862419151509E+00 1.14835992630954653E+00 3.01871370014156737E+00 1.21788317931247891E-02 6.29526908536425456E-01 2.39427977511167889E+00 -2.27515984443500052E+00 1.21788317931247891E-02 2.34623708086785010E+00 0.00000000000000000E+00 -1.99066892140673524E-01 2.01762757631209189E+00 6.29526908536425456E-01 0.00000000000000000E+00 2.32000000000000028E+00
gravity -1.42320261466101741E+01 1.31029099960934019E+01 -9.69713625409865188E+00 -7.10317665234225348E+00 -6.46536690114143653E+00
bias -6.28664070441809419E-04 -1.19141121348742866E-04 -2.15230621807020826E-03 -1.03986395921389758E-03 -3.27620988759108210E-04
passive -3.42825841385832348E-03 -3.52979926551519503E-03 2.50652789288180857E-03 0.00000000000000000E+00 0.00000000000000000E+00
actuation -1.85278940249418489E-01 4.10091896543638076E-02 0.00000000000000000E+00 0.00000000000000000E+00 0.00000000000000000E+00
tendon_length
tendon_velocity
tendon_force
length -3.76455578843205366E-02 1.46148523683445747E-02
velocity -3.94249717593707152E-02 3.52979926551519468E-02
force 8.05560609780080483E-02 4.10091896543638076E-02
position 0.00000000000000000E+00 0.00000000000000000E+00 0.00000000000000000E+00
quaternion 1.00000000000000000E+00 0.00000000000000000E+00 0.00000000000000000E+00 0.00000000000000000E+00
position 1.87212161613127703E-01 1.14079561759236975E-01 9.05079587750744263E-01
quaternion 9.16075251391781586E-01 1.08505302325488814E-01 -3.08681078998513325E-01 2.31837711822412001E-01
position 5.14811809458476599E-01 4.92056295056813309E-02 1.21887863753509973E+00
quaternion 9.11284468653113966E-01 1.12011704870312062E-01 -3.22549983623955649E-01 2.30164078925977483E-01
position 2.70536305201925176E-01 1.16668737287203894E-01 1.60068776145524150E+00
quaternion 9.11284468653113966E-01 1.12011704870312062E-01 -3.22549983623955649E-01 2.30164078925977483E-01
position -1.84910364388128662E-01 1.48856339404678878E-01 8.13613518778381173E-01
quaternion 7.18436091778253960E-01 -3.03489509931569812E-01 -2.56064454688912480E-01 5.71117058436144021E-01
unchanged_qpos 1.63676338627480600E-02 1.46148523683445747E-02 4.46001577033899865E-02 -3.03577630416594080E-02 1.24579808365938016E-02
unchanged_qvel 1.71412920692916165E-02 3.52979926551519468E-02 -8.35509297627269609E-03 3.12766881329973184E-02 3.30401090949143800E-02
unchanged_time 1.25000000000000000E-01
step SUCCESS
step_clamped -1.00000000000000000E+00
qpos 1.94985473313377643E-02 1.91852175321377966E-02 3.98134638058648543E-02 -3.10565452306852639E-02 1.01064310623552710E-02
qvel 1.30670029879686178E-01 1.84205601264632313E-01 -2.17992919239996197E-01 -5.96736272798083153E-02 -1.41460925212482519E-01
time 1.65000000000000036E-01
reset_qpos 0.00000000000000000E+00 0.00000000000000000E+00 0.00000000000000000E+00 0.00000000000000000E+00 0.00000000000000000E+00
reset_qvel 0.00000000000000000E+00 0.00000000000000000E+00 0.00000000000000000E+00 0.00000000000000000E+00 0.00000000000000000E+00
forward SUCCESS
forward_clamped -1.00000000000000000E+00
qacc 4.59700913592357896E+00 4.36236882356997491E+00 -6.59227453297672117E+00 -3.28232280271975974E+00 -4.43486794374183013E+00
mass 5.02421772768011987E+00 -4.13158895773519408E+00 1.61977689174742157E+00 2.40228839409493000E+00 -1.91318765401558510E-01 -4.13158895773519408E+00 9.25000000000000355E+00 1.15006009250575181E+00 -2.25520157870303306E+00 2.03307530046952367E+00 1.61977689174742157E+00 1.15006009250575181E+00 2.98144887338623921E+00 7.11457415081112599E-03 6.29526908536425012E-01 2.40228839409493000E+00 -2.25520157870303306E+00 7.11457415081112599E-03 2.34623708086785054E+00 0.00000000000000000E+00 -1.91318765401558510E-01 2.03307530046952367E+00 6.29526908536425012E-01 0.00000000000000000E+00 2.31999999999999940E+00
gravity -1.25625669599018988E+01 1.23353956058479177E+01 -1.01079085877130748E+01 -6.62814380118117086E+00 -6.46509029297749827E+00
bias -3.00580153038809217E-03 2.93550549000001900E-03 -2.44140418060266986E-03 -2.27710146452724188E-03 -8.35563362115394307E-04
passive -6.27832262457645764E-03 -3.03113434227064021E-03 1.19245024764446754E-02 0.00000000000000000E+00 0.00000000000000000E+00
actuation -7.74018296322604576E-02 -7.91048850648080892E-02 0.00000000000000000E+00 0.00000000000000000E+00 0.00000000000000000E+00
tendon_length
tendon_velocity
tendon_force
length -9.72648343703759466E-02 1.52031698870493115E-03
velocity -7.22007101826292463E-02 3.03113434227064021E-02
force 3.36529694053306350E-02 -7.91048850648080892E-02
position 0.00000000000000000E+00 0.00000000000000000E+00 0.00000000000000000E+00
quaternion 1.00000000000000000E+00 0.00000000000000000E+00 0.00000000000000000E+00 0.00000000000000000E+00
position 2.04091161619651434E-01 1.20584977607737523E-01 9.12221622739093574E-01
quaternion 9.12076421609152144E-01 1.10295608796118619E-01 -3.04377900020713077E-01 2.51605989205183289E-01
position 5.34579178167993385E-01 7.20668658960733621E-02 1.22594708194487345E+00
quaternion 9.09405733918836279E-01 1.12470841124853241E-01 -3.12266738529606125E-01 2.50641187797004450E-01
position 2.92660829679808887E-01 1.36002486709101672E-01 1.60985820324250151E+00
quaternion 9.09405733918836279E-01 1.12470841124853241E-01 -3.12266738529606125E-01 2.50641187797004450E-01
position -8.56802365877263467E-02 1.24718159522714755E-01 7.95822898458815597E-01
quaternion 7.05553023312254557E-01 -3.01341176938710320E-01 -2.58523560769469474E-01 5.86987218688111212E-01
unchanged_qpos 4.22890584219025867E-02 1.52031698870493115E-03 6.42658067023321039E-02 -1.73238901306660559E-02 -7.61590688419904599E-02
unchanged_qvel 3.13916131228822864E-02 3.03113434227064021E-02 -3.97483415881489180E-02 6.94770536310834741E-03 -3.96623698744314260E-02
unchanged_time 1.25000000000000000E-01
step SUCCESS
step_clamped -1.00000000000000000E+00
qpos 4.72845045076137754E-02 6.33162749543196828E-03 5.72407674559562499E-02 -1.97251930826273167E-02 -8.14507004846028171E-02
qvel 2.05876138745351239E-01 1.99721609409586026E-01 -2.95569938150830547E-01 -1.18285242839127017E-01 -2.15467461573457641E-01
time 1.65000000000000036E-01
reset_qpos 0.00000000000000000E+00 0.00000000000000000E+00 0.00000000000000000E+00 0.00000000000000000E+00 0.00000000000000000E+00
reset_qvel 0.00000000000000000E+00 0.00000000000000000E+00 0.00000000000000000E+00 0.00000000000000000E+00 0.00000000000000000E+00
forward SUCCESS
forward_clamped -1.00000000000000000E+00
qacc 2.87096312206324855E+00 4.38563567458473891E+00 -5.58418315695382361E+00 -8.63434906116136380E-01 -4.80558324090039157E+00
mass 5.25335719199936158E+00 -4.08177185503469708E+00 1.84696863201855921E+00 2.40141514414177859E+00 -2.01580712275897023E-01 -4.08177185503469708E+00 9.25000000000000178E+00 1.26872148493905978E+00 -2.29101589136255113E+00 2.01363863955954114E+00 1.84696863201855921E+00 1.26872148493905978E+00 3.32873132492740487E+00 -3.07159603716843366E-02 6.29526908536425012E-01 2.40141514414177859E+00 -2.29101589136255113E+00 -3.07159603716843366E-02 2.34623708086784966E+00 0.00000000000000000E+00 -2.01580712275897023E-01 2.01363863955954114E+00 6.29526908536425012E-01 0.00000000000000000E+00 2.31999999999999984E+00
gravity -1.40853322051254093E+01 1.41379490753799590E+01 -1.06447379597036509E+01 -4.99621800305901775E+00 -6.34168422339116322E+00
bias -5.33108257494727209E-03 -4.54906649426736710E-04 -6.09307201458301334E-03 -2.93408075345873934E-03 -1.01435595149072062E-03
passive -4.39491511304392329E-03 -4.42089432189217164E-03 1.20165830932988018E-02 0.00000000000000000E+00 0.00000000000000000E+00
actuation -1.39274541540304775E-01 8.58094257728728854E-03 0.00000000000000000E+00 0.00000000000000000E+00 0.00000000000000000E+00
tendon_length
tendon_velocity
tendon_force
length 4.60780998457970201E-02 2.06617083681106262E-02
velocity -5.05415238000051156E-02 4.42089432189217146E-02
force 6.05541484957846932E-02 8.58094257728728854E-03
position 0.00000000000000000E+00 0.00000000000000000E+00 0.00000000000000000E+00
quaternion 1.00000000000000000E+00 0.00000000000000000E+00 0.00000000000000000E+00 0.00000000000000000E+00
position 1.74455642693752022E-01 1.13875596272377894E-01 8.99094001633762963E-01
quaternion 9.17546588116655570E-01 1.09536851191777196E-01 -3.16849927908015805E-01 2.13813142840098169E-01
position 4.96462968067521548E-01 3.24924014479365669E-02 1.21482815880684814E+00
quaternion 9.28458063893743413E-01 1.01692069461220197E-01 -2.83286501214780051E-01 2.17653635000346651E-01
position 2.85873203202387682E-01 1.19201378189456600E-01 1.61248819487595840E+00
quaternion 9.28458063893743413E-01 1.01692069461220197E-01 -2.83286501214780051E-01 2.17653635000346651E-01
position -2.18575501608531786E-01 1.68839961807458222E-01 8.11752359011290059E-01
quaternion 7.29507444144540163E-01 -3.04729279696165090E-01 -2.58907624242585455E-01 5.54910620859447312E-01
unchanged_qpos -2.00339564546943572E-02 2.06617083681106262E-02 3.96822460379677167E-02 7.27186229042076498E-02 3.74303879012726354E-02
unchanged_qvel 2.19745755652196173E-02 4.42089432189217146E-02 -4.00552769776626738E-02 2.26734464235196498E-02 2.29241669687303973E-02
unchanged_time 1.25000000000000000E-01
step SUCCESS
step_clamped -1.00000000000000000E+00
qpos -1.68558835687661751E-02 2.60580179956948696E-02 3.34841143649557901E-02 7.29801756823164199E-02 3.43246330310418152E-02
qvel 1.28177675867051089E-01 2.15330175585430522E-01 -2.56207242241665745E-01 -5.66929222734000385E-03 -1.68201293616034975E-01
time 1.65000000000000036E-01
reset_qpos 0.00000000000000000E+00 0.00000000000000000E+00 0.00000000000000000E+00 0.00000000000000000E+00 0.00000000000000000E+00
reset_qvel 0.00000000000000000E+00 0.00000000000000000E+00 0.00000000000000000E+00 0.00000000000000000E+00 0.00000000000000000E+00
forward SUCCESS
forward_clamped -1.00000000000000000E+00
qacc 7.79826816053632910E-01 3.34707622218115652E+00 -3.81771501355097298E+00 1.60044660108459968E-01 -4.67768857760565560E+00
mass 5.39752048434621123E+00 -4.29273401560860890E+00 1.94015278788301027E+00 2.39320481849169520E+00 -2.32397181076943571E-01 -4.29273401560860890E+00 9.25000000000000178E+00 9.96894387641060864E-01 -2.37678002443055858E+00 1.93457664914664695E+00 1.94015278788301027E+00 9.96894387641060864E-01 3.22844496867416320E+00 -9.45283252140632912E-03 6.29526908536425012E-01 2.39320481849169520E+00 -2.37678002443055858E+00 -9.45283252140632912E-03 2.34623708086785054E+00 0.00000000000000000E+00 -2.32397181076943571E-01 1.93457664914664695E+00 6.29526908536425012E-01 0.00000000000000000E+00 2.31999999999999940E+00
gravity -1.62932376542866564E+01 1.43900940054314255E+01 -1.03096309968557129E+01 -5.58602686191963915E+00 -6.87785012330392043E+00
bias 4.94685388614374321E-04 3.56908158357948898E-04 2.45267377086273329E-03 -1.11479499156174494E-03 -1.27752940648828391E-03
passive 8.83580103732010437E-03 4.03580918635573110E-04 -1.45677512789186125E-02 0.00000000000000000E+00 0.00000000000000000E+00
actuation 1.27630936702105235E-01 2.51694628003488238E-03 0.00000000000000000E+00 0.00000000000000000E+00 0.00000000000000000E+00
tendon_length
tendon_velocity
tendon_force
length 6.71211883851143276E-02 4.24774556871256592E-02
velocity 1.01611711929181184E-01 -4.03580918635573077E-03
force -5.54917116096109719E-02 2.51694628003488238E-03
position 0.00000000000000000E+00 0.00000000000000000E+00 0.00000000000000000E+00
quaternion 1.00000000000000000E+00 0.00000000000000000E+00 0.00000000000000000E+00 0.00000000000000000E+00
position 1.52645653877481580E-01 8.50636954752289343E-02 8.83780767221500230E-01
quaternion 9.30419800239573158E-01 9.71839243185968621E-02 -3.09055302803895982E-01 1.71344973620418561E-01
position 4.74349575821081060E-01 -2.45801233278234166E-02 1.19116459829332144E+00
quaternion 9.33995489030026493E-01 9.51589826121276711E-02 -2.98074841844488403E-01 1.72477775841322456E-01
position 2.65256753203693685E-01 7.42126667953014740E-02 1.58679090701100778E+00
quaternion 9.33995489030026493E-01 9.51589826121276711E-02 -2.98074841844488403E-01 1.72477775841322456E-01
position -2.66759071185791563E-01 1.85557328899578294E-01 8.17058538610231810E-01
quaternion 7.56697064261929175E-01 -3.09339305453188440E-01 -2.34789867043195877E-01 5.25920588466505134E-01
unchanged_qpos -2.91831253848323161E-02 4.24774556871256592E-02 -4.76185981436112529E-02 2.35576999795795022E-02 7.15317490196197420E-02
unchanged_qvel -4.41790051866005201E-02 -4.03580918635573077E-03 4.85591709297287094E-02 1.68143976221851316E-02 -6.56067576020921001E-03
unchanged_time 1.25000000000000000E-01
step SUCCESS
step_clamped -1.00000000000000000E+00
qpos -3.03317744778489780E-02 4.51083318034920799E-02 -4.88557913589601558E-02 2.43822538044015415E-02 6.73454175438166214E-02
qvel -1.60375679639505019E-02 1.28256691525527905E-01 -1.01906456862273564E-01 2.47925555489920436E-02 -1.93223400248576704E-01
time 1.65000000000000036E-01
reset_qpos 0.00000000000000000E+00 0.00000000000000000E+00 0.00000000000000000E+00 0.00000000000000000E+00 0.00000000000000000E+00
reset_qvel 0.00000000000000000E+00 0.00000000000000000E+00 0.00000000000000000E+00 0.00000000000000000E+00 0.00000000000000000E+00
forward SUCCESS
forward_clamped -1.00000000000000000E+00
qacc 3.72172452279051935E+00 4.37047907333634900E+00 -5.93463620484367560E+00 -1.09610927343024533E+00 -4.79343881240940384E+00
mass 5.30437285877763909E+00 -4.15433654967238919E+00 1.89284199504216066E+00 2.41881386652643648E+00 -2.07135020129415509E-01 -4.15433654967238919E+00 9.25000000000000000E+00 1.11909058558096230E+00 -2.32140965394545340E+00 1.98885095240259835E+00 1.89284199504216066E+00 1.11909058558096230E+00 3.27281110669203645E+00 -3.33097271027758546E-02 6.29526908536425456E-01 2.41881386652643648E+00 -2.32140965394545340E+00 -3.33097271027758546E-02 2.34623708086785010E+00 0.00000000000000000E+00 -2.07135020129415509E-01 1.98885095240259835E+00 6.29526908536425456E-01 0.00000000000000000E+00 2.32000000000000073E+00
gravity -1.13761680159317873E+01 1.12972725736561337E+01 -1.04197879568539395E+01 -3.45181425871380476E+00 -6.93010667306707617E+00
bias 9.67229279856018573E-03 1.96395859925102079E-03 1.34129503320825298E-02 3.56333006127353353E-03 -3.81069642822952115E-05
passive -9.80065765401898908E-03 4.99502220825640345E-03 1.49671538205073187E-02 0.00000000000000000E+00 0.00000000000000000E+00
actuation 9.19574328550555736E-02 2.15553500365051505E-02 0.00000000000000000E+00 0.00000000000000000E+00 0.00000000000000000E+00
tendon_length
tendon_velocity
tendon_force
length -1.75020793234185651E-01 6.94858148842968093E-03
velocity -1.12707563021218343E-01 -4.99502220825640275E-02
force -3.99814925456763379E-02 2.15553500365051505E-02
position 0.00000000000000000E+00 0.00000000000000000E+00 0.00000000000000000E+00
quaternion 1.00000000000000000E+00 0.00000000000000000E+00 0.00000000000000000E+00 0.00000000000000000E+00
position 2.08233839096751583E-01 1.01422807805903140E-01 9.09511321952210516E-01
quaternion 9.19986840165328612E-01 1.00034477335051983E-01 -2.90863175554130160E-01 2.42931945971468305E-01
position 5.45718456208997615E-01 5.20121447111493024E-02 1.21555497829087322E+00
quaternion 9.30691498444348175E-01 9.04250271857300753E-02 -2.54539795894929588E-01 2.46670106595106881E-01
position 3.47880612367471420E-01 1.48158284424866671E-01 1.61757003691714685E+00
quaternion 9.30691498444348175E-01 9.04250271857300753E-02 -2.54539795894929588E-01 2.46670106595106881E-01
position -1.17233411398631929E-01 1.16676475506714533E-01 8.11454397271124672E-01
quaternion 7.12250142053721946E-01 -3.04319186578179801E-01 -2.39291603100771161E-01 5.85516094151399824E-01
unchanged_qpos 7.60959970583415940E-02 6.94858148842968093E-03 1.03979410656033500E-02 7.84981718236570508E-02 -4.08547706339906988E-02
unchanged_qvel 4.90032882700949385E-02 -4.99502220825640275E-02 -4.98905127350244004E-02 1.66888581416520243E-02 -1.34706354248255097E-02
unchanged_time 1.25000000000000000E-01
step SUCCESS
step_clamped -1.00000000000000000E+00
qpos 8.11092872173841684E-02 8.57852853795798044E-03 3.48255149185094709E-03 7.82960359064076572E-02 -4.54067737191642951E-02
qvel 1.91943438346473871E-01 1.21421466250591664E-01 -2.82023561416264557E-01 -2.29317613457407574E-02 -2.04156203908352818E-01
time 1.65000000000000036E-01
reset_qpos 0.00000000000000000E+00 0.00000000000000000E+00 0.00000000000000000E+00 0.00000000000000000E+00 0.00000000000000000E+00
reset_qvel 0.00000000000000000E+00 0.00000000000000000E+00 0.00000000000000000E+00 0.00000000000000000E+00 0.00000000000000000E+00
forward SUCCESS
forward_clamped -1.00000000000000000E+00
qacc 6.65141068221417253E+00 5.29052539786227882E+00 -8.34725810078125718E+00 -4.13459371804092246E+00 -4.64395062127954272E+00
mass 5.65431548070901435E+00 -4.27293664607116774E+00 2.05125730694075425E+00 2.48078132685392427E+00 -1.92648452495508271E-01 -4.27293664607116774E+00 9.25000000000000178E+00 1.00273873274207936E+00 -2.35146054787408199E+00 1.95878310655903265E+00 2.05125730694075425E+00 1.00273873274207936E+00 3.11473540656785275E+00 -4.95036731111120343E-04 6.29526908536425234E-01 2.48078132685392427E+00 -2.35146054787408199E+00 -4.95036731111120343E-04 2.34623708086784966E+00 0.00000000000000000E+00 -1.92648452495508271E-01 1.95878310655903265E+00 6.29526908536425234E-01 0.00000000000000000E+00 2.31999999999999984E+00
gravity -1.16029597600226797E+01 1.28445625413455904E+01 -9.91730431693364345E+00 -5.69717411721844513E+00 -6.90785432254173326E+00
bias -3.36510208645650517E-03 3.16493682010420474E-03 -1.47168346816491601E-03 -2.52574509742818903E-03 -1.00294596583513744E-03
passive -7.69054313450752425E-03 -2.13584463898844204E-03 1.12751856658532812E-04 0.00000000000000000E+00 0.00000000000000000E+00
actuation 3.22547397458618837E-02 -3.27232464503906528E-02 0.00000000000000000E+00 0.00000000000000000E+00 0.00000000000000000E+00
tendon_length
tendon_velocity
tendon_force
length -5.79319689362672169E-02 -7.48677840558946706E-02
velocity -8.84412460468365219E-02 2.13584463898844196E-02
force -1.40237998895051674E-02 -3.27232464503906528E-02
position 0.00000000000000000E+00 0.00000000000000000E+00 0.00000000000000000E+00
quaternion 1.00000000000000000E+00 0.00000000000000000E+00 0.00000000000000000E+00 0.00000000000000000E+00
position 2.79775239651958774E-01 9.49786183991457311E-02 9.11173109383034752E-01
quaternion 9.26390255555335607E-01 9.77040959973834999E-02 -2.99477374566947729E-01 2.06320881541210727E-01
position 6.10673859286084864E-01 1.48630557554699089E-02 1.21791013053717778E+00
quaternion 9.26654845499399027E-01 9.75215223246998358E-02 -2.98657664857067962E-01 2.06407241195848801E-01
position 3.90857522030392590E-01 1.04834724461283488E-01 1.60981047080978223E+00
quaternion 9.26654845499399027E-01 9.75215223246998358E-02 -2.98657664857067962E-01 2.06407241195848801E-01
position -1.02969861588154493E-01 1.52846601177232755E-01 8.31770958097115543E-01
quaternion 7.35583586415499258E-01 -3.07542148224430767E-01 -2.35867550845024199E-01 5.55608776856507114E-01
unchanged_qpos 2.51878125809857495E-02 -7.48677840558946706E-02 -2.26346147264659889E-02 1.76943271579518835E-03 2.45288689341400523E-02
unchanged_qvel 3.84527156725376212E-02 2.13584463898844196E-02 -3.75839522195109410E-04 -1.00742237861230488E-02 2.89955339531761530E-02
unchanged_time 1.25000000000000000E-01
step SUCCESS
step_clamped -1.00000000000000000E+00
qpos 3.21851052757531272E-02 -6.96370011231194630E-02 -2.95366039761086399E-02 -2.02088494752817064E-03 2.18038140882598416E-02
qvel 2.94725690447534439E-01 2.27725472468676027E-01 -3.24768295553694630E-01 -1.68803790413789651E-01 -1.55408846812590123E-01
time 1.65000000000000036E-01
reset_qpos 0.00000000000000000E+00 0.00000000000000000E+00 0.00000000000000000E+00 0.00000000000000000E+00 0.00000000000000000E+00
reset_qvel 0.00000000000000000E+00 0.00000000000000000E+00 0.00000000000000000E+00 0.00000000000000000E+00 0.00000000000000000E+00
forward SUCCESS
forward_clamped -1.00000000000000000E+00
qacc 3.86366426665333718E+00 3.86532793887600246E+00 -5.99757883206410902E+00 -3.46793363616819894E+00 -4.20197614564537236E+00
mass 5.15430880630800825E+00 -4.28641329661028792E+00 1.69727995918213059E+00 2.40899014116689969E+00 -2.06005469260064911E-01 -4.28641329661028792E+00 9.25000000000000178E+00 9.52841269328133844E-01 -2.30655719826626582E+00 1.98517089848486461E+00 1.69727995918213059E+00 9.52841269328133844E-01 2.87239986656221236E+00 2.76501627549747275E-02 6.29526908536425234E-01 2.40899014116689969E+00 -2.30655719826626582E+00 2.76501627549747275E-02 2.34623708086784966E+00 0.00000000000000000E+00 -2.06005469260064911E-01 1.98517089848486461E+00 6.29526908536425234E-01 0.00000000000000000E+00 2.31999999999999984E+00
gravity -1.44138035694421465E+01 1.32467070930164343E+01 -9.78873726676158462E+00 -7.85906055149975380E+00 -6.68207256889991719E+00
bias -3.81240229785983955E-03 1.37461205721382687E-03 -3.63357649534143748E-03 -2.44661462833134936E-03 -1.16615008998621501E-03
passive -7.57561910341564022E-03 -3.69636359417481637E-03 3.33987262392750886E-03 0.00000000000000000E+00 0.00000000000000000E+00
actuation 7.78036553242033024E-02 -2.90850804894749598E-02 0.00000000000000000E+00 0.00000000000000000E+00 0.00000000000000000E+00
tendon_length
tendon_velocity
tendon_force
length -2.62534070074020888E-02 -2.66931664429131965E-03
velocity -8.71196196892798508E-02 3.69636359417481603E-02
force -3.38276762279144799E-02 -2.90850804894749598E-02
position 0.00000000000000000E+00 0.00000000000000000E+00 0.00000000000000000E+00
quaternion 1.00000000000000000E+00 0.00000000000000000E+00 0.00000000000000000E+00 0.00000000000000000E+00
position 2.04773401732073618E-01 1.01879454937863906E-01 9.02526283933680507E-01
quaternion 9.22257233154649136E-01 1.02918278719562342E-01 -3.05798809403306893E-01 2.12923723353819455E-01
position 5.32808670970001397E-01 2.41636644487921992E-02 1.21293427037194679E+00
quaternion 9.10648065180649779E-01 1.10518421120167590E-01 -3.38808821197571108E-01 2.09079799728612320E-01
position 2.81627680037746631E-01 9.51977171726462457E-02 1.58958035510921736E+00
quaternion 9.10648065180649779E-01 1.10518421120167590E-01 -3.38808821197571108E-01 2.09079799728612292E-01
position -1.20224641431453200E-01 1.39538431856997935E-01 8.00101477593407329E-01
quaternion 7.30970873658754239E-01 -3.06003083097592832E-01 -2.45721670577583928E-01 5.58269250098809233E-01
unchanged_qpos 1.14145247858269960E-02 -2.66931664429131965E-03 6.22009435591097670E-03 -7.20308760251130026E-02 -3.76920503300450169E-02
unchanged_qvel 3.78780955170782002E-02 3.69636359417481603E-02 -1.11329087464250298E-02 1.67947620620518268E-02 -4.40041175997968811E-02
unchanged_time 1.25000000000000000E-01
step SUCCESS
step_clamped -1.00000000000000000E+00
qpos 1.60655903418078227E-02 1.99916756633463028E-03 8.31504474669175222E-04 -7.42050070130985118E-02 -4.29677887336600839E-02
qvel 1.83954471062821923E-01 1.87131913325692761E-01 -2.43778059716017376E-01 -1.16734931840577580E-01 -2.10936104792037449E-01
time 1.65000000000000036E-01
reset_qpos 0.00000000000000000E+00 0.00000000000000000E+00 0.00000000000000000E+00 0.00000000000000000E+00 0.00000000000000000E+00
reset_qvel 0.00000000000000000E+00 0.00000000000000000E+00 0.00000000000000000E+00 0.00000000000000000E+00 0.00000000000000000E+00
forward SUCCESS
forward_clamped -1.00000000000000000E+00
qacc 3.70964701793933305E+00 4.01063928576058437E+00 -6.04465964232540820E+00 -2.66667561140957865E+00 -4.35420259111418506E+00
mass 5.20834405510176701E+00 -4.29355655695951821E+00 1.75758465604768244E+00 2.41679760184274883E+00 -2.10070561817304519E-01 -4.29355655695951821E+00 9.25000000000000000E+00 9.26030347029420331E-01 -2.33148129274897853E+00 1.97226501702077806E+00 1.75758465604768244E+00 9.26030347029420331E-01 2.94801621352525300E+00 1.30431646664539991E-02 6.29526908536425234E-01 2.41679760184274883E+00 -2.33148129274897853E+00 1.30431646664539991E-02 2.34623708086784921E+00 0.00000000000000000E+00 -2.10070561817304519E-01 1.97226501702077806E+00 6.29526908536425234E-01 0.00000000000000000E+00 2.31999999999999940E+00
gravity -1.40163472572568537E+01 1.32070364960466762E+01 -1.02814409505156004E+01 -6.78843435301188958E+00 -6.77486678167188749E+00
bias 2.91043092871996409E-03 1.09039628054168709E-03 4.28556700773088332E-03 5.21852725335269444E-04 -1.18422192129685343E-04
passive 8.30543791724066421E-03 -2.88171432400517605E-03 7.09609515619412335E-04 0.00000000000000000E+00 0.00000000000000000E+00
actuation -2.03610713648931796E-02 3.37885603778207005E-02 0.00000000000000000E+00 0.00000000000000000E+00 0.00000000000000000E+00
tendon_length
tendon_velocity
tendon_force
length -2.94035921474644184E-02 -5.65916306348723808E-05
velocity 9.55125360482676350E-02 2.88171432400517596E-02
force 8.85263972386660103E-03 3.37885603778207005E-02
position 0.00000000000000000E+00 0.00000000000000000E+00 0.00000000000000000E+00
quaternion 1.00000000000000000E+00 0.00000000000000000E+00 0.00000000000000000E+00 0.00000000000000000E+00
position 2.02869714372159365E-01 9.69136417573347453E-02 9.00642952572974664E-01
quaternion 9.24417381778485869E-01 1.00653289145559099E-01 -3.03928733898011671E-01 2.07240788362573453E-01
position 5.31460436646888135E-01 1.57276054549676386E-02 1.20957168989678343E+00
quaternion 9.19339153437147893E-01 1.04018829696628193E-01 -3.18960329791194375E-01 2.05572157758545537E-01
position 2.96314474916665405E-01 9.66998476605758356E-02 1.59447410957502456E+00
quaternion 9.19339153437147893E-01 1.04018829696628193E-01 -3.18960329791194375E-01 2.05572157758545537E-01
position -9.52021590565621106E-02 1.31043359296362766E-01 7.90966619813831651E-01
quaternion 7.34730193416007982E-01 -3.06841175874932315E-01 -2.41457512579358435E-01 5.54723629647731142E-01
unchanged_qpos 1.27841704988975735E-02 -5.65916306348723808E-05 -8.12358081005638832E-03 -3.26100818338423623E-02 -6.69722498637350810E-02
unchanged_qvel -4.15271895862033211E-02 2.88171432400517596E-02 -2.36536505206470793E-03 4.14629785477032414E-02 -4.05647422442946964E-02
unchanged_time 1.25000000000000000E-01
step SUCCESS
step_clamped -1.00000000000000000E+00
qpos 1.41353382434335241E-02 4.41332349254463293E-03 -1.32108163920301603E-02 -3.31266197282684902E-02 -7.22397972655144105E-02
qvel 9.87567065614845391E-02 1.85169778998859447E-01 -2.37551771604313539E-01 -6.01068983394385317E-02 -2.13708624495671101E-01
time 1.65000000000000036E-01
lifecycle PASS
