create SUCCESS
reset_qpos 0.00000000000000000E+00 0.00000000000000000E+00 0.00000000000000000E+00 0.00000000000000000E+00 0.00000000000000000E+00
reset_qvel 0.00000000000000000E+00 0.00000000000000000E+00 0.00000000000000000E+00 0.00000000000000000E+00 0.00000000000000000E+00
forward SUCCESS
forward_clamped -1.00000000000000000E+00
qacc 7.55726560834391492E+00 5.80201293807815865E+00 -9.18991996615979190E+00 -5.76692863521282817E+00 -4.57059884046306664E+00
mass 5.27915049071453613E+00 -4.12236189410855935E+00 1.75195316723226568E+00 2.44999299439922780E+00 -1.81664264367534301E-01 -4.12236189410855935E+00 9.25000000000000000E+00 1.21091525691034096E+00 -2.24237406442109810E+00 2.03875022447177168E+00 1.75195316723226568E+00 1.21091525691034096E+00 2.99797055192908823E+00 1.41019780161102393E-02 6.29526908536425345E-01 2.44999299439922780E+00 -2.24237406442109810E+00 1.41019780161102393E-02 2.34623708086784966E+00 0.00000000000000000E+00 -1.81664264367534301E-01 2.03875022447177168E+00 6.29526908536425345E-01 0.00000000000000000E+00 2.31999999999999940E+00
gravity -1.34707446679988898E+01 1.50029361196253817E+01 -1.01529366069706839E+01 -8.23283172962916510E+00 -5.98803531945815681E+00
bias -1.96911252627942485E-03 3.08707959893314609E-03 -1.57102833328931360E-04 -2.39587674744686212E-03 -1.11661304291932112E-03
passive -9.89986071490612553E-03 -1.78275826775915747E-03 4.05868358359669397E-03 2.47664200887483324E-02 0.00000000000000000E+00
actuation 1.21613829811998947E-01 -2.92778342817927167E-02 0.00000000000000000E+00 0.00000000000000000E+00 0.00000000000000000E+00
tendon_length
tendon_velocity
tendon_force
length 1.19448766794746086E-01 -6.00575816741647228E-02
velocity -1.13848398221420427E-01 1.78275826775915747E-02
force -5.28755781791299811E-02 -2.92778342817927167E-02
position 0.00000000000000000E+00 0.00000000000000000E+00 0.00000000000000000E+00
quaternion 1.00000000000000000E+00 0.00000000000000000E+00 0.00000000000000000E+00 0.00000000000000000E+00
position 2.46934634894685034E-01 1.24274583766995794E-01 9.12558495193684038E-01
quaternion 9.12854736438885483E-01 1.15606794691134523E-01 -3.27979167798509275E-01 2.13918126096252381E-01
position 5.62613323942749322E-01 3.86740056549894906E-02 1.23352501417624993E+00
quaternion 9.06910155442205212E-01 1.19372784242768495E-01 -3.44075681071047523E-01 2.11839642261356959E-01
position 3.07277111107028933E-01 1.00313489963270358E-01 1.60902999735080243E+00
quaternion 9.06910155442205212E-01 1.19372784242768495E-01 -3.44075681071047468E-01 2.11839642261356931E-01
position -1.13244958909800839E-01 1.72006179027715117E-01 8.09165614067340000E-01
quaternion 7.28312960416041877E-01 -3.03862575801758628E-01 -2.71706881769513631E-01 5.50820421840211960E-01
unchanged_qpos -5.19342464324983044E-02 -6.00575816741647228E-02 7.17610548129064968E-02 -3.53806001267833320E-02 4.22846106644189645E-03
unchanged_qvel 4.94993035745306259E-02 1.78275826775915747E-02 -1.35289452786556477E-02 5.35600935780315007E-03 -6.64038579955186781E-04
unchanged_time 1.25000000000000000E-01
step SUCCESS
step_clamped -1.00000000000000000E+00
qpos 7.22901355312966926E-02 3.86314560798686826E-02 -8.26345085698102361E-02 -1.25116305946168599E-01 -8.05155335977848774E-02
qvel 8.43350345075123853E-01 7.74689681106478845E-01 -1.23112509641642798E+00 -6.85025557859960998E-01 -7.83361524082145655E-01
time 3.25000000000000178E-01
reset_qpos 0.00000000000000000E+00 0.00000000000000000E+00 0.00000000000000000E+00 0.00000000000000000E+00 0.00000000000000000E+00
reset_qvel 0.00000000000000000E+00 0.00000000000000000E+00 0.00000000000000000E+00 0.00000000000000000E+00 0.00000000000000000E+00
forward SUCCESS
forward_clamped -1.00000000000000000E+00
qacc 2.10239845682785242E+00 4.05041619958771282E+00 -4.97286832606093476E+00 -4.29918041306581289E-01 -4.74832257880906816E+00
mass 5.32229822012476550E+00 -4.15324976379944211E+00 1.89777175583440405E+00 2.40084446716825806E+00 -2.11955812821520373E-01 -4.15324976379944211E+00 9.25000000000000178E+00 1.18041094701263116E+00 -2.32347613347038040E+00 1.98746371988862136E+00 1.89777175583440405E+00 1.18041094701263116E+00 3.31109338610089932E+00 -2.46771239443720480E-02 6.29526908536425234E-01 2.40084446716825806E+00 -2.32347613347038040E+00 -2.46771239443720480E-02 2.34623708086785054E+00 0.00000000000000000E+00 -2.11955812821520373E-01 1.98746371988862136E+00 6.29526908536425234E-01 0.00000000000000000E+00 2.31999999999999984E+00
gravity -1.50033250155797475E+01 1.44978290792053617E+01 -1.05971356579430864E+01 -5.23114720696601143E+00 -6.49622945209960090E+00
bias -5.11344889931926536E-03 -6.34188032201357839E-05 -4.35102828587458166E-03 -2.01152297728814707E-03 -7.47486547568075848E-04
passive -3.27552391229537533E-03 -2.92027130917615505E-03 -5.38813561749415266E-03 -4.13627731832523979E-02 0.00000000000000000E+00
actuation -1.26150230117703405E-01 -1.83155654112290393E-02 0.00000000000000000E+00 0.00000000000000000E+00 0.00000000000000000E+00
tendon_length
tendon_velocity
tendon_force
length 7.61961421729638183E-02 2.64646782616677761E-02
velocity -3.76685249913968068E-02 2.92027130917615479E-02
force 5.48479261381319139E-02 -1.83155654112290393E-02
position 0.00000000000000000E+00 0.00000000000000000E+00 0.00000000000000000E+00
quaternion 1.00000000000000000E+00 0.00000000000000000E+00 0.00000000000000000E+00 0.00000000000000000E+00
position 1.67038137055052605E-01 1.04233805282613015E-01 8.92707829768443983E-01
quaternion 9.22407323700876192E-01 1.05685840470043840E-01 -3.16477580170887063E-01 1.94517797530990216E-01
position 4.87517995078902200E-01 8.80924401668489732E-03 1.20605558180796057E+00
quaternion 9.31353688069974428E-01 9.98935566143147463E-02 -2.89091053625479766E-01 1.97554923449428516E-01
position 2.78239697990933510E-01 1.00111535778761640E-01 1.60337973899822339E+00
quaternion 9.31353688069974428E-01 9.98935566143147463E-02 -2.89091053625479766E-01 1.97554923449428516E-01
position -2.41869487535345595E-01 1.80302606541144272E-01 8.13683315184323241E-01
quaternion 7.41834095098884538E-01 -3.06628953334069532E-01 -2.51561521727818371E-01 5.40719577148873531E-01
unchanged_qpos -3.31287574665060092E-02 2.64646782616677761E-02 8.81829139847915833E-03 5.90896759760748541E-02 5.68169371073627832E-02
unchanged_qvel 1.63776195614768749E-02 2.92027130917615479E-02 1.79604520583138416E-02 -1.83400478138342066E-02 -3.52844452823965482E-02
unchanged_time 1.25000000000000000E-01
step SUCCESS
step_clamped -1.00000000000000000E+00
qpos -3.07855704567777770E-02 3.09933879251781778E-02 5.42346968301168821E-03 5.80391767575212936E-02 5.14284572434679441E-02
qvel 9.42789073380275316E-02 1.87925373153044334E-01 -1.75915000640996383E-01 -3.18989416535252757E-02 -2.24306411965815106E-01
time 1.65000000000000036E-01
reset_qpos 0.00000000000000000E+00 0.00000000000000000E+00 0.00000000000000000E+00 0.00000000000000000E+00 0.00000000000000000E+00
reset_qvel 0.00000000000000000E+00 0.00000000000000000E+00 0.00000000000000000E+00 0.00000000000000000E+00 0.00000000000000000E+00
forward SUCCESS
forward_clamped -1.00000000000000000E+00
qacc 3.76512205271235123E+00 4.47299242586442336E+00 -6.22975918308158239E+00 -2.82386533660357975E+00 -4.52417533392430293E+00
mass 5.11565590564783879E+00 -4.10152370419109324E+00 1.68658420892657190E+00 2.39114600671143407E+00 -1.92036374308672653E-01 -4.10152370419109324E+00 9.25000000000000178E+00 1.26123283625037752E+00 -2.25296100547020917E+00 2.03559976302538859E+00 1.68658420892657190E+00 1.26123283625037752E+00 3.10869098210434647E+00 3.64956531587606881E-03 6.29526908536425234E-01 2.39114600671143407E+00 -2.25296100547020917E+00 3.64956531587606881E-03 2.34623708086785054E+00 0.00000000000000000E+00 -1.92036374308672653E-01 2.03559976302538859E+00 6.29526908536425234E-01 0.00000000000000000E+00 2.31999999999999984E+00
gravity -1.55527938811006692E+01 1.52872735080067397E+01 -1.01792555002288090E+01 -7.68764761000989694E+00 -5.97291860890973769E+00
bias 8.44616010961570917E-04 2.08670655699068775E-03 1.90354215944221446E-03 -1.92251557268124061E-05 -1.89363537888103534E-04
passive -3.00728630979186238E-03 1.39218914975080751E-03 -2.35597266287380100E-03 5.99159593064216549E-03 0.00000000000000000E+00
actuation -1.44438702433495013E-02 2.99619820010704786E-02 0.00000000000000000E+00 0.00000000000000000E+00 0.00000000000000000E+00
tendon_length
tendon_velocity
tendon_force
length 1.44338265264046001E-01 1.46480798861933492E-02
velocity -3.45837925626064149E-02 -1.39218914975080751E-02
force 6.27994358406500086E-03 2.99619820010704786E-02
position 0.00000000000000000E+00 0.00000000000000000E+00 0.00000000000000000E+00
quaternion 1.00000000000000000E+00 0.00000000000000000E+00 0.00000000000000000E+00 0.00000000000000000E+00
position 1.71485449667661244E-01 1.25297111570655845E-01 8.98304475096290855E-01
quaternion 9.13625316590275127E-01 1.15483758640768736E-01 -3.30087756928943710E-01 2.07350802026756015E-01
position 4.85421734276293426E-01 3.40958175138938724E-02 1.21943736529674962E+00
quaternion 9.12204273637621466E-01 1.16370099924149428E-01 -3.33994774729068078E-01 2.06854667471105785E-01
position 2.39049364831072975E-01 1.01335472914960339E-01 1.59993635913969490E+00
quaternion 9.12204273637621466E-01 1.16370099924149428E-01 -3.33994774729068078E-01 2.06854667471105785E-01
position -2.25040339238764209E-01 1.87390699630532814E-01 8.04996136156626352E-01
quaternion 7.32320068835730420E-01 -3.04372872095614921E-01 -2.71750238857182635E-01 5.45175457255516749E-01
unchanged_qpos -6.27557675061069659E-02 1.46480798861933492E-02 6.75808523173660053E-02 -8.55942275806023667E-03 4.39626961429364915E-02
unchanged_qvel 1.50364315489593114E-02 -1.39218914975080751E-02 7.85324220957933639E-03 3.54196844703303232E-02 -1.38437909452929220E-02
unchanged_time 1.25000000000000000E-01
step SUCCESS
step_clamped -1.00000000000000000E+00
qpos -5.90633961792873946E-02 1.78077926472775989E-02 6.27228841445338914E-02 -9.46971065391235926E-03 3.96219968569934966E-02
qvel 1.59782881622924700E-01 1.61679762661906978E-01 -2.36433883184591187E-01 -7.38090239321799180E-02 -1.93698490422027858E-01
time 1.65000000000000036E-01
reset_qpos 0.00000000000000000E+00 0.00000000000000000E+00 0.00000000000000000E+00 0.00000000000000000E+00 0.00000000000000000E+00
reset_qvel 0.00000000000000000E+00 0.00000000000000000E+00 0.00000000000000000E+00 0.00000000000000000E+00 0.00000000000000000E+00
forward SUCCESS
forward_clamped -1.00000000000000000E+00
qacc 5.27655179667952368E+00 5.00427373728346048E+00 -7.17957343881863075E+00 -2.92992733224629198E+00 -4.76770228999548884E+00
mass 5.34377427545697081E+00 -4.08521467838789221E+00 1.87305529676665228E+00 2.43860483292045371E+00 -1.91288748821980159E-01 -4.08521467838789221E+00 9.25000000000000711E+00 1.27523048244171378E+00 -2.27857607392081007E+00 2.02241988338065504E+00 1.87305529676665228E+00 1.27523048244171378E+00 3.25505231035792209E+00 -1.84123584100161497E-02 6.29526908536425456E-01 2.43860483292045371E+00 -2.27857607392081007E+00 -1.84123584100161497E-02 2.34623708086785010E+00 0.00000000000000000E+00 -1.91288748821980159E-01 2.02241988338065504E+00 6.29526908536425456E-01 0.00000000000000000E+00 2.32000000000000073E+00
gravity -1.19779498449955888E+01 1.26667804379190088E+01 -9.96277166874014775E+00 -5.15029779509151098E+00 -6.49545575099793737E+00
bias 4.18370916087889427E-03 1.16094786529773054E-02 9.61194537948520389E-03 -1.76908403659219540E-03 -1.49492770345240338E-03
passive -8.77971881484730481E-03 1.91592766814429206E-03 -5.84211529178873916E-03 -3.12767359073585563E-02 -0.00000000000000000E+00
actuation -3.33557957808989919E-02 2.83196699875652470E-02 0.00000000000000000E+00 0.00000000000000000E+00 0.00000000000000000E+00
tendon_length
tendon_velocity
tendon_force
length -7.17611646007733084E-02 -2.35807340543453883E-02
velocity -1.00966766370743991E-01 -1.91592766814429188E-02
force 1.45025199047386921E-02 2.83196699875652470E-02
position 0.00000000000000000E+00 0.00000000000000000E+00 0.00000000000000000E+00
quaternion 1.00000000000000000E+00 0.00000000000000000E+00 0.00000000000000000E+00 0.00000000000000000E+00
position 2.27546300829221615E-01 1.17456550455668690E-01 9.12919887032108690E-01
quaternion 9.14711668220318130E-01 1.08704498519789652E-01 -3.05713328635885573E-01 2.40884322274261903E-01
position 5.57095561877084200E-01 6.04641850658506619E-02 1.22620754211938010E+00
quaternion 9.21312640184555165E-01 1.03296337747747782E-01 -2.85203601520378658E-01 2.43252525832462124E-01
position 3.37456468573553603E-01 1.39821868552315626E-01 1.62049300566637045E+00
quaternion 9.21312640184555165E-01 1.03296337747747782E-01 -2.85203601520378658E-01 2.43252525832462124E-01
position -1.75392905892957973E-01 1.50920713350745722E-01 8.31469549755261106E-01
quaternion 7.12663032178196376E-01 -3.02659312422257964E-01 -2.56002223475574331E-01 5.78767314856521109E-01
unchanged_qpos 3.12005063481623074E-02 -2.35807340543453883E-02 5.05922731699925271E-02 4.46810512962265149E-02 4.44047904326608928E-02
unchanged_qvel 4.38985940742365188E-02 -1.91592766814429188E-02 1.94737176392957984E-02 1.42159823518430567E-02 4.25943734139251490E-02
unchanged_time 1.25000000000000000E-01
step SUCCESS
step_clamped -1.00000000000000000E+00
qpos 3.73035300053855476E-02 -2.01904747206566523E-02 4.54199549130329949E-02 4.28458475798088045E-02 4.21165016782586027E-02
qvel 2.48079632486923024E-01 1.77209068423972188E-01 -2.61356074789629189E-01 -9.82457501157090324E-02 -1.47024902057190598E-01
time 1.65000000000000036E-01
reset_qpos 0.00000000000000000E+00 0.00000000000000000E+00 0.00000000000000000E+00 0.00000000000000000E+00 0.00000000000000000E+00
reset_qvel 0.00000000000000000E+00 0.00000000000000000E+00 0.00000000000000000E+00 0.00000000000000000E+00 0.00000000000000000E+00
forward SUCCESS
forward_clamped -1.00000000000000000E+00
qacc 6.55374821052942025E+00 5.08912285298935529E+00 -8.13961621044887451E+00 -4.73605665490918692E+00 -4.46343882320285346E+00
mass 5.18691443257049478E+00 -4.17256750379090047E+00 1.71802699391320157E+00 2.43501158549886210E+00 -1.90172716076789677E-01 -4.17256750379090047E+00 9.25000000000000000E+00 1.09781232967560816E+00 -2.27165820010605746E+00 2.02046549362793737E+00 1.71802699391320157E+00 1.09781232967560816E+00 2.96011179427161686E+00 1.12535302683516858E-02 6.29526908536425123E-01 2.43501158549886210E+00 -2.27165820010605746E+00 1.12535302683516858E-02 2.34623708086785010E+00 0.00000000000000000E+00 -1.90172716076789677E-01 2.02046549362793737E+00 6.29526908536425123E-01 0.00000000000000000E+00 2.31999999999999940E+00
gravity -1.18835582844137022E+01 1.24513027645852326E+01 -1.00229372947995383E+01 -6.80869815164239700E+00 -6.54366283120445935E+00
bias -6.17966239120493893E-03 -1.18193238012469432E-04 -5.19768446343630078E-03 -2.44335316783434852E-03 -6.42525536203411227E-04
passive -4.99713159694787409E-03 -3.87026825767893858E-03 -2.36473045014046679E-03 1.95690073679166722E-02 0.00000000000000000E+00
actuation 7.26403141687676085E-02 1.85984488640661139E-02 0.00000000000000000E+00 0.00000000000000000E+00 0.00000000000000000E+00
tendon_length
tendon_velocity
tendon_force
length -8.83842510655597907E-02 -3.41607179118535442E-02
velocity -5.74670133649005446E-02 3.87026825767893823E-02
force -3.15827452907685297E-02 1.85984488640661139E-02
position 0.00000000000000000E+00 0.00000000000000000E+00 0.00000000000000000E+00
quaternion 1.00000000000000000E+00 0.00000000000000000E+00 0.00000000000000000E+00 0.00000000000000000E+00
position 2.39525735557145791E-01 1.17230374413290123E-01 9.14873553322351429E-01
quaternion 9.14917771117829570E-01 1.07974632439856111E-01 -3.03711547261642734E-01 2.42953178415512228E-01
position 5.70214641800656619E-01 6.25803927576865648E-02 1.22737671617436583E+00
quaternion 9.10583293983974418E-01 1.11359940050991521E-01 -3.16470056347473661E-01 2.41420239219004434E-01
position 3.27466864449016459E-01 1.28980893337689251E-01 1.61034471759689146E+00
quaternion 9.10583293983974418E-01 1.11359940050991521E-01 -3.16470056347473661E-01 2.41420239219004434E-01
position -5.96067352405224155E-02 1.28505425961579794E-01 8.02341794463600877E-01
quaternion 7.11432637813692481E-01 -3.02609471269586761E-01 -2.54448387491763850E-01 5.80988061714037163E-01
unchanged_qpos 3.84279352458955642E-02 -3.41607179118535442E-02 4.81372869484715110E-02 -2.79557248113095347E-02 -6.65121459689070188E-02
unchanged_qvel 2.49856579847393678E-02 3.87026825767893823E-02 7.88243483380155624E-03 -2.23374627649931129E-02 -4.04832285102298128E-02
unchanged_time 1.25000000000000000E-01
step SUCCESS
step_clamped -1.00000000000000000E+00
qpos 4.48016793375880518E-02 -2.84088504049982947E-02 4.17345540586715191E-02 -3.27465707770888334E-02 -7.18600375615849607E-02
qvel 2.76845766576944319E-01 2.36634150085272221E-01 -3.08359322384175516E-01 -2.05315054756794652E-01 -2.17328378389483434E-01
time 1.65000000000000036E-01
reset_qpos 0.00000000000000000E+00 0.00000000000000000E+00 0.00000000000000000E+00 0.00000000000000000E+00 0.00000000000000000E+00
reset_qvel 0.00000000000000000E+00 0.00000000000000000E+00 0.00000000000000000E+00 0.00000000000000000E+00 0.00000000000000000E+00
forward SUCCESS
forward_clamped -1.00000000000000000E+00
qacc 3.06967890913951802E+00 3.82424893140135991E+00 -5.38115451170471459E+00 -1.44926346784019255E+00 -4.53246339379237995E+00
mass 5.22799194797002187E+00 -4.26464611471390853E+00 1.80071030679593869E+00 2.41274211351363910E+00 -2.13872364215523081E-01 -4.26464611471390853E+00 9.25000000000000178E+00 9.57621419501100357E-01 -2.34082003937863314E+00 1.97006267842500993E+00 1.80071030679593869E+00 9.57621419501100357E-01 3.06432704649323506E+00 -5.37001457984698227E-03 6.29526908536425234E-01 2.41274211351363910E+00 -2.34082003937863314E+00 -5.37001457984698227E-03 2.34623708086785010E+00 0.00000000000000000E+00 -2.13872364215523081E-01 1.97006267842500993E+00 6.29526908536425234E-01 0.00000000000000000E+00 2.31999999999999984E+00
gravity -1.25904868185873262E+01 1.15812408622775500E+01 -1.02019421245483848E+01 -5.00202745217450051E+00 -7.00403706770498591E+00
bias 2.94068748096195081E-03 -2.19542996097024179E-03 1.88016897077361144E-03 1.60144673246324660E-04 -5.61481024619016854E-04
passive -8.75013814271767901E-03 9.52476613716334106E-04 1.22256228975087134E-02 -9.60005947192684936E-03 0.00000000000000000E+00
actuation 1.44479929503679799E-01 -4.51396081937943672E-02 0.00000000000000000E+00 0.00000000000000000E+00 0.00000000000000000E+00
tendon_length
tendon_velocity
tendon_force
length -1.54057025570480233E-01 1.24944960741856931E-02
velocity -1.00626588641253290E-01 -9.52476613716334020E-03
force -6.28173606537738294E-02 -4.51396081937943672E-02
position 0.00000000000000000E+00 0.00000000000000000E+00 0.00000000000000000E+00
quaternion 1.00000000000000000E+00 0.00000000000000000E+00 0.00000000000000000E+00 0.00000000000000000E+00
position 2.01765843608983919E-01 9.40397363166243644E-02 9.05431842594965675E-01
quaternion 9.23610007738197902E-01 9.71751834978527435E-02 -2.90953814494408158E-01 2.29885656684270467E-01
position 5.38726152342397624E-01 3.48692550219059649E-02 1.21031969817736473E+00
quaternion 9.25583401889575663E-01 9.55965426695861431E-02 -2.84613658684049253E-01 2.30546595001144189E-01
position 3.22540168704254671E-01 1.23910059974063888E-01 1.60444576370954994E+00
quaternion 9.25583401889575663E-01 9.55965426695861431E-02 -2.84613658684049253E-01 2.30546595001144189E-01
position -9.14869923320770911E-02 1.10783835041711076E-01 7.97702465877128897E-01
quaternion 7.20846152278171948E-01 -3.06061550025425788E-01 -2.34448722165970680E-01 5.75969572995424617E-01
unchanged_qpos 6.69813154654261972E-02 1.24944960741856931E-02 -1.05257635328670912E-02 1.37143706741812144E-02 -7.54331891308701180E-02
unchanged_qvel 4.37506907135883916E-02 -9.52476613716334020E-03 -4.07520763250290435E-02 4.00074341646713821E-02 3.93726514403445471E-02
unchanged_time 1.25000000000000000E-01
step SUCCESS
step_clamped -1.00000000000000000E+00
qpos 7.12270080405237593E-02 1.52839889564963579E-02 -1.66028516169799412E-02 1.41578052181848286E-02 -7.76571984117418318E-02
qvel 1.59873985695003856E-01 1.40077228287873806E-01 -2.50168361807071749E-01 -1.31133086987373013E-02 -1.41234523985890065E-01
time 1.65000000000000036E-01
reset_qpos 0.00000000000000000E+00 0.00000000000000000E+00 0.00000000000000000E+00 0.00000000000000000E+00 0.00000000000000000E+00
reset_qvel 0.00000000000000000E+00 0.00000000000000000E+00 0.00000000000000000E+00 0.00000000000000000E+00 0.00000000000000000E+00
forward SUCCESS
forward_clamped -1.00000000000000000E+00
qacc -1.02497622372385155E+00 2.31257404426368041E+00 -2.49106067508225726E+00 3.82563018941838529E-01 -4.39328632135514408E+00
mass 5.25471659597009300E+00 -4.42299161624281645E+00 1.76918175001249978E+00 2.37214405023453656E+00 -2.52337653404191786E-01 -4.42299161624281645E+00 9.25000000000000000E+00 7.86682580395251629E-01 -2.39366468178277669E+00 1.90437526663939449E+00 1.76918175001249978E+00 7.86682580395251629E-01 2.97364825527510757E+00 1.86857852320021500E-02 6.29526908536425012E-01 2.37214405023453656E+00 -2.39366468178277669E+00 1.86857852320021500E-02 2.34623708086785054E+00 0.00000000000000000E+00 -2.52337653404191786E-01 1.90437526663939449E+00 6.29526908536425012E-01 0.00000000000000000E+00 2.31999999999999984E+00
gravity -1.82217895892180977E+01 1.46154253555196671E+01 -1.02383380008290157E+01 -7.14912659723101651E+00 -7.04264484774503430E+00
bias 4.57041374769900054E-03 -2.12701332782013093E-03 9.04985918073531424E-03 2.04659138888753627E-03 5.30946453100538882E-04
passive 8.48206546234651741E-03 -4.07386749746918488E-03 -9.45970574749937891E-03 3.32670679929418511E-02 0.00000000000000000E+00
actuation 2.02688582434019882E-01 2.42575696631855790E-02 0.00000000000000000E+00 0.00000000000000000E+00 0.00000000000000000E+00
tendon_length
tendon_velocity
tendon_force
length 8.61606809772863247E-02 7.54438460792144078E-02
velocity 9.75437528169849494E-02 4.07386749746918436E-02
force -8.81254706234869123E-02 2.42575696631855790E-02
position 0.00000000000000000E+00 0.00000000000000000E+00 0.00000000000000000E+00
quaternion 1.00000000000000000E+00 0.00000000000000000E+00 0.00000000000000000E+00 0.00000000000000000E+00
position 1.18203535620934608E-01 7.61415304321079317E-02 8.73620371762280690E-01
quaternion 9.34297495694299540E-01 9.33569248547912595E-02 -3.07370579134775335E-01 1.54583314763819257E-01
position 4.38205358804545086E-01 -4.51760582945420902E-02 1.17838401103822310E+00
quaternion 9.26730625202522251E-01 9.70034621354150944E-02 -3.29482672822151545E-01 1.52321518359870123E-01
position 2.10151658116528472E-01 5.15526421623041659E-02 1.56391619920210423E+00
quaternion 9.26730625202522251E-01 9.70034621354150806E-02 -3.29482672822151545E-01 1.52321518359870123E-01
position -2.43673788404314001E-01 1.70227110343227933E-01 7.91107530965900696E-01
quaternion 7.66838791883870718E-01 -3.10659296043483524E-01 -2.27080394299028016E-01 5.13695983602023842E-01
unchanged_qpos -3.74611656422984066E-02 7.54438460792144078E-02 -7.71355558703237243E-02 -4.75243828470597943E-02 1.02721668141219635E-02
unchanged_qvel -4.24103273117325888E-02 4.07386749746918436E-02 3.15323524916645975E-02 3.54428727059035859E-02 -2.44785333546735373E-02
unchanged_time 1.25000000000000000E-01
step SUCCESS
step_clamped -1.00000000000000000E+00
qpos -4.00483702269398417E-02 7.90027692698009876E-02 -7.79515703310508096E-02 -4.57677564659887334E-02 5.60656509403400366E-03
qvel -8.58187976875680603E-02 1.32162676925083877E-01 -6.68909974617276359E-02 5.21804649079317326E-02 -1.99888808121535116E-01
time 1.65000000000000036E-01
reset_qpos 0.00000000000000000E+00 0.00000000000000000E+00 0.00000000000000000E+00 0.00000000000000000E+00 0.00000000000000000E+00
reset_qvel 0.00000000000000000E+00 0.00000000000000000E+00 0.00000000000000000E+00 0.00000000000000000E+00 0.00000000000000000E+00
forward SUCCESS
forward_clamped -1.00000000000000000E+00
qacc 8.94566542864609793E-01 3.17393787240257863E+00 -3.85845668122306362E+00 2.72503568777666016E-01 -4.59307299092761578E+00
mass 5.12250559970051711E+00 -4.19388786956330417E+00 1.73801340170326357E+00 2.37342175524676913E+00 -2.20149486035255887E-01 -4.19388786956330417E+00 9.25000000000000355E+00 1.07178423541912160E+00 -2.32647131971405363E+00 1.98470436618202606E+00 1.73801340170326357E+00 1.07178423541912160E+00 3.17703872060485759E+00 -1.87556686444967924E-02 6.29526908536425234E-01 2.37342175524676913E+00 -2.32647131971405363E+00 -1.87556686444967924E-02 2.34623708086785010E+00 0.00000000000000000E+00 -2.20149486035255887E-01 1.98470436618202606E+00 6.29526908536425234E-01 0.00000000000000000E+00 2.32000000000000028E+00
gravity -1.37640426463611512E+01 1.17853075840963726E+01 -1.02986900449216208E+01 -4.42585767424544052E+00 -6.88702968553087835E+00
bias -4.03629075756515611E-04 -7.70960402223207870E-04 9.72621920599547668E-04 6.42445884991790957E-04 9.52231701217235316E-05
passive 3.05367459194888372E-03 -4.23077749500962337E-03 2.67438708743601575E-03 -3.18346553456100231E-02 0.00000000000000000E+00
actuation -2.63695040578706581E-02 1.51873089373676315E-02 0.00000000000000000E+00 0.00000000000000000E+00 0.00000000000000000E+00
tendon_length
tendon_velocity
tendon_force
length -1.38853533215105795E-01 5.79843094510781726E-02
velocity 3.51172578074121569E-02 4.23077749500962302E-02
force 1.14650017642915908E-02 1.51873089373676315E-02
position 0.00000000000000000E+00 0.00000000000000000E+00 0.00000000000000000E+00
quaternion 1.00000000000000000E+00 0.00000000000000000E+00 0.00000000000000000E+00 0.00000000000000000E+00
position 1.54775841720681762E-01 9.62966637459553854E-02 9.00428966328463698E-01
quaternion 9.21225624721037417E-01 1.00149626991105994E-01 -2.94159015504343202E-01 2.34059552610851485E-01
position 4.90248581378329940E-01 3.89293599943459079E-02 1.20729544121104571E+00
quaternion 9.27675785783694917E-01 9.48019054564146896E-02 -2.73136988552913573E-01 2.36276153423663621E-01
position 2.81343392298814277E-01 1.29677631756305256E-01 1.60494273863411308E+00
quaternion 9.27675785783694917E-01 9.48019054564146896E-02 -2.73136988552913573E-01 2.36276153423663621E-01
position -1.70885315886760147E-01 1.18103970197066865E-01 8.01637503906409532E-01
quaternion 7.17949853176804931E-01 -3.05034230654572303E-01 -2.39835181956522842E-01 5.77911076159870141E-01
unchanged_qpos 6.03711013978720928E-02 5.79843094510781726E-02 5.69333371650510012E-03 4.54780790651571759E-02 -3.99257486817026427E-02
unchanged_qvel -1.52683729597444182E-02 4.23077749500962302E-02 -8.91462362478671888E-03 2.81715603024492306E-02 2.72981225185191384E-02
unchanged_time 1.25000000000000000E-01
step SUCCESS
step_clamped -1.00000000000000000E+00
qpos 6.04394172993808695E-02 6.23091853687176012E-02 2.15129494447299438E-03 4.68823213197653438E-02 -4.26850484691438797E-02
qvel 1.48430000936747852E-02 1.66631698698503167E-01 -1.58924562182285734E-01 4.29018099291705313E-02 -1.55870697432282906E-01
time 1.65000000000000036E-01
reset_qpos 0.00000000000000000E+00 0.00000000000000000E+00 0.00000000000000000E+00 0.00000000000000000E+00 0.00000000000000000E+00
reset_qvel 0.00000000000000000E+00 0.00000000000000000E+00 0.00000000000000000E+00 0.00000000000000000E+00 0.00000000000000000E+00
forward SUCCESS
forward_clamped -1.00000000000000000E+00
qacc 3.87063324946352338E+00 4.77445046142605900E+00 -6.58018919903634014E+00 -2.21390863100180146E+00 -4.59933671472484562E+00
mass 5.00016556122315947E+00 -4.03545535069702499E+00 1.64058424224885524E+00 2.37622671382840434E+00 -1.91062756027829461E-01 -4.03545535069702499E+00 9.25000000000000000E+00 1.29908866064573902E+00 -2.24779951082752572E+00 2.04319444932457017E+00 1.64058424224885524E+00 1.29908866064573902E+00 3.19369788270835597E+00 -2.09613990528955685E-02 6.29526908536425234E-01 2.37622671382840434E+00 -2.24779951082752572E+00 -2.09613990528955685E-02 2.34623708086785010E+00 0.00000000000000000E+00 -1.91062756027829461E-01 2.04319444932457017E+00 6.29526908536425234E-01 0.00000000000000000E+00 2.32000000000000028E+00
gravity -1.51938704932022670E+01 1.55731020525435468E+01 -1.13092478271882335E+01 -6.48161174572562260E+00 -5.85308548916123250E+00
bias 4.37737005468008533E-03 -9.56348854415832016E-04 6.75858697016678851E-03 2.45504464731915312E-03 -6.65548193793991669E-04
passive -8.91692334376608352E-03 2.83418179914591770E-03 6.06883178796416723E-03 -3.54046373093072977E-02 0.00000000000000000E+00
actuation 3.72031051564804122E-02 5.27630714561460462E-02 0.00000000000000000E+00 0.00000000000000000E+00 0.00000000000000000E+00
tendon_length
tendon_velocity
tendon_force
length 1.69780020619957506E-01 3.49368534419315369E-02
velocity -1.02544618453309963E-01 -2.83418179914591735E-02
force -1.61752631115132245E-02 5.27630714561460462E-02
position 0.00000000000000000E+00 0.00000000000000000E+00 0.00000000000000000E+00
quaternion 1.00000000000000000E+00 0.00000000000000000E+00 0.00000000000000000E+00 0.00000000000000000E+00
position 1.49183034444774903E-01 1.30173565075310416E-01 8.94783538226463060E-01
quaternion 9.12098205117977567E-01 1.17357118124433682E-01 -3.33867696031089234E-01 2.06969883299439023E-01
position 4.60876994041829691E-01 3.72649871493423990E-02 1.21760682068682691E+00
quaternion 9.20248850497310977E-01 1.12086084122270030E-01 -3.10697324402579689E-01 2.09871235555497415E-01
position 2.31661629039550926E-01 1.11600263067792776E-01 1.60739469017611714E+00
quaternion 9.20248850497310977E-01 1.12086084122270030E-01 -3.10697324402579689E-01 2.09871235555497415E-01
position -1.70526808057579082E-01 1.73958771327678952E-01 7.77962462343470995E-01
quaternion 7.32124117400817287E-01 -3.04202085682535872E-01 -2.75899867686847822E-01 5.43446989868238473E-01
unchanged_qpos -7.38174002695467513E-02 3.49368534419315369E-02 7.77425408808414681E-02 5.05780532990104253E-02 -3.72519744182587542E-02
unchanged_qvel 4.45846167188304193E-02 -2.83418179914591735E-02 -2.02294392932138925E-02 -3.22231184082900912E-02 -2.48370038877401139E-03
unchanged_time 1.25000000000000000E-01
step SUCCESS
step_clamped -1.00000000000000000E+00
qpos -6.88622228690238258E-02 3.77649951518274699E-02 7.14729472323531873E-02 4.74748187570052591E-02 -4.11966791169894736E-02
qvel 1.92884307099398411E-01 1.58713179398374399E-01 -2.78004733002990334E-01 -1.16897107481935880E-01 -1.85016655166459987E-01
time 1.65000000000000036E-01
reset_qpos 0.00000000000000000E+00 0.00000000000000000E+00 0.00000000000000000E+00 0.00000000000000000E+00 0.00000000000000000E+00
reset_qvel 0.00000000000000000E+00 0.00000000000000000E+00 0.00000000000000000E+00 0.00000000000000000E+00 0.00000000000000000E+00
forward SUCCESS
forward_clamped -1.00000000000000000E+00
qacc 6.08512348912213152E+00 5.12175085340806202E+00 -7.77317615459923239E+00 -4.33781668522184027E+00 -4.59978203277899489E+00
mass 5.43432042342366728E+00 -4.18913281306905105E+00 1.89403997974528870E+00 2.45448993940317628E+00 -1.91466069062268540E-01 -4.18913281306905105E+00 9.25000000000000355E+00 1.14864226861828689E+00 -2.29761781607791660E+00 2.00200423947672235E+00 1.89403997974528870E+00 1.14864226861828689E+00 3.09619835023312362E+00 9.57091885083105609E-03 6.29526908536425456E-01 2.45448993940317628E+00 -2.29761781607791660E+00 9.57091885083105609E-03 2.34623708086785010E+00 0.00000000000000000E+00 -1.91466069062268540E-01 2.00200423947672235E+00 6.29526908536425456E-01 0.00000000000000000E+00 2.31999999999999940E+00
gravity -1.31096445856303792E+01 1.37428855001316261E+01 -9.61312582042403818E+00 -7.05538640430222763E+00 -6.49058448123949727E+00
bias 2.16032213860840069E-04 2.37018287725590179E-04 -7.13577734797095960E-04 -4.33762069507295615E-04 -2.01248820637416753E-04
passive -3.75552456437559540E-03 -1.13468217518794697E-03 3.12067681573468614E-03 1.65281275722320153E-02 -0.00000000000000000E+00
actuation 2.09286100465833347E-01 -4.34166616316996670E-02 0.00000000000000000E+00 0.00000000000000000E+00 0.00000000000000000E+00
tendon_length
tendon_velocity
tendon_force
length 1.36359969805850308E-02 -5.16189806026003811E-02
velocity -4.31885324903193424E-02 1.13468217518794684E-02
force -9.09939567242753766E-02 -4.34166616316996670E-02
position 0.00000000000000000E+00 0.00000000000000000E+00 0.00000000000000000E+00
quaternion 1.00000000000000000E+00 0.00000000000000000E+00 0.00000000000000000E+00 0.00000000000000000E+00
position 2.49079822627120695E-01 1.09658832828064962E-01 9.10188096622197573E-01
quaternion 9.19529200455767581E-01 1.06763688019361355E-01 -3.11986144642500074E-01 2.13850905962051474E-01
position 5.73796376933055519E-01 3.01996301103087117E-02 1.22362931034997047E+00
quaternion 9.15781958415908592E-01 1.09280871437853935E-01 -3.22819933677642334E-01 2.12575601135381820E-01
position 3.34014000869509553E-01 1.04265449877862515E-01 1.60705944280108670E+00
quaternion 9.15781958415908592E-01 1.09280871437853935E-01 -3.22819933677642334E-01 2.12575601135381820E-01
position -1.71428721310558085E-01 1.71264128679101096E-01 8.34258029103845500E-01
quaternion 7.29903916328034419E-01 -3.05202589860322282E-01 -2.53284525235648206E-01 5.56721295935140081E-01
unchanged_qpos -5.92869433938479629E-03 -5.16189806026003811E-02 2.56767122784324203E-02 -2.36116108174743086E-02 6.62656506553688657E-02
unchanged_qvel 1.87776228218779762E-02 1.13468217518794684E-02 -1.04022560524489535E-02 3.42154924403650640E-02 2.64554052574565018E-03
unchanged_time 1.25000000000000000E-01
step SUCCESS
step_clamped -1.00000000000000000E+00
qpos -1.74242333412032591E-04 -4.69222957041514482E-02 1.88294537063288039E-02 -2.58136569145578018E-02 6.25257072652758011E-02
qvel 2.53689957021733192E-01 2.11496091207993092E-01 -3.13641243440191231E-01 -1.33499816908346891E-01 -1.79849123084836304E-01
time 1.65000000000000036E-01
reset_qpos 0.00000000000000000E+00 0.00000000000000000E+00 0.00000000000000000E+00 0.00000000000000000E+00 0.00000000000000000E+00
reset_qvel 0.00000000000000000E+00 0.00000000000000000E+00 0.00000000000000000E+00 0.00000000000000000E+00 0.00000000000000000E+00
forward SUCCESS
forward_clamped -1.00000000000000000E+00
qacc 7.37483397144313368E+00 5.72091028187693418E+00 -9.15715519986553517E+00 -4.63475642341773941E+00 -4.67301076564312012E+00
mass 5.59966145538500371E+00 -4.23615487100167698E+00 2.01191602839774175E+00 2.48522728563022932E+00 -1.90570669855443298E-01 -4.23615487100167698E+00 9.25000000000000355E+00 1.01848360022773177E+00 -2.33584688428566523E+00 1.97522591933694081E+00 2.01191602839774175E+00 1.01848360022773177E+00 3.11245889446097079E+00 -8.56734366350414556E-03 6.29526908536425456E-01 2.48522728563022932E+00 -2.33584688428566523E+00 -8.56734366350414556E-03 2.34623708086785099E+00 0.00000000000000000E+00 -1.90570669855443298E-01 1.97522591933694081E+00 6.29526908536425456E-01 0.00000000000000000E+00 2.31999999999999984E+00
gravity -1.18669132896261402E+01 1.38551764203563650E+01 -1.07234083891229073E+01 -5.76847548438892765E+00 -6.67014706587457873E+00
bias -2.35648405644633008E-03 3.68324607322572935E-05 -1.98851729430887889E-03 -1.93236771806964578E-03 -8.39221011351949241E-04
passive 7.76035207910143621E-03 1.93332535206935940E-03 -1.08133038994676235E-02 -1.50044191086475716E-02 0.00000000000000000E+00
actuation -9.04875462479605153E-02 6.45227559956803864E-02 0.00000000000000000E+00 0.00000000000000000E+00 0.00000000000000000E+00
tendon_length
tendon_velocity
tendon_force
length 2.27935778350347139E-02 -7.54130406562094069E-02
velocity 8.92440489096665013E-02 -1.93332535206935940E-02
force 3.93424114121567470E-02 6.45227559956803864E-02
position 0.00000000000000000E+00 0.00000000000000000E+00 0.00000000000000000E+00
quaternion 1.00000000000000000E+00 0.00000000000000000E+00 0.00000000000000000E+00 0.00000000000000000E+00
position 2.72616077948818425E-01 9.96006159813333097E-02 9.09765168189220153E-01
quaternion 9.24231022575616179E-01 1.02411926170861131E-01 -3.09557259301680321E-01 1.98703592067273227E-01
position 5.97358617285907334E-01 9.91319542622405570E-03 1.22040716428612628E+00
quaternion 9.27495541375129795E-01 1.00276491029136036E-01 -2.99634278090460837E-01 1.99789753164037021E-01
position 3.78978943097309839E-01 9.86803481971076507E-02 1.61338389450082076E+00
quaternion 9.27495541375129795E-01 1.00276491029136036E-01 -2.99634278090460837E-01 1.99789753164037048E-01
position -5.22066449533577157E-02 1.47691441872202595E-01 8.07175429237219744E-01
quaternion 7.39748966738946856E-01 -3.06995805915270203E-01 -2.44988958041328864E-01 5.46356524438867064E-01
unchanged_qpos -9.91025123262379015E-03 -7.54130406562094069E-02 -4.87363933845229302E-03 2.14348844409251033E-02 -3.62373108138557484E-02
unchanged_qvel -3.88017603955071802E-02 -1.93332535206935940E-02 3.60443463315587437E-02 -1.28106826188100764E-02 -2.78256180301231781E-02
unchanged_time 1.25000000000000000E-01
step SUCCESS
step_clamped -1.00000000000000000E+00
qpos -5.36968339870435088E-03 -7.14394028192065073E-02 -1.10302589737133142E-02 1.70874492401593241E-02 -4.12577172699760963E-02
qvel 2.47993641373530499E-01 2.04770480310462966E-01 -3.22691320332317733E-01 -1.93278217196640650E-01 -2.13241307929878277E-01
time 1.65000000000000036E-01
reset_qpos 0.00000000000000000E+00 0.00000000000000000E+00 0.00000000000000000E+00 0.00000000000000000E+00 0.00000000000000000E+00
reset_qvel 0.00000000000000000E+00 0.00000000000000000E+00 0.00000000000000000E+00 0.00000000000000000E+00 0.00000000000000000E+00
forward SUCCESS
forward_clamped -1.00000000000000000E+00
qacc 5.32698341731936953E+00 5.36084013154549233E+00 -7.64404150497153889E+00 -2.96402016131017998E+00 -4.80323957447860828E+00
mass 5.42070677213909313E+00 -4.14208877333484882E+00 1.93457832703469479E+00 2.44950673356356186E+00 -1.96222655437034210E-01 -4.14208877333484882E+00 9.25000000000000355E+00 1.17631743490694030E+00 -2.30888801211036476E+00 1.99956699853794562E+00 1.93457832703469479E+00 1.17631743490694030E+00 3.23793712860609828E+00 -2.04044984790254791E-02 6.29526908536424901E-01 2.44950673356356186E+00 -2.30888801211036476E+00 -2.04044984790254791E-02 2.34623708086784966E+00 0.00000000000000000E+00 -1.96222655437034210E-01 1.99956699853794562E+00 6.29526908536424901E-01 0.00000000000000000E+00 2.31999999999999895E+00
gravity -1.43023796170992359E+01 1.56745237906592827E+01 -1.11370631663958566E+01 -6.09833098203240898E+00 -6.23996981206553958E+00
bias -1.31411430197632025E-02 8.24699732288190074E-03 -6.29607989328970306E-03 -6.70656086818793851E-03 -2.15486593844043924E-03
passive 3.38141950144969653E-03 4.85112982634663351E-03 1.49083285242674595E-02 -3.45056567041013493E-02 -0.00000000000000000E+00
actuation -7.89485211317307589E-02 2.53942727848129532E-02 0.00000000000000000E+00 0.00000000000000000E+00 0.00000000000000000E+00
tendon_length
tendon_velocity
tendon_force
length 1.78913982301959096E-01 -3.06237624778236406E-02
velocity 3.88863242666715042E-02 -4.85112982634663334E-02
force 3.43254439703177261E-02 2.53942727848129532E-02
position 0.00000000000000000E+00 0.00000000000000000E+00 0.00000000000000000E+00
quaternion 1.00000000000000000E+00 0.00000000000000000E+00 0.00000000000000000E+00 0.00000000000000000E+00
position 2.14324310488862552E-01 1.09012592562287125E-01 8.98514067982397302E-01
quaternion 9.20482732844409623E-01 1.09951364702450829E-01 -3.28414774247027197E-01 1.81013734262431253E-01
position 5.26438905147174285E-01 -7.68189724549506181E-04 1.21558292429245496E+00
quaternion 9.28296750208933874E-01 1.05456995041525656E-01 -3.05630281483970034E-01 1.83668442548993865E-01
position 3.08441064206770865E-01 8.57192750260049458E-02 1.60927932989751521E+00
quaternion 9.28296750208933874E-01 1.05456995041525656E-01 -3.05630281483970034E-01 1.83668442548993865E-01
position -1.53880852655723238E-01 1.85225163702300299E-01 8.02424003259879948E-01
quaternion 7.49126466872957697E-01 -3.06693120579927203E-01 -2.60590149531979454E-01 5.26157429279760391E-01
unchanged_qpos -7.77886879573735229E-02 -3.06237624778236406E-02 2.28030440532703549E-02 4.92937952915733640E-02 1.63309578437725589E-02
unchanged_qvel -1.69070975072484822E-02 -4.85112982634663334E-02 -4.96944284142248685E-02 1.43300665736642158E-02 1.24355680127932883E-02
unchanged_time 1.25000000000000000E-01
step SUCCESS
step_clamped -1.00000000000000000E+00
qpos -7.40795486143489973E-02 -2.81150217117866856E-02 1.44677105710534475E-02 4.74347374883969664E-02 1.28144464821156046E-02
qvel 1.88939135689835808E-01 1.61598629845006059E-01 -3.49464153858101700E-01 -9.94088840719263983E-02 -1.78040797134307927E-01
time 1.65000000000000036E-01
lifecycle PASS
