create SUCCESS
reset_qpos 0.00000000000000000E+00 0.00000000000000000E+00 0.00000000000000000E+00 0.00000000000000000E+00 0.00000000000000000E+00
reset_qvel 0.00000000000000000E+00 0.00000000000000000E+00 0.00000000000000000E+00 0.00000000000000000E+00 0.00000000000000000E+00
forward SUCCESS
forward_clamped -1.00000000000000000E+00
qacc 3.31132850445317350E+00 3.80558494458400443E+00 -5.65987275114911270E+00 -2.01227581936941657E+00 -4.38352907016373017E+00
mass 5.50053886099127620E+00 -4.43023423324146215E+00 1.97271288255502064E+00 2.43906782577594949E+00 -2.15201303703120739E-01 -4.43023423324146215E+00 9.25000000000000178E+00 7.38115566866111239E-01 -2.39710110188600956E+00 1.90554826449402692E+00 1.97271288255502064E+00 7.38115566866111239E-01 2.97728930220573096E+00 9.37930626306615611E-03 6.29526908536425456E-01 2.43906782577594949E+00 -2.39710110188600956E+00 9.37930626306615611E-03 2.34623708086784966E+00 0.00000000000000000E+00 -2.15201303703120739E-01 1.90554826449402692E+00 6.29526908536425456E-01 0.00000000000000000E+00 2.32000000000000028E+00
gravity -1.35661429525951860E+01 1.28697209408193167E+01 -1.02542494894390845E+01 -5.89116223231742886E+00 -7.21138003883048118E+00
bias -2.72132947717337263E-03 1.70784483011249526E-03 -2.33280132515722299E-03 -1.77556457425065970E-03 -9.21304912760011847E-04
passive 0.00000000000000000E+00 0.00000000000000000E+00 0.00000000000000000E+00 1.61831871596835007E-02 0.00000000000000000E+00
actuation -1.52536633156356266E-01 -3.03534310525269205E-02 0.00000000000000000E+00 0.00000000000000000E+00 0.00000000000000000E+00
tendon_length
tendon_velocity
tendon_force
length -5.59664478367647711E-02 -2.54601982428675211E-02
velocity -4.53480037730895139E-02 4.76411841859893243E-02
force 6.63202752853722932E-02 -3.03534310525269205E-02
position 0.00000000000000000E+00 0.00000000000000000E+00 0.00000000000000000E+00
quaternion 1.00000000000000000E+00 0.00000000000000000E+00 0.00000000000000000E+00 0.00000000000000000E+00
position 2.31470809869915972E-01 7.46665871476729637E-02 8.97995325273849954E-01
quaternion 9.34013574902201271E-01 8.94471404462009873E-02 -2.93806765037983864E-01 1.82470369600991500E-01
position 5.62840909145526203E-01 -2.09263948512534992E-02 1.19974992606499820E+00
quaternion 9.30555014081703380E-01 9.15503690988499208E-02 -3.04583550197767616E-01 1.81424244890778630E-01
position 3.45561904519928964E-01 7.83820188402296197E-02 1.59080960580581587E+00
quaternion 9.30555014081703380E-01 9.15503690988499208E-02 -3.04583550197767616E-01 1.81424244890778630E-01
position -7.39630617991031691E-02 1.26194448241868540E-01 7.97744543507396986E-01
quaternion 7.50712881295521051E-01 -3.10710983432892218E-01 -2.20563074943955717E-01 5.39667290654537446E-01
unchanged_qpos 2.43332381898977296E-02 -2.54601982428675211E-02 -7.60197254274177364E-02 -2.31188387995478611E-02 -5.91816246049695904E-02
unchanged_qvel 1.97165233796041395E-02 4.76411841859893243E-02 -3.04093628202733134E-02 -4.03743783100496342E-02 4.20185617607135575E-04
unchanged_time 1.25000000000000000E-01
step SUCCESS
step_clamped -1.00000000000000000E+00
qpos 6.74633332719516282E-02 4.66482596200528815E-02 -1.73507044757365086E-01 -5.50882932439207135E-02 -1.44664138704722028E-01
qvel 1.88580287501007721E-01 5.56715594532227631E-01 -7.59551822074893579E-01 -1.46605842715428786E-01 -8.29321273155960825E-01
time 3.25000000000000178E-01
reset_qpos 0.00000000000000000E+00 0.00000000000000000E+00 0.00000000000000000E+00 0.00000000000000000E+00 0.00000000000000000E+00
reset_qvel 0.00000000000000000E+00 0.00000000000000000E+00 0.00000000000000000E+00 0.00000000000000000E+00 0.00000000000000000E+00
forward SUCCESS
forward_clamped -1.00000000000000000E+00
qacc -6.03180884548623286E-01 2.77667820828113987E+00 -2.82802364341035828E+00 1.46382832347061020E+00 -4.67023398836262782E+00
mass 5.26445004057035160E+00 -4.31873359939166868E+00 1.84247625443222907E+00 2.36804452001319410E+00 -2.44720593093933347E-01 -4.31873359939166868E+00 9.25000000000000178E+00 9.02485624255360053E-01 -2.38280575297374408E+00 1.92845642632802461E+00 1.84247625443222907E+00 9.02485624255360053E-01 3.19428265750431306E+00 -1.97009434467591005E-02 6.29526908536425345E-01 2.36804452001319410E+00 -2.38280575297374408E+00 -1.97009434467591005E-02 2.34623708086785054E+00 0.00000000000000000E+00 -2.44720593093933347E-01 1.92845642632802461E+00 6.29526908536425345E-01 0.00000000000000000E+00 2.32000000000000028E+00
gravity -1.57967381526277357E+01 1.31554566824297439E+01 -1.07107163470419913E+01 -4.44835013064673568E+00 -7.05267235107226309E+00
bias -5.00225367041116312E-03 3.20962575004005331E-03 -7.54415019463311118E-03 -3.36283747115849420E-03 -1.58260499798517609E-03
passive 0.00000000000000000E+00 0.00000000000000000E+00 0.00000000000000000E+00 -3.33676623578778725E-02 0.00000000000000000E+00
actuation 1.09602725292060180E-01 2.68541266620632990E-02 0.00000000000000000E+00 0.00000000000000000E+00 0.00000000000000000E+00
tendon_length
tendon_velocity
tendon_force
length -3.34910954792210017E-02 7.48654218737686700E-02
velocity -6.11624016820331504E-02 4.72497978205094621E-02
force -4.76533588226348628E-02 2.68541266620632990E-02
position 0.00000000000000000E+00 0.00000000000000000E+00 0.00000000000000000E+00
quaternion 1.00000000000000000E+00 0.00000000000000000E+00 0.00000000000000000E+00 0.00000000000000000E+00
position 1.29972197693374786E-01 7.88234321532895466E-02 8.84685954214451287E-01
quaternion 9.31028249951822540E-01 9.35404197743972682E-02 -2.98498711424587060E-01 1.87976346751226098E-01
position 4.59530651826527303E-01 -1.45108196365923148E-02 1.18911976106281969E+00
quaternion 9.37877579764380909E-01 8.90340402100022188E-02 -2.76225864657529074E-01 1.90152193659161750E-01
position 2.62156919362282192E-01 8.97820210155374637E-02 1.58932797327471587E+00
quaternion 9.37877579764380909E-01 8.90340402100022188E-02 -2.76225864657529074E-01 1.90152193659161750E-01
position -2.05037996875915313E-01 1.36713265814945945E-01 7.92064000541777391E-01
quaternion 7.47122094445688223E-01 -3.09473940646904311E-01 -2.28118595617236158E-01 5.42214314072567261E-01
unchanged_qpos 1.45613458605308721E-02 7.48654218737686700E-02 -5.37388539184773389E-02 4.76680890826826770E-02 -2.60622413968786062E-02
unchanged_qvel 2.65923485574057206E-02 4.72497978205094621E-02 -4.72853289000626648E-02 3.71092480118353635E-02 -3.28713827119605090E-02
unchanged_time 1.25000000000000000E-01
step SUCCESS
step_clamped -1.00000000000000000E+00
qpos 1.50596730161871896E-02 7.90603945113569073E-02 -5.79624735656674717E-02 5.04265172990518221E-02 -3.12960852572971848E-02
qvel -2.08162484126067681E-03 1.56205308584382085E-01 -1.57086752771084970E-01 9.91146324327242950E-02 -2.19370058424188608E-01
time 1.65000000000000036E-01
reset_qpos 0.00000000000000000E+00 0.00000000000000000E+00 0.00000000000000000E+00 0.00000000000000000E+00 0.00000000000000000E+00
reset_qvel 0.00000000000000000E+00 0.00000000000000000E+00 0.00000000000000000E+00 0.00000000000000000E+00 0.00000000000000000E+00
forward SUCCESS
forward_clamped -1.00000000000000000E+00
qacc 6.33507348540306481E+00 4.89596417461329558E+00 -7.70863185674417473E+00 -4.93824382326226274E+00 -4.51386788428854224E+00
mass 5.32619922972754622E+00 -4.18332726483969086E+00 1.79095914615253982E+00 2.44315487529661679E+00 -1.86925605901918090E-01 -4.18332726483969086E+00 9.25000000000000178E+00 1.15094473723930335E+00 -2.26355808521626489E+00 2.01995401002695640E+00 1.79095914615253982E+00 1.15094473723930335E+00 2.98204983570783488E+00 2.42575723005963306E-02 6.29526908536425234E-01 2.44315487529661679E+00 -2.26355808521626489E+00 2.42575723005963306E-02 2.34623708086785010E+00 0.00000000000000000E+00 -1.86925605901918090E-01 2.01995401002695640E+00 6.29526908536425234E-01 0.00000000000000000E+00 2.31999999999999984E+00
gravity -1.19103102680649080E+01 1.20474281298971153E+01 -8.96471253780186572E+00 -7.47492027170072149E+00 -6.60996886259193861E+00
bias 1.30068452905479789E-03 1.02656496558120505E-03 2.49432765268735486E-03 3.42896179971683042E-04 -3.33287950184517150E-04
passive 0.00000000000000000E+00 0.00000000000000000E+00 0.00000000000000000E+00 4.38424924925493939E-02 0.00000000000000000E+00
actuation 5.30015004327161338E-02 -6.50549757301812498E-02 0.00000000000000000E+00 0.00000000000000000E+00 0.00000000000000000E+00
tendon_length
tendon_velocity
tendon_force
length -1.19148946692714724E-01 -5.51070380685799999E-02
velocity 8.23541749811067259E-02 1.07459705323910276E-02
force -2.30441306229200588E-02 -6.50549757301812498E-02
position 0.00000000000000000E+00 0.00000000000000000E+00 0.00000000000000000E+00
quaternion 1.00000000000000000E+00 0.00000000000000000E+00 0.00000000000000000E+00 0.00000000000000000E+00
position 2.62853267052635287E-01 1.18600657877895643E-01 9.18977409568120907E-01
quaternion 9.14620408783243466E-01 1.07219834423208496E-01 -3.00394443736353378E-01 2.48468495217722019E-01
position 5.95438347169884974E-01 6.93898227597241068E-02 1.23037018114507135E+00
quaternion 9.04766328423403321E-01 1.14947047754273141E-01 -3.28884789769510244E-01 2.44989514514552781E-01
position 3.42493844231291422E-01 1.29208699269502042E-01 1.60778345654255350E+00
quaternion 9.04766328423403321E-01 1.14947047754273141E-01 -3.28884789769510244E-01 2.44989514514552781E-01
position -1.48170386923467623E-01 1.46880348195653959E-01 8.42381776698673423E-01
quaternion 7.07970119922221808E-01 -3.02243225034030227E-01 -2.52666191578044874E-01 5.86163064216596918E-01
unchanged_qpos 5.18038898663977093E-02 -5.51070380685799999E-02 4.74973805635737906E-02 -6.26321321322134278E-02 5.19285167874500991E-02
unchanged_qvel -3.58061630352637938E-02 1.07459705323910276E-02 2.38059839310925947E-02 4.54288237973439896E-02 3.88469511833206549E-02
unchanged_time 1.25000000000000000E-01
step SUCCESS
step_clamped -1.00000000000000000E+00
qpos 5.56311214058213058E-02 -5.06005501889840795E-02 4.20280166645688735E-02 -6.49226905478215849E-02 4.97040695764861887E-02
qvel 2.12419046028713199E-01 2.03525948225723452E-01 -2.80049104283066952E-01 -1.48687878500455617E-01 -1.40531440872347813E-01
time 1.65000000000000036E-01
reset_qpos 0.00000000000000000E+00 0.00000000000000000E+00 0.00000000000000000E+00 0.00000000000000000E+00 0.00000000000000000E+00
reset_qvel 0.00000000000000000E+00 0.00000000000000000E+00 0.00000000000000000E+00 0.00000000000000000E+00 0.00000000000000000E+00
forward SUCCESS
forward_clamped -1.00000000000000000E+00
qacc 5.66268418533581031E+00 4.63976909812604354E+00 -7.56207214833573005E+00 -4.47472452080128491E+00 -4.33213658421838765E+00
mass 5.28012765202624390E+00 -4.30689949282818585E+00 1.77804038310472845E+00 2.43907860131371601E+00 -1.98936623842130289E-01 -4.30689949282818585E+00 9.25000000000000355E+00 9.02431613807659572E-01 -2.31740377366449302E+00 1.97781553831805801E+00 1.77804038310472845E+00 9.02431613807659572E-01 2.86350914440507420E+00 2.49848229157121904E-02 6.29526908536425567E-01 2.43907860131371601E+00 -2.31740377366449302E+00 2.49848229157121904E-02 2.34623708086785099E+00 0.00000000000000000E+00 -1.98936623842130289E-01 1.97781553831805801E+00 6.29526908536425567E-01 0.00000000000000000E+00 2.32000000000000028E+00
gravity -1.34054585556854633E+01 1.35243338705297269E+01 -1.01800560127335373E+01 -7.72939555628842356E+00 -6.69560584868638919E+00
bias -1.60471279693221629E-03 6.18164222826494969E-03 1.87216122114648872E-03 -1.65419139873179623E-03 -4.01298704930601270E-04
passive 0.00000000000000000E+00 0.00000000000000000E+00 0.00000000000000000E+00 4.52436048985347186E-02 0.00000000000000000E+00
actuation -1.10989640695818015E-01 4.35644966091416203E-03 0.00000000000000000E+00 0.00000000000000000E+00 0.00000000000000000E+00
tendon_length
tendon_velocity
tendon_force
length -4.04753524214972876E-03 -3.97435717791839449E-02
velocity 3.67988863432131517E-03 2.89811184769541014E-02
force 4.82563655199208796E-02 4.35644966091416203E-03
position 0.00000000000000000E+00 0.00000000000000000E+00 0.00000000000000000E+00
quaternion 1.00000000000000000E+00 0.00000000000000000E+00 0.00000000000000000E+00 0.00000000000000000E+00
position 2.39691758643596514E-01 1.00187727761086712E-01 9.05936236124576633E-01
quaternion 9.23659412985848194E-01 1.02197322128685347E-01 -3.07162922650028425E-01 2.05085189863765893E-01
position 5.66341645892466827E-01 1.61415122300827413E-02 1.21615565011283167E+00
quaternion 9.13252315882620236E-01 1.08770516300058850E-01 -3.36847116335141028E-01 2.01675984032680028E-01
position 3.18633765188898244E-01 9.08331064199588839E-02 1.59439098901537468E+00
quaternion 9.13252315882620236E-01 1.08770516300058850E-01 -3.36847116335141028E-01 2.01675984032680028E-01
position -4.89907705429919738E-02 1.33566041302509486E-01 7.92063207728996299E-01
quaternion 7.35882258395730404E-01 -3.06656750671269629E-01 -2.44476925983904053E-01 5.51969176410783913E-01
unchanged_qpos 1.75979793136944729E-03 -3.97435717791839449E-02 -2.01168898626129244E-03 -6.46337212836210345E-02 -7.63968620038829871E-02
unchanged_qvel -1.59995158013970240E-03 2.89811184769541014E-02 -3.69468318874436805E-02 -1.73098326404839617E-02 -9.60905642096247792E-03
unchanged_time 1.25000000000000000E-01
step SUCCESS
step_clamped -1.00000000000000000E+00
qpos 6.36157049135727300E-03 -3.47410292509745255E-02 -9.76566785243548549E-03 -6.90314862260156675E-02 -8.04002800437527976E-02
qvel 2.17472445542809145E-01 2.10166938301623668E-01 -3.33176579572492360E-01 -1.91858571791645227E-01 -1.81285222427263693E-01
time 1.65000000000000036E-01
reset_qpos 0.00000000000000000E+00 0.00000000000000000E+00 0.00000000000000000E+00 0.00000000000000000E+00 0.00000000000000000E+00
reset_qvel 0.00000000000000000E+00 0.00000000000000000E+00 0.00000000000000000E+00 0.00000000000000000E+00 0.00000000000000000E+00
forward SUCCESS
forward_clamped -1.00000000000000000E+00
qacc 5.63050732789819008E+00 4.82452691024553459E+00 -7.49092402879753649E+00 -3.73031773738368555E+00 -4.51161339655412430E+00
mass 5.65314507825739021E+00 -4.33561623698791898E+00 2.04851096402891830E+00 2.47152615197656855E+00 -1.95871965740684717E-01 -4.33561623698791898E+00 9.25000000000000178E+00 9.22140198243077580E-01 -2.36809773552181024E+00 1.93762410165454524E+00 2.04851096402891830E+00 9.22140198243077580E-01 3.04952559002556134E+00 1.10235698529725368E-02 6.29526908536425234E-01 2.47152615197656855E+00 -2.36809773552181024E+00 1.10235698529725368E-02 2.34623708086785010E+00 0.00000000000000000E+00 -1.95871965740684717E-01 1.93762410165454524E+00 6.29526908536425234E-01 0.00000000000000000E+00 2.31999999999999940E+00
gravity -1.26862965779364014E+01 1.33390384718195083E+01 -9.79843597842100600E+00 -6.42603691359575713E+00 -6.97749850251823567E+00
bias -2.86430677392332522E-03 1.36159846205419622E-03 -2.92174928326578145E-03 -1.75543100457805235E-03 -7.66057651249823276E-04
passive 0.00000000000000000E+00 0.00000000000000000E+00 0.00000000000000000E+00 1.91521493563044272E-02 0.00000000000000000E+00
actuation -1.49198679269312406E-01 -3.42642528471415880E-02 0.00000000000000000E+00 0.00000000000000000E+00 0.00000000000000000E+00
tendon_length
tendon_velocity
tendon_force
length -1.88996005269194099E-02 -7.12805576258155743E-02
velocity -4.50615996630179955E-02 4.83947617882621722E-02
force 6.48689909866575765E-02 -3.42642528471415880E-02
position 0.00000000000000000E+00 0.00000000000000000E+00 0.00000000000000000E+00
quaternion 1.00000000000000000E+00 0.00000000000000000E+00 0.00000000000000000E+00 0.00000000000000000E+00
position 2.72997819158791122E-01 8.67488063873807502E-02 9.06364779441380053E-01
quaternion 9.29795716095439539E-01 9.53496740571579265E-02 -3.00966370454511967E-01 1.89228987851227493E-01
position 6.01384801479917908E-01 -6.61517601166312919E-03 1.21205278482041856E+00
quaternion 9.25591590358111227E-01 9.79293440728171566E-02 -3.13657516524531110E-01 1.87906928439251719E-01
position 3.75256526319157346E-01 8.44021172211869425E-02 1.60010156462185638E+00
quaternion 9.25591590358111227E-01 9.79293440728171566E-02 -3.13657516524531110E-01 1.87906928439251719E-01
position -1.16737702199722543E-01 1.61231828357587037E-01 8.31076864354429068E-01
quaternion 7.46219441807850714E-01 -3.08995063881512821E-01 -2.31494930747518812E-01 5.42299448831584985E-01
unchanged_qpos 8.21721762039974435E-03 -7.12805576258155743E-02 -4.45429367328145157E-02 -2.73602133661491817E-02 3.45776926695469528E-02
unchanged_qvel 1.95919998534860862E-02 4.83947617882621722E-02 2.38852409847064434E-03 3.96660594949433121E-02 -3.75410949847777356E-02
unchanged_time 1.25000000000000000E-01
step SUCCESS
step_clamped -1.00000000000000000E+00
qpos 1.36527665318001926E-02 -6.53357823100912394E-02 -5.06666509428755976E-02 -2.88509130898064285E-02 2.92998240916581103E-02
qvel 2.38439563120342313E-01 2.37779352642581598E-01 -2.91285070971007642E-01 -1.04945135706355941E-01 -2.16856993869907783E-01
time 1.65000000000000036E-01
reset_qpos 0.00000000000000000E+00 0.00000000000000000E+00 0.00000000000000000E+00 0.00000000000000000E+00 0.00000000000000000E+00
reset_qvel 0.00000000000000000E+00 0.00000000000000000E+00 0.00000000000000000E+00 0.00000000000000000E+00 0.00000000000000000E+00
forward SUCCESS
forward_clamped -1.00000000000000000E+00
qacc 3.60329525197112588E-01 2.94948575379665501E+00 -3.56988864629966685E+00 3.36137775396255112E-01 -4.46141584963877680E+00
mass 5.14638204341664274E+00 -4.28632406028368873E+00 1.74011031980023123E+00 2.37312368036716936E+00 -2.32421852099753135E-01 -4.28632406028368873E+00 9.25000000000000178E+00 9.35165177266930048E-01 -2.35604775203724337E+00 1.95611673552696241E+00 1.74011031980023123E+00 9.35165177266930048E-01 3.09766304381544222E+00 -8.77768294621461553E-03 6.29526908536425345E-01 2.37312368036716936E+00 -2.35604775203724337E+00 -8.77768294621461553E-03 2.34623708086784966E+00 0.00000000000000000E+00 -2.32421852099753135E-01 1.95611673552696241E+00 6.29526908536425345E-01 0.00000000000000000E+00 2.31999999999999984E+00
gravity -1.51663284765981956E+01 1.27908472218100790E+01 -1.05481574657064296E+01 -5.16091419338353141E+00 -6.93103867819489672E+00
bias -3.14933751664079600E-04 8.64563704291278017E-04 1.86021276896725140E-04 -4.44398281176630464E-04 -2.36611146342309163E-04
passive 0.00000000000000000E+00 0.00000000000000000E+00 0.00000000000000000E+00 -1.53578133870675791E-02 0.00000000000000000E+00
actuation -9.78130500129865271E-02 3.08318344324007045E-02 0.00000000000000000E+00 0.00000000000000000E+00 0.00000000000000000E+00
tendon_length
tendon_velocity
tendon_force
length -6.21214111312390418E-02 6.49808233585478928E-02
velocity 4.44137739654665298E-02 -1.75022683572240156E-03
force 4.25274130491245794E-02 3.08318344324007045E-02
position 0.00000000000000000E+00 0.00000000000000000E+00 0.00000000000000000E+00
quaternion 1.00000000000000000E+00 0.00000000000000000E+00 0.00000000000000000E+00 0.00000000000000000E+00
position 1.41933086857718938E-01 8.77417098592950251E-02 8.91217996976925830E-01
quaternion 9.26778640679452259E-01 9.71591853051637644E-02 -2.98751811208723295E-01 2.05885403053958915E-01
position 4.73179974477080878E-01 7.58942261523257167E-03 1.19756928274545515E+00
quaternion 9.30000079723253381E-01 9.48948492635967034E-02 -2.88567401545787805E-01 2.06938817197483527E-01
position 2.61042117129358209E-01 1.01497439996688754E-01 1.59276393573484132E+00
quaternion 9.30000079723253381E-01 9.48948492635967034E-02 -2.88567401545787805E-01 2.06938817197483527E-01
position -1.64808469317245104E-01 1.24527407861565825E-01 7.86795759642904602E-01
quaternion 7.35899751284295189E-01 -3.07691959752873723E-01 -2.34849463676409687E-01 5.55538426550361342E-01
unchanged_qpos 2.70093091874952368E-02 6.49808233585478928E-02 -2.54513962520070830E-02 2.19397334100965430E-02 -5.84988228110729092E-02
unchanged_qvel -1.93103365067245798E-02 -1.75022683572240156E-03 -4.62864726400474824E-03 5.71364204739212983E-03 -9.46249508260672834E-03
unchanged_time 1.25000000000000000E-01
step SUCCESS
step_clamped -1.00000000000000000E+00
qpos 2.65068800024009926E-02 6.73696339476692607E-02 -2.86139254633653722E-02 2.24690582480456744E-02 -6.26181090879161517E-02
qvel -7.70698721117536387E-03 1.14664234966736792E-01 -1.45574810745343758E-01 2.08104176775834211E-02 -1.87382431168845509E-01
time 1.65000000000000036E-01
reset_qpos 0.00000000000000000E+00 0.00000000000000000E+00 0.00000000000000000E+00 0.00000000000000000E+00 0.00000000000000000E+00
reset_qvel 0.00000000000000000E+00 0.00000000000000000E+00 0.00000000000000000E+00 0.00000000000000000E+00 0.00000000000000000E+00
forward SUCCESS
forward_clamped -1.00000000000000000E+00
qacc 4.24222267368383665E+00 4.52218275791238433E+00 -6.62585043130731854E+00 -2.51222106885851515E+00 -4.54138687883425973E+00
mass 5.66133472314712005E+00 -4.38408147726221120E+00 2.08956384884495705E+00 2.45647438369976578E+00 -2.06767814467780753E-01 -4.38408147726221120E+00 9.25000000000000178E+00 8.42718204451453734E-01 -2.39724040393886684E+00 1.90832587248880148E+00 2.08956384884495705E+00 8.42718204451453734E-01 3.09120275972966585E+00 2.00475229804997213E-03 6.29526908536425012E-01 2.45647438369976578E+00 -2.39724040393886684E+00 2.00475229804997213E-03 2.34623708086785054E+00 0.00000000000000000E+00 -2.06767814467780753E-01 1.90832587248880148E+00 6.29526908536425012E-01 0.00000000000000000E+00 2.31999999999999895E+00
gravity -1.47693889799515095E+01 1.50229904355988158E+01 -1.06891186428195333E+01 -6.30689331165992240E+00 -6.97922987467242972E+00
bias -1.30645775664141404E-03 6.23426271417881414E-03 1.56951554616114545E-04 -2.79806667559802207E-03 -1.26570908320083192E-03
passive 0.00000000000000000E+00 0.00000000000000000E+00 0.00000000000000000E+00 3.10845348415985214E-03 0.00000000000000000E+00
actuation -1.21461477785637414E-01 -5.63492851866452815E-02 0.00000000000000000E+00 0.00000000000000000E+00 0.00000000000000000E+00
tendon_length
tendon_velocity
tendon_force
length 1.21191002848967083E-01 -4.77800663183064467E-02
velocity -7.67830304208045600E-02 2.90995867979595840E-02
force 5.28093381676684459E-02 -5.63492851866452815E-02
position 0.00000000000000000E+00 0.00000000000000000E+00 0.00000000000000000E+00
quaternion 1.00000000000000000E+00 0.00000000000000000E+00 0.00000000000000000E+00 0.00000000000000000E+00
position 2.36475553871121763E-01 7.59350700378105259E-02 8.92160199020027855E-01
quaternion 9.33716696857632478E-01 9.48956142867935226E-02 -3.11163325798129331E-01 1.49483567915177112E-01
position 5.53511915688879141E-01 -5.05107941612472633E-02 1.19793689648455581E+00
quaternion 9.33023512515626763E-01 9.52272820452480656E-02 -3.13235710616594665E-01 1.49272500621494358E-01
position 3.39357627676835749E-01 5.03528166707197661E-02 1.59031996560960387E+00
quaternion 9.33023512515626763E-01 9.52272820452480656E-02 -3.13235710616594665E-01 1.49272500621494358E-01
position -1.30651855880431766E-01 1.76525734016572233E-01 8.10490614599970627E-01
quaternion 7.69612143105319557E-01 -3.10436842019919501E-01 -2.29839614146843896E-01 5.08428823012982090E-01
unchanged_qpos -5.26917403691161274E-02 -4.77800663183064467E-02 -7.33681458449496338E-02 -4.44064783451407485E-03 1.77597667330790382E-02
unchanged_qvel 3.33839262699150291E-02 2.90995867979595840E-02 7.69507137804435054E-03 3.59241396269134039E-02 2.02400497013654895E-02
unchanged_time 1.25000000000000000E-01
step SUCCESS
step_clamped -1.00000000000000000E+00
qpos -4.78627028407551391E-02 -4.28533881624453550E-02 -7.85601201224385703E-02 -5.06274541745543784E-03 1.47624382815011845E-02
qvel 1.97271970506159383E-01 2.06979185351104433E-01 -2.51916080985679247E-01 -6.03230250777055735E-02 -1.60721388473792803E-01
time 1.65000000000000036E-01
reset_qpos 0.00000000000000000E+00 0.00000000000000000E+00 0.00000000000000000E+00 0.00000000000000000E+00 0.00000000000000000E+00
reset_qvel 0.00000000000000000E+00 0.00000000000000000E+00 0.00000000000000000E+00 0.00000000000000000E+00 0.00000000000000000E+00
forward SUCCESS
forward_clamped -1.00000000000000000E+00
qacc 3.62695803015920470E-01 2.94422811809331186E+00 -3.76739645230563758E+00 -6.51051534594683456E-01 -4.25187076436223244E+00
mass 5.14959916921565153E+00 -4.33443802784258647E+00 1.70341990840385638E+00 2.37309381052535162E+00 -2.34905018946217015E-01 -4.33443802784258647E+00 9.24999999999999822E+00 8.97897820521858625E-01 -2.35579117709268315E+00 1.94847797788933796E+00 1.70341990840385638E+00 8.97897820521858625E-01 2.97844180905689138E+00 1.45535740654154644E-02 6.29526908536424790E-01 2.37309381052535162E+00 -2.35579117709268315E+00 1.45535740654154644E-02 2.34623708086785143E+00 0.00000000000000000E+00 -2.34905018946217015E-01 1.94847797788933796E+00 6.29526908536424790E-01 0.00000000000000000E+00 2.31999999999999851E+00
gravity -1.79743509070592644E+01 1.55158091798625488E+01 -1.07280783337059802E+01 -7.61628109480952276E+00 -6.65864976536186948E+00
bias -5.75692914300156289E-03 -3.83842617148468651E-03 -6.90022069802047593E-03 -2.13468093585042051E-03 -1.03446874317367557E-03
passive 0.00000000000000000E+00 0.00000000000000000E+00 0.00000000000000000E+00 2.55962877052025861E-02 0.00000000000000000E+00
actuation 1.94950878124943522E-01 -1.40590435088131811E-02 0.00000000000000000E+00 0.00000000000000000E+00 0.00000000000000000E+00
tendon_length
tendon_velocity
tendon_force
length 1.64645281599739152E-01 6.45394599311592126E-02
velocity 4.75677258060767036E-02 -1.65285335706912492E-02
force -8.47612513586711025E-02 -1.40590435088131811E-02
position 0.00000000000000000E+00 0.00000000000000000E+00 0.00000000000000000E+00
quaternion 1.00000000000000000E+00 0.00000000000000000E+00 0.00000000000000000E+00 0.00000000000000000E+00
position 1.22221092430914974E-01 9.41455262237996526E-02 8.75620279926727085E-01
quaternion 9.28368205187830475E-01 1.01759122076740094E-01 -3.20230482126849514E-01 1.58839525897375211E-01
position 4.35792536965558863E-01 -2.87873922300712487E-02 1.18636204849489157E+00
quaternion 9.22358578722920375E-01 1.04646026234811951E-01 -3.37149430287376373E-01 1.56952614206947422E-01
position 2.00474027795643328E-01 5.93255750215050115E-02 1.56958692274520839E+00
quaternion 9.22358578722920375E-01 1.04646026234811965E-01 -3.37149430287376373E-01 1.56952614206947422E-01
position -2.17000295857676745E-01 1.77439828624945617E-01 7.78348813716553733E-01
quaternion 7.63388695102850456E-01 -3.08869066082722021E-01 -2.43582894505457087E-01 5.12352392119620692E-01
unchanged_qpos -7.15849050433648576E-02 6.45394599311592126E-02 -3.34294203669308135E-02 -3.65661252931465536E-02 -1.37565267973312061E-02
unchanged_qvel -2.06816199156855257E-02 -1.65285335706912492E-02 4.90666755212545019E-02 -4.13701524947326649E-02 -4.87670836066368130E-02
unchanged_time 1.25000000000000000E-01
step SUCCESS
step_clamped -1.00000000000000000E+00
qpos -7.21225497749592714E-02 6.63371706201060646E-02 -3.46260913387420252E-02 -3.87733949407873812E-02 -1.92695521038720764E-02
qvel -7.72026953680125978E-03 9.99735695457184687E-02 -1.00951438374529162E-01 -6.75182375073057062E-02 -2.18109368880202215E-01
time 1.65000000000000036E-01
reset_qpos 0.00000000000000000E+00 0.00000000000000000E+00 0.00000000000000000E+00 0.00000000000000000E+00 0.00000000000000000E+00
reset_qvel 0.00000000000000000E+00 0.00000000000000000E+00 0.00000000000000000E+00 0.00000000000000000E+00 0.00000000000000000E+00
forward SUCCESS
forward_clamped -1.00000000000000000E+00
qacc -1.96915882675314485E-01 2.86027720585353329E+00 -2.97742381524016908E+00 1.07260629974162613E+00 -4.61270844198104868E+00
mass 5.35190384958612153E+00 -4.30015624281279329E+00 1.90693604456976096E+00 2.38346266975536203E+00 -2.37221748194907267E-01 -4.30015624281279329E+00 9.25000000000000178E+00 9.68141259974104162E-01 -2.37937216941404683E+00 1.93214918641493671E+00 1.90693604456976096E+00 9.68141259974104162E-01 3.21870183907391549E+00 -1.34821709029929182E-02 6.29526908536425234E-01 2.38346266975536203E+00 -2.37937216941404683E+00 -1.34821709029929182E-02 2.34623708086785054E+00 0.00000000000000000E+00 -2.37221748194907267E-01 1.93214918641493671E+00 6.29526908536425234E-01 0.00000000000000000E+00 2.31999999999999984E+00
gravity -1.54737210180129292E+01 1.29991847539074090E+01 -1.01494988254785881E+01 -4.77330966388583811E+00 -7.04896922901015532E+00
bias 3.78743073669271686E-03 -1.19193367565615803E-03 7.42755077041427989E-03 2.44793034989607920E-03 5.70737991941299371E-04
passive 0.00000000000000000E+00 0.00000000000000000E+00 0.00000000000000000E+00 -2.31951922452414937E-02 0.00000000000000000E+00
actuation 1.83334071456888487E-01 1.32425281537762243E-02 0.00000000000000000E+00 0.00000000000000000E+00 0.00000000000000000E+00
tendon_length
tendon_velocity
tendon_force
length -4.58180067276329622E-02 5.53480481783938522E-02
velocity 8.50952155117667280E-02 4.68857235680979756E-02
force -7.97104658508210884E-02 1.32425281537762243E-02
position 0.00000000000000000E+00 0.00000000000000000E+00 0.00000000000000000E+00
quaternion 1.00000000000000000E+00 0.00000000000000000E+00 0.00000000000000000E+00 0.00000000000000000E+00
position 1.50384013851429188E-01 8.03434174745054352E-02 8.88748455380784952E-01
quaternion 9.30449963701654448E-01 9.37727904155618297E-02 -2.97691729415739625E-01 1.91961358254037623E-01
position 4.80821418656686150E-01 -9.72277870815943523E-03 1.19321389153200474E+00
quaternion 9.35254192373153326E-01 9.05796512484937227E-02 -2.82235887802003482E-01 1.93488568305099445E-01
position 2.77643168768973381E-01 9.16399217139758637E-02 1.59126439302107281E+00
quaternion 9.35254192373153326E-01 9.05796512484937227E-02 -2.82235887802003482E-01 1.93488568305099418E-01
position -2.46023332815290319E-01 1.54489689254545953E-01 8.17165596449277110E-01
quaternion 7.44692159962841882E-01 -3.09231777347976411E-01 -2.28576238822012973E-01 5.45492619394681300E-01
unchanged_qpos 1.99208724902752016E-02 5.53480481783938522E-02 -5.00550122042530202E-02 3.31359889217735654E-02 4.11329408460084645E-02
unchanged_qvel -3.69979197877246674E-02 4.68857235680979756E-02 1.45398180974229130E-02 3.91096160338996052E-02 1.41535875423758617E-02
unchanged_time 1.25000000000000000E-01
step SUCCESS
step_clamped -1.00000000000000000E+00
qpos 1.82326672438764305E-02 5.96080976235147456E-02 -5.19469295744641318E-02 3.56314357679420393E-02 3.78280791809729247E-02
qvel -4.83158785024884047E-02 1.59840774870661423E-01 -1.02345434513579067E-01 8.44500327212290430E-02 -1.70056511202205135E-01
time 1.65000000000000036E-01
reset_qpos 0.00000000000000000E+00 0.00000000000000000E+00 0.00000000000000000E+00 0.00000000000000000E+00 0.00000000000000000E+00
reset_qvel 0.00000000000000000E+00 0.00000000000000000E+00 0.00000000000000000E+00 0.00000000000000000E+00 0.00000000000000000E+00
forward SUCCESS
forward_clamped -1.00000000000000000E+00
qacc 4.29469227724468094E+00 4.68206139333217131E+00 -6.62081023984474104E+00 -1.66269932140393406E+00 -4.68932448987698614E+00
mass 5.68208596173459490E+00 -4.34583761852907635E+00 2.14970726121630396E+00 2.44974644315586065E+00 -2.12144121005061692E-01 -4.34583761852907635E+00 9.25000000000000533E+00 8.70457949728000835E-01 -2.39804279269122045E+00 1.90991459949064701E+00 2.14970726121630396E+00 8.70457949728000835E-01 3.23723109452090840E+00 -2.41889354899191278E-02 6.29526908536425012E-01 2.44974644315586065E+00 -2.39804279269122045E+00 -2.41889354899191278E-02 2.34623708086785010E+00 0.00000000000000000E+00 -2.12144121005061692E-01 1.90991459949064701E+00 6.29526908536425012E-01 0.00000000000000000E+00 2.31999999999999895E+00
gravity -1.33963660064673853E+01 1.38628234753783754E+01 -1.09685968187078426E+01 -4.32890100208215323E+00 -7.08445180679979103E+00
bias -3.16917592060203708E-03 6.82177890097093037E-03 1.64838401859532377E-03 -2.77611173205826811E-03 -8.43884718744099325E-04
passive 0.00000000000000000E+00 0.00000000000000000E+00 0.00000000000000000E+00 -4.05838815960463742E-02 0.00000000000000000E+00
actuation 4.69021646108159981E-02 2.55107231074654973E-02 0.00000000000000000E+00 0.00000000000000000E+00 0.00000000000000000E+00
tendon_length
tendon_velocity
tendon_force
length 2.34190207869720592E-02 -3.22773450826574076E-02
velocity 7.03339828265277245E-02 3.69716783201948923E-03
force -2.03922454829634781E-02 2.55107231074654973E-02
position 0.00000000000000000E+00 0.00000000000000000E+00 0.00000000000000000E+00
quaternion 1.00000000000000000E+00 0.00000000000000000E+00 0.00000000000000000E+00 0.00000000000000000E+00
position 2.30552031818876513E-01 7.64112286267686625E-02 8.95153148652123032E-01
quaternion 9.33649929596551686E-01 9.23641674285450853E-02 -3.01981080901926602E-01 1.69038742059001518E-01
position 5.55758494032844830E-01 -3.22585143635667621E-02 1.19917887764999787E+00
quaternion 9.42010417541846223E-01 8.74258707616523828E-02 -2.74792899291408599E-01 1.71644845140262819E-01
position 3.65396520663623992E-01 7.68145435560038253E-02 1.60150385466615330E+00
quaternion 9.42010417541846223E-01 8.74258707616523828E-02 -2.74792899291408599E-01 1.71644845140262847E-01
position -1.15608330020390643E-01 1.52722199684315246E-01 8.07399039652421546E-01
quaternion 7.58504500446622876E-01 -3.10486179627968262E-01 -2.25629494738653374E-01 5.26650345263560915E-01
unchanged_qpos -1.01821829508574185E-02 -3.22773450826574076E-02 -7.18455341778295314E-02 5.79769737086376774E-02 -1.06706962425922869E-02
unchanged_qvel -3.05799925332729261E-02 3.69716783201948923E-03 -2.40879079844795521E-02 1.50525703620787293E-03 5.59635060524643624E-04
unchanged_time 1.25000000000000000E-01
step SUCCESS
step_clamped -1.00000000000000000E+00
qpos -7.86679859082063150E-03 -2.82361306664727363E-02 -7.83136797575717108E-02 5.66844950140002399E-02 -1.45741104146672341E-02
qvel 1.35397769517749511E-01 1.87703295449510366E-01 -2.84069337401331445E-01 -6.11730721544613970E-02 -1.85954482156951706E-01
time 1.65000000000000036E-01
reset_qpos 0.00000000000000000E+00 0.00000000000000000E+00 0.00000000000000000E+00 0.00000000000000000E+00 0.00000000000000000E+00
reset_qvel 0.00000000000000000E+00 0.00000000000000000E+00 0.00000000000000000E+00 0.00000000000000000E+00 0.00000000000000000E+00
forward SUCCESS
forward_clamped -1.00000000000000000E+00
qacc 5.91693642639192241E+00 5.56517863471088248E+00 -7.90522169580065892E+00 -3.29259125139607178E+00 -4.84377954164688340E+00
mass 5.24569214283270213E+00 -4.00484465677373880E+00 1.81146682448244789E+00 2.43055357150270979E+00 -1.84604153402127907E-01 -4.00484465677373880E+00 9.25000000000000355E+00 1.36504149910931627E+00 -2.24581294060139003E+00 2.04479773119024344E+00 1.81146682448244789E+00 1.36504149910931627E+00 3.29674618333289748E+00 -3.01914019054370097E-02 6.29526908536424901E-01 2.43055357150270979E+00 -2.24581294060139003E+00 -3.01914019054370097E-02 2.34623708086784966E+00 0.00000000000000000E+00 -1.84604153402127907E-01 2.04479773119024344E+00 6.29526908536424901E-01 0.00000000000000000E+00 2.31999999999999984E+00
gravity -1.28474800002066125E+01 1.44499378101940632E+01 -1.07843169036835125E+01 -5.48684046450371454E+00 -6.02034918777773331E+00
bias 8.13723713412290404E-03 1.84797076834280734E-03 1.09378222896402769E-02 3.85714998393207409E-03 -4.24347676844365760E-04
passive 0.00000000000000000E+00 0.00000000000000000E+00 0.00000000000000000E+00 -5.00811196889329596E-02 0.00000000000000000E+00
actuation 1.70172094351499659E-01 -3.89325557566360808E-02 0.00000000000000000E+00 0.00000000000000000E+00 0.00000000000000000E+00
tendon_length
tendon_velocity
tendon_force
length 7.21557599040961450E-02 -1.79136733634377154E-02
velocity 1.04181632819285275E-01 4.60091631400196682E-02
force -7.39878671093476825E-02 -3.89325557566360808E-02
position 0.00000000000000000E+00 0.00000000000000000E+00 0.00000000000000000E+00
quaternion 1.00000000000000000E+00 0.00000000000000000E+00 0.00000000000000000E+00 0.00000000000000000E+00
position 2.08803898665817000E-01 1.27656138626906890E-01 9.08822273885341203E-01
quaternion 9.11236520656312443E-01 1.15899423790388270E-01 -3.23932375411400630E-01 2.26457817589858029E-01
position 5.27605184824059492E-01 5.27991516622880325E-02 1.22938766728648385E+00
quaternion 9.22238861534767640E-01 1.07726103064397213E-01 -2.91135127891758105E-01 2.30458035878691597E-01
position 3.07535161032371718E-01 1.29992821881229292E-01 1.62386240907162693E+00
quaternion 9.22238861534767640E-01 1.07726103064397213E-01 -2.91135127891758105E-01 2.30458035878691597E-01
position -1.58507582212488868E-01 1.66750993068423475E-01 8.07940005250956661E-01
quaternion 7.20550212276862112E-01 -3.02794960159625648E-01 -2.71651969197095833E-01 5.61540569612775098E-01
unchanged_qpos -3.13720695235200631E-02 -1.79136733634377154E-02 7.99256148380468739E-02 7.15444566984756586E-02 1.02839360508564515E-02
unchanged_qvel -4.52963620953414289E-02 4.60091631400196682E-02 1.70295393388968097E-02 1.93902371593286660E-03 2.80478250352466235E-02
unchanged_time 1.25000000000000000E-01
step SUCCESS
step_clamped -1.00000000000000000E+00
qpos -2.83032882044336881E-02 -1.14466628188848556E-02 7.40414188784608712E-02 6.89180919181890811E-02 7.35364080228143903E-03
qvel 1.84091545749473756E-01 2.64684379870266107E-01 -2.93066540130353936E-01 -1.24580391947061483E-01 -1.64328367640413586E-01
time 1.65000000000000036E-01
reset_qpos 0.00000000000000000E+00 0.00000000000000000E+00 0.00000000000000000E+00 0.00000000000000000E+00 0.00000000000000000E+00
reset_qvel 0.00000000000000000E+00 0.00000000000000000E+00 0.00000000000000000E+00 0.00000000000000000E+00 0.00000000000000000E+00
forward SUCCESS
forward_clamped -1.00000000000000000E+00
qacc 6.78376786006026489E+00 5.08284352623812019E+00 -8.45832156861503037E+00 -5.25077654946302896E+00 -4.39050854571350602E+00
mass 5.50088979754878959E+00 -4.33779794070746050E+00 1.91251599163553321E+00 2.46356533239367037E+00 -1.93066649567797344E-01 -4.33779794070746050E+00 9.25000000000000355E+00 8.91003722597292436E-01 -2.33787032549752816E+00 1.95825010675157052E+00 1.91251599163553321E+00 8.91003722597292436E-01 2.89558921509722511E+00 2.65461533201855615E-02 6.29526908536425012E-01 2.46356533239367037E+00 -2.33787032549752816E+00 2.65461533201855615E-02 2.34623708086784921E+00 0.00000000000000000E+00 -1.93066649567797344E-01 1.95825010675157052E+00 6.29526908536425012E-01 0.00000000000000000E+00 2.31999999999999940E+00
gravity -1.31181215290182696E+01 1.37910193703218660E+01 -9.89552983767375061E+00 -7.77119254358899703E+00 -6.79351534973417159E+00
bias 6.19856504287363483E-03 3.21088685757474953E-03 7.83091574197459887E-03 1.03387373488679729E-03 2.31770813478272765E-04
passive 0.00000000000000000E+00 0.00000000000000000E+00 0.00000000000000000E+00 4.82685335842137284E-02 0.00000000000000000E+00
actuation 6.35803554479175137E-02 -3.96345417834012698E-02 0.00000000000000000E+00 0.00000000000000000E+00 0.00000000000000000E+00
tendon_length
tendon_velocity
tendon_force
length 1.75553607372075718E-02 -7.35758176437343175E-02
velocity 8.00106831708371630E-02 4.40183408637695034E-02
force -2.76436328034423973E-02 -3.96345417834012698E-02
position 0.00000000000000000E+00 0.00000000000000000E+00 0.00000000000000000E+00
quaternion 1.00000000000000000E+00 0.00000000000000000E+00 0.00000000000000000E+00 0.00000000000000000E+00
position 2.71607763203075669E-01 9.34686033357305102E-02 9.07534461318311947E-01
quaternion 9.26891877229460648E-01 9.95364242730963494E-02 -3.06980016637409980E-01 1.91643464679252418E-01
position 5.97019634497075291E-01 -4.33891119568680095E-04 1.21622433085732018E+00
quaternion 9.15759219604730168E-01 1.06083353870661645E-01 -3.38748187297871539E-01 1.88098483095674340E-01
position 3.51511848024986140E-01 7.94838335797364015E-02 1.59482581535052859E+00
quaternion 9.15759219604730168E-01 1.06083353870661631E-01 -3.38748187297871539E-01 1.88098483095674340E-01
position -6.96084539446962525E-02 1.51308521469664503E-01 8.12439807612363674E-01
quaternion 7.44355168116684784E-01 -3.07961685040680055E-01 -2.39452203062997027E-01 5.41994120533760171E-01
unchanged_qpos -7.63276553791633616E-03 -7.35758176437343175E-02 -2.31990360367890433E-02 -6.89550479774481834E-02 -1.81661044330875057E-02
unchanged_qvel -3.47872535525379015E-02 4.40183408637695034E-02 4.58206511093688651E-02 -5.15663011345025846E-03 2.05137238802608896E-02
unchanged_time 1.25000000000000000E-01
step SUCCESS
step_clamped -1.00000000000000000E+00
qpos -3.40367034014835840E-03 -6.75890787924349062E-02 -2.83961562786769692E-02 -7.35270588394068281E-02 -2.10206495359497036E-02
qvel 2.30109260832329188E-01 2.43661107465855231E-01 -2.86324657447359576E-01 -2.11355673585640891E-01 -1.53955041875644655E-01
time 1.65000000000000036E-01
lifecycle PASS
