create SUCCESS
reset_qpos 0.00000000000000000E+00 0.00000000000000000E+00 0.00000000000000000E+00 0.00000000000000000E+00 0.00000000000000000E+00
reset_qvel 0.00000000000000000E+00 0.00000000000000000E+00 0.00000000000000000E+00 0.00000000000000000E+00 0.00000000000000000E+00
forward SUCCESS
forward_clamped -1.00000000000000000E+00
qacc 6.18598055123553078E-02 -1.88197216189096156E-03 -5.85171193645665499E-02 -8.59862241919937820E-02 5.45785752184559173E-02
mass 5.23559863303966910E+00 -4.11181995650451615E+00 1.79892658246734127E+00 2.41476010239036709E+00 -1.96594784731283778E-01 -4.11181995650451615E+00 9.25000000000000355E+00 1.23100131407273405E+00 -2.28328799661606086E+00 2.01831796413214404E+00 1.79892658246734127E+00 1.23100131407273405E+00 3.19498162171177613E+00 -1.20233342022487699E-02 6.29526908536425678E-01 2.41476010239036709E+00 -2.28328799661606086E+00 -1.20233342022487699E-02 2.34623708086785054E+00 0.00000000000000000E+00 -1.96594784731283778E-01 2.01831796413214404E+00 6.29526908536425678E-01 0.00000000000000000E+00 2.32000000000000073E+00
gravity 0.00000000000000000E+00 0.00000000000000000E+00 0.00000000000000000E+00 0.00000000000000000E+00 0.00000000000000000E+00
bias -6.16682125499636111E-03 7.06284698947882376E-04 -4.34531766419237950E-03 -2.80068637388091856E-03 -1.10914471965024809E-03
passive -2.86213881101135287E-03 -2.09137623389929212E-03 1.46569750532576527E-02 -2.07783349923764682E-02 -0.00000000000000000E+00
actuation -1.85226453670343481E-02 2.20859428706925154E-02 0.00000000000000000E+00 0.00000000000000000E+00 0.00000000000000000E+00
tendon_length
tendon_velocity
tendon_force
length 2.83161624615120462E-02 1.19191805771741433E-03
velocity -3.29145963266305533E-02 2.09137623389929195E-02
force 8.05332407262362993E-03 2.20859428706925154E-02
position 0.00000000000000000E+00 0.00000000000000000E+00 0.00000000000000000E+00
quaternion 1.00000000000000000E+00 0.00000000000000000E+00 0.00000000000000000E+00 0.00000000000000000E+00
position 1.94950295873143997E-01 1.15640646669846553E-01 9.03760643288211041E-01
quaternion 9.16511209633226853E-01 1.10016192512836244E-01 -3.15641167053247962E-01 2.19714118032686451E-01
position 5.18042509044557731E-01 3.90712604720917650E-02 1.21959058310598190E+00
quaternion 9.21094738563485671E-01 1.06743271574337509E-01 -3.02004348168633807E-01 2.21322683544886462E-01
position 2.91926074090262277E-01 1.17115700515415436E-01 1.61046194714008961E+00
quaternion 9.21094738563485671E-01 1.06743271574337509E-01 -3.02004348168633807E-01 2.21322683544886462E-01
position -1.90246691912610483E-01 1.63678659797263037E-01 8.13886651700951091E-01
quaternion 7.25790088542427436E-01 -3.04208134391922957E-01 -2.59659825611107620E-01 5.59698966683850996E-01
unchanged_qpos -1.23113749832661074E-02 1.19191805771741433E-03 4.54576679320516513E-02 2.96833357033949585E-02 2.83365719226529589E-02
unchanged_qvel 1.43106940550567635E-02 2.09137623389929195E-02 -4.88565835108588434E-02 1.75116355888434438E-02 2.99481411519641333E-02
unchanged_time 1.25000000000000000E-01
step SUCCESS
step_clamped -1.00000000000000000E+00
qpos -8.22466020376048761E-03 5.32282959648562506E-03 3.45267678822284638E-02 3.14585374316421126E-02 3.54346040479884827E-02
qvel 2.63068946463994174E-02 2.03352884682094816E-02 -6.02282166894288068E-02 4.75940851296675080E-04 4.09494352073603712E-02
time 3.25000000000000178E-01
reset_qpos 0.00000000000000000E+00 0.00000000000000000E+00 0.00000000000000000E+00 0.00000000000000000E+00 0.00000000000000000E+00
reset_qvel 0.00000000000000000E+00 0.00000000000000000E+00 0.00000000000000000E+00 0.00000000000000000E+00 0.00000000000000000E+00
forward SUCCESS
forward_clamped -1.00000000000000000E+00
qacc -8.26451924593029075E-02 -4.17126891969080843E-02 2.76758972325640978E-02 7.07292796725417089E-02 3.45177639687534524E-02
mass 5.16815766030938661E+00 -4.04089668863774421E+00 1.75703928109077623E+00 2.42635309838624291E+00 -1.87343113448557530E-01 -4.04089668863774421E+00 9.25000000000000355E+00 1.27775779104006859E+00 -2.25514418647662351E+00 2.03873940518410457E+00 1.75703928109077623E+00 1.27775779104006859E+00 3.20740387357098067E+00 -2.51392614032149853E-02 6.29526908536424790E-01 2.42635309838624291E+00 -2.25514418647662351E+00 -2.51392614032149853E-02 2.34623708086785010E+00 0.00000000000000000E+00 -1.87343113448557530E-01 2.03873940518410457E+00 6.29526908536424790E-01 0.00000000000000000E+00 2.31999999999999895E+00
gravity 0.00000000000000000E+00 0.00000000000000000E+00 0.00000000000000000E+00 0.00000000000000000E+00 0.00000000000000000E+00
bias -4.62121315926890697E-03 -8.66583213355477363E-04 -5.24579027837970835E-03 -2.22656344718079715E-03 -6.15342842683379949E-04
passive -6.04207560957327212E-03 -3.20612161668494414E-03 1.77755848670369042E-03 -4.20990265074272299E-02 0.00000000000000000E+00
actuation -3.09134694395436019E-02 -8.72085092786846136E-03 0.00000000000000000E+00 0.00000000000000000E+00 0.00000000000000000E+00
tendon_length
tendon_velocity
tendon_force
length -1.70339975654399151E-01 -1.32254496040247749E-02
velocity -6.94838695100926246E-02 3.20612161668494405E-02
force 1.34406388867580884E-02 -8.72085092786846136E-03
position 0.00000000000000000E+00 0.00000000000000000E+00 0.00000000000000000E+00
quaternion 1.00000000000000000E+00 0.00000000000000000E+00 0.00000000000000000E+00 0.00000000000000000E+00
position 2.24196303722612567E-01 1.23873066671639137E-01 9.18457262313482348E-01
quaternion 9.09637891028196699E-01 1.10002247341664805E-01 -2.97250961512878331E-01 2.68514950543217945E-01
position 5.58438734392773251E-01 9.08201476284876547E-02 1.23020957117811580E+00
quaternion 9.18163859753786449E-01 1.01879291764375157E-01 -2.69767221056572415E-01 2.71700907239988687E-01
position 3.42331874702219430E-01 1.68065984479793706E-01 1.62685917206513131E+00
quaternion 9.18163859753786449E-01 1.01879291764375143E-01 -2.69767221056572415E-01 2.71700907239988687E-01
position -8.50946062804063402E-02 1.19440009070849965E-01 8.10056105017012862E-01
quaternion 6.94506813632748132E-01 -2.99617379551881224E-01 -2.56753957627681217E-01 6.01637030883799495E-01
unchanged_qpos 7.40608589801735467E-02 -1.32254496040247749E-02 7.17466154877098722E-02 6.01414664391817649E-02 -5.64100832547891270E-02
unchanged_qvel 3.02103780478663597E-02 3.20612161668494405E-02 -5.92519495567896820E-03 -4.16364668082836245E-02 -1.30934884802071175E-02
unchanged_time 1.25000000000000000E-01
step SUCCESS
step_clamped -1.00000000000000000E+00
qpos 7.52001063532096170E-02 -1.19778239471098526E-02 7.15325205342518117E-02 5.85354338386378514E-02 -5.69049218408161570E-02
qvel 2.69215753682355147E-02 3.04075990022826675E-02 -4.84111921825921589E-03 -3.88056454947905624E-02 -1.17193828237907825E-02
time 1.65000000000000036E-01
reset_qpos 0.00000000000000000E+00 0.00000000000000000E+00 0.00000000000000000E+00 0.00000000000000000E+00 0.00000000000000000E+00
reset_qvel 0.00000000000000000E+00 0.00000000000000000E+00 0.00000000000000000E+00 0.00000000000000000E+00 0.00000000000000000E+00
forward SUCCESS
forward_clamped -1.00000000000000000E+00
qacc 3.49136229703991940E-01 1.38570528784165342E-01 -2.70373962859628003E-01 -2.82409251359227675E-01 -1.65219696442759842E-03
mass 5.62393684702149077E+00 -4.15316877174792953E+00 2.05309544505511088E+00 2.48261485298479290E+00 -1.90127362973309760E-01 -4.15316877174792953E+00 9.25000000000000711E+00 1.17819362121958782E+00 -2.31818628818697148E+00 1.99190009281814362E+00 2.05309544505511088E+00 1.17819362121958782E+00 3.27405140637485514E+00 -2.05915742095832410E-02 6.29526908536425234E-01 2.48261485298479290E+00 -2.31818628818697148E+00 -2.05915742095832410E-02 2.34623708086785099E+00 0.00000000000000000E+00 -1.90127362973309760E-01 1.99190009281814362E+00 6.29526908536425234E-01 0.00000000000000000E+00 2.31999999999999984E+00
gravity 0.00000000000000000E+00 0.00000000000000000E+00 0.00000000000000000E+00 0.00000000000000000E+00 0.00000000000000000E+00
bias -5.05838608307160320E-03 3.30841028637791738E-03 -2.14607913231534787E-03 -2.67730053548802423E-03 -9.31244688141296892E-04
passive 3.64074393367033603E-03 2.71946015073849801E-03 6.99119780332845258E-03 -3.48078219546182829E-02 -0.00000000000000000E+00
actuation 8.80468986841434348E-02 8.38890772084906061E-02 0.00000000000000000E+00 0.00000000000000000E+00 0.00000000000000000E+00
tendon_length
tendon_velocity
tendon_force
length -1.05586892497498988E-01 -6.70220791585171838E-02
velocity 4.18685552372088585E-02 -2.71946015073849766E-02
force -3.82812602974536703E-02 8.38890772084906061E-02
position 0.00000000000000000E+00 0.00000000000000000E+00 0.00000000000000000E+00
quaternion 1.00000000000000000E+00 0.00000000000000000E+00 0.00000000000000000E+00 0.00000000000000000E+00
position 2.75091468890908297E-01 1.07818039804855464E-01 9.16257429793616462E-01
quaternion 9.20308422379304325E-01 1.02239960493484258E-01 -2.98439600541632266E-01 2.31329209146959452E-01
position 6.08189541596685146E-01 4.66839193528781407E-02 1.22497784258852738E+00
quaternion 9.27443249017192328E-01 9.64574789043707442E-02 -2.75468341785707227E-01 2.33799416786440672E-01
position 3.98374236402106563E-01 1.36059835909833726E-01 1.62245675177203363E+00
quaternion 9.27443249017192328E-01 9.64574789043707581E-02 -2.75468341785707227E-01 2.33799416786440672E-01
position -1.31918859386803922E-01 1.50367752660097664E-01 8.41921883711686969E-01
quaternion 7.19499133540918656E-01 -3.04786251493497196E-01 -2.43872896633107711E-01 5.74414787433425778E-01
unchanged_qpos 4.59073445641299954E-02 -6.70220791585171838E-02 1.38906870990872927E-02 4.97254599351689835E-02 4.83683054526707762E-02
unchanged_qvel -1.82037196683516797E-02 -2.71946015073849766E-02 -2.33039926777615092E-02 8.32484593111117166E-04 1.32216954194306208E-02
unchanged_time 1.25000000000000000E-01
step SUCCESS
step_clamped -1.00000000000000000E+00
qpos 4.54697943896471279E-02 -6.79948075457568191E-02 1.27335395705087933E-02 4.95229711741637518E-02 4.88961347845355068E-02
qvel -4.42234896103024452E-03 -2.17446902587476627E-02 -3.39735307377274434E-02 -1.03652736681359211E-02 1.31804339195698266E-02
time 1.65000000000000036E-01
reset_qpos 0.00000000000000000E+00 0.00000000000000000E+00 0.00000000000000000E+00 0.00000000000000000E+00 0.00000000000000000E+00
reset_qvel 0.00000000000000000E+00 0.00000000000000000E+00 0.00000000000000000E+00 0.00000000000000000E+00 0.00000000000000000E+00
forward SUCCESS
forward_clamped -1.00000000000000000E+00
qacc -3.79222862519615955E-01 -1.19442036120423783E-01 3.08026925366498949E-01 3.26614877500478018E-01 -2.65411216164990194E-02
mass 5.25413002971980880E+00 -4.17527876076163373E+00 1.73220763191350957E+00 2.44342262691066736E+00 -1.84816364444187864E-01 -4.17527876076163373E+00 9.25000000000000178E+00 1.12561965415854948E+00 -2.25298774770546073E+00 2.02732813264474521E+00 1.73220763191350957E+00 1.12561965415854948E+00 2.91732033126596102E+00 2.39212040532038595E-02 6.29526908536425456E-01 2.44342262691066736E+00 -2.25298774770546073E+00 2.39212040532038595E-02 2.34623708086785054E+00 0.00000000000000000E+00 -1.84816364444187864E-01 2.02732813264474521E+00 6.29526908536425456E-01 0.00000000000000000E+00 2.32000000000000028E+00
gravity 0.00000000000000000E+00 0.00000000000000000E+00 0.00000000000000000E+00 0.00000000000000000E+00 0.00000000000000000E+00
bias -2.27934245474415440E-03 1.17749595974792499E-03 -1.98601469541897797E-03 -1.36277486764721360E-03 -3.89160952268558760E-04
passive -3.24387344659616021E-03 -2.75511968571473531E-03 -3.52041435354752451E-03 4.31961165201475775E-02 0.00000000000000000E+00
actuation -6.81049929500793377E-02 -5.45140643075669867E-02 0.00000000000000000E+00 0.00000000000000000E+00 0.00000000000000000E+00
tendon_length
tendon_velocity
tendon_force
length -1.04800883974441469E-01 -5.75966910711733782E-02
velocity -3.73045446358558352E-02 2.75511968571473531E-02
force 2.96108665000344995E-02 -5.45140643075669867E-02
position 0.00000000000000000E+00 0.00000000000000000E+00 0.00000000000000000E+00
quaternion 1.00000000000000000E+00 0.00000000000000000E+00 0.00000000000000000E+00 0.00000000000000000E+00
position 2.63598676343547389E-01 1.21688745095989106E-01 9.19767682728677149E-01
quaternion 9.13240000716627365E-01 1.08983445300107520E-01 -3.02839873025702144E-01 2.49806567262331303E-01
position 5.94893440411125352E-01 7.24681974430664982E-02 1.23253135867291830E+00
quaternion 9.03462885890974565E-01 1.16637974842929898E-01 -3.30868707224905856E-01 2.46325587833280513E-01
position 3.40250864630954941E-01 1.30043138457817120E-01 1.60915090777676939E+00
quaternion 9.03462885890974565E-01 1.16637974842929898E-01 -3.30868707224905856E-01 2.46325587833280513E-01
position -8.59493315617634451E-02 1.37623147717184452E-01 8.22547345171501076E-01
quaternion 7.06889335216985715E-01 -3.01766770686613284E-01 -2.56040202501670811E-01 5.86248836731267486E-01
unchanged_qpos 4.55656017280180320E-02 -5.75966910711733782E-02 5.68286443321860263E-02 -6.17087378859251107E-02 -1.30667086435577173E-02
unchanged_qvel 1.62193672329807997E-02 2.75511968571473531E-02 1.17347145118250826E-02 -1.90627083523812434E-02 3.06296542274290123E-02
unchanged_time 1.25000000000000000E-01
step SUCCESS
step_clamped -1.00000000000000000E+00
qpos 4.58986609658032715E-02 -5.65936894893184494E-02 5.75539764484348099E-02 -6.21986500725308505E-02 -1.18639693679948206E-02
qvel 1.24514749204395251E-03 2.28618925920449217E-02 2.38627964580033977E-02 -6.11919258981961749E-03 2.95578031145698299E-02
time 1.65000000000000036E-01
reset_qpos 0.00000000000000000E+00 0.00000000000000000E+00 0.00000000000000000E+00 0.00000000000000000E+00 0.00000000000000000E+00
reset_qvel 0.00000000000000000E+00 0.00000000000000000E+00 0.00000000000000000E+00 0.00000000000000000E+00 0.00000000000000000E+00
forward SUCCESS
forward_clamped -1.00000000000000000E+00
qacc 1.61625939216232167E-01 7.79946885771681531E-02 -9.30889244810665650E-02 -9.75184418556274274E-02 -3.99095215364576525E-03
mass 4.96229845424921923E+00 -4.24523430901004417E+00 1.55472200752963974E+00 2.36708302714542640E+00 -2.11166429556339963E-01 -4.24523430901004417E+00 9.25000000000000178E+00 1.00099255630080886E+00 -2.28743598852175944E+00 2.00221400503223590E+00 1.55472200752963974E+00 1.00099255630080886E+00 2.87714053816732518E+00 2.48601390322612525E-02 6.29526908536425345E-01 2.36708302714542640E+00 -2.28743598852175944E+00 2.48601390322612525E-02 2.34623708086785010E+00 0.00000000000000000E+00 -2.11166429556339963E-01 2.00221400503223590E+00 6.29526908536425345E-01 0.00000000000000000E+00 2.32000000000000028E+00
gravity 0.00000000000000000E+00 0.00000000000000000E+00 0.00000000000000000E+00 0.00000000000000000E+00 0.00000000000000000E+00
bias -4.45136201309427344E-03 3.18196080037239483E-03 -1.41892498155269439E-04 -1.89860379106367334E-03 -5.42338380727533983E-04
passive -9.65901312288622391E-04 3.69514211563826090E-03 -1.18787064389547191E-02 4.50030385523016788E-02 0.00000000000000000E+00
actuation 2.92942955217449751E-02 7.34907786898928161E-02 0.00000000000000000E+00 0.00000000000000000E+00 0.00000000000000000E+00
tendon_length
tendon_velocity
tendon_force
length -3.28863379157906741E-02 4.83031132412352765E-02
velocity -1.11078650913191551E-02 -3.69514211563826064E-02
force -1.27366502268456416E-02 7.34907786898928161E-02
position 0.00000000000000000E+00 0.00000000000000000E+00 0.00000000000000000E+00
quaternion 1.00000000000000000E+00 0.00000000000000000E+00 0.00000000000000000E+00 0.00000000000000000E+00
position 1.54277983143314562E-01 1.06719008338364091E-01 8.97735162433910050E-01
quaternion 9.19125515932772696E-01 1.05767135377974802E-01 -3.07218561225804043E-01 2.22796666657286840E-01
position 4.82207824575886623E-01 3.57444953553022471E-02 1.20986436261361985E+00
quaternion 9.08776840879356840E-01 1.12873067008003369E-01 -3.36600077067244485E-01 2.19282266368869522E-01
position 2.30107634207548650E-01 1.02562105550898147E-01 1.58666789362679550E+00
quaternion 9.08776840879356840E-01 1.12873067008003369E-01 -3.36600077067244485E-01 2.19282266368869549E-01
position -1.53462952800985430E-01 1.33486990329822031E-01 7.88134690189923659E-01
quaternion 7.24481221122991514E-01 -3.04729748634212705E-01 -2.51005930828798463E-01 5.65033417796007131E-01
unchanged_qpos 1.42984077894742073E-02 4.83031132412352765E-02 2.59249815991162424E-02 -6.42900550747166899E-02 -5.64063552160613269E-02
unchanged_qvel 4.82950656144311152E-03 -3.69514211563826064E-02 3.95956881298490659E-02 -2.20663619198181726E-04 -3.00775583565586896E-02
unchanged_time 1.25000000000000000E-01
step SUCCESS
step_clamped -1.00000000000000000E+00
qpos 1.46265055417181423E-02 4.68900996999187664E-02 2.74312558058784246E-02 -6.43804636005851361E-02 -5.76126879538893868E-02
qvel 1.12363768084935527E-02 -3.38642623719252328E-02 3.59159586131327438E-02 -4.09880322891575510E-03 -3.02286211035729217E-02
time 1.65000000000000036E-01
reset_qpos 0.00000000000000000E+00 0.00000000000000000E+00 0.00000000000000000E+00 0.00000000000000000E+00 0.00000000000000000E+00
reset_qvel 0.00000000000000000E+00 0.00000000000000000E+00 0.00000000000000000E+00 0.00000000000000000E+00 0.00000000000000000E+00
forward SUCCESS
forward_clamped -1.00000000000000000E+00
qacc 1.48222211991055092E-01 5.29920483193005096E-02 -8.85779393709880403E-02 -1.26077123742752817E-01 2.71995594757338671E-02
mass 5.18971825069427961E+00 -4.09739585714685006E+00 1.78046556852766980E+00 2.41095280718789384E+00 -1.97236926605052071E-01 -4.09739585714685006E+00 9.25000000000000178E+00 1.22187369344865160E+00 -2.28304677847408088E+00 2.01938607570374717E+00 1.78046556852766980E+00 1.22187369344865160E+00 3.20999019598535851E+00 -2.08272991763284177E-02 6.29526908536425456E-01 2.41095280718789384E+00 -2.28304677847408088E+00 -2.08272991763284177E-02 2.34623708086785054E+00 0.00000000000000000E+00 -1.97236926605052071E-01 2.01938607570374717E+00 6.29526908536425456E-01 0.00000000000000000E+00 2.32000000000000028E+00
gravity 0.00000000000000000E+00 0.00000000000000000E+00 0.00000000000000000E+00 0.00000000000000000E+00 0.00000000000000000E+00
bias 1.11896658202594382E-03 2.69799423386885267E-03 1.60887965537200397E-03 -1.93094070253156409E-03 -1.29365792037175746E-03
passive -9.86122011115665199E-03 -1.13183831396544221E-03 2.48308889651464556E-03 -3.51883105457255624E-02 0.00000000000000000E+00
actuation 1.50302513327352394E-01 4.15157210769511870E-02 0.00000000000000000E+00 0.00000000000000000E+00 0.00000000000000000E+00
tendon_length
tendon_velocity
tendon_force
length -1.22918521309159617E-01 7.39440297554183612E-03
velocity -1.13404031278301481E-01 1.13183831396544213E-02
force -6.53489188379793029E-02 4.15157210769511870E-02
position 0.00000000000000000E+00 0.00000000000000000E+00 0.00000000000000000E+00
quaternion 1.00000000000000000E+00 0.00000000000000000E+00 0.00000000000000000E+00 0.00000000000000000E+00
position 2.01411585445361890E-01 1.14112463166164399E-01 9.10746586145498194E-01
quaternion 9.14687622942314316E-01 1.07027499804531939E-01 -2.99925032305269457E-01 2.48870732948678813E-01
position 5.34253593751207290E-01 6.53922179817157112E-02 1.22194191904125171E+00
quaternion 9.21936388465665946E-01 1.00739109907697896E-01 -2.76842497081034922E-01 2.51481926125569633E-01
position 3.18463240859209296E-01 1.46831152955873012E-01 1.61792452404937825E+00
quaternion 9.21936388465665946E-01 1.00739109907697896E-01 -2.76842497081034922E-01 2.51481926125569633E-01
position -1.45561415729524884E-01 1.30059817946820422E-01 8.14394824034073705E-01
quaternion 7.07731966739856500E-01 -3.02243865993957694E-01 -2.52269619842307058E-01 5.86620957372117058E-01
unchanged_qpos 5.34428353518085347E-02 7.39440297554183612E-03 4.67880949459864443E-02 5.02690150653222340E-02 -1.63117569977025145E-02
unchanged_qvel 4.93061005557832582E-02 1.13183831396544213E-02 -8.27696298838215272E-03 6.66661711788071876E-04 4.66603803729219030E-02
unchanged_time 1.25000000000000000E-01
step SUCCESS
step_clamped -1.00000000000000000E+00
qpos 5.55385442969460394E-02 7.89117599572217686E-03 4.63834669532046315E-02 5.01904462971030016E-02 -1.44223617320134688E-02
qvel 5.51630214432146937E-02 1.34051833067252921E-02 -1.17610135262301591E-02 -4.32994152866590393E-03 4.77576685408264701E-02
time 1.65000000000000036E-01
reset_qpos 0.00000000000000000E+00 0.00000000000000000E+00 0.00000000000000000E+00 0.00000000000000000E+00 0.00000000000000000E+00
reset_qvel 0.00000000000000000E+00 0.00000000000000000E+00 0.00000000000000000E+00 0.00000000000000000E+00 0.00000000000000000E+00
forward SUCCESS
forward_clamped -1.00000000000000000E+00
qacc -3.60951751194960146E-01 -1.55762421360446851E-01 3.14491136740310318E-01 2.08458526944321015E-01 2.35748093068185050E-03
mass 5.63996870089723323E+00 -4.35595537728734872E+00 2.09814073896931985E+00 2.44464382560612403E+00 -2.13251849380455050E-01 -4.35595537728734872E+00 9.25000000000000355E+00 9.06102092258913583E-01 -2.39651047811208695E+00 1.91043125744995557E+00 2.09814073896931985E+00 9.06102092258913583E-01 3.17164196911982987E+00 -2.22848620539822795E-03 6.29526908536425234E-01 2.44464382560612403E+00 -2.39651047811208695E+00 -2.22848620539822795E-03 2.34623708086785054E+00 0.00000000000000000E+00 -2.13251849380455050E-01 1.91043125744995557E+00 6.29526908536425234E-01 0.00000000000000000E+00 2.32000000000000028E+00
gravity 0.00000000000000000E+00 0.00000000000000000E+00 0.00000000000000000E+00 0.00000000000000000E+00 0.00000000000000000E+00
bias -5.44021845764260277E-03 5.85947237418742856E-03 -2.35205131242567818E-03 -3.41178437096820424E-03 -1.57783669635809336E-03
passive 4.25795784088615816E-03 3.96257435363282437E-03 7.85541487970054832E-03 -4.22902888703248492E-03 0.00000000000000000E+00
actuation -1.10224238237322927E-01 -1.17161965429664477E-02 0.00000000000000000E+00 0.00000000000000000E+00 0.00000000000000000E+00
tendon_length
tendon_velocity
tendon_force
length 2.50176033681220114E-02 -2.89825822944957817E-02
velocity 4.89665151701908080E-02 -3.96257435363282437E-02
force 4.79235818423143223E-02 -1.17161965429664477E-02
position 0.00000000000000000E+00 0.00000000000000000E+00 0.00000000000000000E+00
quaternion 1.00000000000000000E+00 0.00000000000000000E+00 0.00000000000000000E+00 0.00000000000000000E+00
position 2.27144814907047687E-01 7.65438612821751907E-02 8.94617865342817731E-01
quaternion 9.33585381358624344E-01 9.24843847752964965E-02 -3.02193270958099225E-01 1.68950292316562223E-01
position 5.52224316956618666E-01 -3.22715643881328063E-02 1.19872725435176086E+00
quaternion 9.34493966331205295E-01 9.19736095515572283E-02 -2.99371782553826571E-01 1.69228891880714688E-01
position 3.42943641849220215E-01 6.97223149541807696E-02 1.59344088168592979E+00
quaternion 9.34493966331205295E-01 9.19736095515572283E-02 -2.99371782553826571E-01 1.69228891880714660E-01
position -1.85940962705790525E-01 1.77032708249636683E-01 8.30280074430070236E-01
quaternion 7.58546881586236954E-01 -3.10461043083350985E-01 -2.25851072019086163E-01 5.26509128535510351E-01
unchanged_qpos -1.08772188557052230E-02 -2.89825822944957817E-02 -7.13494318927340720E-02 6.04146983861783560E-03 6.42889872052469363E-02
unchanged_qvel -2.12897892044307882E-02 -3.96257435363282437E-02 -2.61847162656684979E-02 1.38864323721317462E-03 -1.34619093269085985E-02
unchanged_time 1.25000000000000000E-01
step SUCCESS
step_clamped -1.00000000000000000E+00
qpos -1.20292872896960619E-02 -3.06970487655104235E-02 -7.21347878087025551E-02 6.27083766868420048E-03 6.37522248802665364E-02
qvel -3.55412104152273700E-02 -4.57593000817629325E-02 -1.37506349974026720E-02 9.64029704309132818E-03 -1.33863483241571449E-02
time 1.65000000000000036E-01
reset_qpos 0.00000000000000000E+00 0.00000000000000000E+00 0.00000000000000000E+00 0.00000000000000000E+00 0.00000000000000000E+00
reset_qvel 0.00000000000000000E+00 0.00000000000000000E+00 0.00000000000000000E+00 0.00000000000000000E+00 0.00000000000000000E+00
forward SUCCESS
forward_clamped -1.00000000000000000E+00
qacc -9.23840385989029532E-03 3.14979179068979251E-02 -2.61938087870160832E-02 2.99782928349542344E-02 -4.65074202706075857E-02
mass 5.37173864085785358E+00 -4.05838108769434758E+00 1.90116476423721203E+00 2.45679030063549764E+00 -1.88400425005951777E-01 -4.05838108769434758E+00 9.25000000000000355E+00 1.26362492634656531E+00 -2.27612515284571160E+00 2.02448099556397532E+00 1.90116476423721203E+00 1.26362492634656531E+00 3.28368851047310040E+00 -3.34119333059262336E-02 6.29526908536425123E-01 2.45679030063549764E+00 -2.27612515284571160E+00 -3.34119333059262336E-02 2.34623708086785054E+00 0.00000000000000000E+00 -1.88400425005951777E-01 2.02448099556397532E+00 6.29526908536425123E-01 0.00000000000000000E+00 2.32000000000000073E+00
gravity 0.00000000000000000E+00 0.00000000000000000E+00 0.00000000000000000E+00 0.00000000000000000E+00 0.00000000000000000E+00
bias -3.69372253611065151E-03 2.39558057366541077E-03 -2.40928879845895508E-03 -2.59487183082438445E-03 -7.91831374334868660E-04
passive -7.02707092530416039E-03 -2.98068751149570569E-03 1.97232509946640997E-03 -5.51075181578234569E-02 0.00000000000000000E+00
actuation -2.15694319467945511E-01 4.55790662765208771E-02 0.00000000000000000E+00 0.00000000000000000E+00 0.00000000000000000E+00
tendon_length
tendon_velocity
tendon_force
length 1.42783229091738406E-01 -3.84570413611681344E-02
velocity -8.08113156409978328E-02 2.98068751149570543E-02
force 9.37801388991067464E-02 4.55790662765208771E-02
position 0.00000000000000000E+00 0.00000000000000000E+00 0.00000000000000000E+00
quaternion 1.00000000000000000E+00 0.00000000000000000E+00 0.00000000000000000E+00 0.00000000000000000E+00
position 2.24375610370426914E-01 1.18662526087247436E-01 9.05529441265273793E-01
quaternion 9.15871219108779999E-01 1.13443116654785986E-01 -3.28295285710963225E-01 2.01327530834216423E-01
position 5.38812931339614609E-01 2.37423398500802435E-02 1.22509059257503727E+00
quaternion 9.28080972538741444E-01 1.05432531942065227E-01 -2.91999303121411813E-01 2.05635834903450498E-01
position 3.25195188424150294E-01 1.08077231836850182E-01 1.62164460643100927E+00
quaternion 9.28080972538741444E-01 1.05432531942065227E-01 -2.91999303121411813E-01 2.05635834903450498E-01
position -1.04889681649211933E-01 1.68197537494083976E-01 7.94900831260600627E-01
quaternion 7.36376752092172127E-01 -3.05040185304966738E-01 -2.67566662462553395E-01 5.41394353005224316E-01
unchanged_qpos -6.20796648224949676E-02 -3.84570413611681344E-02 5.31985707346904341E-02 7.87250259397477975E-02 -2.78797777901780286E-02
unchanged_qvel 3.51353546265208011E-02 2.98068751149570543E-02 -6.57441699822136627E-03 1.20214720104182202E-02 -1.30389424205347507E-02
unchanged_time 1.25000000000000000E-01
step SUCCESS
step_clamped -1.00000000000000000E+00
qpos -6.06821596806858127E-02 -3.72384371110059328E-02 5.29137649123135115E-02 7.92310599352262224E-02 -2.84403486528975978E-02
qvel 3.47555028268033556E-02 3.10577250400145555E-02 -7.61009994939599449E-03 1.32199205586520339E-02 -1.48954611059562026E-02
time 1.65000000000000036E-01
reset_qpos 0.00000000000000000E+00 0.00000000000000000E+00 0.00000000000000000E+00 0.00000000000000000E+00 0.00000000000000000E+00
reset_qvel 0.00000000000000000E+00 0.00000000000000000E+00 0.00000000000000000E+00 0.00000000000000000E+00 0.00000000000000000E+00
forward SUCCESS
forward_clamped -1.00000000000000000E+00
qacc -2.24464615176656085E-01 -1.07434233122747497E-01 1.65454178393949797E-01 1.50967330674183331E-01 4.41535121346633697E-02
mass 4.98257044371424751E+00 -4.15740421403054849E+00 1.55665377936479432E+00 2.36221677219088821E+00 -1.93748686998985842E-01 -4.15740421403054849E+00 9.25000000000000355E+00 1.17505149858948021E+00 -2.23405775876550816E+00 2.03689664690300898E+00 1.55665377936479432E+00 1.17505149858948021E+00 2.92636741848026016E+00 2.86941313839502721E-02 6.29526908536425012E-01 2.36221677219088821E+00 -2.23405775876550816E+00 2.86941313839502721E-02 2.34623708086785010E+00 0.00000000000000000E+00 -1.93748686998985842E-01 2.03689664690300898E+00 6.29526908536425012E-01 0.00000000000000000E+00 2.31999999999999940E+00
gravity 0.00000000000000000E+00 0.00000000000000000E+00 0.00000000000000000E+00 0.00000000000000000E+00 0.00000000000000000E+00
bias -2.37156010661664172E-03 7.37395426467624994E-03 3.38493108564601880E-03 -1.78419749359266301E-03 -9.67097836595589449E-04
passive 1.36154842938903276E-03 -4.98747061295993967E-03 1.21200901664403823E-02 5.24686175967983975E-02 -0.00000000000000000E+00
actuation 2.89277497339481895E-02 -6.49309029948262062E-02 0.00000000000000000E+00 0.00000000000000000E+00 0.00000000000000000E+00
tendon_length
tendon_velocity
tendon_force
length -7.22985252779155541E-02 3.26219539495144761E-02
velocity 1.56578069379738720E-02 4.98747061295993915E-02
force -1.25772824930209526E-02 -6.49309029948262062E-02
position 0.00000000000000000E+00 0.00000000000000000E+00 0.00000000000000000E+00
quaternion 1.00000000000000000E+00 0.00000000000000000E+00 0.00000000000000000E+00 0.00000000000000000E+00
position 1.70999178630856397E-01 1.20952392883055204E-01 9.07207651461965581E-01
quaternion 9.11551104007300439E-01 1.11571272180198106E-01 -3.07539811418447162E-01 2.49089743666554730E-01
position 4.99736886354635201E-01 6.92846849925015662E-02 1.22226632454025408E+00
quaternion 8.99387859422526748E-01 1.20826023162029728E-01 -3.41478592517287072E-01 2.44734389293017884E-01
position 2.37846986828948004E-01 1.21464662454615901E-01 1.59467863700921475E+00
quaternion 8.99387859422526748E-01 1.20826023162029728E-01 -3.41478592517287072E-01 2.44734389293017884E-01
position -2.16881057566586183E-01 1.44646106119306977E-01 8.18991865854397982E-01
quaternion 7.06999369106683706E-01 -3.01359239372106902E-01 -2.61240179123905181E-01 5.84027456323010785E-01
unchanged_qpos 3.14341414251806811E-02 3.26219539495144761E-02 6.92957460607567105E-02 -7.49551679954262862E-02 2.83840602610422738E-02
unchanged_qvel -6.80774214694516294E-03 4.98747061295993915E-02 -4.04003005548012745E-02 -2.69973409108458587E-02 9.74261983141348764E-03
unchanged_time 1.25000000000000000E-01
step SUCCESS
step_clamped -1.00000000000000000E+00
qpos 3.09751494157354361E-02 3.45277274721783461E-02 6.78170447774488205E-02 -7.59091884801354755E-02 2.88105118428733480E-02
qvel -1.56571434313561055E-02 4.56489158903397862E-02 -3.38977364579457346E-02 -2.10233759658615439E-02 1.14848034387122402E-02
time 1.65000000000000036E-01
reset_qpos 0.00000000000000000E+00 0.00000000000000000E+00 0.00000000000000000E+00 0.00000000000000000E+00 0.00000000000000000E+00
reset_qvel 0.00000000000000000E+00 0.00000000000000000E+00 0.00000000000000000E+00 0.00000000000000000E+00 0.00000000000000000E+00
forward SUCCESS
forward_clamped -1.00000000000000000E+00
qacc 3.04697221119283532E-02 3.59889426068491780E-02 -4.47685853273247433E-02 8.82241771386369292E-03 -2.87320886841375828E-02
mass 5.24700596472856962E+00 -4.13911400691813558E+00 1.83028506159566073E+00 2.39122966818585603E+00 -2.09677962991739575E-01 -4.13911400691813558E+00 9.25000000000000178E+00 1.20125975215430159E+00 -2.30984010231047598E+00 1.99873175811212023E+00 1.83028506159566073E+00 1.20125975215430159E+00 3.26982209171920823E+00 -1.92826316651406038E-02 6.29526908536425456E-01 2.39122966818585603E+00 -2.30984010231047598E+00 -1.92826316651406038E-02 2.34623708086785010E+00 0.00000000000000000E+00 -2.09677962991739575E-01 1.99873175811212023E+00 6.29526908536425456E-01 0.00000000000000000E+00 2.32000000000000028E+00
gravity 0.00000000000000000E+00 0.00000000000000000E+00 0.00000000000000000E+00 0.00000000000000000E+00 0.00000000000000000E+00
bias 3.90757512585333117E-03 5.91832403587300767E-04 7.38225525156801631E-03 2.50994790650719331E-03 4.65258647841923414E-05
passive -7.01378788817052807E-03 4.31137207735779980E-03 3.51827165359183246E-03 -3.26898346570791976E-02 0.00000000000000000E+00
actuation 5.21657144183079301E-03 -1.02757121134597930E-02 0.00000000000000000E+00 0.00000000000000000E+00 0.00000000000000000E+00
tendon_length
tendon_velocity
tendon_force
length 1.34748197159767102E-01 3.42117917673744609E-02
velocity -8.06585607139610611E-02 -4.31137207735779945E-02
force -2.26807453992643182E-03 -1.02757121134597930E-02
position 0.00000000000000000E+00 0.00000000000000000E+00 0.00000000000000000E+00
quaternion 1.00000000000000000E+00 0.00000000000000000E+00 0.00000000000000000E+00 0.00000000000000000E+00
position 1.54208346939831514E-01 1.10398627338836416E-01 8.89687250545160735E-01
quaternion 9.20609104726864524E-01 1.08859952465315518E-01 -3.23868093190047779E-01 1.89044558918506939E-01
position 4.69907293528174064E-01 8.16926982869568830E-03 1.20573049693095946E+00
quaternion 9.27919744833652360E-01 1.04416510644217558E-01 -3.02285647427074811E-01 1.91534662169356690E-01
position 2.52179950900955130E-01 9.45363154730892441E-02 1.59960298606817863E+00
quaternion 9.27919744833652360E-01 1.04416510644217572E-01 -3.02285647427074811E-01 1.91534662169356690E-01
position -2.48706740278022503E-01 1.89883604562853830E-01 8.05294193351275722E-01
quaternion 7.44588398867527368E-01 -3.06422608056894363E-01 -2.58168958334209775E-01 5.33893332507657470E-01
unchanged_qpos -5.85861726781596176E-02 3.42117917673744609E-02 2.18228282741046997E-02 4.66997637958274231E-02 5.21637128263192223E-02
unchanged_qvel 3.50689394408526395E-02 -4.31137207735779945E-02 -1.17275721786394421E-02 4.35059583682839701E-04 -3.21890738310346702E-02
unchanged_time 1.25000000000000000E-01
step SUCCESS
step_clamped -1.00000000000000000E+00
qpos -5.71581760479598078E-02 3.25172590062417777E-02 2.13164142115391288E-02 4.67247232548039237E-02 5.08520914166723931E-02
qvel 3.62631612105449794E-02 -4.16891198043134112E-02 -1.34980356819410542E-02 7.97927945702078963E-04 -3.33329343244004248E-02
time 1.65000000000000036E-01
reset_qpos 0.00000000000000000E+00 0.00000000000000000E+00 0.00000000000000000E+00 0.00000000000000000E+00 0.00000000000000000E+00
reset_qvel 0.00000000000000000E+00 0.00000000000000000E+00 0.00000000000000000E+00 0.00000000000000000E+00 0.00000000000000000E+00
forward SUCCESS
forward_clamped -1.00000000000000000E+00
qacc -4.34056441033214401E-03 5.17571992452007471E-03 -2.11296135585848713E-02 3.57165331016860502E-02 2.47702289585461990E-02
mass 5.34333049729632403E+00 -4.34839272730559667E+00 1.84998808331888398E+00 2.42965118750144660E+00 -2.11584294117997673E-01 -4.34839272730559667E+00 9.25000000000000178E+00 8.65742679644403101E-01 -2.35657666005630473E+00 1.94670844307697855E+00 1.84998808331888398E+00 8.65742679644403101E-01 2.94760617887488729E+00 1.63379746219596833E-02 6.29526908536425234E-01 2.42965118750144660E+00 -2.35657666005630473E+00 1.63379746219596833E-02 2.34623708086784966E+00 0.00000000000000000E+00 -2.11584294117997673E-01 1.94670844307697855E+00 6.29526908536425234E-01 0.00000000000000000E+00 2.31999999999999984E+00
gravity 0.00000000000000000E+00 0.00000000000000000E+00 0.00000000000000000E+00 0.00000000000000000E+00 0.00000000000000000E+00
bias -2.28238652797239710E-03 5.05964403841471354E-04 -1.60054252690368316E-03 -1.03845303265881028E-03 -3.90995811231121550E-04
passive 2.05781411631098974E-03 3.93392629136851864E-03 3.72086383810723122E-03 2.88914526542859811E-02 0.00000000000000000E+00
actuation -8.34233618999506710E-03 2.45441898025847288E-02 0.00000000000000000E+00 0.00000000000000000E+00 0.00000000000000000E+00
tendon_length
tendon_velocity
tendon_force
length -9.28842706140252557E-03 -1.55959712678664653E-02
velocity 2.36648623375763784E-02 -3.93392629136851829E-02
force 3.62710269130220309E-03 2.45441898025847288E-02
position 0.00000000000000000E+00 0.00000000000000000E+00 0.00000000000000000E+00
quaternion 1.00000000000000000E+00 0.00000000000000000E+00 0.00000000000000000E+00 0.00000000000000000E+00
position 2.16940956328776635E-01 8.83522601151706805E-02 8.98694179550502348E-01
quaternion 9.28515472040478906E-01 9.70219536540522648E-02 -3.02956999852304343E-01 1.91475363770613027E-01
position 5.44512286914835220E-01 -4.12086126444356771E-03 1.20552596604008722E+00
quaternion 9.22066158363619270E-01 1.00952443862095578E-01 -3.22052674540391271E-01 1.89432517008585655E-01
position 3.11455081577117765E-01 8.26065060332979023E-02 1.59044505208516185E+00
quaternion 9.22066158363619270E-01 1.00952443862095578E-01 -3.22052674540391326E-01 1.89432517008585655E-01
position -1.07925708157843664E-01 1.40921086398248518E-01 8.00089282362908327E-01
quaternion 7.44712016680474709E-01 -3.08510093684665421E-01 -2.34649918344476766E-01 5.43290852239672661E-01
unchanged_qpos 4.03844654843588113E-03 -1.55959712678664653E-02 -3.52587119745694372E-02 -4.12735037918371198E-02 -3.68123372101258894E-02
unchanged_qvel -1.02890705815549474E-02 -3.93392629136851829E-02 -1.24028794603574383E-02 -8.59457768657194421E-03 3.20321646744575472E-02
unchanged_time 1.25000000000000000E-01
step SUCCESS
step_clamped -1.00000000000000000E+00
qpos 3.62315374291795160E-03 -1.71652220626035863E-02 -3.57724769524538355E-02 -4.15871937691283597E-02 -3.55102522103014906E-02
qvel -1.04684209326243588E-02 -3.91341232780216541E-02 -1.32412644131418983E-02 -7.15959197699654430E-03 3.30223753621615504E-02
time 1.65000000000000036E-01
reset_qpos 0.00000000000000000E+00 0.00000000000000000E+00 0.00000000000000000E+00 0.00000000000000000E+00 0.00000000000000000E+00
reset_qvel 0.00000000000000000E+00 0.00000000000000000E+00 0.00000000000000000E+00 0.00000000000000000E+00 0.00000000000000000E+00
forward SUCCESS
forward_clamped -1.00000000000000000E+00
qacc -5.30268981736532145E-03 1.90417206538991100E-02 -8.01843374271778934E-04 3.18503281743006128E-02 -2.86267747714217605E-02
mass 5.37148726134581178E+00 -4.36546380667406630E+00 1.88526457361929323E+00 2.40789893380828612E+00 -2.27123317956518245E-01 -4.36546380667406630E+00 9.25000000000000178E+00 8.84541781233706081E-01 -2.37802402526462187E+00 1.92485736496885518E+00 1.88526457361929323E+00 8.84541781233706081E-01 3.03249234872846385E+00 1.48794462070346301E-02 6.29526908536425234E-01 2.40789893380828612E+00 -2.37802402526462187E+00 1.48794462070346301E-02 2.34623708086785054E+00 0.00000000000000000E+00 -2.27123317956518245E-01 1.92485736496885518E+00 6.29526908536425234E-01 0.00000000000000000E+00 2.31999999999999984E+00
gravity 0.00000000000000000E+00 0.00000000000000000E+00 0.00000000000000000E+00 0.00000000000000000E+00 0.00000000000000000E+00
bias 4.76793312747282594E-05 9.44000664295560621E-03 2.99133882755541706E-03 -3.36170918760366269E-03 -1.78171854138389155E-03
passive -8.11472228126350684E-03 -1.74356832307789042E-03 -4.67997073199244527E-03 2.61961355133256656E-02 -0.00000000000000000E+00
actuation 3.60152999152902123E-02 1.19248744918471587E-02 0.00000000000000000E+00 0.00000000000000000E+00 0.00000000000000000E+00
tendon_length
tendon_velocity
tendon_force
length 1.27704258885302097E-01 1.87728645481817086E-02
velocity -9.33193062345303165E-02 1.74356832307789034E-02
force -1.56588260501261817E-02 1.19248744918471587E-02
position 0.00000000000000000E+00 0.00000000000000000E+00 0.00000000000000000E+00
quaternion 1.00000000000000000E+00 0.00000000000000000E+00 0.00000000000000000E+00 0.00000000000000000E+00
position 1.70448315296165304E-01 8.32038555186860318E-02 8.82690280135945304E-01
quaternion 9.31630508774674349E-01 9.73939911100194372E-02 -3.13752128504419858E-01 1.55366043506452500E-01
position 4.87071770862927855E-01 -3.98938544418833557E-02 1.19025578728430204E+00
quaternion 9.25596983409300855E-01 1.00283907783381143E-01 -3.31128415157043332E-01 1.53516562034465065E-01
position 2.57431594013114218E-01 5.35090470884224539E-02 1.57566633094146047E+00
quaternion 9.25596983409300855E-01 1.00283907783381143E-01 -3.31128415157043332E-01 1.53516562034465065E-01
position -2.19079844802475027E-01 1.87501048189649633E-01 8.06251207613505327E-01
quaternion 7.65960999077367033E-01 -3.09788630399899123E-01 -2.34855542262388584E-01 5.12032837458688661E-01
unchanged_qpos -5.55235908196965722E-02 1.87728645481817086E-02 -5.73035947213138275E-02 -3.74230507333223814E-02 4.20987241113959382E-02
unchanged_qvel 4.05736114063175307E-02 1.74356832307789034E-02 1.55999024399748193E-02 2.08935116099334961E-02 4.16709436868505506E-02
unchanged_time 1.25000000000000000E-01
step SUCCESS
step_clamped -1.00000000000000000E+00
qpos -5.39050428647968941E-02 1.94862500216855146E-02 -5.66803048620755159E-02 -3.65607190233993018E-02 4.37415606577916116E-02
qvel 4.03656562561563806E-02 1.81947331037608726E-02 1.55654729773830047E-02 2.21558480875642429E-02 4.05291018803958861E-02
time 1.65000000000000036E-01
lifecycle PASS
