create SUCCESS
reset_qpos 0.00000000000000000E+00 0.00000000000000000E+00 0.00000000000000000E+00 0.00000000000000000E+00 0.00000000000000000E+00
reset_qvel 0.00000000000000000E+00 0.00000000000000000E+00 0.00000000000000000E+00 0.00000000000000000E+00 0.00000000000000000E+00
forward SUCCESS
forward_clamped -1.00000000000000000E+00
qacc 2.44207671319302788E+00 3.59025356724823164E+00 -4.90329676541571757E+00 -1.60853504948069781E+00 -4.48246679059623432E+00
mass 5.18034923410292514E+00 -4.19355860410117653E+00 1.74456134564047627E+00 2.39989036981050941E+00 -2.06044051877726286E-01 -4.19355860410117653E+00 9.25000000000000178E+00 1.11325961850758870E+00 -2.30292236755582014E+00 1.99969769944250664E+00 1.74456134564047627E+00 1.11325961850758870E+00 3.07389883259149022E+00 4.47613042998284971E-03 6.29526908536425567E-01 2.39989036981050941E+00 -2.30292236755582014E+00 4.47613042998284971E-03 2.34623708086784966E+00 0.00000000000000000E+00 -2.06044051877726286E-01 1.99969769944250664E+00 6.29526908536425567E-01 0.00000000000000000E+00 2.31999999999999984E+00
gravity -1.36776230697127836E+01 1.22701280114170181E+01 -9.65168788659076426E+00 -6.12478466928251031E+00 -6.71964039490042886E+00
bias -3.39241054688563248E-03 2.55237072291328131E-03 -3.05173250343874526E-03 -1.89572524394874772E-03 -8.10280666114962370E-04
passive 1.59089609623492005E-03 -6.57273317181182679E-04 -1.31431855044342634E-02 7.44745906455533766E-03 -0.00000000000000000E+00
actuation -2.14220378287113322E-01 5.55159223577278149E-02 0.00000000000000000E+00 0.00000000000000000E+00 0.00000000000000000E+00
tendon_length
tendon_velocity
tendon_force
length -1.02247070507076931E-01 1.80306094693841040E-02
velocity 1.82953051067015794E-02 6.57273317181182593E-03
force 9.31392949074405785E-02 5.55159223577278149E-02
position 0.00000000000000000E+00 0.00000000000000000E+00 0.00000000000000000E+00
quaternion 1.00000000000000000E+00 0.00000000000000000E+00 0.00000000000000000E+00 0.00000000000000000E+00
position 1.90308404613388216E-01 1.05639594568296427E-01 9.05569286895975489E-01
quaternion 9.18888255489853090E-01 1.03740778697820585E-01 -2.99710684054551091E-01 2.34639575991642230E-01
position 5.22870745907714873E-01 4.64489770085093831E-02 1.21524453606149541E+00
quaternion 9.17280916521098444E-01 1.04987496854729662E-01 -3.04594550837413880E-01 2.34084397793928062E-01
position 2.90817901583875438E-01 1.22587243920900535E-01 1.60300018302591218E+00
quaternion 9.17280916521098444E-01 1.04987496854729662E-01 -3.04594550837413880E-01 2.34084397793928062E-01
position -1.87314621561705114E-01 1.38887079284026049E-01 8.20607488645053951E-01
quaternion 7.17238966318440530E-01 -3.04194450743387190E-01 -2.46614961182507947E-01 5.76381004416639420E-01
unchanged_qpos 4.44552480465551930E-02 1.80306094693841040E-02 2.29566415728764961E-02 -1.06392272350790545E-02 1.67903365173198843E-02
unchanged_qvel -7.95448048117460005E-03 6.57273317181182593E-03 4.38106183481142136E-02 -3.65580153825843662E-02 2.25856293683585341E-02
unchanged_time 1.25000000000000000E-01
step SUCCESS
step_clamped -1.00000000000000000E+00
qpos 7.11863622608678026E-02 8.06011849277937786E-02 -5.13089025722592434E-02 -3.86557711345191374E-02 -6.59330574628117921E-02
qvel 1.02358580327259932E-01 5.23438069909957226E-01 -6.55306422592702220E-01 -1.43631742391820971E-01 -8.16836257830077850E-01
time 3.25000000000000178E-01
reset_qpos 0.00000000000000000E+00 0.00000000000000000E+00 0.00000000000000000E+00 0.00000000000000000E+00 0.00000000000000000E+00
reset_qvel 0.00000000000000000E+00 0.00000000000000000E+00 0.00000000000000000E+00 0.00000000000000000E+00 0.00000000000000000E+00
forward SUCCESS
forward_clamped -1.00000000000000000E+00
qacc 1.10243203699894354E+00 2.95757996489827990E+00 -3.70789080397427551E+00 -5.23828835423564731E-01 -4.46754251427511484E+00
mass 5.37975077538831314E+00 -4.36558192225098285E+00 1.89950742043074783E+00 2.40693338848576976E+00 -2.29196060310839167E-01 -4.36558192225098285E+00 9.25000000000000178E+00 8.75738965842790540E-01 -2.38410437388140606E+00 1.92132883702279655E+00 1.89950742043074783E+00 8.75738965842790540E-01 3.06014939509346595E+00 8.33050167680327025E-03 6.29526908536425012E-01 2.40693338848576976E+00 -2.38410437388140606E+00 8.33050167680327025E-03 2.34623708086785010E+00 0.00000000000000000E+00 -2.29196060310839167E-01 1.92132883702279655E+00 6.29526908536425012E-01 0.00000000000000000E+00 2.31999999999999984E+00
gravity -1.44785444205983307E+01 1.20463482929459627E+01 -9.53691970386281085E+00 -5.63027251086109892E+00 -7.21739770604510600E+00
bias -4.97615036457266322E-03 3.63572479612610808E-03 -2.09834309749748179E-03 -3.11257839685701943E-03 -1.45089378402484198E-03
passive 5.32347750541976514E-03 3.13109709962867489E-03 6.34089928956816772E-03 1.42999533744866143E-02 -0.00000000000000000E+00
actuation 1.57374576154296425E-01 -2.32212969964072161E-02 0.00000000000000000E+00 0.00000000000000000E+00 0.00000000000000000E+00
tendon_length
tendon_velocity
tendon_force
length -1.19230537054897154E-01 2.25183373599437131E-02
velocity 6.12199913123272974E-02 -3.13109709962867480E-02
force -6.84237287627375845E-02 -2.32212969964072161E-02
position 0.00000000000000000E+00 0.00000000000000000E+00 0.00000000000000000E+00
quaternion 1.00000000000000000E+00 0.00000000000000000E+00 0.00000000000000000E+00 0.00000000000000000E+00
position 1.89969939364402263E-01 7.66481615876592332E-02 8.96678674211673910E-01
quaternion 9.31504653184919706E-01 9.00462757663566121E-02 -2.89254362113969155E-01 2.01302417555012464E-01
position 5.25778456343081402E-01 -3.14637735336380231E-03 1.19811767547025316E+00
quaternion 9.28501595532524315E-01 9.20976964508392892E-02 -2.98753731358577801E-01 2.00372177213635122E-01
position 3.07322129152903134E-01 9.28076608032844391E-02 1.58935884875344735E+00
quaternion 9.28501595532524315E-01 9.20976964508392892E-02 -2.98753731358577745E-01 2.00372177213635094E-01
position -1.96582737632841259E-01 1.39581158909859920E-01 8.24995873714395089E-01
quaternion 7.39209430303669479E-01 -3.09684359219318528E-01 -2.21842296861868959E-01 5.55383661200160583E-01
unchanged_qpos 5.18393639369118114E-02 2.25183373599437131E-02 -6.07744707334894954E-02 -2.04285048206951647E-02 2.79891594265538751E-02
unchanged_qvel -2.66173875270988257E-02 -3.13109709962867480E-02 -2.11363309652272263E-02 -1.94192124782374582E-02 3.70313121436890297E-02
unchanged_time 1.25000000000000000E-01
step SUCCESS
step_clamped -1.00000000000000000E+00
qpos 5.16581257345926012E-02 2.37245060155710751E-02 -6.46998793215721318E-02 -2.16263247361912284E-02 2.57258190126384845E-02
qvel 1.40003816774029316E-02 8.49288820022550128E-02 -1.66670294033360061E-01 -3.87273586096520059E-02 -1.41026154940508824E-01
time 1.65000000000000036E-01
reset_qpos 0.00000000000000000E+00 0.00000000000000000E+00 0.00000000000000000E+00 0.00000000000000000E+00 0.00000000000000000E+00
reset_qvel 0.00000000000000000E+00 0.00000000000000000E+00 0.00000000000000000E+00 0.00000000000000000E+00 0.00000000000000000E+00
forward SUCCESS
forward_clamped -1.00000000000000000E+00
qacc 4.01227431419901404E+00 4.38164931213081310E+00 -6.04696810989172207E+00 -2.18818019505518579E+00 -4.71012800894191308E+00
mass 5.21798977435404687E+00 -4.09002199411515210E+00 1.77752647446073930E+00 2.40883620144262123E+00 -1.93051817601550713E-01 -4.09002199411515210E+00 9.25000000000000355E+00 1.28030451422563063E+00 -2.26720638408173691E+00 2.02894113698974721E+00 1.77752647446073930E+00 1.28030451422563063E+00 3.20056364469157284E+00 -8.07657172871301121E-03 6.29526908536425012E-01 2.40883620144262123E+00 -2.26720638408173691E+00 -8.07657172871301121E-03 2.34623708086785054E+00 0.00000000000000000E+00 -1.93051817601550713E-01 2.02894113698974721E+00 6.29526908536425012E-01 0.00000000000000000E+00 2.31999999999999940E+00
gravity -1.23739685334886431E+01 1.17172299011011809E+01 -9.47590459723380896E+00 -5.42443814509930178E+00 -6.59578376788102450E+00
bias -1.45831747425533530E-03 2.41374661437467877E-03 1.16723806537043229E-03 -1.08586016056015189E-03 -5.39368824293556294E-04
passive 1.63318150998912758E-03 -2.36247259334661252E-04 -1.00618245805503635E-02 -1.41788512356391411E-02 0.00000000000000000E+00
actuation 1.92865357725231473E-01 5.54758082404297262E-03 0.00000000000000000E+00 0.00000000000000000E+00 0.00000000000000000E+00
tendon_length
tendon_velocity
tendon_force
length -1.43938615037954576E-01 2.83454234404600935E-03
velocity 1.87815873648749659E-02 2.36247259334661230E-03
force -8.38545033587962951E-02 5.54758082404297262E-03
position 0.00000000000000000E+00 0.00000000000000000E+00 0.00000000000000000E+00
quaternion 1.00000000000000000E+00 0.00000000000000000E+00 0.00000000000000000E+00 0.00000000000000000E+00
position 2.06977424110837638E-01 1.18341017761660117E-01 9.13740100954341439E-01
quaternion 9.12314088621878461E-01 1.08497352195086619E-01 -2.98868326507414961E-01 2.58048545199045520E-01
position 5.40454619456954832E-01 7.68599896392738180E-02 1.22530435514598879E+00
quaternion 9.15294112596380049E-01 1.05878381179271522E-01 -2.89613467113870149E-01 2.59134126489633521E-01
position 3.12994390476563467E-01 1.49252852438957695E-01 1.61648349268767078E+00
quaternion 9.15294112596380049E-01 1.05878381179271522E-01 -2.89613467113870149E-01 2.59134126489633521E-01
position -2.08628148024233906E-01 1.38899707038772802E-01 8.38323336366491478E-01
quaternion 7.01583353368859242E-01 -3.01038472405646240E-01 -2.54565848559960839E-01 5.93593181526142710E-01
unchanged_qpos 6.25820065382411278E-02 2.83454234404600935E-03 5.89009312248253841E-02 2.02555017651987745E-02 5.62834515365573801E-02
unchanged_qvel -8.16590754994563767E-03 2.36247259334661230E-03 3.35394152685012104E-02 3.91388353419386131E-02 -4.03303887928181184E-02
unchanged_time 1.25000000000000000E-01
step SUCCESS
step_clamped -1.00000000000000000E+00
qpos 6.55472210163857982E-02 6.56778773449804253E-03 5.52300700763619923E-02 2.00323277978982639E-02 5.07258660594157654E-02
qvel 1.46114068352027227E-01 1.74296714732088187E-01 -2.03089012771072053E-01 -4.43940729285709004E-02 -2.27729150901897992E-01
time 1.65000000000000036E-01
reset_qpos 0.00000000000000000E+00 0.00000000000000000E+00 0.00000000000000000E+00 0.00000000000000000E+00 0.00000000000000000E+00
reset_qvel 0.00000000000000000E+00 0.00000000000000000E+00 0.00000000000000000E+00 0.00000000000000000E+00 0.00000000000000000E+00
forward SUCCESS
forward_clamped -1.00000000000000000E+00
qacc -7.61523866268523419E-01 2.27867581360340044E+00 -2.45928750115659156E+00 3.27270184165731948E-01 -4.40089145578965457E+00
mass 5.31711724650648598E+00 -4.37724559938259539E+00 1.83637643118624938E+00 2.38378674457501782E+00 -2.41732000707410188E-01 -4.37724559938259539E+00 9.25000000000000178E+00 8.74417595199790343E-01 -2.38484961704644549E+00 1.91694594190222145E+00 1.83637643118624938E+00 8.74417595199790343E-01 3.04419209215061626E+00 1.52191185001772644E-02 6.29526908536425456E-01 2.38378674457501782E+00 -2.38484961704644549E+00 1.52191185001772644E-02 2.34623708086784966E+00 0.00000000000000000E+00 -2.41732000707410188E-01 1.91694594190222145E+00 6.29526908536425456E-01 0.00000000000000000E+00 2.31999999999999984E+00
gravity -1.65848249644518262E+01 1.31623090064090906E+01 -9.57035136163704969E+00 -6.45905882644262963E+00 -7.11773813798840038E+00
bias 3.16284704027282532E-03 -9.88877378988979941E-05 5.33951892340415058E-03 1.51177799742603647E-03 4.85530286106212474E-04
passive 5.87463658450535116E-03 -4.16114590797303941E-03 -6.89344528224202207E-03 2.68222961207234233E-02 -0.00000000000000000E+00
actuation -3.90727078267563976E-02 -8.45686651163535946E-02 0.00000000000000000E+00 0.00000000000000000E+00 0.00000000000000000E+00
tendon_length
tendon_velocity
tendon_force
length -3.29486178941517521E-02 5.57758699914634032E-02
velocity 6.75583207218115323E-02 4.16114590797303924E-02
force 1.69881338377201735E-02 -8.45686651163535946E-02
position 0.00000000000000000E+00 0.00000000000000000E+00 0.00000000000000000E+00
quaternion 1.00000000000000000E+00 0.00000000000000000E+00 0.00000000000000000E+00 0.00000000000000000E+00
position 1.48882001098710109E-01 7.56551894628357258E-02 8.86137672234458718E-01
quaternion 9.32602205028395859E-01 9.18085837939290744E-02 -2.97283422158525490E-01 1.82884876432259702E-01
position 4.78472001100540778E-01 -2.09799035828957814E-02 1.18950558532158146E+00
quaternion 9.26735810136220972E-01 9.52953720292669532E-02 -3.15095293721236569E-01 1.81092479566914655E-01
position 2.53113037776141137E-01 7.35293538152899107E-02 1.57716695548295749E+00
quaternion 9.26735810136220972E-01 9.52953720292669532E-02 -3.15095293721236569E-01 1.81092479566914655E-01
position -2.57954519522087644E-01 1.61238748827981671E-01 8.19925861969362013E-01
quaternion 7.50313905305292184E-01 -3.10109579313094963E-01 -2.24868617891940487E-01 5.38790494544164056E-01
unchanged_qpos 1.43254860409355450E-02 5.57758699914634032E-02 -6.50534442284997350E-02 -3.83175658867477495E-02 5.41147949657945632E-02
unchanged_qvel -2.93731829225267541E-02 4.16114590797303924E-02 2.29781509408067408E-02 -3.09208865163446596E-02 1.81673406324661252E-02
unchanged_time 1.25000000000000000E-01
step SUCCESS
step_clamped -1.00000000000000000E+00
qpos 1.24698310587821899E-02 5.93328420378618493E-02 -6.61730194705949931E-02 -3.92646222205638371E-02 5.11513142229516465E-02
qvel -6.30278868970209766E-02 1.31092043640750638E-01 -7.33364263837883307E-02 -1.65933698083402248E-02 -1.57355422610450130E-01
time 1.65000000000000036E-01
reset_qpos 0.00000000000000000E+00 0.00000000000000000E+00 0.00000000000000000E+00 0.00000000000000000E+00 0.00000000000000000E+00
reset_qvel 0.00000000000000000E+00 0.00000000000000000E+00 0.00000000000000000E+00 0.00000000000000000E+00 0.00000000000000000E+00
forward SUCCESS
forward_clamped -1.00000000000000000E+00
qacc 4.19049879429546079E-01 3.15548552807239790E+00 -3.78976542649932835E+00 4.19031577458044868E-01 -4.53924148834550412E+00
mass 5.10267922915402572E+00 -4.23506745739181500E+00 1.71334590645740903E+00 2.36737154536858974E+00 -2.26840849833495450E-01 -4.23506745739181500E+00 9.25000000000000355E+00 1.00702192679096614E+00 -2.33847117421079620E+00 1.97354381631579257E+00 1.71334590645740903E+00 1.00702192679096614E+00 3.13151301045059105E+00 -1.36146730102339464E-02 6.29526908536425456E-01 2.36737154536858974E+00 -2.33847117421079620E+00 -1.36146730102339464E-02 2.34623708086784966E+00 0.00000000000000000E+00 -2.26840849833495450E-01 1.97354381631579257E+00 6.29526908536425456E-01 0.00000000000000000E+00 2.31999999999999984E+00
gravity -1.55326575131600464E+01 1.36129738629154868E+01 -1.08669317953117783E+01 -5.36102461499883365E+00 -6.71329777957579044E+00
bias -3.27715471674607374E-04 2.46906507441871110E-03 9.29659402953134074E-04 -6.64294593467414270E-04 -1.65710495356929423E-04
passive -1.00355036533049391E-03 -2.76907994153065978E-04 -5.48759664265894165E-03 -2.34141201628132074E-02 0.00000000000000000E+00
actuation -1.65154714623264171E-01 4.57154441898366126E-02 0.00000000000000000E+00 0.00000000000000000E+00 0.00000000000000000E+00
tendon_length
tendon_velocity
tendon_force
length 3.10256690290017755E-03 6.79244914179853304E-02
velocity -1.15408292013006782E-02 2.76907994153065967E-03
force 7.18063976622887734E-02 4.57154441898366126E-02
position 0.00000000000000000E+00 0.00000000000000000E+00 0.00000000000000000E+00
quaternion 1.00000000000000000E+00 0.00000000000000000E+00 0.00000000000000000E+00 0.00000000000000000E+00
position 1.32753527793611020E-01 9.63902276735274510E-02 8.88792483052988969E-01
quaternion 9.24406289429246852E-01 1.01658669997548939E-01 -3.07367447664193272E-01 2.01652619607036621E-01
position 4.58978379665946457E-01 9.72836749235177212E-03 1.19873936239009593E+00
quaternion 9.29417299855904711E-01 9.82720970123499710E-02 -2.91865069079032591E-01 2.03324516792358440E-01
position 2.45584303591404013E-01 1.00843999065686585E-01 1.59391136289023860E+00
quaternion 9.29417299855904711E-01 9.82720970123499710E-02 -2.91865069079032591E-01 2.03324516792358440E-01
position -1.74693354671464185E-01 1.37253053488517462E-01 7.81250979895066644E-01
quaternion 7.38043905457742233E-01 -3.06973468038019004E-01 -2.43480708868479390E-01 5.49341085252411765E-01
unchanged_qpos -1.34894213169572952E-03 6.79244914179853304E-02 -6.72283788082551903E-03 3.34487430897331545E-02 -5.57827478024068013E-02
unchanged_qvel 5.01775182665246955E-03 2.76907994153065967E-03 1.82919888088631383E-02 1.55780549383175426E-02 8.73386530922086457E-03
unchanged_time 1.25000000000000000E-01
step SUCCESS
step_clamped -1.00000000000000000E+00
qpos -8.41858383885307781E-04 7.06625629958297641E-02 -9.13761301849468077E-03 3.44515687948834110E-02 -5.92412463230582303E-02
qvel 1.80743893164925160E-02 1.27111709339350204E-01 -1.30370933495941616E-01 3.46503229125199042E-02 -1.72416118007779895E-01
time 1.65000000000000036E-01
reset_qpos 0.00000000000000000E+00 0.00000000000000000E+00 0.00000000000000000E+00 0.00000000000000000E+00 0.00000000000000000E+00
reset_qvel 0.00000000000000000E+00 0.00000000000000000E+00 0.00000000000000000E+00 0.00000000000000000E+00 0.00000000000000000E+00
forward SUCCESS
forward_clamped -1.00000000000000000E+00
qacc 2.02097936890693441E+00 3.74596514681539716E+00 -4.70727716830402798E+00 -5.33391493293414065E-01 -4.67887618017010620E+00
mass 5.06855134882253910E+00 -4.03029840809157136E+00 1.68512108785558046E+00 2.36435978542114089E+00 -1.93139113244916838E-01 -4.03029840809157136E+00 9.25000000000000355E+00 1.35204826809098444E+00 -2.24987663649277803E+00 2.04187947061244346E+00 1.68512108785558046E+00 1.35204826809098444E+00 3.26846447576053167E+00 -2.08936955628611365E-02 6.29526908536425234E-01 2.36435978542114089E+00 -2.24987663649277803E+00 -2.08936955628611365E-02 2.34623708086785010E+00 0.00000000000000000E+00 -1.93139113244916838E-01 2.04187947061244346E+00 6.29526908536425234E-01 0.00000000000000000E+00 2.31999999999999984E+00
gravity -1.32647197682192957E+01 1.18245181806394370E+01 -9.78116152348124146E+00 -4.85828337229153107E+00 -6.47907775011062625E+00
bias -5.44655405501870155E-04 1.31884453616434318E-04 1.06478378724136186E-03 -6.19181827805329391E-04 -5.89168460799567931E-04
passive -4.70971736091314094E-03 -1.06244602568613544E-04 1.04362904992764110E-02 -3.52954310999215731E-02 -0.00000000000000000E+00
actuation 2.21656591172664924E-01 3.75842485789024058E-02 0.00000000000000000E+00 0.00000000000000000E+00 0.00000000000000000E+00
tendon_length
tendon_velocity
tendon_force
length -1.35918655546061307E-01 4.75960047945743342E-02
velocity -5.41617496505011134E-02 1.06244602568613539E-03
force -9.63724309446369332E-02 3.75842485789024058E-02
position 0.00000000000000000E+00 0.00000000000000000E+00 0.00000000000000000E+00
quaternion 1.00000000000000000E+00 0.00000000000000000E+00 0.00000000000000000E+00 0.00000000000000000E+00
position 1.60972391235760459E-01 1.20807057461627690E-01 9.09376423550667612E-01
quaternion 9.09470341941285065E-01 1.11355259726818451E-01 -3.01368698877896524E-01 2.63895074976814525E-01
position 4.93086964351765189E-01 8.26190984135768691E-02 1.22281156852920758E+00
quaternion 9.16778337688700207E-01 1.04667513298940154E-01 -2.78346681458389367E-01 2.66618296682095635E-01
position 2.72128285533807246E-01 1.56726679836697580E-01 1.61738137050426767E+00
quaternion 9.16778337688700207E-01 1.04667513298940154E-01 -2.78346681458389367E-01 2.66618296682095635E-01
position -2.40644559582368467E-01 1.34011164174150821E-01 8.27334607005125955E-01
quaternion 6.97390950561402323E-01 -2.99861790538293760E-01 -2.59761631981873853E-01 5.96869050295243397E-01
unchanged_qpos 5.90950676287223114E-02 4.75960047945743342E-02 7.59621333271633531E-02 5.04220444284593922E-02 4.17480606357374245E-02
unchanged_qvel 2.35485868045657021E-02 1.06244602568613539E-03 -3.47876349975880378E-02 -4.36030130510617064E-02 4.82233131557630174E-02
unchanged_time 1.25000000000000000E-01
step SUCCESS
step_clamped -1.00000000000000000E+00
qpos 6.16595789470501046E-02 5.07411991583867766E-02 7.06784068513921643E-02 4.82708697520940408E-02 3.97621377079466834E-02
qvel 9.85215658534261129E-02 1.47507314670430711E-01 -2.18314299341558521E-01 -6.16193494939740530E-02 -1.37741031699452510E-01
time 1.65000000000000036E-01
reset_qpos 0.00000000000000000E+00 0.00000000000000000E+00 0.00000000000000000E+00 0.00000000000000000E+00 0.00000000000000000E+00
reset_qvel 0.00000000000000000E+00 0.00000000000000000E+00 0.00000000000000000E+00 0.00000000000000000E+00 0.00000000000000000E+00
forward SUCCESS
forward_clamped -1.00000000000000000E+00
qacc 6.56703670329972589E+00 4.94926507324108655E+00 -8.09692164553696969E+00 -4.72932557554636368E+00 -4.43661344691484327E+00
mass 5.29931953245270293E+00 -4.26876814705735530E+00 1.79602424468552679E+00 2.44607703314218794E+00 -1.96232528859617561E-01 -4.26876814705735530E+00 9.25000000000000355E+00 9.55098676144867875E-01 -2.31240055578069947E+00 1.98700315305117603E+00 1.79602424468552679E+00 9.55098676144867875E-01 2.91798127860169565E+00 1.65461456981007560E-02 6.29526908536425234E-01 2.44607703314218794E+00 -2.31240055578069947E+00 1.65461456981007560E-02 2.34623708086785054E+00 0.00000000000000000E+00 -1.96232528859617561E-01 1.98700315305117603E+00 6.29526908536425234E-01 0.00000000000000000E+00 2.31999999999999940E+00
gravity -1.17519941099904361E+01 1.20849236074804818E+01 -9.92763389875272395E+00 -6.69423276340949513E+00 -6.83047143993157491E+00
bias -1.21253274693343491E-03 5.10960503672088168E-05 -2.48770021134953317E-03 -6.22125281197995835E-04 -1.97780294907360515E-04
passive 1.63022969382611588E-03 3.80956543515676913E-03 -4.57558774843825223E-03 2.92775651846619370E-02 0.00000000000000000E+00
actuation 1.18149278077331943E-01 3.90641895494409086E-02 0.00000000000000000E+00 0.00000000000000000E+00 0.00000000000000000E+00
tendon_length
tendon_velocity
tendon_force
length -1.16313701694143568E-01 -4.35382644793359252E-02
velocity 1.87476414790003279E-02 -3.80956543515676913E-02
force -5.13692513379704133E-02 3.90641895494409086E-02
position 0.00000000000000000E+00 0.00000000000000000E+00 0.00000000000000000E+00
quaternion 1.00000000000000000E+00 0.00000000000000000E+00 0.00000000000000000E+00 0.00000000000000000E+00
position 2.53042241604797657E-01 1.04563898840202701E-01 9.12942914053245125E-01
quaternion 9.21078979506396278E-01 1.01103959282615008E-01 -2.96757377233958897E-01 2.30925446813591478E-01
position 5.87012706490511627E-01 4.38103988398148639E-02 1.22079473038981146E+00
quaternion 9.14672076859200822E-01 1.05910739125629594E-01 -3.15953191541719636E-01 2.28760765662603033E-01
position 3.47687284690215037E-01 1.18225587747102040E-01 1.60444264468103093E+00
quaternion 9.14672076859200822E-01 1.05910739125629594E-01 -3.15953191541719636E-01 2.28760765662603033E-01
position -3.64569056934886809E-02 1.20526250281048963E-01 8.01407982162069876E-01
quaternion 7.19864242832246481E-01 -3.05068381282341650E-01 -2.41733718326100383E-01 5.74711722568424510E-01
unchanged_qpos 5.05711746496276399E-02 -4.35382644793359252E-02 8.29512391892363310E-03 -4.18250931209456292E-02 -7.83051413714098560E-02
unchanged_qvel -8.15114846913057856E-03 -3.80956543515676913E-02 1.52519591614608402E-02 -3.83042375870713339E-02 3.66389410689408751E-02
unchanged_time 1.25000000000000000E-01
step SUCCESS
step_clamped -1.00000000000000000E+00
qpos 5.56629160472934953E-02 -4.09613965673314567E-02 2.19124470517889896E-03 -4.72796769223106719E-02 -8.05489098027891565E-02
qvel 2.46704783016955032E-01 1.55336988687639982E-01 -3.01674028581689513E-01 -2.23314501144003169E-01 -1.39379265990922790E-01
time 1.65000000000000036E-01
reset_qpos 0.00000000000000000E+00 0.00000000000000000E+00 0.00000000000000000E+00 0.00000000000000000E+00 0.00000000000000000E+00
reset_qvel 0.00000000000000000E+00 0.00000000000000000E+00 0.00000000000000000E+00 0.00000000000000000E+00 0.00000000000000000E+00
forward SUCCESS
forward_clamped -1.00000000000000000E+00
qacc 3.73649074160598538E+00 4.09675938054934896E+00 -6.14011042325667589E+00 -3.18964177296015361E+00 -4.28540999163686287E+00
mass 4.95769628872449974E+00 -4.18107283576556998E+00 1.56233644744608080E+00 2.38086500958505853E+00 -1.98305052695116280E-01 -4.18107283576556998E+00 9.25000000000000178E+00 1.08299042457530614E+00 -2.26259486791597553E+00 2.02365506993334909E+00 1.56233644744608080E+00 1.08299042457530614E+00 2.90921937840522515E+00 1.83754306818599278E-02 6.29526908536425345E-01 2.38086500958505853E+00 -2.26259486791597553E+00 1.83754306818599278E-02 2.34623708086784966E+00 0.00000000000000000E+00 -1.98305052695116280E-01 2.02365506993334909E+00 6.29526908536425345E-01 0.00000000000000000E+00 2.31999999999999984E+00
gravity -1.50334021865125536E+01 1.41416423140860275E+01 -1.03934198380902743E+01 -7.97970592299885784E+00 -6.25808048487325674E+00
bias -2.74215146853519498E-03 2.31110741838430221E-03 -4.71675214672058842E-04 -1.40693103212708262E-03 -3.62662051019048773E-04
passive -6.26074851080790705E-04 -2.52091831423782058E-04 1.06747750145336131E-02 3.26860009825551620E-02 0.00000000000000000E+00
actuation 1.29427341497348386E-01 3.41894028913460740E-03 0.00000000000000000E+00 0.00000000000000000E+00 0.00000000000000000E+00
tendon_length
tendon_velocity
tendon_force
length 4.63843830471308768E-02 2.44172086647736764E-02
velocity -7.19986078742909218E-03 2.52091831423782026E-03
force -5.62727571727601739E-02 3.41894028913460740E-03
position 0.00000000000000000E+00 0.00000000000000000E+00 0.00000000000000000E+00
quaternion 1.00000000000000000E+00 0.00000000000000000E+00 0.00000000000000000E+00 0.00000000000000000E+00
position 1.70262412158858678E-01 1.18049045342514022E-01 9.00008434687882941E-01
quaternion 9.15568989584395032E-01 1.11371146786120659E-01 -3.18239510517038859E-01 2.19211101271878650E-01
position 4.91865445002736268E-01 4.00940904719227914E-02 1.21701713216595508E+00
quaternion 9.07890159019043241E-01 1.16458282672146446E-01 -3.39526758737939027E-01 2.16551397257879391E-01
position 2.38545585880083955E-01 1.03919052390335429E-01 1.59352134623293296E+00
quaternion 9.07890159019043241E-01 1.16458282672146446E-01 -3.39526758737939083E-01 2.16551397257879391E-01
position -1.19866875067182674E-01 1.44470996176829652E-01 7.80490450274783920E-01
quaternion 7.25876716167601521E-01 -3.04031388417524640E-01 -2.62473920598342070E-01 5.58368470446162335E-01
unchanged_qpos -2.01671230639699495E-02 2.44172086647736764E-02 5.21520289675205945E-02 -4.66942871179359467E-02 -7.28082686241550425E-02
unchanged_qvel 3.13037425540395320E-03 2.52091831423782026E-03 -3.55825833817787138E-02 1.90677973792659217E-03 1.40123807418475188E-02
unchanged_time 1.25000000000000000E-01
step SUCCESS
step_clamped -1.00000000000000000E+00
qpos -1.70021380256800830E-02 2.79046338819896080E-02 4.56508352817056040E-02 -4.92399096456438770E-02 -7.58298178358079861E-02
qvel 1.44836702786450944E-01 1.62092637730330141E-01 -2.74975446124374190E-01 -1.21131099080702465E-01 -1.55994465349169498E-01
time 1.65000000000000036E-01
reset_qpos 0.00000000000000000E+00 0.00000000000000000E+00 0.00000000000000000E+00 0.00000000000000000E+00 0.00000000000000000E+00
reset_qvel 0.00000000000000000E+00 0.00000000000000000E+00 0.00000000000000000E+00 0.00000000000000000E+00 0.00000000000000000E+00
forward SUCCESS
forward_clamped -1.00000000000000000E+00
qacc 6.42646743553235655E+00 4.91578734719558774E+00 -8.17589652508765496E+00 -4.74988953033580419E+00 -4.33290120739217599E+00
mass 5.53868881993321871E+00 -4.36342907054922513E+00 1.94896427624435153E+00 2.46652577337938750E+00 -1.95148475679896294E-01 -4.36342907054922513E+00 9.25000000000000178E+00 8.39056263471554487E-01 -2.35630603077840606E+00 1.94458542265944745E+00 1.94896427624435153E+00 8.39056263471554487E-01 2.91372676988268831E+00 2.02899455158397357E-02 6.29526908536425234E-01 2.46652577337938750E+00 -2.35630603077840606E+00 2.02899455158397357E-02 2.34623708086784966E+00 0.00000000000000000E+00 -1.95148475679896294E-01 1.94458542265944745E+00 6.29526908536425234E-01 0.00000000000000000E+00 2.31999999999999895E+00
gravity -1.26136993360648493E+01 1.33306670195823518E+01 -1.00822044119452361E+01 -7.06849318528845671E+00 -6.93608710930833539E+00
bias -1.49188042588488693E-03 5.07454865160065789E-03 8.38066030218789434E-04 -1.21915911460032276E-03 -2.41460123331039373E-04
passive -2.89759861352184567E-03 3.14834267489313719E-03 -8.68061722834813365E-03 3.62836626190720796E-02 0.00000000000000000E+00
actuation 2.69610532074796953E-02 6.78108797750733849E-02 0.00000000000000000E+00 0.00000000000000000E+00 0.00000000000000000E+00
tendon_length
tendon_velocity
tendon_force
length -1.95676232034019404E-02 -7.14060880703463879E-02
velocity -3.33223840555012252E-02 -3.14834267489313702E-02
force -1.17221970467303038E-02 6.78108797750733849E-02
position 0.00000000000000000E+00 0.00000000000000000E+00 0.00000000000000000E+00
quaternion 1.00000000000000000E+00 0.00000000000000000E+00 0.00000000000000000E+00 0.00000000000000000E+00
position 2.73093808097496671E-01 8.91696932564002009E-02 9.07237357071909778E-01
quaternion 9.28781837523048215E-01 9.64184848566006086E-02 -3.01692478581856438E-01 1.92482265241252726E-01
position 6.01455165067265929E-01 -2.06812566671879527E-03 1.21359414196025517E+00
quaternion 9.20651871114549603E-01 1.01374090748562753E-01 -3.25659616100664906E-01 1.89919036379581074E-01
position 3.65432362183524040E-01 8.36173039707567012E-02 1.59693634374182736E+00
quaternion 9.20651871114549603E-01 1.01374090748562753E-01 -3.25659616100664906E-01 1.89919036379581074E-01
position -4.25800116182023236E-02 1.38057847523456928E-01 8.05985338644708449E-01
quaternion 7.44158087220126885E-01 -3.08594456378443349E-01 -2.33512289400536227E-01 5.44490783591692229E-01
unchanged_qpos 8.50766226234866973E-03 -7.14060880703463879E-02 -3.74443251073323519E-02 -5.18338037415315422E-02 -4.72410190978827041E-02
unchanged_qvel 1.44879930676092283E-02 -3.14834267489313702E-02 2.89353907611604455E-02 -2.20228875151548230E-02 3.40493861528232827E-02
unchanged_time 1.25000000000000000E-01
step SUCCESS
step_clamped -1.00000000000000000E+00
qpos 1.43884660803528953E-02 -6.85897065251179217E-02 -4.30617246165134401E-02 -5.66510903067018942E-02 -4.95059682306632082E-02
qvel 2.63912144558421158E-01 1.60863769154245079E-01 -2.90808782759069184E-01 -2.07679417048682369E-01 -1.38159501155198511E-01
time 1.65000000000000036E-01
reset_qpos 0.00000000000000000E+00 0.00000000000000000E+00 0.00000000000000000E+00 0.00000000000000000E+00 0.00000000000000000E+00
reset_qvel 0.00000000000000000E+00 0.00000000000000000E+00 0.00000000000000000E+00 0.00000000000000000E+00 0.00000000000000000E+00
forward SUCCESS
forward_clamped -1.00000000000000000E+00
qacc 6.88415926499690300E+00 5.93644421453879900E+00 -8.73631878458022193E+00 -3.92830133393579572E+00 -4.93709239495939123E+00
mass 5.42436840287142097E+00 -4.06949177608336399E+00 1.91916507091012623E+00 2.46389041086652139E+00 -1.86926504128366450E-01 -4.06949177608336399E+00 9.25000000000000355E+00 1.27614618492117815E+00 -2.27626777764314792E+00 2.02444062909631972E+00 1.91916507091012623E+00 1.27614618492117815E+00 3.26849126982792981E+00 -2.54798574116070209E-02 6.29526908536425234E-01 2.46389041086652139E+00 -2.27626777764314792E+00 -2.54798574116070209E-02 2.34623708086785054E+00 0.00000000000000000E+00 -1.86926504128366450E-01 2.02444062909631972E+00 6.29526908536425234E-01 0.00000000000000000E+00 2.31999999999999984E+00
gravity -1.24890218710312713E+01 1.45841384662489748E+01 -1.08031795378217996E+01 -5.58773142991790461E+00 -6.18367749596076965E+00
bias -3.27429723168140910E-03 -1.74451252294773995E-04 -1.22406629270520751E-03 -5.02013809639843388E-04 -7.46529035508064921E-04
passive -7.17287064606899651E-03 2.80090633743740238E-03 -5.01849241487735669E-03 -4.26409804706156179E-02 0.00000000000000000E+00
actuation 1.90364661460794782E-01 5.09326098298814520E-02 0.00000000000000000E+00 0.00000000000000000E+00 0.00000000000000000E+00
tendon_length
tendon_velocity
tendon_force
length 8.35035037053185741E-02 -4.82080055056119533E-02
velocity -8.24880124297934503E-02 -2.80090633743740221E-02
force -8.27672441133890380E-02 5.09326098298814520E-02
position 0.00000000000000000E+00 0.00000000000000000E+00 0.00000000000000000E+00
quaternion 1.00000000000000000E+00 0.00000000000000000E+00 0.00000000000000000E+00 0.00000000000000000E+00
position 2.38877184570327611E-01 1.18470179618989924E-01 9.09852573136235243E-01
quaternion 9.15637924229511069E-01 1.12261661276960467E-01 -3.22192436338391230E-01 2.12594790825976931E-01
position 5.57776386282693548E-01 3.41243721240869213E-02 1.22795488986034917E+00
quaternion 9.25025016978680892E-01 1.05735416141523972E-01 -2.94158957512068830E-01 2.15914907897492458E-01
position 3.39395120260584160E-01 1.15672448700390423E-01 1.62249200326957732E+00
quaternion 9.25025016978680892E-01 1.05735416141523972E-01 -2.94158957512068830E-01 2.15914907897492486E-01
position -1.30692229891126277E-01 1.69025691473473405E-01 8.12602079356486207E-01
quaternion 7.29782931125406709E-01 -3.04401868731577818E-01 -2.64617083006875697E-01 5.52027331870139748E-01
unchanged_qpos -3.63058711762254682E-02 -4.82080055056119533E-02 5.31473545141345344E-02 6.09156863865937398E-02 1.32834914225617717E-02
unchanged_qvel 3.58643532303449808E-02 -2.80090633743740221E-02 1.67283080495911896E-02 -4.18423656521575565E-02 -4.48231327387289477E-02
unchanged_time 1.25000000000000000E-01
step SUCCESS
step_clamped -1.00000000000000000E+00
qpos -2.91887689454360805E-02 -4.44035736004690304E-02 4.65699961508968252E-02 5.60017150375845194E-02 7.36584484746223740E-03
qvel 3.03396544466065177E-01 2.04603249558975658E-01 -3.25534518484455471E-01 -1.94054700884913306E-01 -2.40501686537057613E-01
time 1.65000000000000036E-01
reset_qpos 0.00000000000000000E+00 0.00000000000000000E+00 0.00000000000000000E+00 0.00000000000000000E+00 0.00000000000000000E+00
reset_qvel 0.00000000000000000E+00 0.00000000000000000E+00 0.00000000000000000E+00 0.00000000000000000E+00 0.00000000000000000E+00
forward SUCCESS
forward_clamped -1.00000000000000000E+00
qacc 2.38739134189262980E+00 4.00325412953391524E+00 -5.22547641217744108E+00 -1.58714324247219851E+00 -4.48249504495614648E+00
mass 5.12072078488569726E+00 -4.12279731474628885E+00 1.70753750114173508E+00 2.37790626070753097E+00 -2.02423188548563782E-01 -4.12279731474628885E+00 9.25000000000000000E+00 1.22638581059178131E+00 -2.27984464643760987E+00 2.01946517772652578E+00 1.70753750114173508E+00 1.22638581059178131E+00 3.16141762865392195E+00 -4.61569757392887858E-03 6.29526908536425012E-01 2.37790626070753097E+00 -2.27984464643760987E+00 -4.61569757392887858E-03 2.34623708086785010E+00 0.00000000000000000E+00 -2.02423188548563782E-01 2.01946517772652578E+00 6.29526908536425012E-01 0.00000000000000000E+00 2.31999999999999895E+00
gravity -1.61384280619706324E+01 1.53170589101227463E+01 -1.04389957478615329E+01 -7.04340077659227060E+00 -6.11733646817864507E+00
bias -1.02615990913785008E-03 -7.21047388029919553E-04 -1.61755131277853729E-03 -1.10148064034945549E-03 -7.17284508171931942E-04
passive 6.61175478540169427E-03 1.73360614425455920E-03 -3.94107851517344360E-03 -8.31601918858718148E-03 0.00000000000000000E+00
actuation 1.21106023644208069E-01 7.71214909066053333E-02 0.00000000000000000E+00 0.00000000000000000E+00 0.00000000000000000E+00
tendon_length
tendon_velocity
tendon_force
length 1.46969328649139169E-01 3.94394212640884201E-02
velocity 7.60351800321194676E-02 -1.73360614425455903E-02
force -5.26547928887861200E-02 7.71214909066053333E-02
position 0.00000000000000000E+00 0.00000000000000000E+00 0.00000000000000000E+00
quaternion 1.00000000000000000E+00 0.00000000000000000E+00 0.00000000000000000E+00 0.00000000000000000E+00
position 1.47491294394921313E-01 1.19339693176087724E-01 8.91303914221439286E-01
quaternion 9.16854124984679442E-01 1.12642404995793616E-01 -3.28000676835631277E-01 1.97751758755033341E-01
position 4.61750945074024810E-01 2.19196326233418171E-02 1.21028699176152932E+00
quaternion 9.18786267059143347E-01 1.11465776527924221E-01 -3.22548796261246995E-01 1.98417363547075121E-01
position 2.26377662356583464E-01 9.73419989794055140E-02 1.59617672269002542E+00
quaternion 9.18786267059143347E-01 1.11465776527924221E-01 -3.22548796261246995E-01 1.98417363547075121E-01
position -2.46814186424749532E-01 1.89010702242614653E-01 8.00287534608868145E-01
quaternion 7.38682036992014956E-01 -3.05376831695962858E-01 -2.65965108859823329E-01 5.38847287974844824E-01
unchanged_qpos -6.38997081083213792E-02 3.94394212640884201E-02 4.68868061429679600E-02 1.18800274122674021E-02 4.23240401543050621E-02
unchanged_qvel -3.30587739270084696E-02 -1.73360614425455903E-02 1.31369283839114781E-02 2.48129699274043797E-02 -4.43809006818703805E-03
unchanged_time 1.25000000000000000E-01
step SUCCESS
step_clamped -1.00000000000000000E+00
qpos -6.32746408730777837E-02 4.20757664166297451E-02 4.30684833598716579E-02 1.15713488296026040E-02 3.83927977267641760E-02
qvel 5.77357359067446479E-02 1.40139604439970922E-01 -1.92243438343685152E-01 -3.59843078013388704E-02 -1.82797567005636735E-01
time 1.65000000000000036E-01
reset_qpos 0.00000000000000000E+00 0.00000000000000000E+00 0.00000000000000000E+00 0.00000000000000000E+00 0.00000000000000000E+00
reset_qvel 0.00000000000000000E+00 0.00000000000000000E+00 0.00000000000000000E+00 0.00000000000000000E+00 0.00000000000000000E+00
forward SUCCESS
forward_clamped -1.00000000000000000E+00
qacc 4.11842403646382493E+00 4.72800453839363044E+00 -6.46185030894138102E+00 -2.09843138648110594E+00 -4.71276663334859336E+00
mass 5.29868397529110702E+00 -4.13688414296374951E+00 1.85448576276026778E+00 2.42252189226350456E+00 -2.00385806389474508E-01 -4.13688414296374951E+00 9.25000000000000178E+00 1.18980918563096871E+00 -2.30223055912777896E+00 2.00457748448708184E+00 1.85448576276026778E+00 1.18980918563096871E+00 3.21878544281256440E+00 -1.64324072691142686E-02 6.29526908536425345E-01 2.42252189226350456E+00 -2.30223055912777896E+00 -1.64324072691142686E-02 2.34623708086784921E+00 0.00000000000000000E+00 -2.00385806389474508E-01 2.00457748448708184E+00 6.29526908536425345E-01 0.00000000000000000E+00 2.31999999999999984E+00
gravity -1.40006516703599520E+01 1.43190243285046783E+01 -1.05569738327352045E+01 -5.78205891423077567E+00 -6.38818641790445430E+00
bias 6.51160751427641397E-03 3.13984361491335051E-03 9.14452491502888536E-03 2.52951628666344894E-03 -2.59979647545711793E-04
passive -8.41801865700805667E-03 4.19745767947532315E-03 1.29668186742560726E-02 -2.80469412241611121E-02 0.00000000000000000E+00
actuation 6.92707225878334276E-02 2.12735873244951565E-02 0.00000000000000000E+00 0.00000000000000000E+00 0.00000000000000000E+00
tendon_length
tendon_velocity
tendon_force
length 6.11624649259276676E-02 -2.60127671637366831E-03
velocity -9.68072145555926300E-02 -4.19745767947532281E-02
force -3.01177054729710597E-02 2.12735873244951565E-02
position 0.00000000000000000E+00 0.00000000000000000E+00 0.00000000000000000E+00
quaternion 1.00000000000000000E+00 0.00000000000000000E+00 0.00000000000000000E+00 0.00000000000000000E+00
position 1.96514808512764622E-01 1.10481233676306578E-01 9.00619704958417810E-01
quaternion 9.19334815686884910E-01 1.08255676988845861E-01 -3.17190552094710421E-01 2.06141598731311104E-01
position 5.17714111226579399E-01 2.33251943137149920E-02 1.21563531209366049E+00
quaternion 9.25504359103768937E-01 1.04104486370494936E-01 -2.98710614060009427E-01 2.08268831670391008E-01
position 2.97831988596417963E-01 1.07122040259061885E-01 1.60886544923636032E+00
quaternion 9.25504359103768937E-01 1.04104486370494936E-01 -2.98710614060009427E-01 2.08268831670391008E-01
position -1.82600133123387048E-01 1.68370184106122617E-01 8.10042484397589302E-01
quaternion 7.34405735434654261E-01 -3.05474579698700399E-01 -2.56532508584797203E-01 5.49112528501925490E-01
unchanged_qpos -2.65923760547511628E-02 -2.60127671637366831E-03 2.87327676377709257E-02 4.00670588916587356E-02 2.32615994532409109E-02
unchanged_qvel 4.20900932850402781E-02 -4.19745767947532281E-02 -4.32227289141869087E-02 2.31071485880107036E-02 -4.52419666062895687E-02
unchanged_time 1.25000000000000000E-01
step SUCCESS
step_clamped -1.00000000000000000E+00
qpos -2.15276693681288774E-02 -3.56172857920171351E-04 2.16435734727526662E-02 3.92812338063971977E-02 1.75098802199992083E-02
qvel 2.00546923201520400E-01 1.43387199047633140E-01 -2.96317782831480192E-01 -5.65265479101065213E-02 -2.32428124273670017E-01
time 1.65000000000000036E-01
lifecycle PASS
