create SUCCESS
reset_qpos 2.00000000000000011E-01
reset_qvel 0.00000000000000000E+00
forward SUCCESS
forward_clamped -1.00000000000000000E+00
qacc -8.01544075257327115E+00
mass 2.31999999999999984E+00
gravity -1.80906462038100955E+01
bias 0.00000000000000000E+00
passive -4.34149364285037143E-01
actuation 0.00000000000000000E+00
tendon_length
tendon_velocity
tendon_force
length
velocity
force
position 0.00000000000000000E+00 0.00000000000000000E+00 0.00000000000000000E+00
quaternion 1.00000000000000000E+00 0.00000000000000000E+00 0.00000000000000000E+00 0.00000000000000000E+00
position 2.63989601067570467E-01 -2.72020797864859054E-01 8.91968803202711435E-01
quaternion 1.00000000000000000E+00 0.00000000000000000E+00 0.00000000000000000E+00 0.00000000000000000E+00
unchanged_qpos 6.52614248337986674E-02
unchanged_qvel -4.01882758873979076E-02
unchanged_time 1.25000000000000000E-01
step SUCCESS
step_clamped -1.00000000000000000E+00
qpos -1.02585485865303722E-01
qvel -1.60936262644741790E+00
time 3.25000000000000178E-01
reset_qpos 2.00000000000000011E-01
reset_qvel 0.00000000000000000E+00
forward SUCCESS
forward_clamped -1.00000000000000000E+00
qacc -7.86856861580964573E+00
mass 2.31999999999999984E+00
gravity -1.80906462038100955E+01
bias 0.00000000000000000E+00
passive -1.39717716846135320E-01
actuation 0.00000000000000000E+00
tendon_length
tendon_velocity
tendon_force
length
velocity
force
position 0.00000000000000000E+00 0.00000000000000000E+00 0.00000000000000000E+00
quaternion 1.00000000000000000E+00 0.00000000000000000E+00 0.00000000000000000E+00 0.00000000000000000E+00
position 2.33250174436256286E-01 -3.33499651127487362E-01 7.99750523308768946E-01
quaternion 1.00000000000000000E+00 0.00000000000000000E+00 0.00000000000000000E+00 0.00000000000000000E+00
unchanged_qpos -4.97549778864535969E-02
unchanged_qvel 1.35205237985333154E-02
unchanged_time 1.25000000000000000E-01
step SUCCESS
step_clamped -1.00000000000000000E+00
qpos -5.58103357484430948E-02
qvel -3.00283936399908413E-01
time 1.65000000000000036E-01
reset_qpos 2.00000000000000011E-01
reset_qvel 0.00000000000000000E+00
forward SUCCESS
forward_clamped -1.00000000000000000E+00
qacc -7.93270449396047272E+00
mass 2.31999999999999984E+00
gravity -1.80906462038100955E+01
bias 0.00000000000000000E+00
passive -2.80492715505850643E-01
actuation 0.00000000000000000E+00
tendon_length
tendon_velocity
tendon_force
length
velocity
force
position 0.00000000000000000E+00 0.00000000000000000E+00 0.00000000000000000E+00
quaternion 1.00000000000000000E+00 0.00000000000000000E+00 0.00000000000000000E+00 0.00000000000000000E+00
position 2.47000856588319218E-01 -3.05998286823361609E-01 8.41002569764957686E-01
quaternion 1.00000000000000000E+00 0.00000000000000000E+00 0.00000000000000000E+00 0.00000000000000000E+00
unchanged_qpos 1.69536356099315999E-03
unchanged_qvel 1.97174463038971015E-02
unchanged_time 1.25000000000000000E-01
step SUCCESS
step_clamped -1.00000000000000000E+00
qpos -4.16595741935366862E-03
qvel -2.96650174239814435E-01
time 1.65000000000000036E-01
reset_qpos 2.00000000000000011E-01
reset_qvel 0.00000000000000000E+00
forward SUCCESS
forward_clamped -1.00000000000000000E+00
qacc -7.85280995558838413E+00
mass 2.31999999999999984E+00
gravity -1.80906462038100955E+01
bias 0.00000000000000000E+00
passive -2.03598107716917942E-01
actuation 0.00000000000000000E+00
tendon_length
tendon_velocity
tendon_force
length
velocity
force
position 0.00000000000000000E+00 0.00000000000000000E+00 0.00000000000000000E+00
quaternion 1.00000000000000000E+00 0.00000000000000000E+00 0.00000000000000000E+00 0.00000000000000000E+00
position 2.39889858856492194E-01 -3.20220282287015601E-01 8.19669576569476588E-01
quaternion 1.00000000000000000E+00 0.00000000000000000E+00 0.00000000000000000E+00 0.00000000000000000E+00
unchanged_qpos -2.49115536296301357E-02
unchanged_qvel 2.86434172306417739E-03
unchanged_time 1.25000000000000000E-01
step SUCCESS
step_clamped -1.00000000000000000E+00
qpos -3.13798169558733783E-02
qvel -3.10302268313337848E-01
time 1.65000000000000036E-01
reset_qpos 2.00000000000000011E-01
reset_qvel 0.00000000000000000E+00
forward SUCCESS
forward_clamped -1.00000000000000000E+00
qacc -7.94752736549031624E+00
mass 2.31999999999999984E+00
gravity -1.80906462038100955E+01
bias 0.00000000000000000E+00
passive -4.28668640119725386E-01
actuation 0.00000000000000000E+00
tendon_length
tendon_velocity
tendon_force
length
velocity
force
position 0.00000000000000000E+00 0.00000000000000000E+00 0.00000000000000000E+00
quaternion 1.00000000000000000E+00 0.00000000000000000E+00 0.00000000000000000E+00 0.00000000000000000E+00
position 2.62146734984743945E-01 -2.75706530030512098E-01 8.86440204954231814E-01
quaternion 1.00000000000000000E+00 0.00000000000000000E+00 0.00000000000000000E+00 0.00000000000000000E+00
unchanged_qpos 5.83660513421556254E-02
unchanged_qvel 3.60100498635027716E-03
unchanged_time 1.25000000000000000E-01
step SUCCESS
step_clamped -1.00000000000000000E+00
qpos 5.18478463545368959E-02
qvel -3.13343513527353124E-01
time 1.65000000000000036E-01
reset_qpos 2.00000000000000011E-01
reset_qvel 0.00000000000000000E+00
forward SUCCESS
forward_clamped -1.00000000000000000E+00
qacc -7.97784890833457094E+00
mass 2.31999999999999984E+00
gravity -1.80906462038100955E+01
bias 0.00000000000000000E+00
passive -3.96728526811724158E-01
actuation 0.00000000000000000E+00
tendon_length
tendon_velocity
tendon_force
length
velocity
force
position 0.00000000000000000E+00 0.00000000000000000E+00 0.00000000000000000E+00
quaternion 1.00000000000000000E+00 0.00000000000000000E+00 0.00000000000000000E+00 0.00000000000000000E+00
position 2.58306145560532219E-01 -2.83387708878935551E-01 8.74918436681596634E-01
quaternion 1.00000000000000000E+00 0.00000000000000000E+00 0.00000000000000000E+00 0.00000000000000000E+00
unchanged_qpos 4.39958815534879089E-02
unchanged_qvel 2.64654887243558762E-02
unchanged_time 1.25000000000000000E-01
step SUCCESS
step_clamped -1.00000000000000000E+00
qpos 3.83665554759452868E-02
qvel -2.91708413553752932E-01
time 1.65000000000000036E-01
reset_qpos 2.00000000000000011E-01
reset_qvel 0.00000000000000000E+00
forward SUCCESS
forward_clamped -1.00000000000000000E+00
qacc -7.93623682278759990E+00
mass 2.31999999999999984E+00
gravity -1.80906462038100955E+01
bias 0.00000000000000000E+00
passive -2.40375551536067350E-01
actuation 0.00000000000000000E+00
tendon_length
tendon_velocity
tendon_force
length
velocity
force
position 0.00000000000000000E+00 0.00000000000000000E+00 0.00000000000000000E+00
quaternion 1.00000000000000000E+00 0.00000000000000000E+00 0.00000000000000000E+00 0.00000000000000000E+00
position 2.43078719072999549E-01 -3.13842561854000890E-01 8.29236157218998682E-01
quaternion 1.00000000000000000E+00 0.00000000000000000E+00 0.00000000000000000E+00 0.00000000000000000E+00
unchanged_qpos -1.29799312451458482E-02
unchanged_qvel 1.80712196598703523E-02
unchanged_time 1.25000000000000000E-01
step SUCCESS
step_clamped -1.00000000000000000E+00
qpos -1.89100419945044534E-02
qvel -2.98435814253940557E-01
time 1.65000000000000036E-01
reset_qpos 2.00000000000000011E-01
reset_qvel 0.00000000000000000E+00
forward SUCCESS
forward_clamped -1.00000000000000000E+00
qacc -7.99450755985910622E+00
mass 2.31999999999999984E+00
gravity -1.80906462038100955E+01
bias 0.00000000000000000E+00
passive -4.78677012341148789E-01
actuation 0.00000000000000000E+00
tendon_length
tendon_velocity
tendon_force
length
velocity
force
position 0.00000000000000000E+00 0.00000000000000000E+00 0.00000000000000000E+00
quaternion 1.00000000000000000E+00 0.00000000000000000E+00 0.00000000000000000E+00 0.00000000000000000E+00
position 2.67275025236493768E-01 -2.65449949527012508E-01 9.01825075709481339E-01
quaternion 1.00000000000000000E+00 0.00000000000000000E+00 0.00000000000000000E+00 0.00000000000000000E+00
unchanged_qpos 7.75543564441360939E-02
unchanged_qvel -2.39916686006216157E-03
unchanged_time 1.25000000000000000E-01
step SUCCESS
step_clamped -1.00000000000000000E+00
qpos 7.07568365224038875E-02
qvel -3.21211923074032124E-01
time 1.65000000000000036E-01
reset_qpos 2.00000000000000011E-01
reset_qvel 0.00000000000000000E+00
forward SUCCESS
forward_clamped -1.00000000000000000E+00
qacc -8.00800102495691490E+00
mass 2.31999999999999984E+00
gravity -1.80906462038100955E+01
bias 0.00000000000000000E+00
passive -4.29866504209875766E-01
actuation 0.00000000000000000E+00
tendon_length
tendon_velocity
tendon_force
length
velocity
force
position 0.00000000000000000E+00 0.00000000000000000E+00 0.00000000000000000E+00
quaternion 1.00000000000000000E+00 0.00000000000000000E+00 0.00000000000000000E+00 0.00000000000000000E+00
position 2.63407828394052246E-01 -2.73184343211895497E-01 8.90223485182156771E-01
quaternion 1.00000000000000000E+00 0.00000000000000000E+00 0.00000000000000000E+00 0.00000000000000000E+00
unchanged_qpos 6.30846308125059679E-02
unchanged_qvel -3.48733299463011154E-02
unchanged_time 1.25000000000000000E-01
step SUCCESS
step_clamped -1.00000000000000000E+00
qpos 5.49772346660988911E-02
qvel -3.54195528562862683E-01
time 1.65000000000000036E-01
reset_qpos 2.00000000000000011E-01
reset_qvel 0.00000000000000000E+00
forward SUCCESS
forward_clamped -1.00000000000000000E+00
qacc -7.95471837333820275E+00
mass 2.31999999999999984E+00
gravity -1.80906462038100955E+01
bias 0.00000000000000000E+00
passive -3.37809407929099970E-01
actuation 0.00000000000000000E+00
tendon_length
tendon_velocity
tendon_force
length
velocity
force
position 0.00000000000000000E+00 0.00000000000000000E+00 0.00000000000000000E+00
quaternion 1.00000000000000000E+00 0.00000000000000000E+00 0.00000000000000000E+00 0.00000000000000000E+00
position 2.52751181834622585E-01 -2.94497636330754764E-01 8.58253545503867787E-01
quaternion 1.00000000000000000E+00 0.00000000000000000E+00 0.00000000000000000E+00 0.00000000000000000E+00
unchanged_qpos 2.32111104951769204E-02
unchanged_qvel 1.71313653070740562E-02
unchanged_time 1.25000000000000000E-01
step SUCCESS
step_clamped -1.00000000000000000E+00
qpos 1.72279246001577971E-02
qvel -3.00111869109381313E-01
time 1.65000000000000036E-01
reset_qpos 2.00000000000000011E-01
reset_qvel 0.00000000000000000E+00
forward SUCCESS
forward_clamped -1.00000000000000000E+00
qacc -7.83954607815581195E+00
mass 2.31999999999999984E+00
gravity -1.80906462038100955E+01
bias 0.00000000000000000E+00
passive -4.84497201422062970E-02
actuation 0.00000000000000000E+00
tendon_length
tendon_velocity
tendon_force
length
velocity
force
position 0.00000000000000000E+00 0.00000000000000000E+00 0.00000000000000000E+00
quaternion 1.00000000000000000E+00 0.00000000000000000E+00 0.00000000000000000E+00 0.00000000000000000E+00
position 2.26048074170111551E-01 -3.47903851659776886E-01 7.78144222510334660E-01
quaternion 1.00000000000000000E+00 0.00000000000000000E+00 0.00000000000000000E+00 0.00000000000000000E+00
unchanged_qpos -7.67027695475606813E-02
unchanged_qvel -4.81760069312662798E-02
unchanged_time 1.25000000000000000E-01
step SUCCESS
step_clamped -1.00000000000000000E+00
qpos -8.52008970002940541E-02
qvel -3.60768607542120590E-01
time 1.65000000000000036E-01
reset_qpos 2.00000000000000011E-01
reset_qvel 0.00000000000000000E+00
forward SUCCESS
forward_clamped -1.00000000000000000E+00
qacc -7.83353788293876363E+00
mass 2.31999999999999984E+00
gravity -1.80906462038100955E+01
bias 0.00000000000000000E+00
passive -1.59555936173278484E-01
actuation 0.00000000000000000E+00
tendon_length
tendon_velocity
tendon_force
length
velocity
force
position 0.00000000000000000E+00 0.00000000000000000E+00 0.00000000000000000E+00
quaternion 1.00000000000000000E+00 0.00000000000000000E+00 0.00000000000000000E+00 0.00000000000000000E+00
position 2.35060820519379321E-01 -3.29878358961241291E-01 8.05182461558137996E-01
quaternion 1.00000000000000000E+00 0.00000000000000000E+00 0.00000000000000000E+00 0.00000000000000000E+00
unchanged_qpos -4.29801605947030124E-02
unchanged_qvel 1.86745659299220323E-02
unchanged_time 1.25000000000000000E-01
step SUCCESS
step_clamped -1.00000000000000000E+00
qpos -4.88000551651436507E-02
qvel -2.93737445069157332E-01
time 1.65000000000000036E-01
lifecycle PASS
