create SUCCESS
reset_qpos 0.00000000000000000E+00
reset_qvel 0.00000000000000000E+00
forward SUCCESS
forward_clamped -1.00000000000000000E+00
qacc -4.82603057508595228E+08
mass 1.00000000000000004E-10
gravity -9.81000000000000024E-10
bias 0.00000000000000000E+00
passive -0.00000000000000000E+00
actuation 0.00000000000000000E+00
tendon_length
tendon_velocity
tendon_force
length
velocity
force
position 0.00000000000000000E+00 0.00000000000000000E+00 0.00000000000000000E+00
quaternion 1.00000000000000000E+00 0.00000000000000000E+00 0.00000000000000000E+00 0.00000000000000000E+00
position 0.00000000000000000E+00 0.00000000000000000E+00 4.49974647976278952E-02
quaternion 1.00000000000000000E+00 0.00000000000000000E+00 0.00000000000000000E+00 0.00000000000000000E+00
unchanged_qpos 4.49974647976278952E-02
unchanged_qvel 4.30278278231582545E-02
unchanged_time 1.25000000000000000E-01
step SUCCESS
step_clamped -1.00000000000000000E+00
qpos -9.74858170807058923E+06
qvel -9.65206114586912245E+07
time 3.25000000000000178E-01
reset_qpos 0.00000000000000000E+00
reset_qvel 0.00000000000000000E+00
forward SUCCESS
forward_clamped -1.00000000000000000E+00
qacc -1.08120220266410097E+08
mass 1.00000000000000004E-10
gravity -9.81000000000000024E-10
bias 0.00000000000000000E+00
passive 0.00000000000000000E+00
actuation 0.00000000000000000E+00
tendon_length
tendon_velocity
tendon_force
length
velocity
force
position 0.00000000000000000E+00 0.00000000000000000E+00 0.00000000000000000E+00
quaternion 1.00000000000000000E+00 0.00000000000000000E+00 0.00000000000000000E+00 0.00000000000000000E+00
position 0.00000000000000000E+00 0.00000000000000000E+00 2.41692579959208453E-02
quaternion 1.00000000000000000E+00 0.00000000000000000E+00 0.00000000000000000E+00 0.00000000000000000E+00
unchanged_qpos 2.41692579959208453E-02
unchanged_qvel -2.38710479271723626E-02
unchanged_time 1.25000000000000000E-01
step SUCCESS
step_clamped -1.00000000000000000E+00
qpos -9.08209618093684257E+04
qvel -4.32480883452745341E+06
time 1.65000000000000036E-01
reset_qpos 0.00000000000000000E+00
reset_qvel 0.00000000000000000E+00
forward SUCCESS
forward_clamped -1.00000000000000000E+00
qacc -5.67987567132609963E+08
mass 1.00000000000000004E-10
gravity -9.81000000000000024E-10
bias 0.00000000000000000E+00
passive 0.00000000000000000E+00
actuation 0.00000000000000000E+00
tendon_length
tendon_velocity
tendon_force
length
velocity
force
position 0.00000000000000000E+00 0.00000000000000000E+00 0.00000000000000000E+00
quaternion 1.00000000000000000E+00 0.00000000000000000E+00 0.00000000000000000E+00 0.00000000000000000E+00
position 0.00000000000000000E+00 0.00000000000000000E+00 -4.33147806951882167E-02
quaternion 1.00000000000000000E+00 0.00000000000000000E+00 0.00000000000000000E+00 0.00000000000000000E+00
unchanged_qpos -4.33147806951882167E-02
unchanged_qvel 3.10263932407432580E-02
unchanged_time 1.25000000000000000E-01
step SUCCESS
step_clamped -1.00000000000000000E+00
qpos -4.77109598465117393E+05
qvel -2.27195026542780139E+07
time 1.65000000000000036E-01
reset_qpos 0.00000000000000000E+00
reset_qvel 0.00000000000000000E+00
forward SUCCESS
forward_clamped -1.00000000000000000E+00
qacc -9.21691028232537508E+08
mass 1.00000000000000004E-10
gravity -9.81000000000000024E-10
bias 0.00000000000000000E+00
passive 0.00000000000000000E+00
actuation 0.00000000000000000E+00
tendon_length
tendon_velocity
tendon_force
length
velocity
force
position 0.00000000000000000E+00 0.00000000000000000E+00 0.00000000000000000E+00
quaternion 1.00000000000000000E+00 0.00000000000000000E+00 0.00000000000000000E+00 0.00000000000000000E+00
position 0.00000000000000000E+00 0.00000000000000000E+00 -1.99585371257053265E-02
quaternion 1.00000000000000000E+00 0.00000000000000000E+00 0.00000000000000000E+00 0.00000000000000000E+00
unchanged_qpos -1.99585371257053265E-02
unchanged_qvel -1.67775993678948715E-02
unchanged_time 1.25000000000000000E-01
step SUCCESS
step_clamped -1.00000000000000000E+00
qpos -7.74220484344972647E+05
qvel -3.68676411460790932E+07
time 1.65000000000000036E-01
reset_qpos 0.00000000000000000E+00
reset_qvel 0.00000000000000000E+00
forward SUCCESS
forward_clamped -1.00000000000000000E+00
qacc -6.29076250473244071E+08
mass 1.00000000000000004E-10
gravity -9.81000000000000024E-10
bias 0.00000000000000000E+00
passive 0.00000000000000000E+00
actuation 0.00000000000000000E+00
tendon_length
tendon_velocity
tendon_force
length
velocity
force
position 0.00000000000000000E+00 0.00000000000000000E+00 0.00000000000000000E+00
quaternion 1.00000000000000000E+00 0.00000000000000000E+00 0.00000000000000000E+00 0.00000000000000000E+00
position 0.00000000000000000E+00 0.00000000000000000E+00 -4.62254383689785775E-02
quaternion 1.00000000000000000E+00 0.00000000000000000E+00 0.00000000000000000E+00 0.00000000000000000E+00
unchanged_qpos -4.62254383689785775E-02
unchanged_qvel 2.82897195731879325E-03
unchanged_time 1.25000000000000000E-01
step SUCCESS
step_clamped -1.00000000000000000E+00
qpos -5.28424096509804600E+05
qvel -2.51630500161007941E+07
time 1.65000000000000036E-01
reset_qpos 0.00000000000000000E+00
reset_qvel 0.00000000000000000E+00
forward SUCCESS
forward_clamped -1.00000000000000000E+00
qacc 6.68630540837348342E+08
mass 1.00000000000000004E-10
gravity -9.81000000000000024E-10
bias 0.00000000000000000E+00
passive -0.00000000000000000E+00
actuation 0.00000000000000000E+00
tendon_length
tendon_velocity
tendon_force
length
velocity
force
position 0.00000000000000000E+00 0.00000000000000000E+00 0.00000000000000000E+00
quaternion 1.00000000000000000E+00 0.00000000000000000E+00 0.00000000000000000E+00 0.00000000000000000E+00
position 0.00000000000000000E+00 0.00000000000000000E+00 2.62787302905985454E-03
quaternion 1.00000000000000000E+00 0.00000000000000000E+00 0.00000000000000000E+00 0.00000000000000000E+00
unchanged_qpos 2.62787302905985454E-03
unchanged_qvel 7.08143143751436416E-03
unchanged_time 1.25000000000000000E-01
step SUCCESS
step_clamped -1.00000000000000000E+00
qpos 5.61649657214502804E+05
qvel 2.67452216405753531E+07
time 1.65000000000000036E-01
reset_qpos 0.00000000000000000E+00
reset_qvel 0.00000000000000000E+00
forward SUCCESS
forward_clamped -1.00000000000000000E+00
qacc -3.60035309030522764E+08
mass 1.00000000000000004E-10
gravity -9.81000000000000024E-10
bias 0.00000000000000000E+00
passive 0.00000000000000000E+00
actuation 0.00000000000000000E+00
tendon_length
tendon_velocity
tendon_force
length
velocity
force
position 0.00000000000000000E+00 0.00000000000000000E+00 0.00000000000000000E+00
quaternion 1.00000000000000000E+00 0.00000000000000000E+00 0.00000000000000000E+00 0.00000000000000000E+00
position 0.00000000000000000E+00 0.00000000000000000E+00 4.43997473478870697E-02
quaternion 1.00000000000000000E+00 0.00000000000000000E+00 0.00000000000000000E+00 0.00000000000000000E+00
unchanged_qpos 4.43997473478870697E-02
unchanged_qvel -4.56281060495672686E-02
unchanged_time 1.25000000000000000E-01
step SUCCESS
step_clamped -1.00000000000000000E+00
qpos -3.02429617011015944E+05
qvel -1.44014124068490118E+07
time 1.65000000000000036E-01
reset_qpos 0.00000000000000000E+00
reset_qvel 0.00000000000000000E+00
forward SUCCESS
forward_clamped -1.00000000000000000E+00
qacc 2.08903346963227898E+08
mass 1.00000000000000004E-10
gravity -9.81000000000000024E-10
bias 0.00000000000000000E+00
passive 0.00000000000000000E+00
actuation 0.00000000000000000E+00
tendon_length
tendon_velocity
tendon_force
length
velocity
force
position 0.00000000000000000E+00 0.00000000000000000E+00 0.00000000000000000E+00
quaternion 1.00000000000000000E+00 0.00000000000000000E+00 0.00000000000000000E+00 0.00000000000000000E+00
position 0.00000000000000000E+00 0.00000000000000000E+00 -6.99937451269397187E-02
quaternion 1.00000000000000000E+00 0.00000000000000000E+00 0.00000000000000000E+00 0.00000000000000000E+00
unchanged_qpos -6.99937451269397187E-02
unchanged_qvel 3.24978269335794712E-02
unchanged_time 1.25000000000000000E-01
step SUCCESS
step_clamped -1.00000000000000000E+00
qpos 1.75478742755279352E+05
qvel 8.35613391102694068E+06
time 1.65000000000000036E-01
reset_qpos 0.00000000000000000E+00
reset_qvel 0.00000000000000000E+00
forward SUCCESS
forward_clamped -1.00000000000000000E+00
qacc -7.93254092801077604E+08
mass 1.00000000000000004E-10
gravity -9.81000000000000024E-10
bias 0.00000000000000000E+00
passive 0.00000000000000000E+00
actuation 0.00000000000000000E+00
tendon_length
tendon_velocity
tendon_force
length
velocity
force
position 0.00000000000000000E+00 0.00000000000000000E+00 0.00000000000000000E+00
quaternion 1.00000000000000000E+00 0.00000000000000000E+00 0.00000000000000000E+00 0.00000000000000000E+00
position 0.00000000000000000E+00 0.00000000000000000E+00 -1.39278525890311200E-02
quaternion 1.00000000000000000E+00 0.00000000000000000E+00 0.00000000000000000E+00 0.00000000000000000E+00
unchanged_qpos -1.39278525890311200E-02
unchanged_qvel 1.73344001450928542E-04
unchanged_time 1.25000000000000000E-01
step SUCCESS
step_clamped -1.00000000000000000E+00
qpos -6.66333451873823884E+05
qvel -3.17301637118697539E+07
time 1.65000000000000036E-01
reset_qpos 0.00000000000000000E+00
reset_qvel 0.00000000000000000E+00
forward SUCCESS
forward_clamped -1.00000000000000000E+00
qacc 9.54628632262158632E+08
mass 1.00000000000000004E-10
gravity -9.81000000000000024E-10
bias 0.00000000000000000E+00
passive 0.00000000000000000E+00
actuation 0.00000000000000000E+00
tendon_length
tendon_velocity
tendon_force
length
velocity
force
position 0.00000000000000000E+00 0.00000000000000000E+00 0.00000000000000000E+00
quaternion 1.00000000000000000E+00 0.00000000000000000E+00 0.00000000000000000E+00 0.00000000000000000E+00
position 0.00000000000000000E+00 0.00000000000000000E+00 6.52579300595157036E-02
quaternion 1.00000000000000000E+00 0.00000000000000000E+00 0.00000000000000000E+00 0.00000000000000000E+00
unchanged_qpos 6.52579300595157036E-02
unchanged_qvel -2.34386325105153913E-02
unchanged_time 1.25000000000000000E-01
step SUCCESS
step_clamped -1.00000000000000000E+00
qpos 8.01888115420598304E+05
qvel 3.81851452670477256E+07
time 1.65000000000000036E-01
reset_qpos 0.00000000000000000E+00
reset_qvel 0.00000000000000000E+00
forward SUCCESS
forward_clamped -1.00000000000000000E+00
qacc -8.16310954088993907E+08
mass 1.00000000000000004E-10
gravity -9.81000000000000024E-10
bias 0.00000000000000000E+00
passive -0.00000000000000000E+00
actuation 0.00000000000000000E+00
tendon_length
tendon_velocity
tendon_force
length
velocity
force
position 0.00000000000000000E+00 0.00000000000000000E+00 0.00000000000000000E+00
quaternion 1.00000000000000000E+00 0.00000000000000000E+00 0.00000000000000000E+00 0.00000000000000000E+00
position 0.00000000000000000E+00 0.00000000000000000E+00 3.31244351727123520E-02
quaternion 1.00000000000000000E+00 0.00000000000000000E+00 0.00000000000000000E+00 0.00000000000000000E+00
unchanged_qpos 3.31244351727123520E-02
unchanged_qvel 4.92849846580320217E-02
unchanged_time 1.25000000000000000E-01
step SUCCESS
step_clamped -1.00000000000000000E+00
qpos -6.85701166338920360E+05
qvel -3.26524381142747663E+07
time 1.65000000000000036E-01
reset_qpos 0.00000000000000000E+00
reset_qvel 0.00000000000000000E+00
forward SUCCESS
forward_clamped -1.00000000000000000E+00
qacc 8.32998350476142645E+08
mass 1.00000000000000004E-10
gravity -9.81000000000000024E-10
bias 0.00000000000000000E+00
passive -0.00000000000000000E+00
actuation 0.00000000000000000E+00
tendon_length
tendon_velocity
tendon_force
length
velocity
force
position 0.00000000000000000E+00 0.00000000000000000E+00 0.00000000000000000E+00
quaternion 1.00000000000000000E+00 0.00000000000000000E+00 0.00000000000000000E+00 0.00000000000000000E+00
position 0.00000000000000000E+00 0.00000000000000000E+00 3.48322954919071115E-03
quaternion 1.00000000000000000E+00 0.00000000000000000E+00 0.00000000000000000E+00 0.00000000000000000E+00
unchanged_qpos 3.48322954919071115E-03
unchanged_qvel 2.07140836345394430E-02
unchanged_time 1.25000000000000000E-01
step SUCCESS
step_clamped -1.00000000000000000E+00
qpos 6.99718618711752817E+05
qvel 3.33199340397597812E+07
time 1.65000000000000036E-01
lifecycle PASS
