create SUCCESS
reset_qpos 0.00000000000000000E+00 0.00000000000000000E+00
reset_qvel 0.00000000000000000E+00 0.00000000000000000E+00
forward SUCCESS
forward_clamped -1.00000000000000000E+00
qacc 4.02212561639314237E-01 -5.40635047753506015E-02
mass 1.50000000000000000E+00 1.39618335859365394E-01 1.39618335859365394E-01 5.14000000000000012E-01
gravity 0.00000000000000000E+00 0.00000000000000000E+00
bias -4.70267892806115715E-06 3.17637355220362627E-22
passive 6.65768047224426174E-01 1.14319486417431129E-01
actuation 2.97027863327264004E-02 0.00000000000000000E+00
tendon_length 2.25960219770730220E+00
tendon_velocity 1.23290741822439827E-02
tendon_force -1.33114599136907596E+00
length -2.39180482927485449E-02
velocity -2.01777415036480043E-02
force 4.24325519038948606E-02
position 0.00000000000000000E+00 0.00000000000000000E+00 0.00000000000000000E+00
quaternion 1.00000000000000000E+00 0.00000000000000000E+00 0.00000000000000000E+00 0.00000000000000000E+00
position 1.00000000000000000E+00 6.58313595817877906E-02 2.00000000000000011E-01
quaternion 9.99318224482796169E-01 0.00000000000000000E+00 0.00000000000000000E+00 3.69199975155984142E-02
unchanged_qpos -3.41686404182122080E-02 7.38567803757550351E-02
unchanged_qvel -2.88253450052114342E-02 2.13358973501324989E-02
unchanged_time 1.25000000000000000E-01
step SUCCESS
step_clamped -1.00000000000000000E+00
qpos -3.50182914892641639E-02 7.57168344182608116E-02
qvel 1.14274739701512550E-02 1.59143148678817480E-02
time 2.25000000000000089E-01
reset_qpos 0.00000000000000000E+00 0.00000000000000000E+00
reset_qvel 0.00000000000000000E+00 0.00000000000000000E+00
forward SUCCESS
forward_clamped -1.00000000000000000E+00
qacc 4.59502196936924845E-01 2.90839671476621264E-01
mass 1.50000000000000000E+00 1.39912200715459567E-01 1.39912200715459567E-01 5.14000000000000012E-01
gravity 0.00000000000000000E+00 0.00000000000000000E+00
bias 5.05409327501968492E-06 -1.05879118406787542E-22
passive 6.04931093271328546E-01 1.21788702241842489E-01
actuation 3.48490734699706539E-02 0.00000000000000000E+00
tendon_length 2.24836188885372135E+00
tendon_velocity 1.35394484224164082E-02
tendon_force -1.30826351559419374E+00
length 7.16778571881547880E-03
velocity -1.62776040873026800E-02
force 4.97843906713866524E-02
position 0.00000000000000000E+00 0.00000000000000000E+00 0.00000000000000000E+00
quaternion 1.00000000000000000E+00 0.00000000000000000E+00 0.00000000000000000E+00 0.00000000000000000E+00
position 1.00000000000000000E+00 1.10239693884022119E-01 2.00000000000000011E-01
quaternion 9.99843203270713299E-01 0.00000000000000000E+00 0.00000000000000000E+00 -1.77078760261922402E-02
unchanged_qpos 1.02396938840221136E-02 -3.54176031931818097E-02
unchanged_qvel -2.32537201247181163E-02 -3.19295961040727411E-02
unchanged_time 1.25000000000000000E-01
step SUCCESS
step_clamped -1.00000000000000000E+00
qpos 9.87113523580992504E-03 -3.59951049055976594E-02
qvel -1.40608503251168689E-02 -2.61108708378445832E-02
time 1.45000000000000018E-01
reset_qpos 0.00000000000000000E+00 0.00000000000000000E+00
reset_qvel 0.00000000000000000E+00 0.00000000000000000E+00
forward SUCCESS
forward_clamped -1.00000000000000000E+00
qacc 3.51598815034026235E-01 7.31684410113896538E-02
mass 1.50000000000000000E+00 1.39984238755971407E-01 1.39984238755971407E-01 5.14000000000000012E-01
gravity 0.00000000000000000E+00 0.00000000000000000E+00
bias 1.33031978545307155E-07 -3.63959469523332177E-23
passive 4.97336178328222411E-01 1.08375713627024223E-01
actuation -1.78302528072559821E-02 0.00000000000000000E+00
tendon_length 2.22235544835184262E+00
tendon_velocity -1.06141553304468349E-02
tendon_force -1.25454920530538616E+00
length 4.66456486936574766E-02
velocity 1.98884072791461995E-02
force -2.54717897246514030E-02
position 0.00000000000000000E+00 0.00000000000000000E+00 0.00000000000000000E+00
quaternion 1.00000000000000000E+00 0.00000000000000000E+00 0.00000000000000000E+00 0.00000000000000000E+00
position 1.00000000000000000E+00 1.66636640990939278E-01 2.00000000000000011E-01
quaternion 9.99971854525293802E-01 0.00000000000000000E+00 0.00000000000000000E+00 -7.50267667202780906E-03
unchanged_qpos 6.66366409909392582E-02 -1.50054941232382055E-02
unchanged_qvel 2.84120103987802880E-02 -7.95787303394439316E-03
unchanged_time 1.25000000000000000E-01
step SUCCESS
step_clamped -1.00000000000000000E+00
qpos 6.72786572603456950E-02 -1.51492828637652330E-02
qvel 3.54354107347510730E-02 -6.49405421468958119E-03
time 1.45000000000000018E-01
reset_qpos 0.00000000000000000E+00 0.00000000000000000E+00
reset_qvel 0.00000000000000000E+00 0.00000000000000000E+00
forward SUCCESS
forward_clamped -1.00000000000000000E+00
qacc 4.51251241128584779E-01 -9.21254310048384428E-02
mass 1.50000000000000000E+00 1.39852322452867106E-01 1.39852322452867106E-01 5.14000000000000012E-01
gravity 0.00000000000000000E+00 0.00000000000000000E+00
bias -1.22067966048600986E-06 2.11758236813575085E-22
passive 6.18149933914501126E-01 1.13227405264156339E-01
actuation -3.45276969461107627E-02 0.00000000000000000E+00
tendon_length 2.24829233464324307E+00
tendon_velocity 9.80754494662906297E-03
tendon_force -1.30800950632137414E+00
length -3.78973873056387368E-03
velocity -1.64559492082123546E-02
force -4.93252813515868069E-02
position 0.00000000000000000E+00 0.00000000000000000E+00 0.00000000000000000E+00
quaternion 1.00000000000000000E+00 0.00000000000000000E+00 0.00000000000000000E+00 0.00000000000000000E+00
position 1.00000000000000000E+00 9.45860875277658997E-02 2.00000000000000011E-01
quaternion 9.99736255313776079E-01 0.00000000000000000E+00 0.00000000000000000E+00 2.29656223775549229E-02
unchanged_qpos -5.41391247223410588E-03 4.59352832217412993E-02
unchanged_qvel -2.35084988688747942E-02 1.37797077770750176E-02
unchanged_time 1.25000000000000000E-01
step SUCCESS
step_clamped -1.00000000000000000E+00
qpos -5.78930432169609717E-03 4.61915304388234443E-02
qvel -1.44813395273857004E-02 1.19370915026022553E-02
time 1.45000000000000018E-01
reset_qpos 0.00000000000000000E+00 0.00000000000000000E+00
reset_qvel 0.00000000000000000E+00 0.00000000000000000E+00
forward SUCCESS
forward_clamped -1.00000000000000000E+00
qacc 3.31920432178672231E-01 2.44797144683281870E-01
mass 1.50000000000000000E+00 1.39912776376032610E-01 1.39912776376032610E-01 5.14000000000000012E-01
gravity 0.00000000000000000E+00 0.00000000000000000E+00
bias -7.59800806028956493E-06 -2.11758236813575085E-21
passive 5.91341738995938782E-01 1.11951071290142659E-01
actuation 7.86561000322527973E-03 0.00000000000000000E+00
tendon_length 2.24223594048964303E+00
tendon_velocity -1.37429078369480416E-03
tendon_force -1.29532899798986101E+00
length 6.82476729171593507E-03
velocity 7.62742324932495341E-03
force 1.12365857188932577E-02
position 0.00000000000000000E+00 0.00000000000000000E+00 0.00000000000000000E+00
quaternion 1.00000000000000000E+00 0.00000000000000000E+00 0.00000000000000000E+00 0.00000000000000000E+00
position 1.00000000000000000E+00 1.09749667559594200E-01 2.00000000000000011E-01
quaternion 9.99844231396700422E-01 0.00000000000000000E+00 0.00000000000000000E+00 1.76497292540505404E-02
unchanged_qpos 9.74966755959419396E-03 3.53012914714251891E-02
unchanged_qvel 1.08963189276070765E-02 -3.92135050402062577E-02
unchanged_time 1.25000000000000000E-01
step SUCCESS
step_clamped -1.00000000000000000E+00
qpos 1.00372691399343954E-02 3.45684430740968648E-02
qvel 1.75306623037628818E-02 -3.43155578519251381E-02
time 1.45000000000000018E-01
reset_qpos 0.00000000000000000E+00 0.00000000000000000E+00
reset_qvel 0.00000000000000000E+00 0.00000000000000000E+00
forward SUCCESS
forward_clamped -1.00000000000000000E+00
qacc 2.32572583404069694E-01 2.78969185160388211E-01
mass 1.50000000000000000E+00 1.39999684688084824E-01 1.39999684688084824E-01 5.14000000000000012E-01
gravity 0.00000000000000000E+00 0.00000000000000000E+00
bias -3.60590956873884794E-07 -3.63959469523332177E-22
passive 4.82528691976428004E-01 1.04775333080581318E-01
actuation -5.17963192298791716E-02 0.00000000000000000E+00
tendon_length 2.21808469738217751E+00
tendon_velocity 9.67302469156974300E-04
tendon_force -1.24620025140101243E+00
length 5.16959569144695846E-02
velocity -7.06964099012548624E-03
force -7.39947417569702531E-02
position 0.00000000000000000E+00 0.00000000000000000E+00 0.00000000000000000E+00
quaternion 1.00000000000000000E+00 0.00000000000000000E+00 0.00000000000000000E+00 0.00000000000000000E+00
position 1.00000000000000000E+00 1.73851367020670833E-01 2.00000000000000011E-01
quaternion 9.99999436942850206E-01 0.00000000000000000E+00 0.00000000000000000E+00 1.06118517817697434E-03
unchanged_qpos 7.38513670206708411E-02 2.12237075469264014E-03
unchanged_qvel -1.00994871287506949E-02 3.48363731917433611E-02
unchanged_time 1.25000000000000000E-01
step SUCCESS
step_clamped -1.00000000000000000E+00
qpos 7.36982181503195027E-02 2.87767236205335513E-03
qvel -5.44798462509095763E-03 4.04143821343377063E-02
time 1.45000000000000018E-01
reset_qpos 0.00000000000000000E+00 0.00000000000000000E+00
reset_qvel 0.00000000000000000E+00 0.00000000000000000E+00
forward SUCCESS
forward_clamped -1.00000000000000000E+00
qacc 3.77730026115187079E-01 1.26597633830939804E-01
mass 1.50000000000000000E+00 1.39689744222290801E-01 1.39689744222290801E-01 5.14000000000000012E-01
gravity 0.00000000000000000E+00 0.00000000000000000E+00
bias 2.05741862187486324E-05 3.81164826264435153E-21
passive 5.51382216226731114E-01 1.19850238637891821E-01
actuation 3.77092983580744265E-02 0.00000000000000000E+00
tendon_length 2.23699207527592492E+00
tendon_velocity -1.61124042001442105E-02
tendon_force -1.28419982555646950E+00
length 2.91750651437585051E-02
velocity 3.25424669793880975E-02
force 5.38704262258206112E-02
position 0.00000000000000000E+00 0.00000000000000000E+00 0.00000000000000000E+00
quaternion 1.00000000000000000E+00 0.00000000000000000E+00 0.00000000000000000E+00 0.00000000000000000E+00
position 1.00000000000000000E+00 1.41678664491083572E-01 2.00000000000000011E-01
quaternion 9.99445818266822439E-01 0.00000000000000000E+00 0.00000000000000000E+00 -3.32874803636707545E-02
unchanged_qpos 4.16786644910835807E-02 -6.65872616632069703E-02
unchanged_qvel 4.64892385419830023E-02 -4.69961442622184103E-02
unchanged_time 1.25000000000000000E-01
step SUCCESS
step_clamped -1.00000000000000000E+00
qpos 4.26876878644041127E-02 -6.75005851825325881E-02
qvel 5.40316841102335341E-02 -4.44622457253288708E-02
time 1.45000000000000018E-01
reset_qpos 0.00000000000000000E+00 0.00000000000000000E+00
reset_qvel 0.00000000000000000E+00 0.00000000000000000E+00
forward SUCCESS
forward_clamped -1.00000000000000000E+00
qacc 3.53337340900751196E-01 1.99649601317557435E-01
mass 1.50000000000000000E+00 1.39702777297319947E-01 1.39702777297319947E-01 5.14000000000000012E-01
gravity 0.00000000000000000E+00 0.00000000000000000E+00
bias -1.36927079364091700E-06 -1.58818677610181314E-22
passive 4.79841923450863461E-01 9.68465118772957878E-02
actuation 8.63941037157618316E-03 0.00000000000000000E+00
tendon_length 2.21421042578762073E+00
tendon_velocity 2.01949503429435413E-02
tendon_force -1.23889015691885951E+00
length 4.88259219918258450E-02
velocity -3.46413473109282513E-02
force 1.23420148165374055E-02
position 0.00000000000000000E+00 0.00000000000000000E+00 0.00000000000000000E+00
quaternion 1.00000000000000000E+00 0.00000000000000000E+00 0.00000000000000000E+00 0.00000000000000000E+00
position 1.00000000000000000E+00 1.69751317131179802E-01 2.00000000000000011E-01
quaternion 9.99469104248636442E-01 0.00000000000000000E+00 0.00000000000000000E+00 3.25808172461725595E-02
unchanged_qpos 6.97513171311797825E-02 6.51731682866471956E-02
unchanged_qvel -4.94876390156117896E-02 -1.22546237842106401E-02
unchanged_time 1.25000000000000000E-01
step SUCCESS
step_clamped -1.00000000000000000E+00
qpos 6.88358292074157802E-02 6.49700097534287452E-02
qvel -4.24118004162362741E-02 -8.26059254597871946E-03
time 1.45000000000000018E-01
reset_qpos 0.00000000000000000E+00 0.00000000000000000E+00
reset_qvel 0.00000000000000000E+00 0.00000000000000000E+00
forward SUCCESS
forward_clamped -1.00000000000000000E+00
qacc 2.62157530746961298E-01 2.63910822500246389E-01
mass 1.50000000000000000E+00 1.39658535471244905E-01 1.39658535471244905E-01 5.14000000000000012E-01
gravity 0.00000000000000000E+00 0.00000000000000000E+00
bias -6.34660667966960042E-06 1.16467030247466297E-21
passive 5.71518939134890158E-01 1.05447452655618418E-01
actuation -5.03725805047460437E-02 0.00000000000000000E+00
tendon_length 2.23530785529886522E+00
tendon_velocity 1.60406761479664726E-02
tendon_force -1.28173423294379063E+00
length 1.26153663106879123E-02
velocity -2.14890006245586386E-02
force -7.19608292924943521E-02
position 0.00000000000000000E+00 0.00000000000000000E+00 0.00000000000000000E+00
quaternion 1.00000000000000000E+00 0.00000000000000000E+00 0.00000000000000000E+00 0.00000000000000000E+00
position 1.00000000000000000E+00 1.18021951872411310E-01 2.00000000000000011E-01
quaternion 9.99390055897033114E-01 0.00000000000000000E+00 0.00000000000000000E+00 3.49215717590847033E-02
unchanged_qpos 1.80219518724113043E-02 6.98573471214319480E-02
unchanged_qvel -3.06985723207980586E-02 -2.54845737170117173E-02
unchanged_time 1.25000000000000000E-01
step SUCCESS
step_clamped -1.00000000000000000E+00
qpos 1.74630734143123682E-02 6.94030877586958583E-02
qvel -2.54497641430421959E-02 -2.02048445854481375E-02
time 1.45000000000000018E-01
reset_qpos 0.00000000000000000E+00 0.00000000000000000E+00
reset_qvel 0.00000000000000000E+00 0.00000000000000000E+00
forward SUCCESS
forward_clamped -1.00000000000000000E+00
qacc 4.11066373663971973E-01 -8.35302771947567801E-02
mass 1.50000000000000000E+00 1.39788379091271397E-01 1.39788379091271397E-01 5.14000000000000012E-01
gravity 0.00000000000000000E+00 0.00000000000000000E+00
bias -9.38938854942658370E-06 1.05879118406787542E-22
passive 5.99942674468726955E-01 1.10304368732911190E-01
actuation 1.27726990727354862E-02 0.00000000000000000E+00
tendon_length 2.24345903769362254E+00
tendon_velocity 4.29552813103814893E-04
tendon_force -1.29787592798498919E+00
length 2.18263850396760136E-03
velocity 4.29220709095244884E-03
force 1.82467129610506956E-02
position 0.00000000000000000E+00 0.00000000000000000E+00 0.00000000000000000E+00
quaternion 1.00000000000000000E+00 0.00000000000000000E+00 0.00000000000000000E+00 0.00000000000000000E+00
position 1.00000000000000000E+00 1.03118055005668008E-01 2.00000000000000011E-01
quaternion 9.99622034091013356E-01 0.00000000000000000E+00 0.00000000000000000E+00 2.74916161719300986E-02
unchanged_qpos 3.11805500566800231E-03 5.49901606538014537E-02
unchanged_qvel 6.13172441564635573E-03 -3.49318505826214723E-02
unchanged_time 1.25000000000000000E-01
step SUCCESS
step_clamped -1.00000000000000000E+00
qpos 3.32698945518606660E-03 5.42739967065099457E-02
qvel 1.43495718336874318E-02 -3.66004159036837570E-02
time 1.45000000000000018E-01
reset_qpos 0.00000000000000000E+00 0.00000000000000000E+00
reset_qvel 0.00000000000000000E+00 0.00000000000000000E+00
forward SUCCESS
forward_clamped -1.00000000000000000E+00
qacc 3.27604038537781250E-01 1.17363656612752901E-01
mass 1.50000000000000000E+00 1.39983985626786239E-01 1.39983985626786239E-01 5.14000000000000012E-01
gravity 0.00000000000000000E+00 0.00000000000000000E+00
bias -3.73054052821858803E-06 -1.00585162486448165E-21
passive 6.01572864576130129E-01 1.15485954117511530E-01
actuation -4.91496067368855025E-02 0.00000000000000000E+00
tendon_length 2.24566719391945790E+00
tendon_velocity 1.53442360209028348E-03
tendon_force -1.30240984706712370E+00
length 4.40741603799352059E-03
velocity 3.46192219917104129E-03
force -7.02137239098364341E-02
position 0.00000000000000000E+00 0.00000000000000000E+00 0.00000000000000000E+00
quaternion 1.00000000000000000E+00 0.00000000000000000E+00 0.00000000000000000E+00 0.00000000000000000E+00
position 1.00000000000000000E+00 1.06296308625705035E-01 2.00000000000000011E-01
quaternion 9.99971402496066530E-01 0.00000000000000000E+00 0.00000000000000000E+00 7.56268405062367460E-03
unchanged_qpos 6.29630862570502992E-03 1.51255122854879326E-02
unchanged_qvel 4.94560314167291626E-03 -4.19734915156116176E-02
unchanged_time 1.25000000000000000E-01
step SUCCESS
step_clamped -1.00000000000000000E+00
qpos 6.46399992173711697E-03 1.43107043329886580E-02
qvel 1.14951187033890938E-02 -3.96240324832914312E-02
time 1.45000000000000018E-01
reset_qpos 0.00000000000000000E+00 0.00000000000000000E+00
reset_qvel 0.00000000000000000E+00 0.00000000000000000E+00
forward SUCCESS
forward_clamped -1.00000000000000000E+00
qacc 3.71505598511132795E-01 1.83829992790144114E-01
mass 1.50000000000000000E+00 1.39968100187252614E-01 1.39968100187252614E-01 5.14000000000000012E-01
gravity 0.00000000000000000E+00 0.00000000000000000E+00
bias 2.15055061651329202E-06 5.55865371635634598E-22
passive 6.57203787031144238E-01 1.25656424609617012E-01
actuation 1.45751969469082154E-02 0.00000000000000000E+00
tendon_length 2.26173741139003770E+00
tendon_velocity 4.08265835381071279E-04
tendon_force -1.33514272360064923E+00
length -1.42947821233398303E-02
velocity 2.88719689674301824E-03
force 2.08217099241545939E-02
position 0.00000000000000000E+00 0.00000000000000000E+00 0.00000000000000000E+00
quaternion 1.00000000000000000E+00 0.00000000000000000E+00 0.00000000000000000E+00 0.00000000000000000E+00
position 1.00000000000000000E+00 7.95788826809430971E-02 2.00000000000000011E-01
quaternion 9.99943034426127197E-01 0.00000000000000000E+00 0.00000000000000000E+00 -1.06737014511852114E-02
unchanged_qpos -2.04211173190569015E-02 -2.13478082672928504E-02
unchanged_qvel 4.12456699534716892E-03 -2.68256752905185261E-02
unchanged_time 1.25000000000000000E-01
step SUCCESS
step_clamped -1.00000000000000000E+00
qpos -2.02606304593957870E-02 -2.18457068940794419E-02
qvel 1.15516701826601891E-02 -2.31476017803673162E-02
time 1.45000000000000018E-01
lifecycle PASS
