create SUCCESS
reset_qpos 0.00000000000000000E+00 0.00000000000000000E+00
reset_qvel 0.00000000000000000E+00 0.00000000000000000E+00
forward SUCCESS
forward_clamped -1.00000000000000000E+00
qacc 1.99108072556952148E-01 1.41666331540747981E-01
mass 1.50000000000000000E+00 1.39888747881400155E-01 1.39888747881400155E-01 5.14000000000000012E-01
gravity 0.00000000000000000E+00 0.00000000000000000E+00
bias -5.68389666401554857E-08 -1.07533479631893598E-23
passive 2.36554680713263549E-01 1.89593011745083778E-01
actuation 2.15751375536815844E-02 0.00000000000000000E+00
tendon_length 2.13779877704662802E+00 2.13779877704662802E+00 2.13779877704662802E+00
tendon_velocity -2.26057088562794332E-03 -2.26057088562794332E-03 -2.26057088562794332E-03
tendon_force -1.08286973420659249E+00 -1.08286973420659249E+00 -1.08286973420659249E+00
length 3.69027617618453915E-02
velocity 2.34969571628305743E-02
force 3.08216250766879807E-02
position 0.00000000000000000E+00 0.00000000000000000E+00 0.00000000000000000E+00
quaternion 1.00000000000000000E+00 0.00000000000000000E+00 0.00000000000000000E+00 0.00000000000000000E+00
position 1.00000000000000000E+00 1.52718231088350587E-01 2.00000000000000011E-01
quaternion 9.99801315764787368E-01 0.00000000000000000E+00 0.00000000000000000E+00 1.99331130283227770E-02
unchanged_qpos 5.27182310883505673E-02 3.98688665300398759E-02
unchanged_qvel 3.35670816611865347E-02 -3.19153531595480627E-03
unchanged_time 1.25000000000000000E-01
step SUCCESS
step_clamped -1.00000000000000000E+00
qpos 5.70723748069088127E-02 4.02650413735652912E-02
qvel 5.32285765926756166E-02 1.09731358188943032E-02
time 2.25000000000000089E-01
reset_qpos 0.00000000000000000E+00 0.00000000000000000E+00
reset_qvel 0.00000000000000000E+00 0.00000000000000000E+00
forward SUCCESS
forward_clamped -1.00000000000000000E+00
qacc 1.70036805877372438E-01 4.11050445757718375E-01
mass 1.50000000000000000E+00 1.39824860002398743E-01 1.39824860002398743E-01 5.14000000000000012E-01
gravity 0.00000000000000000E+00 0.00000000000000000E+00
bias -3.08177693743376977E-06 6.35274710440725254E-22
passive 3.35122871479917428E-01 2.00878152782689195E-01
actuation -1.31074676294331074E-02 0.00000000000000000E+00
tendon_length 2.14296890674392770E+00 2.14296890674392770E+00 2.14296890674392770E+00
tendon_velocity 4.57858811836150091E-03 4.57858811836150091E-03 4.57858811836150091E-03
tendon_force -1.09357229384289556E+00 -1.09357229384289556E+00 -1.09357229384289556E+00
length -9.11255400064030392E-03
velocity -2.21967146852466192E-02
force -1.87249537563330126E-02
position 0.00000000000000000E+00 0.00000000000000000E+00 0.00000000000000000E+00
quaternion 1.00000000000000000E+00 0.00000000000000000E+00 0.00000000000000000E+00 0.00000000000000000E+00
position 1.00000000000000000E+00 8.69820657133709985E-02 2.00000000000000011E-01
quaternion 9.99687201082702259E-01 0.00000000000000000E+00 0.00000000000000000E+00 2.50099978295210794E-02
unchanged_qpos -1.30179342866290071E-02 5.00252117118400591E-02
unchanged_qvel -3.17095924074951713E-02 -2.09813144063626736E-02
unchanged_time 1.25000000000000000E-01
step SUCCESS
step_clamped -1.00000000000000000E+00
qpos -1.36163876608475162E-02 4.96919049853657493E-02
qvel -2.83044831388421271E-02 -1.27604465252819429E-02
time 1.45000000000000018E-01
reset_qpos 0.00000000000000000E+00 0.00000000000000000E+00
reset_qvel 0.00000000000000000E+00 0.00000000000000000E+00
forward SUCCESS
forward_clamped -1.00000000000000000E+00
qacc 1.77032077943252236E-01 3.55732033707549411E-01
mass 1.50000000000000000E+00 1.39899560845002907E-01 1.39899560845002907E-01 5.14000000000000012E-01
gravity 0.00000000000000000E+00 0.00000000000000000E+00
bias 6.59076352718277193E-06 -2.11758236813575085E-22
passive 3.57125957888388912E-01 1.95472765694282097E-01
actuation 5.50891587777004657E-02 0.00000000000000000E+00
tendon_length 2.14938599532066288E+00 2.14938599532066288E+00 2.14938599532066288E+00
tendon_velocity -1.82044226525909618E-03 -1.82044226525909618E-03 -1.82044226525909618E-03
tendon_force -1.10641205098814344E+00 -1.10641205098814344E+00 -1.10641205098814344E+00
length -1.64499270089272821E-02
velocity 2.47551192422185602E-02
force 7.86987982538578101E-02
position 0.00000000000000000E+00 0.00000000000000000E+00 0.00000000000000000E+00
quaternion 1.00000000000000000E+00 0.00000000000000000E+00 0.00000000000000000E+00 0.00000000000000000E+00
position 1.00000000000000000E+00 7.65001042729610281E-02 2.00000000000000011E-01
quaternion 9.99820628278969670E-01 0.00000000000000000E+00 0.00000000000000000E+00 -1.89396744387676889E-02
unchanged_qpos -2.34998957270389774E-02 -3.78816138680461920E-02
unchanged_qvel 3.53644560603122299E-02 -3.52566908883871558E-02
unchanged_time 1.25000000000000000E-01
step SUCCESS
step_clamped -1.00000000000000000E+00
qpos -2.27554658504951733E-02 -3.85120543571458446E-02
qvel 3.88999447484918506E-02 -2.81435278982669068E-02
time 1.45000000000000018E-01
reset_qpos 0.00000000000000000E+00 0.00000000000000000E+00
reset_qvel 0.00000000000000000E+00 0.00000000000000000E+00
forward SUCCESS
forward_clamped -1.00000000000000000E+00
qacc 1.69386696921801666E-01 4.48645538699039725E-01
mass 1.50000000000000000E+00 1.39990212218355198E-01 1.39990212218355198E-01 5.14000000000000012E-01
gravity 0.00000000000000000E+00 0.00000000000000000E+00
bias -2.85499881755760277E-07 1.38966342908908649E-22
passive 3.39939845389229889E-01 1.98311042251106462E-01
actuation 2.87431911826934137E-02 0.00000000000000000E+00
tendon_length 2.14546462913981628E+00 2.14546462913981628E+00 2.14546462913981628E+00
tendon_velocity -3.30519315214815312E-03 -3.30519315214815312E-03 -3.30519315214815312E-03
tendon_force -1.09840363288366127E+00 -1.09840363288366127E+00 -1.09840363288366127E+00
length -9.82543286689119451E-03
velocity 1.69642457091702670E-02
force 4.10617016895620246E-02
position 0.00000000000000000E+00 0.00000000000000000E+00 0.00000000000000000E+00
quaternion 1.00000000000000000E+00 0.00000000000000000E+00 0.00000000000000000E+00 0.00000000000000000E+00
position 1.00000000000000000E+00 8.59636673330125833E-02 2.00000000000000011E-01
quaternion 9.99982521665745527E-01 0.00000000000000000E+00 0.00000000000000000E+00 5.91239063464964187E-03
unchanged_qpos -1.40363326669874222E-02 1.18248501622741087E-02
unchanged_qvel 2.42346367273860996E-02 1.31324630005618254E-02
unchanged_time 1.25000000000000000E-01
step SUCCESS
step_clamped -1.00000000000000000E+00
qpos -1.35161035365847920E-02 1.21817178880880388E-02
qvel 2.76173790004605596E-02 2.21057990488791670E-02
time 1.45000000000000018E-01
reset_qpos 0.00000000000000000E+00 0.00000000000000000E+00
reset_qvel 0.00000000000000000E+00 0.00000000000000000E+00
forward SUCCESS
forward_clamped -1.00000000000000000E+00
qacc 1.35983897214189742E-01 4.92022543654967948E-01
mass 1.50000000000000000E+00 1.39950463785535439E-01 1.39950463785535439E-01 5.14000000000000012E-01
gravity 0.00000000000000000E+00 0.00000000000000000E+00
bias -4.03554294108093608E-06 -1.79994501291538822E-21
passive 1.99484519689308332E-01 1.84540614095341643E-01
actuation 6.90952813277029981E-02 0.00000000000000000E+00
tendon_length 2.13707468411659418E+00 2.13707468411659418E+00 2.13707468411659418E+00
tendon_velocity 3.27834287092163565E-04 3.27834287092163565E-04 3.27834287092163565E-04
tendon_force -1.08147737562802249E+00 -1.08147737562802249E+00 -1.08147737562802249E+00
length 5.26231199875739006E-02
velocity 1.81288784457497819E-02
force 9.87075447538614259E-02
position 0.00000000000000000E+00 0.00000000000000000E+00 0.00000000000000000E+00
quaternion 1.00000000000000000E+00 0.00000000000000000E+00 0.00000000000000000E+00 0.00000000000000000E+00
position 1.00000000000000000E+00 1.75175885696534139E-01 2.00000000000000011E-01
quaternion 9.99911538561457425E-01 0.00000000000000000E+00 0.00000000000000000E+00 1.33009417583525927E-02
unchanged_qpos 7.51758856965341477E-02 2.66026679580903258E-02
unchanged_qvel 2.58983977796425485E-02 -3.29192539995714351E-02
unchanged_time 1.25000000000000000E-01
step SUCCESS
step_clamped -1.00000000000000000E+00
qpos 7.57223683526481728E-02 2.60475997907076706E-02
qvel 2.86120484579682859E-02 -2.30799046847866875E-02
time 1.45000000000000018E-01
reset_qpos 0.00000000000000000E+00 0.00000000000000000E+00
reset_qvel 0.00000000000000000E+00 0.00000000000000000E+00
forward SUCCESS
forward_clamped -1.00000000000000000E+00
qacc 1.81301721791914200E-01 4.67288958447425573E-01
mass 1.50000000000000000E+00 1.39935539814193793E-01 1.39935539814193793E-01 5.14000000000000012E-01
gravity 0.00000000000000000E+00 0.00000000000000000E+00
bias -1.04272454912831355E-07 6.61744490042422140E-24
passive 3.00377346587190175E-01 1.95521250702229810E-01
actuation -4.44491482352296907E-02 0.00000000000000000E+00
tendon_length 2.14159813657997056E+00 2.14159813657997056E+00 2.14159813657997056E+00
tendon_velocity -7.26593860344157232E-04 -7.26593860344157232E-04 -7.26593860344157232E-04
tendon_force -1.09062970650594426E+00 -1.09062970650594426E+00 -1.09062970650594426E+00
length 9.71753214769753050E-03
velocity 7.85888101416008615E-03
force -6.34987831931852764E-02
position 0.00000000000000000E+00 0.00000000000000000E+00 0.00000000000000000E+00
quaternion 1.00000000000000000E+00 0.00000000000000000E+00 0.00000000000000000E+00 0.00000000000000000E+00
position 1.00000000000000000E+00 1.13882188782425051E-01 2.00000000000000011E-01
quaternion 9.99884885899717912E-01 0.00000000000000000E+00 0.00000000000000000E+00 1.51728359019709658E-02
unchanged_qpos 1.38821887824250451E-02 3.03468362624627341E-02
unchanged_qvel 1.12269728773715521E-02 -4.95447226103902516E-03
unchanged_time 1.25000000000000000E-01
step SUCCESS
step_clamped -1.00000000000000000E+00
qpos 1.41447803316871352E-02 3.03458772070729008E-02
qvel 1.48499405930934223E-02 4.39127520253627512E-03
time 1.45000000000000018E-01
reset_qpos 0.00000000000000000E+00 0.00000000000000000E+00
reset_qvel 0.00000000000000000E+00 0.00000000000000000E+00
forward SUCCESS
forward_clamped -1.00000000000000000E+00
qacc 2.43616003139678988E-01 4.00476425618334464E-01
mass 1.50000000000000000E+00 1.39630763013689124E-01 1.39630763013689124E-01 5.14000000000000012E-01
gravity 0.00000000000000000E+00 0.00000000000000000E+00
bias -8.47042217540803262E-06 -5.29395592033937712E-22
passive 3.51320353206551861E-01 2.04600139791906721E-01
actuation 1.87204370847953369E-02 0.00000000000000000E+00
tendon_length 2.14336561669985048E+00 2.14336561669985048E+00 2.14336561669985048E+00
tendon_velocity -5.25706398064971873E-03 -5.25706398064971873E-03 -5.25706398064971873E-03
tendon_force -1.09408262859267413E+00 -1.09408262859267413E+00 -1.09408262859267413E+00
length -2.16809707336353200E-02
velocity 2.17168282392699898E-02
force 2.67434815497076261E-02
position 0.00000000000000000E+00 0.00000000000000000E+00 0.00000000000000000E+00
quaternion 1.00000000000000000E+00 0.00000000000000000E+00 0.00000000000000000E+00 0.00000000000000000E+00
position 1.00000000000000000E+00 6.90271846662352528E-02 2.00000000000000011E-01
quaternion 9.99340430722914785E-01 0.00000000000000000E+00 0.00000000000000000E+00 3.63139576821260232E-02
unchanged_qpos -3.09728153337647458E-02 7.26438872920462803E-02
unchanged_qvel 3.10240403418142741E-02 2.88722076124062615E-02
unchanged_time 1.25000000000000000E-01
step SUCCESS
step_clamped -1.00000000000000000E+00
qpos -3.03012186626469386E-02 7.33054366462708579E-02
qvel 3.58901333333529540E-02 3.68824712865047713E-02
time 1.45000000000000018E-01
reset_qpos 0.00000000000000000E+00 0.00000000000000000E+00
reset_qvel 0.00000000000000000E+00 0.00000000000000000E+00
forward SUCCESS
forward_clamped -1.00000000000000000E+00
qacc 1.33228123803510512E-01 5.11855724676872570E-01
mass 1.50000000000000000E+00 1.39967965488151408E-01 1.39967965488151408E-01 5.14000000000000012E-01
gravity 0.00000000000000000E+00 0.00000000000000000E+00
bias -1.12727044640069967E-06 -5.82335151237331483E-22
passive 2.35466973844324939E-01 1.87867042910741522E-01
actuation 1.72290343293646786E-02 0.00000000000000000E+00
tendon_length 2.13872868455481147E+00 2.13872868455481147E+00 2.13872868455481147E+00
tendon_velocity -1.90517525958493932E-03 -1.90517525958493932E-03 -1.90517525958493932E-03
tendon_force -1.08476831956215847E+00 -1.08476831956215847E+00 -1.08476831956215847E+00
length 3.86052716162615661E-02
velocity 2.93569881530041446E-02
force 2.46129061848066877E-02
position 0.00000000000000000E+00 0.00000000000000000E+00 0.00000000000000000E+00
quaternion 1.00000000000000000E+00 0.00000000000000000E+00 0.00000000000000000E+00 0.00000000000000000E+00
position 1.00000000000000000E+00 1.55150388023230834E-01 2.00000000000000011E-01
quaternion 9.99942793878285774E-01 0.00000000000000000E+00 0.00000000000000000E+00 1.06962129227115010E-02
unchanged_qpos 5.51503880232308147E-02 2.13928337806631313E-02
unchanged_qvel 4.19385545042916391E-02 -1.94013722154628317E-02
unchanged_time 1.25000000000000000E-01
step SUCCESS
step_clamped -1.00000000000000000E+00
qpos 5.60170708555046276E-02 2.11122904040995027E-02
qvel 4.45936279691165546E-02 -9.16504572183595399E-03
time 1.45000000000000018E-01
reset_qpos 0.00000000000000000E+00 0.00000000000000000E+00
reset_qvel 0.00000000000000000E+00 0.00000000000000000E+00
forward SUCCESS
forward_clamped -1.00000000000000000E+00
qacc 2.59718850567607851E-01 1.57574851204942190E-01
mass 1.50000000000000000E+00 1.39690752782751948E-01 1.39690752782751948E-01 5.14000000000000012E-01
gravity 0.00000000000000000E+00 0.00000000000000000E+00
bias -6.71857968174575366E-07 3.97046694025453284E-23
passive 3.86097626356850909E-01 2.08177618116011515E-01
actuation -2.37927861598120037E-02 0.00000000000000000E+00
tendon_length 2.14764160195116638E+00 2.14764160195116638E+00 2.14764160195116638E+00
tendon_velocity 2.75693322312109759E-03 2.75693322312109759E-03 2.75693322312109759E-03
tendon_force -1.10300660038599019E+00 -1.10300660038599019E+00 -1.10300660038599019E+00
length -4.57790419326190648E-02
velocity -1.31460061516738939E-02
force -3.39896945140171491E-02
position 0.00000000000000000E+00 0.00000000000000000E+00 0.00000000000000000E+00
quaternion 1.00000000000000000E+00 0.00000000000000000E+00 0.00000000000000000E+00 0.00000000000000000E+00
position 1.00000000000000000E+00 3.46013686676870519E-02 2.00000000000000011E-01
quaternion 9.99447620264656833E-01 0.00000000000000000E+00 0.00000000000000000E+00 3.32333318719958276E-02
unchanged_qpos -6.53986313323129537E-02 6.64789047280789774E-02
unchanged_qvel -1.87800087881055643E-02 -8.49948788255269067E-03
unchanged_time 1.25000000000000000E-01
step SUCCESS
step_clamped -1.00000000000000000E+00
qpos -6.57196865803665736E-02 6.63420071131816808E-02
qvel -1.35850531103642869E-02 -5.34779928062254720E-03
time 1.45000000000000018E-01
reset_qpos 0.00000000000000000E+00 0.00000000000000000E+00
reset_qvel 0.00000000000000000E+00 0.00000000000000000E+00
forward SUCCESS
forward_clamped -1.00000000000000000E+00
qacc 2.28279753021008641E-01 1.75922779377182481E-01
mass 1.50000000000000000E+00 1.39999678488800627E-01 1.39999678488800627E-01 5.14000000000000012E-01
gravity 0.00000000000000000E+00 0.00000000000000000E+00
bias 1.99069841543607522E-08 6.12113653289240479E-23
passive 3.18447259344925682E-01 1.94551049385954744E-01
actuation -1.14293504881398996E-02 0.00000000000000000E+00
tendon_length 2.14443643913792314E+00 2.14443643913792314E+00 2.14443643913792314E+00
tendon_velocity -1.55372413195746300E-03 -1.55372413195746300E-03 -1.55372413195746300E-03
tendon_force -1.09636824972221647E+00 -1.09636824972221647E+00 -1.09636824972221647E+00
length 3.20702606894119301E-03
velocity 7.74957511217958146E-03
force -1.63276435544855714E-02
position 0.00000000000000000E+00 0.00000000000000000E+00 0.00000000000000000E+00
quaternion 1.00000000000000000E+00 0.00000000000000000E+00 0.00000000000000000E+00 0.00000000000000000E+00
position 1.00000000000000000E+00 1.04581465812773139E-01 2.00000000000000011E-01
quaternion 9.99999425872693304E-01 0.00000000000000000E+00 0.00000000000000000E+00 -1.07156627599577997E-03
unchanged_qpos 4.58146581277313336E-03 -2.14313296213529403E-03
unchanged_qvel 1.10708215888279740E-02 8.14543581407632666E-03
unchanged_time 1.25000000000000000E-01
step SUCCESS
step_clamped -1.00000000000000000E+00
qpos 4.85079738680609975E-03 -1.94327745148365210E-03
qvel 1.56330266314205005E-02 1.16643147889404619E-02
time 1.45000000000000018E-01
reset_qpos 0.00000000000000000E+00 0.00000000000000000E+00
reset_qvel 0.00000000000000000E+00 0.00000000000000000E+00
forward SUCCESS
forward_clamped -1.00000000000000000E+00
qacc 2.09018694494109619E-01 1.31526427968469223E-01
mass 1.50000000000000000E+00 1.39710828588470226E-01 1.39710828588470226E-01 5.14000000000000012E-01
gravity 0.00000000000000000E+00 0.00000000000000000E+00
bias 1.23150228645000660E-05 -2.11758236813575085E-22
passive 3.17607700243826008E-01 1.87833050600237972E-01
actuation 5.96207782802110689E-02 0.00000000000000000E+00
tendon_length 2.14706359279867787E+00 2.14706359279867787E+00 2.14706359279867787E+00
tendon_velocity 6.22858337489533981E-03 6.22858337489533981E-03 6.22858337489533981E-03
tendon_force -1.10193697533980672E+00 -1.10193697533980672E+00 -1.10193697533980672E+00
length 9.40322523742111865E-03
velocity -3.12422900428365111E-02
force 8.51725404003015329E-02
position 0.00000000000000000E+00 0.00000000000000000E+00 0.00000000000000000E+00
quaternion 1.00000000000000000E+00 0.00000000000000000E+00 0.00000000000000000E+00 0.00000000000000000E+00
position 1.00000000000000000E+00 1.13433178910601604E-01 2.00000000000000011E-01
quaternion 9.99483489087649946E-01 0.00000000000000000E+00 0.00000000000000000E+00 -3.21365063623511860E-02
unchanged_qpos 1.34331789106015981E-02 -6.42840809156200038E-02
unchanged_qvel -4.46318429183378759E-02 -3.70042368956722267E-02
unchanged_time 1.25000000000000000E-01
step SUCCESS
step_clamped -1.00000000000000000E+00
qpos 1.25844881478959277E-02 -6.49965508565513994E-02
qvel -4.04440359394106913E-02 -3.43745370435170269E-02
time 1.45000000000000018E-01
reset_qpos 0.00000000000000000E+00 0.00000000000000000E+00
reset_qvel 0.00000000000000000E+00 0.00000000000000000E+00
forward SUCCESS
forward_clamped -1.00000000000000000E+00
qacc 1.77429816298279530E-01 5.40835977915084087E-01
mass 1.50000000000000000E+00 1.39893830706864175E-01 1.39893830706864175E-01 5.14000000000000012E-01
gravity 0.00000000000000000E+00 0.00000000000000000E+00
bias -5.04421484973930338E-07 -3.97046694025453284E-23
passive 3.83345432494413330E-01 2.05670621515312402E-01
actuation -6.35883970035371754E-03 0.00000000000000000E+00
tendon_length 2.14865413797703741E+00 2.14865413797703741E+00 2.14865413797703741E+00
tendon_velocity 1.33894858073993093E-03 1.33894858073993093E-03 1.33894858073993093E-03
tendon_force -1.10502044321958293E+00 -1.10502044321958293E+00 -1.10502044321958293E+00
length -4.09796094133002831E-02
velocity -1.18704416923802476E-02
force -9.08405671479102506E-03
position 0.00000000000000000E+00 0.00000000000000000E+00 0.00000000000000000E+00
quaternion 1.00000000000000000E+00 0.00000000000000000E+00 0.00000000000000000E+00 0.00000000000000000E+00
position 1.00000000000000000E+00 4.14577008381424583E-02 2.00000000000000011E-01
quaternion 9.99810394001325542E-01 0.00000000000000000E+00 0.00000000000000000E+00 1.94724432702682755E-02
unchanged_qpos -5.85422991618575472E-02 3.89473481219317352E-02
unchanged_qvel -1.69577738462574970E-02 9.61941641196609881E-03
unchanged_time 1.25000000000000000E-01
step SUCCESS
step_clamped -1.00000000000000000E+00
qpos -5.88441902666160949E-02 3.92533165907922935E-02
qvel -1.34085933690818448E-02 2.04368028775391598E-02
time 1.45000000000000018E-01
lifecycle PASS
