create SUCCESS
reset_qpos 0.00000000000000000E+00 0.00000000000000000E+00
reset_qvel 0.00000000000000000E+00 0.00000000000000000E+00
forward SUCCESS
forward_clamped -1.00000000000000000E+00
qacc 1.08623711382099409E-02 2.04140023062402615E-01
mass 1.50000000000000000E+00 1.39968108760588045E-01 1.39968108760588045E-01 5.14000000000000012E-01
gravity 0.00000000000000000E+00 0.00000000000000000E+00
bias 8.67076383256037640E-07 -1.19114008207635985E-22
passive 1.15361095298786118E-01 6.80387733113095305E-02
actuation -4.79836462084305346E-02 0.00000000000000000E+00
tendon_length 2.14734958293405809E+00
tendon_velocity 3.03620350027523087E-03
tendon_force -1.10242192416213824E+00
length -9.25474386257885834E-03
velocity -1.37894437431793342E-02
force -6.85480660120436208E-02
position 0.00000000000000000E+00 0.00000000000000000E+00 0.00000000000000000E+00
quaternion 1.00000000000000000E+00 0.00000000000000000E+00 0.00000000000000000E+00 0.00000000000000000E+00
position 1.00000000000000000E+00 8.67789373391730651E-02 2.00000000000000011E-01
quaternion 9.99943049736526479E-01 0.00000000000000000E+00 0.00000000000000000E+00 -1.06722670325751466E-02
unchanged_qpos -1.32210626608269405E-02 -2.13449392666604232E-02
unchanged_qvel -1.96992053473990514E-02 -1.70346685733322803E-02
unchanged_time 1.25000000000000000E-01
step SUCCESS
step_clamped -1.00000000000000000E+00
qpos -1.51352953224635125E-02 -2.20170429203394094E-02
qvel -1.85884760579280023E-02 3.39121160870737301E-03
time 2.25000000000000089E-01
reset_qpos 0.00000000000000000E+00 0.00000000000000000E+00
reset_qvel 0.00000000000000000E+00 0.00000000000000000E+00
forward SUCCESS
forward_clamped -1.00000000000000000E+00
qacc 1.57825810093962543E-01 -4.74704886293128223E-02
mass 1.50000000000000000E+00 1.39824400511364272E-01 1.39824400511364272E-01 5.14000000000000012E-01
gravity 0.00000000000000000E+00 0.00000000000000000E+00
bias -4.34049826090997028E-06 -9.52912065661087881E-22
passive 8.56305663298711495E-02 5.75171145980920354E-02
actuation 6.45411667376011577E-02 0.00000000000000000E+00
tendon_length 2.13816893606962743E+00
tendon_velocity 8.13898683943623164E-04
tendon_force -1.08371348326923789E+00
length 2.77237085695962206E-02
velocity 6.50631081934406694E-03
force 9.22016667680016500E-02
position 0.00000000000000000E+00 0.00000000000000000E+00 0.00000000000000000E+00
quaternion 1.00000000000000000E+00 0.00000000000000000E+00 0.00000000000000000E+00 0.00000000000000000E+00
position 1.00000000000000000E+00 1.39605297956566038E-01 2.00000000000000011E-01
quaternion 9.99686380305922384E-01 0.00000000000000000E+00 0.00000000000000000E+00 2.50427840074234596E-02
unchanged_qpos 3.96052979565660324E-02 5.00908046119456357E-02
unchanged_qvel 9.29472974192009638E-03 -2.48838506479198036E-02
unchanged_time 1.25000000000000000E-01
step SUCCESS
step_clamped -1.00000000000000000E+00
qpos 3.98243267182251323E-02 4.95831669682350457E-02
qvel 1.24499404102183815E-02 -2.58320996146407314E-02
time 1.45000000000000018E-01
reset_qpos 0.00000000000000000E+00 0.00000000000000000E+00
reset_qvel 0.00000000000000000E+00 0.00000000000000000E+00
forward SUCCESS
forward_clamped -1.00000000000000000E+00
qacc -4.87258178614298626E-02 2.55746080266135933E-01
mass 1.50000000000000000E+00 1.39775041292790891E-01 1.39775041292790891E-01 5.14000000000000012E-01
gravity 0.00000000000000000E+00 0.00000000000000000E+00
bias 2.41694319608371984E-08 4.13590306276513837E-25
passive 9.67890910386382530E-02 6.93833434032881113E-02
actuation -6.91315257891536861E-02 0.00000000000000000E+00
tendon_length 2.14493726842091226E+00
tendon_velocity 2.76001414132242065E-03
tendon_force -1.09751471999932448E+00
length 2.25855990616693758E-02
velocity -2.13771579498929984E-02
force -9.87593225559338511E-02
position 0.00000000000000000E+00 0.00000000000000000E+00 0.00000000000000000E+00
quaternion 1.00000000000000000E+00 0.00000000000000000E+00 0.00000000000000000E+00 0.00000000000000000E+00
position 1.00000000000000000E+00 1.32265141516670542E-01 2.00000000000000011E-01
quaternion 9.99598207304155828E-01 0.00000000000000000E+00 0.00000000000000000E+00 -2.83447341550036036E-02
unchanged_qpos 3.22651415166705369E-02 -5.66970620018899391E-02
unchanged_qvel -3.05387970712757140E-02 -1.74544142017509646E-03
unchanged_time 1.25000000000000000E-01
step SUCCESS
step_clamped -1.00000000000000000E+00
qpos 3.16441484966082306E-02 -5.66782637946220691E-02
qvel -3.15111290940474006E-02 3.36952040917655330E-03
time 1.45000000000000018E-01
reset_qpos 0.00000000000000000E+00 0.00000000000000000E+00
reset_qvel 0.00000000000000000E+00 0.00000000000000000E+00
forward SUCCESS
forward_clamped -1.00000000000000000E+00
qacc 1.57947792534158735E-02 2.72235276724803910E-01
mass 1.50000000000000000E+00 1.39997190898615953E-01 1.39997190898615953E-01 5.14000000000000012E-01
gravity 0.00000000000000000E+00 0.00000000000000000E+00
bias -1.01257651656322290E-06 -6.22039820639876812E-22
passive 1.13191157049876673E-01 6.50450148567289083E-02
actuation -4.20533741877795672E-02 0.00000000000000000E+00
tendon_length 2.14562437815153206E+00
tendon_velocity -1.83930503139642632E-03
tendon_force -1.09877204254149952E+00
length -8.65109915090158353E-03
velocity -1.35926028358967837E-03
force -6.00762488396850980E-02
position 0.00000000000000000E+00 0.00000000000000000E+00 0.00000000000000000E+00
quaternion 1.00000000000000000E+00 0.00000000000000000E+00 0.00000000000000000E+00 0.00000000000000000E+00
position 1.00000000000000000E+00 8.76412869272834572E-02 2.00000000000000011E-01
quaternion 9.99994983734946996E-01 0.00000000000000000E+00 0.00000000000000000E+00 3.16741297328539638E-03
unchanged_qpos -1.23587130727165484E-02 6.33483653898071764E-03
unchanged_qvel -1.94180040512811208E-03 3.37896469087145407E-02
unchanged_time 1.25000000000000000E-01
step SUCCESS
step_clamped -1.00000000000000000E+00
qpos -1.23942325698961943E-02 7.06778929329158426E-03
qvel -1.62595969496288602E-03 3.92329650903064445E-02
time 1.45000000000000018E-01
reset_qpos 0.00000000000000000E+00 0.00000000000000000E+00
reset_qvel 0.00000000000000000E+00 0.00000000000000000E+00
forward SUCCESS
forward_clamped -1.00000000000000000E+00
qacc 4.22643082844838744E-02 2.28686195769505829E-01
mass 1.50000000000000000E+00 1.39999415255647131E-01 1.39999415255647131E-01 5.14000000000000012E-01
gravity 0.00000000000000000E+00 0.00000000000000000E+00
bias 7.51550282729330434E-08 1.00916034731469376E-22
passive 8.41869703614851611E-02 6.29204718128990731E-02
actuation -2.79541034362485105E-02 0.00000000000000000E+00
tendon_length 2.14080370744562565E+00
tendon_velocity -2.07773980604663904E-03
tendon_force -1.08897612403907629E+00
length 3.24625068391835581E-02
velocity 2.55455523355595585E-02
force -3.99344334803550180E-02
position 0.00000000000000000E+00 0.00000000000000000E+00 0.00000000000000000E+00
quaternion 1.00000000000000000E+00 0.00000000000000000E+00 0.00000000000000000E+00 0.00000000000000000E+00
position 1.00000000000000000E+00 1.46375009770262243E-01 2.00000000000000011E-01
quaternion 9.99998955813110268E-01 0.00000000000000000E+00 0.00000000000000000E+00 -1.44512030270171703E-03
unchanged_qpos 4.63750097702622238E-02 -2.89024161138763669E-03
unchanged_qvel 3.64936461936565121E-02 -1.36285054147849000E-02
unchanged_time 1.25000000000000000E-01
step SUCCESS
step_clamped -1.00000000000000000E+00
qpos 4.71137393215202913E-02 -3.11478472793043316E-03
qvel 3.73362381144601990E-02 -9.05438434120944997E-03
time 1.45000000000000018E-01
reset_qpos 0.00000000000000000E+00 0.00000000000000000E+00
reset_qvel 0.00000000000000000E+00 0.00000000000000000E+00
forward SUCCESS
forward_clamped -1.00000000000000000E+00
qacc 3.37110046389613449E-02 9.80956563371711415E-02
mass 1.50000000000000000E+00 1.39642521670091280E-01 1.39642521670091280E-01 5.14000000000000012E-01
gravity 0.00000000000000000E+00 0.00000000000000000E+00
bias -6.83697170713884977E-06 -3.17637355220362627E-22
passive 1.18149659420048472E-01 5.86982187876312622E-02
actuation 7.99313573153207814E-03 0.00000000000000000E+00
tendon_length 2.14354953125752434E+00
tendon_velocity -6.49639365167127688E-04
tendon_force -1.09459438977957202E+00
length -2.23717658970441421E-02
velocity -7.11423996321304108E-03
force 1.14187653307601111E-02
position 0.00000000000000000E+00 0.00000000000000000E+00 0.00000000000000000E+00
quaternion 1.00000000000000000E+00 0.00000000000000000E+00 0.00000000000000000E+00 0.00000000000000000E+00
position 1.00000000000000000E+00 6.80403344327940862E-02 2.00000000000000011E-01
quaternion 9.99361441961264307E-01 0.00000000000000000E+00 0.00000000000000000E+00 3.57310554154583737E-02
unchanged_qpos -3.19596655672059193E-02 7.14773256189764478E-02
unchanged_qvel -1.01631999474472018E-02 2.61498172940780454E-02
unchanged_time 1.25000000000000000E-01
step SUCCESS
step_clamped -1.00000000000000000E+00
qpos -3.21558483230502679E-02 7.20209147167116953E-02
qvel -9.48869943988708830E-03 2.81106742112410025E-02
time 1.45000000000000018E-01
reset_qpos 0.00000000000000000E+00 0.00000000000000000E+00
reset_qvel 0.00000000000000000E+00 0.00000000000000000E+00
forward SUCCESS
forward_clamped -1.00000000000000000E+00
qacc 3.68262274369407644E-02 4.67387858220180002E-02
mass 1.50000000000000000E+00 1.39711855276666991E-01 1.39711855276666991E-01 5.14000000000000012E-01
gravity 0.00000000000000000E+00 0.00000000000000000E+00
bias -1.06990752093006640E-06 3.97046694025453284E-23
passive 1.20881536578714158E-01 5.99285369765269055E-02
actuation -4.44406894740081992E-02 0.00000000000000000E+00
tendon_length 2.14512309087074415E+00
tendon_velocity -3.46099159340434483E-03
tendon_force -1.09770538303056941E+00
length -2.93405116570645171E-02
velocity 1.72942536869868657E-02
force -6.34866992485831477E-02
position 0.00000000000000000E+00 0.00000000000000000E+00 0.00000000000000000E+00
quaternion 1.00000000000000000E+00 0.00000000000000000E+00 0.00000000000000000E+00 0.00000000000000000E+00
position 1.00000000000000000E+00 5.80849833470506935E-02 2.00000000000000011E-01
quaternion 9.99485323405192250E-01 0.00000000000000000E+00 0.00000000000000000E+00 3.20794061294474853E-02
unchanged_qpos -4.19150166529493121E-02 6.41698215384224752E-02
unchanged_qvel 2.47060766956955224E-02 1.09167341433576218E-02
unchanged_time 1.25000000000000000E-01
step SUCCESS
step_clamped -1.00000000000000000E+00
qpos -4.14131702011989941E-02 6.43979678621535573E-02
qvel 2.54413789116770886E-02 1.18510041293394472E-02
time 1.45000000000000018E-01
reset_qpos 0.00000000000000000E+00 0.00000000000000000E+00
reset_qvel 0.00000000000000000E+00 0.00000000000000000E+00
forward SUCCESS
forward_clamped -1.00000000000000000E+00
qacc 1.60234293473828004E-01 1.05274654072854718E-01
mass 1.50000000000000000E+00 1.39768979908340030E-01 1.39768979908340030E-01 5.14000000000000012E-01
gravity 0.00000000000000000E+00 0.00000000000000000E+00
bias -9.02509923316156568E-07 -5.29395592033937712E-23
passive 1.29402364577921591E-01 6.14711517128487678E-02
actuation 6.43835737651556189E-02 0.00000000000000000E+00
tendon_length 2.14798377090689963E+00
tendon_velocity 3.81271987168391342E-03
tendon_force -1.10373321105390265E+00
length -4.42267012124946957E-02
velocity -2.71910455500074671E-02
force 9.19765339502223167E-02
position 0.00000000000000000E+00 0.00000000000000000E+00 0.00000000000000000E+00
quaternion 1.00000000000000000E+00 0.00000000000000000E+00 0.00000000000000000E+00 0.00000000000000000E+00
position 1.00000000000000000E+00 3.68189982678647221E-02 2.00000000000000011E-01
quaternion 9.99587378993988307E-01 0.00000000000000000E+00 0.00000000000000000E+00 2.87240623159170372E-02
unchanged_qpos -6.31810017321352835E-02 5.74560273705102126E-02
unchanged_qvel -3.88443507857249570E-02 1.05953099311828919E-02
unchanged_time 1.25000000000000000E-01
step SUCCESS
step_clamped -1.00000000000000000E+00
qpos -6.39242359714803920E-02 5.76900401995417422E-02
qvel -3.56391301288573395E-02 1.27006372638876486E-02
time 1.45000000000000018E-01
reset_qpos 0.00000000000000000E+00 0.00000000000000000E+00
reset_qvel 0.00000000000000000E+00 0.00000000000000000E+00
forward SUCCESS
forward_clamped -1.00000000000000000E+00
qacc 6.09847834936789873E-02 3.14813512209176360E-02
mass 1.50000000000000000E+00 1.39968709000709068E-01 1.39968709000709068E-01 5.14000000000000012E-01
gravity 0.00000000000000000E+00 0.00000000000000000E+00
bias -6.21825920568396255E-06 3.49401090742398890E-21
passive 8.77238405122164749E-02 6.06328089734430586E-02
actuation 1.48335655358393832E-02 0.00000000000000000E+00
tendon_length 2.13980358461011466E+00
tendon_velocity 5.46868574872174436E-03
tendon_force -1.08717200025804361E+00
length 2.88768259644319979E-02
velocity -2.40002885146933312E-02
force 2.11908079083419770E-02
position 0.00000000000000000E+00 0.00000000000000000E+00 0.00000000000000000E+00
quaternion 1.00000000000000000E+00 0.00000000000000000E+00 0.00000000000000000E+00 0.00000000000000000E+00
position 1.00000000000000000E+00 1.41252608520617162E-01 2.00000000000000011E-01
quaternion 9.99944121654356977E-01 0.00000000000000000E+00 0.00000000000000000E+00 1.05713560575942597E-02
unchanged_qpos 4.12526085206171428E-02 2.11431059305826341E-02
unchanged_qvel -3.42861264495619017E-02 -4.58355217032893614E-02
unchanged_time 1.25000000000000000E-01
step SUCCESS
step_clamped -1.00000000000000000E+00
qpos 4.05797083007128009E-02 2.02330203100084885E-02
qvel -3.30642103998222067E-02 -4.52039388452549554E-02
time 1.45000000000000018E-01
reset_qpos 0.00000000000000000E+00 0.00000000000000000E+00
reset_qvel 0.00000000000000000E+00 0.00000000000000000E+00
forward SUCCESS
forward_clamped -1.00000000000000000E+00
qacc 7.55424275647913635E-03 1.49253367609450266E-01
mass 1.50000000000000000E+00 1.39961739187601603E-01 1.39961739187601603E-01 5.14000000000000012E-01
gravity 0.00000000000000000E+00 0.00000000000000000E+00
bias -9.72832412494723117E-08 -2.48154183765908302E-23
passive 1.06678019452648376E-01 6.24117755658692985E-02
actuation -5.08984823584508542E-02 0.00000000000000000E+00
tendon_length 2.14295641439482321E+00
tendon_velocity 4.23805238555406260E-03
tendon_force -1.09353670224502886E+00
length 2.80022319033918334E-03
velocity -3.32547836224715981E-02
force -7.27121176549297976E-02
position 0.00000000000000000E+00 0.00000000000000000E+00 0.00000000000000000E+00
quaternion 1.00000000000000000E+00 0.00000000000000000E+00 0.00000000000000000E+00 0.00000000000000000E+00
position 1.00000000000000000E+00 1.04000318843341696E-01 2.00000000000000011E-01
quaternion 9.99931674786549762E-01 0.00000000000000000E+00 0.00000000000000000E+00 1.16895576719477645E-02
unchanged_qpos 4.00031884334169086E-03 2.33796478194635421E-02
unchanged_qvel -4.75068337463880053E-02 5.45199938803651168E-03
unchanged_time 1.25000000000000000E-01
step SUCCESS
step_clamped -1.00000000000000000E+00
qpos 3.05178727528280895E-03 2.35200302912908707E-02
qvel -4.73530760326139888E-02 8.43695410435159332E-03
time 1.45000000000000018E-01
reset_qpos 0.00000000000000000E+00 0.00000000000000000E+00
reset_qvel 0.00000000000000000E+00 0.00000000000000000E+00
forward SUCCESS
forward_clamped -1.00000000000000000E+00
qacc -5.93960177287719700E-04 2.85680783322567855E-01
mass 1.50000000000000000E+00 1.39957780806121757E-01 1.39957780806121757E-01 5.14000000000000012E-01
gravity 0.00000000000000000E+00 0.00000000000000000E+00
bias 5.01584137514382552E-06 2.22346148654253839E-21
passive 8.79191477261351967E-02 6.53337247950181305E-02
actuation 7.53350250887253794E-03 0.00000000000000000E+00
tendon_length 2.14217225245639487E+00
tendon_velocity -1.21691898676489006E-03
tendon_force -1.09178072733499976E+00
length 3.11500312191211673E-02
velocity -7.82677181508445799E-03
force 1.07621464412464840E-02
position 0.00000000000000000E+00 0.00000000000000000E+00 0.00000000000000000E+00
quaternion 1.00000000000000000E+00 0.00000000000000000E+00 0.00000000000000000E+00 0.00000000000000000E+00
position 1.00000000000000000E+00 1.44500044598744548E-01 2.00000000000000011E-01
quaternion 9.99924605740212802E-01 0.00000000000000000E+00 0.00000000000000000E+00 -1.22793662409680995E-02
unchanged_qpos 4.45000445987445287E-02 -2.45593496963689428E-02
unchanged_qvel -1.11811025929777971E-02 3.81962983583543081E-02
unchanged_time 1.25000000000000000E-01
step SUCCESS
step_clamped -1.00000000000000000E+00
qpos 4.42763019741564470E-02 -2.37354411008297260E-02
qvel -1.11923895170714539E-02 4.39084211837233174E-02
time 1.45000000000000018E-01
reset_qpos 0.00000000000000000E+00 0.00000000000000000E+00
reset_qvel 0.00000000000000000E+00 0.00000000000000000E+00
forward SUCCESS
forward_clamped -1.00000000000000000E+00
qacc -2.35236173093544484E-02 3.18792459267199735E-01
mass 1.50000000000000000E+00 1.39829317711012979E-01 1.39829317711012979E-01 5.14000000000000012E-01
gravity 0.00000000000000000E+00 0.00000000000000000E+00
bias 4.38212078658592716E-06 -1.16467030247466297E-21
passive 9.37362861041576984E-02 6.84755022841807559E-02
actuation -2.34462148545365907E-02 0.00000000000000000E+00
tendon_length 2.14431570855156828E+00
tendon_velocity 3.72931096784444999E-04
tendon_force -1.09618089361758231E+00
length 2.44669664175703253E-02
velocity 7.93756051977435352E-03
force -3.34945926493379897E-02
position 0.00000000000000000E+00 0.00000000000000000E+00 0.00000000000000000E+00
quaternion 1.00000000000000000E+00 0.00000000000000000E+00 0.00000000000000000E+00 0.00000000000000000E+00
position 1.00000000000000000E+00 1.34952809167957599E-01 2.00000000000000011E-01
quaternion 9.99695163735663583E-01 0.00000000000000000E+00 0.00000000000000000E+00 -2.46896659257437485E-02
unchanged_qpos 3.49528091679576075E-02 -4.93843500003973562E-02
unchanged_qvel 1.13393721711062198E-02 -2.51809293207801432E-02
unchanged_time 1.25000000000000000E-01
step SUCCESS
step_clamped -1.00000000000000000E+00
qpos 3.51746530127243287E-02 -4.98210166473237667E-02
qvel 1.08683752471650241E-02 -1.88043073453739856E-02
time 1.45000000000000018E-01
lifecycle PASS
