create SUCCESS
reset_qpos 0.00000000000000000E+00 0.00000000000000000E+00
reset_qvel 0.00000000000000000E+00 0.00000000000000000E+00
forward SUCCESS
forward_clamped -1.00000000000000000E+00
qacc 4.91129039313909707E-02 -2.43526343800547218E-03
mass 1.50000000000000000E+00 1.39850469609893530E-01 1.39850469609893530E-01 5.14000000000000012E-01
gravity 0.00000000000000000E+00 0.00000000000000000E+00
bias 4.01851729448003643E-06 5.29395592033937712E-23
passive 1.30652141802568150E-01 7.25067024940788396E-02
actuation -4.98610707913665838E-02 0.00000000000000000E+00
tendon_length 2.15434687490112742E+00
tendon_velocity -1.85466922436694232E-03
tendon_force -1.11648761903788984E+00
length -4.41871470164869953E-02
velocity 1.94184811282460679E-02
force -7.12301011305236931E-02
position 0.00000000000000000E+00 0.00000000000000000E+00 0.00000000000000000E+00
quaternion 1.00000000000000000E+00 0.00000000000000000E+00 0.00000000000000000E+00 0.00000000000000000E+00
position 1.00000000000000000E+00 3.68755042621614348E-02 2.00000000000000011E-01
quaternion 9.99732945787262128E-01 0.00000000000000000E+00 0.00000000000000000E+00 -2.31092429024280822E-02
unchanged_qpos -6.31244957378385707E-02 -4.62226005248476957E-02
unchanged_qvel 2.77406873260658132E-02 -2.49240747040790599E-02
unchanged_time 1.25000000000000000E-01
step SUCCESS
step_clamped -1.00000000000000000E+00
qpos -6.01033120038329677E-02 -4.87265222879124243E-02
qvel 3.26247728684119706E-02 -2.51443553047912931E-02
time 2.25000000000000089E-01
reset_qpos 0.00000000000000000E+00 0.00000000000000000E+00
reset_qvel 0.00000000000000000E+00 0.00000000000000000E+00
forward SUCCESS
forward_clamped -1.00000000000000000E+00
qacc -9.89345964207440261E-03 2.66105626975879583E-01
mass 1.50000000000000000E+00 1.39576244334532557E-01 1.39576244334532557E-01 5.14000000000000012E-01
gravity 0.00000000000000000E+00 0.00000000000000000E+00
bias -1.76177289540102674E-06 -1.85288457211878199E-22
passive 1.17830208227692718E-01 5.80335340182558390E-02
actuation -1.50948742609546254E-02 0.00000000000000000E+00
tendon_length 2.14328653375029798E+00
tendon_velocity -1.91021568386379572E-03
tendon_force -1.09402252116478849E+00
length -2.34245854031758585E-02
velocity 6.83545542589234639E-03
force -2.15641060870780388E-02
position 0.00000000000000000E+00 0.00000000000000000E+00 0.00000000000000000E+00
quaternion 1.00000000000000000E+00 0.00000000000000000E+00 0.00000000000000000E+00 0.00000000000000000E+00
position 1.00000000000000000E+00 6.65363065668916343E-02 2.00000000000000011E-01
quaternion 9.99243006935272127E-01 0.00000000000000000E+00 0.00000000000000000E+00 3.89026103360119307E-02
unchanged_qpos -3.34636934331083713E-02 7.78248592894874996E-02
unchanged_qvel 9.76493632270335199E-03 1.27224577130537753E-02
unchanged_time 1.25000000000000000E-01
step SUCCESS
step_clamped -1.00000000000000000E+00
qpos -3.32704752025845332E-02 7.81351860528790854E-02
qvel 9.56665571398533122E-03 1.80439007153906372E-02
time 1.45000000000000018E-01
reset_qpos 0.00000000000000000E+00 0.00000000000000000E+00
reset_qvel 0.00000000000000000E+00 0.00000000000000000E+00
forward SUCCESS
forward_clamped -1.00000000000000000E+00
qacc 6.46693952169302283E-02 1.02410236982425323E-01
mass 1.50000000000000000E+00 1.39583089313759817E-01 1.39583089313759817E-01 5.14000000000000012E-01
gravity 0.00000000000000000E+00 0.00000000000000000E+00
bias -2.64042045711130706E-06 -3.17637355220362627E-22
passive 1.12687432071050128E-01 5.74241666996146288E-02
actuation -9.45120579373108440E-04 0.00000000000000000E+00
tendon_length 2.14166621603185092E+00
tendon_velocity 3.19105774274645697E-03
tendon_force -1.09088550124860650E+00
length -1.23830805246725878E-02
velocity -1.46271235213601587E-02
force -1.35017225624729786E-03
position 0.00000000000000000E+00 0.00000000000000000E+00 0.00000000000000000E+00
quaternion 1.00000000000000000E+00 0.00000000000000000E+00 0.00000000000000000E+00 0.00000000000000000E+00
position 1.00000000000000000E+00 8.23098849647534436E-02 2.00000000000000011E-01
quaternion 9.99255239297461739E-01 0.00000000000000000E+00 0.00000000000000000E+00 3.85871317484506454E-02
unchanged_qpos -1.76901150352465550E-02 7.71934279924413463E-02
unchanged_qvel -2.08958907448002287E-02 -1.56386068881725834E-02
unchanged_time 1.25000000000000000E-01
step SUCCESS
step_clamped -1.00000000000000000E+00
qpos -1.80944467735653959E-02 7.69021673195916106E-02
qvel -1.96017088565762602E-02 -1.35896531352170703E-02
time 1.45000000000000018E-01
reset_qpos 0.00000000000000000E+00 0.00000000000000000E+00
reset_qvel 0.00000000000000000E+00 0.00000000000000000E+00
forward SUCCESS
forward_clamped -1.00000000000000000E+00
qacc 6.16724976534930927E-02 2.18447542390588334E-01
mass 1.50000000000000000E+00 1.39999879829572321E-01 1.39999879829572321E-01 5.14000000000000012E-01
gravity 0.00000000000000000E+00 0.00000000000000000E+00
bias -2.00544512676384366E-08 6.16249556352005618E-23
passive 1.19190226016852127E-01 6.61357420071624069E-02
actuation 8.99717661615847403E-03 0.00000000000000000E+00
tendon_length 2.14719390065926463E+00
tendon_velocity 4.62460392382382270E-03
tendon_force -1.10215344134612669E+00
length -1.70879835605024927E-02
velocity -2.61022764538817280E-02
force 1.28531094516549649E-02
position 0.00000000000000000E+00 0.00000000000000000E+00 0.00000000000000000E+00
quaternion 1.00000000000000000E+00 0.00000000000000000E+00 0.00000000000000000E+00 0.00000000000000000E+00
position 1.00000000000000000E+00 7.55885949135678692E-02 2.00000000000000011E-01
quaternion 9.99999785409927733E-01 0.00000000000000000E+00 0.00000000000000000E+00 6.55118385039054891E-04
unchanged_qpos -2.44114050864321364E-02 1.31023686379938553E-03
unchanged_qvel -3.72889663626881848E-02 -1.04560229739137922E-02
unchanged_time 1.25000000000000000E-01
step SUCCESS
step_clamped -1.00000000000000000E+00
qpos -2.51442230159917117E-02 1.14699420619260002E-03
qvel -3.60540561977740343E-02 -6.08654323606561739E-03
time 1.45000000000000018E-01
reset_qpos 0.00000000000000000E+00 0.00000000000000000E+00
reset_qvel 0.00000000000000000E+00 0.00000000000000000E+00
forward SUCCESS
forward_clamped -1.00000000000000000E+00
qacc 1.06374104948252363E-01 8.65743266016377744E-02
mass 1.50000000000000000E+00 1.39999615497166940E-01 1.39999615497166940E-01 5.14000000000000012E-01
gravity 0.00000000000000000E+00 0.00000000000000000E+00
bias -7.59373065276323433E-07 2.60727329076714323E-21
passive 7.37619944686981333E-02 6.13024567762328748E-02
actuation 4.67888402431975922E-02 0.00000000000000000E+00
tendon_length 2.13922367692989068E+00
tendon_velocity -5.81033540289800296E-03
tendon_force -1.08565604428126039E+00
length 4.46162299342248089E-02
velocity 3.11000654216538261E-02
force 6.68412003474251337E-02
position 0.00000000000000000E+00 0.00000000000000000E+00 0.00000000000000000E+00
quaternion 1.00000000000000000E+00 0.00000000000000000E+00 0.00000000000000000E+00 0.00000000000000000E+00
position 1.00000000000000000E+00 1.63737471334606866E-01 2.00000000000000011E-01
quaternion 9.99999313387562649E-01 0.00000000000000000E+00 0.00000000000000000E+00 1.17184657842504727E-03
unchanged_qpos 6.37374713346068739E-02 2.34369369325319876E-03
unchanged_qvel 4.44286648880768964E-02 4.81075621582152668E-02
unchanged_time 1.25000000000000000E-01
step SUCCESS
step_clamped -1.00000000000000000E+00
qpos 6.46483550983762145E-02 3.32401243023300753E-03
qvel 4.65521420726991014E-02 4.98371637165758094E-02
time 1.45000000000000018E-01
reset_qpos 0.00000000000000000E+00 0.00000000000000000E+00
reset_qvel 0.00000000000000000E+00 0.00000000000000000E+00
forward SUCCESS
forward_clamped -1.00000000000000000E+00
qacc 8.77984241774772689E-02 1.29681585016298645E-01
mass 1.50000000000000000E+00 1.39937263220180297E-01 1.39937263220180297E-01 5.14000000000000012E-01
gravity 0.00000000000000000E+00 0.00000000000000000E+00
bias -5.58435491776288964E-06 -5.29395592033937712E-22
passive 1.01784273892788907E-01 6.12664062136624235E-02
actuation -2.39383582182604235E-02 0.00000000000000000E+00
tendon_length 2.14177124309866596E+00
tendon_velocity 4.53190278838752104E-03
tendon_force -1.09113901229995314E+00
length 8.59507505257011382E-03
velocity -1.72489804877593925E-02
force -3.41976545975148927E-02
position 0.00000000000000000E+00 0.00000000000000000E+00 0.00000000000000000E+00
quaternion 1.00000000000000000E+00 0.00000000000000000E+00 0.00000000000000000E+00 0.00000000000000000E+00
position 1.00000000000000000E+00 1.12278678646528740E-01 2.00000000000000011E-01
quaternion 9.99887963759976683E-01 0.00000000000000000E+00 0.00000000000000000E+00 1.49686314647509856E-02
unchanged_qpos 1.22786786465287345E-02 2.99383809990662608E-02
unchanged_qvel -2.46414006967991331E-02 -3.65040266030406887E-02
unchanged_time 1.25000000000000000E-01
step SUCCESS
step_clamped -1.00000000000000000E+00
qpos 1.18042963675339552E-02 2.92355447623343541E-02
qvel -2.28842707534016622E-02 -3.39088133398268848E-02
time 1.45000000000000018E-01
reset_qpos 0.00000000000000000E+00 0.00000000000000000E+00
reset_qvel 0.00000000000000000E+00 0.00000000000000000E+00
forward SUCCESS
forward_clamped -1.00000000000000000E+00
qacc 1.40407096353620947E-01 -5.87266120307352452E-02
mass 1.50000000000000000E+00 1.39808783111569163E-01 1.39808783111569163E-01 5.14000000000000012E-01
gravity 0.00000000000000000E+00 0.00000000000000000E+00
bias 1.60309548264689799E-05 -1.05879118406787542E-21
passive 1.27070020831466873E-01 7.26054047691310350E-02
actuation 4.66481552656161592E-04 0.00000000000000000E+00
tendon_length 2.15282987584671393E+00
tendon_velocity 5.76914946076152735E-04
tendon_force -1.11347904105825490E+00
length -3.30035023038725006E-02
velocity 1.24373636717368639E-02
force 6.66402218080230924E-04
position 0.00000000000000000E+00 0.00000000000000000E+00 0.00000000000000000E+00
quaternion 1.00000000000000000E+00 0.00000000000000000E+00 0.00000000000000000E+00 0.00000000000000000E+00
position 1.00000000000000000E+00 5.28521395658964263E-02 2.00000000000000011E-01
quaternion 9.99658482953712846E-01 0.00000000000000000E+00 0.00000000000000000E+00 -2.61326894651364820E-02
unchanged_qpos -4.71478604341035792E-02 -5.22713295824590168E-02
unchanged_qvel 1.77676623881955209E-02 -4.68147596204859587E-02
unchanged_time 1.25000000000000000E-01
step SUCCESS
step_clamped -1.00000000000000000E+00
qpos -4.67630305321295875E-02 -5.32199442010589663E-02
qvel 2.05745633272387367E-02 -4.79874168377279892E-02
time 1.45000000000000018E-01
reset_qpos 0.00000000000000000E+00 0.00000000000000000E+00
reset_qvel 0.00000000000000000E+00 0.00000000000000000E+00
forward SUCCESS
forward_clamped -1.00000000000000000E+00
qacc 6.56073429191961349E-02 -3.70304054348691569E-02
mass 1.50000000000000000E+00 1.39610857044443815E-01 1.39610857044443815E-01 5.14000000000000012E-01
gravity 0.00000000000000000E+00 0.00000000000000000E+00
bias -2.36726021996354740E-05 -1.27054942088145051E-21
passive 1.30092383416372442E-01 5.99018310090293424E-02
actuation -5.20980778133732919E-02 0.00000000000000000E+00
tendon_length 2.14818380624236394E+00
tendon_velocity 1.63607424054198342E-03
tendon_force -1.10407413486304473E+00
length -5.22655515344283214E-02
velocity 9.42921762911713354E-03
force -7.44258254476761333E-02
position 0.00000000000000000E+00 0.00000000000000000E+00 0.00000000000000000E+00
quaternion 1.00000000000000000E+00 0.00000000000000000E+00 0.00000000000000000E+00 0.00000000000000000E+00
position 1.00000000000000000E+00 2.53349263793881119E-02 2.00000000000000011E-01
quaternion 9.99304860255445959E-01 0.00000000000000000E+00 0.00000000000000000E+00 3.72799714302972651E-02
unchanged_qpos -7.46650736206118937E-02 7.45772241924109042E-02
unchanged_qvel 1.34703108987387632E-02 -4.76384035608317935E-02
unchanged_time 1.25000000000000000E-01
step SUCCESS
step_clamped -1.00000000000000000E+00
qpos -7.43818946890859728E-02 7.36166938914319252E-02
qvel 1.47817785891899197E-02 -4.83769912803819688E-02
time 1.45000000000000018E-01
reset_qpos 0.00000000000000000E+00 0.00000000000000000E+00
reset_qvel 0.00000000000000000E+00 0.00000000000000000E+00
forward SUCCESS
forward_clamped -1.00000000000000000E+00
qacc 4.21589026439245507E-02 -5.47647542449378744E-02
mass 1.50000000000000000E+00 1.39997754441798461E-01 1.39997754441798461E-01 5.14000000000000012E-01
gravity 0.00000000000000000E+00 0.00000000000000000E+00
bias 2.57065903649140136E-07 3.30872245021211070E-23
passive 1.21229640352177440E-01 6.72596961909484176E-02
actuation -1.46486607535120158E-02 0.00000000000000000E+00
tendon_length 2.14863806786014067E+00
tendon_velocity -2.77734915342180665E-03
tendon_force -1.10486428771910106E+00
length -2.36935147292817588E-02
velocity 1.08023582291735393E-02
force -2.09266582193028822E-02
position 0.00000000000000000E+00 0.00000000000000000E+00 0.00000000000000000E+00
quaternion 1.00000000000000000E+00 0.00000000000000000E+00 0.00000000000000000E+00 0.00000000000000000E+00
position 1.00000000000000000E+00 6.61521218153117707E-02 2.00000000000000011E-01
quaternion 9.99995990066600005E-01 0.00000000000000000E+00 0.00000000000000000E+00 -2.83193409530740426E-03
unchanged_qpos -3.38478781846882279E-02 -5.66387576120502834E-03
unchanged_qvel 1.54319403273907724E-02 1.80053895772918082E-02
unchanged_time 1.25000000000000000E-01
step SUCCESS
step_clamped -1.00000000000000000E+00
qpos -3.35303922136932359E-02 -5.31527338561406555E-03
qvel 1.62742378503536872E-02 1.69094068831099099E-02
time 1.45000000000000018E-01
reset_qpos 0.00000000000000000E+00 0.00000000000000000E+00
reset_qvel 0.00000000000000000E+00 0.00000000000000000E+00
forward SUCCESS
forward_clamped -1.00000000000000000E+00
qacc 1.15765384352252684E-01 1.23092364614166977E-01
mass 1.50000000000000000E+00 1.39847463371400582E-01 1.39847463371400582E-01 5.14000000000000012E-01
gravity 0.00000000000000000E+00 0.00000000000000000E+00
bias -1.33683581193849731E-06 0.00000000000000000E+00
passive 6.73872390715875291E-02 5.59665321472531743E-02
actuation 5.27182753246080230E-02 0.00000000000000000E+00
tendon_length 2.13609275762405204E+00
tendon_velocity 4.69350743455208201E-04
tendon_force -1.07948821149211116E+00
length 5.02227885056640427E-02
velocity 4.42786336215614598E-03
force 7.53118218922971816E-02
position 0.00000000000000000E+00 0.00000000000000000E+00 0.00000000000000000E+00
quaternion 1.00000000000000000E+00 0.00000000000000000E+00 0.00000000000000000E+00 0.00000000000000000E+00
position 1.00000000000000000E+00 1.71746840722377225E-01 2.00000000000000011E-01
quaternion 9.99727576055812861E-01 0.00000000000000000E+00 0.00000000000000000E+00 2.33403871769293954E-02
unchanged_qpos 7.17468407223772059E-02 4.66850138027223999E-02
unchanged_qvel 6.32551908879449426E-03 -1.43042521170501299E-02
unchanged_time 1.25000000000000000E-01
step SUCCESS
step_clamped -1.00000000000000000E+00
qpos 7.18976547970722885E-02 4.64247827741669575E-02
qvel 8.63983113982752515E-03 -1.18417594367230070E-02
time 1.45000000000000018E-01
reset_qpos 0.00000000000000000E+00 0.00000000000000000E+00
reset_qvel 0.00000000000000000E+00 0.00000000000000000E+00
forward SUCCESS
forward_clamped -1.00000000000000000E+00
qacc 5.90870748009697661E-02 2.20725707186863684E-01
mass 1.50000000000000000E+00 1.39703145137967000E-01 1.39703145137967000E-01 5.14000000000000012E-01
gravity 0.00000000000000000E+00 0.00000000000000000E+00
bias 1.00046364247840542E-05 4.23516473627150170E-22
passive 8.57090937231886896E-02 6.90584160695778687E-02
actuation 1.12758142638438030E-02 0.00000000000000000E+00
tendon_length 2.14369023940823045E+00
tendon_velocity 2.07815535783571629E-03
tendon_force -1.09496196129723411E+00
length 3.68361501255027105E-02
velocity -3.42686307190590879E-03
force 1.61083060912054349E-02
position 0.00000000000000000E+00 0.00000000000000000E+00 0.00000000000000000E+00
quaternion 1.00000000000000000E+00 0.00000000000000000E+00 0.00000000000000000E+00 0.00000000000000000E+00
position 1.00000000000000000E+00 1.52623071607861038E-01 2.00000000000000011E-01
quaternion 9.99469761455627159E-01 0.00000000000000000E+00 0.00000000000000000E+00 -3.25606501137779558E-02
unchanged_qpos 5.26230716078610189E-02 -6.51328126104633448E-02
unchanged_qvel -4.89551867415129877E-03 -3.31352518821982633E-02
unchanged_time 1.25000000000000000E-01
step SUCCESS
step_clamped -1.00000000000000000E+00
qpos 5.25375709637055238E-02 -6.57491565297846220E-02
qvel -3.71356662991111433E-03 -2.87195077789230736E-02
time 1.45000000000000018E-01
reset_qpos 0.00000000000000000E+00 0.00000000000000000E+00
reset_qvel 0.00000000000000000E+00 0.00000000000000000E+00
forward SUCCESS
forward_clamped -1.00000000000000000E+00
qacc 1.05742328215108136E-02 1.32964965485830977E-01
mass 1.50000000000000000E+00 1.39957824113283807E-01 1.39957824113283807E-01 5.14000000000000012E-01
gravity 0.00000000000000000E+00 0.00000000000000000E+00
bias -2.54586219016140214E-07 -3.63959469523332177E-23
passive 7.43359194835610942E-02 5.88939717370694713E-02
actuation -6.72921323425876017E-02 0.00000000000000000E+00
tendon_length 2.13792364536527701E+00
tendon_velocity 1.12788167517314164E-03
tendon_force -1.08322491376582208E+00
length 4.47636674919350344E-02
velocity -1.68399106559878504E-02
force -9.61316176322680183E-02
position 0.00000000000000000E+00 0.00000000000000000E+00 0.00000000000000000E+00
quaternion 1.00000000000000000E+00 0.00000000000000000E+00 0.00000000000000000E+00 0.00000000000000000E+00
position 1.00000000000000000E+00 1.63948096417050049E-01 2.00000000000000011E-01
quaternion 9.99924683080258947E-01 0.00000000000000000E+00 0.00000000000000000E+00 1.22730667253008099E-02
unchanged_qpos 6.39480964170500571E-02 2.45467497155554132E-02
unchanged_qvel -2.40570152228397859E-02 8.60752390921337707E-03
unchanged_time 1.25000000000000000E-01
step SUCCESS
step_clamped -1.00000000000000000E+00
qpos 6.34691885878856665E-02 2.47468207464924747E-02
qvel -2.38438325561803333E-02 1.12665161771908599E-02
time 1.45000000000000018E-01
lifecycle PASS
