create SUCCESS
reset_qpos 0.00000000000000000E+00 0.00000000000000000E+00
reset_qvel 0.00000000000000000E+00 0.00000000000000000E+00
forward SUCCESS
forward_clamped -1.00000000000000000E+00
qacc -1.52965294272283912E-02 1.71802780944633054E-01
mass 1.50000000000000000E+00 1.39757687259666669E-01 1.39757687259666669E-01 5.14000000000000012E-01
gravity 0.00000000000000000E+00 0.00000000000000000E+00
bias 1.73673498940099057E-05 3.81164826264435153E-21
passive -1.45488490866075917E-02 5.50877480676767936E-02
actuation 1.72242192935782995E-02 0.00000000000000000E+00
tendon_length 2.10533641318513220E+00
tendon_velocity 2.31386557489355466E-03
tendon_force -1.01714000799977788E+00
length -1.08930641204009852E-02
velocity 1.85228086638250244E-02
force 2.46060275622547175E-02
position 0.00000000000000000E+00 0.00000000000000000E+00 0.00000000000000000E+00
quaternion 1.00000000000000000E+00 0.00000000000000000E+00 0.00000000000000000E+00 0.00000000000000000E+00
position 1.00000000000000000E+00 8.44384798279985971E-02 2.00000000000000011E-01
quaternion 9.99567205022229621E-01 0.00000000000000000E+00 0.00000000000000000E+00 -2.94177266974875243E-02
unchanged_qpos -1.55615201720014085E-02 -5.88439427609032603E-02
unchanged_qvel 2.64611552340357492E-02 -4.59279654807554644E-02
unchanged_time 1.25000000000000000E-01
step SUCCESS
step_clamped -1.00000000000000000E+00
qpos -1.29938772005348570E-02 -6.25678217449508051E-02
qvel 2.48951945962204886E-02 -2.87100470624723457E-02
time 2.25000000000000089E-01
reset_qpos 0.00000000000000000E+00 0.00000000000000000E+00
reset_qvel 0.00000000000000000E+00 0.00000000000000000E+00
forward SUCCESS
forward_clamped -1.00000000000000000E+00
qacc -4.46289750184688042E-02 1.23482849883799997E-01
mass 1.50000000000000000E+00 1.39947440142960455E-01 1.39947440142960455E-01 5.14000000000000012E-01
gravity 0.00000000000000000E+00 0.00000000000000000E+00
bias 2.73584523569438672E-08 -1.65436122510605535E-24
passive 1.59508597256908941E-02 5.48758402455392508E-02
actuation -2.85405464472185096E-03 0.00000000000000000E+00
tendon_length 2.10394656240486011E+00
tendon_velocity 5.08526999216215008E-04
tendon_force -1.01426745761387038E+00
length -5.51296646758371381E-02
velocity -1.76863285365672848E-02
force -4.07722092103121603E-03
position 0.00000000000000000E+00 0.00000000000000000E+00 0.00000000000000000E+00
quaternion 1.00000000000000000E+00 0.00000000000000000E+00 0.00000000000000000E+00 0.00000000000000000E+00
position 1.00000000000000000E+00 2.12433361773755186E-02 2.00000000000000011E-01
quaternion 9.99906138707458370E-01 0.00000000000000000E+00 0.00000000000000000E+00 -1.37008676784013215E-02
unchanged_qpos -7.87566638226244869E-02 -2.74025927097577907E-02
unchanged_qvel -2.52661836236675492E-02 -2.67062613089402712E-03
unchanged_time 1.25000000000000000E-01
step SUCCESS
step_clamped -1.00000000000000000E+00
qpos -7.92713472497747346E-02 -2.74300733561544871E-02
qvel -2.61570073534453940E-02 -2.00905456470377422E-04
time 1.45000000000000018E-01
reset_qpos 0.00000000000000000E+00 0.00000000000000000E+00
reset_qvel 0.00000000000000000E+00 0.00000000000000000E+00
forward SUCCESS
forward_clamped -1.00000000000000000E+00
qacc -9.65475161628319700E-02 -3.02700308270337295E-02
mass 1.50000000000000000E+00 1.39879425118288964E-01 1.39879425118288964E-01 5.14000000000000012E-01
gravity 0.00000000000000000E+00 0.00000000000000000E+00
bias 5.41244459457184193E-06 1.05879118406787542E-22
passive -5.90007464052166191E-04 5.48079893304240437E-02
actuation -5.44558348711351378E-02 0.00000000000000000E+00
tendon_length 2.10436626429036400E+00
tendon_velocity 1.37671486147232709E-03
tendon_force -1.01514457606482855E+00
length -3.28914619068602088E-02
velocity 2.70519446997916323E-02
force -7.77940498159073457E-02
position 0.00000000000000000E+00 0.00000000000000000E+00 0.00000000000000000E+00
quaternion 1.00000000000000000E+00 0.00000000000000000E+00 0.00000000000000000E+00 0.00000000000000000E+00
position 1.00000000000000000E+00 5.30121972759139901E-02 2.00000000000000011E-01
quaternion 9.99784664526547351E-01 0.00000000000000000E+00 0.00000000000000000E+00 -2.07514957904072102E-02
unchanged_qpos -4.69878027240860155E-02 -4.15059708595476792E-02
unchanged_qvel 3.86456352854166185E-02 -3.05238828025015674E-02
unchanged_time 1.25000000000000000E-01
step SUCCESS
step_clamped -1.00000000000000000E+00
qpos -4.62351776513887716E-02 -4.21227982648653548E-02
qvel 3.67128663489074691E-02 -3.11282822469884993E-02
time 1.45000000000000018E-01
reset_qpos 0.00000000000000000E+00 0.00000000000000000E+00
reset_qvel 0.00000000000000000E+00 0.00000000000000000E+00
forward SUCCESS
forward_clamped -1.00000000000000000E+00
qacc -7.77198490554922294E-02 3.10428624176135037E-01
mass 1.50000000000000000E+00 1.39798790956838281E-01 1.39798790956838281E-01 5.14000000000000012E-01
gravity 0.00000000000000000E+00 0.00000000000000000E+00
bias 1.24093973486035642E-08 1.44756607196779843E-24
passive -3.95288153630118377E-02 5.18736807054640398E-02
actuation 1.59960678357537849E-02 0.00000000000000000E+00
tendon_length 2.10661729682109344E+00
tendon_velocity -2.03566747341158089E-03
tendon_force -1.01960702233952771E+00
length 2.81114765053195187E-02
velocity -3.45260753554489513E-02
force 2.28515254796482631E-02
position 0.00000000000000000E+00 0.00000000000000000E+00 0.00000000000000000E+00
quaternion 1.00000000000000000E+00 0.00000000000000000E+00 0.00000000000000000E+00 0.00000000000000000E+00
position 1.00000000000000000E+00 1.40159252150456465E-01 2.00000000000000011E-01
quaternion 9.99640633565093806E-01 0.00000000000000000E+00 0.00000000000000000E+00 -2.68067850660567569E-02
unchanged_qpos 4.01592521504564592E-02 -5.36199933612938329E-02
unchanged_qvel -4.93229647934985069E-02 1.28603270462094438E-03
unchanged_time 1.25000000000000000E-01
step SUCCESS
step_clamped -1.00000000000000000E+00
qpos 3.91564955258440067E-02 -5.35290839475061619E-02
qvel -5.08739666612270033E-02 7.49441381135324686E-03
time 1.45000000000000018E-01
reset_qpos 0.00000000000000000E+00 0.00000000000000000E+00
reset_qvel 0.00000000000000000E+00 0.00000000000000000E+00
forward SUCCESS
forward_clamped -1.00000000000000000E+00
qacc -4.12429995084714028E-03 2.83948117212442508E-02
mass 1.50000000000000000E+00 1.39999734344410598E-01 1.39999734344410598E-01 5.14000000000000012E-01
gravity 0.00000000000000000E+00 0.00000000000000000E+00
bias -1.00215731547656225E-07 2.34919293965059860E-22
passive -3.35473806053113097E-02 4.71322768908325820E-02
actuation -1.03823649151141579E-02 0.00000000000000000E+00
tendon_length 2.10336564604920051E+00
tendon_velocity 2.00320118155087896E-03
tendon_force -1.01313435229299631E+00
length 1.21172176715097345E-02
velocity 2.40808221101982238E-02
force -1.48319498787345128E-02
position 0.00000000000000000E+00 0.00000000000000000E+00 0.00000000000000000E+00
quaternion 1.00000000000000000E+00 0.00000000000000000E+00 0.00000000000000000E+00 0.00000000000000000E+00
position 1.00000000000000000E+00 1.17310310959299627E-01 2.00000000000000011E-01
quaternion 9.99999525614906459E-01 0.00000000000000000E+00 0.00000000000000000E+00 9.74048233886323648E-04
unchanged_qpos 1.73103109592996213E-02 1.94809677582201413E-03
unchanged_qvel 3.44011744431403227E-02 -1.91689712600248488E-02
unchanged_time 1.25000000000000000E-01
step SUCCESS
step_clamped -1.00000000000000000E+00
qpos 1.79974540407764512E-02 1.57068533095930493E-03
qvel 3.43166444517909591E-02 -1.86003522150483512E-02
time 1.45000000000000018E-01
reset_qpos 0.00000000000000000E+00 0.00000000000000000E+00
reset_qvel 0.00000000000000000E+00 0.00000000000000000E+00
forward SUCCESS
forward_clamped -1.00000000000000000E+00
qacc -5.08851340069564357E-03 6.56144422076525846E-02
mass 1.50000000000000000E+00 1.39844202038087617E-01 1.39844202038087617E-01 5.14000000000000012E-01
gravity 0.00000000000000000E+00 0.00000000000000000E+00
bias -9.29154143313309911E-06 0.00000000000000000E+00
passive -6.05611804585171193E-02 3.98604082540303245E-02
actuation -2.75732105332627785E-02 0.00000000000000000E+00
tendon_length 2.10372726724235903E+00
tendon_velocity -2.73961677274560129E-03
tendon_force -1.01372531004968769E+00
length 5.03757085589334325E-02
velocity -1.06459398034011356E-02
force -3.93903007618039702E-02
position 0.00000000000000000E+00 0.00000000000000000E+00 0.00000000000000000E+00
quaternion 1.00000000000000000E+00 0.00000000000000000E+00 0.00000000000000000E+00 0.00000000000000000E+00
position 1.00000000000000000E+00 1.71965297941333473E-01 2.00000000000000011E-01
quaternion 9.99721750642375562E-01 0.00000000000000000E+00 0.00000000000000000E+00 2.35885839452844651E-02
unchanged_qpos 7.19652979413334809E-02 4.71815440498582345E-02
unchanged_qvel -1.52084854334301953E-02 3.75123578362821508E-02
unchanged_time 1.25000000000000000E-01
step SUCCESS
step_clamped -1.00000000000000000E+00
qpos 7.16600660079996787E-02 4.79455596031171799E-02
qvel -1.53093474132910100E-02 3.88231235232986208E-02
time 1.45000000000000018E-01
reset_qpos 0.00000000000000000E+00 0.00000000000000000E+00
reset_qvel 0.00000000000000000E+00 0.00000000000000000E+00
forward SUCCESS
forward_clamped -1.00000000000000000E+00
qacc 2.31509383542411774E-02 2.50280620583146429E-01
mass 1.50000000000000000E+00 1.39736688464893288E-01 1.39736688464893288E-01 5.14000000000000012E-01
gravity 0.00000000000000000E+00 0.00000000000000000E+00
bias -9.53570204684811634E-06 3.17637355220362627E-22
passive 8.57396873842456234E-03 4.48813968888456330E-02
actuation -3.24310352960985836E-03 0.00000000000000000E+00
tendon_length 2.09922310244241306E+00
tendon_velocity 1.61814886269779192E-03
tendon_force -1.00472341364758178E+00
length -5.30601115759872163E-02
velocity 2.06585377334313133E-02
force -4.63300504229979815E-03
position 0.00000000000000000E+00 0.00000000000000000E+00 0.00000000000000000E+00
quaternion 1.00000000000000000E+00 0.00000000000000000E+00 0.00000000000000000E+00 0.00000000000000000E+00
position 1.00000000000000000E+00 2.41998406057325477E-02 2.00000000000000011E-01
quaternion 9.99529690234528867E-01 0.00000000000000000E+00 0.00000000000000000E+00 3.06659149491207463E-02
unchanged_qpos -7.58001593942674579E-02 6.13414466935933572E-02
unchanged_qvel 2.95121967620447373E-02 -3.33327778337396824E-02
unchanged_time 1.25000000000000000E-01
step SUCCESS
step_clamped -1.00000000000000000E+00
qpos -7.52050667770538667E-02 6.07273593726333424E-02
qvel 2.99733585115135523E-02 -2.83258532032217743E-02
time 1.45000000000000018E-01
reset_qpos 0.00000000000000000E+00 0.00000000000000000E+00
reset_qvel 0.00000000000000000E+00 0.00000000000000000E+00
forward SUCCESS
forward_clamped -1.00000000000000000E+00
qacc -8.88374307185909803E-03 1.67771929301597025E-02
mass 1.50000000000000000E+00 1.39819251691994967E-01 1.39819251691994967E-01 5.14000000000000012E-01
gravity 0.00000000000000000E+00 0.00000000000000000E+00
bias 1.03820242592006052E-05 0.00000000000000000E+00
passive 3.92855216222916161E-03 5.61706177915514138E-02
actuation 4.12240231666532037E-02 0.00000000000000000E+00
tendon_length 2.10481034747919349E+00
tendon_velocity 1.60831074255577355E-03
tendon_force -1.01605204759407997E+00
length -3.82367893691632557E-02
velocity 1.83612455264211202E-02
force 5.88914616666474378E-02
position 0.00000000000000000E+00 0.00000000000000000E+00 0.00000000000000000E+00
quaternion 1.00000000000000000E+00 0.00000000000000000E+00 0.00000000000000000E+00 0.00000000000000000E+00
position 1.00000000000000000E+00 4.53760151869096323E-02 2.00000000000000011E-01
quaternion 9.99677183058887975E-01 0.00000000000000000E+00 0.00000000000000000E+00 -2.54072759548581231E-02
unchanged_qpos -5.46239848130903732E-02 -5.08200205486076251E-02
unchanged_qvel 2.62303507520301737E-02 -3.82078906193381515E-02
unchanged_time 1.25000000000000000E-01
step SUCCESS
step_clamped -1.00000000000000000E+00
qpos -5.41012535414294379E-02 -5.15806453659791997E-02
qvel 2.60512238210804728E-02 -3.78709495086176767E-02
time 1.45000000000000018E-01
reset_qpos 0.00000000000000000E+00 0.00000000000000000E+00
reset_qvel 0.00000000000000000E+00 0.00000000000000000E+00
forward SUCCESS
forward_clamped -1.00000000000000000E+00
qacc -5.61179728589260365E-02 2.37663045992698274E-01
mass 1.50000000000000000E+00 1.39559463674986256E-01 1.39559463674986256E-01 5.14000000000000012E-01
gravity 0.00000000000000000E+00 0.00000000000000000E+00
bias -2.38747076653396632E-05 -4.23516473627150170E-22
passive -2.29069447362303044E-02 3.98243515485654023E-02
actuation 5.28442725824365342E-02 0.00000000000000000E+00
tendon_length 2.09865329216860053E+00
tendon_velocity -2.57459400321701165E-03
tendon_force -1.00344235560141737E+00
length -6.90211057694510490E-03
velocity -5.89947290017614428E-06
force 7.54918179749093365E-02
position 0.00000000000000000E+00 0.00000000000000000E+00 0.00000000000000000E+00
quaternion 1.00000000000000000E+00 0.00000000000000000E+00 0.00000000000000000E+00 0.00000000000000000E+00
position 1.00000000000000000E+00 9.01398420329355687E-02 2.00000000000000011E-01
quaternion 9.99213018320965651E-01 0.00000000000000000E+00 0.00000000000000000E+00 3.96654007657290392E-02
unchanged_qpos -9.86015796706443681E-03 7.93516187138313539E-02
unchanged_qvel -8.42781842882306398E-06 4.63825958243010289E-02
unchanged_time 1.25000000000000000E-01
step SUCCESS
step_clamped -1.00000000000000000E+00
qpos -9.87210957280815898E-03 8.03291652878823648E-02
qvel -1.13054738011812597E-03 5.11337615637533147E-02
time 1.45000000000000018E-01
reset_qpos 0.00000000000000000E+00 0.00000000000000000E+00
reset_qvel 0.00000000000000000E+00 0.00000000000000000E+00
forward SUCCESS
forward_clamped -1.00000000000000000E+00
qacc -6.21379317380210267E-02 -7.56921832236347875E-02
mass 1.50000000000000000E+00 1.39861516786494222E-01 1.39861516786494222E-01 5.14000000000000012E-01
gravity 0.00000000000000000E+00 0.00000000000000000E+00
bias -3.18501434148754140E-06 1.58818677610181314E-22
passive 8.10867843883896801E-03 4.64395102385993241E-02
actuation -4.87051474977519827E-02 0.00000000000000000E+00
tendon_length 2.10010553139955158E+00
tendon_velocity 1.56793889492577200E-03
tendon_force -1.00651101084839256E+00
length -4.77639835146711558E-02
velocity -3.44650594664967364E-02
force -6.95787821396456896E-02
position 0.00000000000000000E+00 0.00000000000000000E+00 0.00000000000000000E+00
quaternion 1.00000000000000000E+00 0.00000000000000000E+00 0.00000000000000000E+00 0.00000000000000000E+00
position 1.00000000000000000E+00 3.17657378361840687E-02 2.00000000000000011E-01
quaternion 9.99752677963216096E-01 0.00000000000000000E+00 0.00000000000000000E+00 2.22392199813248627E-02
unchanged_qpos -6.82342621638159369E-02 4.44821071582317817E-02
unchanged_qvel -4.92357992378524845E-02 -2.26188550260189025E-02
unchanged_time 1.25000000000000000E-01
step SUCCESS
step_clamped -1.00000000000000000E+00
qpos -6.92320037409528549E-02 4.40138411913276392E-02
qvel -5.04752257643814664E-02 -2.41317629095994905E-02
time 1.45000000000000018E-01
reset_qpos 0.00000000000000000E+00 0.00000000000000000E+00
reset_qvel 0.00000000000000000E+00 0.00000000000000000E+00
forward SUCCESS
forward_clamped -1.00000000000000000E+00
qacc -2.35419635355551375E-02 2.54615131311919596E-01
mass 1.50000000000000000E+00 1.39803846695320422E-01 1.39803846695320422E-01 5.14000000000000012E-01
gravity 0.00000000000000000E+00 0.00000000000000000E+00
bias 6.61044061882330588E-06 2.11758236813575085E-22
passive -2.73957466701839729E-02 5.30112381632282942E-02
actuation -3.48483556764057345E-02 0.00000000000000000E+00
tendon_length 2.10572025554738973E+00
tendon_velocity 1.09333223709672401E-05
tendon_force -1.01784929324042905E+00
length 1.03274055170545012E-02
velocity -3.06275188243281919E-02
force -4.97833652520081951E-02
position 0.00000000000000000E+00 0.00000000000000000E+00 0.00000000000000000E+00
quaternion 1.00000000000000000E+00 0.00000000000000000E+00 0.00000000000000000E+00 0.00000000000000000E+00
position 1.00000000000000000E+00 1.14753436452935009E-01 2.00000000000000011E-01
quaternion 9.99649664874293298E-01 0.00000000000000000E+00 0.00000000000000000E+00 -2.64678581814471112E-02
unchanged_qpos 1.47534364529350037E-02 -5.29418989762463349E-02
unchanged_qvel -4.37535983204688506E-02 -2.98712142386139551E-02
unchanged_time 1.25000000000000000E-01
step SUCCESS
step_clamped -1.00000000000000000E+00
qpos 1.38734409088755312E-02 -5.34858466045593575E-02
qvel -4.42215509278085644E-02 -2.47778559978935921E-02
time 1.45000000000000018E-01
reset_qpos 0.00000000000000000E+00 0.00000000000000000E+00
reset_qvel 0.00000000000000000E+00 0.00000000000000000E+00
forward SUCCESS
forward_clamped -1.00000000000000000E+00
qacc -5.06006831625125664E-02 9.38480922798171080E-02
mass 1.50000000000000000E+00 1.39998591045148307E-01 1.39998591045148307E-01 5.14000000000000012E-01
gravity 0.00000000000000000E+00 0.00000000000000000E+00
bias 1.31764146301911839E-08 1.01329625037745890E-23
passive -3.67575027790850786E-02 4.73406225297399591E-02
actuation 6.41008712959042007E-03 0.00000000000000000E+00
tendon_length 2.10401863847426718E+00
tendon_velocity -7.61274293602235341E-04
tendon_force -1.01437551541863136E+00
length 1.93390886101809170E-02
velocity -1.05257484591362357E-02
force 9.15726732798631538E-03
position 0.00000000000000000E+00 0.00000000000000000E+00 0.00000000000000000E+00
quaternion 1.00000000000000000E+00 0.00000000000000000E+00 0.00000000000000000E+00 0.00000000000000000E+00
position 1.00000000000000000E+00 1.27627269443115587E-01 2.00000000000000011E-01
quaternion 9.99997484006028170E-01 0.00000000000000000E+00 0.00000000000000000E+00 -2.24320788458683270E-03
unchanged_qpos 2.76272694431155957E-02 -4.48641953177579544E-03
unchanged_qvel -1.50367835130517657E-02 4.58021005231010886E-03
unchanged_time 1.25000000000000000E-01
step SUCCESS
step_clamped -1.00000000000000000E+00
qpos 2.73159157295540349E-02 -4.37510904384332683E-03
qvel -1.60476460963612233E-02 6.45691039855663708E-03
time 1.45000000000000018E-01
lifecycle PASS
