create SUCCESS
reset_qpos 0.00000000000000000E+00 0.00000000000000000E+00 0.00000000000000000E+00
reset_qvel 0.00000000000000000E+00 0.00000000000000000E+00 0.00000000000000000E+00
forward SUCCESS
forward_clamped -1.00000000000000000E+00
qacc 2.06920533831195630E-01 -6.63253511748325558E-02 -7.98842714540476256E-02
mass 4.68392857142857166E-01 0.00000000000000000E+00 0.00000000000000000E+00 0.00000000000000000E+00 1.50000000000000000E+00 1.39963977449588078E-01 0.00000000000000000E+00 1.39963977449588078E-01 5.14000000000000012E-01
gravity 7.48303517519501166E-02 0.00000000000000000E+00 0.00000000000000000E+00
bias -6.77626357803440271E-21 4.51490094899117108E-06 2.64697796016968856E-22
passive 9.70127166044835098E-04 -4.25998696273540908E-02 4.85464934778173166E-02
actuation 0.00000000000000000E+00 -2.12235333642141194E-04 0.00000000000000000E+00
tendon_length 2.10544421592845765E+00
tendon_velocity -1.73507888648853550E-04
tendon_force -1.01728398146365340E+00
length 3.01337508122086935E-02
velocity -2.93036441608615014E-02
force -3.03193333774487428E-04
position 0.00000000000000000E+00 0.00000000000000000E+00 0.00000000000000000E+00
quaternion 1.00000000000000000E+00 0.00000000000000000E+00 0.00000000000000000E+00 0.00000000000000000E+00
position 4.00000000000000008E-02 0.00000000000000000E+00 1.00000000000000006E-01
quaternion 9.99999961236129664E-01 7.44156949532268400E-05 1.48831389906453680E-04 2.23247084859680547E-04
position 1.00000000000000000E+00 1.43048215446012428E-01 2.00000000000000011E-01
quaternion 9.99935671948072202E-01 0.00000000000000000E+00 0.00000000000000000E+00 -1.13424849903793045E-02
unchanged_qpos 5.56876076622872529E-04 4.30482154460124222E-02 -2.26854564199176073E-02
unchanged_qvel -4.85063583022417519E-02 -4.18623488012307213E-02 -3.77055222325735351E-02
unchanged_time 1.25000000000000000E-01
step SUCCESS
step_clamped -1.00000000000000000E+00
qpos -3.25025014002008677E-03 3.85296954116468998E-02 -2.68581580186763834E-02
qvel -2.78566918157774554E-02 -4.84151260786541970E-02 -4.56556665323210598E-02
time 2.25000000000000089E-01
reset_qpos 0.00000000000000000E+00 0.00000000000000000E+00 0.00000000000000000E+00
reset_qvel 0.00000000000000000E+00 0.00000000000000000E+00 0.00000000000000000E+00
forward SUCCESS
forward_clamped -1.00000000000000000E+00
qacc -1.86559973744310258E-03 -9.50997730562069682E-02 3.82080604620056719E-02
mass 4.68392857142857277E-01 0.00000000000000000E+00 0.00000000000000000E+00 0.00000000000000000E+00 1.50000000000000000E+00 1.39995768743780835E-01 0.00000000000000000E+00 1.39995768743780835E-01 5.14000000000000012E-01
gravity 7.49992197892381945E-02 0.00000000000000000E+00 0.00000000000000000E+00
bias -9.31736241979730373E-21 3.58415452262271484E-09 1.77843831698900950E-23
passive 7.05463759271453251E-04 -2.42594567784323034E-02 4.88074952496715814E-02
actuation 0.00000000000000000E+00 -4.48880664853597774E-02 0.00000000000000000E+00
tendon_length 2.10342312696376466E+00
tendon_velocity -9.89751078079761926E-04
tendon_force -1.01316110497095169E+00
length 2.37828382481463339E-03
velocity -2.53274428376954706E-02
force -6.41258092647996880E-02
position 0.00000000000000000E+00 0.00000000000000000E+00 0.00000000000000000E+00
quaternion 1.00000000000000000E+00 0.00000000000000000E+00 0.00000000000000000E+00 0.00000000000000000E+00
position 4.00000000000000008E-02 0.00000000000000000E+00 1.00000000000000006E-01
quaternion 9.99517136055435129E-01 -8.30445117968356405E-03 -1.66089023593671281E-02 -2.49133535390506922E-02
position 1.00000000000000000E+00 1.03397548321163768E-01 2.00000000000000011E-01
quaternion 9.99992444156777571E-01 0.00000000000000000E+00 0.00000000000000000E+00 -3.88736792112957417E-03
unchanged_qpos -6.21548266294650806E-02 3.39754832116376249E-03 -7.77475542388003649E-03
unchanged_qvel -3.52731879635726636E-02 -3.61820611967078182E-02 1.81463032519185719E-03
unchanged_time 1.25000000000000000E-01
step SUCCESS
step_clamped -1.00000000000000000E+00
qpos -6.28606820090953922E-02 2.65395481270349525E-03 -7.73044035822089293E-03
qvel -3.53104785860356082E-02 -3.80814008715491120E-02 2.57861854268316530E-03
time 1.45000000000000018E-01
reset_qpos 0.00000000000000000E+00 0.00000000000000000E+00 0.00000000000000000E+00
reset_qvel 0.00000000000000000E+00 0.00000000000000000E+00 0.00000000000000000E+00
forward SUCCESS
forward_clamped -1.00000000000000000E+00
qacc 3.50596764516124093E-01 -1.24919196707538371E-01 1.96426217576409434E-01
mass 4.68392857142857166E-01 0.00000000000000000E+00 0.00000000000000000E+00 0.00000000000000000E+00 1.50000000000000000E+00 1.39996947977167774E-01 0.00000000000000000E+00 1.39996947977167774E-01 5.14000000000000012E-01
gravity 7.48539530377248935E-02 0.00000000000000000E+00 0.00000000000000000E+00
bias 0.00000000000000000E+00 -2.11102978085078696E-07 2.64697796016968856E-23
passive 2.60725924360612367E-04 -5.03968922164281935E-02 4.50513983724373651E-02
actuation 0.00000000000000000E+00 -2.83596476080093772E-02 0.00000000000000000E+00
tendon_length 2.10457214538904980E+00
tendon_velocity 1.78161181073813223E-03
tendon_force -1.01557421527245340E+00
length 3.66745438730558468E-02
velocity 1.56052824135728043E-02
force -4.05137822971562561E-02
position 0.00000000000000000E+00 0.00000000000000000E+00 0.00000000000000000E+00
quaternion 1.00000000000000000E+00 0.00000000000000000E+00 0.00000000000000000E+00 0.00000000000000000E+00
position 4.00000000000000008E-02 0.00000000000000000E+00 1.00000000000000006E-01
quaternion 9.99997689394281797E-01 -5.74531243570736800E-04 -1.14906248714147360E-03 -1.72359373071221062E-03
position 1.00000000000000000E+00 1.52392205532936920E-01 2.00000000000000011E-01
quaternion 9.99994549944376421E-01 0.00000000000000000E+00 0.00000000000000000E+00 3.30152715331187780E-03
unchanged_qpos -4.29940145428543696E-03 5.23922055329369279E-02 6.60306630232099234E-03
unchanged_qvel -1.30362962180306172E-02 2.22932605908182924E-02 -1.51116508604988917E-02
unchanged_time 1.25000000000000000E-01
step SUCCESS
step_clamped -1.00000000000000000E+00
qpos -4.48652495914610497E-03 5.28118325616951587E-02 6.34208548868573155E-03
qvel -6.02748363052157000E-03 1.97941260448836372E-02 -1.11827455591349614E-02
time 1.45000000000000018E-01
reset_qpos 0.00000000000000000E+00 0.00000000000000000E+00 0.00000000000000000E+00
reset_qvel 0.00000000000000000E+00 0.00000000000000000E+00 0.00000000000000000E+00
forward SUCCESS
forward_clamped -1.00000000000000000E+00
qacc 1.22276842565127081E-01 -1.68314347043151970E-03 1.90863668422359772E-01
mass 4.68392857142857277E-01 0.00000000000000000E+00 0.00000000000000000E+00 0.00000000000000000E+00 1.50000000000000000E+00 1.39748008995494111E-01 0.00000000000000000E+00 1.39748008995494111E-01 5.14000000000000012E-01
gravity 7.48785076482544748E-02 0.00000000000000000E+00 0.00000000000000000E+00
bias 3.38813178901720136E-21 1.12531710852241911E-05 -4.23516473627150170E-22
passive -4.21565050127470364E-04 5.28834647668576050E-03 5.71040808656671714E-02
actuation 0.00000000000000000E+00 7.32658896697862758E-03 0.00000000000000000E+00
tendon_length 2.10521901708441073E+00
tendon_velocity 1.69272129001059009E-03
tendon_force -1.01688330213454869E+00
length -3.77750731169986323E-02
velocity -1.01064864321365709E-02
force 1.04665556671123261E-02
position 0.00000000000000000E+00 0.00000000000000000E+00 0.00000000000000000E+00
quaternion 1.00000000000000000E+00 0.00000000000000000E+00 0.00000000000000000E+00 0.00000000000000000E+00
position 4.00000000000000008E-02 0.00000000000000000E+00 1.00000000000000006E-01
quaternion 9.99988021333037547E-01 -1.30813909365599685E-03 -2.61627818731199370E-03 -3.92441728096799055E-03
position 1.00000000000000000E+00 4.60356098328590993E-02 2.00000000000000011E-01
quaternion 9.99549914775027748E-01 0.00000000000000000E+00 0.00000000000000000E+00 -2.99994645491340403E-02
unchanged_qpos -9.78925569285392372E-03 -5.39643901671409063E-02 -6.00079322629992612E-02
unchanged_qvel 2.10782525063735182E-02 -1.44378377601951033E-02 -3.66099765166564839E-02
unchanged_time 1.25000000000000000E-01
step SUCCESS
step_clamped -1.00000000000000000E+00
qpos -9.34202080833754049E-03 -5.42534933123425336E-02 -6.07000408592455812E-02
qvel 2.35226552135613422E-02 -1.44704917622608259E-02 -3.27913476630727480E-02
time 1.45000000000000018E-01
reset_qpos 0.00000000000000000E+00 0.00000000000000000E+00 0.00000000000000000E+00
reset_qvel 0.00000000000000000E+00 0.00000000000000000E+00 0.00000000000000000E+00
forward SUCCESS
forward_clamped -1.00000000000000000E+00
qacc 2.21199648708549718E-01 -1.29135532402791676E-02 1.35274748717691351E-01
mass 4.68392857142857166E-01 0.00000000000000000E+00 0.00000000000000000E+00 0.00000000000000000E+00 1.50000000000000000E+00 1.39999998177320339E-01 0.00000000000000000E+00 1.39999998177320339E-01 5.14000000000000012E-01
gravity 7.45186724349999469E-02 0.00000000000000000E+00 0.00000000000000000E+00
bias 8.47032947254300339E-21 -1.23911857954987755E-08 6.20385459414770756E-25
passive 7.41803730765272810E-04 -4.15314964881404597E-02 4.64421133074131437E-02
actuation 0.00000000000000000E+00 1.46286097174128764E-02 0.00000000000000000E+00
tendon_length 2.10415490959226315E+00
tendon_velocity 7.48552600517409655E-04
tendon_force -1.01469714238959474E+00
length 2.56176578799746230E-02
velocity -5.51185143830962027E-03
force 2.08980138820183958E-02
position 0.00000000000000000E+00 0.00000000000000000E+00 0.00000000000000000E+00
quaternion 1.00000000000000000E+00 0.00000000000000000E+00 0.00000000000000000E+00 0.00000000000000000E+00
position 4.00000000000000008E-02 0.00000000000000000E+00 1.00000000000000006E-01
quaternion 9.99728124888351499E-01 6.23169494955549876E-03 1.24633898991109975E-02 1.86950848486664989E-02
position 1.00000000000000000E+00 1.36596654114249483E-01 2.00000000000000011E-01
quaternion 9.99999996745215114E-01 0.00000000000000000E+00 0.00000000000000000E+00 8.06819062074138460E-05
unchanged_qpos 4.66379615238626949E-02 3.65966541142494634E-02 1.61363812589895850E-04
unchanged_qvel -3.70901865382636392E-02 -7.87407348329945828E-03 -2.34201323122621326E-02
unchanged_time 1.25000000000000000E-01
step SUCCESS
step_clamped -1.00000000000000000E+00
qpos 4.59425960401197014E-02 3.64364649694479958E-02 -2.78625150353454469E-04
qvel -3.26680543778074747E-02 -8.13175058400881709E-03 -2.07137892993835733E-02
time 1.45000000000000018E-01
reset_qpos 0.00000000000000000E+00 0.00000000000000000E+00 0.00000000000000000E+00
reset_qvel 0.00000000000000000E+00 0.00000000000000000E+00 0.00000000000000000E+00
forward SUCCESS
forward_clamped -1.00000000000000000E+00
qacc 2.41721058485519252E-01 2.29093840225250527E-02 2.19879799101650786E-01
mass 4.68392857142857166E-01 0.00000000000000000E+00 0.00000000000000000E+00 0.00000000000000000E+00 1.50000000000000000E+00 1.39945578068845694E-01 0.00000000000000000E+00 1.39945578068845694E-01 5.14000000000000012E-01
gravity 7.46785973768620825E-02 0.00000000000000000E+00 0.00000000000000000E+00
bias 5.29395592033937712E-23 5.53318868300340459E-06 -4.23516473627150170E-22
passive -1.81632710689725045E-04 -2.44247675973628328E-02 5.09592337820120103E-02
actuation 0.00000000000000000E+00 -1.01725265848318005E-02 0.00000000000000000E+00
tendon_length 2.10432983643592619E+00
tendon_velocity -1.47958814765834301E-03
tendon_force -1.01498500613228804E+00
length 2.03968825412910839E-03
velocity 5.99361840801613394E-03
force -1.45321808354740012E-02
position 0.00000000000000000E+00 0.00000000000000000E+00 0.00000000000000000E+00
quaternion 1.00000000000000000E+00 0.00000000000000000E+00 0.00000000000000000E+00 0.00000000000000000E+00
position 4.00000000000000008E-02 0.00000000000000000E+00 1.00000000000000006E-01
quaternion 9.99916180885256356E-01 3.46029730187628112E-03 6.92059460375256223E-03 1.03808919056288442E-02
position 1.00000000000000000E+00 1.02913840363041589E-01 2.00000000000000011E-01
quaternion 9.99902813257449896E-01 0.00000000000000000E+00 0.00000000000000000E+00 -1.39414504208559224E-02
unchanged_qpos 2.58952174287752912E-02 2.91384036304158378E-03 -2.78838041595967021E-02
unchanged_qvel 9.08163553448625149E-03 8.56231201145161991E-03 3.76509423003389965E-02
unchanged_time 1.25000000000000000E-01
step SUCCESS
step_clamped -1.00000000000000000E+00
qpos 2.61275954657432946E-02 3.08989240337142037E-03 -2.70846208356096234E-02
qvel 1.39138595849681475E-02 9.01976283974340216E-03 4.20470557638265366E-02
time 1.45000000000000018E-01
reset_qpos 0.00000000000000000E+00 0.00000000000000000E+00 0.00000000000000000E+00
reset_qvel 0.00000000000000000E+00 0.00000000000000000E+00 0.00000000000000000E+00
forward SUCCESS
forward_clamped -1.00000000000000000E+00
qacc -2.59505237862889745E-02 7.04010481143414399E-03 2.20040228730147454E-02
mass 4.68392857142857166E-01 0.00000000000000000E+00 0.00000000000000000E+00 0.00000000000000000E+00 1.50000000000000000E+00 1.39853691313571143E-01 0.00000000000000000E+00 1.39853691313571143E-01 5.14000000000000012E-01
gravity 7.48777080099392728E-02 0.00000000000000000E+00 0.00000000000000000E+00
bias 1.27054942088145051E-21 1.55898954547252036E-05 -4.23516473627150170E-22
passive -6.29680797432327069E-04 7.38160128183017877E-04 5.53181082488404807E-02
actuation 0.00000000000000000E+00 -1.25110324497824995E-02 0.00000000000000000E+00
tendon_length 2.10455991294739464E+00
tendon_velocity 2.21414258010464325E-03
tendon_force -1.01556239119272940E+00
length -3.37870354289616995E-02
velocity 1.53168874680264522E-02
force -1.78729034996892855E-02
position 0.00000000000000000E+00 0.00000000000000000E+00 0.00000000000000000E+00
quaternion 1.00000000000000000E+00 0.00000000000000000E+00 0.00000000000000000E+00 0.00000000000000000E+00
position 4.00000000000000008E-02 0.00000000000000000E+00 1.00000000000000006E-01
quaternion 9.99988474810029393E-01 -1.28313920609257766E-03 -2.56627841218515533E-03 -3.84941761827773277E-03
position 1.00000000000000000E+00 5.17328065300547216E-02 2.00000000000000011E-01
quaternion 9.99738700349766529E-01 0.00000000000000000E+00 0.00000000000000000E+00 -2.28589374853696292E-02
unchanged_qpos -9.60217146644952446E-03 -4.82671934699452840E-02 -4.57218574085659704E-02
unchanged_qvel 3.14840398716163539E-02 2.18812678114663622E-02 -4.93595638678939741E-02
unchanged_time 1.25000000000000000E-01
step SUCCESS
step_clamped -1.00000000000000000E+00
qpos -8.97793895496267792E-03 -4.78280983385837299E-02 -4.67044148327481964E-02
qvel 3.09652074789825912E-02 2.20208354138327865E-02 -4.89176268822718932E-02
time 1.45000000000000018E-01
reset_qpos 0.00000000000000000E+00 0.00000000000000000E+00 0.00000000000000000E+00
reset_qvel 0.00000000000000000E+00 0.00000000000000000E+00 0.00000000000000000E+00
forward SUCCESS
forward_clamped -1.00000000000000000E+00
qacc 3.20327506849589938E-01 6.68317072210273394E-02 -1.22731535997496630E-01
mass 4.68392857142857166E-01 0.00000000000000000E+00 0.00000000000000000E+00 0.00000000000000000E+00 1.50000000000000000E+00 1.39870943884935151E-01 0.00000000000000000E+00 1.39870943884935151E-01 5.14000000000000012E-01
gravity 7.44125198186887382E-02 0.00000000000000000E+00 0.00000000000000000E+00
bias -6.35274710440725254E-22 -4.51331324509144137E-07 2.05140791913150863E-22
passive 4.05576635774601579E-04 -4.76366213904798816E-02 4.13913622991366748E-02
actuation 0.00000000000000000E+00 4.52051194807745471E-02 0.00000000000000000E+00
tendon_length 2.10258360679028433E+00
tendon_velocity -1.30175584947162253E-03
tendon_force -1.01144943880420435E+00
length 3.29136722815143029E-02
velocity -2.51434868650393627E-02
force 6.45787421153922181E-02
position 0.00000000000000000E+00 0.00000000000000000E+00 0.00000000000000000E+00
quaternion 1.00000000000000000E+00 0.00000000000000000E+00 0.00000000000000000E+00 0.00000000000000000E+00
position 4.00000000000000008E-02 0.00000000000000000E+00 1.00000000000000006E-01
quaternion 9.99571808367703429E-01 7.82030286460855435E-03 1.56406057292171087E-02 2.34609085938256648E-02
position 1.00000000000000000E+00 1.47019531830734740E-01 2.00000000000000011E-01
quaternion 9.99769516090253996E-01 0.00000000000000000E+00 0.00000000000000000E+00 2.14689239753554847E-02
unchanged_qpos 5.85301422378914499E-02 4.70195318307347204E-02 4.29411470825622754E-02
unchanged_qvel -2.02788317887300784E-02 -3.59192669500562334E-02 -8.66589930398553587E-03
unchanged_time 1.25000000000000000E-01
step SUCCESS
step_clamped -1.00000000000000000E+00
qpos 5.81918138121752734E-02 4.63151944497243936E-02 4.27420584937243248E-02
qvel -1.38750846098823089E-02 -3.45807250301283162E-02 -1.11200949839137496E-02
time 1.45000000000000018E-01
reset_qpos 0.00000000000000000E+00 0.00000000000000000E+00 0.00000000000000000E+00
reset_qvel 0.00000000000000000E+00 0.00000000000000000E+00 0.00000000000000000E+00
forward SUCCESS
forward_clamped -1.00000000000000000E+00
qacc 2.73940162848222257E-01 6.52813966754276082E-02 7.22390915944479822E-04
mass 4.68392857142857166E-01 0.00000000000000000E+00 0.00000000000000000E+00 0.00000000000000000E+00 1.50000000000000000E+00 1.39980698664461722E-01 0.00000000000000000E+00 1.39980698664461722E-01 5.14000000000000012E-01
gravity 7.46002640772042563E-02 0.00000000000000000E+00 0.00000000000000000E+00
bias 1.27054942088145051E-21 -1.51283308798601983E-06 0.00000000000000000E+00
passive 5.62827866153592219E-04 7.35990630939672204E-03 4.95134033290675069E-02
actuation 0.00000000000000000E+00 1.43823012663769432E-02 0.00000000000000000E+00
tendon_length 2.10159545563056938E+00
tendon_velocity 1.28541172382095020E-03
tendon_force -1.00952344273403316E+00
length -4.71728177577884419E-02
velocity 4.64630293518564046E-03
force 2.05461446662527775E-02
position 0.00000000000000000E+00 0.00000000000000000E+00 0.00000000000000000E+00
quaternion 1.00000000000000000E+00 0.00000000000000000E+00 0.00000000000000000E+00 0.00000000000000000E+00
position 4.00000000000000008E-02 0.00000000000000000E+00 1.00000000000000006E-01
quaternion 9.99832786308685328E-01 4.88729710730377576E-03 9.77459421460755151E-03 1.46618913219113273E-02
position 1.00000000000000000E+00 3.26102603460165091E-02 2.00000000000000011E-01
quaternion 9.99965532735399787E-01 0.00000000000000000E+00 0.00000000000000000E+00 8.30261050562671257E-03
unchanged_qpos 3.65752212944519262E-02 -6.73897396539834964E-02 1.66054117927324912E-02
unchanged_qvel -2.81413933076796081E-02 6.63757562169377258E-03 -2.55103633208943713E-02
unchanged_time 1.25000000000000000E-01
step SUCCESS
step_clamped -1.00000000000000000E+00
qpos 3.60699034374771799E-02 -6.72432836664091510E-02 1.60953639024521596E-02
qvel -2.26649635531367029E-02 7.94255128994989130E-03 -2.54948230665814693E-02
time 1.45000000000000018E-01
reset_qpos 0.00000000000000000E+00 0.00000000000000000E+00 0.00000000000000000E+00
reset_qvel 0.00000000000000000E+00 0.00000000000000000E+00 0.00000000000000000E+00
forward SUCCESS
forward_clamped -1.00000000000000000E+00
qacc 3.52874258361603188E-01 3.97159925354015168E-03 1.38030531592352818E-01
mass 4.68392857142857277E-01 0.00000000000000000E+00 0.00000000000000000E+00 0.00000000000000000E+00 1.50000000000000000E+00 1.39891703965640601E-01 0.00000000000000000E+00 1.39891703965640601E-01 5.14000000000000012E-01
gravity 7.45932142582595020E-02 0.00000000000000000E+00 0.00000000000000000E+00
bias -2.54109884176290102E-21 -1.36542982963968066E-05 0.00000000000000000E+00
passive -7.92524220783126228E-04 -4.81054093644198988E-02 4.19153280236231121E-02
actuation 0.00000000000000000E+00 -9.37460742553509335E-03 0.00000000000000000E+00
tendon_length 2.10261718589778512E+00
tendon_velocity -8.63616836946438145E-04
tendon_force -1.01153067358194382E+00
length 3.07816547114640703E-02
velocity 2.38716295245564800E-02
force -1.33922963221929925E-02
position 0.00000000000000000E+00 0.00000000000000000E+00 0.00000000000000000E+00
quaternion 1.00000000000000000E+00 0.00000000000000000E+00 0.00000000000000000E+00 0.00000000000000000E+00
position 4.00000000000000008E-02 0.00000000000000000E+00 1.00000000000000006E-01
quaternion 9.99824384247174569E-01 5.00856883435313142E-03 1.00171376687062628E-02 1.50257065030593925E-02
position 1.00000000000000000E+00 1.43973792444948678E-01 2.00000000000000011E-01
quaternion 9.99806595521711916E-01 0.00000000000000000E+00 0.00000000000000000E+00 1.96665083653404377E-02
unchanged_qpos 3.74828913735319180E-02 4.39737924449486728E-02 3.93355526540589695E-02
unchanged_qvel 3.96262110391563116E-02 3.41023278922235468E-02 4.98005395735541811E-02
unchanged_time 1.25000000000000000E-01
step SUCCESS
step_clamped -1.00000000000000000E+00
qpos 3.83494950680357480E-02 4.46566577279376639E-02 4.03605359794868696E-02
qvel 4.66803995139387154E-02 3.41795729184695210E-02 5.25591592099786051E-02
time 1.45000000000000018E-01
reset_qpos 0.00000000000000000E+00 0.00000000000000000E+00 0.00000000000000000E+00
reset_qvel 0.00000000000000000E+00 0.00000000000000000E+00 0.00000000000000000E+00
forward SUCCESS
forward_clamped -1.00000000000000000E+00
qacc 4.39483952217329527E-02 8.36623830381233030E-02 1.57364491305557797E-01
mass 4.68392857142857166E-01 0.00000000000000000E+00 0.00000000000000000E+00 0.00000000000000000E+00 1.50000000000000000E+00 1.39983811479964193E-01 0.00000000000000000E+00 1.39983811479964193E-01 5.14000000000000012E-01
gravity 7.49343248640232662E-02 0.00000000000000000E+00 0.00000000000000000E+00
bias 4.23516473627150170E-21 1.34735997008314016E-06 -1.05879118406787542E-22
passive -7.15857760649060422E-04 -8.11674273076470019E-03 5.11973813476654799E-02
actuation 0.00000000000000000E+00 6.99266664819142708E-02 0.00000000000000000E+00
tendon_length 2.10320572796648664E+00
tendon_velocity 1.01910250950246477E-03
tendon_force -1.01278054965776021E+00
length -2.12369244586331565E-02
velocity -1.43742408142758221E-02
force 9.98952378313061051E-02
position 0.00000000000000000E+00 0.00000000000000000E+00 0.00000000000000000E+00
quaternion 1.00000000000000000E+00 0.00000000000000000E+00 0.00000000000000000E+00 0.00000000000000000E+00
position 4.00000000000000008E-02 0.00000000000000000E+00 1.00000000000000006E-01
quaternion 9.99922722962300670E-01 -3.32252167205646532E-03 -6.64504334411293064E-03 -9.96756501616939683E-03
position 1.00000000000000000E+00 6.96615364876669307E-02 2.00000000000000011E-01
quaternion 9.99971091510657328E-01 0.00000000000000000E+00 0.00000000000000000E+00 -7.60369272030539129E-03
unchanged_qpos -2.48641159923091229E-02 -3.03384635123330818E-02 -1.52075319831519590E-02
unchanged_qvel 3.57928880324530213E-02 -2.05346297346797463E-02 -2.51568814426366937E-02
unchanged_time 1.25000000000000000E-01
step SUCCESS
step_clamped -1.00000000000000000E+00
qpos -2.41390322802464315E-02 -3.07315806560566965E-02 -1.56776155877842091E-02
qvel 3.66714157858846132E-02 -1.88604659439812750E-02 -2.20085369096504856E-02
time 1.45000000000000018E-01
reset_qpos 0.00000000000000000E+00 0.00000000000000000E+00 0.00000000000000000E+00
reset_qvel 0.00000000000000000E+00 0.00000000000000000E+00 0.00000000000000000E+00
forward SUCCESS
forward_clamped -1.00000000000000000E+00
qacc 3.43407896444205274E-01 4.15080517903145419E-03 2.68698206686285412E-01
mass 4.68392857142857166E-01 0.00000000000000000E+00 0.00000000000000000E+00 0.00000000000000000E+00 1.50000000000000000E+00 1.39717644437393707E-01 0.00000000000000000E+00 1.39717644437393707E-01 5.14000000000000012E-01
gravity 7.49999964937764496E-02 0.00000000000000000E+00 0.00000000000000000E+00
bias -1.27054942088145051E-21 1.20848126693927904E-06 -5.29395592033937712E-23
passive -4.62815511821004788E-04 -6.05243615973581339E-02 5.10181618412598598E-02
actuation 0.00000000000000000E+00 1.40418036634360113E-02 0.00000000000000000E+00
tendon_length 2.10896653695970837E+00
tendon_velocity 1.49167154833480223E-03
tendon_force -1.02447723167729343E+00
length 5.59506464459368427E-02
velocity 1.26198107281528457E-02
force 2.00597195191943023E-02
position 0.00000000000000000E+00 0.00000000000000000E+00 0.00000000000000000E+00
quaternion 1.00000000000000000E+00 0.00000000000000000E+00 0.00000000000000000E+00 0.00000000000000000E+00
position 4.00000000000000008E-02 0.00000000000000000E+00 1.00000000000000006E-01
quaternion 9.99448758465570353E-01 -8.87282851354122271E-03 -1.77456570270824454E-02 -2.66184855406236681E-02
position 1.00000000000000000E+00 1.79929494922766942E-01 2.00000000000000011E-01
quaternion 9.99495666462044352E-01 0.00000000000000000E+00 0.00000000000000000E+00 -3.17555148532305126E-02
unchanged_qpos -6.64103718654715375E-02 7.99294949227669221E-02 -6.35217087749207210E-02
unchanged_qvel 2.31407755910502388E-02 1.80283010402183530E-02 -1.16611372974933306E-02
unchanged_time 1.25000000000000000E-01
step SUCCESS
step_clamped -1.00000000000000000E+00
qpos -6.58754632735624457E-02 8.02909248908498518E-02 -6.36985023582785220E-02
qvel 3.00058548335732297E-02 1.81102131387209445E-02 -6.28682525917763097E-03
time 1.45000000000000018E-01
lifecycle PASS
