create SUCCESS
reset_qpos 0.00000000000000000E+00 0.00000000000000000E+00
reset_qvel 0.00000000000000000E+00 0.00000000000000000E+00
forward SUCCESS
forward_clamped -1.00000000000000000E+00
qacc -2.05245930447444380E-02 1.29376018478436355E-01
mass 1.50000000000000000E+00 1.39680746432907399E-01 1.39680746432907399E-01 5.14000000000000012E-01
gravity 0.00000000000000000E+00 0.00000000000000000E+00
bias -1.72750684930446572E-06 -2.64697796016968856E-22
passive 8.51294083420074286E-05 2.23137455276590238E-06
actuation -5.27758858859276939E-02 0.00000000000000000E+00
tendon_length 2.14010790273448759E+00
tendon_velocity 1.13998842948904045E-03
tendon_force -3.42035530870282074E-05
length 3.18652875272825570E-03
velocity -1.91095683660311134E-03
force -7.53941226941824277E-02
position 0.00000000000000000E+00 0.00000000000000000E+00 0.00000000000000000E+00
quaternion 1.00000000000000000E+00 0.00000000000000000E+00 0.00000000000000000E+00 0.00000000000000000E+00
position 1.00000000000000000E+00 1.04552183932468942E-01 2.00000000000000011E-01
quaternion 9.99429741747240086E-01 0.00000000000000000E+00 0.00000000000000000E+00 3.37667189854916408E-02
unchanged_qpos 4.55218393246893671E-03 6.75462780666792745E-02
unchanged_qvel -2.72993833800444508E-03 -1.35210465154498860E-02
unchanged_time 1.25000000000000000E-01
step SUCCESS
step_clamped -1.00000000000000000E+00
qpos 4.17560712124210448E-03 6.68475008210857868E-02
qvel -4.78043870920428788E-03 -5.84082642461077267E-04
time 2.25000000000000089E-01
reset_qpos 0.00000000000000000E+00 0.00000000000000000E+00
reset_qvel 0.00000000000000000E+00 0.00000000000000000E+00
forward SUCCESS
forward_clamped -1.00000000000000000E+00
qacc 5.08399770736731593E-02 1.70288736175206942E-02
mass 1.50000000000000000E+00 1.39888638098140727E-01 1.39888638098140727E-01 5.14000000000000012E-01
gravity 0.00000000000000000E+00 0.00000000000000000E+00
bias -4.94254644880471565E-07 -6.61744490042422140E-24
passive -9.11057125441849130E-04 -6.35983328028274139E-06
actuation 6.39431105181030024E-02 0.00000000000000000E+00
tendon_length 2.14133345933447572E+00
tendon_velocity -3.38559310880484719E-03
tendon_force 1.01602218792723692E-04
length 7.23560327129314437E-03
velocity 2.10373915842673870E-02
force 9.13473007401471582E-02
position 0.00000000000000000E+00 0.00000000000000000E+00 0.00000000000000000E+00
quaternion 1.00000000000000000E+00 0.00000000000000000E+00 0.00000000000000000E+00 0.00000000000000000E+00
position 1.00000000000000000E+00 1.10336576101847356E-01 2.00000000000000011E-01
quaternion 9.99801119684275430E-01 0.00000000000000000E+00 0.00000000000000000E+00 1.99429455715345455E-02
unchanged_qpos 1.03365761018473501E-02 3.98885355263110947E-02
unchanged_qvel 3.00534165489534100E-02 9.40903107014732371E-03
unchanged_time 1.25000000000000000E-01
step SUCCESS
step_clamped -1.00000000000000000E+00
qpos 1.09483192134888635E-02 4.00802926314138622E-02
qvel 3.10699958862037558E-02 9.74966574029737833E-03
time 1.45000000000000018E-01
reset_qpos 0.00000000000000000E+00 0.00000000000000000E+00
reset_qvel 0.00000000000000000E+00 0.00000000000000000E+00
forward SUCCESS
forward_clamped -1.00000000000000000E+00
qacc 7.11372461153476649E-03 1.13564266198977470E-01
mass 1.50000000000000000E+00 1.39816778445322226E-01 1.39816778445322226E-01 5.14000000000000012E-01
gravity 0.00000000000000000E+00 0.00000000000000000E+00
bias -5.79675432104619879E-06 -2.11758236813575085E-22
passive -1.13538050075616750E-03 -1.11832857313296637E-05
actuation 1.28444744724218254E-02 0.00000000000000000E+00
tendon_length 2.14392631346935669E+00
tendon_velocity -5.76091725900303771E-03
tendon_force 1.72927273467374254E-04
length -1.60790104696605998E-02
velocity 2.60673767378114263E-02
force 1.83492492463168955E-02
position 0.00000000000000000E+00 0.00000000000000000E+00 0.00000000000000000E+00
quaternion 1.00000000000000000E+00 0.00000000000000000E+00 0.00000000000000000E+00 0.00000000000000000E+00
position 1.00000000000000000E+00 7.70299850433420058E-02 2.00000000000000011E-01
quaternion 9.99672765111024764E-01 0.00000000000000000E+00 0.00000000000000000E+00 2.55805139760338814E-02
unchanged_qpos -2.29700149566579997E-02 5.11666092403987444E-02
unchanged_qvel 3.72391096254448967E-02 2.84531182105766528E-02
unchanged_time 1.25000000000000000E-01
step SUCCESS
step_clamped -1.00000000000000000E+00
qpos -2.22237390555133224E-02 5.17595201124545420E-02
qvel 3.73813608591924765E-02 3.07244048262322947E-02
time 1.45000000000000018E-01
reset_qpos 0.00000000000000000E+00 0.00000000000000000E+00
reset_qvel 0.00000000000000000E+00 0.00000000000000000E+00
forward SUCCESS
forward_clamped -1.00000000000000000E+00
qacc -3.08361170829766496E-02 -1.44994375470607600E-02
mass 1.50000000000000000E+00 1.39917217941665672E-01 1.39917217941665672E-01 5.14000000000000012E-01
gravity 0.00000000000000000E+00 0.00000000000000000E+00
bias 1.10746599563128915E-05 1.48230765769502559E-21
passive -1.12493637575584635E-03 -9.96986932143085435E-06
actuation -6.17166698886248630E-02 0.00000000000000000E+00
tendon_length 2.14455377780574841E+00
tendon_velocity -5.99999706485930540E-03
tendon_force 1.80108127839797129E-04
length 1.61018037250658767E-02
velocity 2.58681275423133933E-02
force -8.81666712694640919E-02
position 0.00000000000000000E+00 0.00000000000000000E+00 0.00000000000000000E+00
quaternion 1.00000000000000000E+00 0.00000000000000000E+00 0.00000000000000000E+00 0.00000000000000000E+00
position 1.00000000000000000E+00 1.23002576750094114E-01 2.00000000000000011E-01
quaternion 9.99852163968085406E-01 0.00000000000000000E+00 0.00000000000000000E+00 -1.71944819153336294E-02
unchanged_qpos 2.30025767500941086E-02 -3.43906585735367712E-02
unchanged_qvel 3.69544679175905638E-02 4.79649219007351468E-02
unchanged_time 1.25000000000000000E-01
step SUCCESS
step_clamped -1.00000000000000000E+00
qpos 2.37351915310346426E-02 -3.34344052570175534E-02
qvel 3.63378831194313898E-02 4.76749006375541198E-02
time 1.45000000000000018E-01
reset_qpos 0.00000000000000000E+00 0.00000000000000000E+00
reset_qvel 0.00000000000000000E+00 0.00000000000000000E+00
forward SUCCESS
forward_clamped -1.00000000000000000E+00
qacc 2.68485411908548077E-02 1.01429314475207338E-01
mass 1.50000000000000000E+00 1.39994575327834103E-01 1.39994575327834103E-01 5.14000000000000012E-01
gravity 0.00000000000000000E+00 0.00000000000000000E+00
bias -3.05969060564607292E-07 2.11758236813575085E-22
passive 8.75822300040110437E-04 3.17931672304375729E-06
actuation 1.77327795792245474E-02 0.00000000000000000E+00
tendon_length 2.14308305540851585E+00
tendon_velocity 1.77348111598306726E-03
tendon_force -5.32138747633136179E-05
length 8.37660668569930981E-03
velocity -2.03197274948830678E-02
force 2.53325422560350677E-02
position 0.00000000000000000E+00 0.00000000000000000E+00 0.00000000000000000E+00
quaternion 1.00000000000000000E+00 0.00000000000000000E+00 0.00000000000000000E+00 0.00000000000000000E+00
position 1.00000000000000000E+00 1.11966580979570449E-01 2.00000000000000011E-01
quaternion 9.99990313038499612E-01 0.00000000000000000E+00 0.00000000000000000E+00 4.40157121533785167E-03
unchanged_qpos 1.19665809795704431E-02 8.80317085601978189E-03
unchanged_qvel -2.90281821355472432E-02 1.57564355696297176E-02
unchanged_time 1.25000000000000000E-01
step SUCCESS
step_clamped -1.00000000000000000E+00
qpos 1.13916546711484955E-02 9.13959992081545339E-03
qvel -2.84913285548122723E-02 1.77850485499689223E-02
time 1.45000000000000018E-01
reset_qpos 0.00000000000000000E+00 0.00000000000000000E+00
reset_qvel 0.00000000000000000E+00 0.00000000000000000E+00
forward SUCCESS
forward_clamped -1.00000000000000000E+00
qacc -5.59375201693383881E-02 6.87337295015102712E-02
mass 1.50000000000000000E+00 1.39662321117415000E-01 1.39662321117415000E-01 5.14000000000000012E-01
gravity 0.00000000000000000E+00 0.00000000000000000E+00
bias 1.61973442786310368E-06 -5.29395592033937712E-23
passive 1.97209284062679766E-04 5.19943819295288621E-08
actuation -4.85413722875644438E-02 0.00000000000000000E+00
tendon_length 2.15184028678532613E+00
tendon_velocity 3.22101879290285316E-05
tendon_force -9.66308750392893209E-07
length -2.09988198932299190E-02
velocity -4.59905545660017727E-03
force -6.93448175536634931E-02
position 0.00000000000000000E+00 0.00000000000000000E+00 0.00000000000000000E+00
quaternion 1.00000000000000000E+00 0.00000000000000000E+00 0.00000000000000000E+00 0.00000000000000000E+00
position 1.00000000000000000E+00 7.00016858668144060E-02 2.00000000000000011E-01
quaternion 9.99396820082377624E-01 0.00000000000000000E+00 0.00000000000000000E+00 -3.47274532500110727E-02
unchanged_qpos -2.99983141331855996E-02 -6.94688744717539552E-02
unchanged_qvel -6.57007922371453945E-03 1.29103329227004821E-02
unchanged_time 1.25000000000000000E-01
step SUCCESS
step_clamped -1.00000000000000000E+00
qpos -3.01414608486470295E-02 -6.91962341760930105E-02
qvel -7.68859138826410039E-03 1.42849469475518666E-02
time 1.45000000000000018E-01
reset_qpos 0.00000000000000000E+00 0.00000000000000000E+00
reset_qvel 0.00000000000000000E+00 0.00000000000000000E+00
forward SUCCESS
forward_clamped -1.00000000000000000E+00
qacc -8.47211929721389118E-02 5.70513049734189467E-02
mass 1.50000000000000000E+00 1.39926576908053046E-01 1.39926576908053046E-01 5.14000000000000012E-01
gravity 0.00000000000000000E+00 0.00000000000000000E+00
bias -3.20575558391995084E-06 0.00000000000000000E+00
passive -4.23555134894752316E-04 -4.42240135049250501E-06
actuation -5.44678652085558226E-02 0.00000000000000000E+00
tendon_length 2.13712277656972116E+00
tendon_velocity -2.48303658533993244E-03
tendon_force 7.45096092813396559E-05
length 4.83190073573044956E-02
velocity 9.77025958098528408E-03
force -7.78112360122226038E-02
position 0.00000000000000000E+00 0.00000000000000000E+00 0.00000000000000000E+00
quaternion 1.00000000000000000E+00 0.00000000000000000E+00 0.00000000000000000E+00 0.00000000000000000E+00
position 1.00000000000000000E+00 1.69027153367577843E-01 2.00000000000000011E-01
quaternion 9.99868878739416322E-01 0.00000000000000000E+00 0.00000000000000000E+00 1.61933729773123744E-02
unchanged_qpos 6.90271533675778509E-02 3.23881615591899569E-02
unchanged_qvel 1.39575136871218364E-02 2.65916939070701269E-02
unchanged_time 1.25000000000000000E-01
step SUCCESS
step_clamped -1.00000000000000000E+00
qpos 6.92885148954889701E-02 3.29319754579118287E-02
qvel 1.22634588322227608E-02 2.77326170806457897E-02
time 1.45000000000000018E-01
reset_qpos 0.00000000000000000E+00 0.00000000000000000E+00
reset_qvel 0.00000000000000000E+00 0.00000000000000000E+00
forward SUCCESS
forward_clamped -1.00000000000000000E+00
qacc -2.60492138873742937E-02 1.20814408334615930E-01
mass 1.50000000000000000E+00 1.39977967680768728E-01 1.39977967680768728E-01 5.14000000000000012E-01
gravity 0.00000000000000000E+00 0.00000000000000000E+00
bias 5.72111849039215603E-07 6.61744490042422140E-24
passive 1.21220037838754295E-03 8.71023652887900378E-06
actuation -2.67789841702945411E-02 0.00000000000000000E+00
tendon_length 2.14687423422813239E+00
tendon_velocity 4.99493130742516452E-03
tendon_force -1.49922911859285920E-04
length -7.45463382668237577E-03
velocity -2.79239797406986498E-02
force -3.82556916718493484E-02
position 0.00000000000000000E+00 0.00000000000000000E+00 0.00000000000000000E+00
quaternion 1.00000000000000000E+00 0.00000000000000000E+00 0.00000000000000000E+00 0.00000000000000000E+00
position 1.00000000000000000E+00 8.93505231047394682E-02 2.00000000000000011E-01
quaternion 9.99960655798818321E-01 0.00000000000000000E+00 0.00000000000000000E+00 -8.87056110948371973E-03
unchanged_qpos -1.06494768952605373E-02 -1.77413548927231116E-02
unchanged_qvel -3.98913996295695017E-02 -1.51772977135205892E-02
unchanged_time 1.25000000000000000E-01
step SUCCESS
step_clamped -1.00000000000000000E+00
qpos -1.14527743948260180E-02 -1.80195300661484190E-02
qvel -4.04122709965577184E-02 -1.27610430659578673E-02
time 1.45000000000000018E-01
reset_qpos 0.00000000000000000E+00 0.00000000000000000E+00
reset_qvel 0.00000000000000000E+00 0.00000000000000000E+00
forward SUCCESS
forward_clamped -1.00000000000000000E+00
qacc -4.76314425827000162E-02 1.48257490031970557E-01
mass 1.50000000000000000E+00 1.39856432595702435E-01 1.39856432595702435E-01 5.14000000000000012E-01
gravity 0.00000000000000000E+00 0.00000000000000000E+00
bias -1.45644857156490975E-05 3.81164826264435153E-21
passive 6.42837071099040987E-04 -2.78304373896086054E-06
actuation 3.70141034663527685E-02 0.00000000000000000E+00
tendon_length 2.13624182271686713E+00
tendon_velocity -1.53508015099970176E-03
tendon_force 4.60594775605729966E-05
length 4.95017712851330421E-02
velocity -1.50674983964811503E-02
force 5.28772906662182407E-02
position 0.00000000000000000E+00 0.00000000000000000E+00 0.00000000000000000E+00
quaternion 1.00000000000000000E+00 0.00000000000000000E+00 0.00000000000000000E+00 0.00000000000000000E+00
position 1.00000000000000000E+00 1.70716816121618653E-01 2.00000000000000011E-01
quaternion 9.99743596763873588E-01 0.00000000000000000E+00 0.00000000000000000E+00 2.26437790493013262E-02
unchanged_qpos 7.07168161216186336E-02 4.52914291211068826E-02
unchanged_qvel -2.15249977092587877E-02 4.79346754689737864E-02
unchanged_time 1.25000000000000000E-01
step SUCCESS
step_clamped -1.00000000000000000E+00
qpos 7.02763152054550339E-02 4.62812561897663691E-02
qvel -2.24774017750560828E-02 5.08997544804958083E-02
time 1.45000000000000018E-01
reset_qpos 0.00000000000000000E+00 0.00000000000000000E+00
reset_qvel 0.00000000000000000E+00 0.00000000000000000E+00
forward SUCCESS
forward_clamped -1.00000000000000000E+00
qacc 9.63319587647463449E-02 5.25707465411887898E-02
mass 1.50000000000000000E+00 1.39996004241944749E-01 1.39996004241944749E-01 5.14000000000000012E-01
gravity 0.00000000000000000E+00 0.00000000000000000E+00
bias 1.03330910959697890E-06 9.26442286059390996E-23
passive 1.07660020705414622E-03 8.87902838887170711E-06
actuation 5.69293758354450438E-02 0.00000000000000000E+00
tendon_length 2.14367574799035321E+00
tendon_velocity 5.09101138105611754E-03
tendon_force -1.52808228573183158E-04
length 1.11711714412990760E-02
velocity -2.47909675576722180E-02
force 8.13276797649215011E-02
position 0.00000000000000000E+00 0.00000000000000000E+00 0.00000000000000000E+00
quaternion 1.00000000000000000E+00 0.00000000000000000E+00 0.00000000000000000E+00 0.00000000000000000E+00
position 1.00000000000000000E+00 1.15958816344712973E-01 2.00000000000000011E-01
quaternion 9.99992864692301864E-01 0.00000000000000000E+00 0.00000000000000000E+00 -3.77764006801002998E-03
unchanged_qpos 1.59588163447129672E-02 -7.55529810582085404E-03
unchanged_qvel -3.54156679395317420E-02 -3.12555664950293632E-02
unchanged_time 1.25000000000000000E-01
step SUCCESS
step_clamped -1.00000000000000000E+00
qpos 1.52707296316435884E-02 -8.16936878796718433E-03
qvel -3.34894469290876046E-02 -3.02040439541228223E-02
time 1.45000000000000018E-01
reset_qpos 0.00000000000000000E+00 0.00000000000000000E+00
reset_qvel 0.00000000000000000E+00 0.00000000000000000E+00
forward SUCCESS
forward_clamped -1.00000000000000000E+00
qacc -7.75860783723310438E-02 1.52935745146374202E-01
mass 1.50000000000000000E+00 1.39874432269324056E-01 1.39874432269324056E-01 5.14000000000000012E-01
gravity 0.00000000000000000E+00 0.00000000000000000E+00
bias 1.31749620639518238E-05 1.69406589450860068E-21
passive 3.07591891680268105E-04 5.93847913028737824E-06
actuation -1.23524307220707879E-02 0.00000000000000000E+00
tendon_length 2.14668919518890977E+00
tendon_velocity 3.57866325711487382E-03
tendon_force -1.07398364036904182E-04
length 3.53724575560718365E-03
velocity -6.93115592773747673E-03
force -1.76463296029582689E-02
position 0.00000000000000000E+00 0.00000000000000000E+00 0.00000000000000000E+00
quaternion 1.00000000000000000E+00 0.00000000000000000E+00 0.00000000000000000E+00 0.00000000000000000E+00
position 1.00000000000000000E+00 1.05053208222295982E-01 2.00000000000000011E-01
quaternion 9.99775746764750450E-01 0.00000000000000000E+00 0.00000000000000000E+00 -2.11767840095135676E-02
unchanged_qpos 5.05320822229597677E-03 -4.23567342779306855E-02
unchanged_qvel -9.90165132533925296E-03 -4.71426909566005081E-02
unchanged_time 1.25000000000000000E-01
step SUCCESS
step_clamped -1.00000000000000000E+00
qpos 4.83888467730487701E-03 -4.32674723472982470E-02
qvel -1.14530234285874725E-02 -4.40840797816126409E-02
time 1.45000000000000018E-01
reset_qpos 0.00000000000000000E+00 0.00000000000000000E+00
reset_qvel 0.00000000000000000E+00 0.00000000000000000E+00
forward SUCCESS
forward_clamped -1.00000000000000000E+00
qacc -4.82280674038500085E-02 1.78177607893166487E-02
mass 1.50000000000000000E+00 1.39755720064086458E-01 1.39755720064086458E-01 5.14000000000000012E-01
gravity 0.00000000000000000E+00 0.00000000000000000E+00
bias -1.91582542919956859E-05 -2.11758236813575085E-21
passive 1.31246146453424441E-03 1.74753031363802476E-06
actuation -7.27479966095133639E-03 0.00000000000000000E+00
tendon_length 2.13994894064798036E+00
tendon_velocity 9.06927852761847762E-04
tendon_force -2.72103038832103792E-05
length 8.50504618998050577E-03
velocity -3.05659594728481462E-02
force -1.03925709442161951E-02
position 0.00000000000000000E+00 0.00000000000000000E+00 0.00000000000000000E+00
quaternion 1.00000000000000000E+00 0.00000000000000000E+00 0.00000000000000000E+00 0.00000000000000000E+00
position 1.00000000000000000E+00 1.12150065985686442E-01 2.00000000000000011E-01
quaternion 9.99563690645799530E-01 0.00000000000000000E+00 0.00000000000000000E+00 2.95368979845256445E-02
unchanged_qpos 1.21500659856864368E-02 5.90823889520060014E-02
unchanged_qvel -4.36656563897830710E-02 4.81405750362953050E-02
unchanged_time 1.25000000000000000E-01
step SUCCESS
step_clamped -1.00000000000000000E+00
qpos 1.12666265340604834E-02 6.00489417246647672E-02
qvel -4.46300032968758587E-02 4.84968675274012745E-02
time 1.45000000000000018E-01
lifecycle PASS
