create SUCCESS
reset_qpos 0.00000000000000000E+00 0.00000000000000000E+00 0.00000000000000000E+00
reset_qvel 0.00000000000000000E+00 0.00000000000000000E+00 0.00000000000000000E+00
forward SUCCESS
forward_clamped -1.00000000000000000E+00
qacc 2.75400369546737134E-01 2.13800378139658687E-01 1.55351895815462437E-01
mass 4.68392857142857277E-01 0.00000000000000000E+00 0.00000000000000000E+00 0.00000000000000000E+00 1.50000000000000000E+00 1.39998129496203189E-01 0.00000000000000000E+00 1.39998129496203189E-01 5.14000000000000012E-01
gravity 7.49063667299705582E-02 0.00000000000000000E+00 0.00000000000000000E+00
bias 1.85288457211878199E-22 -6.03983460734410696E-07 5.29395592033937712E-23
passive -1.51529954833130577E-04 2.35197777663537777E-01 7.91552927380025223E-02
actuation 0.00000000000000000E+00 4.70864163361744970E-02 0.00000000000000000E+00
tendon_length 2.16930833800116663E+00
tendon_velocity -4.45089820003683086E-03
tendon_force -1.14681052575879194E+00
length 5.61018328855456688E-03
velocity 2.19981307655696366E-02
force 6.72663090516778528E-02
position 0.00000000000000000E+00 0.00000000000000000E+00 0.00000000000000000E+00
quaternion 1.00000000000000000E+00 0.00000000000000000E+00 0.00000000000000000E+00 0.00000000000000000E+00
position 4.00000000000000008E-02 0.00000000000000000E+00 1.00000000000000006E-01
quaternion 9.99964963024027931E-01 -2.23722922310742953E-03 -4.47445844621485907E-03 -6.71168766932228773E-03
position 1.00000000000000000E+00 1.08014547555077958E-01 2.00000000000000011E-01
quaternion 9.99996659809070265E-01 0.00000000000000000E+00 0.00000000000000000E+00 2.58464131023139043E-03
unchanged_qpos -1.67420860282382344E-02 8.01454755507795269E-03 5.16928837593411128E-03
unchanged_qvel 7.57649774166130330E-03 3.14259010936709104E-02 -2.88891053125297642E-02
unchanged_time 1.25000000000000000E-01
step SUCCESS
step_clamped -1.00000000000000000E+00
qpos -1.45957008621458457E-02 1.22322791608630368E-02 3.06576755246033535E-03
qvel 3.50565614626530409E-02 5.26650823377784738E-02 -1.33299776539435554E-02
time 2.25000000000000089E-01
reset_qpos 0.00000000000000000E+00 0.00000000000000000E+00 0.00000000000000000E+00
reset_qvel 0.00000000000000000E+00 0.00000000000000000E+00 0.00000000000000000E+00
forward SUCCESS
forward_clamped -1.00000000000000000E+00
qacc 3.37568681682193672E-01 1.19183266589923065E-01 6.16692217894357214E-02
mass 4.68392857142857166E-01 0.00000000000000000E+00 0.00000000000000000E+00 0.00000000000000000E+00 1.50000000000000000E+00 1.39827105454205236E-01 0.00000000000000000E+00 1.39827105454205236E-01 5.14000000000000012E-01
gravity 7.49309129613312391E-02 0.00000000000000000E+00 0.00000000000000000E+00
bias -3.81164826264435153E-21 5.98605638658729573E-07 3.44107134822059513E-22
passive 5.31642234517254496E-04 2.68267704811209429E-01 8.82921672952602238E-02
actuation 0.00000000000000000E+00 2.41705783975284779E-03 0.00000000000000000E+00
tendon_length 2.17891565898842998E+00
tendon_velocity 6.66253571977787167E-03
tendon_force -1.16667439159338793E+00
length -1.31755232336276343E-02
velocity -1.84400837541438545E-02
force 3.45293977107549721E-03
position 0.00000000000000000E+00 0.00000000000000000E+00 0.00000000000000000E+00
quaternion 1.00000000000000000E+00 0.00000000000000000E+00 0.00000000000000000E+00 0.00000000000000000E+00
position 4.00000000000000008E-02 0.00000000000000000E+00 1.00000000000000006E-01
quaternion 9.99929251839087319E-01 -3.17907574757229396E-03 -6.35815149514458791E-03 -9.53722724271688187E-03
position 1.00000000000000000E+00 8.11778239519605205E-02 2.00000000000000011E-01
quaternion 9.99691212064657719E-01 0.00000000000000000E+00 0.00000000000000000E+00 -2.48491553316281949E-02
unchanged_qpos -2.37905855574068459E-02 -1.88221760480394781E-02 -4.97034267080843709E-02
unchanged_qvel -2.65821117258546319E-02 -2.63429767916340783E-02 -9.27689483616672694E-03
unchanged_time 1.25000000000000000E-01
step SUCCESS
step_clamped -1.00000000000000000E+00
qpos -2.42513603354715286E-02 -1.93239897106797995E-02 -4.98760094705878870E-02
qvel -1.98337325696973515E-02 -2.39568250629168984E-02 -8.04286507477912187E-03
time 1.45000000000000018E-01
reset_qpos 0.00000000000000000E+00 0.00000000000000000E+00 0.00000000000000000E+00
reset_qvel 0.00000000000000000E+00 0.00000000000000000E+00 0.00000000000000000E+00
forward SUCCESS
forward_clamped -1.00000000000000000E+00
qacc -4.14086082939392475E-03 1.85363504392671491E-01 1.01950237077246597E-01
mass 4.68392857142857166E-01 0.00000000000000000E+00 0.00000000000000000E+00 0.00000000000000000E+00 1.50000000000000000E+00 1.39819992115380071E-01 0.00000000000000000E+00 1.39819992115380071E-01 5.14000000000000012E-01
gravity 7.48915453502801143E-02 0.00000000000000000E+00 0.00000000000000000E+00
bias 6.35274710440725254E-22 5.98711659404592918E-06 -7.41153828847512797E-22
passive -3.92647996220471768E-04 2.12868272922139085E-01 8.21609157965549064E-02
actuation 0.00000000000000000E+00 3.07762683805344987E-02 0.00000000000000000E+00
tendon_length 2.16697635194515659E+00
tendon_velocity 5.47581995423489665E-03
tendon_force -1.14236892684207092E+00
length 2.72515858869615303E-02
velocity -2.76022753032499971E-02
force 4.39660976864778563E-02
position 0.00000000000000000E+00 0.00000000000000000E+00 0.00000000000000000E+00
quaternion 1.00000000000000000E+00 0.00000000000000000E+00 0.00000000000000000E+00 0.00000000000000000E+00
position 4.00000000000000008E-02 0.00000000000000000E+00 1.00000000000000006E-01
quaternion 9.99979098099699648E-01 -1.72799147880263720E-03 -3.45598295760527439E-03 -5.18397443640791159E-03
position 1.00000000000000000E+00 1.38930836981373623E-01 2.00000000000000011E-01
quaternion 9.99678505669590711E-01 0.00000000000000000E+00 0.00000000000000000E+00 -2.53551829457815021E-02
unchanged_qpos -1.29311942575252165E-02 3.89308369813736177E-02 -5.07158009555487010E-02
unchanged_qvel 1.96323998110251724E-02 -3.94318218617857111E-02 2.90446595891098863E-02
unchanged_time 1.25000000000000000E-01
step SUCCESS
step_clamped -1.00000000000000000E+00
qpos -1.25394157947156162E-02 3.81811526122424541E-02 -5.01135029921812303E-02
qvel 1.95495875851718903E-02 -3.57208748360921258E-02 3.10829636242204548E-02
time 1.45000000000000018E-01
reset_qpos 0.00000000000000000E+00 0.00000000000000000E+00 0.00000000000000000E+00
reset_qvel 0.00000000000000000E+00 0.00000000000000000E+00 0.00000000000000000E+00
forward SUCCESS
forward_clamped -1.00000000000000000E+00
qacc 1.42337479342708517E-01 8.50107661982834328E-02 3.06421425660390288E-02
mass 4.68392857142857277E-01 0.00000000000000000E+00 0.00000000000000000E+00 0.00000000000000000E+00 1.50000000000000000E+00 1.39718201105862222E-01 0.00000000000000000E+00 1.39718201105862222E-01 5.14000000000000012E-01
gravity 7.48091270595479529E-02 0.00000000000000000E+00 0.00000000000000000E+00
bias 1.69406589450860068E-21 -8.07360922209511828E-06 -4.23516473627150170E-22
passive 7.82597633183051890E-04 2.21848890672235843E-01 7.12579105218572734E-02
actuation 0.00000000000000000E+00 -5.09129538487433780E-02 0.00000000000000000E+00
tendon_length 2.16336729467727729E+00
tendon_velocity 7.62080240629822540E-04
tendon_force -1.13489313805859893E+00
length 1.17068588283436026E-02
velocity -1.07390659115678237E-02
force -7.27327912124905440E-02
position 0.00000000000000000E+00 0.00000000000000000E+00 0.00000000000000000E+00
quaternion 1.00000000000000000E+00 0.00000000000000000E+00 0.00000000000000000E+00 0.00000000000000000E+00
position 4.00000000000000008E-02 0.00000000000000000E+00 1.00000000000000006E-01
quaternion 9.99997305503525280E-01 6.20425297062688653E-04 1.24085059412537731E-03 1.86127589118806618E-03
position 1.00000000000000000E+00 1.16724084040490866E-01 2.00000000000000011E-01
quaternion 9.99496661013972276E-01 0.00000000000000000E+00 0.00000000000000000E+00 3.17241961587765089E-02
unchanged_qpos 4.64284196143323336E-03 1.67240840404908608E-02 6.34590398111213455E-02
unchanged_qvel -3.91298816591447163E-02 -1.53415227308111787E-02 3.01556615011348422E-02
unchanged_time 1.25000000000000000E-01
step SUCCESS
step_clamped -1.00000000000000000E+00
qpos 3.89012642212875235E-03 1.64351140737432067E-02 6.40685800741493117E-02
qvel -3.62843255820384514E-02 -1.36401310932743533E-02 3.07673802166116526E-02
time 1.45000000000000018E-01
reset_qpos 0.00000000000000000E+00 0.00000000000000000E+00 0.00000000000000000E+00
reset_qvel 0.00000000000000000E+00 0.00000000000000000E+00 0.00000000000000000E+00
forward SUCCESS
forward_clamped -1.00000000000000000E+00
qacc 2.60931273672198427E-01 1.13299739375123373E-01 2.72945928994019649E-01
mass 4.68392857142857166E-01 0.00000000000000000E+00 0.00000000000000000E+00 0.00000000000000000E+00 1.50000000000000000E+00 1.39988800904103428E-01 0.00000000000000000E+00 1.39988800904103428E-01 5.14000000000000012E-01
gravity 7.49985902305957686E-02 0.00000000000000000E+00 0.00000000000000000E+00
bias -4.23516473627150170E-21 2.31161375293136941E-06 -2.64697796016968856E-23
passive -7.82885821266334002E-04 3.05944878709946078E-01 8.89389884072744469E-02
actuation 0.00000000000000000E+00 -5.65359815928221376E-02 0.00000000000000000E+00
tendon_length 2.18874619081951183E+00
tendon_velocity -4.47905649559646180E-03
tendon_force -1.18633111548862646E+00
length -4.87658256451839259E-02
velocity 5.01088389788367176E-03
force -8.07656879897459129E-02
position 0.00000000000000000E+00 0.00000000000000000E+00 0.00000000000000000E+00
quaternion 1.00000000000000000E+00 0.00000000000000000E+00 0.00000000000000000E+00 0.00000000000000000E+00
position 4.00000000000000008E-02 0.00000000000000000E+00 1.00000000000000006E-01
quaternion 9.99541220996188695E-01 -8.09474048577427281E-03 -1.61894809715485456E-02 -2.42842214573228167E-02
position 1.00000000000000000E+00 3.03345347925943892E-02 2.00000000000000011E-01
quaternion 9.99980001414498609E-01 0.00000000000000000E+00 0.00000000000000000E+00 -6.32430004501603575E-03
unchanged_qpos -6.05847563533563477E-02 -6.96654652074056163E-02 -1.26486844087433659E-02
unchanged_qvel 3.91442910633166968E-02 7.15840556840524611E-03 3.61307293738618446E-02
unchanged_time 1.25000000000000000E-01
step SUCCESS
step_clamped -1.00000000000000000E+00
qpos -5.97470921731534446E-02 -6.94985148795542323E-02 -1.18687614296554902E-02
qvel 4.43605695668669864E-02 9.42287253303535077E-03 4.15881590003195356E-02
time 1.45000000000000018E-01
reset_qpos 0.00000000000000000E+00 0.00000000000000000E+00 0.00000000000000000E+00
reset_qvel 0.00000000000000000E+00 0.00000000000000000E+00 0.00000000000000000E+00
forward SUCCESS
forward_clamped -1.00000000000000000E+00
qacc 1.02466487423443706E-01 7.63374710738747575E-02 5.75312686157308656E-02
mass 4.68392857142857055E-01 0.00000000000000000E+00 0.00000000000000000E+00 0.00000000000000000E+00 1.50000000000000000E+00 1.39843346106794580E-01 0.00000000000000000E+00 1.39843346106794580E-01 5.14000000000000012E-01
gravity 7.49846956820202498E-02 0.00000000000000000E+00 0.00000000000000000E+00
bias -8.47032947254300339E-22 -8.81873473481585954E-06 5.29395592033937712E-22
passive -5.43464256356937536E-04 1.66296878119075314E-01 6.70989770181027179E-02
actuation 0.00000000000000000E+00 -3.12950468591279007E-03 0.00000000000000000E+00
tendon_length 2.15471329348079621E+00
tendon_velocity 5.44711098847578800E-04
tendon_force -1.11730395667927351E+00
length 5.16151805901356314E-02
velocity -1.43765738437072830E-02
force -4.47072097987541439E-03
position 0.00000000000000000E+00 0.00000000000000000E+00 0.00000000000000000E+00
quaternion 1.00000000000000000E+00 0.00000000000000000E+00 0.00000000000000000E+00 0.00000000000000000E+00
position 4.00000000000000008E-02 0.00000000000000000E+00 1.00000000000000006E-01
quaternion 9.99729568805960089E-01 -6.21512702461113169E-03 -1.24302540492222634E-02 -1.86453810738333933E-02
position 1.00000000000000000E+00 1.73735972271622352E-01 2.00000000000000011E-01
quaternion 9.99720221767060213E-01 0.00000000000000000E+00 0.00000000000000000E+00 2.36532913147344780E-02
unchanged_qpos -4.65139448989003446E-02 7.37359722716223326E-02 4.73109949072881147E-02
unchanged_qvel 2.71732128178406723E-02 -2.05379626338675486E-02 3.64954812827120723E-02
unchanged_time 1.25000000000000000E-01
step SUCCESS
step_clamped -1.00000000000000000E+00
qpos -4.59489695365161224E-02 7.33412570507807615E-02 4.80529767754323198E-02
qvel 2.92216067639483358E-02 -1.90093327481574877E-02 3.76447662422040447E-02
time 1.45000000000000018E-01
reset_qpos 0.00000000000000000E+00 0.00000000000000000E+00 0.00000000000000000E+00
reset_qvel 0.00000000000000000E+00 0.00000000000000000E+00 0.00000000000000000E+00
forward SUCCESS
forward_clamped -1.00000000000000000E+00
qacc 3.21271668019893542E-01 1.43798861654671289E-01 2.79118046227538330E-01
mass 4.68392857142857277E-01 0.00000000000000000E+00 0.00000000000000000E+00 0.00000000000000000E+00 1.50000000000000000E+00 1.39909502473246850E-01 0.00000000000000000E+00 1.39909502473246850E-01 5.14000000000000012E-01
gravity 7.49950851858728201E-02 0.00000000000000000E+00 0.00000000000000000E+00
bias -1.69406589450860068E-20 -6.06788596194359488E-06 -3.17637355220362627E-22
passive 9.94305290464383030E-04 1.71310800604262625E-01 6.89796916338959315E-02
actuation 0.00000000000000000E+00 1.85206102923142941E-02 0.00000000000000000E+00
tendon_length 2.15624992331935594E+00
tendon_velocity -1.32976874916082219E-03
tendon_force -1.12036934282376066E+00
length 4.80822288787395233E-02
velocity 1.68239607987855887E-02
force 2.64580147033061375E-02
position 0.00000000000000000E+00 0.00000000000000000E+00 0.00000000000000000E+00
quaternion 1.00000000000000000E+00 0.00000000000000000E+00 0.00000000000000000E+00 0.00000000000000000E+00
position 4.00000000000000008E-02 0.00000000000000000E+00 1.00000000000000006E-01
quaternion 9.99618207152969118E-01 -7.38453948793174348E-03 -1.47690789758634870E-02 -2.21536184637952278E-02
position 1.00000000000000000E+00 1.68688898398199338E-01 2.00000000000000011E-01
quaternion 9.99838384213824094E-01 0.00000000000000000E+00 0.00000000000000000E+00 1.79779156936958687E-02
unchanged_qpos -5.52678672503917473E-02 6.86888983981993190E-02 3.59577685226067228E-02
unchanged_qvel -4.97152645232144877E-02 2.40342297125508420E-02 -3.47220307157206989E-02
unchanged_time 1.25000000000000000E-01
step SUCCESS
step_clamped -1.00000000000000000E+00
qpos -5.61947264967168417E-02 6.91997559099208348E-02 3.53219523584457143E-02
qvel -4.32926949636156660E-02 2.69066559549470223E-02 -2.91383159617344296E-02
time 1.45000000000000018E-01
reset_qpos 0.00000000000000000E+00 0.00000000000000000E+00 0.00000000000000000E+00
reset_qvel 0.00000000000000000E+00 0.00000000000000000E+00 0.00000000000000000E+00
forward SUCCESS
forward_clamped -1.00000000000000000E+00
qacc 2.88072575599496394E-01 1.40200654486010018E-01 3.04193522444192524E-02
mass 4.68392857142857166E-01 0.00000000000000000E+00 0.00000000000000000E+00 0.00000000000000000E+00 1.50000000000000000E+00 1.39987661538974212E-01 0.00000000000000000E+00 1.39987661538974212E-01 5.14000000000000012E-01
gravity 7.49969414973633841E-02 0.00000000000000000E+00 0.00000000000000000E+00
bias -1.05879118406787542E-22 4.59777942694904362E-06 3.70576914423756398E-22
passive 3.05355264961615358E-04 2.62336021114584705E-01 8.41183255172587990E-02
actuation 0.00000000000000000E+00 -2.93007845003736070E-02 0.00000000000000000E+00
tendon_length 2.17638244980542961E+00
tendon_velocity -5.24414890469581101E-03
tendon_force -1.16116666598314655E+00
length -1.30772799496863910E-02
velocity 2.69410108853386822E-02
force -4.18582635719622967E-02
position 0.00000000000000000E+00 0.00000000000000000E+00 0.00000000000000000E+00
quaternion 1.00000000000000000E+00 0.00000000000000000E+00 0.00000000000000000E+00 0.00000000000000000E+00
position 4.00000000000000008E-02 0.00000000000000000E+00 1.00000000000000006E-01
quaternion 9.99282880170781485E-01 -1.01197310720480011E-02 -2.02394621440960022E-02 -3.03591932161440085E-02
position 1.00000000000000000E+00 8.13181715004480110E-02 2.00000000000000011E-01
quaternion 9.99977966791151696E-01 0.00000000000000000E+00 0.00000000000000000E+00 -6.63821754950063951E-03
unchanged_qpos -7.57472405176383423E-02 -1.86818284995519876E-02 -1.32765326073497475E-02
unchanged_qvel -1.52677632480807679E-02 3.84871584076266898E-02 -4.97363710784764212E-02
unchanged_time 1.25000000000000000E-01
step SUCCESS
step_clamped -1.00000000000000000E+00
qpos -7.59921195062978339E-02 -1.78826765566028993E-02 -1.42648587585453117E-02
qvel -9.50889769916943468E-03 4.12864089386391422E-02 -4.91261086498228569E-02
time 1.45000000000000018E-01
reset_qpos 0.00000000000000000E+00 0.00000000000000000E+00 0.00000000000000000E+00
reset_qvel 0.00000000000000000E+00 0.00000000000000000E+00 0.00000000000000000E+00
forward SUCCESS
forward_clamped -1.00000000000000000E+00
qacc 1.30720778060542081E-01 8.89173698888877512E-02 7.82000210618927216E-02
mass 4.68392857142857166E-01 0.00000000000000000E+00 0.00000000000000000E+00 0.00000000000000000E+00 1.50000000000000000E+00 1.39950071392152903E-01 0.00000000000000000E+00 1.39950071392152903E-01 5.14000000000000012E-01
gravity 7.48331361725096816E-02 0.00000000000000000E+00 0.00000000000000000E+00
bias -4.65868120989865186E-21 -1.27426089163295715E-06 4.76456032830543941E-22
passive 6.04550021689531062E-04 1.76852515706015317E-01 7.03592869583558045E-02
actuation 0.00000000000000000E+00 -6.77194566845933238E-02 0.00000000000000000E+00
tendon_length 2.15728018755403195E+00
tendon_velocity 4.70868866370449581E-03
tendon_force -1.12264362261571971E+00
length 4.62583058910118541E-02
velocity -2.66267457935107053E-02
force -9.67420809779904745E-02
position 0.00000000000000000E+00 0.00000000000000000E+00 0.00000000000000000E+00
quaternion 1.00000000000000000E+00 0.00000000000000000E+00 0.00000000000000000E+00 0.00000000000000000E+00
position 4.00000000000000008E-02 0.00000000000000000E+00 1.00000000000000006E-01
quaternion 9.99999999999331646E-01 3.09028001563977310E-07 6.18056003127954620E-07 9.27084004691931877E-07
position 1.00000000000000000E+00 1.66083294130016934E-01 2.00000000000000011E-01
quaternion 9.99910837796752605E-01 0.00000000000000000E+00 0.00000000000000000E+00 1.33535185099858452E-02
unchanged_qpos 2.31255380954420442E-06 6.60832941300169424E-02 2.67078308010361698E-02
unchanged_qvel -3.02275010844703235E-02 -3.80382082764438648E-02 1.84616990589570873E-02
unchanged_time 1.25000000000000000E-01
step SUCCESS
step_clamped -1.00000000000000000E+00
qpos -5.74794280205211789E-04 6.53412321673755292E-02 2.70934834742649552E-02
qvel -2.76141980393857199E-02 -3.62556389793946277E-02 2.00252158923013499E-02
time 1.45000000000000018E-01
reset_qpos 0.00000000000000000E+00 0.00000000000000000E+00 0.00000000000000000E+00
reset_qvel 0.00000000000000000E+00 0.00000000000000000E+00 0.00000000000000000E+00
forward SUCCESS
forward_clamped -1.00000000000000000E+00
qacc -5.19619694954698806E-03 2.20171010091946312E-01 -6.64358540541951925E-02
mass 4.68392857142857055E-01 0.00000000000000000E+00 0.00000000000000000E+00 0.00000000000000000E+00 1.50000000000000000E+00 1.39865694412488195E-01 0.00000000000000000E+00 1.39865694412488195E-01 5.14000000000000012E-01
gravity 7.49179049318999257E-02 0.00000000000000000E+00 0.00000000000000000E+00
bias -1.69406589450860068E-21 -9.10973971730558257E-06 -6.35274710440725254E-22
passive -9.12005372165545147E-04 2.81374901506916020E-01 8.00543279067479768E-02
actuation 0.00000000000000000E+00 3.63031409192616089E-02 0.00000000000000000E+00
tendon_length 2.17847692912963087E+00
tendon_velocity 1.59413044886412905E-04
tendon_force -1.16558714137456021E+00
length -3.18127074902990054E-02
velocity 8.04502261677365535E-03
force 5.18616298846594492E-02
position 0.00000000000000000E+00 0.00000000000000000E+00 0.00000000000000000E+00
quaternion 1.00000000000000000E+00 0.00000000000000000E+00 0.00000000000000000E+00 0.00000000000000000E+00
position 4.00000000000000008E-02 0.00000000000000000E+00 1.00000000000000006E-01
quaternion 9.99950384806372106E-01 -2.66227514930196659E-03 -5.32455029860393319E-03 -7.98682544790589935E-03
position 1.00000000000000000E+00 5.45532750138585654E-02 2.00000000000000011E-01
quaternion 9.99760139827277960E-01 0.00000000000000000E+00 0.00000000000000000E+00 2.19012057325986692E-02
unchanged_qpos -1.99229724511559431E-02 -4.54467249861414402E-02 4.38059139525690949E-02
unchanged_qvel 4.56002686082788711E-02 1.14928894525337943E-02 -3.85471299031570555E-02
unchanged_time 1.25000000000000000E-01
step SUCCESS
step_clamped -1.00000000000000000E+00
qpos -1.90120583948143358E-02 -4.51706458604173439E-02 4.30210324319440715E-02
qvel 4.54963260166236713E-02 1.58942377063075943E-02 -3.98740562814933752E-02
time 1.45000000000000018E-01
reset_qpos 0.00000000000000000E+00 0.00000000000000000E+00 0.00000000000000000E+00
reset_qvel 0.00000000000000000E+00 0.00000000000000000E+00 0.00000000000000000E+00
forward SUCCESS
forward_clamped -1.00000000000000000E+00
qacc -1.64931120029889015E-02 2.06083586135484553E-01 -4.67573058518598178E-02
mass 4.68392857142857166E-01 0.00000000000000000E+00 0.00000000000000000E+00 0.00000000000000000E+00 1.50000000000000000E+00 1.39886002727967307E-01 0.00000000000000000E+00 1.39886002727967307E-01 5.14000000000000012E-01
gravity 7.49987994519194789E-02 0.00000000000000000E+00 0.00000000000000000E+00
bias 1.48230765769502559E-21 3.91808268738971923E-06 4.76456032830543941E-22
passive 4.14519667001027293E-04 2.78364494371457938E-01 8.84985275812472383E-02
actuation 0.00000000000000000E+00 -5.61107109890066694E-02 0.00000000000000000E+00
tendon_length 2.18113484968922400E+00
tendon_velocity 8.24475092057782091E-03
tendon_force -1.17123419599158662E+00
length -2.17439545979964052E-02
velocity -1.90121817119292338E-02
force -8.01581585557238213E-02
position 0.00000000000000000E+00 0.00000000000000000E+00 0.00000000000000000E+00
quaternion 1.00000000000000000E+00 0.00000000000000000E+00 0.00000000000000000E+00 0.00000000000000000E+00
position 4.00000000000000008E-02 0.00000000000000000E+00 1.00000000000000006E-01
quaternion 9.99345316500650616E-01 -9.66931223811586318E-03 -1.93386244762317264E-02 -2.90079367143475896E-02
position 1.00000000000000000E+00 6.89372077171479941E-02 2.00000000000000011E-01
quaternion 9.99796412718907956E-01 0.00000000000000000E+00 0.00000000000000000E+00 -2.01775398501145460E-02
unchanged_qpos -7.23743018980656655E-02 -3.10627922828520114E-02 -4.03578185169171655E-02
unchanged_qvel -2.07259833500546137E-02 -2.71602595884703375E-02 -2.63370961325343211E-02
unchanged_time 1.25000000000000000E-01
step SUCCESS
step_clamped -1.00000000000000000E+00
qpos -7.27922840598594356E-02 -3.15627047910437483E-02 -4.08943692398889835E-02
qvel -2.10557014179637465E-02 -2.30364183878579917E-02 -2.72707911355600276E-02
time 1.45000000000000018E-01
reset_qpos 0.00000000000000000E+00 0.00000000000000000E+00 0.00000000000000000E+00
reset_qvel 0.00000000000000000E+00 0.00000000000000000E+00 0.00000000000000000E+00
forward SUCCESS
forward_clamped -1.00000000000000000E+00
qacc 9.48581503784450830E-02 1.31786239247993264E-01 6.83794443704800609E-02
mass 4.68392857142857166E-01 0.00000000000000000E+00 0.00000000000000000E+00 0.00000000000000000E+00 1.50000000000000000E+00 1.39970906212996377E-01 0.00000000000000000E+00 1.39970906212996377E-01 5.14000000000000012E-01
gravity 7.48399826487381320E-02 0.00000000000000000E+00 0.00000000000000000E+00
bias 9.92616735063633210E-24 6.55659844033351869E-06 1.05879118406787542E-22
passive -5.23816680017327645E-05 2.38584507618011726E-01 8.20112389575267803E-02
actuation 0.00000000000000000E+00 1.62739824677272556E-02 0.00000000000000000E+00
tendon_length 2.17085672394573503E+00
tendon_velocity 1.27301882983051149E-03
tendon_force -1.15012948435121554E+00
length 6.32604854641974010E-03
velocity -1.52973156933911038E-02
force 2.32485463824675109E-02
position 0.00000000000000000E+00 0.00000000000000000E+00 0.00000000000000000E+00
quaternion 1.00000000000000000E+00 0.00000000000000000E+00 0.00000000000000000E+00 0.00000000000000000E+00
position 4.00000000000000008E-02 0.00000000000000000E+00 1.00000000000000006E-01
quaternion 9.99999761514987817E-01 -1.84578664493555226E-04 -3.69157328987110452E-04 -5.53735993480665651E-04
position 1.00000000000000000E+00 1.09037212209171064E-01 2.00000000000000011E-01
quaternion 9.99948045459284729E-01 0.00000000000000000E+00 0.00000000000000000E+00 -1.01934480013392004E-02
unchanged_qpos -1.38126035668965919E-03 9.03721220917105827E-03 -2.03872490739553519E-02
unchanged_qvel 2.61908340008983054E-03 -2.18533081334158635E-02 4.79303944965483453E-02
unchanged_time 1.25000000000000000E-01
step SUCCESS
step_clamped -1.00000000000000000E+00
qpos -1.30896475681192533E-03 8.62783159794489225E-03 -1.94142929525151497E-02
qvel 4.51538957564830753E-03 -1.92160900857236173E-02 4.92963345626111146E-02
time 1.45000000000000018E-01
lifecycle PASS
