Phase 1 of 3: generation of data representation information ...
Phase 2 of 3: generation of Global contracts ...
Phase 3 of 3: flow analysis and proof ...
Success: all checks proved (7 checks).
Summary logged in /var/tmp/sparkling-actuators-20260930/final-small-sparse_product/build/validation/obj/gnatprove/gnatprove.out
guarded: elapsed 2.6 s, peak group RSS 143 MB
 info: range check proved
--> mj-transmissions.adb:80:36

 info: range check proved
--> mj-transmissions.adb:81:29

 info: float overflow check proved
--> mj-transmissions.adb:82:18

 info: range check proved
--> mj-transmissions.adb:82:18

 info: implicit aspect Always_Terminates on "Sparse_Product" has been proved, subprogram will terminate
--> mj-transmissions.ads:75:13

 info: postcondition proved
--> mj-transmissions.ads:77:14

 info: float overflow check proved
--> mj-transmissions.ads:77:42
