Phase 1 of 3: generation of data representation information ...
Phase 2 of 3: generation of Global contracts ...
Phase 3 of 3: flow analysis and proof ...
Success: all checks proved (38 checks).
Summary logged in /var/tmp/sparkling-actuation-20260930/proofs/adhesion-small-2/mj-adhesion-obj/gnatprove/gnatprove.out
guarded: elapsed 89.3 s, peak group RSS 283 MB
 info: length check proved
--> mj-adhesion.adb:5:09

 info: range check proved
--> mj-adhesion.adb:8:28

 info: overflow check proved
--> mj-adhesion.adb:11:36

 info: index check proved
--> mj-adhesion.adb:11:36

 info: loop invariant initialization proved
--> mj-adhesion.adb:12:52

 info: loop invariant preservation proved
--> mj-adhesion.adb:12:52

 info: index check proved
--> mj-adhesion.adb:12:80

 info: index check proved
--> mj-adhesion.adb:13:34

 info: overflow check proved
--> mj-adhesion.adb:13:55

 info: index check proved
--> mj-adhesion.adb:13:60

 info: index check proved
--> mj-adhesion.adb:13:97

 info: precondition proved
--> mj-adhesion.adb:14:27

 info: range check proved
--> mj-adhesion.adb:14:63

 info: range check proved
--> mj-adhesion.adb:14:66

 info: loop invariant initialization proved
--> mj-adhesion.adb:18:43

 info: loop invariant preservation proved
--> mj-adhesion.adb:18:43

 info: precondition proved
--> mj-adhesion.adb:18:51

 info: overflow check proved
--> mj-adhesion.adb:18:81

 info: range check proved
--> mj-adhesion.adb:18:81

 info: loop invariant initialization proved
--> mj-adhesion.adb:19:43

 info: loop invariant preservation proved
--> mj-adhesion.adb:19:43

 info: index check proved
--> mj-adhesion.adb:19:71

 info: precondition proved
--> mj-adhesion.adb:19:76

 info: range check proved
--> mj-adhesion.adb:19:112

 info: overflow check proved
--> mj-adhesion.adb:19:116

 info: range check proved
--> mj-adhesion.adb:19:116

 info: initialization of "W" proved
--> mj-adhesion.ads:59:07

 info: initialization of "Count" proved
--> mj-adhesion.ads:59:29

 info: data dependencies proved
--> mj-adhesion.ads:59:61

 info: range check proved
--> mj-adhesion.ads:61:45

 info: postcondition proved
--> mj-adhesion.ads:62:26

 info: precondition proved
--> mj-adhesion.ads:62:34

 info: range check proved
--> mj-adhesion.ads:62:65

 info: index check proved
--> mj-adhesion.ads:63:46

 info: precondition proved
--> mj-adhesion.ads:63:51

 info: range check proved
--> mj-adhesion.ads:63:87

 info: range check proved
--> mj-adhesion.ads:63:92
