Phase 1 of 3: generation of data representation information ...
Phase 2 of 3: generation of Global contracts ...
Phase 3 of 3: flow analysis and proof ...
Success: all checks proved (18 checks).
Summary logged in /var/tmp/sparkling-actuation-20260930/proofs/adhesion-small-2/mj-adhesion-obj/gnatprove/gnatprove.out
guarded: elapsed 17.1 s, peak group RSS 205 MB
 info: index check proved
--> mj-adhesion.adb:71:23

 info: float overflow check proved
--> mj-adhesion.adb:71:35

 info: range check proved
--> mj-adhesion.adb:71:35

 info: loop invariant initialization proved
--> mj-adhesion.adb:72:43

 info: loop invariant preservation proved
--> mj-adhesion.adb:72:43

 info: index check proved
--> mj-adhesion.adb:72:91

 info: loop invariant preservation proved
--> mj-adhesion.adb:73:43

 info: loop invariant initialization proved
--> mj-adhesion.adb:73:43

 info: initialization check proved
--> mj-adhesion.adb:73:78

 info: index check proved
--> mj-adhesion.adb:73:91

 info: float overflow check proved
--> mj-adhesion.adb:73:102

 info: index check proved
--> mj-adhesion.adb:73:112

 info: data dependencies proved
--> mj-adhesion.ads:126:12

 info: postcondition proved
--> mj-adhesion.ads:127:26

 info: initialization check proved
--> mj-adhesion.ads:127:89

 info: index check proved
--> mj-adhesion.ads:127:102

 info: float overflow check proved
--> mj-adhesion.ads:127:113

 info: index check proved
--> mj-adhesion.ads:127:123
