Phase 1 of 3: generation of data representation information ...
Phase 2 of 3: generation of Global contracts ...
Phase 3 of 3: flow analysis and proof ...
Success: all checks proved (10 checks).
Summary logged in /var/tmp/sparkling-actuation-20260930/proofs/adhesion-small-2/mj-adhesion-obj/gnatprove/gnatprove.out
guarded: elapsed 6.7 s, peak group RSS 156 MB
 info: implicit aspect Always_Terminates on "Relevant_Count" has been proved, subprogram will terminate
--> mj-adhesion.ads:51:13

 info: precondition proved
--> mj-adhesion.ads:52:32

 info: subprogram variant proved
--> mj-adhesion.ads:52:32

 info: range check proved
--> mj-adhesion.ads:52:66

 info: overflow check proved
--> mj-adhesion.ads:53:08

 info: range check proved
--> mj-adhesion.ads:53:08

 info: index check proved
--> mj-adhesion.ads:53:33

 info: data dependencies proved
--> mj-adhesion.ads:54:29

 info: range check proved
--> mj-adhesion.ads:55:74

 info: postcondition proved
--> mj-adhesion.ads:56:15
