Phase 1 of 3: generation of data representation information ...
Phase 2 of 3: generation of Global contracts ...
Phase 3 of 3: flow analysis and proof ...
Summary logged in /var/tmp/sparkling-actuation-20260930/proofs/adhesion-small-2/mj-adhesion-obj/gnatprove/gnatprove.out
guarded: elapsed 3.1 s, peak group RSS 150 MB
 info: precondition proved
--> mj-adhesion.adb:34:10

 info: range check proved
--> mj-adhesion.adb:34:33

 info: precondition proved
--> mj-adhesion.adb:35:15

 info: index check proved
--> mj-adhesion.adb:35:24

 info: index check proved
--> mj-adhesion.adb:35:26

 info: float overflow check proved
--> mj-adhesion.adb:35:30

 info: range check proved
--> mj-adhesion.adb:35:30

 info: range check proved
--> mj-adhesion.adb:35:36

 info: loop invariant initialization proved
--> mj-adhesion.adb:36:43

 medium: loop invariant might not be preserved by an arbitrary iteration
--> mj-adhesion.adb:36:43
   36 |             pragma Loop_Invariant (Static => A = Active_Sum (J,W,Col,R+1));
      |                                              ^~~~~~~~~~~~~~~~~~~~~~~~~~~
      + provers reached time limit before completing the proof

 info: precondition proved
--> mj-adhesion.adb:36:47

 info: overflow check proved
--> mj-adhesion.adb:36:68

 info: range check proved
--> mj-adhesion.adb:36:68

 info: loop invariant initialization proved
--> mj-adhesion.adb:37:33

 info: loop invariant preservation proved
--> mj-adhesion.adb:37:33

 info: range check proved
--> mj-adhesion.adb:37:48

 info: overflow check proved
--> mj-adhesion.adb:37:48

 info: float overflow check proved
--> mj-adhesion.adb:37:51

 info: implicit aspect Always_Terminates on "Active_Column" has been proved, subprogram will terminate
--> mj-adhesion.ads:101:13

 info: data dependencies proved
--> mj-adhesion.ads:102:21

 info: postcondition proved
--> mj-adhesion.ads:105:25

 info: precondition proved
--> mj-adhesion.ads:105:48

 info: range check proved
--> mj-adhesion.ads:105:69
gnatprove: unproved check messages considered as errors
