Phase 1 of 3: generation of data representation information ...
Phase 2 of 3: generation of Global contracts ...
Phase 3 of 3: flow analysis and proof ...
Success: all checks proved (18 checks).
Summary logged in /var/tmp/sparkling-actuation-20260930/proofs/adhesion-small-2/mj-adhesion-obj/gnatprove/gnatprove.out
guarded: elapsed 15.2 s, peak group RSS 207 MB
 info: implicit aspect Always_Terminates on "Gap_Sum" has been proved, subprogram will terminate
--> mj-adhesion.ads:77:13

 info: index check proved
--> mj-adhesion.ads:80:32

 info: index check proved
--> mj-adhesion.ads:80:64

 info: precondition proved
--> mj-adhesion.ads:81:09

 info: precondition proved
--> mj-adhesion.ads:81:14

 info: subprogram variant proved
--> mj-adhesion.ads:81:14

 info: range check proved
--> mj-adhesion.ads:81:49

 info: index check proved
--> mj-adhesion.ads:81:62

 info: index check proved
--> mj-adhesion.ads:81:66

 info: range check proved
--> mj-adhesion.ads:81:77

 info: precondition proved
--> mj-adhesion.ads:82:12

 info: subprogram variant proved
--> mj-adhesion.ads:82:12

 info: range check proved
--> mj-adhesion.ads:82:47

 info: data dependencies proved
--> mj-adhesion.ads:83:29

 info: range check proved
--> mj-adhesion.ads:85:91

 info: postcondition proved
--> mj-adhesion.ads:86:15

 info: range check proved
--> mj-adhesion.ads:86:43

 info: float overflow check proved
--> mj-adhesion.ads:86:49
