Phase 1 of 3: generation of data representation information ...
Phase 2 of 3: generation of Global contracts ...
Phase 3 of 3: flow analysis and proof ...
Success: all checks proved (12 checks).
Summary logged in /var/tmp/sparkling-actuation-20260930/proofs/adhesion-small-2/mj-adhesion-obj/gnatprove/gnatprove.out
guarded: elapsed 6.4 s, peak group RSS 141 MB
 info: data dependencies proved
--> mj-adhesion.ads:89:23

 info: range check proved
--> mj-adhesion.ads:91:81

 info: precondition proved
--> mj-adhesion.ads:92:14

 info: postcondition proved
--> mj-adhesion.ads:92:14

 info: overflow check proved
--> mj-adhesion.ads:92:39

 info: precondition proved
--> mj-adhesion.ads:92:45

 info: precondition proved
--> mj-adhesion.ads:92:50

 info: index check proved
--> mj-adhesion.ads:92:79

 info: index check proved
--> mj-adhesion.ads:92:85

 info: float overflow check proved
--> mj-adhesion.ads:92:89

 info: range check proved
--> mj-adhesion.ads:92:89

 info: index check proved
--> mj-adhesion.ads:92:92
