Phase 1 of 3: generation of data representation information ...
Phase 2 of 3: generation of Global contracts ...
Phase 3 of 3: flow analysis and proof ...
Success: all checks proved (16 checks).
Summary logged in /var/tmp/sparkling-actuation-20260930/proofs/adhesion-small-2/mj-adhesion-obj/gnatprove/gnatprove.out
guarded: elapsed 8.2 s, peak group RSS 201 MB
 info: implicit aspect Always_Terminates on "Active_Sum" has been proved, subprogram will terminate
--> mj-adhesion.ads:68:13

 info: precondition proved
--> mj-adhesion.ads:71:08

 info: precondition proved
--> mj-adhesion.ads:71:13

 info: subprogram variant proved
--> mj-adhesion.ads:71:13

 info: range check proved
--> mj-adhesion.ads:71:41

 info: index check proved
--> mj-adhesion.ads:71:54

 info: index check proved
--> mj-adhesion.ads:71:58

 info: float overflow check proved
--> mj-adhesion.ads:71:62

 info: range check proved
--> mj-adhesion.ads:71:62

 info: index check proved
--> mj-adhesion.ads:71:71

 info: range check proved
--> mj-adhesion.ads:71:81

 info: data dependencies proved
--> mj-adhesion.ads:72:29

 info: range check proved
--> mj-adhesion.ads:74:83

 info: postcondition proved
--> mj-adhesion.ads:75:15

 info: range check proved
--> mj-adhesion.ads:75:46

 info: float overflow check proved
--> mj-adhesion.ads:75:52
