Phase 1 of 3: generation of data representation information ...
Phase 2 of 3: generation of Global contracts ...
Phase 3 of 3: flow analysis and proof ...
Success: all checks proved (11 checks).
Summary logged in /var/tmp/sparkling-actuation-20260930/proofs/adhesion-small-2/mj-adhesion-obj/gnatprove/gnatprove.out
guarded: elapsed 14.7 s, peak group RSS 145 MB
 info: float overflow check proved
--> mj-adhesion.adb:24:18

 info: range check proved
--> mj-adhesion.adb:24:18

 info: implicit aspect Always_Terminates on "Add" has been proved, subprogram will terminate
--> mj-adhesion.ads:64:13

 info: data dependencies proved
--> mj-adhesion.ads:65:12

 info: range check proved
--> mj-adhesion.ads:65:75

 info: float overflow check proved
--> mj-adhesion.ads:65:81

 info: postcondition proved
--> mj-adhesion.ads:66:15

 info: float overflow check proved
--> mj-adhesion.ads:66:32

 info: range check proved
--> mj-adhesion.ads:67:47

 info: overflow check proved
--> mj-adhesion.ads:67:47

 info: float overflow check proved
--> mj-adhesion.ads:67:50
