Phase 1 of 3: generation of data representation information ...
Phase 2 of 3: generation of Global contracts ...
Phase 3 of 3: flow analysis and proof ...
Success: all checks proved (21 checks).
Summary logged in /var/tmp/sparkling-actuation-20260930/proofs/adhesion-small-2/mj-adhesion-obj/gnatprove/gnatprove.out
guarded: elapsed 18.5 s, peak group RSS 220 MB
 info: precondition proved
--> mj-adhesion.adb:45:10

 info: range check proved
--> mj-adhesion.adb:45:39

 info: precondition proved
--> mj-adhesion.adb:47:18

 info: index check proved
--> mj-adhesion.adb:47:27

 info: index check proved
--> mj-adhesion.adb:47:29

 info: range check proved
--> mj-adhesion.adb:47:34

 info: loop invariant initialization proved
--> mj-adhesion.adb:49:43

 info: loop invariant preservation proved
--> mj-adhesion.adb:49:43

 info: precondition proved
--> mj-adhesion.adb:49:47

 info: overflow check proved
--> mj-adhesion.adb:49:74

 info: range check proved
--> mj-adhesion.adb:49:74

 info: loop invariant initialization proved
--> mj-adhesion.adb:50:33

 info: loop invariant preservation proved
--> mj-adhesion.adb:50:33

 info: range check proved
--> mj-adhesion.adb:50:48

 info: overflow check proved
--> mj-adhesion.adb:50:48

 info: float overflow check proved
--> mj-adhesion.adb:50:51

 info: implicit aspect Always_Terminates on "Gap_Column" has been proved, subprogram will terminate
--> mj-adhesion.ads:106:13

 info: data dependencies proved
--> mj-adhesion.ads:107:21

 info: postcondition proved
--> mj-adhesion.ads:110:25

 info: precondition proved
--> mj-adhesion.ads:110:45

 info: range check proved
--> mj-adhesion.ads:110:73
