Phase 1 of 3: generation of data representation information ...
Phase 2 of 3: generation of Global contracts ...
Phase 3 of 3: flow analysis and proof ...
 info: data dependencies proved
--> mj-bvh.adb:436:19

 info: postcondition proved
--> mj-bvh.adb:441:16

 info: loop invariant preservation proved
--> mj-bvh.adb:447:33

 info: loop invariant initialization proved
--> mj-bvh.adb:447:33

 info: loop invariant initialization proved
--> mj-bvh.adb:449:36

 info: loop invariant preservation proved
--> mj-bvh.adb:449:36

 info: loop invariant initialization proved
--> mj-bvh.adb:451:39

 info: loop invariant preservation proved
--> mj-bvh.adb:451:39

 info: loop invariant initialization proved
--> mj-bvh.adb:453:42

 info: loop invariant preservation proved
--> mj-bvh.adb:453:42

 info: precondition proved
--> mj-bvh.adb:454:49

 info: range check proved
--> mj-bvh.adb:454:49

 info: precondition proved
--> mj-bvh.adb:457:42

 info: range check proved
--> mj-bvh.adb:457:42
Success: all checks proved (14 checks).
Summary logged in /var/tmp/sparkling-recovery-bvh-prepare2-20261003/bvh-prepare-bounded/validation/obj/gnatprove/gnatprove.out
guarded: elapsed 10.0 s, peak group RSS 191 MB
