Phase 1 of 3: generation of data representation information ...
Phase 2 of 3: generation of Global contracts ...
Phase 3 of 3: flow analysis and proof ...
 info: loop invariant initialization proved
--> mj-bvh.adb:184:33

 info: loop invariant preservation proved
--> mj-bvh.adb:184:33

 info: loop invariant initialization proved
--> mj-bvh.adb:185:33

 info: loop invariant preservation proved
--> mj-bvh.adb:185:33

 info: index check proved
--> mj-bvh.adb:185:74

 info: implicit aspect Always_Terminates on "Traversable" has been proved, subprogram will terminate
--> mj-bvh.ads:87:13

 info: data dependencies proved
--> mj-bvh.ads:87:56

 info: postcondition proved
--> mj-bvh.ads:88:14
Success: all checks proved (8 checks).
Summary logged in /var/tmp/sparkling-recovery-bvh-final-min-20261003/bvh-traversable/validation/obj/gnatprove/gnatprove.out
guarded: elapsed 4.8 s, peak group RSS 177 MB
