Phase 1 of 3: generation of data representation information ...
Phase 2 of 3: generation of Global contracts ...
Phase 3 of 3: flow analysis and proof ...
 info: initialization of "Result" proved
--> mj-bvh.adb:257:60

 info: data dependencies proved
--> mj-bvh.adb:258:11

 info: postcondition proved
--> mj-bvh.adb:259:16

 info: index check proved
--> mj-bvh.adb:261:21

 info: index check proved
--> mj-bvh.adb:261:44

 info: index check proved
--> mj-bvh.adb:262:30

 info: index check proved
--> mj-bvh.adb:262:54

 info: index check proved
--> mj-bvh.adb:263:30

 info: index check proved
--> mj-bvh.adb:263:53

 info: precondition proved
--> mj-bvh.adb:266:21

 info: initialization of "V" proved
--> mj-bvh.adb:268:07

 info: range check proved
--> mj-bvh.adb:269:45

 info: range check proved
--> mj-bvh.adb:270:31

 info: range check proved
--> mj-bvh.adb:276:47

 info: index check proved
--> mj-bvh.adb:278:25

 info: index check proved
--> mj-bvh.adb:279:30

 info: precondition proved
--> mj-bvh.adb:281:16

 info: index check proved
--> mj-bvh.adb:281:37

 info: precondition proved
--> mj-bvh.adb:283:16

 info: precondition proved
--> mj-bvh.adb:283:34

 info: index check proved
--> mj-bvh.adb:284:37

 info: index check proved
--> mj-bvh.adb:284:39

 info: index check proved
--> mj-bvh.adb:285:37

 info: index check proved
--> mj-bvh.adb:285:39

 info: index check proved
--> mj-bvh.adb:287:36

 info: range check proved
--> mj-bvh.adb:289:33

 info: loop invariant initialization proved
--> mj-bvh.adb:290:33

 info: loop invariant preservation proved
--> mj-bvh.adb:290:33

 info: loop invariant preservation proved
--> mj-bvh.adb:291:33

 info: loop invariant initialization proved
--> mj-bvh.adb:291:33

 info: loop invariant preservation proved
--> mj-bvh.adb:292:33

 info: loop invariant initialization proved
--> mj-bvh.adb:292:33

 info: index check proved
--> mj-bvh.adb:293:21

 info: index check proved
--> mj-bvh.adb:293:51

 info: loop invariant preservation proved
--> mj-bvh.adb:294:33

 info: loop invariant initialization proved
--> mj-bvh.adb:294:33

 info: index check proved
--> mj-bvh.adb:295:21

 info: index check proved
--> mj-bvh.adb:295:52

 info: loop invariant preservation proved
--> mj-bvh.adb:296:33

 info: loop invariant initialization proved
--> mj-bvh.adb:296:33

 info: index check proved
--> mj-bvh.adb:297:21

 info: index check proved
--> mj-bvh.adb:297:51

 info: loop invariant initialization proved
--> mj-bvh.adb:298:33

 info: loop invariant preservation proved
--> mj-bvh.adb:298:33

 info: index check proved
--> mj-bvh.adb:299:28

 info: loop invariant preservation proved
--> mj-bvh.adb:300:33

 info: loop invariant initialization proved
--> mj-bvh.adb:300:33

 info: index check proved
--> mj-bvh.adb:301:25

 info: index check proved
--> mj-bvh.adb:302:23

 info: index check proved
--> mj-bvh.adb:302:60

 info: index check proved
--> mj-bvh.adb:302:84

 info: index check proved
--> mj-bvh.adb:302:86

 info: loop invariant initialization proved
--> mj-bvh.adb:303:33

 info: loop invariant preservation proved
--> mj-bvh.adb:303:33

 info: index check proved
--> mj-bvh.adb:304:25

 info: index check proved
--> mj-bvh.adb:305:39

 info: index check proved
--> mj-bvh.adb:305:41

 info: precondition proved
--> mj-bvh.adb:306:23

 info: index check proved
--> mj-bvh.adb:306:42

 info: index check proved
--> mj-bvh.adb:306:71

 info: index check proved
--> mj-bvh.adb:306:73

 info: loop invariant initialization proved
--> mj-bvh.adb:307:33

 info: index check proved
--> mj-bvh.adb:308:25

 info: index check proved
--> mj-bvh.adb:309:39

 info: index check proved
--> mj-bvh.adb:309:41

 info: precondition proved
--> mj-bvh.adb:310:23

 medium: loop invariant might not be preserved by an arbitrary iteration, cannot prove Contains (T.Nodes (J).Bounds, T.Nodes (T.Nodes (J).Right).Bounds)
--> mj-bvh.adb:310:23
  310 |                 and then Contains (T.Nodes (J).Bounds, T.Nodes (T.Nodes (J).Right).Bounds)));
      |                          ^~~~~~~~~~~~~~~~~~~~~~~~~~~~~~~~~~~~~~~~~~~~~~~~~~~~~~~~~~~~~~~~
      + provers reached time limit before completing the proof

 info: index check proved
--> mj-bvh.adb:310:42

 info: index check proved
--> mj-bvh.adb:310:71

 info: index check proved
--> mj-bvh.adb:310:73

 info: assertion proved
--> mj-bvh.adb:312:22

 info: precondition proved
--> mj-bvh.adb:313:07
Summary logged in /var/tmp/sparkling-recovery-bvh-transition5-20261003/bvh-refit-shaped/validation/obj/gnatprove/gnatprove.out
gnatprove: unproved check messages considered as errors
guarded: elapsed 74.8 s, peak group RSS 314 MB
