Phase 1 of 3: generation of data representation information ...
Phase 2 of 3: generation of Global contracts ...
Phase 3 of 3: flow analysis and proof ...
 info: data dependencies proved
--> mj-bvh.adb:29:06

 info: float overflow check proved
--> mj-bvh.adb:30:54

 info: postcondition proved
--> mj-bvh.adb:31:14

 info: float overflow check proved
--> mj-bvh.adb:31:16

 info: float overflow check proved
--> mj-bvh.adb:31:22

 info: float overflow check proved
--> mj-bvh.adb:31:27

 info: float overflow check proved
--> mj-bvh.adb:31:55
Success: all checks proved (7 checks).
Summary logged in /var/tmp/sparkling-recovery-bvh-final-min-20261003/bvh-upper/validation/obj/gnatprove/gnatprove.out
guarded: elapsed 44.0 s, peak group RSS 171 MB
