Phase 1 of 3: generation of data representation information ...
Phase 2 of 3: generation of Global contracts ...
Phase 3 of 3: flow analysis and proof ...
 info: unrolling loop [info-unrolling-inlining]
--> mj-bvh.adb:494:23

 info: loop invariant initialization proved
--> mj-bvh.adb:501:33

 info: loop invariant preservation proved
--> mj-bvh.adb:501:33

 info: loop invariant initialization proved
--> mj-bvh.adb:504:39

 info: loop invariant preservation proved
--> mj-bvh.adb:504:39

 info: loop invariant initialization proved
--> mj-bvh.adb:506:42

 info: loop invariant preservation proved
--> mj-bvh.adb:506:42

 info: index check proved
--> mj-bvh.adb:507:27

 info: index check proved
--> mj-bvh.adb:507:59

 info: initialization check proved
--> mj-bvh.adb:508:30

 info: index check proved
--> mj-bvh.adb:508:36

 info: initialization check proved
--> mj-bvh.adb:509:30

 info: index check proved
--> mj-bvh.adb:509:38

 info: assertion proved
--> mj-bvh.adb:510:34

 info: assertion proved
--> mj-bvh.adb:511:34

 info: assertion proved
--> mj-bvh.adb:512:34

 info: precondition proved
--> mj-bvh.adb:513:31

 info: precondition proved
--> mj-bvh.adb:515:33

 info: initialization check proved
--> mj-bvh.adb:518:19

 info: float overflow check proved
--> mj-bvh.adb:518:30

 info: initialization check proved
--> mj-bvh.adb:518:32

 info: float overflow check proved
--> mj-bvh.adb:518:43

 info: initialization check proved
--> mj-bvh.adb:518:59

 info: float overflow check proved
--> mj-bvh.adb:518:68

 info: initialization check proved
--> mj-bvh.adb:518:70

 info: implicit aspect Always_Terminates on "Oriented_Overlap" has been proved, subprogram will terminate
--> mj-bvh.ads:108:13

 info: data dependencies proved
--> mj-bvh.ads:109:27
Success: all checks proved (26 checks).
Summary logged in /var/tmp/sparkling-recovery-bvh-oriented2-20261003/bvh-oriented/validation/obj/gnatprove/gnatprove.out
guarded: elapsed 44.9 s, peak group RSS 239 MB
