Phase 1 of 3: generation of data representation information ...
Phase 2 of 3: generation of Global contracts ...
Phase 3 of 3: flow analysis and proof ...
 info: initialization of "Result" proved
--> mj-bvh.adb:258:60

 info: data dependencies proved
--> mj-bvh.adb:259:11

 info: postcondition proved
--> mj-bvh.adb:260:16

 info: index check proved
--> mj-bvh.adb:262:21

 info: index check proved
--> mj-bvh.adb:262:44

 info: index check proved
--> mj-bvh.adb:263:30

 info: index check proved
--> mj-bvh.adb:263:54

 info: index check proved
--> mj-bvh.adb:264:30

 info: index check proved
--> mj-bvh.adb:264:53

 info: precondition proved
--> mj-bvh.adb:267:21

 info: initialization of "V" proved
--> mj-bvh.adb:269:07

 info: range check proved
--> mj-bvh.adb:270:45

 info: range check proved
--> mj-bvh.adb:271:31

 info: range check proved
--> mj-bvh.adb:277:47

 info: index check proved
--> mj-bvh.adb:279:25

 info: index check proved
--> mj-bvh.adb:280:30

 info: precondition proved
--> mj-bvh.adb:282:16

 info: index check proved
--> mj-bvh.adb:282:37

 info: precondition proved
--> mj-bvh.adb:284:16

 info: precondition proved
--> mj-bvh.adb:284:34

 info: index check proved
--> mj-bvh.adb:285:37

 info: index check proved
--> mj-bvh.adb:285:39

 info: index check proved
--> mj-bvh.adb:286:37

 info: index check proved
--> mj-bvh.adb:286:39

 info: index check proved
--> mj-bvh.adb:288:36

 info: range check proved
--> mj-bvh.adb:290:33

 info: loop invariant initialization proved
--> mj-bvh.adb:291:33

 info: loop invariant preservation proved
--> mj-bvh.adb:291:33

 info: loop invariant preservation proved
--> mj-bvh.adb:292:33

 info: loop invariant initialization proved
--> mj-bvh.adb:292:33

 info: loop invariant preservation proved
--> mj-bvh.adb:293:33

 info: loop invariant initialization proved
--> mj-bvh.adb:293:33

 info: index check proved
--> mj-bvh.adb:294:21

 info: index check proved
--> mj-bvh.adb:294:51

 info: loop invariant preservation proved
--> mj-bvh.adb:295:33

 info: loop invariant initialization proved
--> mj-bvh.adb:295:33

 info: index check proved
--> mj-bvh.adb:296:21

 info: index check proved
--> mj-bvh.adb:296:52

 info: loop invariant preservation proved
--> mj-bvh.adb:297:33

 info: loop invariant initialization proved
--> mj-bvh.adb:297:33

 info: index check proved
--> mj-bvh.adb:298:21

 info: index check proved
--> mj-bvh.adb:298:51

 info: loop invariant initialization proved
--> mj-bvh.adb:299:33

 info: loop invariant preservation proved
--> mj-bvh.adb:299:33

 info: index check proved
--> mj-bvh.adb:300:28

 info: loop invariant preservation proved
--> mj-bvh.adb:301:33

 info: loop invariant initialization proved
--> mj-bvh.adb:301:33

 info: index check proved
--> mj-bvh.adb:302:25

 info: index check proved
--> mj-bvh.adb:303:23

 info: index check proved
--> mj-bvh.adb:303:60

 info: index check proved
--> mj-bvh.adb:303:84

 info: index check proved
--> mj-bvh.adb:303:86

 info: loop invariant initialization proved
--> mj-bvh.adb:304:33

 info: loop invariant preservation proved
--> mj-bvh.adb:304:33

 info: index check proved
--> mj-bvh.adb:305:25

 info: index check proved
--> mj-bvh.adb:306:39

 info: index check proved
--> mj-bvh.adb:306:41

 info: precondition proved
--> mj-bvh.adb:307:23

 info: index check proved
--> mj-bvh.adb:307:42

 info: index check proved
--> mj-bvh.adb:307:71

 info: index check proved
--> mj-bvh.adb:307:73

 info: loop invariant preservation proved
--> mj-bvh.adb:308:33

 info: loop invariant initialization proved
--> mj-bvh.adb:308:33

 info: index check proved
--> mj-bvh.adb:309:25

 info: index check proved
--> mj-bvh.adb:310:39

 info: index check proved
--> mj-bvh.adb:310:41

 info: precondition proved
--> mj-bvh.adb:311:23

 info: index check proved
--> mj-bvh.adb:311:42

 info: index check proved
--> mj-bvh.adb:311:71

 info: index check proved
--> mj-bvh.adb:311:73

 info: assertion proved
--> mj-bvh.adb:313:22

 info: precondition proved
--> mj-bvh.adb:314:07
Success: all checks proved (72 checks).
Summary logged in /var/tmp/sparkling-recovery-bvh-transition6-20261003/bvh-refit-shaped/validation/obj/gnatprove/gnatprove.out
guarded: elapsed 73.9 s, peak group RSS 315 MB
