Phase 1 of 3: generation of data representation information ...
Phase 2 of 3: generation of Global contracts ...
Phase 3 of 3: flow analysis and proof ...
 info: data dependencies proved
--> mj-bvh.adb:234:18

 info: index check proved
--> mj-bvh.adb:236:74

 info: index check proved
--> mj-bvh.adb:238:25

 info: index check proved
--> mj-bvh.adb:239:23

 info: index check proved
--> mj-bvh.adb:239:60

 info: index check proved
--> mj-bvh.adb:239:84

 info: index check proved
--> mj-bvh.adb:239:86

 info: index check proved
--> mj-bvh.adb:241:25

 info: index check proved
--> mj-bvh.adb:242:39

 info: index check proved
--> mj-bvh.adb:242:41

 info: precondition proved
--> mj-bvh.adb:243:23

 info: index check proved
--> mj-bvh.adb:243:42

 info: index check proved
--> mj-bvh.adb:243:71

 info: index check proved
--> mj-bvh.adb:243:73

 info: index check proved
--> mj-bvh.adb:245:25

 info: index check proved
--> mj-bvh.adb:246:39

 info: index check proved
--> mj-bvh.adb:246:41

 info: precondition proved
--> mj-bvh.adb:247:23

 info: index check proved
--> mj-bvh.adb:247:42

 info: index check proved
--> mj-bvh.adb:247:71

 info: index check proved
--> mj-bvh.adb:247:73

 info: postcondition proved
--> mj-bvh.adb:248:16

 info: precondition proved
--> mj-bvh.adb:248:41

 info: precondition proved
--> mj-bvh.adb:251:07
Success: all checks proved (24 checks).
Summary logged in /var/tmp/sparkling-recovery-bvh-transition4-20261003/bvh-refitted-lemma/validation/obj/gnatprove/gnatprove.out
guarded: elapsed 11.8 s, peak group RSS 212 MB
