Phase 1 of 3: generation of data representation information ...
Phase 2 of 3: generation of Global contracts ...
Phase 3 of 3: flow analysis and proof ...
 info: implicit aspect Always_Terminates on "Minimum" has been proved, subprogram will terminate
--> mj-bvh.adb:5:13

 info: data dependencies proved
--> mj-bvh.adb:6:19

 info: postcondition proved
--> mj-bvh.adb:8:16

 info: implicit aspect Always_Terminates on "Maximum" has been proved, subprogram will terminate
--> mj-bvh.adb:10:13

 info: data dependencies proved
--> mj-bvh.adb:11:19

 info: postcondition proved
--> mj-bvh.adb:13:16

 info: data dependencies proved
--> mj-bvh.adb:20:06

 info: float overflow check proved
--> mj-bvh.adb:21:54

 info: postcondition proved
--> mj-bvh.adb:22:14

 info: float overflow check proved
--> mj-bvh.adb:22:16

 info: float overflow check proved
--> mj-bvh.adb:22:22

 info: float overflow check proved
--> mj-bvh.adb:22:27

 info: float overflow check proved
--> mj-bvh.adb:22:55

 info: data dependencies proved
--> mj-bvh.adb:29:06

 info: float overflow check proved
--> mj-bvh.adb:30:54

 info: postcondition proved
--> mj-bvh.adb:31:14

 info: float overflow check proved
--> mj-bvh.adb:31:16

 info: float overflow check proved
--> mj-bvh.adb:31:22

 info: float overflow check proved
--> mj-bvh.adb:31:27

 info: float overflow check proved
--> mj-bvh.adb:31:55

 info: data dependencies proved
--> mj-bvh.adb:38:06

 info: postcondition proved
--> mj-bvh.adb:41:14

 info: float overflow check proved
--> mj-bvh.adb:41:16

 info: float overflow check proved
--> mj-bvh.adb:41:25

 info: float overflow check proved
--> mj-bvh.adb:41:40

 info: float overflow check proved
--> mj-bvh.adb:41:49

 info: data dependencies proved
--> mj-bvh.adb:48:06

 info: postcondition proved
--> mj-bvh.adb:51:14

 info: initialization of "Center" proved
--> mj-bvh.adb:57:38

 info: initialization of "Half" proved
--> mj-bvh.adb:57:46

 info: data dependencies proved
--> mj-bvh.adb:59:06

 info: postcondition proved
--> mj-bvh.adb:61:14

 info: float overflow check proved
--> mj-bvh.adb:62:24

 info: float overflow check proved
--> mj-bvh.adb:62:53

 info: precondition proved
--> mj-bvh.adb:64:32

 info: precondition proved
--> mj-bvh.adb:64:46

 info: range check proved
--> mj-bvh.adb:65:34

 info: float overflow check proved
--> mj-bvh.adb:65:34

 info: float overflow check proved
--> mj-bvh.adb:66:56

 info: range check proved
--> mj-bvh.adb:66:56

 info: initialization of "Radius" proved
--> mj-bvh.adb:67:07

 info: assertion proved
--> mj-bvh.adb:69:22

 info: float overflow check proved
--> mj-bvh.adb:70:20

 info: float overflow check proved
--> mj-bvh.adb:70:27

 info: assertion proved
--> mj-bvh.adb:71:22

 info: precondition proved
--> mj-bvh.adb:72:17

 info: float overflow check proved
--> mj-bvh.adb:72:33

 info: float overflow check proved
--> mj-bvh.adb:72:42

 info: float overflow check proved
--> mj-bvh.adb:73:22

 info: assertion proved
--> mj-bvh.adb:74:22

 info: assertion proved
--> mj-bvh.adb:75:22

 info: float overflow check proved
--> mj-bvh.adb:75:40

 info: precondition proved
--> mj-bvh.adb:76:07

 info: assertion proved
--> mj-bvh.adb:77:22

 info: float overflow check proved
--> mj-bvh.adb:77:29

 info: float overflow check proved
--> mj-bvh.adb:77:40

 info: float overflow check proved
--> mj-bvh.adb:77:46

 info: precondition proved
--> mj-bvh.adb:78:07

 info: assertion proved
--> mj-bvh.adb:79:32

 info: float overflow check proved
--> mj-bvh.adb:79:39

 info: float overflow check proved
--> mj-bvh.adb:79:46

 info: float overflow check proved
--> mj-bvh.adb:79:56

 info: precondition proved
--> mj-bvh.adb:80:07

 info: float overflow check proved
--> mj-bvh.adb:80:31

 info: precondition proved
--> mj-bvh.adb:81:07

 info: float overflow check proved
--> mj-bvh.adb:81:27

 info: assertion proved
--> mj-bvh.adb:82:22

 info: float overflow check proved
--> mj-bvh.adb:82:38

 info: float overflow check proved
--> mj-bvh.adb:82:44

 info: assertion proved
--> mj-bvh.adb:83:22

 info: float overflow check proved
--> mj-bvh.adb:83:34

 info: float overflow check proved
--> mj-bvh.adb:83:44

 info: precondition proved
--> mj-bvh.adb:84:07

 info: float overflow check proved
--> mj-bvh.adb:84:32

 info: float overflow check proved
--> mj-bvh.adb:84:38

 info: assertion proved
--> mj-bvh.adb:85:22

 info: float overflow check proved
--> mj-bvh.adb:85:29

 info: float overflow check proved
--> mj-bvh.adb:85:46

 info: float overflow check proved
--> mj-bvh.adb:85:57

 info: float overflow check proved
--> mj-bvh.adb:85:63

 info: precondition proved
--> mj-bvh.adb:86:07

 info: float overflow check proved
--> mj-bvh.adb:86:28

 info: float overflow check proved
--> mj-bvh.adb:86:38

 info: precondition proved
--> mj-bvh.adb:87:07

 info: float overflow check proved
--> mj-bvh.adb:87:32

 info: float overflow check proved
--> mj-bvh.adb:87:47

 info: float overflow check proved
--> mj-bvh.adb:87:58

 info: float overflow check proved
--> mj-bvh.adb:87:64

 info: precondition proved
--> mj-bvh.adb:88:07

 info: float overflow check proved
--> mj-bvh.adb:88:36

 info: float overflow check proved
--> mj-bvh.adb:88:43

 info: float overflow check proved
--> mj-bvh.adb:88:53

 info: float overflow check proved
--> mj-bvh.adb:88:68

 info: assertion proved
--> mj-bvh.adb:89:22

 info: float overflow check proved
--> mj-bvh.adb:89:29

 info: assertion proved
--> mj-bvh.adb:90:22

 info: float overflow check proved
--> mj-bvh.adb:90:29

 info: initialization of "Center" proved
--> mj-bvh.adb:93:49

 info: initialization of "Half" proved
--> mj-bvh.adb:93:57

 info: data dependencies proved
--> mj-bvh.adb:94:14

 info: postcondition proved
--> mj-bvh.adb:97:14

 info: float overflow check proved
--> mj-bvh.adb:98:24

 info: float overflow check proved
--> mj-bvh.adb:98:37

 info: float overflow check proved
--> mj-bvh.adb:98:58

 info: float overflow check proved
--> mj-bvh.adb:98:71

 info: float overflow check proved
--> mj-bvh.adb:99:24

 info: float overflow check proved
--> mj-bvh.adb:99:37

 info: float overflow check proved
--> mj-bvh.adb:99:58

 info: float overflow check proved
--> mj-bvh.adb:99:71

 info: precondition proved
--> mj-bvh.adb:101:29

 info: float overflow check proved
--> mj-bvh.adb:101:41

 info: float overflow check proved
--> mj-bvh.adb:101:50

 info: precondition proved
--> mj-bvh.adb:102:29

 info: float overflow check proved
--> mj-bvh.adb:102:41

 info: float overflow check proved
--> mj-bvh.adb:102:50

 info: precondition proved
--> mj-bvh.adb:104:07

 info: assertion proved
--> mj-bvh.adb:105:22

 info: float overflow check proved
--> mj-bvh.adb:105:25

 info: float overflow check proved
--> mj-bvh.adb:105:36

 info: precondition proved
--> mj-bvh.adb:106:07

 info: initialization of "R" proved
--> mj-bvh.adb:110:07

 info: unrolling loop [info-unrolling-inlining]
--> mj-bvh.adb:112:21

 info: precondition proved
--> mj-bvh.adb:113:10

 info: non-aliasing of formal parameters "Center" and "Half" proved
--> mj-bvh.adb:114:23

 info: initialization of "L" proved
--> mj-bvh.adb:122:07

 info: initialization of "R" proved
--> mj-bvh.adb:122:10

 info: loop invariant initialization proved
--> mj-bvh.adb:128:33

 info: loop invariant preservation proved
--> mj-bvh.adb:128:33

 info: precondition proved
--> mj-bvh.adb:128:60

 info: loop invariant initialization proved
--> mj-bvh.adb:129:33

 info: loop invariant preservation proved
--> mj-bvh.adb:129:33

 info: index check proved
--> mj-bvh.adb:130:25

 info: index check proved
--> mj-bvh.adb:130:57

 info: index check proved
--> mj-bvh.adb:130:59

 info: loop invariant initialization proved
--> mj-bvh.adb:131:33

 info: loop invariant preservation proved
--> mj-bvh.adb:131:33

 info: index check proved
--> mj-bvh.adb:133:27

 info: index check proved
--> mj-bvh.adb:133:58

 info: index check proved
--> mj-bvh.adb:134:26

 info: index check proved
--> mj-bvh.adb:134:46

 info: index check proved
--> mj-bvh.adb:138:61

 info: index check proved
--> mj-bvh.adb:139:29

 info: index check proved
--> mj-bvh.adb:143:29

 info: index check proved
--> mj-bvh.adb:143:46

 info: index check proved
--> mj-bvh.adb:145:19

 info: index check proved
--> mj-bvh.adb:145:37

 info: loop invariant preservation proved
--> mj-bvh.adb:150:33

 info: loop invariant initialization proved
--> mj-bvh.adb:150:33

 info: loop invariant initialization proved
--> mj-bvh.adb:151:33

 info: loop invariant preservation proved
--> mj-bvh.adb:151:33

 info: overflow check proved
--> mj-bvh.adb:151:48

 info: index check proved
--> mj-bvh.adb:152:18

 info: overflow check proved
--> mj-bvh.adb:156:20

 info: index check proved
--> mj-bvh.adb:156:40

 info: overflow check proved
--> mj-bvh.adb:156:42

 info: index check proved
--> mj-bvh.adb:157:29

 info: loop invariant initialization proved
--> mj-bvh.adb:167:33

 info: loop invariant preservation proved
--> mj-bvh.adb:167:33

 info: loop invariant initialization proved
--> mj-bvh.adb:168:33

 info: loop invariant preservation proved
--> mj-bvh.adb:168:33

 info: index check proved
--> mj-bvh.adb:168:76

 info: index check proved
--> mj-bvh.adb:171:44

 info: index check proved
--> mj-bvh.adb:172:52

 info: precondition proved
--> mj-bvh.adb:173:25

 info: index check proved
--> mj-bvh.adb:173:75

 info: precondition proved
--> mj-bvh.adb:174:25

 info: index check proved
--> mj-bvh.adb:174:75

 info: loop invariant preservation proved
--> mj-bvh.adb:184:33

 info: loop invariant initialization proved
--> mj-bvh.adb:184:33

 info: loop invariant initialization proved
--> mj-bvh.adb:185:33

 info: loop invariant preservation proved
--> mj-bvh.adb:185:33

 info: index check proved
--> mj-bvh.adb:185:74

 info: data dependencies proved
--> mj-bvh.adb:192:11

 info: overflow check proved
--> mj-bvh.adb:194:33

 info: index check proved
--> mj-bvh.adb:194:72

 info: overflow check proved
--> mj-bvh.adb:195:33

 info: index check proved
--> mj-bvh.adb:196:23

 info: precondition proved
--> mj-bvh.adb:197:12

 info: index check proved
--> mj-bvh.adb:197:31

 info: index check proved
--> mj-bvh.adb:197:60

 info: index check proved
--> mj-bvh.adb:197:62

 info: precondition proved
--> mj-bvh.adb:198:21

 info: index check proved
--> mj-bvh.adb:198:40

 info: index check proved
--> mj-bvh.adb:198:69

 info: index check proved
--> mj-bvh.adb:198:71

 info: index check proved
--> mj-bvh.adb:199:30

 info: precondition proved
--> mj-bvh.adb:200:10

 info: index check proved
--> mj-bvh.adb:200:45

 info: index check proved
--> mj-bvh.adb:200:47

 info: precondition proved
--> mj-bvh.adb:201:19

 info: index check proved
--> mj-bvh.adb:201:54

 info: index check proved
--> mj-bvh.adb:201:56

 info: postcondition proved
--> mj-bvh.adb:202:16

 info: index check proved
--> mj-bvh.adb:203:28

 info: index check proved
--> mj-bvh.adb:204:28

 info: index check proved
--> mj-bvh.adb:204:51

 info: index check proved
--> mj-bvh.adb:205:28

 info: index check proved
--> mj-bvh.adb:205:52

 info: index check proved
--> mj-bvh.adb:206:28

 info: index check proved
--> mj-bvh.adb:206:51

 info: overflow check proved
--> mj-bvh.adb:209:35

 info: index check proved
--> mj-bvh.adb:209:74

 info: index check proved
--> mj-bvh.adb:211:25

 info: index check proved
--> mj-bvh.adb:212:33

 info: index check proved
--> mj-bvh.adb:212:35

 info: index check proved
--> mj-bvh.adb:213:43

 info: index check proved
--> mj-bvh.adb:213:45

 info: index check proved
--> mj-bvh.adb:214:42

 info: index check proved
--> mj-bvh.adb:214:44

 info: index check proved
--> mj-bvh.adb:215:43

 info: index check proved
--> mj-bvh.adb:215:45

 info: index check proved
--> mj-bvh.adb:216:32

 info: precondition proved
--> mj-bvh.adb:217:14

 info: index check proved
--> mj-bvh.adb:217:33

 info: index check proved
--> mj-bvh.adb:217:62

 info: index check proved
--> mj-bvh.adb:217:64

 info: index check proved
--> mj-bvh.adb:218:32

 info: precondition proved
--> mj-bvh.adb:219:14

 info: index check proved
--> mj-bvh.adb:219:33

 info: index check proved
--> mj-bvh.adb:219:62

 info: index check proved
--> mj-bvh.adb:219:64

 info: overflow check proved
--> mj-bvh.adb:220:35

 info: index check proved
--> mj-bvh.adb:221:25

 info: precondition proved
--> mj-bvh.adb:222:14

 info: index check proved
--> mj-bvh.adb:222:33

 info: index check proved
--> mj-bvh.adb:222:62

 info: index check proved
--> mj-bvh.adb:222:64

 info: overflow check proved
--> mj-bvh.adb:223:35

 info: index check proved
--> mj-bvh.adb:224:25

 info: precondition proved
--> mj-bvh.adb:225:14

 info: index check proved
--> mj-bvh.adb:225:33

 info: index check proved
--> mj-bvh.adb:225:62

 info: index check proved
--> mj-bvh.adb:225:64

 info: index check proved
--> mj-bvh.adb:228:16

 info: data dependencies proved
--> mj-bvh.adb:231:53

 info: index check proved
--> mj-bvh.adb:234:23

 info: precondition proved
--> mj-bvh.adb:235:12

 info: index check proved
--> mj-bvh.adb:235:31

 info: index check proved
--> mj-bvh.adb:235:60

 info: index check proved
--> mj-bvh.adb:235:62

 info: index check proved
--> mj-bvh.adb:237:23

 info: precondition proved
--> mj-bvh.adb:238:12

 info: index check proved
--> mj-bvh.adb:238:31

 info: index check proved
--> mj-bvh.adb:238:60

 info: index check proved
--> mj-bvh.adb:238:62

 info: precondition proved
--> mj-bvh.adb:239:14

 info: postcondition proved
--> mj-bvh.adb:239:14

 info: data dependencies proved
--> mj-bvh.adb:248:18

 info: index check proved
--> mj-bvh.adb:250:74

 info: index check proved
--> mj-bvh.adb:252:25

 info: index check proved
--> mj-bvh.adb:253:23

 info: index check proved
--> mj-bvh.adb:253:60

 info: index check proved
--> mj-bvh.adb:253:84

 info: index check proved
--> mj-bvh.adb:253:86

 info: index check proved
--> mj-bvh.adb:255:25

 info: index check proved
--> mj-bvh.adb:256:39

 info: index check proved
--> mj-bvh.adb:256:41

 info: precondition proved
--> mj-bvh.adb:257:23

 info: index check proved
--> mj-bvh.adb:257:42

 info: index check proved
--> mj-bvh.adb:257:71

 info: index check proved
--> mj-bvh.adb:257:73

 info: index check proved
--> mj-bvh.adb:259:25

 info: index check proved
--> mj-bvh.adb:260:39

 info: index check proved
--> mj-bvh.adb:260:41

 info: precondition proved
--> mj-bvh.adb:261:23

 info: index check proved
--> mj-bvh.adb:261:42

 info: index check proved
--> mj-bvh.adb:261:71

 info: index check proved
--> mj-bvh.adb:261:73

 info: postcondition proved
--> mj-bvh.adb:262:16

 info: precondition proved
--> mj-bvh.adb:262:41

 info: precondition proved
--> mj-bvh.adb:265:07

 info: initialization of "Result" proved
--> mj-bvh.adb:271:60

 info: data dependencies proved
--> mj-bvh.adb:272:11

 info: postcondition proved
--> mj-bvh.adb:273:16

 info: index check proved
--> mj-bvh.adb:275:21

 info: index check proved
--> mj-bvh.adb:275:44

 info: index check proved
--> mj-bvh.adb:276:30

 info: index check proved
--> mj-bvh.adb:276:54

 info: index check proved
--> mj-bvh.adb:277:30

 info: index check proved
--> mj-bvh.adb:277:53

 info: precondition proved
--> mj-bvh.adb:280:21

 info: initialization of "V" proved
--> mj-bvh.adb:282:07

 info: range check proved
--> mj-bvh.adb:283:45

 info: range check proved
--> mj-bvh.adb:284:31

 info: range check proved
--> mj-bvh.adb:290:47

 info: index check proved
--> mj-bvh.adb:292:25

 info: index check proved
--> mj-bvh.adb:293:30

 info: precondition proved
--> mj-bvh.adb:295:16

 info: index check proved
--> mj-bvh.adb:295:37

 info: precondition proved
--> mj-bvh.adb:297:16

 info: precondition proved
--> mj-bvh.adb:297:34

 info: index check proved
--> mj-bvh.adb:298:37

 info: index check proved
--> mj-bvh.adb:298:39

 info: index check proved
--> mj-bvh.adb:299:37

 info: index check proved
--> mj-bvh.adb:299:39

 info: index check proved
--> mj-bvh.adb:301:36

 info: range check proved
--> mj-bvh.adb:303:33

 info: loop invariant preservation proved
--> mj-bvh.adb:304:33

 info: loop invariant initialization proved
--> mj-bvh.adb:304:33

 info: loop invariant initialization proved
--> mj-bvh.adb:305:33

 info: loop invariant preservation proved
--> mj-bvh.adb:305:33

 info: loop invariant initialization proved
--> mj-bvh.adb:306:33

 info: loop invariant preservation proved
--> mj-bvh.adb:306:33

 info: index check proved
--> mj-bvh.adb:307:21

 info: index check proved
--> mj-bvh.adb:307:51

 info: loop invariant preservation proved
--> mj-bvh.adb:308:33

 info: loop invariant initialization proved
--> mj-bvh.adb:308:33

 info: index check proved
--> mj-bvh.adb:309:21

 info: index check proved
--> mj-bvh.adb:309:52

 info: loop invariant preservation proved
--> mj-bvh.adb:310:33

 info: loop invariant initialization proved
--> mj-bvh.adb:310:33

 info: index check proved
--> mj-bvh.adb:311:21

 info: index check proved
--> mj-bvh.adb:311:51

 info: loop invariant preservation proved
--> mj-bvh.adb:312:33

 info: loop invariant initialization proved
--> mj-bvh.adb:312:33

 info: index check proved
--> mj-bvh.adb:313:28

 info: loop invariant initialization proved
--> mj-bvh.adb:314:33

 info: loop invariant preservation proved
--> mj-bvh.adb:314:33

 info: index check proved
--> mj-bvh.adb:315:25

 info: index check proved
--> mj-bvh.adb:316:23

 info: index check proved
--> mj-bvh.adb:316:60

 info: index check proved
--> mj-bvh.adb:316:84

 info: index check proved
--> mj-bvh.adb:316:86

 info: loop invariant initialization proved
--> mj-bvh.adb:317:33

 info: loop invariant preservation proved
--> mj-bvh.adb:317:33

 info: index check proved
--> mj-bvh.adb:318:25

 info: index check proved
--> mj-bvh.adb:319:39

 info: index check proved
--> mj-bvh.adb:319:41

 info: precondition proved
--> mj-bvh.adb:320:23

 info: index check proved
--> mj-bvh.adb:320:42

 info: index check proved
--> mj-bvh.adb:320:71

 info: index check proved
--> mj-bvh.adb:320:73

 info: loop invariant initialization proved
--> mj-bvh.adb:321:33

 info: loop invariant preservation proved
--> mj-bvh.adb:321:33

 info: index check proved
--> mj-bvh.adb:322:25

 info: index check proved
--> mj-bvh.adb:323:39

 info: index check proved
--> mj-bvh.adb:323:41

 info: precondition proved
--> mj-bvh.adb:324:23

 info: index check proved
--> mj-bvh.adb:324:42

 info: index check proved
--> mj-bvh.adb:324:71

 info: index check proved
--> mj-bvh.adb:324:73

 info: assertion proved
--> mj-bvh.adb:326:22

 info: precondition proved
--> mj-bvh.adb:327:07

 info: implicit aspect Always_Terminates on "Work_Fits" has been proved, subprogram will terminate
--> mj-bvh.adb:333:13

 info: index check proved
--> mj-bvh.adb:336:16

 info: index check proved
--> mj-bvh.adb:336:28

 info: index check proved
--> mj-bvh.adb:336:46

 info: overflow check proved
--> mj-bvh.adb:337:20

 info: overflow check proved
--> mj-bvh.adb:337:24

 info: index check proved
--> mj-bvh.adb:337:33

 info: overflow check proved
--> mj-bvh.adb:337:36

 info: index check proved
--> mj-bvh.adb:337:45

 info: initialization of "Mid" proved
--> mj-bvh.adb:343:24

 info: initialization of "Left" proved
--> mj-bvh.adb:343:29

 info: initialization of "Right" proved
--> mj-bvh.adb:343:35

 info: data dependencies proved
--> mj-bvh.adb:344:19

 info: precondition proved
--> mj-bvh.adb:347:19

 info: index check proved
--> mj-bvh.adb:348:30

 info: index check proved
--> mj-bvh.adb:348:57

 info: postcondition proved
--> mj-bvh.adb:349:16

 info: overflow check proved
--> mj-bvh.adb:349:57

 info: overflow check proved
--> mj-bvh.adb:350:34

 info: overflow check proved
--> mj-bvh.adb:350:38

 info: overflow check proved
--> mj-bvh.adb:350:45

 info: overflow check proved
--> mj-bvh.adb:350:49

 info: precondition proved
--> mj-bvh.adb:352:19

 info: overflow check proved
--> mj-bvh.adb:352:50

 info: index check proved
--> mj-bvh.adb:353:26

 info: index check proved
--> mj-bvh.adb:353:51

 info: index check proved
--> mj-bvh.adb:354:26

 info: overflow check proved
--> mj-bvh.adb:354:39

 info: index check proved
--> mj-bvh.adb:354:58

 info: overflow check proved
--> mj-bvh.adb:357:16

 info: range check proved
--> mj-bvh.adb:357:16

 info: overflow check proved
--> mj-bvh.adb:357:21

 info: division check proved
--> mj-bvh.adb:357:26

 info: overflow check proved
--> mj-bvh.adb:358:22

 info: overflow check proved
--> mj-bvh.adb:358:43

 info: range check proved
--> mj-bvh.adb:358:43

 info: overflow check proved
--> mj-bvh.adb:358:47

 info: overflow check proved
--> mj-bvh.adb:358:54

 info: overflow check proved
--> mj-bvh.adb:358:58

 info: assertion proved
--> mj-bvh.adb:359:22

 info: assertion proved
--> mj-bvh.adb:360:22

 info: overflow check proved
--> mj-bvh.adb:360:28

 info: overflow check proved
--> mj-bvh.adb:360:32

 info: overflow check proved
--> mj-bvh.adb:360:44

 info: overflow check proved
--> mj-bvh.adb:360:59

 info: overflow check proved
--> mj-bvh.adb:360:63

 info: overflow check proved
--> mj-bvh.adb:360:68

 info: index check proved
--> mj-bvh.adb:361:14

 info: index check proved
--> mj-bvh.adb:361:32

 info: index check proved
--> mj-bvh.adb:362:14

 info: overflow check proved
--> mj-bvh.adb:362:28

 info: index check proved
--> mj-bvh.adb:362:39

 info: initialization of "N" proved
--> mj-bvh.adb:368:07

 info: initialization of "Mid" proved
--> mj-bvh.adb:368:10

 info: initialization of "I" proved
--> mj-bvh.adb:368:15

 info: initialization of "J" proved
--> mj-bvh.adb:368:18

 info: initialization of "Key" proved
--> mj-bvh.adb:368:21

 info: initialization of "Left" proved
--> mj-bvh.adb:369:07

 info: initialization of "Right" proved
--> mj-bvh.adb:369:13

 info: initialization of "K" proved
--> mj-bvh.adb:370:07

 info: initialization of "Bounds" proved
--> mj-bvh.adb:371:07

 info: range check proved
--> mj-bvh.adb:377:22

 info: loop invariant preservation proved
--> mj-bvh.adb:378:33

 info: loop invariant initialization proved
--> mj-bvh.adb:378:33

 info: index check proved
--> mj-bvh.adb:378:67

 info: index check proved
--> mj-bvh.adb:379:17

 info: overflow check proved
--> mj-bvh.adb:381:20

 info: range check proved
--> mj-bvh.adb:381:22

 info: range check proved
--> mj-bvh.adb:381:29

 info: range check proved
--> mj-bvh.adb:381:46

 info: range check proved
--> mj-bvh.adb:381:54

 info: loop invariant initialization proved
--> mj-bvh.adb:383:33

 info: loop invariant preservation proved
--> mj-bvh.adb:383:33

 info: overflow check proved
--> mj-bvh.adb:383:46

 info: range check proved
--> mj-bvh.adb:383:49

 info: loop invariant preservation proved
--> mj-bvh.adb:384:33

 info: loop invariant initialization proved
--> mj-bvh.adb:384:33

 info: precondition proved
--> mj-bvh.adb:384:60

 info: loop invariant initialization proved
--> mj-bvh.adb:385:33

 info: loop invariant preservation proved
--> mj-bvh.adb:385:33

 info: range check proved
--> mj-bvh.adb:385:52

 info: index check proved
--> mj-bvh.adb:385:74

 info: precondition proved
--> mj-bvh.adb:386:33

 info: loop invariant initialization proved
--> mj-bvh.adb:386:33

 info: loop invariant preservation proved
--> mj-bvh.adb:386:33

 info: range check proved
--> mj-bvh.adb:386:71

 info: loop variant proved
--> mj-bvh.adb:387:31

 info: index check proved
--> mj-bvh.adb:388:22

 info: index check proved
--> mj-bvh.adb:388:37

 info: index check proved
--> mj-bvh.adb:390:22

 info: index check proved
--> mj-bvh.adb:390:42

 info: index check proved
--> mj-bvh.adb:390:49

 info: range check proved
--> mj-bvh.adb:390:62

 info: index check proved
--> mj-bvh.adb:390:69

 info: index check proved
--> mj-bvh.adb:392:26

 info: index check proved
--> mj-bvh.adb:392:33

 info: overflow check proved
--> mj-bvh.adb:393:24

 info: loop invariant preservation proved
--> mj-bvh.adb:394:39

 info: loop invariant initialization proved
--> mj-bvh.adb:394:39

 info: precondition proved
--> mj-bvh.adb:395:26

 info: index check proved
--> mj-bvh.adb:395:48

 info: index check proved
--> mj-bvh.adb:395:55

 info: overflow check proved
--> mj-bvh.adb:402:24

 info: loop invariant preservation proved
--> mj-bvh.adb:403:39

 info: loop invariant initialization proved
--> mj-bvh.adb:403:39

 info: range check proved
--> mj-bvh.adb:403:58

 info: index check proved
--> mj-bvh.adb:403:80

 info: index check proved
--> mj-bvh.adb:404:30

 info: index check proved
--> mj-bvh.adb:405:42

 info: index check proved
--> mj-bvh.adb:405:53

 info: index check proved
--> mj-bvh.adb:405:75

 info: loop invariant preservation proved
--> mj-bvh.adb:406:42

 info: loop invariant initialization proved
--> mj-bvh.adb:406:42

 info: overflow check proved
--> mj-bvh.adb:406:51

 info: loop invariant initialization proved
--> mj-bvh.adb:407:42

 info: loop invariant preservation proved
--> mj-bvh.adb:407:42

 info: loop invariant preservation proved
--> mj-bvh.adb:408:42

 info: loop invariant initialization proved
--> mj-bvh.adb:408:42

 info: range check proved
--> mj-bvh.adb:408:61

 info: index check proved
--> mj-bvh.adb:408:83

 info: loop variant proved
--> mj-bvh.adb:409:40

 info: index check proved
--> mj-bvh.adb:410:26

 info: index check proved
--> mj-bvh.adb:410:45

 info: range check proved
--> mj-bvh.adb:410:62

 info: index check proved
--> mj-bvh.adb:412:23

 info: assertion proved
--> mj-bvh.adb:413:31

 info: range check proved
--> mj-bvh.adb:413:50

 info: index check proved
--> mj-bvh.adb:413:72

 info: precondition proved
--> mj-bvh.adb:415:13

 info: range check proved
--> mj-bvh.adb:415:50

 info: index check proved
--> mj-bvh.adb:416:22

 info: range check proved
--> mj-bvh.adb:416:55

 info: range check proved
--> mj-bvh.adb:416:70

 info: overflow check proved
--> mj-bvh.adb:418:17

 info: precondition proved
--> mj-bvh.adb:421:07

 info: precondition proved
--> mj-bvh.adb:426:07

 info: implicit aspect Always_Terminates on "Frame_Product" has been proved, subprogram will terminate
--> mj-bvh.adb:429:13

 info: float overflow check proved
--> mj-bvh.adb:430:14

 info: float overflow check proved
--> mj-bvh.adb:430:22

 info: float overflow check proved
--> mj-bvh.adb:430:34

 info: float overflow check proved
--> mj-bvh.adb:430:47

 info: float overflow check proved
--> mj-bvh.adb:430:59

 info: data dependencies proved
--> mj-bvh.adb:431:19

 info: postcondition proved
--> mj-bvh.adb:434:16

 info: float overflow check proved
--> mj-bvh.adb:436:20

 info: float overflow check proved
--> mj-bvh.adb:436:28

 info: float overflow check proved
--> mj-bvh.adb:436:40

 info: float overflow check proved
--> mj-bvh.adb:436:53

 info: float overflow check proved
--> mj-bvh.adb:436:65

 info: implicit aspect Always_Terminates on "Frame_Offset" has been proved, subprogram will terminate
--> mj-bvh.adb:437:13

 info: float overflow check proved
--> mj-bvh.adb:438:14

 info: float overflow check proved
--> mj-bvh.adb:438:22

 info: float overflow check proved
--> mj-bvh.adb:438:30

 info: float overflow check proved
--> mj-bvh.adb:438:43

 info: float overflow check proved
--> mj-bvh.adb:438:51

 info: data dependencies proved
--> mj-bvh.adb:439:19

 info: postcondition proved
--> mj-bvh.adb:442:16

 info: float overflow check proved
--> mj-bvh.adb:444:20

 info: float overflow check proved
--> mj-bvh.adb:444:28

 info: float overflow check proved
--> mj-bvh.adb:444:36

 info: float overflow check proved
--> mj-bvh.adb:444:49

 info: float overflow check proved
--> mj-bvh.adb:444:57

 info: data dependencies proved
--> mj-bvh.adb:449:19

 info: postcondition proved
--> mj-bvh.adb:454:16

 info: loop invariant initialization proved
--> mj-bvh.adb:460:33

 info: loop invariant preservation proved
--> mj-bvh.adb:460:33

 info: loop invariant initialization proved
--> mj-bvh.adb:462:36

 info: loop invariant preservation proved
--> mj-bvh.adb:462:36

 info: loop invariant initialization proved
--> mj-bvh.adb:464:39

 info: loop invariant preservation proved
--> mj-bvh.adb:464:39

 info: loop invariant initialization proved
--> mj-bvh.adb:466:42

 info: loop invariant preservation proved
--> mj-bvh.adb:466:42

 info: precondition proved
--> mj-bvh.adb:467:49

 info: range check proved
--> mj-bvh.adb:467:49

 info: precondition proved
--> mj-bvh.adb:470:42

 info: range check proved
--> mj-bvh.adb:470:42

 info: precondition proved
--> mj-bvh.adb:479:07

 info: implicit aspect Always_Terminates on "Projection" has been proved, subprogram will terminate
--> mj-bvh.adb:482:13

 info: float overflow check proved
--> mj-bvh.adb:483:22

 info: float overflow check proved
--> mj-bvh.adb:483:26

 info: float overflow check proved
--> mj-bvh.adb:483:41

 info: float overflow check proved
--> mj-bvh.adb:483:46

 info: float overflow check proved
--> mj-bvh.adb:483:61

 info: float overflow check proved
--> mj-bvh.adb:483:66

 info: data dependencies proved
--> mj-bvh.adb:484:19

 info: postcondition proved
--> mj-bvh.adb:488:16

 info: float overflow check proved
--> mj-bvh.adb:490:28

 info: float overflow check proved
--> mj-bvh.adb:490:32

 info: float overflow check proved
--> mj-bvh.adb:490:47

 info: float overflow check proved
--> mj-bvh.adb:490:52

 info: float overflow check proved
--> mj-bvh.adb:490:67

 info: float overflow check proved
--> mj-bvh.adb:490:72

 info: implicit aspect Always_Terminates on "Projected_Radius" has been proved, subprogram will terminate
--> mj-bvh.adb:491:13

 info: float overflow check proved
--> mj-bvh.adb:492:24

 info: float overflow check proved
--> mj-bvh.adb:492:29

 info: float overflow check proved
--> mj-bvh.adb:492:47

 info: float overflow check proved
--> mj-bvh.adb:492:53

 info: float overflow check proved
--> mj-bvh.adb:492:71

 info: data dependencies proved
--> mj-bvh.adb:493:19

 info: postcondition proved
--> mj-bvh.adb:496:16

 info: float overflow check proved
--> mj-bvh.adb:498:30

 info: float overflow check proved
--> mj-bvh.adb:498:35

 info: float overflow check proved
--> mj-bvh.adb:498:53

 info: float overflow check proved
--> mj-bvh.adb:498:59

 info: float overflow check proved
--> mj-bvh.adb:498:77

 info: unrolling loop [info-unrolling-inlining]
--> mj-bvh.adb:507:23

 info: loop invariant initialization proved
--> mj-bvh.adb:514:33

 info: loop invariant preservation proved
--> mj-bvh.adb:514:33

 info: loop invariant initialization proved
--> mj-bvh.adb:517:39

 info: loop invariant preservation proved
--> mj-bvh.adb:517:39

 info: loop invariant initialization proved
--> mj-bvh.adb:519:42

 info: loop invariant preservation proved
--> mj-bvh.adb:519:42

 info: index check proved
--> mj-bvh.adb:520:27

 info: index check proved
--> mj-bvh.adb:520:59

 info: initialization check proved
--> mj-bvh.adb:521:30

 info: index check proved
--> mj-bvh.adb:521:36

 info: initialization check proved
--> mj-bvh.adb:522:30

 info: index check proved
--> mj-bvh.adb:522:38

 info: assertion proved
--> mj-bvh.adb:523:34

 info: assertion proved
--> mj-bvh.adb:524:34

 info: assertion proved
--> mj-bvh.adb:525:34

 info: precondition proved
--> mj-bvh.adb:526:31

 info: precondition proved
--> mj-bvh.adb:528:33

 info: initialization check proved
--> mj-bvh.adb:531:19

 info: float overflow check proved
--> mj-bvh.adb:531:30

 info: initialization check proved
--> mj-bvh.adb:531:32

 info: float overflow check proved
--> mj-bvh.adb:531:43

 info: initialization check proved
--> mj-bvh.adb:531:59

 info: float overflow check proved
--> mj-bvh.adb:531:68

 info: initialization check proved
--> mj-bvh.adb:531:70

 info: implicit aspect Always_Terminates on "Area_Sum" has been proved, subprogram will terminate
--> mj-bvh.adb:538:13

 info: float overflow check proved
--> mj-bvh.adb:539:10

 info: float overflow check proved
--> mj-bvh.adb:539:14

 info: float overflow check proved
--> mj-bvh.adb:539:18

 info: float overflow check proved
--> mj-bvh.adb:539:23

 info: float overflow check proved
--> mj-bvh.adb:539:27

 info: data dependencies proved
--> mj-bvh.adb:540:19

 info: postcondition proved
--> mj-bvh.adb:543:16

 info: float overflow check proved
--> mj-bvh.adb:544:41

 info: float overflow check proved
--> mj-bvh.adb:544:45

 info: float overflow check proved
--> mj-bvh.adb:544:49

 info: float overflow check proved
--> mj-bvh.adb:544:54

 info: float overflow check proved
--> mj-bvh.adb:544:58

 info: implicit aspect Always_Terminates on "Area" has been proved, subprogram will terminate
--> mj-bvh.adb:545:13

 info: data dependencies proved
--> mj-bvh.adb:545:45

 info: postcondition proved
--> mj-bvh.adb:546:32

 info: range check proved
--> mj-bvh.adb:548:39

 info: float overflow check proved
--> mj-bvh.adb:548:39

 info: range check proved
--> mj-bvh.adb:549:39

 info: float overflow check proved
--> mj-bvh.adb:549:39

 info: range check proved
--> mj-bvh.adb:550:39

 info: float overflow check proved
--> mj-bvh.adb:550:39

 info: assertion proved
--> mj-bvh.adb:552:22

 info: assertion proved
--> mj-bvh.adb:553:22

 info: assertion proved
--> mj-bvh.adb:554:22

 info: precondition proved
--> mj-bvh.adb:555:14

 info: initialization of "C" proved
--> mj-bvh.adb:565:07

 info: initialization of "Cache" proved
--> mj-bvh.adb:566:07

 info: initialization of "LA" proved
--> mj-bvh.adb:567:07

 info: initialization of "LB" proved
--> mj-bvh.adb:567:11

 info: initialization of "Hit" proved
--> mj-bvh.adb:567:15

 info: data dependencies proved
--> mj-bvh.adb:569:09

 info: index check proved
--> mj-bvh.adb:571:57

 info: index check proved
--> mj-bvh.adb:572:29

 info: initialization check proved
--> mj-bvh.adb:572:31

 info: index check proved
--> mj-bvh.adb:572:65

 info: initialization check proved
--> mj-bvh.adb:572:67

 info: postcondition proved
--> mj-bvh.adb:573:17

 info: overflow check proved
--> mj-bvh.adb:573:76

 info: index check proved
--> mj-bvh.adb:575:57

 info: index check proved
--> mj-bvh.adb:576:29

 info: initialization check proved
--> mj-bvh.adb:576:31

 info: index check proved
--> mj-bvh.adb:576:65

 info: initialization check proved
--> mj-bvh.adb:576:67

 info: initialization check proved
--> mj-bvh.adb:577:54

 info: index check proved
--> mj-bvh.adb:577:61

 info: initialization check proved
--> mj-bvh.adb:577:71

 info: index check proved
--> mj-bvh.adb:577:77

 info: initialization check proved
--> mj-bvh.adb:578:52

 info: index check proved
--> mj-bvh.adb:578:62

 info: index check proved
--> mj-bvh.adb:582:22

 info: overflow check proved
--> mj-bvh.adb:582:49

 info: data dependencies proved
--> mj-bvh.adb:585:09

 info: initialization of "Result" proved
--> mj-bvh.adb:585:82

 info: range check proved
--> mj-bvh.adb:586:45

 info: range check proved
--> mj-bvh.adb:589:39

 info: overflow check proved
--> mj-bvh.adb:589:73

 info: overflow check proved
--> mj-bvh.adb:590:61

 info: index check proved
--> mj-bvh.adb:590:99

 info: initialization check proved
--> mj-bvh.adb:590:101

 info: index check proved
--> mj-bvh.adb:591:43

 info: initialization check proved
--> mj-bvh.adb:591:45

 info: index check proved
--> mj-bvh.adb:592:43

 info: initialization check proved
--> mj-bvh.adb:592:45

 info: index check proved
--> mj-bvh.adb:592:62

 info: initialization check proved
--> mj-bvh.adb:592:64

 info: postcondition proved
--> mj-bvh.adb:593:17

 info: range check proved
--> mj-bvh.adb:593:46

 info: range check proved
--> mj-bvh.adb:594:56

 info: overflow check proved
--> mj-bvh.adb:596:34

 info: initialization check proved
--> mj-bvh.adb:597:22

 info: overflow check proved
--> mj-bvh.adb:597:41

 info: index check proved
--> mj-bvh.adb:597:41

 info: range check proved
--> mj-bvh.adb:598:39

 info: overflow check proved
--> mj-bvh.adb:598:73

 info: overflow check proved
--> mj-bvh.adb:599:61

 info: index check proved
--> mj-bvh.adb:599:99

 info: initialization check proved
--> mj-bvh.adb:599:101

 info: index check proved
--> mj-bvh.adb:600:43

 info: initialization check proved
--> mj-bvh.adb:600:45

 info: index check proved
--> mj-bvh.adb:601:43

 info: initialization check proved
--> mj-bvh.adb:601:45

 info: index check proved
--> mj-bvh.adb:601:62

 info: initialization check proved
--> mj-bvh.adb:601:64

 info: range check proved
--> mj-bvh.adb:604:41

 info: overflow check proved
--> mj-bvh.adb:607:29

 info: index check proved
--> mj-bvh.adb:607:29

 info: overflow check proved
--> mj-bvh.adb:608:25

 info: precondition proved
--> mj-bvh.adb:613:07

 info: precondition proved
--> mj-bvh.adb:613:32

 info: loop invariant initialization proved
--> mj-bvh.adb:615:33

 info: loop invariant preservation proved
--> mj-bvh.adb:615:33

 info: loop invariant preservation proved
--> mj-bvh.adb:616:33

 info: loop invariant initialization proved
--> mj-bvh.adb:616:33

 info: loop invariant initialization proved
--> mj-bvh.adb:617:33

 info: loop invariant preservation proved
--> mj-bvh.adb:617:33

 info: loop invariant preservation proved
--> mj-bvh.adb:620:33

 info: loop invariant initialization proved
--> mj-bvh.adb:620:33

 info: index check proved
--> mj-bvh.adb:620:67

 info: index check proved
--> mj-bvh.adb:621:28

 info: initialization check proved
--> mj-bvh.adb:621:30

 info: index check proved
--> mj-bvh.adb:621:64

 info: initialization check proved
--> mj-bvh.adb:621:66

 info: loop invariant initialization proved
--> mj-bvh.adb:622:33

 info: loop invariant preservation proved
--> mj-bvh.adb:622:33

 info: range check proved
--> mj-bvh.adb:622:62

 info: loop invariant preservation proved
--> mj-bvh.adb:623:33

 info: loop invariant initialization proved
--> mj-bvh.adb:623:33

 info: range check proved
--> mj-bvh.adb:623:51

 info: overflow check proved
--> mj-bvh.adb:623:85

 info: loop invariant initialization proved
--> mj-bvh.adb:624:33

 info: loop invariant preservation proved
--> mj-bvh.adb:624:33

 info: overflow check proved
--> mj-bvh.adb:624:73

 info: index check proved
--> mj-bvh.adb:625:33

 info: initialization check proved
--> mj-bvh.adb:625:35

 info: index check proved
--> mj-bvh.adb:626:42

 info: initialization check proved
--> mj-bvh.adb:626:44

 info: index check proved
--> mj-bvh.adb:627:42

 info: initialization check proved
--> mj-bvh.adb:627:44

 info: index check proved
--> mj-bvh.adb:627:61

 info: initialization check proved
--> mj-bvh.adb:627:63

 info: range check proved
--> mj-bvh.adb:628:21

 info: initialization check proved
--> mj-bvh.adb:628:31

 info: index check proved
--> mj-bvh.adb:628:38

 info: index check proved
--> mj-bvh.adb:630:29

 info: index check proved
--> mj-bvh.adb:630:64

 info: precondition proved
--> mj-bvh.adb:632:23

 info: index check proved
--> mj-bvh.adb:632:51

 info: index check proved
--> mj-bvh.adb:632:77

 info: precondition proved
--> mj-bvh.adb:633:25

 info: index check proved
--> mj-bvh.adb:633:44

 info: index check proved
--> mj-bvh.adb:633:70

 info: assertion proved
--> mj-bvh.adb:637:37

 info: index check proved
--> mj-bvh.adb:637:61

 info: range check proved
--> mj-bvh.adb:637:68

 info: assertion proved
--> mj-bvh.adb:638:37

 info: index check proved
--> mj-bvh.adb:638:61

 info: range check proved
--> mj-bvh.adb:638:69

 info: assertion proved
--> mj-bvh.adb:639:37

 info: index check proved
--> mj-bvh.adb:639:60

 info: index check proved
--> mj-bvh.adb:639:81

 info: assertion proved
--> mj-bvh.adb:640:37

 info: index check proved
--> mj-bvh.adb:640:60

 info: index check proved
--> mj-bvh.adb:640:86

 info: precondition proved
--> mj-bvh.adb:641:22

 info: index check proved
--> mj-bvh.adb:641:39

 info: range check proved
--> mj-bvh.adb:641:46

 info: index check proved
--> mj-bvh.adb:641:63

 info: range check proved
--> mj-bvh.adb:641:71

 info: precondition proved
--> mj-bvh.adb:644:50

 info: index check proved
--> mj-bvh.adb:644:66

 info: precondition proved
--> mj-bvh.adb:644:84

 info: index check proved
--> mj-bvh.adb:644:100

 info: precondition proved
--> mj-bvh.adb:645:19

 info: index check proved
--> mj-bvh.adb:645:35

 info: range check proved
--> mj-bvh.adb:645:42

 info: precondition proved
--> mj-bvh.adb:645:60

 info: index check proved
--> mj-bvh.adb:645:76

 info: range check proved
--> mj-bvh.adb:645:83

 info: precondition proved
--> mj-bvh.adb:647:19

 info: index check proved
--> mj-bvh.adb:647:44

 info: range check proved
--> mj-bvh.adb:647:52

 info: precondition proved
--> mj-bvh.adb:647:60

 info: index check proved
--> mj-bvh.adb:647:85

 info: range check proved
--> mj-bvh.adb:647:93

 info: implicit aspect Always_Terminates on "Valid" has been proved, subprogram will terminate
--> mj-bvh.ads:12:13

 info: implicit aspect Always_Terminates on "Overlap" has been proved, subprogram will terminate
--> mj-bvh.ads:15:13

 info: float overflow check proved
--> mj-bvh.ads:17:22

 info: float overflow check proved
--> mj-bvh.ads:17:35

 info: float overflow check proved
--> mj-bvh.ads:17:60

 info: float overflow check proved
--> mj-bvh.ads:18:26

 info: float overflow check proved
--> mj-bvh.ads:18:39

 info: float overflow check proved
--> mj-bvh.ads:18:64

 info: data dependencies proved
--> mj-bvh.ads:19:11

 info: implicit aspect Always_Terminates on "Sphere_Overlap" has been proved, subprogram will terminate
--> mj-bvh.ads:20:13

 info: float overflow check proved
--> mj-bvh.ads:21:38

 info: float overflow check proved
--> mj-bvh.ads:21:63

 info: float overflow check proved
--> mj-bvh.ads:22:22

 info: float overflow check proved
--> mj-bvh.ads:22:47

 info: data dependencies proved
--> mj-bvh.ads:23:11

 info: implicit aspect Always_Terminates on "Bounded" has been proved, subprogram will terminate
--> mj-bvh.ads:28:13

 info: implicit aspect Always_Terminates on "Contains" has been proved, subprogram will terminate
--> mj-bvh.ads:31:13

 info: float overflow check proved
--> mj-bvh.ads:32:46

 info: float overflow check proved
--> mj-bvh.ads:33:28

 info: float overflow check proved
--> mj-bvh.ads:34:30

 info: float overflow check proved
--> mj-bvh.ads:34:68

 info: data dependencies proved
--> mj-bvh.ads:35:11

 info: implicit aspect Always_Terminates on "Union_Box" has been proved, subprogram will terminate
--> mj-bvh.ads:36:13

 info: data dependencies proved
--> mj-bvh.ads:37:11

 info: postcondition proved
--> mj-bvh.ads:38:16

 info: precondition proved
--> mj-bvh.ads:39:19

 info: precondition proved
--> mj-bvh.ads:39:59

 info: implicit aspect Always_Terminates on "Node_Shaped" has been proved, subprogram will terminate
--> mj-bvh.ads:50:13

 info: index check proved
--> mj-bvh.ads:51:19

 info: index check proved
--> mj-bvh.ads:52:18

 info: index check proved
--> mj-bvh.ads:52:50

 info: index check proved
--> mj-bvh.ads:53:21

 info: index check proved
--> mj-bvh.ads:54:27

 info: index check proved
--> mj-bvh.ads:54:57

 info: index check proved
--> mj-bvh.ads:55:27

 info: index check proved
--> mj-bvh.ads:55:64

 info: index check proved
--> mj-bvh.ads:56:27

 info: index check proved
--> mj-bvh.ads:56:47

 info: data dependencies proved
--> mj-bvh.ads:57:18

 info: implicit aspect Always_Terminates on "Shaped" has been proved, subprogram will terminate
--> mj-bvh.ads:58:13

 info: precondition proved
--> mj-bvh.ads:59:41

 info: implicit aspect Always_Terminates on "Boxes_Valid" has been proved, subprogram will terminate
--> mj-bvh.ads:60:13

 info: index check proved
--> mj-bvh.ads:61:57

 info: implicit aspect Always_Terminates on "Enclosing" has been proved, subprogram will terminate
--> mj-bvh.ads:62:13

 info: index check proved
--> mj-bvh.ads:64:21

 info: precondition proved
--> mj-bvh.ads:65:11

 info: index check proved
--> mj-bvh.ads:65:30

 info: index check proved
--> mj-bvh.ads:65:59

 info: index check proved
--> mj-bvh.ads:65:61

 info: precondition proved
--> mj-bvh.ads:66:20

 info: index check proved
--> mj-bvh.ads:66:39

 info: index check proved
--> mj-bvh.ads:66:68

 info: index check proved
--> mj-bvh.ads:66:70

 info: implicit aspect Always_Terminates on "Leaves_Match" has been proved, subprogram will terminate
--> mj-bvh.ads:68:13

 info: index check proved
--> mj-bvh.ads:70:21

 info: index check proved
--> mj-bvh.ads:70:48

 info: index check proved
--> mj-bvh.ads:71:29

 info: index check proved
--> mj-bvh.ads:71:53

 info: index check proved
--> mj-bvh.ads:71:55

 info: implicit aspect Always_Terminates on "Unique_Leaves" has been proved, subprogram will terminate
--> mj-bvh.ads:72:13

 info: index check proved
--> mj-bvh.ads:75:23

 info: index check proved
--> mj-bvh.ads:75:54

 info: index check proved
--> mj-bvh.ads:76:22

 info: index check proved
--> mj-bvh.ads:76:42

 info: implicit aspect Always_Terminates on "Leaf_Item" has been proved, subprogram will terminate
--> mj-bvh.ads:77:13

 info: index check proved
--> mj-bvh.ads:79:18

 info: index check proved
--> mj-bvh.ads:79:49

 info: implicit aspect Always_Terminates on "Topology_Valid" has been proved, subprogram will terminate
--> mj-bvh.ads:80:13

 info: data dependencies proved
--> mj-bvh.ads:80:59

 info: postcondition proved
--> mj-bvh.ads:81:14

 info: implicit aspect Always_Terminates on "Valid" has been proved, subprogram will terminate
--> mj-bvh.ads:82:13

 info: data dependencies proved
--> mj-bvh.ads:82:50

 info: postcondition proved
--> mj-bvh.ads:83:14

 info: implicit aspect Always_Terminates on "Traversable" has been proved, subprogram will terminate
--> mj-bvh.ads:87:13

 info: data dependencies proved
--> mj-bvh.ads:87:56

 info: postcondition proved
--> mj-bvh.ads:88:14

 info: initialization of "Result" proved
--> mj-bvh.ads:91:53

 info: data dependencies proved
--> mj-bvh.ads:92:11

 info: postcondition proved
--> mj-bvh.ads:93:16

 info: range check proved
--> mj-bvh.ads:94:70

 info: precondition proved
--> mj-bvh.ads:96:19

 info: initialization of "Result" proved
--> mj-bvh.ads:97:53

 info: data dependencies proved
--> mj-bvh.ads:98:11

 info: postcondition proved
--> mj-bvh.ads:99:16

 info: index check proved
--> mj-bvh.ads:101:21

 info: index check proved
--> mj-bvh.ads:101:44

 info: index check proved
--> mj-bvh.ads:102:30

 info: index check proved
--> mj-bvh.ads:102:54

 info: index check proved
--> mj-bvh.ads:103:30

 info: index check proved
--> mj-bvh.ads:103:53

 info: precondition proved
--> mj-bvh.ads:106:21

 info: implicit aspect Always_Terminates on "Prepared" has been proved, subprogram will terminate
--> mj-bvh.ads:108:13

 info: data dependencies proved
--> mj-bvh.ads:108:71

 info: data dependencies proved
--> mj-bvh.ads:110:11

 info: postcondition proved
--> mj-bvh.ads:111:16

 info: implicit aspect Always_Terminates on "Oriented_Overlap" has been proved, subprogram will terminate
--> mj-bvh.ads:113:13

 info: data dependencies proved
--> mj-bvh.ads:114:27

 info: initialization of "Count" proved
--> mj-bvh.ads:122:48

 info: initialization of "Result" proved
--> mj-bvh.ads:122:69

 info: data dependencies proved
--> mj-bvh.ads:123:11

 info: index check proved
--> mj-bvh.ads:127:65

 info: index check proved
--> mj-bvh.ads:127:79

 info: postcondition proved
--> mj-bvh.ads:128:16

 info: range check proved
--> mj-bvh.ads:128:45

 info: range check proved
--> mj-bvh.ads:130:38

 info: overflow check proved
--> mj-bvh.ads:130:72

 info: overflow check proved
--> mj-bvh.ads:131:60

 info: index check proved
--> mj-bvh.ads:131:98

 info: initialization check proved
--> mj-bvh.ads:131:100

 info: index check proved
--> mj-bvh.ads:132:42

 info: initialization check proved
--> mj-bvh.ads:132:44

 info: index check proved
--> mj-bvh.ads:133:42

 info: initialization check proved
--> mj-bvh.ads:133:44

 info: index check proved
--> mj-bvh.ads:133:61

 info: initialization check proved
--> mj-bvh.ads:133:63
Success: all checks proved (851 checks).
Summary logged in /var/tmp/sparkling-recovery-flex-sdf7-bvh-proof-20261003/bvh-whole/validation/obj/gnatprove/gnatprove.out
guarded: elapsed 666.5 s, peak group RSS 465 MB
