Setup
   [mkdir]        object directory for project Rigid
   [mkdir]        exec directory for project Rigid
Compile
   [Ada]          rigid_probe.adb
   [Ada]          contact_probe.adb
   [Ada]          full_contact_probe.adb
   [Ada]          mj.ads
   [Ada]          mj-rigid_detector.adb
   [Ada]          mj-rigid_geometry.ads
   [Ada]          mj-rigid_narrowphase.adb
   [Ada]          mj-advanced_contacts.adb
   [Ada]          mj-collision_contacts.adb
   [Ada]          mj-contact_geometry.adb
   [Ada]          mj-contact_incidence.adb
   [Ada]          mj-contact_parameters.adb
+===========================GNAT BUG DETECTED==============================+
| 16.1.0 (x86_64-pc-linux-gnu) GCC error:                                  |
| in gnat_to_gnu_entity, at ada/gcc-interface/decl.cc:489                  |
| Error detected at mj-contact_incidence.adb:117:34                        |
| Compiling /var/tmp/sparkling-meshmesh-degrees-20261001/source/src/mj-contact_incidence.adb|
| Please submit a bug report; see https://gcc.gnu.org/bugs/ .              |
| Use a subject line meaningful to you and us to track the bug.            |
| Include the entire contents of this bug box in the report.               |
| Include the exact command that you entered.                              |
| Also include sources listed below.                                       |
+==========================================================================+

Please include these source files with error report
Note that list may not be accurate in some cases,
so please double check that the problem can still
be reproduced with the set of files listed.
Consider also -gnatd.n switch (see debug.adb).

/var/tmp/sparkling-meshmesh-degrees-20261001/source/src/mj-contact_incidence.adb
/var/tmp/sparkling-meshmesh-degrees-20261001/source/src/mj-contact_incidence.ads
/var/tmp/sparkling-meshmesh-degrees-20261001/source/base/mj.ads
/var/tmp/sparkling-meshmesh-degrees-20261001/source/base/mj-types.ads
/var/tmp/sparkling-meshmesh-degrees-20261001/source/src/mj-rigid_geometry.ads
/var/tmp/sparkling-meshmesh-degrees-20261001/source/src/mj-contact_geometry.ads

compilation abandoned

   compilation of mj-contact_incidence.adb failed

gprbuild: *** compilation phase failed
guarded: elapsed 1.6 s, peak group RSS 79 MB
