Phase 1 of 3: generation of data representation information ...
Phase 2 of 3: generation of Global contracts ...
Phase 3 of 3: flow analysis and proof ...
 info: local subprogram "Store" only analyzed in the context of calls [info-unrolling-inlining]
--> mj-cholesky_arithmetic.adb:2:14
      + add a contract to analyze it separately from calling contexts

 info: initialization of "R" proved
--> mj-cholesky_arithmetic.adb:2:40

 info: initialization of "Status" proved
--> mj-cholesky_arithmetic.adb:2:56

 info: range check proved, in call inlined at mj-cholesky_arithmetic.adb:10
--> mj-cholesky_arithmetic.adb:5:32

 info: range check proved, in call inlined at mj-cholesky_arithmetic.adb:12
--> mj-cholesky_arithmetic.adb:5:32

 info: range check proved, in call inlined at mj-cholesky_arithmetic.adb:14
--> mj-cholesky_arithmetic.adb:5:32

 info: analyzing call to "Store" in context
--> mj-cholesky_arithmetic.adb:10:10

 info: float overflow check proved
--> mj-cholesky_arithmetic.adb:10:10

 info: float overflow check proved
--> mj-cholesky_arithmetic.adb:10:23

 info: analyzing call to "Store" in context
--> mj-cholesky_arithmetic.adb:12:10

 info: float overflow check proved
--> mj-cholesky_arithmetic.adb:12:10

 info: analyzing call to "Store" in context
--> mj-cholesky_arithmetic.adb:14:10

 info: division check proved
--> mj-cholesky_arithmetic.adb:14:10

 info: float overflow check proved
--> mj-cholesky_arithmetic.adb:14:10

 info: range check proved
--> mj-cholesky_arithmetic.adb:16:47

 info: precondition proved
--> mj-cholesky_arithmetic.adb:16:47

 info: range check proved
--> mj-cholesky_arithmetic.adb:19:55

 info: precondition proved
--> mj-cholesky_arithmetic.adb:27:07

 info: overflow check proved
--> mj-cholesky_arithmetic.adb:34:38

 info: index check proved
--> mj-cholesky_arithmetic.adb:34:38

 info: overflow check proved
--> mj-cholesky_arithmetic.adb:34:64

 info: index check proved
--> mj-cholesky_arithmetic.adb:34:64

 info: loop invariant initialization proved
--> mj-cholesky_arithmetic.adb:36:13

 info: loop invariant preservation proved
--> mj-cholesky_arithmetic.adb:36:13

 info: overflow check proved
--> mj-cholesky_arithmetic.adb:37:50

 info: index check proved
--> mj-cholesky_arithmetic.adb:38:31

 info: overflow check proved
--> mj-cholesky_arithmetic.adb:38:54

 info: index check proved
--> mj-cholesky_arithmetic.adb:38:54

 info: overflow check proved
--> mj-cholesky_arithmetic.adb:38:59

 info: index check proved
--> mj-cholesky_arithmetic.adb:39:34

 info: index check proved
--> mj-cholesky_arithmetic.adb:39:63

 info: local subprogram "Reduce" only analyzed in the context of calls [info-unrolling-inlining]
--> mj-cholesky_arithmetic.adb:43:14
      + add a contract to analyze it separately from calling contexts

 info: initialization of "R" proved
--> mj-cholesky_arithmetic.adb:43:37

 info: initialization of "Status" proved
--> mj-cholesky_arithmetic.adb:43:53

 info: initialization of "X" proved, in call inlined at mj-cholesky_arithmetic.adb:101
--> mj-cholesky_arithmetic.adb:44:07

 info: initialization of "X" proved, in call inlined at mj-cholesky_arithmetic.adb:69
--> mj-cholesky_arithmetic.adb:44:07

 info: initialization of "X" proved
--> mj-cholesky_arithmetic.adb:44:07

 info: initialization of "Y" proved, in call inlined at mj-cholesky_arithmetic.adb:101
--> mj-cholesky_arithmetic.adb:44:10

 info: initialization of "Y" proved, in call inlined at mj-cholesky_arithmetic.adb:69
--> mj-cholesky_arithmetic.adb:44:10

 info: initialization of "Y" proved
--> mj-cholesky_arithmetic.adb:44:10

 info: initialization of "X" proved
--> mj-cholesky_arithmetic.adb:57:07

 info: initialization of "Tail" proved
--> mj-cholesky_arithmetic.adb:57:10

 info: loop invariant initialization proved
--> mj-cholesky_arithmetic.adb:61:33

 info: loop invariant preservation proved
--> mj-cholesky_arithmetic.adb:61:33

 info: unrolling loop [info-unrolling-inlining]
--> mj-cholesky_arithmetic.adb:62:26

 info: index check proved
--> mj-cholesky_arithmetic.adb:63:46

 info: index check proved
--> mj-cholesky_arithmetic.adb:63:62

 info: range check proved
--> mj-cholesky_arithmetic.adb:67:17

 info: analyzing call to "Reduce" in context
--> mj-cholesky_arithmetic.adb:69:07

 info: index check proved
--> mj-cholesky_arithmetic.adb:72:26

 info: index check proved
--> mj-cholesky_arithmetic.adb:72:38

 info: range check proved
--> mj-cholesky_arithmetic.adb:74:17

 info: loop invariant initialization proved
--> mj-cholesky_arithmetic.adb:76:36

 info: loop invariant preservation proved
--> mj-cholesky_arithmetic.adb:76:36

 info: index check proved
--> mj-cholesky_arithmetic.adb:77:38

 info: index check proved
--> mj-cholesky_arithmetic.adb:77:50

 info: range check proved
--> mj-cholesky_arithmetic.adb:79:31

 info: initialization of "X" proved
--> mj-cholesky_arithmetic.adb:89:07

 info: loop invariant initialization proved
--> mj-cholesky_arithmetic.adb:93:33

 info: loop invariant preservation proved
--> mj-cholesky_arithmetic.adb:93:33

 info: unrolling loop [info-unrolling-inlining]
--> mj-cholesky_arithmetic.adb:94:26

 info: index check proved
--> mj-cholesky_arithmetic.adb:95:46

 info: index check proved
--> mj-cholesky_arithmetic.adb:95:55

 info: index check proved
--> mj-cholesky_arithmetic.adb:95:67

 info: range check proved
--> mj-cholesky_arithmetic.adb:99:17

 info: analyzing call to "Reduce" in context
--> mj-cholesky_arithmetic.adb:101:07

 info: loop invariant initialization proved
--> mj-cholesky_arithmetic.adb:104:33

 info: loop invariant preservation proved
--> mj-cholesky_arithmetic.adb:104:33

 info: index check proved
--> mj-cholesky_arithmetic.adb:105:32

 info: index check proved
--> mj-cholesky_arithmetic.adb:105:41

 info: index check proved
--> mj-cholesky_arithmetic.adb:105:49

 info: range check proved
--> mj-cholesky_arithmetic.adb:107:25

 info: range check proved
--> mj-cholesky_arithmetic.ads:13:42

 info: initialization of "R" proved
--> mj-cholesky_arithmetic.ads:19:45

 info: initialization of "Status" proved
--> mj-cholesky_arithmetic.ads:19:61

 info: postcondition proved
--> mj-cholesky_arithmetic.ads:20:19

 info: float overflow check proved
--> mj-cholesky_arithmetic.ads:20:51

 info: float overflow check proved
--> mj-cholesky_arithmetic.ads:20:55

 info: initialization of "R" proved
--> mj-cholesky_arithmetic.ads:22:39

 info: initialization of "Status" proved
--> mj-cholesky_arithmetic.ads:22:55

 info: postcondition proved
--> mj-cholesky_arithmetic.ads:23:19

 info: float overflow check proved
--> mj-cholesky_arithmetic.ads:23:51

 info: initialization of "R" proved
--> mj-cholesky_arithmetic.ads:25:37

 info: initialization of "Status" proved
--> mj-cholesky_arithmetic.ads:25:53

 info: postcondition proved
--> mj-cholesky_arithmetic.ads:27:16

 info: division check proved
--> mj-cholesky_arithmetic.ads:27:48

 info: float overflow check proved
--> mj-cholesky_arithmetic.ads:27:48

 info: initialization of "R" proved
--> mj-cholesky_arithmetic.ads:29:32

 info: initialization of "Status" proved
--> mj-cholesky_arithmetic.ads:29:48

 info: postcondition proved
--> mj-cholesky_arithmetic.ads:31:16

 info: precondition proved
--> mj-cholesky_arithmetic.ads:32:33

 info: initialization of "R" proved
--> mj-cholesky_arithmetic.ads:34:53

 info: initialization of "Clamped" proved
--> mj-cholesky_arithmetic.ads:35:28

 info: initialization of "Status" proved
--> mj-cholesky_arithmetic.ads:35:51

 info: postcondition proved
--> mj-cholesky_arithmetic.ads:37:16

 info: precondition proved
--> mj-cholesky_arithmetic.ads:39:26

 info: range check proved
--> mj-cholesky_arithmetic.ads:45:23

 info: range check proved
--> mj-cholesky_arithmetic.ads:45:66

 info: range check proved
--> mj-cholesky_arithmetic.ads:46:36

 info: range check proved
--> mj-cholesky_arithmetic.ads:46:68

 info: range check proved
--> mj-cholesky_arithmetic.ads:47:46

 info: range check proved
--> mj-cholesky_arithmetic.ads:48:37

 info: postcondition proved
--> mj-cholesky_arithmetic.ads:49:16

 info: overflow check proved
--> mj-cholesky_arithmetic.ads:50:54

 info: index check proved
--> mj-cholesky_arithmetic.ads:51:35

 info: overflow check proved
--> mj-cholesky_arithmetic.ads:51:58

 info: index check proved
--> mj-cholesky_arithmetic.ads:51:58

 info: overflow check proved
--> mj-cholesky_arithmetic.ads:51:63

 info: index check proved
--> mj-cholesky_arithmetic.ads:52:38

 info: index check proved
--> mj-cholesky_arithmetic.ads:52:60

 info: initialization of "R" proved
--> mj-cholesky_arithmetic.ads:56:19

 info: initialization of "Status" proved
--> mj-cholesky_arithmetic.ads:56:35

 info: range check proved
--> mj-cholesky_arithmetic.ads:58:18

 info: range check proved
--> mj-cholesky_arithmetic.ads:58:51

 info: range check proved
--> mj-cholesky_arithmetic.ads:59:24

 info: range check proved
--> mj-cholesky_arithmetic.ads:59:51

 info: range check proved
--> mj-cholesky_arithmetic.ads:60:24

 info: range check proved
--> mj-cholesky_arithmetic.ads:60:51

 info: initialization of "R" proved
--> mj-cholesky_arithmetic.ads:62:40

 info: initialization of "Status" proved
--> mj-cholesky_arithmetic.ads:62:56

 info: range check proved
--> mj-cholesky_arithmetic.ads:64:18

 info: range check proved
--> mj-cholesky_arithmetic.ads:64:51

 info: range check proved
--> mj-cholesky_arithmetic.ads:65:20

 info: range check proved
--> mj-cholesky_arithmetic.ads:66:24

 info: range check proved
--> mj-cholesky_arithmetic.ads:66:51

 info: range check proved
--> mj-cholesky_arithmetic.ads:67:26

 info: range check proved
--> mj-cholesky_arithmetic.ads:67:55

 info: overflow check proved
--> mj-cholesky_arithmetic.ads:69:43

 info: index check proved
--> mj-cholesky_arithmetic.ads:69:66

 info: range check proved
--> mj-cholesky_arithmetic.ads:69:72
 info: range check proved
--> mj-cholesky_band.adb:5:35

 info: initialization of "D" proved
--> mj-cholesky_band.adb:6:07

 info: initialization of "Entry_Adr" proved
--> mj-cholesky_band.adb:6:10

 info: initialization of "Width" proved
--> mj-cholesky_band.adb:7:07

 info: initialization of "Height" proved
--> mj-cholesky_band.adb:7:14

 info: initialization of "Overlap" proved
--> mj-cholesky_band.adb:7:22

 info: initialization of "Sum" proved
--> mj-cholesky_band.adb:8:07

 info: initialization of "Pivot" proved
--> mj-cholesky_band.adb:8:12

 info: initialization of "Root_Value" proved
--> mj-cholesky_band.adb:8:19

 info: initialization of "Scale" proved
--> mj-cholesky_band.adb:8:31

 info: initialization of "Tmp" proved
--> mj-cholesky_band.adb:8:38

 info: initialization of "Entry_Value" proved
--> mj-cholesky_band.adb:8:43

 info: loop invariant preservation proved
--> mj-cholesky_band.adb:12:33

 info: loop invariant initialization proved
--> mj-cholesky_band.adb:12:33

 info: loop invariant initialization proved
--> mj-cholesky_band.adb:14:13

 medium: loop invariant might not be preserved by an arbitrary iteration, cannot prove A (Diagonal (R, N, Band, Dense)) >= Min_Diag
--> mj-cholesky_band.adb:14:40
   14 |               (for all R in 0 .. J - 1 => A (Diagonal (R, N, Band, Dense)) >= Min_Diag);
      |                                           ^~~~~~~~~~~~~~~~~~~~~~~~~~~~~~~~~~~~~~~~~~~~
      + provers reached time limit before completing the proof

 info: precondition proved
--> mj-cholesky_band.adb:14:43

 info: index check proved
--> mj-cholesky_band.adb:14:43

 info: range check proved
--> mj-cholesky_band.adb:14:53

 info: precondition proved
--> mj-cholesky_band.adb:15:15

 info: range check proved
--> mj-cholesky_band.adb:16:42

 info: precondition proved
--> mj-cholesky_band.adb:18:10

 info: range check proved
--> mj-cholesky_band.adb:18:23

 info: range check proved
--> mj-cholesky_band.adb:18:34

 info: index check proved
--> mj-cholesky_band.adb:20:46

 info: index check proved
--> mj-cholesky_band.adb:22:36

 info: precondition proved
--> mj-cholesky_band.adb:30:10

 info: precondition proved
--> mj-cholesky_band.adb:32:10

 info: range check proved
--> mj-cholesky_band.adb:34:43

 info: overflow check proved
--> mj-cholesky_band.adb:34:60

 info: overflow check proved
--> mj-cholesky_band.adb:35:31

 info: range check proved
--> mj-cholesky_band.adb:35:31

 info: overflow check proved
--> mj-cholesky_band.adb:36:21

 info: overflow check proved
--> mj-cholesky_band.adb:36:30

 info: loop invariant preservation proved
--> mj-cholesky_band.adb:37:36

 info: loop invariant initialization proved
--> mj-cholesky_band.adb:37:36

 info: loop invariant preservation proved
--> mj-cholesky_band.adb:39:16

 info: loop invariant initialization proved
--> mj-cholesky_band.adb:39:16

 info: precondition proved
--> mj-cholesky_band.adb:39:46

 info: index check proved
--> mj-cholesky_band.adb:39:46

 info: range check proved
--> mj-cholesky_band.adb:39:56

 info: overflow check proved
--> mj-cholesky_band.adb:41:32

 info: overflow check proved
--> mj-cholesky_band.adb:41:37

 info: overflow check proved
--> mj-cholesky_band.adb:41:44

 info: overflow check proved
--> mj-cholesky_band.adb:41:48

 info: range check proved
--> mj-cholesky_band.adb:41:48

 info: overflow check proved
--> mj-cholesky_band.adb:41:53

 info: range check proved
--> mj-cholesky_band.adb:42:31

 info: overflow check proved
--> mj-cholesky_band.adb:42:49

 info: overflow check proved
--> mj-cholesky_band.adb:42:54

 info: overflow check proved
--> mj-cholesky_band.adb:44:31

 info: range check proved
--> mj-cholesky_band.adb:44:31

 info: overflow check proved
--> mj-cholesky_band.adb:44:35

 info: overflow check proved
--> mj-cholesky_band.adb:44:40

 medium: precondition might fail, cannot prove B0 <= B'Length
--> mj-cholesky_band.adb:46:13
   46 |                Dot (A, A, D - Overlap, Entry_Adr - Overlap, Overlap, Sum, Status);
      |                ^~~~~~~~~~~~~~~~~~~~~~~~~~~~~~~~~~~~~~~~~~~~~~~~~~~~~~~~~~~~~~~~~
      + possible fix: loop invariant at line 37 should mention Overlap
   37 |                pragma Loop_Invariant (Shape (A, N, Band, Dense));
      |                ^
      + provers reached time limit before completing the proof

 info: range check proved
--> mj-cholesky_band.adb:46:26

 info: range check proved
--> mj-cholesky_band.adb:46:47

 info: index check proved
--> mj-cholesky_band.adb:48:29

 info: index check proved
--> mj-cholesky_band.adb:52:16

 info: loop invariant initialization proved
--> mj-cholesky_band.adb:56:39

 info: loop invariant preservation proved
--> mj-cholesky_band.adb:56:39

 info: loop invariant initialization proved
--> mj-cholesky_band.adb:58:19

 info: loop invariant preservation proved
--> mj-cholesky_band.adb:58:19

 info: precondition proved
--> mj-cholesky_band.adb:58:49

 info: index check proved
--> mj-cholesky_band.adb:58:49

 info: range check proved
--> mj-cholesky_band.adb:58:59

 info: overflow check proved
--> mj-cholesky_band.adb:59:43

 info: overflow check proved
--> mj-cholesky_band.adb:59:48

 info: overflow check proved
--> mj-cholesky_band.adb:59:58

 info: overflow check proved
--> mj-cholesky_band.adb:59:62

 info: range check proved
--> mj-cholesky_band.adb:59:62

 info: precondition proved
--> mj-cholesky_band.adb:60:16

 info: range check proved
--> mj-cholesky_band.adb:60:29

 info: range check proved
--> mj-cholesky_band.adb:60:48

 info: index check proved
--> mj-cholesky_band.adb:62:32

 info: index check proved
--> mj-cholesky_band.adb:66:19

 info: index check proved
--> mj-cholesky_band.adb:69:13

 info: range check proved
--> mj-cholesky_band.adb:75:35

 info: initialization of "D" proved
--> mj-cholesky_band.adb:76:07

 info: initialization of "E" proved
--> mj-cholesky_band.adb:76:10

 info: initialization of "Width" proved
--> mj-cholesky_band.adb:77:07

 info: initialization of "Height" proved
--> mj-cholesky_band.adb:77:14

 info: initialization of "Sum" proved
--> mj-cholesky_band.adb:78:07

 info: initialization of "Tmp" proved
--> mj-cholesky_band.adb:78:12

 info: length check proved
--> mj-cholesky_band.adb:80:09

 info: cannot unroll loop (too many loop iterations) [info-unrolling-inlining]
--> mj-cholesky_band.adb:81:37

 info: precondition proved
--> mj-cholesky_band.adb:82:15

 info: range check proved
--> mj-cholesky_band.adb:83:42

 info: precondition proved
--> mj-cholesky_band.adb:85:10

 info: range check proved
--> mj-cholesky_band.adb:85:23

 info: overflow check proved
--> mj-cholesky_band.adb:85:34

 info: range check proved
--> mj-cholesky_band.adb:85:34

 info: index check proved
--> mj-cholesky_band.adb:87:26

 info: precondition proved
--> mj-cholesky_band.adb:89:10

 info: index check proved
--> mj-cholesky_band.adb:89:26

 info: index check proved
--> mj-cholesky_band.adb:89:33

 info: cannot unroll loop (too many loop iterations) [info-unrolling-inlining]
--> mj-cholesky_band.adb:92:45

 info: precondition proved
--> mj-cholesky_band.adb:93:15

 info: range check proved
--> mj-cholesky_band.adb:94:43

 info: overflow check proved
--> mj-cholesky_band.adb:94:60

 info: overflow check proved
--> mj-cholesky_band.adb:95:31

 info: range check proved
--> mj-cholesky_band.adb:95:31

 info: overflow check proved
--> mj-cholesky_band.adb:96:21

 info: overflow check proved
--> mj-cholesky_band.adb:96:30

 info: cannot unroll loop (too many loop iterations) [info-unrolling-inlining]
--> mj-cholesky_band.adb:96:49

 info: overflow check proved
--> mj-cholesky_band.adb:97:40

 info: overflow check proved
--> mj-cholesky_band.adb:97:45

 info: overflow check proved
--> mj-cholesky_band.adb:97:52

 info: overflow check proved
--> mj-cholesky_band.adb:97:56

 info: range check proved
--> mj-cholesky_band.adb:97:56

 info: overflow check proved
--> mj-cholesky_band.adb:97:61

 info: overflow check proved
--> mj-cholesky_band.adb:98:37

 info: overflow check proved
--> mj-cholesky_band.adb:98:42

 info: overflow check proved
--> mj-cholesky_band.adb:98:52

 info: overflow check proved
--> mj-cholesky_band.adb:98:56

 info: range check proved
--> mj-cholesky_band.adb:98:56

 info: index check proved
--> mj-cholesky_band.adb:99:29

 info: range check proved
--> mj-cholesky_band.adb:99:33

 info: index check proved
--> mj-cholesky_band.adb:99:37

 info: index check proved
--> mj-cholesky_band.adb:99:44

 info: index check proved
--> mj-cholesky_band.adb:101:16

 info: cannot unroll loop (too many loop iterations) [info-unrolling-inlining]
--> mj-cholesky_band.adb:104:48

 info: overflow check proved
--> mj-cholesky_band.adb:105:35

 info: overflow check proved
--> mj-cholesky_band.adb:105:40

 info: overflow check proved
--> mj-cholesky_band.adb:105:50

 info: overflow check proved
--> mj-cholesky_band.adb:105:54

 info: range check proved
--> mj-cholesky_band.adb:105:54

 info: index check proved
--> mj-cholesky_band.adb:106:32

 info: range check proved
--> mj-cholesky_band.adb:106:36

 info: index check proved
--> mj-cholesky_band.adb:106:40

 info: index check proved
--> mj-cholesky_band.adb:106:47

 info: index check proved
--> mj-cholesky_band.adb:108:19

 info: precondition proved
--> mj-cholesky_band.adb:111:10

 info: index check proved
--> mj-cholesky_band.adb:111:21

 info: index check proved
--> mj-cholesky_band.adb:111:28

 info: index check proved
--> mj-cholesky_band.adb:113:13

 info: initialization of "Width" proved
--> mj-cholesky_band.adb:119:07

 info: initialization of "D" proved
--> mj-cholesky_band.adb:119:21

 info: length check proved
--> mj-cholesky_band.adb:121:14

 info: loop invariant initialization proved
--> mj-cholesky_band.adb:124:13

 medium: loop invariant might not be preserved by an arbitrary iteration, cannot prove Matrix (R * N + C) = Element (A, N, Band, Dense, R, C, Symmetric)
--> mj-cholesky_band.adb:127:21
  127 |                        Matrix (R * N + C) = Element (A, N, Band, Dense, R, C, Symmetric)
      |                        ^~~~~~~~~~~~~~~~~~~~~~~~~~~~~~~~~~~~~~~~~~~~~~~~~~~~~~~~~~~~~~~~
      + provers reached time limit before completing the proof

 info: overflow check proved
--> mj-cholesky_band.adb:127:31

 info: overflow check proved
--> mj-cholesky_band.adb:127:35

 info: index check proved
--> mj-cholesky_band.adb:127:35

 info: precondition proved
--> mj-cholesky_band.adb:127:42

 info: range check proved
--> mj-cholesky_band.adb:127:70

 info: range check proved
--> mj-cholesky_band.adb:127:73

 info: overflow check proved
--> mj-cholesky_band.adb:128:34

 info: overflow check proved
--> mj-cholesky_band.adb:128:38

 info: index check proved
--> mj-cholesky_band.adb:128:38

 info: precondition proved
--> mj-cholesky_band.adb:129:15

 info: range check proved
--> mj-cholesky_band.adb:130:45

 info: overflow check proved
--> mj-cholesky_band.adb:132:21

 info: overflow check proved
--> mj-cholesky_band.adb:133:23

 info: overflow check proved
--> mj-cholesky_band.adb:133:27

 info: index check proved
--> mj-cholesky_band.adb:133:27

 info: overflow check proved
--> mj-cholesky_band.adb:133:40

 info: index check proved
--> mj-cholesky_band.adb:133:40

 info: overflow check proved
--> mj-cholesky_band.adb:133:45

 info: overflow check proved
--> mj-cholesky_band.adb:134:41

 info: overflow check proved
--> mj-cholesky_band.adb:134:45

 info: index check proved
--> mj-cholesky_band.adb:134:45

 info: overflow check proved
--> mj-cholesky_band.adb:134:58

 info: index check proved
--> mj-cholesky_band.adb:134:58

 info: overflow check proved
--> mj-cholesky_band.adb:134:63

 medium: loop invariant might fail in first iteration, cannot prove Matrix (R * N + C) = Element (A, N, Band, Dense, R, C, Symmetric)
--> mj-cholesky_band.adb:141:27
  141 |                         then Matrix (R * N + C) = Element (A, N, Band, Dense, R, C, Symmetric)
      |                              ^~~~~~~~~~~~~~~~~~~~~~~~~~~~~~~~~~~~~~~~~~~~~~~~~~~~~~~~~~~~~~~~
      + provers reached memory limit before completing the proof

 medium: loop invariant might not be preserved by an arbitrary iteration, cannot prove Matrix (R * N + C) = Element (A, N, Band, Dense, R, C, Symmetric)
--> mj-cholesky_band.adb:141:27
  141 |                         then Matrix (R * N + C) = Element (A, N, Band, Dense, R, C, Symmetric)
      |                              ^~~~~~~~~~~~~~~~~~~~~~~~~~~~~~~~~~~~~~~~~~~~~~~~~~~~~~~~~~~~~~~~
      + provers reached time limit before completing the proof

 info: overflow check proved
--> mj-cholesky_band.adb:141:37

 info: overflow check proved
--> mj-cholesky_band.adb:141:41

 info: index check proved
--> mj-cholesky_band.adb:141:41

 info: precondition proved
--> mj-cholesky_band.adb:141:48

 info: range check proved
--> mj-cholesky_band.adb:141:76

 info: range check proved
--> mj-cholesky_band.adb:141:79

 info: overflow check proved
--> mj-cholesky_band.adb:142:37

 info: overflow check proved
--> mj-cholesky_band.adb:142:41

 info: index check proved
--> mj-cholesky_band.adb:142:41

 info: initialization of "Width" proved
--> mj-cholesky_band.adb:147:07

 info: initialization of "D" proved
--> mj-cholesky_band.adb:147:21

 info: loop invariant initialization proved
--> mj-cholesky_band.adb:151:13

 info: precondition proved
--> mj-cholesky_band.adb:152:19

 info: range check proved
--> mj-cholesky_band.adb:152:27

 info: precondition proved
--> mj-cholesky_band.adb:152:55

 info: range check proved
--> mj-cholesky_band.adb:152:68

 medium: loop invariant might not be preserved by an arbitrary iteration, cannot prove A (K) = Matrix (Storage_Row (K, N, Band, Dense) * N + Storage_Column (K, N, Band, Dense))
--> mj-cholesky_band.adb:153:18
  153 |                     A (K) = Matrix (Storage_Row (K, N, Band, Dense) * N
      |                     ^~~~~~~~~~~~~~~~~~~~~~~~~~~~~~~~~~~~~~~~~~~~~~~~~~~
  154 |                                      + Storage_Column (K, N, Band, Dense))
      |                                      ~~~~~~~~~~~~~~~~~~~~~~~~~~~~~~~~~~~
      + provers reached time limit before completing the proof

 info: index check proved
--> mj-cholesky_band.adb:153:21

 info: precondition proved
--> mj-cholesky_band.adb:153:34

 info: range check proved
--> mj-cholesky_band.adb:153:47

 info: index check proved
--> mj-cholesky_band.adb:154:35

 info: precondition proved
--> mj-cholesky_band.adb:154:37

 info: range check proved
--> mj-cholesky_band.adb:154:53

 info: index check proved
--> mj-cholesky_band.adb:155:24

 info: index check proved
--> mj-cholesky_band.adb:155:43

 info: precondition proved
--> mj-cholesky_band.adb:156:15

 info: range check proved
--> mj-cholesky_band.adb:157:45

 info: precondition proved
--> mj-cholesky_band.adb:159:10

 info: overflow check proved
--> mj-cholesky_band.adb:159:26

 info: overflow check proved
--> mj-cholesky_band.adb:159:30

 info: overflow check proved
--> mj-cholesky_band.adb:159:34

 info: range check proved
--> mj-cholesky_band.adb:159:34

 info: range check proved
--> mj-cholesky_band.adb:159:48

 info: range check proved
--> mj-cholesky_band.adb:159:63

 info: initialization of "D" proved
--> mj-cholesky_band.adb:165:07

 info: initialization of "Width" proved
--> mj-cholesky_band.adb:165:19

 info: initialization of "Tmp" proved
--> mj-cholesky_band.adb:165:33

 info: length check proved
--> mj-cholesky_band.adb:167:09

 info: cannot unroll loop (too many loop iterations) [info-unrolling-inlining]
--> mj-cholesky_band.adb:168:43

 info: loop invariant initialization proved
--> mj-cholesky_band.adb:170:36

 info: loop invariant preservation proved
--> mj-cholesky_band.adb:170:36

 info: precondition proved
--> mj-cholesky_band.adb:171:18

 info: range check proved
--> mj-cholesky_band.adb:172:48

 info: precondition proved
--> mj-cholesky_band.adb:174:13

 info: range check proved
--> mj-cholesky_band.adb:174:26

 info: overflow check proved
--> mj-cholesky_band.adb:174:37

 info: overflow check proved
--> mj-cholesky_band.adb:174:41

 info: overflow check proved
--> mj-cholesky_band.adb:174:45

 info: range check proved
--> mj-cholesky_band.adb:174:45

 info: range check proved
--> mj-cholesky_band.adb:174:60

 info: overflow check proved
--> mj-cholesky_band.adb:174:70

 info: overflow check proved
--> mj-cholesky_band.adb:174:74

 info: index check proved
--> mj-cholesky_band.adb:174:74

 info: overflow check proved
--> mj-cholesky_band.adb:177:27

 info: cannot unroll loop (too many loop iterations) [info-unrolling-inlining]
--> mj-cholesky_band.adb:177:44

 info: overflow check proved
--> mj-cholesky_band.adb:178:37

 info: overflow check proved
--> mj-cholesky_band.adb:178:41

 info: index check proved
--> mj-cholesky_band.adb:178:41

 info: overflow check proved
--> mj-cholesky_band.adb:178:52

 info: index check proved
--> mj-cholesky_band.adb:178:52

 info: overflow check proved
--> mj-cholesky_band.adb:178:57

 info: overflow check proved
--> mj-cholesky_band.adb:178:69

 info: overflow check proved
--> mj-cholesky_band.adb:178:73

 info: index check proved
--> mj-cholesky_band.adb:178:73

 info: overflow check proved
--> mj-cholesky_band.adb:180:24

 info: overflow check proved
--> mj-cholesky_band.adb:180:28

 info: index check proved
--> mj-cholesky_band.adb:180:28

 info: implicit aspect Always_Terminates on "Layout_Valid" has been proved, subprogram will terminate
--> mj-cholesky_band.ads:4:13

 info: implicit aspect Always_Terminates on "Storage_Length" has been proved, subprogram will terminate
--> mj-cholesky_band.ads:6:13

 info: range check proved
--> mj-cholesky_band.ads:7:26

 info: implicit aspect Always_Terminates on "Diagonal" has been proved, subprogram will terminate
--> mj-cholesky_band.ads:9:13

 info: range check proved
--> mj-cholesky_band.ads:10:48

 info: range check proved
--> mj-cholesky_band.ads:11:57

 info: postcondition proved
--> mj-cholesky_band.ads:13:16

 info: precondition proved
--> mj-cholesky_band.ads:13:34

 info: implicit aspect Always_Terminates on "Stored" has been proved, subprogram will terminate
--> mj-cholesky_band.ads:14:13

 info: precondition proved
--> mj-cholesky_band.ads:15:15

 info: division check proved
--> mj-cholesky_band.ads:17:12

 info: division check proved
--> mj-cholesky_band.ads:17:50

 info: division check proved
--> mj-cholesky_band.ads:18:37

 info: division check proved
--> mj-cholesky_band.ads:19:54

 info: postcondition proved
--> mj-cholesky_band.ads:21:16

 info: precondition proved
--> mj-cholesky_band.ads:21:58

 info: implicit aspect Always_Terminates on "Storage_Row" has been proved, subprogram will terminate
--> mj-cholesky_band.ads:22:13

 info: division check proved
--> mj-cholesky_band.ads:23:40

 info: range check proved
--> mj-cholesky_band.ads:23:40

 info: range check proved
--> mj-cholesky_band.ads:24:22

 info: division check proved
--> mj-cholesky_band.ads:24:49

 info: precondition proved
--> mj-cholesky_band.ads:25:57

 info: postcondition proved
--> mj-cholesky_band.ads:26:16

 info: implicit aspect Always_Terminates on "Storage_Column" has been proved, subprogram will terminate
--> mj-cholesky_band.ads:27:13

 info: division check proved
--> mj-cholesky_band.ads:28:40

 info: range check proved
--> mj-cholesky_band.ads:28:47

 info: division check proved
--> mj-cholesky_band.ads:28:63

 info: division check proved
--> mj-cholesky_band.ads:29:37

 info: precondition proved
--> mj-cholesky_band.ads:30:57

 info: postcondition proved
--> mj-cholesky_band.ads:31:16

 info: precondition proved
--> mj-cholesky_band.ads:31:41

 info: implicit aspect Always_Terminates on "Shape" has been proved, subprogram will terminate
--> mj-cholesky_band.ads:32:13

 info: range check proved
--> mj-cholesky_band.ads:34:17

 info: precondition proved
--> mj-cholesky_band.ads:34:27

 info: implicit aspect Always_Terminates on "Factor_Valid" has been proved, subprogram will terminate
--> mj-cholesky_band.ads:35:13

 info: precondition proved
--> mj-cholesky_band.ads:38:22

 info: index check proved
--> mj-cholesky_band.ads:38:22

 info: range check proved
--> mj-cholesky_band.ads:38:32

 info: implicit aspect Always_Terminates on "Element" has been proved, subprogram will terminate
--> mj-cholesky_band.ads:40:13

 info: precondition proved
--> mj-cholesky_band.ads:44:19

 info: index check proved
--> mj-cholesky_band.ads:44:50

 info: precondition proved
--> mj-cholesky_band.ads:46:15

 info: index check proved
--> mj-cholesky_band.ads:46:46

 info: initialization of "Min_Pivot" proved
--> mj-cholesky_band.ads:54:22

 info: initialization of "Status" proved
--> mj-cholesky_band.ads:54:46

 info: precondition proved
--> mj-cholesky_band.ads:58:28

 info: range check proved
--> mj-cholesky_band.ads:58:36

 medium: postcondition might fail, cannot prove A (K) = A'Old (K)
--> mj-cholesky_band.ads:58:60
   58 |                       (if not Stored (K, N, Band, Dense) then A (K) = A'Old (K)));
      |                                                               ^~~~~~~~~~~~~~~~
      + provers reached time limit before completing the proof

 info: index check proved
--> mj-cholesky_band.ads:58:63

 info: index check proved
--> mj-cholesky_band.ads:58:75

 info: initialization of "X" proved
--> mj-cholesky_band.ads:60:21

 info: initialization of "Status" proved
--> mj-cholesky_band.ads:60:37

 info: range check proved
--> mj-cholesky_band.ads:62:43

 info: range check proved
--> mj-cholesky_band.ads:63:39

 info: initialization of "Matrix" proved
--> mj-cholesky_band.ads:65:24

 info: range check proved
--> mj-cholesky_band.ads:67:49

 medium: postcondition might fail, cannot prove Matrix (R * N + C) = Element (A, N, Band, Dense, R, C, Symmetric)
--> mj-cholesky_band.ads:70:22
   70 |                         Matrix (R * N + C) = Element (A, N, Band, Dense, R, C, Symmetric)));
      |                         ^~~~~~~~~~~~~~~~~~~~~~~~~~~~~~~~~~~~~~~~~~~~~~~~~~~~~~~~~~~~~~~~
      + provers reached time limit before completing the proof

 info: overflow check proved
--> mj-cholesky_band.ads:70:32

 info: overflow check proved
--> mj-cholesky_band.ads:70:36

 info: index check proved
--> mj-cholesky_band.ads:70:36

 info: precondition proved
--> mj-cholesky_band.ads:70:43

 info: range check proved
--> mj-cholesky_band.ads:70:71

 info: range check proved
--> mj-cholesky_band.ads:70:74

 info: range check proved
--> mj-cholesky_band.ads:73:49

 info: precondition proved
--> mj-cholesky_band.ads:75:24

 info: range check proved
--> mj-cholesky_band.ads:75:32

 medium: postcondition might fail, cannot prove A (K) = Matrix (Storage_Row (K, N, Band, Dense) * N + Storage_Column (K, N, Band, Dense))
--> mj-cholesky_band.ads:76:23
   76 |                          A (K) = Matrix (Storage_Row (K, N, Band, Dense) * N
      |                          ^~~~~~~~~~~~~~~~~~~~~~~~~~~~~~~~~~~~~~~~~~~~~~~~~~~
   77 |                                          + Storage_Column (K, N, Band, Dense))
      |                                          ~~~~~~~~~~~~~~~~~~~~~~~~~~~~~~~~~~~
      + provers reached time limit before completing the proof

 info: index check proved
--> mj-cholesky_band.ads:76:26

 info: precondition proved
--> mj-cholesky_band.ads:76:39

 info: range check proved
--> mj-cholesky_band.ads:76:52

 info: index check proved
--> mj-cholesky_band.ads:77:39

 info: precondition proved
--> mj-cholesky_band.ads:77:41

 info: range check proved
--> mj-cholesky_band.ads:77:57

 info: index check proved
--> mj-cholesky_band.ads:78:29

 info: index check proved
--> mj-cholesky_band.ads:78:41

 info: initialization of "R" proved
--> mj-cholesky_band.ads:81:24

 info: initialization of "Status" proved
--> mj-cholesky_band.ads:81:40

 info: range check proved
--> mj-cholesky_band.ads:83:39

 info: range check proved
--> mj-cholesky_band.ads:84:39
 info: initialization of "C" proved
--> mj-cholesky_sparse.adb:4:37

 info: initialization of "P" proved
--> mj-cholesky_sparse.adb:4:40

 info: range check proved
--> mj-cholesky_sparse.adb:6:48

 info: range check proved
--> mj-cholesky_sparse.adb:7:49

 info: range check proved
--> mj-cholesky_sparse.adb:8:45

 info: loop invariant initialization proved
--> mj-cholesky_sparse.adb:12:33

 info: loop invariant preservation proved
--> mj-cholesky_sparse.adb:12:33

 info: overflow check proved
--> mj-cholesky_sparse.adb:12:44

 info: overflow check proved
--> mj-cholesky_sparse.adb:12:69

 info: index check proved
--> mj-cholesky_sparse.adb:13:21

 info: index check proved
--> mj-cholesky_sparse.adb:13:44

 info: index check proved
--> mj-cholesky_sparse.adb:13:65

 info: range check proved
--> mj-cholesky_sparse.adb:13:74

 info: index check proved
--> mj-cholesky_sparse.adb:14:28

 info: range check proved
--> mj-cholesky_sparse.adb:14:37

 info: index check proved
--> mj-cholesky_sparse.adb:14:53

 info: overflow check proved
--> mj-cholesky_sparse.adb:15:48

 info: index check proved
--> mj-cholesky_sparse.adb:15:48

 info: index check proved
--> mj-cholesky_sparse.adb:15:61

 info: index check proved
--> mj-cholesky_sparse.adb:15:74

 info: index check proved
--> mj-cholesky_sparse.adb:16:26

 info: index check proved
--> mj-cholesky_sparse.adb:16:32

 info: overflow check proved
--> mj-cholesky_sparse.adb:18:25

 info: index check proved
--> mj-cholesky_sparse.adb:18:34

 info: overflow check proved
--> mj-cholesky_sparse.adb:18:55

 info: index check proved
--> mj-cholesky_sparse.adb:18:65

 info: index check proved
--> mj-cholesky_sparse.adb:19:41

 info: cannot unroll loop (too many loop iterations) [info-unrolling-inlining]
--> mj-cholesky_sparse.adb:19:49

 info: index check proved
--> mj-cholesky_sparse.adb:20:30

 info: overflow check proved
--> mj-cholesky_sparse.adb:20:33

 info: index check proved
--> mj-cholesky_sparse.adb:20:33

 info: index check proved
--> mj-cholesky_sparse.adb:20:55

 info: overflow check proved
--> mj-cholesky_sparse.adb:20:58

 info: index check proved
--> mj-cholesky_sparse.adb:20:58

 info: index check proved
--> mj-cholesky_sparse.adb:22:32

 info: index check proved
--> mj-cholesky_sparse.adb:22:53

 info: index check proved
--> mj-cholesky_sparse.adb:22:65

 info: index check proved
--> mj-cholesky_sparse.adb:22:81

 info: cannot unroll loop (too many loop iterations) [info-unrolling-inlining]
--> mj-cholesky_sparse.adb:24:33

 info: index check proved
--> mj-cholesky_sparse.adb:25:31

 info: overflow check proved
--> mj-cholesky_sparse.adb:25:34

 info: index check proved
--> mj-cholesky_sparse.adb:25:34

 info: range check proved
--> mj-cholesky_sparse.adb:36:07

 info: length check proved
--> mj-cholesky_sparse.adb:36:57

 info: initialization of "I" proved
--> mj-cholesky_sparse.adb:37:07

 info: length check proved
--> mj-cholesky_sparse.adb:39:13

 info: length check proved
--> mj-cholesky_sparse.adb:39:38

 info: length check proved
--> mj-cholesky_sparse.adb:40:11

 info: length check proved
--> mj-cholesky_sparse.adb:40:34

 info: cannot unroll loop (too many loop iterations) [info-unrolling-inlining]
--> mj-cholesky_sparse.adb:41:45

 info: index check proved
--> mj-cholesky_sparse.adb:42:18

 info: index check proved
--> mj-cholesky_sparse.adb:42:34

 info: index check proved
--> mj-cholesky_sparse.adb:43:41

 info: cannot unroll loop (too many loop iterations) [info-unrolling-inlining]
--> mj-cholesky_sparse.adb:43:49

 info: index check proved
--> mj-cholesky_sparse.adb:44:30

 info: overflow check proved
--> mj-cholesky_sparse.adb:44:33

 info: index check proved
--> mj-cholesky_sparse.adb:44:33

 medium: array index check might fail
--> mj-cholesky_sparse.adb:46:28
   46 |                   while Flag (I) /= R loop
      |                               ^
      + reason for check: value must be a valid index into the array
      + possible fix: loop at line 43 should mention I in a loop invariant
   43 |             for K in 0 .. Integer (HCount (R)) - 1 loop
      |                                                    ^
      + provers reached time limit before completing the proof

 medium: array index check might fail
--> mj-cholesky_sparse.adb:47:30
   47 |                      if Parent (I) = -1 then Parent (I) := R; end if;
      |                                 ^
      + reason for check: value must be a valid index into the array
      + provers gave up before completing the proof

 info: index check proved
--> mj-cholesky_sparse.adb:47:51

 info: index check proved
--> mj-cholesky_sparse.adb:48:26

 info: index check proved
--> mj-cholesky_sparse.adb:48:39

 medium: range check might fail, cannot prove upper bound for Count (I) + 1
--> mj-cholesky_sparse.adb:48:42
   48 |                      Count (I) := Count (I) + 1; TCount (R) := TCount (R) + 1;
      |                                   ~~~~~~~~~~^~~
      + reason for check: result of addition must fit in the target type of the assignment
      + possible fix: loop at line 46 should mention Count in a loop invariant
   46 |                   while Flag (I) /= R loop
      |                                       ^
      + provers reached memory limit before completing the proof

 info: index check proved
--> mj-cholesky_sparse.adb:48:55

 info: index check proved
--> mj-cholesky_sparse.adb:48:69

 medium: range check might fail, cannot prove upper bound for TCount (R) + 1
--> mj-cholesky_sparse.adb:48:72
   48 |                      Count (I) := Count (I) + 1; TCount (R) := TCount (R) + 1;
      |                                                                ~~~~~~~~~~~^~~
      + reason for check: result of addition must fit in the target type of the assignment
      + possible fix: loop at line 46 should mention TCount in a loop invariant
   46 |                   while Flag (I) /= R loop
      |                                       ^
      + provers reached memory limit before completing the proof

 info: index check proved
--> mj-cholesky_sparse.adb:49:25

 medium: range check might fail, cannot prove lower bound for Parent (I)
--> mj-cholesky_sparse.adb:49:39
   49 |                      Flag (I) := R; I := Parent (I);
      |                                          ^~~~~~~~~
      + reason for check: value must fit in the target type of the assignment
      + possible fix: loop at line 46 should mention Parent in a loop invariant
   46 |                   while Flag (I) /= R loop
      |                                       ^
      + provers gave up before completing the proof

 info: index check proved
--> mj-cholesky_sparse.adb:49:47

 info: cannot unroll loop (too many loop iterations) [info-unrolling-inlining]
--> mj-cholesky_sparse.adb:54:37

 info: index check proved
--> mj-cholesky_sparse.adb:55:15

 medium: range check might fail, cannot prove upper bound for NNZ + Count (R)
--> mj-cholesky_sparse.adb:55:37
   55 |             Adr (R) := NNZ; NNZ := NNZ + Count (R);
      |                                    ~~~~^~~~~~~~~~
      + reason for check: result of addition must fit in the target type of the assignment
      + possible fix: loop at line 54 should mention NNZ in a loop invariant
   54 |          for R in 0 .. Integer (N) - 1 loop
      |                                        ^
      + provers gave up before completing the proof

 info: index check proved
--> mj-cholesky_sparse.adb:55:46

 info: index check proved
--> mj-cholesky_sparse.adb:56:30

 info: index check proved
--> mj-cholesky_sparse.adb:56:44

 medium: range check might fail, cannot prove upper bound for TAdr (R - 1) + TCount (R - 1)
--> mj-cholesky_sparse.adb:56:49
   56 |             if R > 0 then TAdr (R) := TAdr (R - 1) + TCount (R - 1); end if;
      |                                       ~~~~~~~~~~~~~^~~~~~~~~~~~~~~
      + reason for check: result of addition must fit in the target type of the assignment
      + possible fix: loop at line 54 should mention TAdr in a loop invariant
   54 |          for R in 0 .. Integer (N) - 1 loop
      |                                        ^
      + provers gave up before completing the proof

 info: index check proved
--> mj-cholesky_sparse.adb:56:61

 info: range check proved
--> mj-cholesky_sparse.adb:64:07

 info: length check proved
--> mj-cholesky_sparse.adb:64:65

 info: range check proved
--> mj-cholesky_sparse.adb:65:07

 info: length check proved
--> mj-cholesky_sparse.adb:65:53

 info: initialization of "I" proved
--> mj-cholesky_sparse.adb:66:07

 info: initialization of "P" proved
--> mj-cholesky_sparse.adb:66:20

 info: initialization of "TP" proved
--> mj-cholesky_sparse.adb:66:23

 info: length check proved
--> mj-cholesky_sparse.adb:68:11

 info: length check proved
--> mj-cholesky_sparse.adb:68:34

 info: length check proved
--> mj-cholesky_sparse.adb:68:56

 info: cannot unroll loop (too many loop iterations) [info-unrolling-inlining]
--> mj-cholesky_sparse.adb:70:37

 info: index check proved
--> mj-cholesky_sparse.adb:71:20

 info: index check proved
--> mj-cholesky_sparse.adb:71:42

 info: index check proved
--> mj-cholesky_sparse.adb:71:62

 info: range check proved
--> mj-cholesky_sparse.adb:71:70

 info: index check proved
--> mj-cholesky_sparse.adb:72:27

 info: range check proved
--> mj-cholesky_sparse.adb:72:35

 info: index check proved
--> mj-cholesky_sparse.adb:72:50

 info: index check proved
--> mj-cholesky_sparse.adb:73:28

 info: index check proved
--> mj-cholesky_sparse.adb:73:51

 info: index check proved
--> mj-cholesky_sparse.adb:73:72

 info: range check proved
--> mj-cholesky_sparse.adb:73:81

 info: index check proved
--> mj-cholesky_sparse.adb:74:28

 info: range check proved
--> mj-cholesky_sparse.adb:74:37

 info: index check proved
--> mj-cholesky_sparse.adb:74:53

 info: index check proved
--> mj-cholesky_sparse.adb:76:18

 info: index check proved
--> mj-cholesky_sparse.adb:76:29

 info: index check proved
--> mj-cholesky_sparse.adb:76:41

 info: cannot unroll loop (too many loop iterations) [info-unrolling-inlining]
--> mj-cholesky_sparse.adb:78:45

 info: index check proved
--> mj-cholesky_sparse.adb:79:18

 info: index check proved
--> mj-cholesky_sparse.adb:79:34

 info: index check proved
--> mj-cholesky_sparse.adb:80:20

 info: index check proved
--> mj-cholesky_sparse.adb:80:32

 medium: range check might fail, cannot prove lower bound for Adr (R) + Count (R) - 1
--> mj-cholesky_sparse.adb:80:35
   80 |             P := Adr (R) + Count (R) - 1; Col (P) := R;
      |                  ~~~~~~~~~~~~~~~~~~~~^~~
      + reason for check: result of subtraction must fit in the target type of the assignment
      + possible fix: precondition of subprogram at mj-cholesky_sparse.ads:46 should mention Adr and Count
      --> mj-cholesky_sparse.ads:46:04
   46 |       procedure Symbolic_Fill (N : Size; HCount, HAdr, HCol : Indices;
      |       ^
      + provers reached memory limit before completing the proof

 medium: array index check might fail
--> mj-cholesky_sparse.adb:80:45
   80 |             P := Adr (R) + Count (R) - 1; Col (P) := R;
      |                                                ^
      + reason for check: value must be a valid index into the array
      + possible fix: loop at line 78 should mention P in a loop invariant
   78 |          for R in reverse 0 .. Integer (N) - 1 loop
      |                                                ^
      + provers reached memory limit before completing the proof

 info: index check proved
--> mj-cholesky_sparse.adb:81:27

 medium: array index check might fail
--> mj-cholesky_sparse.adb:81:37
   81 |             TP := Write_Pos (R); TCol (TP) := R; Map (TP) := P; Write_Pos (R) := TP + 1;
      |                                        ^~
      + reason for check: value must be a valid index into the array
      + possible fix: loop at line 78 should mention TP in a loop invariant
   78 |          for R in reverse 0 .. Integer (N) - 1 loop
      |                                                ^
      + provers reached memory limit before completing the proof

 info: index check proved
--> mj-cholesky_sparse.adb:81:52

 info: index check proved
--> mj-cholesky_sparse.adb:81:73

 info: range check proved
--> mj-cholesky_sparse.adb:81:82

 info: index check proved
--> mj-cholesky_sparse.adb:82:41

 info: cannot unroll loop (too many loop iterations) [info-unrolling-inlining]
--> mj-cholesky_sparse.adb:82:49

 info: index check proved
--> mj-cholesky_sparse.adb:83:30

 info: overflow check proved
--> mj-cholesky_sparse.adb:83:33

 info: index check proved
--> mj-cholesky_sparse.adb:83:33

 medium: array index check might fail
--> mj-cholesky_sparse.adb:85:28
   85 |                   while Flag (I) /= R loop
      |                               ^
      + reason for check: value must be a valid index into the array
      + possible fix: loop at line 82 should mention I in a loop invariant
   82 |             for K in 0 .. Integer (HCount (R)) - 1 loop
      |                                                    ^
      + provers gave up before completing the proof

 medium: array index check might fail
--> mj-cholesky_sparse.adb:86:30
   86 |                      if Parent (I) = -1 then Parent (I) := R; end if;
      |                                 ^
      + reason for check: value must be a valid index into the array
      + provers gave up before completing the proof

 info: index check proved
--> mj-cholesky_sparse.adb:86:51

 info: index check proved
--> mj-cholesky_sparse.adb:87:30

 info: index check proved
--> mj-cholesky_sparse.adb:87:40

 info: index check proved
--> mj-cholesky_sparse.adb:87:62

 info: index check proved
--> mj-cholesky_sparse.adb:87:74

 info: index check proved
--> mj-cholesky_sparse.adb:87:87

 medium: range check might fail, cannot prove upper bound for Cursor (I)
--> mj-cholesky_sparse.adb:89:24
   89 |                      P := Cursor (I); Cursor (I) := Cursor (I) - 1; Col (P) := R;
      |                           ^~~~~~~~~
      + reason for check: value must fit in the target type of the assignment
      + possible fix: loop at line 85 should mention Cursor in a loop invariant
   85 |                   while Flag (I) /= R loop
      |                                       ^
      + provers gave up before completing the proof

 info: index check proved
--> mj-cholesky_sparse.adb:89:32

 info: index check proved
--> mj-cholesky_sparse.adb:89:44

 info: index check proved
--> mj-cholesky_sparse.adb:89:58

 info: overflow check proved
--> mj-cholesky_sparse.adb:89:61

 medium: array index check might fail
--> mj-cholesky_sparse.adb:89:71
   89 |                      P := Cursor (I); Cursor (I) := Cursor (I) - 1; Col (P) := R;
      |                                                                          ^
      + reason for check: value must be a valid index into the array
      + possible fix: loop at line 85 should mention P in a loop invariant
   85 |                   while Flag (I) /= R loop
      |                                       ^
      + provers reached memory limit before completing the proof

 info: index check proved
--> mj-cholesky_sparse.adb:90:36

 medium: array index check might fail
--> mj-cholesky_sparse.adb:90:46
   90 |                      TP := Write_Pos (R); TCol (TP) := I; Map (TP) := P;
      |                                                 ^~
      + reason for check: value must be a valid index into the array
      + possible fix: loop at line 85 should mention TP in a loop invariant
   85 |                   while Flag (I) /= R loop
      |                                       ^
      + provers gave up before completing the proof

 info: range check proved
--> mj-cholesky_sparse.adb:90:53

 info: index check proved
--> mj-cholesky_sparse.adb:90:61

 info: index check proved
--> mj-cholesky_sparse.adb:91:30

 info: range check proved
--> mj-cholesky_sparse.adb:91:39

 info: index check proved
--> mj-cholesky_sparse.adb:91:50

 medium: range check might fail, cannot prove lower bound for Parent (I)
--> mj-cholesky_sparse.adb:91:64
   91 |                      Write_Pos (R) := TP + 1; Flag (I) := R; I := Parent (I);
      |                                                                   ^~~~~~~~~
      + reason for check: value must fit in the target type of the assignment
      + possible fix: loop at line 85 should mention Parent in a loop invariant
   85 |                   while Flag (I) /= R loop
      |                                       ^
      + provers gave up before completing the proof

 info: index check proved
--> mj-cholesky_sparse.adb:91:72

 info: range check proved
--> mj-cholesky_sparse.adb:96:48

 info: range check proved
--> mj-cholesky_sparse.adb:104:07

 info: range check proved
--> mj-cholesky_sparse.adb:105:07

 info: initialization of "D" proved
--> mj-cholesky_sparse.adb:106:07

 info: initialization of "C" proved
--> mj-cholesky_sparse.adb:106:10

 info: initialization of "Limit" proved
--> mj-cholesky_sparse.adb:106:13

 info: initialization of "P" proved
--> mj-cholesky_sparse.adb:106:20

 info: initialization of "Q" proved
--> mj-cholesky_sparse.adb:106:23

 info: initialization of "Used" proved
--> mj-cholesky_sparse.adb:106:26

 info: initialization of "Pivot" proved
--> mj-cholesky_sparse.adb:107:07

 info: initialization of "Scale" proved
--> mj-cholesky_sparse.adb:107:14

 info: initialization of "Tmp" proved
--> mj-cholesky_sparse.adb:107:21

 info: initialization of "Mult" proved
--> mj-cholesky_sparse.adb:107:26

 info: initialization of "Clamped" proved
--> mj-cholesky_sparse.adb:108:07

 info: loop invariant preservation proved
--> mj-cholesky_sparse.adb:112:33

 info: loop invariant initialization proved
--> mj-cholesky_sparse.adb:112:33

 info: index check proved
--> mj-cholesky_sparse.adb:113:20

 info: index check proved
--> mj-cholesky_sparse.adb:113:32

 medium: range check might fail, cannot prove lower bound for Adr (R) + Count (R) - 1
--> mj-cholesky_sparse.adb:113:35
  113 |             D := Adr (R) + Count (R) - 1; Pivot := A (D);
      |                  ~~~~~~~~~~~~~~~~~~~~^~~
      + reason for check: result of subtraction must fit in the target type of the assignment
      + possible fix: loop invariant at line 112 should mention Count
  112 |             pragma Loop_Invariant (Rank <= N and then Rank > R);
      |             ^
      + provers reached memory limit before completing the proof

 medium: array index check might fail
--> mj-cholesky_sparse.adb:113:52
  113 |             D := Adr (R) + Count (R) - 1; Pivot := A (D);
      |                                                       ^
      + reason for check: value must be a valid index into the array
      + possible fix: loop invariant at line 112 should mention D
  112 |             pragma Loop_Invariant (Rank <= N and then Rank > R);
      |             ^
      + provers reached time limit before completing the proof

 info: precondition proved
--> mj-cholesky_sparse.adb:114:10

 info: range check proved
--> mj-cholesky_sparse.adb:115:39

 info: index check proved
--> mj-cholesky_sparse.adb:117:13

 info: precondition proved
--> mj-cholesky_sparse.adb:117:24

 info: index check proved
--> mj-cholesky_sparse.adb:119:40

 info: cannot unroll loop (too many loop iterations) [info-unrolling-inlining]
--> mj-cholesky_sparse.adb:119:48

 info: index check proved
--> mj-cholesky_sparse.adb:120:31

 info: overflow check proved
--> mj-cholesky_sparse.adb:120:34

 info: index check proved
--> mj-cholesky_sparse.adb:120:34

 info: index check proved
--> mj-cholesky_sparse.adb:122:21

 info: overflow check proved
--> mj-cholesky_sparse.adb:122:24

 info: index check proved
--> mj-cholesky_sparse.adb:122:24

 info: index check proved
--> mj-cholesky_sparse.adb:124:40

 info: cannot unroll loop (too many loop iterations) [info-unrolling-inlining]
--> mj-cholesky_sparse.adb:124:48

 info: index check proved
--> mj-cholesky_sparse.adb:125:28

 info: overflow check proved
--> mj-cholesky_sparse.adb:125:31

 info: index check proved
--> mj-cholesky_sparse.adb:125:31

 info: range check proved
--> mj-cholesky_sparse.adb:125:45

 info: index check proved
--> mj-cholesky_sparse.adb:125:54

 info: overflow check proved
--> mj-cholesky_sparse.adb:125:57

 info: index check proved
--> mj-cholesky_sparse.adb:125:57

 info: index check proved
--> mj-cholesky_sparse.adb:126:47

 info: range check proved
--> mj-cholesky_sparse.adb:126:68

 medium: array index check might fail
--> mj-cholesky_sparse.adb:128:30
  128 |                while P < Count (C) or else Q <= K loop
      |                                 ^
      + reason for check: value must be a valid index into the array
      + possible fix: loop at line 124 should mention C in a loop invariant
  124 |             for K in 0 .. Integer (Count (R)) - 2 loop
      |                                                   ^
      + provers reached time limit before completing the proof

 info: loop invariant preservation proved
--> mj-cholesky_sparse.adb:129:39

 info: loop invariant initialization proved
--> mj-cholesky_sparse.adb:129:39

 info: loop invariant preservation proved
--> mj-cholesky_sparse.adb:131:19

 info: loop invariant initialization proved
--> mj-cholesky_sparse.adb:131:19

 info: index check proved
--> mj-cholesky_sparse.adb:132:28

 info: index check proved
--> mj-cholesky_sparse.adb:132:63

 info: index check proved
--> mj-cholesky_sparse.adb:133:57

 info: index check proved
--> mj-cholesky_sparse.adb:136:30

 info: index check proved
--> mj-cholesky_sparse.adb:137:43

 medium: array index check might fail
--> mj-cholesky_sparse.adb:137:46
  137 |                     (Q > K or else Col (Adr (C) + P) < Col (Adr (R) + Q))
      |                                         ~~~~~~~~^~~
      + reason for check: result of addition must be a valid index into the array
      + provers reached time limit before completing the proof

 info: index check proved
--> mj-cholesky_sparse.adb:137:63

 info: index check proved
--> mj-cholesky_sparse.adb:137:66

 info: index check proved
--> mj-cholesky_sparse.adb:139:26

 info: index check proved
--> mj-cholesky_sparse.adb:139:43

 medium: array index check might fail
--> mj-cholesky_sparse.adb:139:46
  139 |                      Merge (Used) := A (Adr (C) + P);
      |                                         ~~~~~~~~^~~
      + reason for check: result of addition must be a valid index into the array
      + provers reached time limit before completing the proof

 info: index check proved
--> mj-cholesky_sparse.adb:140:30

 info: index check proved
--> mj-cholesky_sparse.adb:140:49

 info: index check proved
--> mj-cholesky_sparse.adb:140:52

 info: range check proved
--> mj-cholesky_sparse.adb:140:65

 info: index check proved
--> mj-cholesky_sparse.adb:141:33

 info: index check proved
--> mj-cholesky_sparse.adb:142:37

 info: index check proved
--> mj-cholesky_sparse.adb:142:40

 info: index check proved
--> mj-cholesky_sparse.adb:142:57

 info: index check proved
--> mj-cholesky_sparse.adb:142:60

 info: index check proved
--> mj-cholesky_sparse.adb:144:40

 medium: array index check might fail
--> mj-cholesky_sparse.adb:144:43
  144 |                      Add_Product (A (Adr (C) + P), Mult, A (Adr (R) + Q), Tmp, Status);
      |                                      ~~~~~~~~^~~
      + reason for check: result of addition must be a valid index into the array
      + provers reached time limit before completing the proof

 info: index check proved
--> mj-cholesky_sparse.adb:144:63

 info: index check proved
--> mj-cholesky_sparse.adb:144:66

 info: index check proved
--> mj-cholesky_sparse.adb:146:26

 info: index check proved
--> mj-cholesky_sparse.adb:146:51

 info: index check proved
--> mj-cholesky_sparse.adb:146:70

 info: index check proved
--> mj-cholesky_sparse.adb:146:73

 info: range check proved
--> mj-cholesky_sparse.adb:147:26

 info: range check proved
--> mj-cholesky_sparse.adb:147:38

 info: index check proved
--> mj-cholesky_sparse.adb:149:43

 info: index check proved
--> mj-cholesky_sparse.adb:149:46

 info: index check proved
--> mj-cholesky_sparse.adb:151:26

 info: index check proved
--> mj-cholesky_sparse.adb:151:51

 info: index check proved
--> mj-cholesky_sparse.adb:151:70

 info: index check proved
--> mj-cholesky_sparse.adb:151:73

 info: range check proved
--> mj-cholesky_sparse.adb:151:86

 info: range check proved
--> mj-cholesky_sparse.adb:153:29

 info: cannot unroll loop (too many loop iterations) [info-unrolling-inlining]
--> mj-cholesky_sparse.adb:155:46

 info: index check proved
--> mj-cholesky_sparse.adb:156:24

 info: overflow check proved
--> mj-cholesky_sparse.adb:156:27

 info: index check proved
--> mj-cholesky_sparse.adb:156:27

 info: initialization check proved
--> mj-cholesky_sparse.adb:156:35

 info: index check proved
--> mj-cholesky_sparse.adb:156:42

 info: index check proved
--> mj-cholesky_sparse.adb:156:56

 info: overflow check proved
--> mj-cholesky_sparse.adb:156:59

 info: index check proved
--> mj-cholesky_sparse.adb:156:59

 info: initialization check proved
--> mj-cholesky_sparse.adb:156:67

 info: index check proved
--> mj-cholesky_sparse.adb:156:78

 info: index check proved
--> mj-cholesky_sparse.adb:158:20

 info: length check proved
--> mj-cholesky_sparse.adb:168:60

 info: initialization of "D" proved
--> mj-cholesky_sparse.adb:169:07

 info: initialization of "C" proved
--> mj-cholesky_sparse.adb:169:10

 info: initialization of "P" proved
--> mj-cholesky_sparse.adb:169:13

 info: initialization of "J" proved
--> mj-cholesky_sparse.adb:169:16

 info: initialization of "Pivot" proved
--> mj-cholesky_sparse.adb:169:28

 info: initialization of "Root_Value" proved
--> mj-cholesky_sparse.adb:169:35

 info: initialization of "Inv" proved
--> mj-cholesky_sparse.adb:169:47

 info: initialization of "Tmp" proved
--> mj-cholesky_sparse.adb:169:52

 info: initialization of "Mult" proved
--> mj-cholesky_sparse.adb:169:57

 info: initialization of "Deficient" proved
--> mj-cholesky_sparse.adb:170:07

 info: length check proved
--> mj-cholesky_sparse.adb:172:17

 info: loop invariant initialization proved
--> mj-cholesky_sparse.adb:174:33

 info: loop invariant preservation proved
--> mj-cholesky_sparse.adb:174:33

 info: index check proved
--> mj-cholesky_sparse.adb:175:40

 info: cannot unroll loop (too many loop iterations) [info-unrolling-inlining]
--> mj-cholesky_sparse.adb:175:48

 info: index check proved
--> mj-cholesky_sparse.adb:175:62

 info: index check proved
--> mj-cholesky_sparse.adb:175:72

 info: overflow check proved
--> mj-cholesky_sparse.adb:175:75

 info: index check proved
--> mj-cholesky_sparse.adb:175:75

 info: index check proved
--> mj-cholesky_sparse.adb:176:41

 info: cannot unroll loop (too many loop iterations) [info-unrolling-inlining]
--> mj-cholesky_sparse.adb:176:49

 info: index check proved
--> mj-cholesky_sparse.adb:177:30

 info: overflow check proved
--> mj-cholesky_sparse.adb:177:33

 info: index check proved
--> mj-cholesky_sparse.adb:177:33

 medium: array index check might fail
--> mj-cholesky_sparse.adb:178:29
  178 |                if not Present (J) then Status := Missing_Fill; return; end if;
      |                                ^
      + reason for check: value must be a valid index into the array
      + possible fix: loop at line 176 should mention J in a loop invariant
  176 |             for K in 0 .. Integer (HCount (R)) - 1 loop
      |                                                    ^
      + provers reached time limit before completing the proof

 info: index check proved
--> mj-cholesky_sparse.adb:179:24

 info: index check proved
--> mj-cholesky_sparse.adb:179:39

 info: overflow check proved
--> mj-cholesky_sparse.adb:179:42

 info: index check proved
--> mj-cholesky_sparse.adb:179:42

 medium: array index check might fail
--> mj-cholesky_sparse.adb:181:41
  181 |             for K in 1 .. Integer (TCount (R)) - 1 loop
      |                                            ^
      + reason for check: value must be a valid index into the array
      + provers reached memory limit before completing the proof

 info: cannot unroll loop (too many loop iterations) [info-unrolling-inlining]
--> mj-cholesky_sparse.adb:181:49

 medium: array index check might fail
--> mj-cholesky_sparse.adb:182:29
  182 |                P := Map (TAdr (R) + K); C := TCol (TAdr (R) + K); Mult := A (P);
      |                                ^
      + reason for check: value must be a valid index into the array
      + provers reached memory limit before completing the proof

 info: overflow check proved
--> mj-cholesky_sparse.adb:182:32

 medium: array index check might fail
--> mj-cholesky_sparse.adb:182:32
  182 |                P := Map (TAdr (R) + K); C := TCol (TAdr (R) + K); Mult := A (P);
      |                          ~~~~~~~~~^~~
      + reason for check: result of addition must be a valid index into the array
      + provers reached memory limit before completing the proof

 info: index check proved
--> mj-cholesky_sparse.adb:182:55

 info: overflow check proved
--> mj-cholesky_sparse.adb:182:58

 medium: array index check might fail
--> mj-cholesky_sparse.adb:182:58
  182 |                P := Map (TAdr (R) + K); C := TCol (TAdr (R) + K); Mult := A (P);
      |                                                    ~~~~~~~~~^~~
      + reason for check: result of addition must be a valid index into the array
      + provers reached memory limit before completing the proof

 medium: array index check might fail
--> mj-cholesky_sparse.adb:182:75
  182 |                P := Map (TAdr (R) + K); C := TCol (TAdr (R) + K); Mult := A (P);
      |                                                                              ^
      + reason for check: value must be a valid index into the array
      + possible fix: loop at line 181 should mention P in a loop invariant
  181 |             for K in 1 .. Integer (TCount (R)) - 1 loop
      |                                                    ^
      + provers gave up before completing the proof

 medium: array index check might fail
--> mj-cholesky_sparse.adb:183:27
  183 |                for I in Adr (C) .. P loop
      |                              ^
      + reason for check: value must be a valid index into the array
      + possible fix: loop at line 181 should mention C in a loop invariant
  181 |             for K in 1 .. Integer (TCount (R)) - 1 loop
      |                                                    ^
      + provers reached memory limit before completing the proof

 info: cannot unroll loop (too many loop iterations) [info-unrolling-inlining]
--> mj-cholesky_sparse.adb:183:35

 info: index check proved
--> mj-cholesky_sparse.adb:184:26

 medium: array index check might fail
--> mj-cholesky_sparse.adb:185:32
  185 |                   if not Present (J) then Status := Missing_Fill; return; end if;
      |                                   ^
      + reason for check: value must be a valid index into the array
      + possible fix: loop at line 183 should mention J in a loop invariant
  183 |                for I in Adr (C) .. P loop
      |                                      ^
      + provers reached memory limit before completing the proof

 info: index check proved
--> mj-cholesky_sparse.adb:186:40

 info: range check proved
--> mj-cholesky_sparse.adb:186:44

 info: index check proved
--> mj-cholesky_sparse.adb:186:54

 info: index check proved
--> mj-cholesky_sparse.adb:188:27

 info: index check proved
--> mj-cholesky_sparse.adb:191:30

 info: precondition proved
--> mj-cholesky_sparse.adb:192:10

 info: range check proved
--> mj-cholesky_sparse.adb:193:41

 info: precondition proved
--> mj-cholesky_sparse.adb:195:10

 info: index check proved
--> mj-cholesky_sparse.adb:197:40

 info: cannot unroll loop (too many loop iterations) [info-unrolling-inlining]
--> mj-cholesky_sparse.adb:197:48

 info: index check proved
--> mj-cholesky_sparse.adb:199:37

 info: index check proved
--> mj-cholesky_sparse.adb:199:47

 info: overflow check proved
--> mj-cholesky_sparse.adb:199:50

 info: index check proved
--> mj-cholesky_sparse.adb:199:50

 info: index check proved
--> mj-cholesky_sparse.adb:201:24

 info: overflow check proved
--> mj-cholesky_sparse.adb:201:27

 info: index check proved
--> mj-cholesky_sparse.adb:201:27

 info: index check proved
--> mj-cholesky_sparse.adb:203:24

 info: overflow check proved
--> mj-cholesky_sparse.adb:203:27

 info: index check proved
--> mj-cholesky_sparse.adb:203:27

 info: index check proved
--> mj-cholesky_sparse.adb:206:20

 info: index check proved
--> mj-cholesky_sparse.adb:206:32

 info: range check proved
--> mj-cholesky_sparse.adb:206:35

 info: index check proved
--> mj-cholesky_sparse.adb:206:43

 info: index check proved
--> mj-cholesky_sparse.adb:207:40

 info: cannot unroll loop (too many loop iterations) [info-unrolling-inlining]
--> mj-cholesky_sparse.adb:207:48

 info: index check proved
--> mj-cholesky_sparse.adb:208:28

 info: overflow check proved
--> mj-cholesky_sparse.adb:208:31

 info: index check proved
--> mj-cholesky_sparse.adb:208:31

 info: index check proved
--> mj-cholesky_sparse.adb:208:48

 info: index check proved
--> mj-cholesky_sparse.adb:208:68

 info: initialization of "D" proved
--> mj-cholesky_sparse.adb:215:07

 info: initialization of "C" proved
--> mj-cholesky_sparse.adb:215:10

 info: initialization of "Tmp" proved
--> mj-cholesky_sparse.adb:215:22

 info: initialization of "Sum" proved
--> mj-cholesky_sparse.adb:215:27

 info: initialization of "XR" proved
--> mj-cholesky_sparse.adb:215:32

 info: length check proved
--> mj-cholesky_sparse.adb:217:09

 info: cannot unroll loop (too many loop iterations) [info-unrolling-inlining]
--> mj-cholesky_sparse.adb:218:45

 info: index check proved
--> mj-cholesky_sparse.adb:219:20

 info: index check proved
--> mj-cholesky_sparse.adb:219:32

 info: range check proved
--> mj-cholesky_sparse.adb:219:35

 info: index check proved
--> mj-cholesky_sparse.adb:220:16

 info: precondition proved
--> mj-cholesky_sparse.adb:221:13

 info: index check proved
--> mj-cholesky_sparse.adb:221:24

 info: index check proved
--> mj-cholesky_sparse.adb:221:31

 info: index check proved
--> mj-cholesky_sparse.adb:223:16

 info: index check proved
--> mj-cholesky_sparse.adb:224:43

 info: cannot unroll loop (too many loop iterations) [info-unrolling-inlining]
--> mj-cholesky_sparse.adb:224:51

 info: index check proved
--> mj-cholesky_sparse.adb:225:31

 info: overflow check proved
--> mj-cholesky_sparse.adb:225:34

 info: index check proved
--> mj-cholesky_sparse.adb:225:34

 medium: array index check might fail
--> mj-cholesky_sparse.adb:226:32
  226 |                   Add_Product (X (C), -A (Adr (R) + K), XR, Tmp, Status);
      |                                   ^
      + reason for check: value must be a valid index into the array
      + possible fix: loop at line 224 should mention C in a loop invariant
  224 |                for K in 0 .. Integer (Count (R)) - 2 loop
      |                                                      ^
      + provers reached time limit before completing the proof

 info: range check proved
--> mj-cholesky_sparse.adb:226:36

 info: index check proved
--> mj-cholesky_sparse.adb:226:45

 info: overflow check proved
--> mj-cholesky_sparse.adb:226:48

 info: index check proved
--> mj-cholesky_sparse.adb:226:48

 info: index check proved
--> mj-cholesky_sparse.adb:228:19

 info: cannot unroll loop (too many loop iterations) [info-unrolling-inlining]
--> mj-cholesky_sparse.adb:232:37

 info: index check proved
--> mj-cholesky_sparse.adb:233:20

 medium: precondition might fail, cannot prove Col (K) < B'Length
--> mj-cholesky_sparse.adb:234:13
  234 |                Dot_Sparse (A, X, Col, Adr (R), Count (R) - 1, Sum, Status);
      |                ^~~~~~~~~~~~~~~~~~~~~~~~~~~~~~~~~~~~~~~~~~~~~~~~~~~~~~~~~~
      + provers reached time limit before completing the proof

 info: index check proved
--> mj-cholesky_sparse.adb:234:41

 info: index check proved
--> mj-cholesky_sparse.adb:234:52

 info: range check proved
--> mj-cholesky_sparse.adb:234:55

 info: index check proved
--> mj-cholesky_sparse.adb:236:29

 info: index check proved
--> mj-cholesky_sparse.adb:238:16

 info: precondition proved
--> mj-cholesky_sparse.adb:240:10

 info: index check proved
--> mj-cholesky_sparse.adb:240:21

 info: index check proved
--> mj-cholesky_sparse.adb:240:33

 info: index check proved
--> mj-cholesky_sparse.adb:240:45

 info: index check proved
--> mj-cholesky_sparse.adb:240:48

 info: index check proved
--> mj-cholesky_sparse.adb:242:13

 info: length check proved
--> mj-cholesky_sparse.adb:248:59

 info: length check proved
--> mj-cholesky_sparse.adb:249:59

 info: range check proved
--> mj-cholesky_sparse.adb:251:48

 info: cannot unroll loop (too many loop iterations) [info-unrolling-inlining]
--> mj-cholesky_sparse.adb:253:27

 info: index check proved
--> mj-cholesky_sparse.adb:255:18

 info: cannot unroll loop (too many loop iterations) [info-unrolling-inlining]
--> mj-cholesky_sparse.adb:257:45

 info: index check proved
--> mj-cholesky_sparse.adb:258:21

 info: length check proved
--> mj-cholesky_sparse.adb:259:20

 info: length check proved
--> mj-cholesky_sparse.adb:259:23

 info: index check proved
--> mj-cholesky_sparse.adb:260:43

 info: cannot unroll loop (too many loop iterations) [info-unrolling-inlining]
--> mj-cholesky_sparse.adb:260:51

 info: index check proved
--> mj-cholesky_sparse.adb:260:64

 info: index check proved
--> mj-cholesky_sparse.adb:260:74

 info: overflow check proved
--> mj-cholesky_sparse.adb:260:77

 info: index check proved
--> mj-cholesky_sparse.adb:260:77

 info: cannot unroll loop (too many loop iterations) [info-unrolling-inlining]
--> mj-cholesky_sparse.adb:261:33

 info: index check proved
--> mj-cholesky_sparse.adb:262:27

 info: index check proved
--> mj-cholesky_sparse.adb:262:51

 info: index check proved
--> mj-cholesky_sparse.adb:264:43

 info: cannot unroll loop (too many loop iterations) [info-unrolling-inlining]
--> mj-cholesky_sparse.adb:264:51

 info: index check proved
--> mj-cholesky_sparse.adb:264:64

 info: index check proved
--> mj-cholesky_sparse.adb:264:74

 info: overflow check proved
--> mj-cholesky_sparse.adb:264:77

 info: index check proved
--> mj-cholesky_sparse.adb:264:77

 info: initialization of "D" proved
--> mj-cholesky_sparse.adb:274:07

 info: initialization of "J" proved
--> mj-cholesky_sparse.adb:274:10

 info: initialization of "Pivot" proved
--> mj-cholesky_sparse.adb:274:22

 info: initialization of "Sq" proved
--> mj-cholesky_sparse.adb:274:29

 info: initialization of "XR" proved
--> mj-cholesky_sparse.adb:274:33

 info: initialization of "Root_Value" proved
--> mj-cholesky_sparse.adb:274:37

 info: initialization of "C" proved
--> mj-cholesky_sparse.adb:274:49

 info: initialization of "S" proved
--> mj-cholesky_sparse.adb:274:52

 info: initialization of "SS" proved
--> mj-cholesky_sparse.adb:274:55

 info: initialization of "Old" proved
--> mj-cholesky_sparse.adb:274:59

 info: initialization of "New_A" proved
--> mj-cholesky_sparse.adb:274:64

 info: initialization of "New_X" proved
--> mj-cholesky_sparse.adb:274:71

 info: initialization of "Tmp" proved
--> mj-cholesky_sparse.adb:274:78

 info: initialization of "Clamped" proved
--> mj-cholesky_sparse.adb:275:07

 info: index check proved
--> mj-cholesky_sparse.adb:279:31

 info: cannot unroll loop (too many loop iterations) [info-unrolling-inlining]
--> mj-cholesky_sparse.adb:279:38

 info: index check proved
--> mj-cholesky_sparse.adb:279:54

 info: cannot unroll loop (too many loop iterations) [info-unrolling-inlining]
--> mj-cholesky_sparse.adb:280:24

 info: index check proved
--> mj-cholesky_sparse.adb:280:40

 info: index check proved
--> mj-cholesky_sparse.adb:280:46

 info: index check proved
--> mj-cholesky_sparse.adb:281:39

 info: loop invariant initialization proved
--> mj-cholesky_sparse.adb:282:33

 info: loop invariant preservation proved
--> mj-cholesky_sparse.adb:282:33

 info: index check proved
--> mj-cholesky_sparse.adb:283:24

 info: index check proved
--> mj-cholesky_sparse.adb:284:23

 info: index check proved
--> mj-cholesky_sparse.adb:284:35

 info: range check proved
--> mj-cholesky_sparse.adb:284:38

 info: index check proved
--> mj-cholesky_sparse.adb:284:60

 info: index check proved
--> mj-cholesky_sparse.adb:285:26

 info: index check proved
--> mj-cholesky_sparse.adb:285:33

 info: range check proved
--> mj-cholesky_sparse.adb:287:52

 info: precondition proved
--> mj-cholesky_sparse.adb:289:13

 info: range check proved
--> mj-cholesky_sparse.adb:290:42

 info: precondition proved
--> mj-cholesky_sparse.adb:292:13

 info: index check proved
--> mj-cholesky_sparse.adb:292:24

 info: precondition proved
--> mj-cholesky_sparse.adb:294:13

 info: range check proved
--> mj-cholesky_sparse.adb:294:21

 info: range check proved
--> mj-cholesky_sparse.adb:296:33

 info: index check proved
--> mj-cholesky_sparse.adb:296:48

 info: index check proved
--> mj-cholesky_sparse.adb:297:43

 info: cannot unroll loop (too many loop iterations) [info-unrolling-inlining]
--> mj-cholesky_sparse.adb:297:51

 info: index check proved
--> mj-cholesky_sparse.adb:298:31

 info: overflow check proved
--> mj-cholesky_sparse.adb:298:34

 info: index check proved
--> mj-cholesky_sparse.adb:298:34

 info: index check proved
--> mj-cholesky_sparse.adb:298:55

 info: overflow check proved
--> mj-cholesky_sparse.adb:298:58

 info: index check proved
--> mj-cholesky_sparse.adb:298:58

 medium: array index check might fail
--> mj-cholesky_sparse.adb:301:49
  301 |                   Add_Product (Tmp, SS, Workspace (J), New_A, Status);
      |                                                    ^
      + reason for check: value must be a valid index into the array
      + possible fix: loop at line 297 should mention J in a loop invariant
  297 |                for K in 0 .. Integer (Count (R)) - 2 loop
      |                                                      ^
      + provers reached time limit before completing the proof

 info: index check proved
--> mj-cholesky_sparse.adb:305:48

 info: index check proved
--> mj-cholesky_sparse.adb:307:24

 info: overflow check proved
--> mj-cholesky_sparse.adb:307:27

 info: index check proved
--> mj-cholesky_sparse.adb:307:27

 info: index check proved
--> mj-cholesky_sparse.adb:307:53

 info: implicit aspect Always_Terminates on "CSR_Valid" has been proved, subprogram will terminate
--> mj-cholesky_sparse.ads:6:13

 info: range check proved
--> mj-cholesky_sparse.ads:8:37

 info: range check proved
--> mj-cholesky_sparse.ads:9:42

 info: range check proved
--> mj-cholesky_sparse.ads:10:42

 info: index check proved
--> mj-cholesky_sparse.ads:12:16

 info: index check proved
--> mj-cholesky_sparse.ads:12:38

 info: index check proved
--> mj-cholesky_sparse.ads:13:25

 info: index check proved
--> mj-cholesky_sparse.ads:13:47

 info: overflow check proved
--> mj-cholesky_sparse.ads:14:44

 info: index check proved
--> mj-cholesky_sparse.ads:14:44

 info: index check proved
--> mj-cholesky_sparse.ads:14:57

 info: index check proved
--> mj-cholesky_sparse.ads:14:69

 info: index check proved
--> mj-cholesky_sparse.ads:15:40

 info: index check proved
--> mj-cholesky_sparse.ads:16:30

 info: index check proved
--> mj-cholesky_sparse.ads:16:42

 info: index check proved
--> mj-cholesky_sparse.ads:16:45

 info: index check proved
--> mj-cholesky_sparse.ads:17:53

 info: index check proved
--> mj-cholesky_sparse.ads:18:21

 info: overflow check proved
--> mj-cholesky_sparse.ads:18:24

 info: index check proved
--> mj-cholesky_sparse.ads:18:24

 info: index check proved
--> mj-cholesky_sparse.ads:19:45

 info: overflow check proved
--> mj-cholesky_sparse.ads:19:48

 info: index check proved
--> mj-cholesky_sparse.ads:19:48

 info: index check proved
--> mj-cholesky_sparse.ads:20:45

 info: overflow check proved
--> mj-cholesky_sparse.ads:20:48

 info: index check proved
--> mj-cholesky_sparse.ads:20:52

 info: index check proved
--> mj-cholesky_sparse.ads:20:69

 info: overflow check proved
--> mj-cholesky_sparse.ads:20:72

 info: index check proved
--> mj-cholesky_sparse.ads:20:72

 info: implicit aspect Always_Terminates on "Transpose_Valid" has been proved, subprogram will terminate
--> mj-cholesky_sparse.ads:21:13

 info: implicit aspect Always_Terminates on "Lower_Source_Valid" has been proved, subprogram will terminate
--> mj-cholesky_sparse.ads:23:13

 info: index check proved
--> mj-cholesky_sparse.ads:27:44

 info: index check proved
--> mj-cholesky_sparse.ads:27:65

 info: overflow check proved
--> mj-cholesky_sparse.ads:27:68

 info: index check proved
--> mj-cholesky_sparse.ads:27:68

 info: implicit aspect Always_Terminates on "Factor_Valid" has been proved, subprogram will terminate
--> mj-cholesky_sparse.ads:28:13

 info: range check proved
--> mj-cholesky_sparse.ads:30:29

 info: range check proved
--> mj-cholesky_sparse.ads:31:48

 info: index check proved
--> mj-cholesky_sparse.ads:33:27

 info: index check proved
--> mj-cholesky_sparse.ads:33:39

 info: index check proved
--> mj-cholesky_sparse.ads:33:42

 info: initialization of "Count" proved
--> mj-cholesky_sparse.ads:39:30

 info: initialization of "Adr" proved
--> mj-cholesky_sparse.ads:39:37

 info: initialization of "TCount" proved
--> mj-cholesky_sparse.ads:39:42

 info: initialization of "TAdr" proved
--> mj-cholesky_sparse.ads:39:50

 info: initialization of "NNZ" proved
--> mj-cholesky_sparse.ads:40:30

 info: range check proved
--> mj-cholesky_sparse.ads:41:56

 info: range check proved
--> mj-cholesky_sparse.ads:42:47

 info: range check proved
--> mj-cholesky_sparse.ads:43:43

 info: range check proved
--> mj-cholesky_sparse.ads:44:49

 info: range check proved
--> mj-cholesky_sparse.ads:45:45

 info: initialization of "Col" proved
--> mj-cholesky_sparse.ads:48:29

 info: initialization of "TCol" proved
--> mj-cholesky_sparse.ads:48:34

 info: initialization of "Map" proved
--> mj-cholesky_sparse.ads:48:40

 info: initialization of "Status" proved
--> mj-cholesky_sparse.ads:48:59

 info: range check proved
--> mj-cholesky_sparse.ads:49:56

 info: range check proved
--> mj-cholesky_sparse.ads:50:47

 info: range check proved
--> mj-cholesky_sparse.ads:51:43

 info: range check proved
--> mj-cholesky_sparse.ads:52:49

 info: range check proved
--> mj-cholesky_sparse.ads:53:45

 info: range check proved
--> mj-cholesky_sparse.ads:54:43

 info: range check proved
--> mj-cholesky_sparse.ads:55:45

 info: postcondition proved
--> mj-cholesky_sparse.ads:57:16

 info: range check proved
--> mj-cholesky_sparse.ads:58:53

 info: initialization of "Rank" proved
--> mj-cholesky_sparse.ads:66:22

 info: initialization of "Status" proved
--> mj-cholesky_sparse.ads:66:39

 info: range check proved
--> mj-cholesky_sparse.ads:67:40

 info: range check proved
--> mj-cholesky_sparse.ads:68:49

 medium: postcondition might fail, cannot prove CSR_Valid (N, Count, Adr, Col, A'Length, True)
--> mj-cholesky_sparse.ads:71:36
   71 |             (if Status = Success then Factor_Valid (A, N, Count, Adr, Col));
      |                                       ^~~~~~~~~~~~~~~~~~~~~~~~~~~~~~~~~~~
      + in inlined expression function body at mj-cholesky_sparse.ads:31
      + possible fix: loop invariant at mj-cholesky_sparse.adb:112 should mention A and Col and Count
      --> mj-cholesky_sparse.adb:112:10
  112 |             pragma Loop_Invariant (Rank <= N and then Rank > R);
      |             ^
      + provers reached time limit before completing the proof

 warning: unused initial value of "Workspace"
--> mj-cholesky_sparse.ads:80:23
   80 |                          Workspace : in out Values; Rank : out Size;
      |                          ^~~~~~~~~

 info: initialization of "Rank" proved
--> mj-cholesky_sparse.ads:80:50

 info: initialization of "Status" proved
--> mj-cholesky_sparse.ads:81:23

 info: range check proved
--> mj-cholesky_sparse.ads:82:40

 info: range check proved
--> mj-cholesky_sparse.ads:83:61

 info: range check proved
--> mj-cholesky_sparse.ads:84:39

 info: range check proved
--> mj-cholesky_sparse.ads:85:49

 info: range check proved
--> mj-cholesky_sparse.ads:87:55

 medium: postcondition might fail, cannot prove CSR_Valid (N, Count, Adr, Col, A'Length, True)
--> mj-cholesky_sparse.ads:90:36
   90 |             (if Status = Success then Factor_Valid (A, N, Count, Adr, Col)
      |                                       ^~~~~~~~~~~~~~~~~~~~~~~~~~~~~~~~~~~
      + in inlined expression function body at mj-cholesky_sparse.ads:31
      + possible fix: loop invariant at mj-cholesky_sparse.adb:174 should mention A
      --> mj-cholesky_sparse.adb:174:10
  174 |             pragma Loop_Invariant (Rank <= N and then Rank > R);
      |             ^
      + provers reached time limit before completing the proof

 info: index check proved
--> mj-cholesky_sparse.ads:91:65

 info: initialization of "X" proved
--> mj-cholesky_sparse.ads:93:21

 info: initialization of "Status" proved
--> mj-cholesky_sparse.ads:93:37

 info: range check proved
--> mj-cholesky_sparse.ads:95:43

 info: range check proved
--> mj-cholesky_sparse.ads:96:39

 info: implicit aspect Always_Terminates on "Update_Closed" has been proved, subprogram will terminate
--> mj-cholesky_sparse.ads:97:13

 info: initialization of "Rank" proved
--> mj-cholesky_sparse.ads:103:49

 info: initialization of "Status" proved
--> mj-cholesky_sparse.ads:104:22

 info: range check proved
--> mj-cholesky_sparse.ads:107:50

 info: index check proved
--> mj-cholesky_sparse.ads:108:51

 info: overflow check proved
--> mj-cholesky_sparse.ads:110:43

 info: index check proved
--> mj-cholesky_sparse.ads:110:43

 info: index check proved
--> mj-cholesky_sparse.ads:110:56

 info: range check proved
--> mj-cholesky_sparse.ads:112:55

 medium: postcondition might fail, cannot prove CSR_Valid (N, Count, Adr, Col, A'Length, True)
--> mj-cholesky_sparse.ads:114:36
  114 |             (if Status = Success then Factor_Valid (A, N, Count, Adr, Col))
      |                                       ^~~~~~~~~~~~~~~~~~~~~~~~~~~~~~~~~~~
      + in inlined expression function body at mj-cholesky_sparse.ads:31
      + possible fix: loop invariant at mj-cholesky_sparse.adb:282 should mention A
      --> mj-cholesky_sparse.adb:282:10
  282 |             pragma Loop_Invariant (Rank <= N and then Rank > R);
      |             ^
      + provers reached time limit before completing the proof
Summary logged in /var/tmp/sparkling-cholesky-sparse-band-20260930/obj/validation/gnatprove/gnatprove.out
