Phase 1 of 3: generation of data representation information ...
Phase 2 of 3: generation of Global contracts ...
Phase 3 of 3: flow analysis and proof ...
 info: range check proved, in call inlined at mj-cholesky_arithmetic.adb:10
--> mj-cholesky_arithmetic.adb:5:32

 info: analyzing call to "Store" in context
--> mj-cholesky_arithmetic.adb:10:10

 info: float overflow check proved
--> mj-cholesky_arithmetic.adb:10:10

 info: float overflow check proved
--> mj-cholesky_arithmetic.adb:10:23

 info: analyzing call to "Store" in context
--> mj-cholesky_arithmetic.adb:12:10

 info: analyzing call to "Store" in context
--> mj-cholesky_arithmetic.adb:14:10

 info: analyzing call to "Reduce" in context
--> mj-cholesky_arithmetic.adb:69:07

 info: analyzing call to "Reduce" in context
--> mj-cholesky_arithmetic.adb:101:07

 info: initialization of "R" proved
--> mj-cholesky_arithmetic.ads:19:45

 info: initialization of "Status" proved
--> mj-cholesky_arithmetic.ads:19:61

 info: postcondition proved
--> mj-cholesky_arithmetic.ads:20:19

 info: float overflow check proved
--> mj-cholesky_arithmetic.ads:20:51

 info: float overflow check proved
--> mj-cholesky_arithmetic.ads:20:55
Summary logged in /var/tmp/sparkling-cholesky-sparse-band-20260930/obj/validation/gnatprove/gnatprove.out
