Phase 1 of 3: generation of data representation information ...
Phase 2 of 3: generation of Global contracts ...
Phase 3 of 3: analysis of data and information flow ...
Success: all checks proved (79 checks).
Summary logged in /var/tmp/sparkling-services-advanced-flow-fixed-20261003/integration-flow/validation/obj/gnatprove/gnatprove.out
guarded: elapsed 23.8 s, peak group RSS 148 MB
 info: initialization of "Id" proved
--> mj-data-advanced.adb:76:07

 info: initialization of "Ref" proved
--> mj-data-advanced.adb:76:11

 info: initialization of "First" proved
--> mj-data-advanced.adb:78:07

 info: initialization of "Second" proved
--> mj-data-advanced.adb:78:14

 info: initialization of "C" proved
--> mj-data-advanced.adb:98:13

 info: initialization of "Expected" proved
--> mj-data-advanced.adb:99:13

 warning: this statement is never reached
--> mj-data-advanced.adb:193:32
  193 |          when Constraint_Error => Free (E); Result := Invalid_Model;
      |                                   ^~~~~~~

 warning: this statement is never reached
--> mj-data-advanced.adb:193:49
  193 |          when Constraint_Error => Free (E); Result := Invalid_Model;
      |                                             ~~~~~~~^~~~~~~~~~~~~~~~

 info: implicit aspect Always_Terminates on "Input" has been proved, subprogram will terminate
--> mj-data-advanced.adb:196:13

 info: implicit aspect Always_Terminates on "Servo" has been proved, subprogram will terminate
--> mj-data-advanced.adb:201:13

 info: initialization of "R" proved
--> mj-data-advanced.adb:202:07

 info: initialization of "Site_Q" proved
--> mj-data-advanced.adb:215:07

 info: initialization of "Ref_Q" proved
--> mj-data-advanced.adb:215:15

 info: initialization of "World_Q" proved
--> mj-data-advanced.adb:215:22

 info: initialization of "World_Ref" proved
--> mj-data-advanced.adb:215:31

 info: initialization of "R" proved
--> mj-data-advanced.adb:216:07

 info: initialization of "Ref_R" proved
--> mj-data-advanced.adb:216:10

 info: initialization of "RM" proved
--> mj-data-advanced.adb:234:13

 info: initialization of "RRM" proved
--> mj-data-advanced.adb:234:17

 info: initialization of "Result" proved
--> mj-data-advanced.adb:258:42

 info: initialization of "F" proved
--> mj-data-advanced.adb:259:07

 info: initialization of "Drive" proved
--> mj-data-advanced.adb:259:10

 info: initialization of "G" proved
--> mj-data-advanced.adb:259:17

 info: initialization of "B" proved
--> mj-data-advanced.adb:259:20

 info: initialization of "Raw" proved
--> mj-data-advanced.adb:259:23

 info: initialization of "X" proved
--> mj-data-advanced.adb:259:28

 info: initialization of "U" proved
--> mj-data-advanced.adb:260:07

 info: initialization of "V" proved
--> mj-data-advanced.adb:261:07

 info: initialization of "Q" proved
--> mj-data-advanced.adb:263:07

 info: initialization of "S" proved
--> mj-data-advanced.adb:264:07

 info: initialization of "Enabled" proved
--> mj-data-advanced.adb:265:07

 info: initialization of "Previous_Advance" proved
--> mj-data-advanced.adb:265:16

 info: non-aliasing of formal parameters "Col" and "Generalized" proved
--> mj-data-advanced.adb:388:33

 info: non-aliasing of formal parameters "Val" and "Generalized" proved
--> mj-data-advanced.adb:389:24

 warning: this statement is never reached
--> mj-data-advanced.adb:414:54
  414 |          when Constraint_Error => E.D.Cache.Force_Valid := False; E.D.Cache.Actuation_Valid := False; Result := Numeric_Limit;
      |                                   ~~~~~~~~~~~~~~~~~~~~~~^~~~~~~~

 warning: this statement is never reached
--> mj-data-advanced.adb:414:90
  414 |          when Constraint_Error => E.D.Cache.Force_Valid := False; E.D.Cache.Actuation_Valid := False; Result := Numeric_Limit;
      |                                                                   ~~~~~~~~~~~~~~~~~~~~~~~~~~^~~~~~~~

 warning: this statement is never reached
--> mj-data-advanced.adb:414:107
  414 |          when Constraint_Error => E.D.Cache.Force_Valid := False; E.D.Cache.Actuation_Valid := False; Result := Numeric_Limit;
      |                                                                                                       ~~~~~~~^~~~~~~~~~~~~~~~

 info: initialization of "N" proved
--> mj-data-advanced.adb:418:07

 info: initialization of "Scale" proved
--> mj-data-advanced.adb:418:10

 warning: this statement is never reached
--> mj-data-advanced.adb:446:39
  446 |          when Constraint_Error => Result := Numeric_Limit;
      |                                   ~~~~~~~^~~~~~~~~~~~~~~~

 info: implicit aspect Always_Terminates on "Ready" has been proved, subprogram will terminate
--> mj-data-advanced.ads:10:13

 info: data dependencies proved
--> mj-data-advanced.ads:10:52

 info: implicit aspect Always_Terminates on "State" has been proved, subprogram will terminate
--> mj-data-advanced.ads:11:13

 info: data dependencies proved
--> mj-data-advanced.ads:11:55

 info: implicit aspect Always_Terminates on "Inputs" has been proved, subprogram will terminate
--> mj-data-advanced.ads:12:13

 info: data dependencies proved
--> mj-data-advanced.ads:12:56

 info: implicit aspect Always_Terminates on "Activation" has been proved, subprogram will terminate
--> mj-data-advanced.ads:13:13

 info: data dependencies proved
--> mj-data-advanced.ads:13:60

 info: implicit aspect Always_Terminates on "Rates" has been proved, subprogram will terminate
--> mj-data-advanced.ads:14:13

 info: data dependencies proved
--> mj-data-advanced.ads:14:55

 info: implicit aspect Always_Terminates on "Control_Count" has been proved, subprogram will terminate
--> mj-data-advanced.ads:15:13

 info: data dependencies proved
--> mj-data-advanced.ads:15:60

 info: implicit aspect Always_Terminates on "Output_Count" has been proved, subprogram will terminate
--> mj-data-advanced.ads:16:13

 info: data dependencies proved
--> mj-data-advanced.ads:16:59

 info: implicit aspect Always_Terminates on "Position_Count" has been proved, subprogram will terminate
--> mj-data-advanced.ads:17:13

 info: data dependencies proved
--> mj-data-advanced.ads:17:61

 info: implicit aspect Always_Terminates on "Velocity_Count" has been proved, subprogram will terminate
--> mj-data-advanced.ads:18:13

 info: data dependencies proved
--> mj-data-advanced.ads:18:61

 info: implicit aspect Always_Terminates on "Lengths" has been proved, subprogram will terminate
--> mj-data-advanced.ads:19:13

 info: data dependencies proved
--> mj-data-advanced.ads:19:57

 info: implicit aspect Always_Terminates on "Velocities" has been proved, subprogram will terminate
--> mj-data-advanced.ads:20:13

 info: data dependencies proved
--> mj-data-advanced.ads:20:60

 info: implicit aspect Always_Terminates on "Forces" has been proved, subprogram will terminate
--> mj-data-advanced.ads:21:13

 info: data dependencies proved
--> mj-data-advanced.ads:21:56

 info: implicit aspect Always_Terminates on "Generalized" has been proved, subprogram will terminate
--> mj-data-advanced.ads:22:13

 info: data dependencies proved
--> mj-data-advanced.ads:22:61

 info: implicit aspect Always_Terminates on "Accelerations" has been proved, subprogram will terminate
--> mj-data-advanced.ads:23:13

 info: data dependencies proved
--> mj-data-advanced.ads:23:63

 info: initialization of "Result" proved
--> mj-data-advanced.ads:24:62

 info: data dependencies proved
--> mj-data-advanced.ads:25:11

 info: data dependencies proved
--> mj-data-advanced.ads:26:44

 info: initialization of "Result" proved
--> mj-data-advanced.ads:27:40

 info: data dependencies proved
--> mj-data-advanced.ads:27:66

 info: initialization of "Result" proved
--> mj-data-advanced.ads:29:47

 info: data dependencies proved
--> mj-data-advanced.ads:29:73

 info: initialization of "Result" proved
--> mj-data-advanced.ads:31:27

 info: data dependencies proved
--> mj-data-advanced.ads:31:53

 info: initialization of "Result" proved
--> mj-data-advanced.ads:33:29

 info: data dependencies proved
--> mj-data-advanced.ads:33:55

 info: initialization of "Result" proved
--> mj-data-advanced.ads:35:26

 info: data dependencies proved
--> mj-data-advanced.ads:35:52

 info: initialization of "Result" proved
--> mj-data-advanced.ads:36:43

 info: data dependencies proved
--> mj-data-advanced.ads:38:11

 info: initialization of "Result" proved
--> mj-data-advanced.ads:41:39

 info: data dependencies proved
--> mj-data-advanced.ads:43:11
