Phase 1 of 3: generation of data representation information ...
Phase 2 of 3: generation of Global contracts ...
Phase 3 of 3: flow analysis and proof ...
 info: precondition proved
--> mj-convex_assets.adb:61:37

 info: index check proved
--> mj-convex_assets.adb:61:45

 info: initialization of "Value" proved
--> mj-convex_assets.adb:63:07

 info: overflow check proved
--> mj-convex_assets.adb:65:30

 info: loop invariant initialization proved
--> mj-convex_assets.adb:66:33

 info: loop invariant preservation proved
--> mj-convex_assets.adb:66:33

 info: overflow check proved
--> mj-convex_assets.adb:66:55

 info: loop invariant initialization proved
--> mj-convex_assets.adb:67:33

 info: loop invariant preservation proved
--> mj-convex_assets.adb:67:33

 info: index check proved
--> mj-convex_assets.adb:67:45

 info: loop invariant initialization proved
--> mj-convex_assets.adb:68:33

 info: loop invariant preservation proved
--> mj-convex_assets.adb:68:33

 info: precondition proved
--> mj-convex_assets.adb:68:46

 info: index check proved
--> mj-convex_assets.adb:68:54

 info: loop invariant initialization proved
--> mj-convex_assets.adb:69:33

 info: loop invariant preservation proved
--> mj-convex_assets.adb:69:33

 info: overflow check proved
--> mj-convex_assets.adb:69:56

 info: precondition proved
--> mj-convex_assets.adb:69:62

 info: index check proved
--> mj-convex_assets.adb:69:70

 info: loop invariant initialization proved
--> mj-convex_assets.adb:70:33

 info: loop invariant preservation proved
--> mj-convex_assets.adb:70:33

 info: loop invariant initialization proved
--> mj-convex_assets.adb:71:33

 info: loop invariant preservation proved
--> mj-convex_assets.adb:71:33

 info: precondition proved
--> mj-convex_assets.adb:72:19

 info: index check proved
--> mj-convex_assets.adb:72:27

 info: range check proved
--> mj-convex_assets.adb:73:45

 info: implicit aspect Always_Terminates on "Best_Vertex" has been proved, subprogram will terminate
--> mj-convex_assets.ads:48:13

 info: data dependencies proved
--> mj-convex_assets.ads:49:11

 info: overflow check proved
--> mj-convex_assets.ads:50:79

 info: overflow check proved
--> mj-convex_assets.ads:51:41

 info: overflow check proved
--> mj-convex_assets.ads:52:47

 info: index check proved
--> mj-convex_assets.ads:52:88

 info: overflow check proved
--> mj-convex_assets.ads:53:52

 info: overflow check proved
--> mj-convex_assets.ads:54:47

 medium: postcondition might fail, cannot prove MJ.Rigid_Math.Dot (V (K), D) <= MJ.Rigid_Math.Dot (V (Best_Vertex'Result), D)
--> mj-convex_assets.ads:55:12
   55 |               MJ.Rigid_Math.Dot (V (K), D) <= MJ.Rigid_Math.Dot (V (Best_Vertex'Result), D))
      |               ^~~~~~~~~~~~~~~~~~~~~~~~~~~~~~~~~~~~~~~~~~~~~~~~~~~~~~~~~~~~~~~~~~~~~~~~~~~~
      + provers reached time limit before completing the proof

 info: precondition proved
--> mj-convex_assets.ads:55:25

 info: index check proved
--> mj-convex_assets.ads:55:34

 medium: precondition might fail, cannot prove X in -1.0e60 .. 1.0e60
--> mj-convex_assets.ads:55:57
   55 |               MJ.Rigid_Math.Dot (V (K), D) <= MJ.Rigid_Math.Dot (V (Best_Vertex'Result), D))
      |                                               ~~~~~~~~~~~~~^~~~~~~~~~~~~~~~~~~~~~~~~~~~~~~
      + in inlined expression function body at mj-rigid_math.ads:7
      + provers reached time limit before completing the proof

 info: index check proved
--> mj-convex_assets.ads:55:77

 info: overflow check proved
--> mj-convex_assets.ads:56:51

 info: precondition proved
--> mj-convex_assets.ads:57:25

 info: index check proved
--> mj-convex_assets.ads:57:34

 info: precondition proved
--> mj-convex_assets.ads:57:57

 info: index check proved
--> mj-convex_assets.ads:57:66
Summary logged in /var/tmp/sparkling-meshmesh-proof4-20261001/Best_Vertex/validation/obj/gnatprove/gnatprove.out
gnatprove: unproved check messages considered as errors
guarded: elapsed 68.0 s, peak group RSS 191 MB
