Setup
   [mkdir]        object directory for project Actuation
   [mkdir]        exec directory for project Actuation
Compile
   [Ada]          actuation_probe.adb
   [Ada]          mj.ads
   [Ada]          mj-actuator_curves.adb
   [Ada]          mj-actuator_geometry.adb
   [Ada]          mj-actuator_math.ads
   [Ada]          mj-actuator_transmissions.adb
   [Ada]          mj-advanced_actuators.adb
   [Ada]          mj-transmissions.adb
   [Ada]          mj-types.ads
   [Ada]          mj-trigonometry.adb
Bind
   [gprbind]      actuation_probe.bexch
   [Ada]          actuation_probe.ali
Link
   [link]         actuation_probe.adb
guarded: elapsed 1.5 s, peak group RSS 111 MB
