Phase 1 of 3: generation of data representation information ...
Phase 2 of 3: generation of Global contracts ...
Phase 3 of 3: flow analysis and proof ...
 info: precondition proved
--> mj-api-state.adb:70:13

 info: precondition proved
--> mj-api-state.adb:71:13

 info: precondition proved
--> mj-api-state.adb:72:13

 info: precondition proved
--> mj-api-state.adb:73:13

 info: precondition proved
--> mj-api-state.adb:74:13

 info: precondition proved
--> mj-api-state.adb:76:13

 info: range check proved
--> mj-api-state.adb:76:50

 info: range check proved
--> mj-api-state.adb:77:34

 info: precondition proved
--> mj-api-state.adb:78:13

 info: data dependencies proved
--> mj-api-state.ads:86:11

 info: range check proved
--> mj-api-state.ads:90:30

 info: range check proved
--> mj-api-state.ads:91:30

 info: precondition proved
--> mj-api-state.ads:92:35

 info: precondition proved
--> mj-api-state.ads:93:36

 info: postcondition proved
--> mj-api-state.ads:93:36
Success: all checks proved (15 checks).
Summary logged in /var/tmp/sparkling-services-api-proof-extract_block2/proof/obj/gnatprove/gnatprove.out
guarded: elapsed 10.8 s, peak group RSS 178 MB
