Phase 1 of 3: generation of data representation information ...
Phase 2 of 3: generation of Global contracts ...
Phase 3 of 3: flow analysis and proof ...
 info: data dependencies proved
--> mj-api-state.ads:74:28

 info: range check proved
--> mj-api-state.ads:77:30

 info: range check proved
--> mj-api-state.ads:78:30

 info: precondition proved
--> mj-api-state.ads:80:17

 info: index check proved
--> mj-api-state.ads:82:66

 info: index check proved
--> mj-api-state.ads:82:79

 info: precondition proved
--> mj-api-state.ads:83:14

 info: postcondition proved
--> mj-api-state.ads:83:14
Success: all checks proved (8 checks).
Summary logged in /var/tmp/sparkling-services-api-proof-preserve_matches/proof/obj/gnatprove/gnatprove.out
guarded: elapsed 13.3 s, peak group RSS 178 MB
