Phase 1 of 3: generation of data representation information ...
Phase 2 of 3: generation of Global contracts ...
Phase 3 of 3: flow analysis and proof ...
 info: range check proved
--> mj-api-state.adb:11:54

 info: subprogram variant proved
--> mj-api-state.adb:13:17

 info: range check proved
--> mj-api-state.adb:13:40

 info: overflow check proved
--> mj-api-state.adb:13:45

 info: loop invariant initialization proved
--> mj-api-state.adb:21:43

 info: loop invariant preservation proved
--> mj-api-state.adb:21:43

 info: overflow check proved
--> mj-api-state.adb:22:49

 info: precondition proved
--> mj-api-state.adb:29:10

 info: subprogram variant proved
--> mj-api-state.adb:29:10

 info: range check proved
--> mj-api-state.adb:29:38

 info: precondition proved
--> mj-api-state.adb:31:10

 info: subprogram variant proved
--> mj-api-state.adb:31:10

 info: range check proved
--> mj-api-state.adb:31:35

 info: range check proved
--> mj-api-state.adb:31:42

 info: range check proved
--> mj-api-state.adb:32:57

 info: assertion proved
--> mj-api-state.adb:34:38

 info: precondition proved
--> mj-api-state.adb:42:13

 info: loop invariant initialization proved
--> mj-api-state.adb:44:43

 info: loop invariant preservation proved
--> mj-api-state.adb:44:43

 info: overflow check proved
--> mj-api-state.adb:46:33

 info: overflow check proved
--> mj-api-state.adb:53:22

 info: index check proved
--> mj-api-state.adb:53:22

 info: overflow check proved
--> mj-api-state.adb:53:50

 info: index check proved
--> mj-api-state.adb:53:50

 info: loop invariant initialization proved
--> mj-api-state.adb:54:43

 info: loop invariant preservation proved
--> mj-api-state.adb:54:43

 info: index check proved
--> mj-api-state.adb:56:26

 info: overflow check proved
--> mj-api-state.adb:56:51

 info: index check proved
--> mj-api-state.adb:56:51

 info: overflow check proved
--> mj-api-state.adb:56:56

 info: index check proved
--> mj-api-state.adb:57:26

 info: index check proved
--> mj-api-state.adb:57:50

 info: precondition proved
--> mj-api-state.adb:70:13

 info: precondition proved
--> mj-api-state.adb:71:13

 info: precondition proved
--> mj-api-state.adb:72:13

 info: precondition proved
--> mj-api-state.adb:73:13

 info: precondition proved
--> mj-api-state.adb:74:13

 info: precondition proved
--> mj-api-state.adb:76:13

 info: range check proved
--> mj-api-state.adb:76:50

 info: range check proved
--> mj-api-state.adb:77:34

 info: precondition proved
--> mj-api-state.adb:78:13

 info: range check proved
--> mj-api-state.adb:89:23

 info: precondition proved
--> mj-api-state.adb:89:35

 info: range check proved
--> mj-api-state.adb:90:30

 info: precondition proved
--> mj-api-state.adb:90:42

 info: precondition proved
--> mj-api-state.adb:94:10

 info: precondition proved
--> mj-api-state.adb:95:43

 info: loop invariant initialization proved
--> mj-api-state.adb:95:43

 info: loop invariant preservation proved
--> mj-api-state.adb:95:43

 info: precondition proved
--> mj-api-state.adb:102:07

 info: range check proved
--> mj-api-state.adb:108:21

 info: precondition proved
--> mj-api-state.adb:108:33

 info: range check proved
--> mj-api-state.adb:109:30

 info: precondition proved
--> mj-api-state.adb:109:42

 info: unrolling loop [info-unrolling-inlining]
--> mj-api-state.adb:112:24

 info: precondition proved
--> mj-api-state.adb:114:13

 info: precondition proved
--> mj-api-state.adb:115:13

 info: precondition proved
--> mj-api-state.adb:116:13

 info: range check proved
--> mj-api-state.adb:116:48

 info: range check proved
--> mj-api-state.adb:117:34

 info: range check proved
--> mj-api-state.adb:126:23

 info: precondition proved
--> mj-api-state.adb:126:35

 info: range check proved
--> mj-api-state.adb:127:30

 info: precondition proved
--> mj-api-state.adb:127:42

 info: unrolling loop [info-unrolling-inlining]
--> mj-api-state.adb:130:24

 info: precondition proved
--> mj-api-state.adb:132:13

 info: precondition proved
--> mj-api-state.adb:133:13

 info: precondition proved
--> mj-api-state.adb:134:13

 info: range check proved
--> mj-api-state.adb:134:50

 info: range check proved
--> mj-api-state.adb:135:34

 info: implicit aspect Always_Terminates on "Valid" has been proved, subprogram will terminate
--> mj-api-state.ads:18:13

 info: data dependencies proved
--> mj-api-state.ads:19:11

 info: implicit aspect Always_Terminates on "Bit" has been proved, subprogram will terminate
--> mj-api-state.ads:20:13

 info: data dependencies proved
--> mj-api-state.ads:21:11

 info: implicit aspect Always_Terminates on "Includes" has been proved, subprogram will terminate
--> mj-api-state.ads:22:13

 info: data dependencies proved
--> mj-api-state.ads:23:36

 info: implicit aspect Always_Terminates on "Subset" has been proved, subprogram will terminate
--> mj-api-state.ads:24:13

 info: data dependencies proved
--> mj-api-state.ads:25:39

 info: implicit aspect Always_Terminates on "From_Model" has been proved, subprogram will terminate
--> mj-api-state.ads:26:13

 info: data dependencies proved
--> mj-api-state.ads:26:65

 info: postcondition proved
--> mj-api-state.ads:27:14

 info: implicit aspect Always_Terminates on "Prefix_Size" has been proved, subprogram will terminate
--> mj-api-state.ads:30:13

 info: data dependencies proved
--> mj-api-state.ads:31:11

 info: postcondition proved
--> mj-api-state.ads:32:16

 info: subprogram variant proved
--> mj-api-state.ads:34:06

 info: range check proved
--> mj-api-state.ads:34:29

 info: overflow check proved
--> mj-api-state.ads:35:08

 info: range check proved
--> mj-api-state.ads:35:44

 info: range check proved
--> mj-api-state.ads:35:80

 info: implicit aspect Always_Terminates on "State_Size" has been proved, subprogram will terminate
--> mj-api-state.ads:36:13

 info: data dependencies proved
--> mj-api-state.ads:37:06

 info: postcondition proved
--> mj-api-state.ads:38:14

 info: implicit aspect Always_Terminates on "Offset" has been proved, subprogram will terminate
--> mj-api-state.ads:39:13

 info: data dependencies proved
--> mj-api-state.ads:40:51

 info: implicit aspect Always_Terminates on "Fits" has been proved, subprogram will terminate
--> mj-api-state.ads:41:13

 info: data dependencies proved
--> mj-api-state.ads:42:68

 info: data dependencies proved
--> mj-api-state.ads:45:28

 info: postcondition proved
--> mj-api-state.ads:47:14

 info: data dependencies proved
--> mj-api-state.ads:50:28

 info: postcondition proved
--> mj-api-state.ads:51:14

 info: overflow check proved
--> mj-api-state.ads:53:29

 info: implicit aspect Always_Terminates on "Stored" has been proved, subprogram will terminate
--> mj-api-state.ads:54:13

 info: data dependencies proved
--> mj-api-state.ads:56:11

 info: implicit aspect Always_Terminates on "Matches" has been proved, subprogram will terminate
--> mj-api-state.ads:57:13

 info: overflow check proved
--> mj-api-state.ads:61:27

 info: range check proved
--> mj-api-state.ads:61:59

 info: overflow check proved
--> mj-api-state.ads:62:36

 info: range check proved
--> mj-api-state.ads:62:68

 info: index check proved
--> mj-api-state.ads:64:20

 info: overflow check proved
--> mj-api-state.ads:64:46

 info: range check proved
--> mj-api-state.ads:64:46

 info: index check proved
--> mj-api-state.ads:65:30

 info: overflow check proved
--> mj-api-state.ads:65:56

 info: range check proved
--> mj-api-state.ads:65:56

 info: data dependencies proved
--> mj-api-state.ads:67:28

 info: range check proved
--> mj-api-state.ads:70:30

 info: range check proved
--> mj-api-state.ads:71:30

 info: data dependencies proved
--> mj-api-state.ads:74:28

 info: range check proved
--> mj-api-state.ads:77:30

 info: range check proved
--> mj-api-state.ads:78:30

 info: precondition proved
--> mj-api-state.ads:80:17

 info: index check proved
--> mj-api-state.ads:82:66

 info: index check proved
--> mj-api-state.ads:82:79

 info: precondition proved
--> mj-api-state.ads:83:14

 info: postcondition proved
--> mj-api-state.ads:83:14

 info: data dependencies proved
--> mj-api-state.ads:86:11

 info: range check proved
--> mj-api-state.ads:90:30

 info: range check proved
--> mj-api-state.ads:91:30

 info: precondition proved
--> mj-api-state.ads:92:35

 info: precondition proved
--> mj-api-state.ads:93:36

 info: postcondition proved
--> mj-api-state.ads:93:36

 info: initialization of "Result" proved
--> mj-api-state.ads:97:53

 info: data dependencies proved
--> mj-api-state.ads:98:06

 info: postcondition proved
--> mj-api-state.ads:99:14

 info: range check proved
--> mj-api-state.ads:101:38

 info: range check proved
--> mj-api-state.ads:102:30

 info: precondition proved
--> mj-api-state.ads:103:17

 info: initialization of "Result" proved
--> mj-api-state.ads:106:29

 info: data dependencies proved
--> mj-api-state.ads:107:06

 info: postcondition proved
--> mj-api-state.ads:108:14

 info: range check proved
--> mj-api-state.ads:111:30

 info: range check proved
--> mj-api-state.ads:112:30

 info: precondition proved
--> mj-api-state.ads:113:17

 info: initialization of "Result" proved
--> mj-api-state.ads:115:46

 info: data dependencies proved
--> mj-api-state.ads:116:06

 info: postcondition proved
--> mj-api-state.ads:117:14

 info: initialization of "Result" proved
--> mj-api-state.ads:119:43

 info: data dependencies proved
--> mj-api-state.ads:120:06

 info: postcondition proved
--> mj-api-state.ads:121:14

 info: data dependencies proved
--> mj-api-state.ads:124:06

 info: range check proved
--> mj-api-state.ads:126:61

 info: range check proved
--> mj-api-state.ads:127:61

 info: postcondition proved
--> mj-api-state.ads:128:14

 info: index check proved
--> mj-api-state.ads:130:22

 info: overflow check proved
--> mj-api-state.ads:130:47

 info: index check proved
--> mj-api-state.ads:130:47

 info: overflow check proved
--> mj-api-state.ads:130:52

 info: index check proved
--> mj-api-state.ads:131:22

 info: index check proved
--> mj-api-state.ads:131:39
Success: all checks proved (157 checks).
Summary logged in /var/tmp/sparkling-services-api-state-whole/proof/obj/gnatprove/gnatprove.out
guarded: elapsed 62.7 s, peak group RSS 218 MB
