Phase 1 of 3: generation of data representation information ...
Phase 2 of 3: generation of Global contracts ...
Phase 3 of 3: flow analysis and proof ...
mj-data-forces_phase.adb:830:53: info: initialization of "Used" proved
mj-data-forces_phase.adb:831:11: info: data dependencies proved
mj-data-forces_phase.adb:833:25: info: range check proved
mj-data-forces_phase.adb:834:36: medium: postcondition might fail [provers reached time limit before completing the proof]
mj-data-forces_phase.adb:847:100: info: pointer dereference check proved
mj-data-forces_phase.adb:847:161: info: pointer dereference check proved
mj-data-forces_phase.adb:884:07: info: initialization of "Prepared" proved
mj-data-forces_phase.adb:886:07: info: precondition proved
mj-data-forces_phase.adb:887:07: info: precondition proved
mj-data-forces_phase.adb:888:32: info: assertion proved
mj-data-forces_phase.adb:889:32: info: assertion proved
mj-data-forces_phase.adb:899:17: info: precondition proved
mj-data-forces_phase.adb:900:10: info: precondition proved
mj-data-forces_phase.adb:901:27: info: precondition proved
mj-data-forces_phase.adb:902:27: info: precondition proved
mj-data-forces_phase.adb:903:27: info: precondition proved
mj-data-forces_phase.adb:904:27: info: precondition proved
mj-data-forces_phase.adb:905:10: info: precondition proved
mj-data-forces_phase.adb:909:36: info: range check proved
mj-data-forces_phase.adb:910:10: info: initialization of "Gravity" proved
mj-data-forces_phase.adb:910:10: info: range check proved
mj-data-forces_phase.adb:910:19: info: initialization of "Bias" proved
mj-data-forces_phase.adb:912:10: info: precondition proved
mj-data-forces_phase.adb:912:49: info: range check proved
mj-data-forces_phase.adb:921:16: info: precondition proved
mj-data-forces_phase.adb:922:10: info: precondition proved
mj-data-forces_phase.adb:923:33: info: precondition proved
mj-data-forces_phase.adb:924:33: info: precondition proved
mj-data-forces_phase.adb:925:33: info: precondition proved
mj-data-forces_phase.adb:926:33: info: precondition proved
mj-data-forces_phase.adb:927:16: info: precondition proved
mj-data-forces_phase.adb:931:32: info: assertion proved
mj-data-forces_phase.adb:932:32: info: assertion proved
mj-data-forces_phase.adb:933:32: info: assertion proved
mj-data-forces_phase.adb:934:32: info: assertion proved
mj-data-forces_phase.adb:935:32: info: assertion proved
mj-data-forces_phase.adb:936:32: info: assertion proved
mj-data-forces_phase.adb:937:32: info: assertion proved
mj-data-forces_phase.adb:938:32: info: assertion proved
mj-data-forces_phase.adb:939:32: info: assertion proved
mj-data-forces_phase.adb:939:96: info: pointer dereference check proved
mj-data-forces_phase.adb:939:157: info: pointer dereference check proved
Summary logged in /tmp/sparkling-smooth-fragments-vx47jecj/mj-data-euler-obj/gnatprove/gnatprove.out
gnatprove: unproved check messages considered as errors
guarded: elapsed 21.3 s, peak group RSS 457 MB
