Phase 1 of 3: generation of data representation information ...
Phase 2 of 3: generation of Global contracts ...
Phase 3 of 3: flow analysis and proof ...
mj-data-forces_phase.adb:1040:52: info: initialization of "Result" proved
mj-data-forces_phase.adb:1041:11: info: data dependencies proved
mj-data-forces_phase.adb:1042:25: medium: postcondition might fail [provers reached time limit before completing the proof]
mj-data-forces_phase.adb:1074:59: info: precondition proved
mj-data-forces_phase.adb:1075:07: info: initialization of "Used" proved
mj-data-forces_phase.adb:1076:33: info: range check proved
mj-data-forces_phase.adb:1077:07: info: range check proved
mj-data-forces_phase.adb:1077:46: info: length check proved
mj-data-forces_phase.adb:1079:07: info: precondition proved
mj-data-forces_phase.adb:1087:10: info: precondition proved
mj-data-forces_phase.adb:1088:10: info: precondition proved
mj-data-forces_phase.adb:1089:27: info: precondition proved
mj-data-forces_phase.adb:1090:27: info: precondition proved
mj-data-forces_phase.adb:1091:27: info: precondition proved
mj-data-forces_phase.adb:1092:27: info: precondition proved
mj-data-forces_phase.adb:1093:10: medium: precondition might fail [provers reached time limit before completing the proof]
mj-data-forces_phase.adb:1102:10: info: precondition proved
mj-data-forces_phase.adb:1102:35: info: range check proved
mj-data-forces_phase.adb:1103:10: info: precondition proved
mj-data-forces_phase.adb:1104:27: info: precondition proved
mj-data-forces_phase.adb:1105:27: info: precondition proved
mj-data-forces_phase.adb:1106:27: info: precondition proved
mj-data-forces_phase.adb:1107:27: info: precondition proved
mj-data-forces_phase.adb:1108:10: info: precondition proved
mj-data-forces_phase.adb:1118:10: info: precondition proved
mj-data-forces_phase.adb:1119:10: info: precondition proved
mj-data-forces_phase.adb:1120:27: info: precondition proved
mj-data-forces_phase.adb:1121:27: info: precondition proved
mj-data-forces_phase.adb:1122:27: info: precondition proved
mj-data-forces_phase.adb:1123:27: info: precondition proved
mj-data-forces_phase.adb:1124:10: info: precondition proved
mj-data-forces_phase.adb:1135:10: info: precondition proved
mj-data-forces_phase.adb:1135:39: info: range check proved
mj-data-forces_phase.adb:1136:10: info: precondition proved
mj-data-forces_phase.adb:1137:27: info: precondition proved
mj-data-forces_phase.adb:1138:27: info: precondition proved
mj-data-forces_phase.adb:1139:27: info: precondition proved
mj-data-forces_phase.adb:1140:27: info: precondition proved
mj-data-forces_phase.adb:1141:10: info: precondition proved
Summary logged in /tmp/sparkling-smooth-fragments-vx47jecj/mj-data-euler-obj/gnatprove/gnatprove.out
gnatprove: unproved check messages considered as errors
guarded: elapsed 117.1 s, peak group RSS 708 MB
