Phase 1 of 3: generation of data representation information ...
Phase 2 of 3: generation of Global contracts ...
Phase 3 of 3: flow analysis and proof ...
mj-data-forces_phase.adb:199:68: info: initialization of "Ok" proved
mj-data-forces_phase.adb:200:11: info: data dependencies proved
mj-data-forces_phase.adb:207:38: info: index check proved
mj-data-forces_phase.adb:207:70: info: index check proved
mj-data-forces_phase.adb:208:32: info: index check proved
mj-data-forces_phase.adb:208:62: info: range check proved
mj-data-forces_phase.adb:209:36: info: index check proved
mj-data-forces_phase.adb:210:25: info: index check proved
mj-data-forces_phase.adb:211:34: info: index check proved
mj-data-forces_phase.adb:211:64: info: range check proved
mj-data-forces_phase.adb:211:72: info: overflow check proved
mj-data-forces_phase.adb:211:87: info: index check proved
mj-data-forces_phase.adb:212:67: info: index check proved
mj-data-forces_phase.adb:219:17: info: precondition proved
mj-data-forces_phase.adb:222:14: info: postcondition proved
mj-data-forces_phase.adb:223:41: info: precondition proved
mj-data-forces_phase.adb:223:51: info: initialization check proved
mj-data-forces_phase.adb:224:44: info: precondition proved
mj-data-forces_phase.adb:224:54: info: initialization check proved
mj-data-forces_phase.adb:227:07: info: range check proved
mj-data-forces_phase.adb:229:07: info: initialization of "Accepted" proved
mj-data-forces_phase.adb:232:17: info: index check proved
mj-data-forces_phase.adb:233:21: info: index check proved
mj-data-forces_phase.adb:234:13: info: index check proved
mj-data-forces_phase.adb:235:16: info: index check proved
mj-data-forces_phase.adb:237:10: info: precondition proved
mj-data-forces_phase.adb:237:33: info: range check proved
mj-data-forces_phase.adb:238:10: info: precondition proved
mj-data-forces_phase.adb:238:33: info: range check proved
mj-data-forces_phase.adb:242:32: info: range check proved
mj-data-forces_phase.adb:243:13: info: precondition proved
mj-data-forces_phase.adb:244:29: info: index check proved
mj-data-forces_phase.adb:245:34: info: precondition proved
mj-data-forces_phase.adb:245:70: info: overflow check proved
mj-data-forces_phase.adb:246:39: info: index check proved
mj-data-forces_phase.adb:246:41: info: index check proved
mj-data-forces_phase.adb:246:51: info: initialization check proved
mj-data-forces_phase.adb:246:78: info: index check proved
mj-data-forces_phase.adb:246:80: info: index check proved
mj-data-forces_phase.adb:249:23: info: index check proved
mj-data-forces_phase.adb:249:29: info: initialization check proved
mj-data-forces_phase.adb:250:13: info: precondition proved
mj-data-forces_phase.adb:250:34: info: range check proved
mj-data-forces_phase.adb:250:51: info: initialization check proved
mj-data-forces_phase.adb:251:13: info: precondition proved
mj-data-forces_phase.adb:251:34: info: range check proved
mj-data-forces_phase.adb:251:43: info: initialization check proved
mj-data-forces_phase.adb:252:13: info: precondition proved
mj-data-forces_phase.adb:252:34: info: range check proved
mj-data-forces_phase.adb:252:46: info: initialization check proved
mj-data-forces_phase.adb:253:33: info: loop invariant initialization proved
mj-data-forces_phase.adb:253:56: medium: loop invariant might not be preserved by an arbitrary iteration, cannot prove SK.Bounded (Velocity (K), 1.0e12) [provers reached time limit before completing the proof]
mj-data-forces_phase.adb:253:58: info: precondition proved
mj-data-forces_phase.adb:253:78: info: index check proved
mj-data-forces_phase.adb:254:33: info: loop invariant initialization proved
mj-data-forces_phase.adb:254:33: info: loop invariant preservation proved
mj-data-forces_phase.adb:254:70: info: index check proved
mj-data-forces_phase.adb:255:23: info: precondition proved
mj-data-forces_phase.adb:255:33: info: initialization check proved
mj-data-forces_phase.adb:255:47: info: index check proved
mj-data-forces_phase.adb:256:33: info: loop invariant initialization proved
mj-data-forces_phase.adb:256:33: info: loop invariant preservation proved
mj-data-forces_phase.adb:256:62: info: index check proved
mj-data-forces_phase.adb:257:23: info: precondition proved
mj-data-forces_phase.adb:257:33: info: initialization check proved
mj-data-forces_phase.adb:257:39: info: index check proved
mj-data-forces_phase.adb:258:33: info: loop invariant preservation proved
mj-data-forces_phase.adb:258:33: info: loop invariant initialization proved
mj-data-forces_phase.adb:258:65: info: index check proved
mj-data-forces_phase.adb:259:23: info: precondition proved
mj-data-forces_phase.adb:259:33: info: initialization check proved
mj-data-forces_phase.adb:259:42: info: index check proved
mj-data-forces_phase.adb:261:07: info: precondition proved
mj-data-forces_phase.adb:261:30: info: range check proved
mj-data-forces_phase.adb:262:07: info: precondition proved
mj-data-forces_phase.adb:262:30: info: range check proved
mj-data-forces_phase.adb:263:32: info: assertion proved
mj-data-forces_phase.adb:263:56: info: precondition proved
mj-data-forces_phase.adb:263:66: info: initialization check proved
mj-data-forces_phase.adb:264:32: info: assertion proved
mj-data-forces_phase.adb:264:59: info: precondition proved
mj-data-forces_phase.adb:264:69: info: initialization check proved
Summary logged in /tmp/sparkling-smooth-fragments-vx47jecj/mj-data-euler-obj/gnatprove/gnatprove.out
gnatprove: unproved check messages considered as errors
guarded: elapsed 57.0 s, peak group RSS 425 MB
