Phase 1 of 3: generation of data representation information ...
Phase 2 of 3: generation of Global contracts ...
Phase 3 of 3: flow analysis and proof ...
Success: all checks proved (9 checks).
Summary logged in /var/tmp/sparkling-services-sleep-cycles-minima-20261003/build/validation/obj/gnatprove/gnatprove.out
guarded: elapsed 3.0 s, peak group RSS 107 MB
 info: data dependencies proved
--> mj-sleep_cycles.ads:27:50

 info: precondition proved
--> mj-sleep_cycles.ads:31:14

 info: postcondition proved
--> mj-sleep_cycles.ads:31:14

 info: index check proved
--> mj-sleep_cycles.ads:32:37

 info: index check proved
--> mj-sleep_cycles.ads:33:18

 info: precondition proved
--> mj-sleep_cycles.ads:34:14

 info: index check proved
--> mj-sleep_cycles.ads:34:41

 info: index check proved
--> mj-sleep_cycles.ads:35:37

 info: range check proved
--> mj-sleep_cycles.ads:35:58
