Phase 1 of 3: generation of data representation information ...
Phase 2 of 3: generation of Global contracts ...
Phase 3 of 3: flow analysis and proof ...
Success: all checks proved (27 checks).
Summary logged in /var/tmp/sparkling-services-sleep-cycles-minima-20261003/build/validation/obj/gnatprove/gnatprove.out
guarded: elapsed 3.0 s, peak group RSS 150 MB
 info: initialization of "Next" proved
--> mj-sleep_cycles.adb:12:07

 info: range check proved
--> mj-sleep_cycles.adb:13:31

 info: overflow check proved
--> mj-sleep_cycles.adb:13:38

 info: range check proved
--> mj-sleep_cycles.adb:13:38

 info: loop variant proved
--> mj-sleep_cycles.adb:17:31

 info: loop invariant initialization proved
--> mj-sleep_cycles.adb:18:33

 info: loop invariant preservation proved
--> mj-sleep_cycles.adb:18:33

 info: range check proved
--> mj-sleep_cycles.adb:18:47

 info: overflow check proved
--> mj-sleep_cycles.adb:18:54

 info: loop invariant initialization proved
--> mj-sleep_cycles.adb:19:33

 info: loop invariant preservation proved
--> mj-sleep_cycles.adb:19:33

 info: precondition proved
--> mj-sleep_cycles.adb:21:12

 info: loop invariant initialization proved
--> mj-sleep_cycles.adb:21:12

 info: loop invariant preservation proved
--> mj-sleep_cycles.adb:21:12

 info: range check proved
--> mj-sleep_cycles.adb:21:51

 info: overflow check proved
--> mj-sleep_cycles.adb:21:58

 info: precondition proved
--> mj-sleep_cycles.adb:22:14

 info: precondition proved
--> mj-sleep_cycles.adb:23:10

 info: index check proved
--> mj-sleep_cycles.adb:24:21

 info: range check proved
--> mj-sleep_cycles.adb:29:33

 info: precondition proved
--> mj-sleep_cycles.adb:31:07

 info: implicit aspect Always_Terminates on "Sleep_Cycle" has been proved, subprogram will terminate
--> mj-sleep_cycles.ads:38:13

 info: data dependencies proved
--> mj-sleep_cycles.ads:39:06

 info: postcondition proved
--> mj-sleep_cycles.ads:40:25

 info: precondition proved
--> mj-sleep_cycles.ads:43:16

 info: range check proved
--> mj-sleep_cycles.ads:43:55

 info: overflow check proved
--> mj-sleep_cycles.ads:43:62
