Phase 1 of 3: generation of data representation information ...
Phase 2 of 3: generation of Global contracts ...
Phase 3 of 3: flow analysis and proof ...
Success: all checks proved (11 checks).
Summary logged in /var/tmp/sparkling-services-sleep-kernels-minima-20261003/build/validation/obj/gnatprove/gnatprove.out
guarded: elapsed 3.5 s, peak group RSS 144 MB
 info: loop invariant initialization proved
--> mj-sleep_kernels.adb:7:13

 info: loop invariant preservation proved
--> mj-sleep_kernels.adb:7:13

 info: overflow check proved
--> mj-sleep_kernels.adb:7:39

 info: index check proved
--> mj-sleep_kernels.adb:7:56

 info: index check proved
--> mj-sleep_kernels.adb:7:63

 info: index check proved
--> mj-sleep_kernels.adb:8:34

 info: implicit aspect Always_Terminates on "Under_Tolerance" has been proved, subprogram will terminate
--> mj-sleep_kernels.ads:13:13

 info: data dependencies proved
--> mj-sleep_kernels.ads:14:26

 info: postcondition proved
--> mj-sleep_kernels.ads:16:14

 info: index check proved
--> mj-sleep_kernels.ads:17:43

 info: index check proved
--> mj-sleep_kernels.ads:17:50
