Phase 1 of 3: generation of data representation information ...
Phase 2 of 3: generation of Global contracts ...
Phase 3 of 3: flow analysis and proof ...
Success: all checks proved (23 checks).
Summary logged in /var/tmp/sparkling-services-sleep-kernels-whole-20261003/build/validation/obj/gnatprove/gnatprove.out
guarded: elapsed 9.6 s, peak group RSS 149 MB
 info: loop invariant initialization proved
--> mj-sleep_kernels.adb:7:13

 info: loop invariant preservation proved
--> mj-sleep_kernels.adb:7:13

 info: overflow check proved
--> mj-sleep_kernels.adb:7:39

 info: index check proved
--> mj-sleep_kernels.adb:7:56

 info: index check proved
--> mj-sleep_kernels.adb:7:63

 info: index check proved
--> mj-sleep_kernels.adb:8:34

 info: implicit aspect Always_Terminates on "Small" has been proved, subprogram will terminate
--> mj-sleep_kernels.ads:11:13

 info: float overflow check proved
--> mj-sleep_kernels.ads:12:09

 info: implicit aspect Always_Terminates on "Under_Tolerance" has been proved, subprogram will terminate
--> mj-sleep_kernels.ads:13:13

 info: data dependencies proved
--> mj-sleep_kernels.ads:14:26

 info: postcondition proved
--> mj-sleep_kernels.ads:16:14

 info: index check proved
--> mj-sleep_kernels.ads:17:43

 info: index check proved
--> mj-sleep_kernels.ads:17:50

 info: implicit aspect Always_Terminates on "Advance" has been proved, subprogram will terminate
--> mj-sleep_kernels.ads:18:13

 info: range check proved
--> mj-sleep_kernels.ads:19:60

 info: postcondition proved
--> mj-sleep_kernels.ads:20:14

 info: implicit aspect Always_Terminates on "Wake_Value" has been proved, subprogram will terminate
--> mj-sleep_kernels.ads:22:13

 info: postcondition proved
--> mj-sleep_kernels.ads:24:14

 info: implicit aspect Always_Terminates on "Tree_State" has been proved, subprogram will terminate
--> mj-sleep_kernels.ads:26:13

 info: implicit aspect Always_Terminates on "Body_State" has been proved, subprogram will terminate
--> mj-sleep_kernels.ads:28:13

 info: implicit aspect Always_Terminates on "Neither_Awake" has been proved, subprogram will terminate
--> mj-sleep_kernels.ads:32:13

 info: implicit aspect Always_Terminates on "Tendon_State" has been proved, subprogram will terminate
--> mj-sleep_kernels.ads:34:13

 info: implicit aspect Always_Terminates on "Sensor_State" has been proved, subprogram will terminate
--> mj-sleep_kernels.ads:37:13
