Phase 1 of 3: generation of data representation information ...
Phase 2 of 3: generation of Global contracts ...
Phase 3 of 3: flow analysis and proof ...
Success: all checks proved (51 checks).
Summary logged in /var/tmp/sparkling-services-sleep-update-prefix-20261003/build/validation/obj/gnatprove/gnatprove.out
guarded: elapsed 8.2 s, peak group RSS 238 MB
 info: initialization of "B" proved
--> mj-sleep_manager.adb:33:07

 info: loop invariant preservation proved
--> mj-sleep_manager.adb:37:33

 info: loop invariant initialization proved
--> mj-sleep_manager.adb:37:33

 info: loop invariant initialization proved
--> mj-sleep_manager.adb:39:12

 info: loop invariant preservation proved
--> mj-sleep_manager.adb:39:12

 info: index check proved
--> mj-sleep_manager.adb:40:28

 info: index check proved
--> mj-sleep_manager.adb:40:49

 info: index check proved
--> mj-sleep_manager.adb:41:24

 info: index check proved
--> mj-sleep_manager.adb:41:45

 info: index check proved
--> mj-sleep_manager.adb:42:27

 info: range check proved
--> mj-sleep_manager.adb:42:66

 info: loop invariant initialization proved
--> mj-sleep_manager.adb:45:33

 info: loop invariant preservation proved
--> mj-sleep_manager.adb:45:33

 info: loop invariant initialization proved
--> mj-sleep_manager.adb:47:12

 info: loop invariant preservation proved
--> mj-sleep_manager.adb:47:12

 info: index check proved
--> mj-sleep_manager.adb:48:28

 info: index check proved
--> mj-sleep_manager.adb:48:57

 info: index check proved
--> mj-sleep_manager.adb:49:30

 info: index check proved
--> mj-sleep_manager.adb:49:72

 info: index check proved
--> mj-sleep_manager.adb:49:74

 info: index check proved
--> mj-sleep_manager.adb:50:26

 info: index check proved
--> mj-sleep_manager.adb:51:24

 info: index check proved
--> mj-sleep_manager.adb:51:54

 info: index check proved
--> mj-sleep_manager.adb:52:26

 info: index check proved
--> mj-sleep_manager.adb:52:68

 info: index check proved
--> mj-sleep_manager.adb:52:70

 info: index check proved
--> mj-sleep_manager.adb:53:22

 info: index check proved
--> mj-sleep_manager.adb:54:27

 info: index check proved
--> mj-sleep_manager.adb:55:28

 info: overflow check proved
--> mj-sleep_manager.adb:55:82

 info: index check proved
--> mj-sleep_manager.adb:57:52

 info: index check proved
--> mj-sleep_manager.adb:57:54

 info: index check proved
--> mj-sleep_manager.adb:58:30

 info: overflow check proved
--> mj-sleep_manager.adb:58:87

 info: loop invariant preservation proved
--> mj-sleep_manager.adb:62:33

 info: loop invariant initialization proved
--> mj-sleep_manager.adb:62:33

 info: index check proved
--> mj-sleep_manager.adb:63:27

 info: index check proved
--> mj-sleep_manager.adb:64:23

 info: index check proved
--> mj-sleep_manager.adb:64:59

 info: index check proved
--> mj-sleep_manager.adb:65:27

 info: range check proved
--> mj-sleep_manager.adb:65:75

 info: analyzing call to "Wake" in context
--> mj-sleep_manager.adb:138:19

 info: analyzing call to "Wake" in context
--> mj-sleep_manager.adb:139:19

 info: analyzing call to "Wake" in context
--> mj-sleep_manager.adb:142:16

 info: analyzing call to "Wake" in context
--> mj-sleep_manager.adb:147:66

 info: analyzing call to "Wake" in context
--> mj-sleep_manager.adb:155:13

 info: analyzing call to "Sleep_Trees" in context
--> mj-sleep_manager.adb:226:13

 info: analyzing call to "Sleep_Trees" in context
--> mj-sleep_manager.adb:233:44

 info: data dependencies proved
--> mj-sleep_manager.ads:110:06

 info: postcondition proved
--> mj-sleep_manager.ads:111:14

 info: index check proved
--> mj-sleep_manager.ads:112:67

 info: index check proved
--> mj-sleep_manager.ads:112:88

 info: index check proved
--> mj-sleep_manager.ads:114:24

 info: index check proved
--> mj-sleep_manager.ads:114:53

 info: index check proved
--> mj-sleep_manager.ads:115:26

 info: index check proved
--> mj-sleep_manager.ads:115:68

 info: index check proved
--> mj-sleep_manager.ads:115:70

 info: index check proved
--> mj-sleep_manager.ads:116:22
