cube-aligned Ada/C 1.116 current/baseline 0.802
cube-rotated Ada/C 1.071 current/baseline 0.79
cube-margin Ada/C 0.989 current/baseline 0.791
cube-separated Ada/C 1.122 current/baseline 0.72
polytope-aligned Ada/C 1.238 current/baseline 0.918
polytope-rotated Ada/C 1.2 current/baseline 0.94
polytope-margin Ada/C 1.121 current/baseline 0.975
polytope-separated Ada/C 1.214 current/baseline 0.944
wide-face-aligned Ada/C 1.276 current/baseline 1.016
wide-face-rotated Ada/C 1.133 current/baseline 0.903
wide-face-margin Ada/C 1.101 current/baseline 0.961
wide-face-separated Ada/C 1.308 current/baseline 0.972
round-128-aligned Ada/C 1.164 current/baseline 0.761
round-128-rotated Ada/C 1.173 current/baseline 0.8
round-128-margin Ada/C 1.126 current/baseline 0.979
round-128-separated Ada/C 1.219 current/baseline 0.95
round-512-aligned Ada/C 1.203 current/baseline 0.597
round-512-rotated Ada/C 1.195 current/baseline 0.65
round-512-margin Ada/C 1.106 current/baseline 0.932
round-512-separated Ada/C 1.181 current/baseline 0.939
