Phase 1 of 3: generation of data representation information ...
Phase 2 of 3: generation of Global contracts ...
Phase 3 of 3: flow analysis and proof ...
Summary logged in /var/tmp/sparkling-services-prepare-whole-r16-20261003/whole/validation/obj/gnatprove/gnatprove.out
guarded: elapsed 184.2 s, peak group RSS 532 MB
 info: postcondition proved
--> mj-data-controller_dynamics.adb:7:36

 info: initialization of "Result" proved
--> mj-data-controller_dynamics.adb:11:72

 info: postcondition proved
--> mj-data-controller_dynamics.adb:13:36

 info: initialization of "Result" proved
--> mj-data-controller_dynamics.adb:17:53

 info: postcondition proved
--> mj-data-controller_dynamics.adb:19:36

 info: pointer dereference check proved
--> mj-data-controller_dynamics.adb:34:58

 info: pointer dereference check proved
--> mj-data-controller_dynamics.adb:35:58

 info: pointer dereference check proved
--> mj-data-controller_dynamics.adb:36:61

 info: pointer dereference check proved
--> mj-data-controller_dynamics.adb:37:64

 info: assertion proved
--> mj-data-controller_dynamics.adb:44:32

 info: precondition proved
--> mj-data-controller_dynamics.adb:45:07

 info: pointer dereference check proved
--> mj-data-controller_dynamics.adb:45:40

 info: pointer dereference check proved
--> mj-data-controller_dynamics.adb:45:72

 info: precondition proved
--> mj-data-controller_dynamics.adb:47:07

 info: pointer dereference check proved
--> mj-data-controller_dynamics.adb:47:40

 info: pointer dereference check proved
--> mj-data-controller_dynamics.adb:48:43

 info: assertion proved
--> mj-data-controller_dynamics.adb:49:32

 info: assertion proved
--> mj-data-controller_dynamics.adb:50:32

 info: precondition proved
--> mj-data-controller_dynamics.adb:82:18

 info: precondition proved
--> mj-data-controller_dynamics.adb:90:21

 info: precondition proved
--> mj-data-controller_dynamics.adb:91:30

 info: precondition proved
--> mj-data-controller_dynamics.adb:92:30

 info: precondition proved
--> mj-data-controller_dynamics.adb:123:20

 info: precondition proved
--> mj-data-controller_dynamics.adb:128:22

 info: precondition proved
--> mj-data-controller_dynamics.adb:129:27

 info: precondition proved
--> mj-data-controller_dynamics.adb:146:07

 info: precondition proved
--> mj-data-controller_dynamics.adb:147:07

 info: precondition proved
--> mj-data-controller_dynamics.adb:149:07

 info: initialization of "Result" proved
--> mj-data-controller_dynamics.ads:4:67

 medium: postcondition might fail, cannot prove State_Values (D) = State_Values (D)'Old
--> mj-data-controller_dynamics.ads:8:36
    8 |       pragma Postcondition (Static => State_Values (D) = State_Values (D)'Old);
      |                                       ^~~~~~~~~~~~~~~~~~~~~~~~~~~~~~~~~~~~~~~
      + provers reached time limit before completing the proof
gnatprove: unproved check messages considered as errors
