=========================
Summary of SPARK analysis
=========================

---------------------------------------------------------------------------------
SPARK Analysis results        Total       Flow     Provers   Justified   Unproved
---------------------------------------------------------------------------------
Data Dependencies                 .          .           .           .          .
Flow Dependencies                 .          .           .           .          .
Initialization                    .          .           .           .          .
Non-Aliasing                      .          .           .           .          .
Run-time Checks                   4          .    4 (CVC5)           .          .
Assertions                        .          .           .           .          .
Functional Contracts              1          .      1 (Z3)           .          .
LSP Verification                  .          .           .           .          .
Termination                       1          1           .           .          .
Concurrency                       .          .           .           .          .
---------------------------------------------------------------------------------
Total                             6    1 (17%)     5 (83%)           .          .


max steps used for successful proof: 9137

============================
Most difficult proved checks
============================

mj-tendon_vectors.ads:27:14: postcondition proved in max 2 seconds

========================
Detailed analysis report
========================

Analyzed 1 unit
in unit mj-tendon_vectors, 1 subprograms and packages out of 1 analyzed
  MJ.Tendon_Vectors.Add at mj-tendon_vectors.ads:25 flow analyzed (0 errors, 0 checks, 0 warnings and 0 pragma Assume statements) and proved (5 checks)
