Phase 1 of 3: generation of data representation information ...
Phase 2 of 3: generation of Global contracts ...
Phase 3 of 3: flow analysis and proof ...
 info: float overflow check proved
--> mj-cholesky_steps.adb:2:65

 info: range check proved
--> mj-cholesky_steps.adb:2:65

 info: float overflow check proved
--> mj-cholesky_steps.adb:6:16

 info: float overflow check proved
--> mj-cholesky_steps.adb:6:27

 info: range check proved
--> mj-cholesky_steps.adb:6:27

 info: float overflow check proved
--> mj-cholesky_steps.adb:6:45

 info: float overflow check proved
--> mj-cholesky_steps.adb:6:59

 info: precondition proved
--> mj-cholesky_steps.adb:12:25

 info: float overflow check proved
--> mj-cholesky_steps.adb:15:32

 info: float overflow check proved
--> mj-cholesky_steps.adb:15:39

 info: float overflow check proved
--> mj-cholesky_steps.adb:19:30

 info: float overflow check proved
--> mj-cholesky_steps.adb:19:34

 info: float overflow check proved
--> mj-cholesky_steps.adb:19:39

 info: float overflow check proved
--> mj-cholesky_steps.adb:20:22

 info: float overflow check proved
--> mj-cholesky_steps.adb:20:26

 info: float overflow check proved
--> mj-cholesky_steps.adb:20:31

 info: float overflow check proved
--> mj-cholesky_steps.adb:23:09

 info: float overflow check proved
--> mj-cholesky_steps.adb:23:13

 info: float overflow check proved
--> mj-cholesky_steps.adb:23:17

 info: implicit aspect Always_Terminates on "Product" has been proved, subprogram will terminate
--> mj-cholesky_steps.ads:12:13

 info: data dependencies proved
--> mj-cholesky_steps.ads:13:11

 info: postcondition proved
--> mj-cholesky_steps.ads:14:14

 info: float overflow check proved
--> mj-cholesky_steps.ads:14:33

 info: implicit aspect Always_Terminates on "Update_Square" has been proved, subprogram will terminate
--> mj-cholesky_steps.ads:16:13

 info: data dependencies proved
--> mj-cholesky_steps.ads:17:26

 info: postcondition proved
--> mj-cholesky_steps.ads:18:14

 info: float overflow check proved
--> mj-cholesky_steps.ads:19:17

 info: float overflow check proved
--> mj-cholesky_steps.ads:19:28

 info: float overflow check proved
--> mj-cholesky_steps.ads:19:46

 info: float overflow check proved
--> mj-cholesky_steps.ads:19:60

 info: implicit aspect Always_Terminates on "Clamp" has been proved, subprogram will terminate
--> mj-cholesky_steps.ads:21:13

 info: data dependencies proved
--> mj-cholesky_steps.ads:22:11

 info: postcondition proved
--> mj-cholesky_steps.ads:23:14

 info: implicit aspect Always_Terminates on "Root" has been proved, subprogram will terminate
--> mj-cholesky_steps.ads:26:13

 info: data dependencies proved
--> mj-cholesky_steps.ads:27:11

 info: postcondition proved
--> mj-cholesky_steps.ads:28:14

 info: precondition proved
--> mj-cholesky_steps.ads:28:46

 info: implicit aspect Always_Terminates on "Factor_Entry" has been proved, subprogram will terminate
--> mj-cholesky_steps.ads:30:13

 info: data dependencies proved
--> mj-cholesky_steps.ads:31:23

 info: postcondition proved
--> mj-cholesky_steps.ads:32:14

 info: float overflow check proved
--> mj-cholesky_steps.ads:32:46

 info: float overflow check proved
--> mj-cholesky_steps.ads:32:53

 info: implicit aspect Always_Terminates on "Update_Entry" has been proved, subprogram will terminate
--> mj-cholesky_steps.ads:34:13

 info: data dependencies proved
--> mj-cholesky_steps.ads:36:11

 info: postcondition proved
--> mj-cholesky_steps.ads:37:14

 info: float overflow check proved
--> mj-cholesky_steps.ads:38:32

 info: float overflow check proved
--> mj-cholesky_steps.ads:38:36

 info: float overflow check proved
--> mj-cholesky_steps.ads:38:41

 info: float overflow check proved
--> mj-cholesky_steps.ads:39:24

 info: float overflow check proved
--> mj-cholesky_steps.ads:39:28

 info: float overflow check proved
--> mj-cholesky_steps.ads:39:33

 info: implicit aspect Always_Terminates on "Update_Vector" has been proved, subprogram will terminate
--> mj-cholesky_steps.ads:41:13

 info: data dependencies proved
--> mj-cholesky_steps.ads:42:11

 info: postcondition proved
--> mj-cholesky_steps.ads:43:14

 info: float overflow check proved
--> mj-cholesky_steps.ads:43:39

 info: float overflow check proved
--> mj-cholesky_steps.ads:43:43

 info: float overflow check proved
--> mj-cholesky_steps.ads:43:47
Success: all checks proved (57 checks).
Summary logged in /tmp/cholesky-proof-final-steps/obj/validation/gnatprove/gnatprove.out
