sphere_PGS_1_0 checked
sphere_PGS_1_0.2 checked
sphere_PGS_3_0 checked
sphere_PGS_3_0.2 checked
sphere_PGS_4_0 checked
sphere_PGS_4_0.2 checked
sphere_PGS_6_0 checked
sphere_PGS_6_0.2 checked
sphere_CG_1_0 checked
sphere_CG_1_0.2 checked
sphere_CG_3_0 checked
sphere_CG_3_0.2 checked
sphere_CG_4_0 checked
sphere_CG_4_0.2 checked
sphere_CG_6_0 checked
sphere_CG_6_0.2 checked
sphere_Newton_1_0 checked
sphere_Newton_1_0.2 checked
sphere_Newton_3_0 checked
sphere_Newton_3_0.2 checked
sphere_Newton_4_0 checked
sphere_Newton_4_0.2 checked
sphere_Newton_6_0 checked
sphere_Newton_6_0.2 checked
coupled_limits_friction checked
hinge_contact checked
ball_limit checked
box_multiple checked
shared_ancestors checked
capsule checked
ellipsoid checked
cylinder checked
motor_limit_contact checked
no_contacts checked
margin_gap checked
solimp_PGS_0.0 checked
solimp_PGS_1.25 checked
solimp_PGS_1.5 checked
solimp_PGS_2.5 checked
solimp_PGS_3.0 checked
solimp_PGS_8.0 checked
solimp_CG_0.0 checked
solimp_CG_1.25 checked
solimp_CG_1.5 checked
solimp_CG_2.5 checked
solimp_CG_3.0 checked
solimp_CG_8.0 checked
solimp_Newton_0.0 checked
solimp_Newton_1.25 checked
solimp_Newton_1.5 checked
solimp_Newton_2.5 checked
solimp_Newton_3.0 checked
solimp_Newton_8.0 checked
RESULT 106 106 failures 0
guarded: elapsed 0.5 s, peak group RSS 60 MB
