{
  "driver_sha256": "f02e7e34489552e406d29a33e504d09230043d35d08e74c42c4764d5858ae679",
  "current": "/var/tmp/sparkling-services-advanced-regression-r19-r2-release-20261003",
  "baseline": "/var/tmp/sparkling-services-advanced-regression-r19-release-20261003",
  "corpora": {
    "minimum": {
      "records_identical": true,
      "cases": 8,
      "passed": 8,
      "failures_identical": true,
      "inputs_identical": {
        "combo_dc_joint_tendon.input": true,
        "combo_so3_weld.input": true,
        "combo_so3_connect.input": true,
        "combo_pid_joint_tendon.input": true
      }
    },
    "smooth": {
      "records_identical": true,
      "cases": 808,
      "passed": 808,
      "failures_identical": true,
      "inputs_identical": {
        "so3_reanchor_vel.input": true,
        "dc_101100.input": true,
        "dc_000100.input": true,
        "dc_110101.input": true,
        "dc_111010.input": true,
        "dc_101011.input": true,
        "global_disabled.input": true,
        "dc_111111.input": true,
        "dc_100000.input": true,
        "dc_001011.input": true,
        "pid_hinge_10_1.input": true,
        "so3_sites_vel.input": true,
        "pid_ball_01_0.input": true,
        "dc_110110.input": true,
        "pid_ball_00_1.input": true,
        "dc_010001.input": true,
        "dc_101010.input": true,
        "pid_hinge_00_1.input": true,
        "dc_010111.input": true,
        "dc_010100.input": true,
        "dc_100101.input": true,
        "dc_110010.input": true,
        "dc_110100.input": true,
        "clamp_enabled.input": true,
        "so3_joint_expmap_1.input": true,
        "dc_011001.input": true,
        "dc_000110.input": true,
        "many_blocks.input": true,
        "dc_100111.input": true,
        "dc_001111.input": true,
        "pid_ball_10_1.input": true,
        "so3_joint_quat_1.input": true,
        "dc_011100.input": true,
        "dc_passive.input": true,
        "so3_joint_vel_1.input": true,
        "dc_011011.input": true,
        "dc_011000.input": true,
        "dc_110011.input": true,
        "dc_110111.input": true,
        "dc_111000.input": true,
        "dc_110001.input": true,
        "so3_reanchor_expmap.input": true,
        "so3_sites_expmap.input": true,
        "pid_slide_01_1.input": true,
        "dc_111100.input": true,
        "pid_hinge_00_0.input": true,
        "dc_010000.input": true,
        "dc_100110.input": true,
        "dc_000001.input": true,
        "dc_101000.input": true,
        "dc_000011.input": true,
        "dc_001001.input": true,
        "dc_000000.input": true,
        "dc_111011.input": true,
        "dc_111001.input": true,
        "pid_hinge_01_1.input": true,
        "pid_slide_01_0.input": true,
        "dc_101101.input": true,
        "dc_001101.input": true,
        "pid_ball_00_0.input": true,
        "dc_111110.input": true,
        "dc_001110.input": true,
        "so3_joint_expmap_0.input": true,
        "mixed_blocks.input": true,
        "dc_100010.input": true,
        "dc_101111.input": true,
        "pid_hinge_01_0.input": true,
        "dc_010011.input": true,
        "clamp_disabled.input": true,
        "dc_001010.input": true,
        "pid_slide_00_1.input": true,
        "dc_011101.input": true,
        "so3_joint_vel_0.input": true,
        "dc_011111.input": true,
        "dc_010101.input": true,
        "pid_ball_10_0.input": true,
        "dc_110000.input": true,
        "pid_ball_01_1.input": true,
        "muscle_mixed.input": true,
        "dc_101001.input": true,
        "dc_101110.input": true,
        "pid_slide_10_0.input": true,
        "pid_slide_10_1.input": true,
        "dc_000010.input": true,
        "pid_slide_00_0.input": true,
        "dc_011110.input": true,
        "dc_010110.input": true,
        "dc_100100.input": true,
        "dc_010010.input": true,
        "dc_100011.input": true,
        "so3_joint_quat_0.input": true,
        "dc_000101.input": true,
        "dc_000111.input": true,
        "so3_sites_quat.input": true,
        "dc_001100.input": true,
        "dc_011010.input": true,
        "dc_111101.input": true,
        "pid_hinge_10_0.input": true,
        "group_disabled.input": true,
        "dc_001000.input": true,
        "dc_100001.input": true
      }
    },
    "fixed": {
      "records_identical": true,
      "cases": 840,
      "passed": 803,
      "failures_identical": true,
      "inputs_identical": {
        "so3_reanchor_vel.input": true,
        "dc_101100.input": true,
        "dc_000100.input": true,
        "dc_110101.input": true,
        "dc_111010.input": true,
        "dc_101011.input": true,
        "global_disabled.input": true,
        "dc_111111.input": true,
        "dc_100000.input": true,
        "dc_001011.input": true,
        "pid_hinge_10_1.input": true,
        "so3_sites_vel.input": true,
        "pid_ball_01_0.input": true,
        "dc_110110.input": true,
        "pid_ball_00_1.input": true,
        "dc_010001.input": true,
        "dc_101010.input": true,
        "pid_hinge_00_1.input": true,
        "dc_010111.input": true,
        "dc_010100.input": true,
        "combo_dc_joint_tendon.input": true,
        "dc_100101.input": true,
        "dc_110010.input": true,
        "dc_110100.input": true,
        "clamp_enabled.input": true,
        "so3_joint_expmap_1.input": true,
        "dc_011001.input": true,
        "dc_000110.input": true,
        "many_blocks.input": true,
        "dc_100111.input": true,
        "dc_001111.input": true,
        "pid_ball_10_1.input": true,
        "so3_joint_quat_1.input": true,
        "dc_011100.input": true,
        "dc_passive.input": true,
        "so3_joint_vel_1.input": true,
        "dc_011011.input": true,
        "dc_011000.input": true,
        "combo_so3_weld.input": true,
        "dc_110011.input": true,
        "dc_110111.input": true,
        "dc_111000.input": true,
        "dc_110001.input": true,
        "so3_reanchor_expmap.input": true,
        "so3_sites_expmap.input": true,
        "pid_slide_01_1.input": true,
        "combo_so3_connect.input": true,
        "dc_111100.input": true,
        "pid_hinge_00_0.input": true,
        "dc_010000.input": true,
        "dc_100110.input": true,
        "dc_000001.input": true,
        "dc_101000.input": true,
        "dc_000011.input": true,
        "dc_001001.input": true,
        "dc_000000.input": true,
        "dc_111011.input": true,
        "dc_111001.input": true,
        "pid_hinge_01_1.input": true,
        "pid_slide_01_0.input": true,
        "dc_101101.input": true,
        "dc_001101.input": true,
        "pid_ball_00_0.input": true,
        "dc_111110.input": true,
        "dc_001110.input": true,
        "so3_joint_expmap_0.input": true,
        "mixed_blocks.input": true,
        "dc_100010.input": true,
        "dc_101111.input": true,
        "pid_hinge_01_0.input": true,
        "dc_010011.input": true,
        "clamp_disabled.input": true,
        "combo_pid_joint_tendon.input": true,
        "dc_001010.input": true,
        "pid_slide_00_1.input": true,
        "dc_011101.input": true,
        "so3_joint_vel_0.input": true,
        "dc_011111.input": true,
        "dc_010101.input": true,
        "pid_ball_10_0.input": true,
        "dc_110000.input": true,
        "pid_ball_01_1.input": true,
        "muscle_mixed.input": true,
        "dc_101001.input": true,
        "dc_101110.input": true,
        "pid_slide_10_0.input": true,
        "pid_slide_10_1.input": true,
        "dc_000010.input": true,
        "pid_slide_00_0.input": true,
        "dc_011110.input": true,
        "dc_010110.input": true,
        "dc_100100.input": true,
        "dc_010010.input": true,
        "dc_100011.input": true,
        "so3_joint_quat_0.input": true,
        "dc_000101.input": true,
        "dc_000111.input": true,
        "so3_sites_quat.input": true,
        "dc_001100.input": true,
        "dc_011010.input": true,
        "dc_111101.input": true,
        "pid_hinge_10_0.input": true,
        "group_disabled.input": true,
        "dc_001000.input": true,
        "dc_100001.input": true
      }
    },
    "mobile": {
      "records_identical": true,
      "cases": 840,
      "passed": 839,
      "failures_identical": true,
      "inputs_identical": {
        "so3_reanchor_vel.input": true,
        "dc_101100.input": true,
        "dc_000100.input": true,
        "dc_110101.input": true,
        "dc_111010.input": true,
        "dc_101011.input": true,
        "global_disabled.input": true,
        "dc_111111.input": true,
        "dc_100000.input": true,
        "dc_001011.input": true,
        "pid_hinge_10_1.input": true,
        "so3_sites_vel.input": true,
        "pid_ball_01_0.input": true,
        "dc_110110.input": true,
        "pid_ball_00_1.input": true,
        "dc_010001.input": true,
        "dc_101010.input": true,
        "pid_hinge_00_1.input": true,
        "dc_010111.input": true,
        "dc_010100.input": true,
        "combo_dc_joint_tendon.input": true,
        "dc_100101.input": true,
        "dc_110010.input": true,
        "dc_110100.input": true,
        "clamp_enabled.input": true,
        "so3_joint_expmap_1.input": true,
        "dc_011001.input": true,
        "dc_000110.input": true,
        "many_blocks.input": true,
        "dc_100111.input": true,
        "dc_001111.input": true,
        "pid_ball_10_1.input": true,
        "so3_joint_quat_1.input": true,
        "dc_011100.input": true,
        "dc_passive.input": true,
        "so3_joint_vel_1.input": true,
        "dc_011011.input": true,
        "dc_011000.input": true,
        "combo_so3_weld.input": true,
        "dc_110011.input": true,
        "dc_110111.input": true,
        "dc_111000.input": true,
        "dc_110001.input": true,
        "so3_reanchor_expmap.input": true,
        "so3_sites_expmap.input": true,
        "pid_slide_01_1.input": true,
        "combo_so3_connect.input": true,
        "dc_111100.input": true,
        "pid_hinge_00_0.input": true,
        "dc_010000.input": true,
        "dc_100110.input": true,
        "dc_000001.input": true,
        "dc_101000.input": true,
        "dc_000011.input": true,
        "dc_001001.input": true,
        "dc_000000.input": true,
        "dc_111011.input": true,
        "dc_111001.input": true,
        "pid_hinge_01_1.input": true,
        "pid_slide_01_0.input": true,
        "dc_101101.input": true,
        "dc_001101.input": true,
        "pid_ball_00_0.input": true,
        "dc_111110.input": true,
        "dc_001110.input": true,
        "so3_joint_expmap_0.input": true,
        "mixed_blocks.input": true,
        "dc_100010.input": true,
        "dc_101111.input": true,
        "pid_hinge_01_0.input": true,
        "dc_010011.input": true,
        "clamp_disabled.input": true,
        "combo_pid_joint_tendon.input": true,
        "dc_001010.input": true,
        "pid_slide_00_1.input": true,
        "dc_011101.input": true,
        "so3_joint_vel_0.input": true,
        "dc_011111.input": true,
        "dc_010101.input": true,
        "pid_ball_10_0.input": true,
        "dc_110000.input": true,
        "pid_ball_01_1.input": true,
        "muscle_mixed.input": true,
        "dc_101001.input": true,
        "dc_101110.input": true,
        "pid_slide_10_0.input": true,
        "pid_slide_10_1.input": true,
        "dc_000010.input": true,
        "pid_slide_00_0.input": true,
        "dc_011110.input": true,
        "dc_010110.input": true,
        "dc_100100.input": true,
        "dc_010010.input": true,
        "dc_100011.input": true,
        "so3_joint_quat_0.input": true,
        "dc_000101.input": true,
        "dc_000111.input": true,
        "so3_sites_quat.input": true,
        "dc_001100.input": true,
        "dc_011010.input": true,
        "dc_111101.input": true,
        "pid_hinge_10_0.input": true,
        "group_disabled.input": true,
        "dc_001000.input": true,
        "dc_100001.input": true
      }
    },
    "parent": {
      "records_identical": true,
      "cases": 106,
      "passed": 106,
      "failures_identical": true,
      "inputs_identical": {}
    }
  },
  "edges_identical": true,
  "same_numerical_records": true
}
