=========================
Summary of SPARK analysis
=========================

---------------------------------------------------------------------------------------------------------
SPARK Analysis results        Total      Flow                              Provers   Justified   Unproved
---------------------------------------------------------------------------------------------------------
Data Dependencies                 .         .                                    .           .          .
Flow Dependencies                 .         .                                    .           .          .
Initialization                    .         .                                    .           .          .
Non-Aliasing                      .         .                                    .           .          .
Run-time Checks                  39         .    37 (CVC5 65%, Z3 27%, altergo 8%)           .          2
Assertions                        .         .                                    .           .          .
Functional Contracts              1         .                             1 (CVC5)           .          .
LSP Verification                  .         .                                    .           .          .
Termination                       1         1                                    .           .          .
Concurrency                       .         .                                    .           .          .
---------------------------------------------------------------------------------------------------------
Total                            41    1 (2%)                             38 (93%)           .     2 (5%)


max steps used for successful proof: 43454

============================
Most difficult proved checks
============================

mj-spatial_tendons.adb:48:69: range check proved in max 3 seconds
mj-spatial_tendons.adb:47:69: range check proved in max 2 seconds
mj-spatial_tendons.adb:47:69: fp_overflow check proved in max 2 seconds
mj-spatial_tendons.ads:106:14: postcondition proved in max 2 seconds
mj-spatial_tendons.adb:51:42: fp_overflow check proved in max 2 seconds
mj-spatial_tendons.adb:51:58: fp_overflow check proved in max 1 seconds
mj-spatial_tendons.adb:49:64: fp_overflow check proved in max 1 seconds
mj-spatial_tendons.adb:49:83: fp_overflow check proved in max 1 seconds
mj-spatial_tendons.adb:48:69: fp_overflow check proved in max 1 seconds
mj-spatial_tendons.adb:48:64: fp_overflow check proved in max 1 seconds

========================
Detailed analysis report
========================

Analyzed 1 unit
in unit mj-spatial_tendons, 1 subprograms and packages out of 1 analyzed
  MJ.Spatial_Tendons.Point_Column at mj-spatial_tendons.ads:103 flow analyzed (0 errors, 0 checks, 0 warnings and 0 pragma Assume statements) and not proved, 38 checks out of 40 proved
