Phase 1 of 3: generation of data representation information ...
Phase 2 of 3: generation of Global contracts ...
Phase 3 of 3: flow analysis and proof ...
 info: data dependencies proved
--> mj-bvh.adb:479:19

 info: postcondition proved
--> mj-bvh.adb:484:27

 info: precondition proved
--> mj-bvh.adb:484:53

 info: precondition proved
--> mj-bvh.adb:488:42

 info: loop invariant initialization proved
--> mj-bvh.adb:491:33

 info: loop invariant preservation proved
--> mj-bvh.adb:491:33

 info: loop invariant initialization proved
--> mj-bvh.adb:493:12

 info: precondition proved
--> mj-bvh.adb:494:36

 medium: loop invariant might not be preserved by an arbitrary iteration, cannot prove Rows_Equal (Cache, Expected, X, Y, Z)
--> mj-bvh.adb:494:36
  494 |                 (for all Z in Axis => Rows_Equal (Cache, Expected, X, Y, Z)))));
      |                                       ^~~~~~~~~~~~~~~~~~~~~~~~~~~~~~~~~~~~
      + provers reached time and memory limit before completing the proof

 info: loop invariant initialization proved
--> mj-bvh.adb:496:36

 info: loop invariant preservation proved
--> mj-bvh.adb:496:36

 info: loop invariant initialization proved
--> mj-bvh.adb:498:15

 info: precondition proved
--> mj-bvh.adb:499:39

 medium: loop invariant might not be preserved by an arbitrary iteration, cannot prove Rows_Equal (Cache, Expected, X, Y, Z)
--> mj-bvh.adb:499:39
  499 |                    (for all Z in Axis => Rows_Equal (Cache, Expected, X, Y, Z)))));
      |                                          ^~~~~~~~~~~~~~~~~~~~~~~~~~~~~~~~~~~~
      + provers reached memory limit before completing the proof

 info: loop invariant initialization proved
--> mj-bvh.adb:501:15

 info: precondition proved
--> mj-bvh.adb:502:39

 medium: loop invariant might not be preserved by an arbitrary iteration, cannot prove Rows_Equal (Cache, Expected, I, Y, Z)
--> mj-bvh.adb:502:39
  502 |                    (for all Z in Axis => Rows_Equal (Cache, Expected, I, Y, Z))));
      |                                          ^~~~~~~~~~~~~~~~~~~~~~~~~~~~~~~~~~~~
      + provers reached memory limit before completing the proof

 info: loop invariant initialization proved
--> mj-bvh.adb:504:39

 info: loop invariant preservation proved
--> mj-bvh.adb:504:39

 info: loop invariant initialization proved
--> mj-bvh.adb:506:18

 info: precondition proved
--> mj-bvh.adb:507:42

 medium: loop invariant might not be preserved by an arbitrary iteration, cannot prove Rows_Equal (Cache, Expected, X, Y, Z)
--> mj-bvh.adb:507:42
  507 |                       (for all Z in Axis => Rows_Equal (Cache, Expected, X, Y, Z)))));
      |                                             ^~~~~~~~~~~~~~~~~~~~~~~~~~~~~~~~~~~~
      + provers reached time and memory limit before completing the proof

 info: loop invariant initialization proved
--> mj-bvh.adb:509:18

 info: precondition proved
--> mj-bvh.adb:510:42

 medium: loop invariant might not be preserved by an arbitrary iteration, cannot prove Rows_Equal (Cache, Expected, I, Y, Z)
--> mj-bvh.adb:510:42
  510 |                       (for all Z in Axis => Rows_Equal (Cache, Expected, I, Y, Z))));
      |                                             ^~~~~~~~~~~~~~~~~~~~~~~~~~~~~~~~~~~~
      + provers reached memory limit before completing the proof

 info: loop invariant initialization proved
--> mj-bvh.adb:512:18

 info: precondition proved
--> mj-bvh.adb:512:46

 medium: loop invariant might not be preserved by an arbitrary iteration, cannot prove Rows_Equal (Cache, Expected, I, J, Z)
--> mj-bvh.adb:512:46
  512 |                     (for all Z in 0 .. K - 1 => Rows_Equal (Cache, Expected, I, J, Z)));
      |                                                 ^~~~~~~~~~~~~~~~~~~~~~~~~~~~~~~~~~~~
      + provers reached time and memory limit before completing the proof

 info: range check proved
--> mj-bvh.adb:512:81

 info: loop invariant initialization proved
--> mj-bvh.adb:514:42

 info: loop invariant preservation proved
--> mj-bvh.adb:514:42

 info: loop invariant initialization proved
--> mj-bvh.adb:516:21

 info: precondition proved
--> mj-bvh.adb:517:45

 medium: loop invariant might not be preserved by an arbitrary iteration, cannot prove Rows_Equal (Cache, Expected, X, Y, Z)
--> mj-bvh.adb:517:45
  517 |                          (for all Z in Axis => Rows_Equal (Cache, Expected, X, Y, Z)))));
      |                                                ^~~~~~~~~~~~~~~~~~~~~~~~~~~~~~~~~~~~
      + provers reached memory limit before completing the proof

 info: loop invariant initialization proved
--> mj-bvh.adb:519:21

 info: precondition proved
--> mj-bvh.adb:520:45

 medium: loop invariant might not be preserved by an arbitrary iteration, cannot prove Rows_Equal (Cache, Expected, I, Y, Z)
--> mj-bvh.adb:520:45
  520 |                          (for all Z in Axis => Rows_Equal (Cache, Expected, I, Y, Z))));
      |                                                ^~~~~~~~~~~~~~~~~~~~~~~~~~~~~~~~~~~~
      + provers reached memory limit before completing the proof

 info: loop invariant initialization proved
--> mj-bvh.adb:522:21

 info: loop invariant preservation proved
--> mj-bvh.adb:522:21

 info: precondition proved
--> mj-bvh.adb:522:49

 info: range check proved
--> mj-bvh.adb:522:84

 info: loop invariant initialization proved
--> mj-bvh.adb:524:21

 info: loop invariant preservation proved
--> mj-bvh.adb:524:21

 info: index check proved
--> mj-bvh.adb:524:73

 info: index check proved
--> mj-bvh.adb:525:50

 info: precondition proved
--> mj-bvh.adb:526:49

 info: range check proved
--> mj-bvh.adb:526:49

 info: precondition proved
--> mj-bvh.adb:529:42

 info: range check proved
--> mj-bvh.adb:529:42

 medium: assertion might fail
--> mj-bvh.adb:534:32
  534 |          pragma Assert (Static => Cache.Product = Expected.Product);
      |                                   ^~~~~~~~~~~~~~~~~~~~~~~~~~~~~~~~
      + provers reached time limit before completing the proof

 medium: assertion might fail
--> mj-bvh.adb:535:32
  535 |          pragma Assert (Static => Cache.Offset = Expected.Offset);
      |                                   ^~~~~~~~~~~~~~~~~~~~~~~~~~~~~~
      + provers reached time and memory limit before completing the proof
Summary logged in /var/tmp/sparkling-recovery-bvh-cache4-20261003/Prepare_Bounded/validation/obj/gnatprove/gnatprove.out
gnatprove: unproved check messages considered as errors
guarded: elapsed 57.5 s, peak group RSS 299 MB
