Phase 1 of 3: generation of data representation information ...
Phase 2 of 3: generation of Global contracts ...
Phase 3 of 3: flow analysis and proof ...
 info: data dependencies proved
--> mj-bvh.adb:524:19

 info: postcondition proved
--> mj-bvh.adb:529:27

 info: precondition proved
--> mj-bvh.adb:529:53

 info: precondition proved
--> mj-bvh.adb:533:42

 info: loop invariant initialization proved
--> mj-bvh.adb:536:33

 info: loop invariant preservation proved
--> mj-bvh.adb:536:33

 info: loop invariant initialization proved
--> mj-bvh.adb:537:43

 info: loop invariant preservation proved
--> mj-bvh.adb:537:43

 info: precondition proved
--> mj-bvh.adb:537:58

 info: loop invariant initialization proved
--> mj-bvh.adb:539:36

 info: loop invariant preservation proved
--> mj-bvh.adb:539:36

 info: loop invariant initialization proved
--> mj-bvh.adb:540:46

 info: loop invariant preservation proved
--> mj-bvh.adb:540:46

 info: precondition proved
--> mj-bvh.adb:540:61

 info: loop invariant initialization proved
--> mj-bvh.adb:541:46

 info: loop invariant preservation proved
--> mj-bvh.adb:541:46

 info: precondition proved
--> mj-bvh.adb:541:61

 info: loop invariant initialization proved
--> mj-bvh.adb:543:39

 info: loop invariant preservation proved
--> mj-bvh.adb:543:39

 info: loop invariant initialization proved
--> mj-bvh.adb:544:49

 info: loop invariant preservation proved
--> mj-bvh.adb:544:49

 info: precondition proved
--> mj-bvh.adb:544:64

 info: loop invariant initialization proved
--> mj-bvh.adb:545:49

 info: loop invariant preservation proved
--> mj-bvh.adb:545:49

 info: precondition proved
--> mj-bvh.adb:545:64

 info: loop invariant initialization proved
--> mj-bvh.adb:546:49

 info: loop invariant preservation proved
--> mj-bvh.adb:546:49

 info: precondition proved
--> mj-bvh.adb:546:64

 info: loop invariant initialization proved
--> mj-bvh.adb:547:49

 info: loop invariant preservation proved
--> mj-bvh.adb:547:49

 info: precondition proved
--> mj-bvh.adb:547:64

 info: loop invariant initialization proved
--> mj-bvh.adb:549:42

 info: loop invariant preservation proved
--> mj-bvh.adb:549:42

 info: loop invariant initialization proved
--> mj-bvh.adb:550:52

 info: loop invariant preservation proved
--> mj-bvh.adb:550:52

 info: precondition proved
--> mj-bvh.adb:550:67

 info: loop invariant initialization proved
--> mj-bvh.adb:551:52

 info: loop invariant preservation proved
--> mj-bvh.adb:551:52

 info: precondition proved
--> mj-bvh.adb:551:67

 info: loop invariant initialization proved
--> mj-bvh.adb:552:52

 info: loop invariant preservation proved
--> mj-bvh.adb:552:52

 info: precondition proved
--> mj-bvh.adb:552:67

 info: loop invariant preservation proved
--> mj-bvh.adb:553:52

 info: loop invariant initialization proved
--> mj-bvh.adb:553:52

 info: precondition proved
--> mj-bvh.adb:553:67

 info: loop invariant initialization proved
--> mj-bvh.adb:555:21

 info: loop invariant preservation proved
--> mj-bvh.adb:555:21

 info: loop invariant initialization proved
--> mj-bvh.adb:557:21

 info: loop invariant preservation proved
--> mj-bvh.adb:557:21

 info: precondition proved
--> mj-bvh.adb:558:49

 info: range check proved
--> mj-bvh.adb:558:49

 info: assertion proved
--> mj-bvh.adb:560:44

 medium: precondition might fail, cannot prove Expected = Frame_Offset (P, B, K)
--> mj-bvh.adb:562:16
  562 |                   Same_Offset ((if I = 0 then PA.Position else PB.Position),
      |                   ^~~~~~~~~~~~~~~~~~~~~~~~~~~~~~~~~~~~~~~~~~~~~~~~~~~~~~~~~~
      :
  564 |                     Expected.Offset (I, J, K));
      |                     ~~~~~~~~~~~~~~~~~~~~~~~~
      + provers reached time and memory limit before completing the proof

 info: precondition proved
--> mj-bvh.adb:565:42

 info: range check proved
--> mj-bvh.adb:565:42

 info: assertion proved
--> mj-bvh.adb:567:41

 info: precondition proved
--> mj-bvh.adb:568:41

 info: assertion proved
--> mj-bvh.adb:568:41

 info: precondition proved
--> mj-bvh.adb:570:38

 info: assertion proved
--> mj-bvh.adb:570:38

 info: precondition proved
--> mj-bvh.adb:572:35

 info: assertion proved
--> mj-bvh.adb:572:35

 info: precondition proved
--> mj-bvh.adb:574:07

 info: assertion proved
--> mj-bvh.adb:575:32

 info: assertion proved
--> mj-bvh.adb:576:32
Summary logged in /var/tmp/sparkling-recovery-bvh-cache9-20261003/Prepare_Bounded/validation/obj/gnatprove/gnatprove.out
gnatprove: unproved check messages considered as errors
guarded: elapsed 128.0 s, peak group RSS 301 MB
