Phase 1 of 3: generation of data representation information ...
Phase 2 of 3: generation of Global contracts ...
Phase 3 of 3: flow analysis and proof ...
 info: data dependencies proved
--> mj-bvh.adb:477:19

 info: precondition proved
--> mj-bvh.adb:482:53

 medium: postcondition might fail, cannot prove Cache_Matches (PA, PB, Cache)
--> mj-bvh.adb:482:53
  482 |           Post => (Static => Prepared (Cache) and then Cache_Matches (PA, PB, Cache))
      |                                                        ^~~~~~~~~~~~~~~~~~~~~~~~~~~~
      + provers reached time limit before completing the proof

 info: precondition proved
--> mj-bvh.adb:486:42

 info: loop invariant initialization proved
--> mj-bvh.adb:489:33

 info: loop invariant preservation proved
--> mj-bvh.adb:489:33

 info: loop invariant initialization proved
--> mj-bvh.adb:491:12

 info: precondition proved
--> mj-bvh.adb:492:36

 medium: loop invariant might not be preserved by an arbitrary iteration, cannot prove Rows_Equal (Cache, Expected, X, Y, Z)
--> mj-bvh.adb:492:36
  492 |                 (for all Z in Axis => Rows_Equal (Cache, Expected, X, Y, Z)))));
      |                                       ^~~~~~~~~~~~~~~~~~~~~~~~~~~~~~~~~~~~
      + provers reached time limit before completing the proof

 info: loop invariant initialization proved
--> mj-bvh.adb:494:36

 info: loop invariant preservation proved
--> mj-bvh.adb:494:36

 info: loop invariant initialization proved
--> mj-bvh.adb:496:15

 info: precondition proved
--> mj-bvh.adb:497:39

 medium: loop invariant might not be preserved by an arbitrary iteration, cannot prove Rows_Equal (Cache, Expected, X, Y, Z)
--> mj-bvh.adb:497:39
  497 |                    (for all Z in Axis => Rows_Equal (Cache, Expected, X, Y, Z)))));
      |                                          ^~~~~~~~~~~~~~~~~~~~~~~~~~~~~~~~~~~~
      + provers reached time limit before completing the proof

 info: loop invariant initialization proved
--> mj-bvh.adb:499:15

 info: precondition proved
--> mj-bvh.adb:500:39

 medium: loop invariant might not be preserved by an arbitrary iteration, cannot prove Rows_Equal (Cache, Expected, I, Y, Z)
--> mj-bvh.adb:500:39
  500 |                    (for all Z in Axis => Rows_Equal (Cache, Expected, I, Y, Z))));
      |                                          ^~~~~~~~~~~~~~~~~~~~~~~~~~~~~~~~~~~~
      + provers reached time limit before completing the proof

 info: loop invariant initialization proved
--> mj-bvh.adb:502:39

 info: loop invariant preservation proved
--> mj-bvh.adb:502:39

 info: loop invariant initialization proved
--> mj-bvh.adb:504:18

 info: precondition proved
--> mj-bvh.adb:505:42

 medium: loop invariant might not be preserved by an arbitrary iteration, cannot prove Rows_Equal (Cache, Expected, X, Y, Z)
--> mj-bvh.adb:505:42
  505 |                       (for all Z in Axis => Rows_Equal (Cache, Expected, X, Y, Z)))));
      |                                             ^~~~~~~~~~~~~~~~~~~~~~~~~~~~~~~~~~~~
      + provers reached time and memory limit before completing the proof

 info: loop invariant initialization proved
--> mj-bvh.adb:507:18

 info: precondition proved
--> mj-bvh.adb:508:42

 medium: loop invariant might not be preserved by an arbitrary iteration, cannot prove Rows_Equal (Cache, Expected, I, Y, Z)
--> mj-bvh.adb:508:42
  508 |                       (for all Z in Axis => Rows_Equal (Cache, Expected, I, Y, Z))));
      |                                             ^~~~~~~~~~~~~~~~~~~~~~~~~~~~~~~~~~~~
      + provers reached time and memory limit before completing the proof

 info: loop invariant initialization proved
--> mj-bvh.adb:510:18

 info: loop invariant preservation proved
--> mj-bvh.adb:510:18

 info: precondition proved
--> mj-bvh.adb:510:46

 info: range check proved
--> mj-bvh.adb:510:81

 info: loop invariant initialization proved
--> mj-bvh.adb:512:42

 info: loop invariant preservation proved
--> mj-bvh.adb:512:42

 info: loop invariant initialization proved
--> mj-bvh.adb:514:21

 info: loop invariant preservation proved
--> mj-bvh.adb:514:21

 info: precondition proved
--> mj-bvh.adb:515:45

 info: loop invariant initialization proved
--> mj-bvh.adb:517:21

 info: precondition proved
--> mj-bvh.adb:518:45

 medium: loop invariant might not be preserved by an arbitrary iteration, cannot prove Rows_Equal (Cache, Expected, I, Y, Z)
--> mj-bvh.adb:518:45
  518 |                          (for all Z in Axis => Rows_Equal (Cache, Expected, I, Y, Z))));
      |                                                ^~~~~~~~~~~~~~~~~~~~~~~~~~~~~~~~~~~~
      + provers reached time and memory limit before completing the proof

 info: loop invariant initialization proved
--> mj-bvh.adb:520:21

 info: loop invariant preservation proved
--> mj-bvh.adb:520:21

 info: precondition proved
--> mj-bvh.adb:520:49

 info: range check proved
--> mj-bvh.adb:520:84

 info: loop invariant initialization proved
--> mj-bvh.adb:522:21

 info: loop invariant preservation proved
--> mj-bvh.adb:522:21

 info: index check proved
--> mj-bvh.adb:522:73

 info: index check proved
--> mj-bvh.adb:523:50

 info: precondition proved
--> mj-bvh.adb:524:49

 info: range check proved
--> mj-bvh.adb:524:49

 info: precondition proved
--> mj-bvh.adb:527:42

 info: range check proved
--> mj-bvh.adb:527:42
Summary logged in /var/tmp/sparkling-recovery-bvh-cache3-20261003/Prepare_Bounded/validation/obj/gnatprove/gnatprove.out
gnatprove: unproved check messages considered as errors
guarded: elapsed 66.7 s, peak group RSS 298 MB
