Phase 1 of 3: generation of data representation information ...
Phase 2 of 3: generation of Global contracts ...
Phase 3 of 3: flow analysis and proof ...
 info: data dependencies proved
--> mj-bvh.adb:497:19

 info: postcondition proved
--> mj-bvh.adb:502:27

 info: precondition proved
--> mj-bvh.adb:502:53

 info: precondition proved
--> mj-bvh.adb:506:42

 info: loop invariant initialization proved
--> mj-bvh.adb:509:33

 info: loop invariant preservation proved
--> mj-bvh.adb:509:33

 info: loop invariant initialization proved
--> mj-bvh.adb:510:43

 info: loop invariant preservation proved
--> mj-bvh.adb:510:43

 info: precondition proved
--> mj-bvh.adb:510:58

 info: loop invariant initialization proved
--> mj-bvh.adb:512:36

 info: loop invariant preservation proved
--> mj-bvh.adb:512:36

 info: loop invariant preservation proved
--> mj-bvh.adb:513:46

 info: loop invariant initialization proved
--> mj-bvh.adb:513:46

 info: precondition proved
--> mj-bvh.adb:513:61

 info: loop invariant initialization proved
--> mj-bvh.adb:514:46

 info: loop invariant preservation proved
--> mj-bvh.adb:514:46

 info: precondition proved
--> mj-bvh.adb:514:61

 info: loop invariant initialization proved
--> mj-bvh.adb:516:39

 info: loop invariant preservation proved
--> mj-bvh.adb:516:39

 info: loop invariant initialization proved
--> mj-bvh.adb:517:49

 info: precondition proved
--> mj-bvh.adb:517:64

 medium: loop invariant might not be preserved by an arbitrary iteration, cannot prove Plane_Equal (A, B, I, 1)
--> mj-bvh.adb:517:64
  517 |                   pragma Loop_Invariant (Static => (if I = 1 then Frame_Equal (Cache, Expected, 0)));
      |                                                                   ^~~~~~~~~~~~~~~~~~~~~~~~~~~~~~~
      + in inlined expression function body at mj-bvh.adb:491
      + provers reached time and memory limit before completing the proof

 info: loop invariant initialization proved
--> mj-bvh.adb:518:49

 info: loop invariant preservation proved
--> mj-bvh.adb:518:49

 info: precondition proved
--> mj-bvh.adb:518:64

 info: loop invariant initialization proved
--> mj-bvh.adb:519:49

 info: loop invariant preservation proved
--> mj-bvh.adb:519:49

 info: precondition proved
--> mj-bvh.adb:519:64

 info: loop invariant initialization proved
--> mj-bvh.adb:520:49

 info: loop invariant preservation proved
--> mj-bvh.adb:520:49

 info: precondition proved
--> mj-bvh.adb:520:64

 info: loop invariant initialization proved
--> mj-bvh.adb:522:42

 info: loop invariant preservation proved
--> mj-bvh.adb:522:42

 info: loop invariant initialization proved
--> mj-bvh.adb:523:52

 info: loop invariant preservation proved
--> mj-bvh.adb:523:52

 info: precondition proved
--> mj-bvh.adb:523:67

 info: loop invariant initialization proved
--> mj-bvh.adb:524:52

 info: loop invariant preservation proved
--> mj-bvh.adb:524:52

 info: precondition proved
--> mj-bvh.adb:524:67

 info: loop invariant initialization proved
--> mj-bvh.adb:525:52

 info: loop invariant preservation proved
--> mj-bvh.adb:525:52

 info: precondition proved
--> mj-bvh.adb:525:67

 info: loop invariant preservation proved
--> mj-bvh.adb:526:52

 info: loop invariant initialization proved
--> mj-bvh.adb:526:52

 info: precondition proved
--> mj-bvh.adb:526:67

 info: loop invariant initialization proved
--> mj-bvh.adb:528:21

 info: loop invariant preservation proved
--> mj-bvh.adb:528:21

 info: loop invariant initialization proved
--> mj-bvh.adb:530:21

 info: loop invariant preservation proved
--> mj-bvh.adb:530:21

 info: precondition proved
--> mj-bvh.adb:531:49

 info: range check proved
--> mj-bvh.adb:531:49

 medium: assertion might fail
--> mj-bvh.adb:533:44
  533 |                      pragma Assert (Static => Cache.Product (I, J, K, L) = Expected.Product (I, J, K, L));
      |                                               ^~~~~~~~~~~~~~~~~~~~~~~~~~~~~~~~~~~~~~~~~~~~~~~~~~~~~~~~~
      + provers reached memory limit before completing the proof

 info: precondition proved
--> mj-bvh.adb:535:42

 info: range check proved
--> mj-bvh.adb:535:42

 medium: assertion might fail
--> mj-bvh.adb:537:41
  537 |                   pragma Assert (Static => Cache.Offset (I, J, K) = Expected.Offset (I, J, K));
      |                                            ^~~~~~~~~~~~~~~~~~~~~~~~~~~~~~~~~~~~~~~~~~~~~~~~~
      + provers reached time and memory limit before completing the proof

 info: precondition proved
--> mj-bvh.adb:538:41

 info: assertion proved
--> mj-bvh.adb:538:41

 info: precondition proved
--> mj-bvh.adb:540:38

 info: assertion proved
--> mj-bvh.adb:540:38

 info: precondition proved
--> mj-bvh.adb:542:35

 info: assertion proved
--> mj-bvh.adb:542:35

 medium: assertion might fail
--> mj-bvh.adb:544:32
  544 |          pragma Assert (Static => Cache.Product = Expected.Product);
      |                                   ^~~~~~~~~~~~~~~~~~~~~~~~~~~~~~~~
      + provers reached time and memory limit before completing the proof

 medium: assertion might fail
--> mj-bvh.adb:545:32
  545 |          pragma Assert (Static => Cache.Offset = Expected.Offset);
      |                                   ^~~~~~~~~~~~~~~~~~~~~~~~~~~~~~
      + provers reached time and memory limit before completing the proof
Summary logged in /var/tmp/sparkling-recovery-bvh-cache6-20261003/Prepare_Bounded/validation/obj/gnatprove/gnatprove.out
gnatprove: unproved check messages considered as errors
guarded: elapsed 90.8 s, peak group RSS 300 MB
