Phase 1 of 3: generation of data representation information ...
Phase 2 of 3: generation of Global contracts ...
Phase 3 of 3: flow analysis and proof ...
 info: implicit aspect Always_Terminates on "Model_Cache" has been proved, subprogram will terminate
--> mj-bvh.adb:446:13

 info: precondition proved
--> mj-bvh.adb:449:46

 info: range check proved
--> mj-bvh.adb:449:46

 info: precondition proved
--> mj-bvh.adb:454:28

 info: range check proved
--> mj-bvh.adb:454:28

 info: data dependencies proved
--> mj-bvh.adb:457:28

 info: postcondition proved
--> mj-bvh.adb:464:10

 info: precondition proved
--> mj-bvh.adb:465:50

 info: precondition proved
--> mj-bvh.adb:470:76
Success: all checks proved (9 checks).
Summary logged in /var/tmp/sparkling-recovery-bvh-cache11-20261003/Model_Cache/validation/obj/gnatprove/gnatprove.out
guarded: elapsed 6.0 s, peak group RSS 195 MB
