Phase 1 of 3: generation of data representation information ...
Phase 2 of 3: generation of Global contracts ...
Phase 3 of 3: flow analysis and proof ...
 info: initialization of "C" proved
--> mj-bvh.adb:686:07

 info: initialization of "Cache" proved
--> mj-bvh.adb:687:07

 info: initialization of "LA" proved
--> mj-bvh.adb:688:07

 info: initialization of "LB" proved
--> mj-bvh.adb:688:11

 info: initialization of "Hit" proved
--> mj-bvh.adb:688:15

 info: precondition proved
--> mj-bvh.adb:734:07

 info: precondition proved
--> mj-bvh.adb:734:32

 info: loop invariant preservation proved
--> mj-bvh.adb:736:33

 info: loop invariant initialization proved
--> mj-bvh.adb:736:33

 info: loop invariant preservation proved
--> mj-bvh.adb:737:33

 info: loop invariant initialization proved
--> mj-bvh.adb:737:33

 info: loop invariant preservation proved
--> mj-bvh.adb:738:33

 info: loop invariant initialization proved
--> mj-bvh.adb:738:33

 info: loop invariant initialization proved
--> mj-bvh.adb:741:33

 info: loop invariant preservation proved
--> mj-bvh.adb:741:33

 info: index check proved
--> mj-bvh.adb:741:67

 info: index check proved
--> mj-bvh.adb:742:28

 info: initialization check proved
--> mj-bvh.adb:742:30

 info: index check proved
--> mj-bvh.adb:742:64

 info: initialization check proved
--> mj-bvh.adb:742:66

 info: loop invariant initialization proved
--> mj-bvh.adb:743:33

 info: loop invariant preservation proved
--> mj-bvh.adb:743:33

 info: range check proved
--> mj-bvh.adb:743:62

 info: loop invariant initialization proved
--> mj-bvh.adb:744:33

 info: loop invariant preservation proved
--> mj-bvh.adb:744:33

 info: range check proved
--> mj-bvh.adb:744:51

 info: overflow check proved
--> mj-bvh.adb:744:85

 info: loop invariant initialization proved
--> mj-bvh.adb:745:33

 info: loop invariant preservation proved
--> mj-bvh.adb:745:33

 info: overflow check proved
--> mj-bvh.adb:745:73

 info: index check proved
--> mj-bvh.adb:746:19

 info: index check proved
--> mj-bvh.adb:746:64

 info: initialization check proved
--> mj-bvh.adb:746:66

 info: index check proved
--> mj-bvh.adb:747:42

 info: initialization check proved
--> mj-bvh.adb:747:44

 info: index check proved
--> mj-bvh.adb:748:42

 info: initialization check proved
--> mj-bvh.adb:748:44

 info: index check proved
--> mj-bvh.adb:748:61

 info: initialization check proved
--> mj-bvh.adb:748:63

 info: range check proved
--> mj-bvh.adb:749:21

 info: initialization check proved
--> mj-bvh.adb:749:31

 info: index check proved
--> mj-bvh.adb:749:38

 info: index check proved
--> mj-bvh.adb:751:29

 info: index check proved
--> mj-bvh.adb:751:64

 info: precondition proved
--> mj-bvh.adb:753:23

 info: index check proved
--> mj-bvh.adb:753:51

 info: index check proved
--> mj-bvh.adb:753:77

 info: precondition proved
--> mj-bvh.adb:754:25

 info: index check proved
--> mj-bvh.adb:754:44

 info: index check proved
--> mj-bvh.adb:754:70

 info: assertion proved
--> mj-bvh.adb:758:37

 info: index check proved
--> mj-bvh.adb:758:61

 info: range check proved
--> mj-bvh.adb:758:68

 info: assertion proved
--> mj-bvh.adb:759:37

 info: index check proved
--> mj-bvh.adb:759:61

 info: range check proved
--> mj-bvh.adb:759:69

 info: assertion proved
--> mj-bvh.adb:760:37

 info: index check proved
--> mj-bvh.adb:760:60

 info: index check proved
--> mj-bvh.adb:760:81

 info: assertion proved
--> mj-bvh.adb:761:37

 info: index check proved
--> mj-bvh.adb:761:60

 info: index check proved
--> mj-bvh.adb:761:86

 info: precondition proved
--> mj-bvh.adb:762:22

 info: index check proved
--> mj-bvh.adb:762:39

 info: range check proved
--> mj-bvh.adb:762:46

 info: index check proved
--> mj-bvh.adb:762:63

 info: range check proved
--> mj-bvh.adb:762:71

 info: precondition proved
--> mj-bvh.adb:765:50

 info: index check proved
--> mj-bvh.adb:765:66

 info: precondition proved
--> mj-bvh.adb:765:84

 info: index check proved
--> mj-bvh.adb:765:100

 info: precondition proved
--> mj-bvh.adb:766:19

 info: index check proved
--> mj-bvh.adb:766:35

 info: range check proved
--> mj-bvh.adb:766:42

 info: precondition proved
--> mj-bvh.adb:766:60

 info: index check proved
--> mj-bvh.adb:766:76

 info: range check proved
--> mj-bvh.adb:766:83

 info: precondition proved
--> mj-bvh.adb:768:19

 info: index check proved
--> mj-bvh.adb:768:44

 info: range check proved
--> mj-bvh.adb:768:52

 info: precondition proved
--> mj-bvh.adb:768:60

 info: index check proved
--> mj-bvh.adb:768:85

 info: range check proved
--> mj-bvh.adb:768:93

 info: initialization of "Count" proved
--> mj-bvh.ads:131:48

 info: initialization of "Result" proved
--> mj-bvh.ads:131:69

 info: data dependencies proved
--> mj-bvh.ads:132:11

 info: index check proved
--> mj-bvh.ads:136:65

 info: index check proved
--> mj-bvh.ads:136:79

 info: postcondition proved
--> mj-bvh.ads:137:16

 info: range check proved
--> mj-bvh.ads:137:45

 info: range check proved
--> mj-bvh.ads:139:38

 info: overflow check proved
--> mj-bvh.ads:139:72

 info: overflow check proved
--> mj-bvh.ads:140:60

 info: index check proved
--> mj-bvh.ads:140:98

 info: initialization check proved
--> mj-bvh.ads:140:100

 info: index check proved
--> mj-bvh.ads:141:42

 info: initialization check proved
--> mj-bvh.ads:141:44

 info: index check proved
--> mj-bvh.ads:142:42

 info: initialization check proved
--> mj-bvh.ads:142:44

 info: index check proved
--> mj-bvh.ads:142:61

 info: initialization check proved
--> mj-bvh.ads:142:63
Success: all checks proved (101 checks).
Summary logged in /var/tmp/sparkling-recovery-bvh-cache13-20261003/Traverse/validation/obj/gnatprove/gnatprove.out
guarded: elapsed 171.2 s, peak group RSS 435 MB
