Phase 1 of 3: generation of data representation information ...
Phase 2 of 3: generation of Global contracts ...
Phase 3 of 3: flow analysis and proof ...
 info: data dependencies proved
--> mj-bvh.adb:525:28

 info: precondition proved
--> mj-bvh.adb:530:30

 info: precondition proved
--> mj-bvh.adb:531:27

 info: postcondition proved
--> mj-bvh.adb:531:27

 info: assertion proved
--> mj-bvh.adb:534:32

 info: assertion proved
--> mj-bvh.adb:535:32

 info: assertion proved
--> mj-bvh.adb:536:32
Success: all checks proved (7 checks).
Summary logged in /var/tmp/sparkling-recovery-bvh-cache11-20261003/Same_Offset/validation/obj/gnatprove/gnatprove.out
guarded: elapsed 35.5 s, peak group RSS 182 MB
