Phase 1 of 3: generation of data representation information ...
Phase 2 of 3: generation of Global contracts ...
Phase 3 of 3: flow analysis and proof ...
 info: implicit aspect Always_Terminates on "Row_Matches" has been proved, subprogram will terminate
--> mj-bvh.adb:446:13

 info: index check proved
--> mj-bvh.adb:448:21

 info: index check proved
--> mj-bvh.adb:448:24

 info: precondition proved
--> mj-bvh.adb:448:32

 info: index check proved
--> mj-bvh.adb:449:53

 info: index check proved
--> mj-bvh.adb:449:56

 info: precondition proved
--> mj-bvh.adb:450:09

 info: data dependencies proved
--> mj-bvh.adb:451:28
Success: all checks proved (8 checks).
Summary logged in /var/tmp/sparkling-recovery-bvh-cache1-20261003/Row_Matches/validation/obj/gnatprove/gnatprove.out
guarded: elapsed 6.0 s, peak group RSS 191 MB
