Phase 1 of 3: generation of data representation information ...
Phase 2 of 3: generation of Global contracts ...
Phase 3 of 3: flow analysis and proof ...
 info: implicit aspect Always_Terminates on "Frame_Offset" has been proved, subprogram will terminate
--> mj-bvh.adb:437:13

 info: float overflow check proved
--> mj-bvh.adb:438:14

 info: float overflow check proved
--> mj-bvh.adb:438:22

 info: float overflow check proved
--> mj-bvh.adb:438:30

 info: float overflow check proved
--> mj-bvh.adb:438:43

 info: float overflow check proved
--> mj-bvh.adb:438:51

 info: data dependencies proved
--> mj-bvh.adb:439:19

 info: postcondition proved
--> mj-bvh.adb:442:16

 info: float overflow check proved
--> mj-bvh.adb:444:20

 info: float overflow check proved
--> mj-bvh.adb:444:28

 info: float overflow check proved
--> mj-bvh.adb:444:36

 info: float overflow check proved
--> mj-bvh.adb:444:49

 info: float overflow check proved
--> mj-bvh.adb:444:57
Success: all checks proved (13 checks).
Summary logged in /var/tmp/sparkling-recovery-bvh-cache11-20261003/Frame_Offset/validation/obj/gnatprove/gnatprove.out
guarded: elapsed 11.6 s, peak group RSS 183 MB
