Phase 1 of 3: generation of data representation information ...
Phase 2 of 3: generation of Global contracts ...
Phase 3 of 3: flow analysis and proof ...
 info: implicit aspect Always_Terminates on "Frame_Product" has been proved, subprogram will terminate
--> mj-bvh.adb:429:13

 info: float overflow check proved
--> mj-bvh.adb:430:14

 info: float overflow check proved
--> mj-bvh.adb:430:22

 info: float overflow check proved
--> mj-bvh.adb:430:34

 info: float overflow check proved
--> mj-bvh.adb:430:47

 info: float overflow check proved
--> mj-bvh.adb:430:59

 info: data dependencies proved
--> mj-bvh.adb:431:19

 info: postcondition proved
--> mj-bvh.adb:434:16

 info: float overflow check proved
--> mj-bvh.adb:436:20

 info: float overflow check proved
--> mj-bvh.adb:436:28

 info: float overflow check proved
--> mj-bvh.adb:436:40

 info: float overflow check proved
--> mj-bvh.adb:436:53

 info: float overflow check proved
--> mj-bvh.adb:436:65
Success: all checks proved (13 checks).
Summary logged in /var/tmp/sparkling-recovery-bvh-cache11-20261003/Frame_Product/validation/obj/gnatprove/gnatprove.out
guarded: elapsed 9.0 s, peak group RSS 182 MB
