Phase 1 of 3: generation of data representation information ...
Phase 2 of 3: generation of Global contracts ...
Phase 3 of 3: flow analysis and proof ...
 info: data dependencies proved
--> mj-bvh.adb:507:28

 info: precondition proved
--> mj-bvh.adb:512:30

 info: precondition proved
--> mj-bvh.adb:513:27

 info: postcondition proved
--> mj-bvh.adb:513:27

 info: assertion proved
--> mj-bvh.adb:516:32

 info: assertion proved
--> mj-bvh.adb:517:32

 info: assertion proved
--> mj-bvh.adb:518:32
Success: all checks proved (7 checks).
Summary logged in /var/tmp/sparkling-recovery-bvh-cache9-20261003/Same_Offset/validation/obj/gnatprove/gnatprove.out
guarded: elapsed 25.6 s, peak group RSS 188 MB
