Phase 1 of 3: generation of data representation information ...
Phase 2 of 3: generation of Global contracts ...
Phase 3 of 3: flow analysis and proof ...
 info: implicit aspect Always_Terminates on "Rows_Equal" has been proved, subprogram will terminate
--> mj-bvh.adb:496:13

 info: index check proved
--> mj-bvh.adb:498:17

 info: index check proved
--> mj-bvh.adb:498:20

 info: index check proved
--> mj-bvh.adb:498:38

 info: index check proved
--> mj-bvh.adb:498:41

 info: index check proved
--> mj-bvh.adb:499:28

 info: index check proved
--> mj-bvh.adb:499:31

 info: index check proved
--> mj-bvh.adb:499:53

 info: index check proved
--> mj-bvh.adb:499:56

 info: index check proved
--> mj-bvh.adb:500:28

 info: index check proved
--> mj-bvh.adb:500:31

 info: index check proved
--> mj-bvh.adb:500:53

 info: index check proved
--> mj-bvh.adb:500:56

 info: index check proved
--> mj-bvh.adb:501:28

 info: index check proved
--> mj-bvh.adb:501:31

 info: index check proved
--> mj-bvh.adb:501:53

 info: index check proved
--> mj-bvh.adb:501:56

 info: data dependencies proved
--> mj-bvh.adb:502:28
Success: all checks proved (18 checks).
Summary logged in /var/tmp/sparkling-recovery-bvh-cache11-20261003/Rows_Equal/validation/obj/gnatprove/gnatprove.out
guarded: elapsed 4.8 s, peak group RSS 185 MB
