Phase 1 of 3: generation of data representation information ...
Phase 2 of 3: generation of Global contracts ...
Phase 3 of 3: flow analysis and proof ...
 info: data dependencies proved
--> mj-bvh.adb:479:28

 info: precondition proved
--> mj-bvh.adb:485:30

 info: postcondition proved
--> mj-bvh.adb:486:27

 info: index check proved
--> mj-bvh.adb:486:44

 info: index check proved
--> mj-bvh.adb:486:47

 info: precondition proved
--> mj-bvh.adb:486:55

 info: precondition proved
--> mj-bvh.adb:490:39

 info: assertion proved
--> mj-bvh.adb:492:32

 info: index check proved
--> mj-bvh.adb:492:49

 info: index check proved
--> mj-bvh.adb:492:52

 info: index check proved
--> mj-bvh.adb:492:74

 info: index check proved
--> mj-bvh.adb:492:77
Success: all checks proved (12 checks).
Summary logged in /var/tmp/sparkling-recovery-bvh-cache11-20261003/Model_Offset/validation/obj/gnatprove/gnatprove.out
guarded: elapsed 8.3 s, peak group RSS 215 MB
