Phase 1 of 3: generation of data representation information ...
Phase 2 of 3: generation of Global contracts ...
Phase 3 of 3: flow analysis and proof ...
Success: all checks proved (20 checks).
Summary logged in /var/tmp/sparkling-services-controller-prefix-spec-whole-r19-20261003/whole/validation/obj/gnatprove/gnatprove.out
guarded: elapsed 3.6 s, peak group RSS 157 MB
 info: range check proved
--> mj-controller_array_kernels.adb:4:07

 info: index check proved
--> mj-controller_array_kernels.adb:4:15

 info: index check proved
--> mj-controller_array_kernels.adb:4:35

 info: length check proved
--> mj-controller_array_kernels.adb:4:39

 info: range check proved
--> mj-controller_array_kernels.adb:4:42

 info: length check proved
--> mj-controller_array_kernels.adb:4:42

 info: implicit aspect Always_Terminates on "Prefix" has been proved, subprogram will terminate
--> mj-controller_array_kernels.ads:4:13

 info: range check proved
--> mj-controller_array_kernels.ads:5:07

 info: data dependencies proved
--> mj-controller_array_kernels.ads:6:11

 info: range check proved
--> mj-controller_array_kernels.ads:7:71

 info: postcondition proved
--> mj-controller_array_kernels.ads:8:16

 info: range check proved
--> mj-controller_array_kernels.ads:8:62

 info: range check proved
--> mj-controller_array_kernels.ads:9:35

 info: data dependencies proved
--> mj-controller_array_kernels.ads:11:11

 info: range check proved
--> mj-controller_array_kernels.ads:13:49

 info: range check proved
--> mj-controller_array_kernels.ads:14:49

 info: postcondition proved
--> mj-controller_array_kernels.ads:15:16

 info: index check proved
--> mj-controller_array_kernels.ads:16:18

 info: index check proved
--> mj-controller_array_kernels.ads:16:50

 info: index check proved
--> mj-controller_array_kernels.ads:16:70
