version 3.14.1 precision 4 types 8 2 initpoints 80 budget 80 80
contacts 50
1 0 -0.014372197911143303 0.19281283020973206 0.020241450518369675 0.014241450466215611 -0.99985069036483765 0.01221818383783102 0.012218175455927849
1 0 -0.013979591429233551 0.19135741889476776 0.015955444425344467 0.0075198044069111347 -0.99821096658706665 -0.029037106782197952 -0.052266716957092285
1 0 -0.010117391124367714 0.19484089314937592 0.036266371607780457 0.0026401784271001816 -0.9801514744758606 0.16999800503253937 -0.10199879854917526
1 0 -0.013816893100738525 0.1912696361541748 0.01179877482354641 0.014851744286715984 -0.9974980354309082 -0.068467944860458374 0.017606033012270927
1 0 -0.014063823968172073 0.19140782952308655 0.017977025359869003 0.0185240488499403 -0.99855887889862061 -0.0097724776715040207 0.052771184593439102
1 0 -0.01419365219771862 0.19289638102054596 0.016702603548765182 0.016804490238428116 -0.99904292821884155 -0.022611580789089203 0.037444755434989929
1 0 -0.013453282415866852 0.1910911500453949 0.011954399757087231 0.0064053204841911793 -0.99583899974822998 -0.066533081233501434 -0.062274955213069916
1 0 -0.013430595397949219 0.191086545586586 0.025662647560238838 0.0058043403550982475 -0.99570631980895996 0.062892161309719086 -0.06792353093624115
1 0 -0.014226570725440979 0.19288089871406555 0.015132561326026917 0.011607721447944641 -0.99918138980865479 -0.038062755018472672 -0.013702644966542721
1 0 -0.011030450463294983 0.18979637324810028 0.03399687260389328 0.0019862954504787922 -0.98578530550003052 0.13541515171527863 -0.099448919296264648
1 0 -0.014075337909162045 0.19295233488082886 0.020596165210008621 0.01817157119512558 -0.99857950210571289 0.015713976696133614 0.05091327428817749
1 0 -0.014049840159714222 0.19296371936798096 0.022922877222299576 0.0087632918730378151 -0.99838387966156006 0.038610368967056274 -0.041699178516864777
1 0 -0.013644952327013016 0.19114819169044495 0.01068427786231041 0.012527316808700562 -0.99688082933425903 -0.078795075416564941 -0.0044788639061152935
1 0 -0.014264538884162903 0.19286499917507172 0.018712323158979416 0.015796205028891563 -0.99961668252944946 -0.0028336374089121819 0.027542900294065475
1 0 -0.0080834962427616119 0.18832150101661682 0.0022211126051843166 -0.0072531076148152351 -0.97422873973846436 -0.14390134811401367 -0.17369744181632996
1 0 -0.013496290892362595 0.19111068546772003 0.013966282829642296 0.0050544710829854012 -0.99604123830795288 -0.047572322189807892 -0.075091056525707245
1 0 -0.01427445188164711 0.19153815507888794 0.020632829517126083 0.0098257791250944138 -0.99941360950469971 0.015662888064980507 -0.030448542907834053
1 0 -0.013858882710337639 0.19305409491062164 0.012011678889393806 0.012671852484345436 -0.99762463569641113 -0.068808391690254211 -0.0032310374081134796
1 0 -0.0095681026577949524 0.18901710212230682 0.039043556898832321 0.0026470613665878773 -0.98011022806167603 0.17632213234901428 -0.091074265539646149
1 0 -0.013408690690994263 0.191075399518013 0.016864124685525894 0.022688327357172966 -0.99560898542404175 -0.020153304561972618 0.091415412724018097
1 0 -0.01417173445224762 0.19290700554847717 0.016367331147193909 0.016718139871954918 -0.99899393320083618 -0.025915749371051788 0.036600984632968903
1 0 -0.01418551430106163 0.19147323071956635 0.014947050251066685 0.011197629384696484 -0.99909764528274536 -0.038808159530162811 -0.017258215695619583
1 0 -0.014060451649129391 0.19295865297317505 0.020684806630015373 0.018458781763911247 -0.99841815233230591 0.016581688076257706 0.053724721074104309
1 0 -0.013606581836938858 0.19116601347923279 0.026060907170176506 0.01821763813495636 -0.99653750658035278 0.066869109869003296 0.049412712454795837
1 0 -0.011521752923727036 0.19008314609527588 0.025963397696614265 -0.0027246265672147274 -0.98764699697494507 0.063447341322898865 -0.14327573776245117
1 0 -0.0085990168154239655 0.18858927488327026 0.012604458257555962 0.037273809313774109 -0.97612667083740234 -0.055338762700557709 0.21003420650959015
1 0 -0.011863201856613159 0.1902623176574707 0.0053852726705372334 0.021587084978818893 -0.98904985189437866 -0.12482698261737823 0.078730866312980652
1 0 -0.014270339161157608 0.19149355590343475 0.021927306428551674 0.013552260585129261 -0.99959194660186768 0.028071979060769081 0.0052959793247282505
1 0 -0.014279216527938843 0.19148297607898712 0.016916729509830475 0.014457957819104195 -0.99970269203186035 -0.019979780539870262 0.013982731848955154
1 0 -0.014151640236377716 0.19141770899295807 0.021202895790338516 0.016790200024843216 -0.99912005662918091 0.02107580192387104 0.036262061446905136
1 0 -0.014328910037875175 0.19283469021320343 0.020005766302347183 0.014207316562533379 -0.99988031387329102 0.0099058449268341064 0.01189095713198185
1 0 -0.0085846781730651855 0.18848408758640289 0.014786668121814728 -0.011572162620723248 -0.97648835182189941 -0.036431659013032913 -0.21246941387653351
1 0 -0.013855375349521637 0.19127552211284637 0.025959804654121399 0.011752564460039139 -0.99773478507995605 0.066216282546520233 -0.011868222616612911
1 0 -0.014222666621208191 0.19148716330528259 0.015567238442599773 0.014914046041667461 -0.99929064512252808 -0.032892126590013504 0.018340067937970161
1 0 -0.013849761337041855 0.1912858784198761 0.020379645749926567 0.020070808008313179 -0.99764847755432129 0.013125548139214516 0.067269571125507355
1 0 -0.014288200996816158 0.19285370409488678 0.017241319641470909 0.014805867336690426 -0.99969178438186646 -0.017321296036243439 0.017786001786589622
1 0 -0.01178504154086113 0.19020603597164154 0.033754672855138779 0.019941564649343491 -0.98879539966583252 0.13507544994354248 0.063548341393470764
1 0 -0.014365611597895622 0.19281649589538574 0.017595121636986732 0.012856257148087025 -0.99990344047546387 -0.013830272480845451 -0.0014150725910440087
1 0 -0.014191310852766037 0.19145768880844116 0.022131379693746567 0.01572483591735363 -0.99920976161956787 0.029984442517161369 0.026091579347848892
1 0 -0.0076525472104549408 0.18810752034187317 0.036973383277654648 -0.0075406315736472607 -0.972625732421875 0.15302331745624542 -0.17488053441047668
1 0 -0.014261675998568535 0.19286465644836426 0.019059959799051285 0.016613394021987915 -0.99936717748641968 0.00059015757869929075 0.03556523472070694
1 0 -0.01388632133603096 0.19132852554321289 0.025297394022345543 0.0096892314031720161 -0.99770289659500122 0.059960093349218369 -0.031523149460554123
1 0 -0.014198519289493561 0.19144231081008911 0.015209107659757137 0.013464740477502346 -0.99933093786239624 -0.03630109503865242 0.0044503011740744114
1 0 -0.0080219656229019165 0.18819263577461243 0.029973747208714485 0.036842722445726395 -0.97441238164901733 0.093974754214286804 0.2041795551776886
1 0 -0.014372109435498714 0.19281333684921265 0.018048269674181938 0.012070575729012489 -0.99991428852081299 -0.0093686934560537338 -0.0091490810737013817
1 0 -0.0083656050264835358 0.18846769630908966 0.039001528173685074 0.02905615046620369 -0.9752647876739502 0.17237214744091034 0.13837109506130219
1 0 -0.014259409159421921 0.19148293137550354 0.017402341589331627 0.010371983982622623 -0.99956518411636353 -0.015317471697926521 -0.025196017697453499
1 0 -0.014124033972620964 0.1929301917552948 0.023603873327374458 0.01423698291182518 -0.99889743328094482 0.045338056981563568 0.012181599624454975
1 0 -0.0142030855640769 0.1928933709859848 0.021878445520997047 0.010449578985571861 -0.99928253889083862 0.028348309919238091 -0.025117730721831322
1 0 -0.01396153774112463 0.19300577044487 0.018585046753287315 0.0067080124281346798 -0.99807107448577881 -0.0040853596292436123 -0.061946816742420197
