Phase 1 of 3: generation of data representation information ...
Phase 2 of 3: generation of Global contracts ...
Phase 3 of 3: flow analysis and proof ...
Summary logged in /var/tmp/sparkling-services-normalize-min1-20261003/Normalize/validation/obj/gnatprove/gnatprove.out
guarded: elapsed 28.7 s, peak group RSS 164 MB
 info: range check proved
--> mj-actuator_geometry.adb:18:32

 info: precondition proved
--> mj-actuator_geometry.adb:18:32

 info: float overflow check proved
--> mj-actuator_geometry.adb:18:46

 info: float overflow check proved
--> mj-actuator_geometry.adb:18:52

 info: float overflow check proved
--> mj-actuator_geometry.adb:18:58

 info: float overflow check proved
--> mj-actuator_geometry.adb:18:65

 info: float overflow check proved
--> mj-actuator_geometry.adb:18:71

 info: float overflow check proved
--> mj-actuator_geometry.adb:18:78

 info: float overflow check proved
--> mj-actuator_geometry.adb:18:84

 info: initialization of "Inv" proved
--> mj-actuator_geometry.adb:20:07

 info: float overflow check proved
--> mj-actuator_geometry.adb:23:19

 info: division check proved
--> mj-actuator_geometry.adb:24:20

 info: float overflow check proved
--> mj-actuator_geometry.adb:24:20

 info: unrolling loop [info-unrolling-inlining]
--> mj-actuator_geometry.adb:25:26

 info: float overflow check proved
--> mj-actuator_geometry.adb:25:45

 info: implicit aspect Always_Terminates on "Normalize" has been proved, subprogram will terminate
--> mj-actuator_geometry.ads:35:13

 medium: postcondition might fail
--> mj-actuator_geometry.ads:36:41
   36 |         Pre => Bounded (Q,1.0e10), Post => Bounded (Normalize'Result,1.0e26);
      |                                            ^~~~~~~~~~~~~~~~~~~~~~~~~~~~~~~~
      + provers reached time limit before completing the proof

 info: precondition proved
--> mj-actuator_geometry.ads:37:58
gnatprove: unproved check messages considered as errors
