=========================
Summary of SPARK analysis
=========================

--------------------------------------------------------------------------------------------
SPARK Analysis results        Total       Flow                Provers   Justified   Unproved
--------------------------------------------------------------------------------------------
Data Dependencies                 .          .                      .           .          .
Flow Dependencies                 .          .                      .           .          .
Initialization                    .          .                      .           .          .
Non-Aliasing                      .          .                      .           .          .
Run-time Checks                   .          .                      .           .          .
Assertions                        .          .                      .           .          .
Functional Contracts              5          .    5 (CVC5 7%, Z3 93%)           .          .
LSP Verification                  .          .                      .           .          .
Termination                       1          1                      .           .          .
Concurrency                       .          .                      .           .          .
--------------------------------------------------------------------------------------------
Total                             6    1 (17%)                5 (83%)           .          .


max steps used for successful proof: 16438

============================
Most difficult proved checks
============================

No check found with max time greater than 1 second

========================
Detailed analysis report
========================

Analyzed 1 unit
in unit mj-tendon_geometry, 1 subprograms and packages out of 1 analyzed
  MJ.Tendon_Geometry.Norm at mj-tendon_geometry.ads:16 flow analyzed (0 errors, 0 checks, 0 warnings and 0 pragma Assume statements) and proved (5 checks)
