Phase 1 of 3: generation of data representation information ...
Phase 2 of 3: generation of Global contracts ...
Phase 3 of 3: flow analysis and proof ...
 info: implicit aspect Always_Terminates on "Contains" has been proved, subprogram will terminate
--> mj-rigid_detector.adb:35:13

 info: precondition proved
--> mj-rigid_detector.adb:36:42

 info: postcondition proved
--> mj-rigid_detector.adb:37:16

 info: precondition proved
--> mj-rigid_detector.adb:37:34

 info: initialization of "Mid" proved
--> mj-rigid_detector.adb:41:07

 info: loop invariant initialization proved
--> mj-rigid_detector.adb:44:33

 info: loop invariant preservation proved
--> mj-rigid_detector.adb:44:33

 info: loop invariant initialization proved
--> mj-rigid_detector.adb:45:33

 info: loop invariant preservation proved
--> mj-rigid_detector.adb:45:33

 info: index check proved
--> mj-rigid_detector.adb:45:65

 info: loop invariant preservation proved
--> mj-rigid_detector.adb:46:33

 info: loop invariant initialization proved
--> mj-rigid_detector.adb:46:33

 info: index check proved
--> mj-rigid_detector.adb:46:65

 info: loop variant proved
--> mj-rigid_detector.adb:47:31

 info: overflow check proved
--> mj-rigid_detector.adb:47:46

 info: overflow check proved
--> mj-rigid_detector.adb:48:19

 info: range check proved
--> mj-rigid_detector.adb:48:19

 info: overflow check proved
--> mj-rigid_detector.adb:48:23

 info: division check proved
--> mj-rigid_detector.adb:48:27

 info: index check proved
--> mj-rigid_detector.adb:49:19

 info: overflow check proved
--> mj-rigid_detector.adb:49:42

 info: index check proved
--> mj-rigid_detector.adb:51:36

 info: analyzing call to "Sort_Keys" in context
--> mj-rigid_detector.adb:91:07

 info: analyzing call to "Sort_Keys" in context
--> mj-rigid_detector.adb:98:07

 info: analyzing call to "Sort_Endpoints" in context
--> mj-rigid_detector.adb:239:07

 info: analyzing call to "Try_Pair" in context
--> mj-rigid_detector.adb:241:10

 info: analyzing call to "Try_Pair" in context
--> mj-rigid_detector.adb:246:51

 info: analyzing call to "Try_Pair" in context
--> mj-rigid_detector.adb:269:30

 info: analyzing call to "Try_Pair" in context
--> mj-rigid_detector.adb:284:24
Success: all checks proved (22 checks).
Summary logged in /var/tmp/sparkling-rigid-collision-reports-20261001/proof-build/Contains/validation/obj/gnatprove/gnatprove.out
guarded: elapsed 6.0 s, peak group RSS 168 MB
