Phase 1 of 3: generation of data representation information ...
Phase 2 of 3: generation of Global contracts ...
Phase 3 of 3: flow analysis and proof ...
 info: float overflow check proved
--> mj-rigid_math.adb:18:40

 info: range check proved
--> mj-rigid_math.adb:18:40

 info: float overflow check proved
--> mj-rigid_math.adb:19:40

 info: range check proved
--> mj-rigid_math.adb:19:40

 info: float overflow check proved
--> mj-rigid_math.adb:20:40

 info: range check proved
--> mj-rigid_math.adb:20:40

 info: float overflow check proved
--> mj-rigid_math.adb:21:40

 info: range check proved
--> mj-rigid_math.adb:21:40

 info: float overflow check proved
--> mj-rigid_math.adb:22:40

 info: range check proved
--> mj-rigid_math.adb:22:40

 info: float overflow check proved
--> mj-rigid_math.adb:23:40

 info: range check proved
--> mj-rigid_math.adb:23:40

 info: float overflow check proved
--> mj-rigid_math.adb:25:17

 info: float overflow check proved
--> mj-rigid_math.adb:25:24

 info: float overflow check proved
--> mj-rigid_math.adb:25:31

 info: implicit aspect Always_Terminates on "Cross" has been proved, subprogram will terminate
--> mj-rigid_math.ads:22:13

 info: data dependencies proved
--> mj-rigid_math.ads:22:56

 info: postcondition proved
--> mj-rigid_math.ads:24:14

 info: float overflow check proved
--> mj-rigid_math.ads:24:39

 info: float overflow check proved
--> mj-rigid_math.ads:24:45

 info: float overflow check proved
--> mj-rigid_math.ads:24:51

 info: float overflow check proved
--> mj-rigid_math.ads:25:37

 info: float overflow check proved
--> mj-rigid_math.ads:25:43

 info: float overflow check proved
--> mj-rigid_math.ads:25:49

 info: float overflow check proved
--> mj-rigid_math.ads:25:62

 info: float overflow check proved
--> mj-rigid_math.ads:25:68

 info: float overflow check proved
--> mj-rigid_math.ads:25:74
Success: all checks proved (27 checks).
Summary logged in /var/tmp/sparkling-rigid-collision-reports-20261001/proof-build/Cross/validation/obj/gnatprove/gnatprove.out
guarded: elapsed 23.4 s, peak group RSS 158 MB
