Phase 1 of 3: generation of data representation information ...
Phase 2 of 3: generation of Global contracts ...
Phase 3 of 3: analysis of data and information flow ...
 info: initialization of "E" proved
--> mj-rigid_narrowphase.adb:11:07

 info: initialization of "D" proved
--> mj-rigid_narrowphase.adb:25:07

 info: initialization of "V" proved
--> mj-rigid_narrowphase.adb:25:10

 info: initialization of "X" proved
--> mj-rigid_narrowphase.adb:26:07

 info: initialization of "R" proved
--> mj-rigid_narrowphase.adb:26:10

 info: implicit aspect Always_Terminates on "Plane_Distance" has been proved, subprogram will terminate
--> mj-rigid_narrowphase.ads:5:13

 info: data dependencies proved
--> mj-rigid_narrowphase.ads:6:11

 info: implicit aspect Always_Terminates on "Test" has been proved, subprogram will terminate
--> mj-rigid_narrowphase.ads:7:13

 info: data dependencies proved
--> mj-rigid_narrowphase.ads:8:11
Success: all checks proved (9 checks).
Summary logged in /var/tmp/sparkling-rigid-collision-reports-20261001/proof-build/flow-mj-rigid_narrowphase.adb/validation/obj/gnatprove/gnatprove.out
guarded: elapsed 2.3 s, peak group RSS 44 MB
