Phase 1 of 3: generation of data representation information ...
Phase 2 of 3: generation of Global contracts ...
Phase 3 of 3: analysis of data and information flow ...
 info: implicit aspect Always_Terminates on "Same" has been proved, subprogram will terminate
--> mj-rigid_simplex.adb:4:13

 info: initialization of "N" proved
--> mj-rigid_simplex.adb:16:07

 info: initialization of "NV" proved
--> mj-rigid_simplex.adb:17:07

 info: initialization of "NN" proved
--> mj-rigid_simplex.adb:17:11

 info: initialization of "P" proved
--> mj-rigid_simplex.adb:39:07

 info: initialization of "Mu" proved
--> mj-rigid_simplex.adb:40:07

 info: initialization of "C1" proved
--> mj-rigid_simplex.adb:40:11

 info: initialization of "C2" proved
--> mj-rigid_simplex.adb:40:15

 info: initialization of "X" proved
--> mj-rigid_simplex.adb:60:07

 info: initialization of "Y" proved
--> mj-rigid_simplex.adb:60:10

 info: initialization of "P" proved
--> mj-rigid_simplex.adb:72:07

 info: initialization of "Cof" proved
--> mj-rigid_simplex.adb:72:10

 info: initialization of "X" proved
--> mj-rigid_simplex.adb:72:15

 info: initialization of "M" proved
--> mj-rigid_simplex.adb:73:07

 info: initialization of "Best" proved
--> mj-rigid_simplex.adb:73:10

 info: initialization of "Dist" proved
--> mj-rigid_simplex.adb:73:16

 info: initialization of "Degenerate" proved
--> mj-rigid_simplex.adb:74:07

 info: initialization of "Trial" proved
--> mj-rigid_simplex.adb:75:07

 info: initialization of "Cof" proved
--> mj-rigid_simplex.adb:100:07

 info: initialization of "Det" proved
--> mj-rigid_simplex.adb:101:07

 info: initialization of "Best" proved
--> mj-rigid_simplex.adb:101:12

 info: initialization of "Dist" proved
--> mj-rigid_simplex.adb:101:18

 info: initialization of "Trial" proved
--> mj-rigid_simplex.adb:102:07

 info: initialization of "X" proved
--> mj-rigid_simplex.adb:104:07

 info: initialization of "K" proved
--> mj-rigid_simplex.adb:105:07

 info: implicit aspect Always_Terminates on "Same_Side" has been proved, subprogram will terminate
--> mj-rigid_simplex.adb:132:13

 info: no contextual analysis of "Same_Side" (inside expression function)
--> mj-rigid_simplex.adb:138:07

 info: no contextual analysis of "Same_Side" (inside expression function)
--> mj-rigid_simplex.adb:138:34

 info: no contextual analysis of "Same_Side" (inside expression function)
--> mj-rigid_simplex.adb:139:11

 info: no contextual analysis of "Same_Side" (inside expression function)
--> mj-rigid_simplex.adb:139:38

 info: implicit aspect Always_Terminates on "Determinant" has been proved, subprogram will terminate
--> mj-rigid_simplex.ads:7:13

 info: data dependencies proved
--> mj-rigid_simplex.ads:7:58

 info: initialization of "P" proved
--> mj-rigid_simplex.ads:8:41

 info: initialization of "Degenerate" proved
--> mj-rigid_simplex.ads:8:54

 info: data dependencies proved
--> mj-rigid_simplex.ads:8:85

 info: initialization of "Cof" proved
--> mj-rigid_simplex.ads:9:40

 info: initialization of "Minor" proved
--> mj-rigid_simplex.ads:9:55

 info: data dependencies proved
--> mj-rigid_simplex.ads:9:78

 info: initialization of "L" proved
--> mj-rigid_simplex.ads:10:35

 info: data dependencies proved
--> mj-rigid_simplex.ads:10:62

 info: initialization of "L" proved
--> mj-rigid_simplex.ads:11:39

 info: data dependencies proved
--> mj-rigid_simplex.ads:11:66

 info: initialization of "L" proved
--> mj-rigid_simplex.ads:12:51

 info: data dependencies proved
--> mj-rigid_simplex.ads:13:11

 info: implicit aspect Always_Terminates on "Combination" has been proved, subprogram will terminate
--> mj-rigid_simplex.ads:14:13

 info: data dependencies proved
--> mj-rigid_simplex.ads:14:74

 info: implicit aspect Always_Terminates on "Strict_Tetrahedron" has been proved, subprogram will terminate
--> mj-rigid_simplex.ads:15:13

 info: data dependencies proved
--> mj-rigid_simplex.ads:15:71
Success: all checks proved (44 checks).
Summary logged in /var/tmp/sparkling-rigid-collision-reports-20261001/proof-build/flow-mj-rigid_simplex.adb/validation/obj/gnatprove/gnatprove.out
guarded: elapsed 2.3 s, peak group RSS 44 MB
