Phase 1 of 3: generation of data representation information ...
Phase 2 of 3: generation of Global contracts ...
Phase 3 of 3: analysis of data and information flow ...
 info: initialization of "Position" proved
--> mj-rigid_primitives.adb:21:07

 info: initialization of "N" proved
--> mj-rigid_primitives.adb:21:17

 info: initialization of "X1" proved
--> mj-rigid_primitives.adb:49:07

 info: initialization of "X2" proved
--> mj-rigid_primitives.adb:49:11

 info: initialization of "T" proved
--> mj-rigid_primitives.adb:83:07

 info: initialization of "Temp" proved
--> mj-rigid_primitives.adb:83:10

 info: initialization of "Mid" proved
--> mj-rigid_primitives.adb:83:16

 info: initialization of "Numerator" proved
--> mj-rigid_primitives.adb:83:21

 info: initialization of "Denominator" proved
--> mj-rigid_primitives.adb:83:32

 info: initialization of "Offset" proved
--> mj-rigid_primitives.adb:83:45

 info: initialization of "Best" proved
--> mj-rigid_primitives.adb:83:53

 info: initialization of "Dist" proved
--> mj-rigid_primitives.adb:83:59

 info: initialization of "V" proved
--> mj-rigid_primitives.adb:84:07

 info: initialization of "J" proved
--> mj-rigid_primitives.adb:85:07

 warning: initialization of "Face_Best" has no effect
--> mj-rigid_primitives.adb:131:07
  131 |          Best, Face_Best : Real := -1.0e100;
      |          ^~~~~~~~~~~~~~~~~~~~~~~~~~~~~~~~~~

 warning: initialization of "Face_Code" has no effect
--> mj-rigid_primitives.adb:132:07
  132 |          Code, Face_Code : Natural := 0;
      |          ^~~~~~~~~~~~~~~~~~~~~~~~~~~~~~

 info: initialization of "I1" proved
--> mj-rigid_primitives.adb:133:07

 info: initialization of "I2" proved
--> mj-rigid_primitives.adb:133:11

 info: initialization of "J1" proved
--> mj-rigid_primitives.adb:133:15

 info: initialization of "J2" proved
--> mj-rigid_primitives.adb:133:19

 info: initialization of "AX1" proved
--> mj-rigid_primitives.adb:134:07

 info: initialization of "AX2" proved
--> mj-rigid_primitives.adb:134:12

 info: initialization of "N2" proved
--> mj-rigid_primitives.adb:134:17

 info: initialization of "Inv" proved
--> mj-rigid_primitives.adb:134:21

 info: initialization of "Rad1" proved
--> mj-rigid_primitives.adb:134:26

 info: initialization of "Rad2" proved
--> mj-rigid_primitives.adb:134:32

 info: initialization of "Sep" proved
--> mj-rigid_primitives.adb:134:38

 info: initialization of "B1" proved
--> mj-rigid_primitives.adb:134:43

 info: initialization of "B2" proved
--> mj-rigid_primitives.adb:134:47

 info: initialization of "Ref_Size" proved
--> mj-rigid_primitives.adb:135:07

 info: initialization of "Inc_Size" proved
--> mj-rigid_primitives.adb:135:17

 info: initialization of "T" proved
--> mj-rigid_primitives.adb:135:27

 info: initialization of "CX" proved
--> mj-rigid_primitives.adb:135:30

 info: initialization of "DU" proved
--> mj-rigid_primitives.adb:135:34

 info: initialization of "DV" proved
--> mj-rigid_primitives.adb:135:38

 info: initialization of "Ref_Axis" proved
--> mj-rigid_primitives.adb:137:07

 info: initialization of "Inc_Axis" proved
--> mj-rigid_primitives.adb:137:17

 info: initialization of "AX" proved
--> mj-rigid_primitives.adb:137:27

 info: initialization of "AY" proved
--> mj-rigid_primitives.adb:137:31

 info: initialization of "BU" proved
--> mj-rigid_primitives.adb:137:35

 info: initialization of "BV" proved
--> mj-rigid_primitives.adb:137:39

 info: initialization of "Sign" proved
--> mj-rigid_primitives.adb:138:07

 info: initialization of "Inc_Sign" proved
--> mj-rigid_primitives.adb:138:13

 info: initialization of "Edge_Axis" proved
--> mj-rigid_primitives.adb:139:07

 info: initialization of "A2" proved
--> mj-rigid_primitives.adb:139:18

 info: initialization of "D2" proved
--> mj-rigid_primitives.adb:139:22

 info: initialization of "C1" proved
--> mj-rigid_primitives.adb:139:26

 info: initialization of "CC" proved
--> mj-rigid_primitives.adb:139:30

 info: initialization of "C2" proved
--> mj-rigid_primitives.adb:139:34

 info: initialization of "E" proved
--> mj-rigid_primitives.adb:139:38

 info: initialization of "P1" proved
--> mj-rigid_primitives.adb:139:41

 info: initialization of "P2" proved
--> mj-rigid_primitives.adb:139:45

 info: initialization of "Gap" proved
--> mj-rigid_primitives.adb:139:49

 info: initialization of "W1" proved
--> mj-rigid_primitives.adb:139:54

 info: initialization of "W2" proved
--> mj-rigid_primitives.adb:139:58

 info: initialization of "Amb1" proved
--> mj-rigid_primitives.adb:140:07

 info: initialization of "Amb2" proved
--> mj-rigid_primitives.adb:140:13

 info: initialization of "Edge_I" proved
--> mj-rigid_primitives.adb:141:07

 info: initialization of "Edge_J" proved
--> mj-rigid_primitives.adb:141:15

 info: initialization of "Face_Dot" proved
--> mj-rigid_primitives.adb:142:07

 info: initialization of "Denom" proved
--> mj-rigid_primitives.adb:142:17

 info: initialization of "S0" proved
--> mj-rigid_primitives.adb:142:24

 info: initialization of "T0" proved
--> mj-rigid_primitives.adb:142:28

 info: initialization of "Gap2" proved
--> mj-rigid_primitives.adb:142:32

 info: initialization of "Best_Gap" proved
--> mj-rigid_primitives.adb:142:38

 info: initialization of "Out_N" proved, in call inlined at mj-rigid_primitives.adb:263
--> mj-rigid_primitives.adb:150:10

 info: initialization of "Out_N" proved, in call inlined at mj-rigid_primitives.adb:262
--> mj-rigid_primitives.adb:150:10

 info: initialization of "Out_N" proved
--> mj-rigid_primitives.adb:150:10

 info: initialization of "Next" proved, in call inlined at mj-rigid_primitives.adb:263
--> mj-rigid_primitives.adb:150:17

 info: initialization of "Next" proved, in call inlined at mj-rigid_primitives.adb:262
--> mj-rigid_primitives.adb:150:17

 info: initialization of "Next" proved
--> mj-rigid_primitives.adb:150:17

 info: initialization of "DP" proved, in call inlined at mj-rigid_primitives.adb:263
--> mj-rigid_primitives.adb:151:10

 info: initialization of "DP" proved, in call inlined at mj-rigid_primitives.adb:262
--> mj-rigid_primitives.adb:151:10

 info: initialization of "DP" proved
--> mj-rigid_primitives.adb:151:10

 info: initialization of "DQ" proved, in call inlined at mj-rigid_primitives.adb:263
--> mj-rigid_primitives.adb:151:14

 info: initialization of "DQ" proved, in call inlined at mj-rigid_primitives.adb:262
--> mj-rigid_primitives.adb:151:14

 info: initialization of "DQ" proved
--> mj-rigid_primitives.adb:151:14

 info: initialization of "F" proved, in call inlined at mj-rigid_primitives.adb:263
--> mj-rigid_primitives.adb:151:18

 info: initialization of "F" proved, in call inlined at mj-rigid_primitives.adb:262
--> mj-rigid_primitives.adb:151:18

 info: initialization of "F" proved
--> mj-rigid_primitives.adb:151:18

 warning: unused assignment
--> mj-rigid_primitives.adb:205:106
  205 |             if Face_Dot > 0.99 and Best < Face_Best+0.05*abs Face_Best+Min_Val then Code := Face_Code; Best := Face_Best; end if;
      |                                                                                                        ~~~~~^~~~~~~~~~~~

 info: analyzing call to "Clip_Polygon" in context
--> mj-rigid_primitives.adb:262:07

 info: analyzing call to "Clip_Polygon" in context
--> mj-rigid_primitives.adb:262:45

 info: analyzing call to "Clip_Polygon" in context
--> mj-rigid_primitives.adb:263:07

 info: analyzing call to "Clip_Polygon" in context
--> mj-rigid_primitives.adb:263:45

 info: implicit aspect Always_Terminates on "Sphere_Pair" has been proved, subprogram will terminate
--> mj-rigid_primitives.ads:5:13

 info: data dependencies proved
--> mj-rigid_primitives.ads:6:11

 info: implicit aspect Always_Terminates on "Sphere_Cylinder" has been proved, subprogram will terminate
--> mj-rigid_primitives.ads:7:13

 info: data dependencies proved
--> mj-rigid_primitives.ads:8:11

 info: implicit aspect Always_Terminates on "Capsule_Capsule" has been proved, subprogram will terminate
--> mj-rigid_primitives.ads:9:13

 info: data dependencies proved
--> mj-rigid_primitives.ads:10:11

 info: implicit aspect Always_Terminates on "Capsule_Box" has been proved, subprogram will terminate
--> mj-rigid_primitives.ads:12:13

 info: data dependencies proved
--> mj-rigid_primitives.ads:13:11

 info: implicit aspect Always_Terminates on "Box_Box" has been proved, subprogram will terminate
--> mj-rigid_primitives.ads:14:13

 info: data dependencies proved
--> mj-rigid_primitives.ads:15:11
Success: all checks proved (88 checks).
Summary logged in /var/tmp/sparkling-rigid-collision-reports-20261001/proof-build/flow-mj-rigid_primitives.adb/validation/obj/gnatprove/gnatprove.out
guarded: elapsed 1.5 s, peak group RSS 51 MB
