Phase 1 of 3: generation of data representation information ...
Phase 2 of 3: generation of Global contracts ...
Phase 3 of 3: analysis of data and information flow ...
 info: implicit aspect Always_Terminates on "Support_Point" has been proved, subprogram will terminate
--> mj-rigid_ccd.adb:17:13

 info: initialization of "V" proved
--> mj-rigid_ccd.adb:18:07

 info: implicit aspect Always_Terminates on "Minkowski" has been proved, subprogram will terminate
--> mj-rigid_ccd.adb:30:13

 info: no contextual analysis of "Support_Point" (inside expression function)
--> mj-rigid_ccd.adb:31:12

 info: no contextual analysis of "Support_Point" (inside expression function)
--> mj-rigid_ccd.adb:31:54

 info: aspect Always_Terminates on "Intersection" has been proved, subprogram will terminate
--> mj-rigid_ccd.adb:33:14

 info: initialization of "Result" proved
--> mj-rigid_ccd.adb:35:28

 info: initialization of "I" proved
--> mj-rigid_ccd.adb:40:07

 info: initialization of "J" proved
--> mj-rigid_ccd.adb:40:10

 info: initialization of "Worst" proved
--> mj-rigid_ccd.adb:40:13

 info: initialization of "Swap" proved
--> mj-rigid_ccd.adb:40:20

 info: initialization of "N" proved
--> mj-rigid_ccd.adb:41:49

 info: initialization of "Distance" proved
--> mj-rigid_ccd.adb:41:62

 info: initialization of "Len2" proved, in call inlined at mj-rigid_ccd.adb:57
--> mj-rigid_ccd.adb:42:10

 info: initialization of "Len2" proved, in call inlined at mj-rigid_ccd.adb:56
--> mj-rigid_ccd.adb:42:10

 info: initialization of "Len2" proved, in call inlined at mj-rigid_ccd.adb:55
--> mj-rigid_ccd.adb:42:10

 info: initialization of "Len2" proved, in call inlined at mj-rigid_ccd.adb:54
--> mj-rigid_ccd.adb:42:10

 info: initialization of "Len2" proved
--> mj-rigid_ccd.adb:42:10

 info: analyzing call to "Signed_Distance" in context
--> mj-rigid_ccd.adb:54:10

 info: analyzing call to "Signed_Distance" in context
--> mj-rigid_ccd.adb:55:10

 info: analyzing call to "Signed_Distance" in context
--> mj-rigid_ccd.adb:56:10

 info: analyzing call to "Signed_Distance" in context
--> mj-rigid_ccd.adb:57:10

 info: implicit aspect Always_Terminates on "GJK" has been proved, subprogram will terminate
--> mj-rigid_ccd.adb:71:13

 info: initialization of "R" proved, in call inlined at mj-rigid_ccd.adb:212
--> mj-rigid_ccd.adb:73:07

 info: initialization of "R" proved, in call inlined at mj-rigid_ccd.adb:216
--> mj-rigid_ccd.adb:73:07

 info: initialization of "R" proved
--> mj-rigid_ccd.adb:73:07

 warning: initialization of "L" has no effect, in call inlined at mj-rigid_ccd.adb:212
--> mj-rigid_ccd.adb:74:07
   74 |          L : Coefficients := [others => 0.0];
      |          ^~~~~~~~~~~~~~~~~~~~~~~~~~~~~~~~

 warning: initialization of "L" has no effect, in call inlined at mj-rigid_ccd.adb:216
--> mj-rigid_ccd.adb:74:07
   74 |          L : Coefficients := [others => 0.0];
      |          ^~~~~~~~~~~~~~~~~~~~~~~~~~~~~~~~

 warning: initialization of "L" has no effect
--> mj-rigid_ccd.adb:74:07
   74 |          L : Coefficients := [others => 0.0];
      |          ^~~~~~~~~~~~~~~~~~~~~~~~~~~~~~~~~~

 info: initialization of "W" proved, in call inlined at mj-rigid_ccd.adb:212
--> mj-rigid_ccd.adb:76:07

 info: initialization of "W" proved, in call inlined at mj-rigid_ccd.adb:216
--> mj-rigid_ccd.adb:76:07

 info: initialization of "W" proved
--> mj-rigid_ccd.adb:76:07

 info: initialization of "D" proved, in call inlined at mj-rigid_ccd.adb:212
--> mj-rigid_ccd.adb:76:10

 info: initialization of "D" proved, in call inlined at mj-rigid_ccd.adb:216
--> mj-rigid_ccd.adb:76:10

 info: initialization of "D" proved
--> mj-rigid_ccd.adb:76:10

 info: initialization of "NN" proved, in call inlined at mj-rigid_ccd.adb:216
--> mj-rigid_ccd.adb:79:07

 info: initialization of "NN" proved, in call inlined at mj-rigid_ccd.adb:212
--> mj-rigid_ccd.adb:79:07

 info: initialization of "NN" proved
--> mj-rigid_ccd.adb:79:07

 info: initialization of "Lower" proved, in call inlined at mj-rigid_ccd.adb:216
--> mj-rigid_ccd.adb:80:07

 info: initialization of "Lower" proved, in call inlined at mj-rigid_ccd.adb:212
--> mj-rigid_ccd.adb:80:07

 info: initialization of "Lower" proved
--> mj-rigid_ccd.adb:80:07

 info: initialization of "Ret" proved, in call inlined at mj-rigid_ccd.adb:216
--> mj-rigid_ccd.adb:83:07

 info: initialization of "Ret" proved, in call inlined at mj-rigid_ccd.adb:212
--> mj-rigid_ccd.adb:83:07

 info: initialization of "Ret" proved
--> mj-rigid_ccd.adb:83:07

 info: initialization of "Vbackup" proved, in call inlined at mj-rigid_ccd.adb:216
--> mj-rigid_ccd.adb:84:07

 info: initialization of "Vbackup" proved, in call inlined at mj-rigid_ccd.adb:212
--> mj-rigid_ccd.adb:84:07

 info: initialization of "Vbackup" proved
--> mj-rigid_ccd.adb:84:07

 warning: "Vbackup" is set by "Intersection" but not used after the call, in call inlined at mj-rigid_ccd.adb:212
--> mj-rigid_ccd.adb:99:49
   99 |                Intersection (A, B, PA, PB, Margin, Vbackup, K, O.Iterations, Ret);
      |                                                    ^

 warning: unused assignment, in call inlined at mj-rigid_ccd.adb:212
--> mj-rigid_ccd.adb:102:70
  102 |                   R.Distance := (if Ret = 1 then 0.0 else 1.0e100); R.V := Vbackup; return R;
      |                                                                     ~~~~^~~~

 info: implicit aspect Always_Terminates on "Face_Distance" has been proved, subprogram will terminate
--> mj-rigid_ccd.adb:127:13

 info: initialization of "P" proved
--> mj-rigid_ccd.adb:128:07

 info: initialization of "P" proved, in call inlined at mj-rigid_ccd.adb:158
--> mj-rigid_ccd.adb:128:07

 info: initialization of "P" proved, in call inlined at mj-rigid_ccd.adb:221
--> mj-rigid_ccd.adb:128:07

 info: initialization of "P" proved, in call inlined at mj-rigid_ccd.adb:158, in call inlined at mj-rigid_ccd.adb:192, in call inlined at mj-rigid_ccd.adb:219
--> mj-rigid_ccd.adb:128:07

 info: initialization of "P" proved, in call inlined at mj-rigid_ccd.adb:158, in call inlined at mj-rigid_ccd.adb:191, in call inlined at mj-rigid_ccd.adb:219
--> mj-rigid_ccd.adb:128:07

 info: initialization of "P" proved, in call inlined at mj-rigid_ccd.adb:158, in call inlined at mj-rigid_ccd.adb:190, in call inlined at mj-rigid_ccd.adb:219
--> mj-rigid_ccd.adb:128:07

 info: initialization of "P" proved, in call inlined at mj-rigid_ccd.adb:158, in call inlined at mj-rigid_ccd.adb:189, in call inlined at mj-rigid_ccd.adb:219
--> mj-rigid_ccd.adb:128:07

 info: initialization of "P" proved, in call inlined at mj-rigid_ccd.adb:158, in call inlined at mj-rigid_ccd.adb:188, in call inlined at mj-rigid_ccd.adb:219
--> mj-rigid_ccd.adb:128:07

 info: initialization of "P" proved, in call inlined at mj-rigid_ccd.adb:158, in call inlined at mj-rigid_ccd.adb:187, in call inlined at mj-rigid_ccd.adb:219
--> mj-rigid_ccd.adb:128:07

 info: initialization of "P" proved, in call inlined at mj-rigid_ccd.adb:158, in call inlined at mj-rigid_ccd.adb:187
--> mj-rigid_ccd.adb:128:07

 info: initialization of "P" proved, in call inlined at mj-rigid_ccd.adb:158, in call inlined at mj-rigid_ccd.adb:190
--> mj-rigid_ccd.adb:128:07

 info: initialization of "P" proved, in call inlined at mj-rigid_ccd.adb:158, in call inlined at mj-rigid_ccd.adb:188
--> mj-rigid_ccd.adb:128:07

 info: initialization of "P" proved, in call inlined at mj-rigid_ccd.adb:158, in call inlined at mj-rigid_ccd.adb:191
--> mj-rigid_ccd.adb:128:07

 info: initialization of "P" proved, in call inlined at mj-rigid_ccd.adb:158, in call inlined at mj-rigid_ccd.adb:189
--> mj-rigid_ccd.adb:128:07

 info: initialization of "P" proved, in call inlined at mj-rigid_ccd.adb:158, in call inlined at mj-rigid_ccd.adb:192
--> mj-rigid_ccd.adb:128:07

 info: initialization of "Degenerate" proved
--> mj-rigid_ccd.adb:129:07

 info: initialization of "Degenerate" proved, in call inlined at mj-rigid_ccd.adb:158
--> mj-rigid_ccd.adb:129:07

 info: initialization of "Degenerate" proved, in call inlined at mj-rigid_ccd.adb:221
--> mj-rigid_ccd.adb:129:07

 info: initialization of "Degenerate" proved, in call inlined at mj-rigid_ccd.adb:158, in call inlined at mj-rigid_ccd.adb:192, in call inlined at mj-rigid_ccd.adb:219
--> mj-rigid_ccd.adb:129:07

 info: initialization of "Degenerate" proved, in call inlined at mj-rigid_ccd.adb:158, in call inlined at mj-rigid_ccd.adb:191, in call inlined at mj-rigid_ccd.adb:219
--> mj-rigid_ccd.adb:129:07

 info: initialization of "Degenerate" proved, in call inlined at mj-rigid_ccd.adb:158, in call inlined at mj-rigid_ccd.adb:190, in call inlined at mj-rigid_ccd.adb:219
--> mj-rigid_ccd.adb:129:07

 info: initialization of "Degenerate" proved, in call inlined at mj-rigid_ccd.adb:158, in call inlined at mj-rigid_ccd.adb:189, in call inlined at mj-rigid_ccd.adb:219
--> mj-rigid_ccd.adb:129:07

 info: initialization of "Degenerate" proved, in call inlined at mj-rigid_ccd.adb:158, in call inlined at mj-rigid_ccd.adb:188, in call inlined at mj-rigid_ccd.adb:219
--> mj-rigid_ccd.adb:129:07

 info: initialization of "Degenerate" proved, in call inlined at mj-rigid_ccd.adb:158, in call inlined at mj-rigid_ccd.adb:187, in call inlined at mj-rigid_ccd.adb:219
--> mj-rigid_ccd.adb:129:07

 info: initialization of "Degenerate" proved, in call inlined at mj-rigid_ccd.adb:158, in call inlined at mj-rigid_ccd.adb:187
--> mj-rigid_ccd.adb:129:07

 info: initialization of "Degenerate" proved, in call inlined at mj-rigid_ccd.adb:158, in call inlined at mj-rigid_ccd.adb:190
--> mj-rigid_ccd.adb:129:07

 info: initialization of "Degenerate" proved, in call inlined at mj-rigid_ccd.adb:158, in call inlined at mj-rigid_ccd.adb:188
--> mj-rigid_ccd.adb:129:07

 info: initialization of "Degenerate" proved, in call inlined at mj-rigid_ccd.adb:158, in call inlined at mj-rigid_ccd.adb:191
--> mj-rigid_ccd.adb:129:07

 info: initialization of "Degenerate" proved, in call inlined at mj-rigid_ccd.adb:158, in call inlined at mj-rigid_ccd.adb:189
--> mj-rigid_ccd.adb:129:07

 info: initialization of "Degenerate" proved, in call inlined at mj-rigid_ccd.adb:158, in call inlined at mj-rigid_ccd.adb:192
--> mj-rigid_ccd.adb:129:07

 info: implicit aspect Always_Terminates on "Triangle_Point" has been proved, subprogram will terminate
--> mj-rigid_ccd.adb:135:13

 info: initialization of "Cof" proved
--> mj-rigid_ccd.adb:136:07

 info: initialization of "Cof" proved, in call inlined at mj-rigid_ccd.adb:155
--> mj-rigid_ccd.adb:136:07

 info: initialization of "Cof" proved, in call inlined at mj-rigid_ccd.adb:155, in call inlined at mj-rigid_ccd.adb:192, in call inlined at mj-rigid_ccd.adb:219
--> mj-rigid_ccd.adb:136:07

 info: initialization of "Cof" proved, in call inlined at mj-rigid_ccd.adb:155, in call inlined at mj-rigid_ccd.adb:191, in call inlined at mj-rigid_ccd.adb:219
--> mj-rigid_ccd.adb:136:07

 info: initialization of "Cof" proved, in call inlined at mj-rigid_ccd.adb:155, in call inlined at mj-rigid_ccd.adb:190, in call inlined at mj-rigid_ccd.adb:219
--> mj-rigid_ccd.adb:136:07

 info: initialization of "Cof" proved, in call inlined at mj-rigid_ccd.adb:155, in call inlined at mj-rigid_ccd.adb:189, in call inlined at mj-rigid_ccd.adb:219
--> mj-rigid_ccd.adb:136:07

 info: initialization of "Cof" proved, in call inlined at mj-rigid_ccd.adb:155, in call inlined at mj-rigid_ccd.adb:188, in call inlined at mj-rigid_ccd.adb:219
--> mj-rigid_ccd.adb:136:07

 info: initialization of "Cof" proved, in call inlined at mj-rigid_ccd.adb:155, in call inlined at mj-rigid_ccd.adb:187, in call inlined at mj-rigid_ccd.adb:219
--> mj-rigid_ccd.adb:136:07

 info: initialization of "Cof" proved, in call inlined at mj-rigid_ccd.adb:155, in call inlined at mj-rigid_ccd.adb:189
--> mj-rigid_ccd.adb:136:07

 info: initialization of "Cof" proved, in call inlined at mj-rigid_ccd.adb:155, in call inlined at mj-rigid_ccd.adb:192
--> mj-rigid_ccd.adb:136:07

 info: initialization of "Cof" proved, in call inlined at mj-rigid_ccd.adb:155, in call inlined at mj-rigid_ccd.adb:187
--> mj-rigid_ccd.adb:136:07

 info: initialization of "Cof" proved, in call inlined at mj-rigid_ccd.adb:155, in call inlined at mj-rigid_ccd.adb:190
--> mj-rigid_ccd.adb:136:07

 info: initialization of "Cof" proved, in call inlined at mj-rigid_ccd.adb:155, in call inlined at mj-rigid_ccd.adb:188
--> mj-rigid_ccd.adb:136:07

 info: initialization of "Cof" proved, in call inlined at mj-rigid_ccd.adb:155, in call inlined at mj-rigid_ccd.adb:191
--> mj-rigid_ccd.adb:136:07

 info: initialization of "X" proved
--> mj-rigid_ccd.adb:136:12

 info: initialization of "X" proved, in call inlined at mj-rigid_ccd.adb:155
--> mj-rigid_ccd.adb:136:12

 info: initialization of "X" proved, in call inlined at mj-rigid_ccd.adb:155, in call inlined at mj-rigid_ccd.adb:192, in call inlined at mj-rigid_ccd.adb:219
--> mj-rigid_ccd.adb:136:12

 info: initialization of "X" proved, in call inlined at mj-rigid_ccd.adb:155, in call inlined at mj-rigid_ccd.adb:191, in call inlined at mj-rigid_ccd.adb:219
--> mj-rigid_ccd.adb:136:12

 info: initialization of "X" proved, in call inlined at mj-rigid_ccd.adb:155, in call inlined at mj-rigid_ccd.adb:190, in call inlined at mj-rigid_ccd.adb:219
--> mj-rigid_ccd.adb:136:12

 info: initialization of "X" proved, in call inlined at mj-rigid_ccd.adb:155, in call inlined at mj-rigid_ccd.adb:189, in call inlined at mj-rigid_ccd.adb:219
--> mj-rigid_ccd.adb:136:12

 info: initialization of "X" proved, in call inlined at mj-rigid_ccd.adb:155, in call inlined at mj-rigid_ccd.adb:188, in call inlined at mj-rigid_ccd.adb:219
--> mj-rigid_ccd.adb:136:12

 info: initialization of "X" proved, in call inlined at mj-rigid_ccd.adb:155, in call inlined at mj-rigid_ccd.adb:187, in call inlined at mj-rigid_ccd.adb:219
--> mj-rigid_ccd.adb:136:12

 info: initialization of "X" proved, in call inlined at mj-rigid_ccd.adb:155, in call inlined at mj-rigid_ccd.adb:188
--> mj-rigid_ccd.adb:136:12

 info: initialization of "X" proved, in call inlined at mj-rigid_ccd.adb:155, in call inlined at mj-rigid_ccd.adb:191
--> mj-rigid_ccd.adb:136:12

 info: initialization of "X" proved, in call inlined at mj-rigid_ccd.adb:155, in call inlined at mj-rigid_ccd.adb:189
--> mj-rigid_ccd.adb:136:12

 info: initialization of "X" proved, in call inlined at mj-rigid_ccd.adb:155, in call inlined at mj-rigid_ccd.adb:192
--> mj-rigid_ccd.adb:136:12

 info: initialization of "X" proved, in call inlined at mj-rigid_ccd.adb:155, in call inlined at mj-rigid_ccd.adb:187
--> mj-rigid_ccd.adb:136:12

 info: initialization of "X" proved, in call inlined at mj-rigid_ccd.adb:155, in call inlined at mj-rigid_ccd.adb:190
--> mj-rigid_ccd.adb:136:12

 info: initialization of "M" proved
--> mj-rigid_ccd.adb:137:07

 info: initialization of "M" proved, in call inlined at mj-rigid_ccd.adb:155
--> mj-rigid_ccd.adb:137:07

 info: initialization of "M" proved, in call inlined at mj-rigid_ccd.adb:155, in call inlined at mj-rigid_ccd.adb:187, in call inlined at mj-rigid_ccd.adb:219
--> mj-rigid_ccd.adb:137:07

 info: initialization of "M" proved, in call inlined at mj-rigid_ccd.adb:155, in call inlined at mj-rigid_ccd.adb:192, in call inlined at mj-rigid_ccd.adb:219
--> mj-rigid_ccd.adb:137:07

 info: initialization of "M" proved, in call inlined at mj-rigid_ccd.adb:155, in call inlined at mj-rigid_ccd.adb:191, in call inlined at mj-rigid_ccd.adb:219
--> mj-rigid_ccd.adb:137:07

 info: initialization of "M" proved, in call inlined at mj-rigid_ccd.adb:155, in call inlined at mj-rigid_ccd.adb:190, in call inlined at mj-rigid_ccd.adb:219
--> mj-rigid_ccd.adb:137:07

 info: initialization of "M" proved, in call inlined at mj-rigid_ccd.adb:155, in call inlined at mj-rigid_ccd.adb:189, in call inlined at mj-rigid_ccd.adb:219
--> mj-rigid_ccd.adb:137:07

 info: initialization of "M" proved, in call inlined at mj-rigid_ccd.adb:155, in call inlined at mj-rigid_ccd.adb:188, in call inlined at mj-rigid_ccd.adb:219
--> mj-rigid_ccd.adb:137:07

 info: initialization of "M" proved, in call inlined at mj-rigid_ccd.adb:155, in call inlined at mj-rigid_ccd.adb:188
--> mj-rigid_ccd.adb:137:07

 info: initialization of "M" proved, in call inlined at mj-rigid_ccd.adb:155, in call inlined at mj-rigid_ccd.adb:191
--> mj-rigid_ccd.adb:137:07

 info: initialization of "M" proved, in call inlined at mj-rigid_ccd.adb:155, in call inlined at mj-rigid_ccd.adb:189
--> mj-rigid_ccd.adb:137:07

 info: initialization of "M" proved, in call inlined at mj-rigid_ccd.adb:155, in call inlined at mj-rigid_ccd.adb:192
--> mj-rigid_ccd.adb:137:07

 info: initialization of "M" proved, in call inlined at mj-rigid_ccd.adb:155, in call inlined at mj-rigid_ccd.adb:187
--> mj-rigid_ccd.adb:137:07

 info: initialization of "M" proved, in call inlined at mj-rigid_ccd.adb:155, in call inlined at mj-rigid_ccd.adb:190
--> mj-rigid_ccd.adb:137:07

 info: implicit aspect Always_Terminates on "Polytope_3" has been proved, subprogram will terminate
--> mj-rigid_ccd.adb:147:13

 info: initialization of "V4" proved
--> mj-rigid_ccd.adb:150:07

 info: initialization of "V4" proved, in call inlined at mj-rigid_ccd.adb:191, in call inlined at mj-rigid_ccd.adb:219
--> mj-rigid_ccd.adb:150:07

 info: initialization of "V4" proved, in call inlined at mj-rigid_ccd.adb:190, in call inlined at mj-rigid_ccd.adb:219
--> mj-rigid_ccd.adb:150:07

 info: initialization of "V4" proved, in call inlined at mj-rigid_ccd.adb:189, in call inlined at mj-rigid_ccd.adb:219
--> mj-rigid_ccd.adb:150:07

 info: initialization of "V4" proved, in call inlined at mj-rigid_ccd.adb:188, in call inlined at mj-rigid_ccd.adb:219
--> mj-rigid_ccd.adb:150:07

 info: initialization of "V4" proved, in call inlined at mj-rigid_ccd.adb:187, in call inlined at mj-rigid_ccd.adb:219
--> mj-rigid_ccd.adb:150:07

 info: initialization of "V4" proved, in call inlined at mj-rigid_ccd.adb:192, in call inlined at mj-rigid_ccd.adb:219
--> mj-rigid_ccd.adb:150:07

 info: initialization of "V4" proved, in call inlined at mj-rigid_ccd.adb:187
--> mj-rigid_ccd.adb:150:07

 info: initialization of "V4" proved, in call inlined at mj-rigid_ccd.adb:190
--> mj-rigid_ccd.adb:150:07

 info: initialization of "V4" proved, in call inlined at mj-rigid_ccd.adb:188
--> mj-rigid_ccd.adb:150:07

 info: initialization of "V4" proved, in call inlined at mj-rigid_ccd.adb:191
--> mj-rigid_ccd.adb:150:07

 info: initialization of "V4" proved, in call inlined at mj-rigid_ccd.adb:189
--> mj-rigid_ccd.adb:150:07

 info: initialization of "V4" proved, in call inlined at mj-rigid_ccd.adb:192
--> mj-rigid_ccd.adb:150:07

 info: initialization of "V5" proved
--> mj-rigid_ccd.adb:150:11

 info: initialization of "V5" proved, in call inlined at mj-rigid_ccd.adb:191, in call inlined at mj-rigid_ccd.adb:219
--> mj-rigid_ccd.adb:150:11

 info: initialization of "V5" proved, in call inlined at mj-rigid_ccd.adb:190, in call inlined at mj-rigid_ccd.adb:219
--> mj-rigid_ccd.adb:150:11

 info: initialization of "V5" proved, in call inlined at mj-rigid_ccd.adb:189, in call inlined at mj-rigid_ccd.adb:219
--> mj-rigid_ccd.adb:150:11

 info: initialization of "V5" proved, in call inlined at mj-rigid_ccd.adb:188, in call inlined at mj-rigid_ccd.adb:219
--> mj-rigid_ccd.adb:150:11

 info: initialization of "V5" proved, in call inlined at mj-rigid_ccd.adb:187, in call inlined at mj-rigid_ccd.adb:219
--> mj-rigid_ccd.adb:150:11

 info: initialization of "V5" proved, in call inlined at mj-rigid_ccd.adb:192, in call inlined at mj-rigid_ccd.adb:219
--> mj-rigid_ccd.adb:150:11

 info: initialization of "V5" proved, in call inlined at mj-rigid_ccd.adb:187
--> mj-rigid_ccd.adb:150:11

 info: initialization of "V5" proved, in call inlined at mj-rigid_ccd.adb:190
--> mj-rigid_ccd.adb:150:11

 info: initialization of "V5" proved, in call inlined at mj-rigid_ccd.adb:188
--> mj-rigid_ccd.adb:150:11

 info: initialization of "V5" proved, in call inlined at mj-rigid_ccd.adb:191
--> mj-rigid_ccd.adb:150:11

 info: initialization of "V5" proved, in call inlined at mj-rigid_ccd.adb:189
--> mj-rigid_ccd.adb:150:11

 info: initialization of "V5" proved, in call inlined at mj-rigid_ccd.adb:192
--> mj-rigid_ccd.adb:150:11

 info: analyzing call to "Triangle_Point" in context
--> mj-rigid_ccd.adb:155:10

 info: no contextual analysis of "Triangle_Point" (in potentially unevaluated context)
--> mj-rigid_ccd.adb:155:50

 info: analyzing call to "Face_Distance" in context
--> mj-rigid_ccd.adb:158:14

 info: no contextual analysis of "Face_Distance" (in potentially unevaluated context)
--> mj-rigid_ccd.adb:159:18

 info: no contextual analysis of "Face_Distance" (in potentially unevaluated context)
--> mj-rigid_ccd.adb:160:18

 info: no contextual analysis of "Face_Distance" (in potentially unevaluated context)
--> mj-rigid_ccd.adb:161:18

 info: no contextual analysis of "Face_Distance" (in potentially unevaluated context)
--> mj-rigid_ccd.adb:162:18

 info: no contextual analysis of "Face_Distance" (in potentially unevaluated context)
--> mj-rigid_ccd.adb:163:18

 info: implicit aspect Always_Terminates on "Polytope_2" has been proved, subprogram will terminate
--> mj-rigid_ccd.adb:166:13

 info: initialization of "U" proved, in call inlined at mj-rigid_ccd.adb:219
--> mj-rigid_ccd.adb:171:07

 info: initialization of "U" proved
--> mj-rigid_ccd.adb:171:07

 info: initialization of "D1" proved, in call inlined at mj-rigid_ccd.adb:219
--> mj-rigid_ccd.adb:171:10

 info: initialization of "D1" proved
--> mj-rigid_ccd.adb:171:10

 info: initialization of "D2" proved, in call inlined at mj-rigid_ccd.adb:219
--> mj-rigid_ccd.adb:171:14

 info: initialization of "D2" proved
--> mj-rigid_ccd.adb:171:14

 info: initialization of "D3" proved, in call inlined at mj-rigid_ccd.adb:219
--> mj-rigid_ccd.adb:171:18

 info: initialization of "D3" proved
--> mj-rigid_ccd.adb:171:18

 info: initialization of "V3" proved, in call inlined at mj-rigid_ccd.adb:219
--> mj-rigid_ccd.adb:171:22

 info: initialization of "V3" proved
--> mj-rigid_ccd.adb:171:22

 info: initialization of "V4" proved, in call inlined at mj-rigid_ccd.adb:219
--> mj-rigid_ccd.adb:171:26

 info: initialization of "V4" proved
--> mj-rigid_ccd.adb:171:26

 info: initialization of "V5" proved, in call inlined at mj-rigid_ccd.adb:219
--> mj-rigid_ccd.adb:171:30

 info: initialization of "V5" proved
--> mj-rigid_ccd.adb:171:30

 info: initialization of "R" proved, in call inlined at mj-rigid_ccd.adb:219
--> mj-rigid_ccd.adb:172:07

 info: initialization of "R" proved
--> mj-rigid_ccd.adb:172:07

 info: initialization of "Vol1" proved, in call inlined at mj-rigid_ccd.adb:219
--> mj-rigid_ccd.adb:173:07

 info: initialization of "Vol1" proved
--> mj-rigid_ccd.adb:173:07

 info: initialization of "Vol2" proved, in call inlined at mj-rigid_ccd.adb:219
--> mj-rigid_ccd.adb:173:13

 info: initialization of "Vol2" proved
--> mj-rigid_ccd.adb:173:13

 info: initialization of "Vol3" proved, in call inlined at mj-rigid_ccd.adb:219
--> mj-rigid_ccd.adb:173:19

 info: initialization of "Vol3" proved
--> mj-rigid_ccd.adb:173:19

 info: implicit aspect Always_Terminates on "Check" has been proved, subprogram will terminate, in call inlined at mj-rigid_ccd.adb:219
--> mj-rigid_ccd.adb:174:16

 info: implicit aspect Always_Terminates on "Check" has been proved, subprogram will terminate
--> mj-rigid_ccd.adb:174:16

 info: no contextual analysis of "Face_Distance" (inside expression function)
--> mj-rigid_ccd.adb:175:10

 info: analyzing call to "Polytope_3" in context
--> mj-rigid_ccd.adb:187:45

 info: analyzing call to "Polytope_3" in context
--> mj-rigid_ccd.adb:188:45

 info: analyzing call to "Polytope_3" in context
--> mj-rigid_ccd.adb:189:45

 info: analyzing call to "Polytope_3" in context
--> mj-rigid_ccd.adb:190:45

 info: analyzing call to "Polytope_3" in context
--> mj-rigid_ccd.adb:191:45

 info: analyzing call to "Polytope_3" in context
--> mj-rigid_ccd.adb:192:45

 info: initialization of "R" proved
--> mj-rigid_ccd.adb:200:07

 info: implicit aspect Always_Terminates on "P3" has been proved, subprogram will terminate
--> mj-rigid_ccd.adb:202:16

 info: no contextual analysis of "Polytope_3" (inside expression function)
--> mj-rigid_ccd.adb:203:10

 info: analyzing call to "GJK" in context
--> mj-rigid_ccd.adb:212:15

 info: analyzing call to "GJK" in context
--> mj-rigid_ccd.adb:216:12

 info: analyzing call to "Polytope_2" in context
--> mj-rigid_ccd.adb:219:34

 info: analyzing call to "Face_Distance" in context
--> mj-rigid_ccd.adb:221:10

 info: no contextual analysis of "Face_Distance" (in while loop condition)
--> mj-rigid_ccd.adb:222:13

 info: no contextual analysis of "Face_Distance" (in while loop condition)
--> mj-rigid_ccd.adb:223:13

 info: no contextual analysis of "Face_Distance" (in while loop condition)
--> mj-rigid_ccd.adb:224:13

 info: implicit aspect Always_Terminates on "Convex" has been proved, subprogram will terminate
--> mj-rigid_ccd.ads:4:13

 info: data dependencies proved
--> mj-rigid_ccd.ads:5:11
Success: all checks proved (168 checks).
Summary logged in /var/tmp/sparkling-rigid-collision-reports-20261001/proof-build/flow-mj-rigid_ccd.adb/validation/obj/gnatprove/gnatprove.out
guarded: elapsed 2.1 s, peak group RSS 73 MB
