Phase 1 of 3: generation of data representation information ...
Phase 2 of 3: generation of Global contracts ...
Phase 3 of 3: flow analysis and proof ...
 info: implicit aspect Always_Terminates on "Key" has been proved, subprogram will terminate
--> mj-rigid_detector.adb:11:13

 info: range check proved
--> mj-rigid_detector.adb:12:38

 info: range check proved
--> mj-rigid_detector.adb:12:88

 info: postcondition proved
--> mj-rigid_detector.adb:14:16

 info: range check proved
--> mj-rigid_detector.adb:14:89

 info: range check proved
--> mj-rigid_detector.adb:15:70

 info: analyzing call to "Sort_Keys" in context
--> mj-rigid_detector.adb:91:07

 info: analyzing call to "Sort_Keys" in context
--> mj-rigid_detector.adb:98:07

 info: analyzing call to "Sort_Endpoints" in context
--> mj-rigid_detector.adb:239:07

 info: analyzing call to "Try_Pair" in context
--> mj-rigid_detector.adb:241:10

 info: analyzing call to "Try_Pair" in context
--> mj-rigid_detector.adb:246:51

 info: analyzing call to "Try_Pair" in context
--> mj-rigid_detector.adb:269:30

 info: analyzing call to "Try_Pair" in context
--> mj-rigid_detector.adb:284:24
Success: all checks proved (6 checks).
Summary logged in /var/tmp/sparkling-rigid-collision-reports-20261001/proof-build/Key/validation/obj/gnatprove/gnatprove.out
guarded: elapsed 6.5 s, peak group RSS 139 MB
