Phase 1 of 3: generation of data representation information ...
Phase 2 of 3: generation of Global contracts ...
Phase 3 of 3: flow analysis and proof ...
 info: precondition proved
--> mj-rigid_math.adb:37:08

 info: precondition proved
--> mj-rigid_math.adb:37:40

 info: precondition proved
--> mj-rigid_math.adb:37:72

 info: implicit aspect Always_Terminates on "Local" has been proved, subprogram will terminate
--> mj-rigid_math.ads:36:13

 info: data dependencies proved
--> mj-rigid_math.ads:36:65

 medium: postcondition might fail
--> mj-rigid_math.ads:38:14
   38 |         Post => Local'Result = Vec'[Dot ([R (0), R (3), R (6)], A),
      |                 ^~~~~~~~~~~~~~~~~~~~~~~~~~~~~~~~~~~~~~~~~~~~~~~~~~~
   39 |              Dot ([R (1), R (4), R (7)], A), Dot ([R (2), R (5), R (8)], A)];
      |              ~~~~~~~~~~~~~~~~~~~~~~~~~~~~~~~~~~~~~~~~~~~~~~~~~~~~~~~~~~~~~
      + provers reached time and memory limit before completing the proof

 info: precondition proved
--> mj-rigid_math.ads:38:34

 info: precondition proved
--> mj-rigid_math.ads:39:11

 info: precondition proved
--> mj-rigid_math.ads:39:43
Summary logged in /var/tmp/sparkling-rigid-collision-reports-20261001/proof-build/Local/validation/obj/gnatprove/gnatprove.out
gnatprove: unproved check messages considered as errors
guarded: elapsed 54.3 s, peak group RSS 166 MB
