Phase 1 of 3: generation of data representation information ...
Phase 2 of 3: generation of Global contracts ...
Phase 3 of 3: flow analysis and proof ...
 info: implicit aspect Always_Terminates on "Valid_Shape" has been proved, subprogram will terminate
--> mj-rigid_geometry.ads:60:13

 info: implicit aspect Always_Terminates on "Valid_Pose" has been proved, subprogram will terminate
--> mj-rigid_geometry.ads:65:13

 info: float overflow check proved
--> mj-rigid_geometry.ads:69:30

 info: float overflow check proved
--> mj-rigid_geometry.ads:69:45

 info: float overflow check proved
--> mj-rigid_geometry.ads:69:62

 info: float overflow check proved
--> mj-rigid_geometry.ads:70:14

 info: float overflow check proved
--> mj-rigid_geometry.ads:70:31

 info: float overflow check proved
--> mj-rigid_geometry.ads:70:49

 info: float overflow check proved
--> mj-rigid_geometry.ads:72:45

 info: float overflow check proved
--> mj-rigid_geometry.ads:72:60

 info: float overflow check proved
--> mj-rigid_geometry.ads:72:77

 info: float overflow check proved
--> mj-rigid_geometry.ads:73:29

 info: float overflow check proved
--> mj-rigid_geometry.ads:73:46

 info: implicit aspect Always_Terminates on "Valid_Placement" has been proved, subprogram will terminate
--> mj-rigid_geometry.ads:76:13

 info: data dependencies proved
--> mj-rigid_geometry.ads:78:63

 info: implicit aspect Always_Terminates on "Compatible" has been proved, subprogram will terminate
--> mj-rigid_geometry.ads:79:13

 info: data dependencies proved
--> mj-rigid_geometry.ads:81:11

 info: implicit aspect Always_Terminates on "Body_Allowed" has been proved, subprogram will terminate
--> mj-rigid_geometry.ads:82:13

 info: data dependencies proved
--> mj-rigid_geometry.ads:90:11

 info: implicit aspect Always_Terminates on "Canonical" has been proved, subprogram will terminate
--> mj-rigid_geometry.ads:91:13

 info: data dependencies proved
--> mj-rigid_geometry.ads:93:11

 info: postcondition proved
--> mj-rigid_geometry.ads:93:35

 info: implicit aspect Always_Terminates on "Before" has been proved, subprogram will terminate
--> mj-rigid_geometry.ads:95:13
Success: all checks proved (23 checks).
Summary logged in /var/tmp/sparkling-rigid-collision-reports-20261001/proof-build/mj-rigid_geometry.ads/validation/obj/gnatprove/gnatprove.out
guarded: elapsed 4.1 s, peak group RSS 119 MB
