Phase 1 of 3: generation of data representation information ...
Phase 2 of 3: generation of Global contracts ...
Phase 3 of 3: flow analysis and proof ...
 info: float overflow check proved
--> mj-rigid_math.adb:9:13

 info: float overflow check proved
--> mj-rigid_math.adb:9:22

 info: float overflow check proved
--> mj-rigid_math.adb:9:31

 info: implicit aspect Always_Terminates on "Scale" has been proved, subprogram will terminate
--> mj-rigid_math.ads:16:13

 info: data dependencies proved
--> mj-rigid_math.ads:16:63

 info: postcondition proved
--> mj-rigid_math.ads:18:14

 info: float overflow check proved
--> mj-rigid_math.ads:18:61
Success: all checks proved (7 checks).
Summary logged in /var/tmp/sparkling-rigid-collision-reports-20261001/proof-build/Scale/validation/obj/gnatprove/gnatprove.out
guarded: elapsed 10.4 s, peak group RSS 137 MB
