Phase 1 of 3: generation of data representation information ...
Phase 2 of 3: generation of Global contracts ...
Phase 3 of 3: flow analysis and proof ...
 info: float overflow check proved
--> mj-rigid_math.adb:7:13

 info: float overflow check proved
--> mj-rigid_math.adb:7:26

 info: float overflow check proved
--> mj-rigid_math.adb:7:39

 info: implicit aspect Always_Terminates on "Sub" has been proved, subprogram will terminate
--> mj-rigid_math.ads:13:13

 info: data dependencies proved
--> mj-rigid_math.ads:13:54

 info: postcondition proved
--> mj-rigid_math.ads:15:14

 info: float overflow check proved
--> mj-rigid_math.ads:15:59
Success: all checks proved (7 checks).
Summary logged in /var/tmp/sparkling-rigid-collision-reports-20261001/proof-build/Sub/validation/obj/gnatprove/gnatprove.out
guarded: elapsed 3.9 s, peak group RSS 139 MB
