Phase 1 of 3: generation of data representation information ...
Phase 2 of 3: generation of Global contracts ...
Phase 3 of 3: flow analysis and proof ...
 info: precondition proved
--> mj-rigid_math.adb:35:08

 info: precondition proved
--> mj-rigid_math.adb:35:40

 info: precondition proved
--> mj-rigid_math.adb:35:72

 info: implicit aspect Always_Terminates on "Transform" has been proved, subprogram will terminate
--> mj-rigid_math.ads:32:13

 info: data dependencies proved
--> mj-rigid_math.ads:32:69

 info: postcondition proved
--> mj-rigid_math.ads:34:14

 info: precondition proved
--> mj-rigid_math.ads:34:38

 info: precondition proved
--> mj-rigid_math.ads:35:11

 info: precondition proved
--> mj-rigid_math.ads:35:43
Success: all checks proved (9 checks).
Summary logged in /var/tmp/sparkling-rigid-collision-reports-20261001/proof-build/Transform-retry2/validation/obj/gnatprove/gnatprove.out
guarded: elapsed 15.9 s, peak group RSS 161 MB
