Phase 1 of 3: generation of data representation information ...
Phase 2 of 3: generation of Global contracts ...
Phase 3 of 3: flow analysis and proof ...
 info: initialization of "Result" proved
--> mj-data-flex_elasticity-material_loading.adb:48:24

 info: range check proved
--> mj-data-flex_elasticity-material_loading.adb:50:58

 info: range check proved
--> mj-data-flex_elasticity-material_loading.adb:53:31

 info: range check proved
--> mj-data-flex_elasticity-material_loading.adb:53:61

 info: overflow check proved
--> mj-data-flex_elasticity-material_loading.adb:53:68

 medium: range check might fail, cannot prove upper bound for Bending_Data'Length
--> mj-data-flex_elasticity-material_loading.adb:55:29
   55 |           and then Bending_Data'Length <= Integer'Last),
      |                    ~~~~~~~~~~~~^~~~~~~
      + provers reached time limit before completing the proof

 info: postcondition proved
--> mj-data-flex_elasticity-material_loading.adb:56:25

 info: overflow check proved
--> mj-data-flex_elasticity-material_loading.adb:58:34

 info: overflow check proved
--> mj-data-flex_elasticity-material_loading.adb:58:62

 info: precondition proved
--> mj-data-flex_elasticity-material_loading.adb:60:36

 info: initialization of "Chain_Result" proved
--> mj-data-flex_elasticity-material_loading.adb:62:07

 info: overflow check proved
--> mj-data-flex_elasticity-material_loading.adb:68:23

 info: overflow check proved
--> mj-data-flex_elasticity-material_loading.adb:68:44

 info: range check proved
--> mj-data-flex_elasticity-material_loading.adb:69:17

 info: range check proved
--> mj-data-flex_elasticity-material_loading.adb:69:53

 info: overflow check proved
--> mj-data-flex_elasticity-material_loading.adb:70:22

 info: index check proved
--> mj-data-flex_elasticity-material_loading.adb:70:22

 info: range check proved
--> mj-data-flex_elasticity-material_loading.adb:70:42

 info: overflow check proved
--> mj-data-flex_elasticity-material_loading.adb:71:29

 info: index check proved
--> mj-data-flex_elasticity-material_loading.adb:71:29

 info: range check proved
--> mj-data-flex_elasticity-material_loading.adb:71:49

 info: precondition proved
--> mj-data-flex_elasticity-material_loading.adb:72:24

 info: overflow check proved
--> mj-data-flex_elasticity-material_loading.adb:73:21

 info: index check proved
--> mj-data-flex_elasticity-material_loading.adb:73:21

 info: overflow check proved
--> mj-data-flex_elasticity-material_loading.adb:73:47

 info: index check proved
--> mj-data-flex_elasticity-material_loading.adb:73:47

 info: range check proved
--> mj-data-flex_elasticity-material_loading.adb:78:41

 info: overflow check proved
--> mj-data-flex_elasticity-material_loading.adb:80:54

 info: overflow check proved
--> mj-data-flex_elasticity-material_loading.adb:81:54

 info: unrolling loop [info-unrolling-inlining]
--> mj-data-flex_elasticity-material_loading.adb:84:29

 info: overflow check proved
--> mj-data-flex_elasticity-material_loading.adb:85:43

 info: index check proved
--> mj-data-flex_elasticity-material_loading.adb:85:43

 info: range check proved
--> mj-data-flex_elasticity-material_loading.adb:86:24

 info: overflow check proved
--> mj-data-flex_elasticity-material_loading.adb:86:51

 info: index check proved
--> mj-data-flex_elasticity-material_loading.adb:86:51
Summary logged in /var/tmp/sparkling-flex-material-analysis-20261003-r238/validation/obj/gnatprove/gnatprove.out
gnatprove: unproved check messages considered as errors
guarded: elapsed 125.1 s, peak group RSS 477 MB
