Phase 1 of 3: generation of data representation information ...
Phase 2 of 3: generation of Global contracts ...
Phase 3 of 3: flow analysis and proof ...
 info: initialization of "Result" proved
--> mj-data-flex_elasticity-material_loading.adb:48:24

 info: range check proved
--> mj-data-flex_elasticity-material_loading.adb:50:58

 info: range check proved
--> mj-data-flex_elasticity-material_loading.adb:53:31

 info: range check proved
--> mj-data-flex_elasticity-material_loading.adb:53:61

 info: overflow check proved
--> mj-data-flex_elasticity-material_loading.adb:53:68

 info: range check proved
--> mj-data-flex_elasticity-material_loading.adb:55:36

 info: postcondition proved
--> mj-data-flex_elasticity-material_loading.adb:56:25

 info: overflow check proved
--> mj-data-flex_elasticity-material_loading.adb:58:34

 info: overflow check proved
--> mj-data-flex_elasticity-material_loading.adb:58:62

 info: precondition proved
--> mj-data-flex_elasticity-material_loading.adb:60:36

 info: range check proved
--> mj-data-flex_elasticity-material_loading.adb:63:41

 info: overflow check proved
--> mj-data-flex_elasticity-material_loading.adb:65:64

 info: overflow check proved
--> mj-data-flex_elasticity-material_loading.adb:66:64

 info: overflow check proved
--> mj-data-flex_elasticity-material_loading.adb:69:85

 info: index check proved
--> mj-data-flex_elasticity-material_loading.adb:69:85

 info: initialization of "Chain_Result" proved
--> mj-data-flex_elasticity-material_loading.adb:72:07

 info: overflow check proved
--> mj-data-flex_elasticity-material_loading.adb:78:23

 info: overflow check proved
--> mj-data-flex_elasticity-material_loading.adb:78:44

 info: range check proved
--> mj-data-flex_elasticity-material_loading.adb:79:17

 info: range check proved
--> mj-data-flex_elasticity-material_loading.adb:79:53

 info: overflow check proved
--> mj-data-flex_elasticity-material_loading.adb:80:22

 info: index check proved
--> mj-data-flex_elasticity-material_loading.adb:80:22

 info: range check proved
--> mj-data-flex_elasticity-material_loading.adb:80:42

 info: overflow check proved
--> mj-data-flex_elasticity-material_loading.adb:81:29

 info: index check proved
--> mj-data-flex_elasticity-material_loading.adb:81:29

 info: range check proved
--> mj-data-flex_elasticity-material_loading.adb:81:49

 info: precondition proved
--> mj-data-flex_elasticity-material_loading.adb:82:24

 info: overflow check proved
--> mj-data-flex_elasticity-material_loading.adb:83:21

 info: index check proved
--> mj-data-flex_elasticity-material_loading.adb:83:21

 info: overflow check proved
--> mj-data-flex_elasticity-material_loading.adb:83:47

 info: index check proved
--> mj-data-flex_elasticity-material_loading.adb:83:47

 info: range check proved
--> mj-data-flex_elasticity-material_loading.adb:88:41

 info: overflow check proved
--> mj-data-flex_elasticity-material_loading.adb:90:54

 info: overflow check proved
--> mj-data-flex_elasticity-material_loading.adb:91:54

 info: overflow check proved
--> mj-data-flex_elasticity-material_loading.adb:95:43

 info: index check proved
--> mj-data-flex_elasticity-material_loading.adb:95:43

 info: range check proved
--> mj-data-flex_elasticity-material_loading.adb:96:24

 info: overflow check proved
--> mj-data-flex_elasticity-material_loading.adb:96:51

 info: index check proved
--> mj-data-flex_elasticity-material_loading.adb:96:51

 info: loop invariant initialization proved
--> mj-data-flex_elasticity-material_loading.adb:97:46

 info: loop invariant preservation proved
--> mj-data-flex_elasticity-material_loading.adb:97:46

 info: index check proved
--> mj-data-flex_elasticity-material_loading.adb:98:20

 info: overflow check proved
--> mj-data-flex_elasticity-material_loading.adb:98:53

 info: index check proved
--> mj-data-flex_elasticity-material_loading.adb:98:53
Success: all checks proved (44 checks).
Summary logged in /var/tmp/sparkling-flex-material-analysis-20261003-r241/validation/obj/gnatprove/gnatprove.out
guarded: elapsed 96.8 s, peak group RSS 477 MB
