Phase 1 of 3: generation of data representation information ...
Phase 2 of 3: generation of Global contracts ...
Phase 3 of 3: flow analysis and proof ...
 info: initialization of "Result" proved
--> mj-data-flex_elasticity-material_loading.adb:7:26

 info: range check proved
--> mj-data-flex_elasticity-material_loading.adb:9:28

 info: range check proved
--> mj-data-flex_elasticity-material_loading.adb:10:56

 info: range check proved
--> mj-data-flex_elasticity-material_loading.adb:11:58

 info: postcondition proved
--> mj-data-flex_elasticity-material_loading.adb:13:25

 info: index check proved
--> mj-data-flex_elasticity-material_loading.adb:14:64

 info: index check proved
--> mj-data-flex_elasticity-material_loading.adb:15:66

 info: index check proved
--> mj-data-flex_elasticity-material_loading.adb:16:37

 info: precondition proved
--> mj-data-flex_elasticity-material_loading.adb:18:44

 info: precondition proved
--> mj-data-flex_elasticity-material_loading.adb:19:34

 info: initialization of "Chain_Result" proved
--> mj-data-flex_elasticity-material_loading.adb:20:07

 info: index check proved
--> mj-data-flex_elasticity-material_loading.adb:28:17

 info: index check proved
--> mj-data-flex_elasticity-material_loading.adb:29:17

 info: index check proved
--> mj-data-flex_elasticity-material_loading.adb:30:18

 info: overflow check proved
--> mj-data-flex_elasticity-material_loading.adb:30:41

 info: index check proved
--> mj-data-flex_elasticity-material_loading.adb:30:49

 info: range check proved
--> mj-data-flex_elasticity-material_loading.adb:31:20

 info: range check proved
--> mj-data-flex_elasticity-material_loading.adb:31:41

 info: index check proved
--> mj-data-flex_elasticity-material_loading.adb:31:48

 info: range check proved
--> mj-data-flex_elasticity-material_loading.adb:32:48

 info: index check proved
--> mj-data-flex_elasticity-material_loading.adb:32:57

 info: index check proved
--> mj-data-flex_elasticity-material_loading.adb:33:27

 info: precondition proved
--> mj-data-flex_elasticity-material_loading.adb:36:14

 info: precondition proved
--> mj-data-flex_elasticity-material_loading.adb:37:24

 info: range check proved
--> mj-data-flex_elasticity-material_loading.adb:38:09
Success: all checks proved (25 checks).
Summary logged in /var/tmp/sparkling-flex-material-analysis-20261003-r241/validation/obj/gnatprove/gnatprove.out
guarded: elapsed 5.6 s, peak group RSS 262 MB
