Phase 1 of 3: generation of data representation information ...
Phase 2 of 3: generation of Global contracts ...
Phase 3 of 3: flow analysis and proof ...
 info: initialization of "Result" proved
--> mj-data-flex_elasticity-material_loading.adb:115:28

 info: range check proved
--> mj-data-flex_elasticity-material_loading.adb:117:30

 info: range check proved
--> mj-data-flex_elasticity-material_loading.adb:118:58

 medium: postcondition might fail, cannot prove M (R, C2) = Values (Address + Packed_Row_First (Width, Integer'Min (R, C2)) + abs (C2-R))
--> mj-data-flex_elasticity-material_loading.adb:122:12
  122 |               M (R, C2) = Values (Address + Packed_Row_First (Width, Integer'Min (R, C2)) + abs (C2-R))
      |               ^~~~~~~~~~~~~~~~~~~~~~~~~~~~~~~~~~~~~~~~~~~~~~~~~~~~~~~~~~~~~~~~~~~~~~~~~~~~~~~~~~~~~~~~
      + provers reached time limit before completing the proof

 info: overflow check proved
--> mj-data-flex_elasticity-material_loading.adb:122:40

 info: precondition proved
--> mj-data-flex_elasticity-material_loading.adb:122:42

 info: overflow check proved
--> mj-data-flex_elasticity-material_loading.adb:122:88

 info: index check proved
--> mj-data-flex_elasticity-material_loading.adb:122:88

 info: loop invariant initialization proved
--> mj-data-flex_elasticity-material_loading.adb:129:43

 info: loop invariant preservation proved
--> mj-data-flex_elasticity-material_loading.adb:129:43

 info: precondition proved
--> mj-data-flex_elasticity-material_loading.adb:129:47

 info: loop invariant initialization proved
--> mj-data-flex_elasticity-material_loading.adb:130:43

 info: loop invariant preservation proved
--> mj-data-flex_elasticity-material_loading.adb:130:43

 info: loop invariant initialization proved
--> mj-data-flex_elasticity-material_loading.adb:131:43

 medium: loop invariant might not be preserved by an arbitrary iteration, cannot prove M (A, B) = Values (Address + Packed_Row_First (Width, Integer'Min (A, B)) + abs (B-A))
--> mj-data-flex_elasticity-material_loading.adb:133:14
  133 |                 M (A, B) = Values (Address + Packed_Row_First (Width, Integer'Min (A, B)) + abs (B-A))
      |                 ^~~~~~~~~~~~~~~~~~~~~~~~~~~~~~~~~~~~~~~~~~~~~~~~~~~~~~~~~~~~~~~~~~~~~~~~~~~~~~~~~~~~~
      + provers reached time limit before completing the proof

 info: overflow check proved
--> mj-data-flex_elasticity-material_loading.adb:133:41

 info: precondition proved
--> mj-data-flex_elasticity-material_loading.adb:133:43

 info: overflow check proved
--> mj-data-flex_elasticity-material_loading.adb:133:88

 info: index check proved
--> mj-data-flex_elasticity-material_loading.adb:133:88

 info: overflow check proved
--> mj-data-flex_elasticity-material_loading.adb:136:31

 info: index check proved
--> mj-data-flex_elasticity-material_loading.adb:136:31

 info: index check proved
--> mj-data-flex_elasticity-material_loading.adb:137:16

 info: index check proved
--> mj-data-flex_elasticity-material_loading.adb:137:19

 info: range check proved
--> mj-data-flex_elasticity-material_loading.adb:137:26

 info: overflow check proved
--> mj-data-flex_elasticity-material_loading.adb:137:41

 info: index check proved
--> mj-data-flex_elasticity-material_loading.adb:137:41

 info: index check proved
--> mj-data-flex_elasticity-material_loading.adb:138:16

 info: index check proved
--> mj-data-flex_elasticity-material_loading.adb:138:20

 info: index check proved
--> mj-data-flex_elasticity-material_loading.adb:138:29

 info: index check proved
--> mj-data-flex_elasticity-material_loading.adb:138:32

 info: overflow check proved
--> mj-data-flex_elasticity-material_loading.adb:139:19

 info: loop invariant initialization proved
--> mj-data-flex_elasticity-material_loading.adb:140:46

 info: loop invariant preservation proved
--> mj-data-flex_elasticity-material_loading.adb:140:46

 info: precondition proved
--> mj-data-flex_elasticity-material_loading.adb:140:50

 info: overflow check proved
--> mj-data-flex_elasticity-material_loading.adb:140:78

 info: overflow check proved
--> mj-data-flex_elasticity-material_loading.adb:140:82

 info: overflow check proved
--> mj-data-flex_elasticity-material_loading.adb:140:84

 info: loop invariant initialization proved
--> mj-data-flex_elasticity-material_loading.adb:141:46

 info: loop invariant preservation proved
--> mj-data-flex_elasticity-material_loading.adb:141:46

 medium: loop invariant might fail in first iteration, cannot prove M (A, B) = Values (Address + Packed_Row_First (Width, Integer'Min (A, B)) + abs (B-A))
--> mj-data-flex_elasticity-material_loading.adb:146:18
  146 |                     M (A, B) = Values (Address + Packed_Row_First (Width, Integer'Min (A, B)) + abs (B-A))
      |                     ^~~~~~~~~~~~~~~~~~~~~~~~~~~~~~~~~~~~~~~~~~~~~~~~~~~~~~~~~~~~~~~~~~~~~~~~~~~~~~~~~~~~~
      + provers reached time limit before completing the proof

 medium: loop invariant might not be preserved by an arbitrary iteration, cannot prove M (A, B) = Values (Address + Packed_Row_First (Width, Integer'Min (A, B)) + abs (B-A))
--> mj-data-flex_elasticity-material_loading.adb:146:18
  146 |                     M (A, B) = Values (Address + Packed_Row_First (Width, Integer'Min (A, B)) + abs (B-A))
      |                     ^~~~~~~~~~~~~~~~~~~~~~~~~~~~~~~~~~~~~~~~~~~~~~~~~~~~~~~~~~~~~~~~~~~~~~~~~~~~~~~~~~~~~
      + provers reached time limit before completing the proof

 info: overflow check proved
--> mj-data-flex_elasticity-material_loading.adb:146:45

 info: precondition proved
--> mj-data-flex_elasticity-material_loading.adb:146:47

 info: overflow check proved
--> mj-data-flex_elasticity-material_loading.adb:146:92

 info: index check proved
--> mj-data-flex_elasticity-material_loading.adb:146:92

 info: assertion proved
--> mj-data-flex_elasticity-material_loading.adb:149:35

 info: precondition proved
--> mj-data-flex_elasticity-material_loading.adb:149:39

 info: overflow check proved
--> mj-data-flex_elasticity-material_loading.adb:149:65
Summary logged in /var/tmp/sparkling-flex-material-analysis-20261003-r246/validation/obj/gnatprove/gnatprove.out
gnatprove: unproved check messages considered as errors
guarded: elapsed 31.7 s, peak group RSS 269 MB
