Phase 1 of 3: generation of data representation information ...
Phase 2 of 3: generation of Global contracts ...
Phase 3 of 3: flow analysis and proof ...
 info: initialization of "Result" proved
--> mj-data-flex_elasticity-material_loading.adb:170:54

 info: range check proved
--> mj-data-flex_elasticity-material_loading.adb:174:35

 info: range check proved
--> mj-data-flex_elasticity-material_loading.adb:175:33

 info: range check proved
--> mj-data-flex_elasticity-material_loading.adb:176:33

 info: range check proved
--> mj-data-flex_elasticity-material_loading.adb:177:46

 info: overflow check proved
--> mj-data-flex_elasticity-material_loading.adb:177:58

 info: range check proved
--> mj-data-flex_elasticity-material_loading.adb:178:42

 info: overflow check proved
--> mj-data-flex_elasticity-material_loading.adb:178:49

 info: range check proved
--> mj-data-flex_elasticity-material_loading.adb:182:75

 medium: overflow check might fail, cannot prove upper bound for VA+Vertex_Data (Vertex_Dataadr+J)
--> mj-data-flex_elasticity-material_loading.adb:185:44
  185 |              (if J <= Dim then C.Vert (J) = VA+Vertex_Data (Vertex_Dataadr+J)
      |                                             ~~^~~~~~~~~~~~~~~~~~~~~~~~~~~~~~
      + reason for check: result of addition must fit in a 32-bits machine integer
      + possible fix: use pragma Overflow_Mode or switch -gnato13 or unit SPARK.Big_Integers
      + provers reached time and memory limit before completing the proof

 info: overflow check proved
--> mj-data-flex_elasticity-material_loading.adb:185:72

 info: index check proved
--> mj-data-flex_elasticity-material_loading.adb:185:72

 info: overflow check proved
--> mj-data-flex_elasticity-material_loading.adb:186:43

 medium: overflow check might fail, cannot prove upper bound for EA+Edge_Data (Edge_Dataadr+J)
--> mj-data-flex_elasticity-material_loading.adb:189:29
  189 |                C.Edges (J) = EA+Edge_Data (Edge_Dataadr+J)
      |                              ~~^~~~~~~~~~~~~~~~~~~~~~~~~~
      + reason for check: result of addition must fit in a 32-bits machine integer
      + possible fix: use pragma Overflow_Mode or switch -gnato13 or unit SPARK.Big_Integers
      + provers reached time and memory limit before completing the proof

 info: overflow check proved
--> mj-data-flex_elasticity-material_loading.adb:189:53

 info: index check proved
--> mj-data-flex_elasticity-material_loading.adb:189:53

 info: overflow check proved
--> mj-data-flex_elasticity-material_loading.adb:190:45

 info: index check proved
--> mj-data-flex_elasticity-material_loading.adb:194:19

 info: index check proved
--> mj-data-flex_elasticity-material_loading.adb:194:22

 info: overflow check proved
--> mj-data-flex_elasticity-material_loading.adb:194:54

 info: index check proved
--> mj-data-flex_elasticity-material_loading.adb:194:54

 info: precondition proved
--> mj-data-flex_elasticity-material_loading.adb:195:17

 info: overflow check proved
--> mj-data-flex_elasticity-material_loading.adb:195:65

 info: overflow check proved
--> mj-data-flex_elasticity-material_loading.adb:195:68

 medium: postcondition might fail, cannot prove C.M (C2, R) = C.M (R, C2)
--> mj-data-flex_elasticity-material_loading.adb:196:23
  196 |                 and then C.M (C2, R) = C.M (R, C2)))
      |                          ^~~~~~~~~~~~~~~~~~~~~~~~
      + provers reached time and memory limit before completing the proof

 info: index check proved
--> mj-data-flex_elasticity-material_loading.adb:196:28

 info: index check proved
--> mj-data-flex_elasticity-material_loading.adb:196:32

 info: index check proved
--> mj-data-flex_elasticity-material_loading.adb:196:42

 info: index check proved
--> mj-data-flex_elasticity-material_loading.adb:196:45

 info: initialization of "V" proved
--> mj-data-flex_elasticity-material_loading.adb:201:07

 info: overflow check proved
--> mj-data-flex_elasticity-material_loading.adb:206:42

 info: index check proved
--> mj-data-flex_elasticity-material_loading.adb:206:42

 info: index check proved
--> mj-data-flex_elasticity-material_loading.adb:208:18

 info: overflow check proved
--> mj-data-flex_elasticity-material_loading.adb:208:26

 info: loop invariant initialization proved
--> mj-data-flex_elasticity-material_loading.adb:209:43

 info: loop invariant preservation proved
--> mj-data-flex_elasticity-material_loading.adb:209:43

 info: overflow check proved
--> mj-data-flex_elasticity-material_loading.adb:210:43

 info: overflow check proved
--> mj-data-flex_elasticity-material_loading.adb:210:71

 info: index check proved
--> mj-data-flex_elasticity-material_loading.adb:210:71

 info: overflow check proved
--> mj-data-flex_elasticity-material_loading.adb:211:45

 info: overflow check proved
--> mj-data-flex_elasticity-material_loading.adb:214:38

 info: index check proved
--> mj-data-flex_elasticity-material_loading.adb:214:38

 info: index check proved
--> mj-data-flex_elasticity-material_loading.adb:216:19

 info: overflow check proved
--> mj-data-flex_elasticity-material_loading.adb:216:27

 info: range check proved
--> mj-data-flex_elasticity-material_loading.adb:216:27

 info: loop invariant initialization proved
--> mj-data-flex_elasticity-material_loading.adb:217:43

 info: loop invariant preservation proved
--> mj-data-flex_elasticity-material_loading.adb:217:43

 info: overflow check proved
--> mj-data-flex_elasticity-material_loading.adb:218:44

 info: overflow check proved
--> mj-data-flex_elasticity-material_loading.adb:218:68

 info: index check proved
--> mj-data-flex_elasticity-material_loading.adb:218:68

 info: overflow check proved
--> mj-data-flex_elasticity-material_loading.adb:219:46

 info: precondition proved
--> mj-data-flex_elasticity-material_loading.adb:222:10

 info: range check proved
--> mj-data-flex_elasticity-material_loading.adb:222:34
Summary logged in /var/tmp/sparkling-flex-material-analysis-20261003-r254/validation/obj/gnatprove/gnatprove.out
gnatprove: unproved check messages considered as errors
guarded: elapsed 20.2 s, peak group RSS 285 MB
