Phase 1 of 3: generation of data representation information ...
Phase 2 of 3: generation of Global contracts ...
Phase 3 of 3: flow analysis and proof ...
 info: initialization of "Result" proved
--> mj-data-flex_elasticity-material_loading.adb:230:24

 info: pointer dereference check proved
--> mj-data-flex_elasticity-material_loading.adb:234:55

 info: index check proved
--> mj-data-flex_elasticity-material_loading.adb:234:66

 info: postcondition proved
--> mj-data-flex_elasticity-material_loading.adb:235:25

 info: pointer dereference check proved
--> mj-data-flex_elasticity-material_loading.adb:236:17

 info: index check proved
--> mj-data-flex_elasticity-material_loading.adb:236:28

 info: pointer dereference check proved
--> mj-data-flex_elasticity-material_loading.adb:237:35

 info: index check proved
--> mj-data-flex_elasticity-material_loading.adb:237:50

 info: pointer dereference check proved
--> mj-data-flex_elasticity-material_loading.adb:237:73

 info: index check proved
--> mj-data-flex_elasticity-material_loading.adb:237:88

 info: pointer dereference check proved
--> mj-data-flex_elasticity-material_loading.adb:239:33

 info: index check proved
--> mj-data-flex_elasticity-material_loading.adb:239:48

 info: pointer dereference check proved
--> mj-data-flex_elasticity-material_loading.adb:239:71

 info: index check proved
--> mj-data-flex_elasticity-material_loading.adb:239:86

 info: pointer dereference check proved
--> mj-data-flex_elasticity-material_loading.adb:241:36

 info: index check proved
--> mj-data-flex_elasticity-material_loading.adb:241:51

 info: pointer dereference check proved
--> mj-data-flex_elasticity-material_loading.adb:241:74

 info: index check proved
--> mj-data-flex_elasticity-material_loading.adb:241:89

 info: pointer dereference check proved
--> mj-data-flex_elasticity-material_loading.adb:243:18

 info: index check proved
--> mj-data-flex_elasticity-material_loading.adb:243:38

 info: pointer dereference check proved
--> mj-data-flex_elasticity-material_loading.adb:243:57

 info: index check proved
--> mj-data-flex_elasticity-material_loading.adb:243:75

 info: pointer dereference check proved
--> mj-data-flex_elasticity-material_loading.adb:244:22

 info: index check proved
--> mj-data-flex_elasticity-material_loading.adb:244:42

 info: pointer dereference check proved
--> mj-data-flex_elasticity-material_loading.adb:245:20

 info: index check proved
--> mj-data-flex_elasticity-material_loading.adb:245:40

 info: overflow check proved
--> mj-data-flex_elasticity-material_loading.adb:245:65

 info: pointer dereference check proved
--> mj-data-flex_elasticity-material_loading.adb:246:22

 info: index check proved
--> mj-data-flex_elasticity-material_loading.adb:246:40

 info: pointer dereference check proved
--> mj-data-flex_elasticity-material_loading.adb:247:20

 info: index check proved
--> mj-data-flex_elasticity-material_loading.adb:247:38

 info: overflow check proved
--> mj-data-flex_elasticity-material_loading.adb:247:61

 info: pointer dereference check proved
--> mj-data-flex_elasticity-material_loading.adb:248:29

 info: index check proved
--> mj-data-flex_elasticity-material_loading.adb:248:42

 info: pointer dereference check proved
--> mj-data-flex_elasticity-material_loading.adb:249:36

 info: index check proved
--> mj-data-flex_elasticity-material_loading.adb:249:56

 info: pointer dereference check proved
--> mj-data-flex_elasticity-material_loading.adb:250:31

 info: index check proved
--> mj-data-flex_elasticity-material_loading.adb:250:51

 info: pointer dereference check proved
--> mj-data-flex_elasticity-material_loading.adb:251:20

 info: pointer dereference check proved
--> mj-data-flex_elasticity-material_loading.adb:251:38

 info: index check proved
--> mj-data-flex_elasticity-material_loading.adb:251:38

 info: index check proved
--> mj-data-flex_elasticity-material_loading.adb:251:58

 info: pointer dereference check proved
--> mj-data-flex_elasticity-material_loading.adb:252:30

 info: index check proved
--> mj-data-flex_elasticity-material_loading.adb:252:45

 info: pointer dereference check proved
--> mj-data-flex_elasticity-material_loading.adb:253:37

 info: index check proved
--> mj-data-flex_elasticity-material_loading.adb:253:58

 info: pointer dereference check proved
--> mj-data-flex_elasticity-material_loading.adb:254:35

 info: index check proved
--> mj-data-flex_elasticity-material_loading.adb:254:54

 info: pointer dereference check proved
--> mj-data-flex_elasticity-material_loading.adb:255:33

 info: index check proved
--> mj-data-flex_elasticity-material_loading.adb:255:48

 info: pointer dereference check proved
--> mj-data-flex_elasticity-material_loading.adb:256:33

 info: index check proved
--> mj-data-flex_elasticity-material_loading.adb:256:48

 info: pointer dereference check proved
--> mj-data-flex_elasticity-material_loading.adb:257:33

 info: index check proved
--> mj-data-flex_elasticity-material_loading.adb:257:48

 info: pointer dereference check proved
--> mj-data-flex_elasticity-material_loading.adb:258:32

 info: index check proved
--> mj-data-flex_elasticity-material_loading.adb:258:47

 info: pointer dereference check proved
--> mj-data-flex_elasticity-material_loading.adb:259:34

 info: index check proved
--> mj-data-flex_elasticity-material_loading.adb:259:45

 info: pointer dereference check proved
--> mj-data-flex_elasticity-material_loading.adb:260:33

 info: index check proved
--> mj-data-flex_elasticity-material_loading.adb:260:53

 info: pointer dereference check proved
--> mj-data-flex_elasticity-material_loading.adb:261:33

 info: index check proved
--> mj-data-flex_elasticity-material_loading.adb:261:51

 info: overflow check proved
--> mj-data-flex_elasticity-material_loading.adb:264:55

 info: pointer dereference check proved
--> mj-data-flex_elasticity-material_loading.adb:265:33

 info: index check proved
--> mj-data-flex_elasticity-material_loading.adb:265:48

 info: overflow check proved
--> mj-data-flex_elasticity-material_loading.adb:265:79

 info: pointer dereference check proved
--> mj-data-flex_elasticity-material_loading.adb:265:81

 info: index check proved
--> mj-data-flex_elasticity-material_loading.adb:265:96

 info: pointer dereference check proved
--> mj-data-flex_elasticity-material_loading.adb:266:33

 info: index check proved
--> mj-data-flex_elasticity-material_loading.adb:266:48

 info: overflow check proved
--> mj-data-flex_elasticity-material_loading.adb:266:79

 info: pointer dereference check proved
--> mj-data-flex_elasticity-material_loading.adb:266:81

 info: index check proved
--> mj-data-flex_elasticity-material_loading.adb:266:96

 info: pointer dereference check proved
--> mj-data-flex_elasticity-material_loading.adb:267:18

 info: index check proved
--> mj-data-flex_elasticity-material_loading.adb:267:33

 info: pointer dereference check proved
--> mj-data-flex_elasticity-material_loading.adb:268:18

 info: index check proved
--> mj-data-flex_elasticity-material_loading.adb:268:39

 info: pointer dereference check proved
--> mj-data-flex_elasticity-material_loading.adb:269:18

 info: index check proved
--> mj-data-flex_elasticity-material_loading.adb:269:37

 info: pointer dereference check proved
--> mj-data-flex_elasticity-material_loading.adb:270:11

 info: index check proved
--> mj-data-flex_elasticity-material_loading.adb:270:31

 info: overflow check proved
--> mj-data-flex_elasticity-material_loading.adb:272:65

 info: overflow check proved
--> mj-data-flex_elasticity-material_loading.adb:272:68

 info: pointer dereference check proved
--> mj-data-flex_elasticity-material_loading.adb:272:70

 info: index check proved
--> mj-data-flex_elasticity-material_loading.adb:272:85

 info: overflow check proved
--> mj-data-flex_elasticity-material_loading.adb:273:64

 info: overflow check proved
--> mj-data-flex_elasticity-material_loading.adb:273:67

 info: pointer dereference check proved
--> mj-data-flex_elasticity-material_loading.adb:273:69

 info: index check proved
--> mj-data-flex_elasticity-material_loading.adb:273:84

 info: range check proved
--> mj-data-flex_elasticity-material_loading.adb:274:20

 info: range check proved
--> mj-data-flex_elasticity-material_loading.adb:274:41

 info: range check proved
--> mj-data-flex_elasticity-material_loading.adb:274:54

 info: range check proved
--> mj-data-flex_elasticity-material_loading.adb:275:23

 info: pointer dereference check proved
--> mj-data-flex_elasticity-material_loading.adb:275:37

 info: range check proved
--> mj-data-flex_elasticity-material_loading.adb:275:37

 info: index check proved
--> mj-data-flex_elasticity-material_loading.adb:275:52

 info: range check proved
--> mj-data-flex_elasticity-material_loading.adb:275:73

 info: pointer dereference check proved
--> mj-data-flex_elasticity-material_loading.adb:275:87

 info: range check proved
--> mj-data-flex_elasticity-material_loading.adb:275:87

 info: index check proved
--> mj-data-flex_elasticity-material_loading.adb:275:102

 info: pointer dereference check proved
--> mj-data-flex_elasticity-material_loading.adb:276:19

 info: index check proved
--> mj-data-flex_elasticity-material_loading.adb:276:32

 info: pointer dereference check proved
--> mj-data-flex_elasticity-material_loading.adb:276:59

 info: range check proved
--> mj-data-flex_elasticity-material_loading.adb:276:59

 info: index check proved
--> mj-data-flex_elasticity-material_loading.adb:276:79

 info: pointer dereference check proved
--> mj-data-flex_elasticity-material_loading.adb:277:38

 info: index check proved
--> mj-data-flex_elasticity-material_loading.adb:277:53

 info: pointer dereference check proved
--> mj-data-flex_elasticity-material_loading.adb:277:70

 info: index check proved
--> mj-data-flex_elasticity-material_loading.adb:277:87

 info: pointer dereference check proved
--> mj-data-flex_elasticity-material_loading.adb:278:21

 info: range check proved
--> mj-data-flex_elasticity-material_loading.adb:278:21

 info: index check proved
--> mj-data-flex_elasticity-material_loading.adb:278:36

 info: pointer dereference check proved
--> mj-data-flex_elasticity-material_loading.adb:278:59

 info: range check proved
--> mj-data-flex_elasticity-material_loading.adb:278:59

 info: index check proved
--> mj-data-flex_elasticity-material_loading.adb:278:80

 info: pointer dereference check proved
--> mj-data-flex_elasticity-material_loading.adb:278:101

 info: range check proved
--> mj-data-flex_elasticity-material_loading.adb:278:101

 info: index check proved
--> mj-data-flex_elasticity-material_loading.adb:278:120
Success: all checks proved (118 checks).
Summary logged in /var/tmp/sparkling-flex-material-analysis-20261003-r254/validation/obj/gnatprove/gnatprove.out
guarded: elapsed 93.2 s, peak group RSS 430 MB
