Phase 1 of 3: generation of data representation information ...
Phase 2 of 3: generation of Global contracts ...
Phase 3 of 3: flow analysis and proof ...
 info: initialization of "Result" proved
--> mj-data-flex_elasticity-material_loading.adb:170:54

 info: range check proved
--> mj-data-flex_elasticity-material_loading.adb:174:35

 info: range check proved
--> mj-data-flex_elasticity-material_loading.adb:175:33

 info: range check proved
--> mj-data-flex_elasticity-material_loading.adb:176:33

 info: range check proved
--> mj-data-flex_elasticity-material_loading.adb:177:46

 info: overflow check proved
--> mj-data-flex_elasticity-material_loading.adb:177:58

 info: range check proved
--> mj-data-flex_elasticity-material_loading.adb:178:42

 info: overflow check proved
--> mj-data-flex_elasticity-material_loading.adb:178:49

 info: range check proved
--> mj-data-flex_elasticity-material_loading.adb:182:75

 info: overflow check proved
--> mj-data-flex_elasticity-material_loading.adb:185:56

 info: index check proved
--> mj-data-flex_elasticity-material_loading.adb:185:56

 info: overflow check proved
--> mj-data-flex_elasticity-material_loading.adb:186:36

 info: overflow check proved
--> mj-data-flex_elasticity-material_loading.adb:186:64

 info: index check proved
--> mj-data-flex_elasticity-material_loading.adb:186:64

 info: overflow check proved
--> mj-data-flex_elasticity-material_loading.adb:187:43

 medium: postcondition might fail, cannot prove Edge_Data (Edge_Dataadr+J) in 0 .. Nedge-1
--> mj-data-flex_elasticity-material_loading.adb:190:13
  190 |                Edge_Data (Edge_Dataadr+J) in 0 .. Nedge-1
      |                ^~~~~~~~~~~~~~~~~~~~~~~~~~~~~~~~~~~~~~~~~~
      + provers reached time and memory limit before completing the proof

 info: overflow check proved
--> mj-data-flex_elasticity-material_loading.adb:190:36

 info: index check proved
--> mj-data-flex_elasticity-material_loading.adb:190:36

 info: overflow check proved
--> mj-data-flex_elasticity-material_loading.adb:191:38

 info: overflow check proved
--> mj-data-flex_elasticity-material_loading.adb:191:62

 info: index check proved
--> mj-data-flex_elasticity-material_loading.adb:191:62

 info: overflow check proved
--> mj-data-flex_elasticity-material_loading.adb:192:45

 info: index check proved
--> mj-data-flex_elasticity-material_loading.adb:196:19

 info: index check proved
--> mj-data-flex_elasticity-material_loading.adb:196:22

 info: overflow check proved
--> mj-data-flex_elasticity-material_loading.adb:196:54

 info: index check proved
--> mj-data-flex_elasticity-material_loading.adb:196:54

 info: precondition proved
--> mj-data-flex_elasticity-material_loading.adb:197:17

 info: overflow check proved
--> mj-data-flex_elasticity-material_loading.adb:197:65

 info: overflow check proved
--> mj-data-flex_elasticity-material_loading.adb:197:68

 info: index check proved
--> mj-data-flex_elasticity-material_loading.adb:198:28

 info: index check proved
--> mj-data-flex_elasticity-material_loading.adb:198:32

 info: overflow check proved
--> mj-data-flex_elasticity-material_loading.adb:198:63

 info: index check proved
--> mj-data-flex_elasticity-material_loading.adb:198:63

 info: precondition proved
--> mj-data-flex_elasticity-material_loading.adb:199:17

 info: overflow check proved
--> mj-data-flex_elasticity-material_loading.adb:199:65

 info: overflow check proved
--> mj-data-flex_elasticity-material_loading.adb:199:68

 info: initialization of "V" proved
--> mj-data-flex_elasticity-material_loading.adb:204:07

 info: overflow check proved
--> mj-data-flex_elasticity-material_loading.adb:209:42

 info: index check proved
--> mj-data-flex_elasticity-material_loading.adb:209:42

 info: index check proved
--> mj-data-flex_elasticity-material_loading.adb:211:18

 info: overflow check proved
--> mj-data-flex_elasticity-material_loading.adb:211:26

 info: loop invariant preservation proved
--> mj-data-flex_elasticity-material_loading.adb:212:43

 info: loop invariant initialization proved
--> mj-data-flex_elasticity-material_loading.adb:212:43

 info: overflow check proved
--> mj-data-flex_elasticity-material_loading.adb:213:55

 info: index check proved
--> mj-data-flex_elasticity-material_loading.adb:213:55

 info: overflow check proved
--> mj-data-flex_elasticity-material_loading.adb:214:38

 info: overflow check proved
--> mj-data-flex_elasticity-material_loading.adb:214:66

 info: index check proved
--> mj-data-flex_elasticity-material_loading.adb:214:66

 info: overflow check proved
--> mj-data-flex_elasticity-material_loading.adb:215:45

 info: assertion proved
--> mj-data-flex_elasticity-material_loading.adb:217:32

 info: overflow check proved
--> mj-data-flex_elasticity-material_loading.adb:218:36

 info: index check proved
--> mj-data-flex_elasticity-material_loading.adb:218:36

 info: overflow check proved
--> mj-data-flex_elasticity-material_loading.adb:220:38

 info: index check proved
--> mj-data-flex_elasticity-material_loading.adb:220:38

 info: index check proved
--> mj-data-flex_elasticity-material_loading.adb:222:19

 info: overflow check proved
--> mj-data-flex_elasticity-material_loading.adb:222:27

 info: range check proved
--> mj-data-flex_elasticity-material_loading.adb:222:27

 info: loop invariant preservation proved
--> mj-data-flex_elasticity-material_loading.adb:223:43

 info: loop invariant initialization proved
--> mj-data-flex_elasticity-material_loading.adb:223:43

 info: overflow check proved
--> mj-data-flex_elasticity-material_loading.adb:224:39

 info: index check proved
--> mj-data-flex_elasticity-material_loading.adb:224:39

 info: loop invariant initialization proved
--> mj-data-flex_elasticity-material_loading.adb:225:43

 info: loop invariant preservation proved
--> mj-data-flex_elasticity-material_loading.adb:225:43

 info: overflow check proved
--> mj-data-flex_elasticity-material_loading.adb:226:51

 info: index check proved
--> mj-data-flex_elasticity-material_loading.adb:226:51

 info: overflow check proved
--> mj-data-flex_elasticity-material_loading.adb:227:39

 info: overflow check proved
--> mj-data-flex_elasticity-material_loading.adb:227:63

 info: index check proved
--> mj-data-flex_elasticity-material_loading.adb:227:63

 info: overflow check proved
--> mj-data-flex_elasticity-material_loading.adb:228:46

 info: precondition proved
--> mj-data-flex_elasticity-material_loading.adb:231:10

 info: range check proved
--> mj-data-flex_elasticity-material_loading.adb:231:34
Summary logged in /var/tmp/sparkling-flex-material-analysis-20261003-r268/validation/obj/gnatprove/gnatprove.out
gnatprove: unproved check messages considered as errors
guarded: elapsed 97.0 s, peak group RSS 477 MB
