Phase 1 of 3: generation of data representation information ...
Phase 2 of 3: generation of Global contracts ...
Phase 3 of 3: flow analysis and proof ...
 info: float overflow check proved
--> mj-flex_response_kernels.adb:39:10

 info: float overflow check proved
--> mj-flex_response_kernels.adb:39:14

 info: float overflow check proved
--> mj-flex_response_kernels.adb:39:18

 info: float overflow check proved
--> mj-flex_response_kernels.adb:39:23

 info: float overflow check proved
--> mj-flex_response_kernels.adb:39:27

 info: implicit aspect Always_Terminates on "Project" has been proved, subprogram will terminate
--> mj-flex_response_kernels.ads:60:13

 info: data dependencies proved
--> mj-flex_response_kernels.ads:61:11

 info: postcondition proved
--> mj-flex_response_kernels.ads:62:16

 info: float overflow check proved
--> mj-flex_response_kernels.ads:62:36

 info: float overflow check proved
--> mj-flex_response_kernels.ads:62:40

 info: float overflow check proved
--> mj-flex_response_kernels.ads:62:44

 info: float overflow check proved
--> mj-flex_response_kernels.ads:62:49

 info: float overflow check proved
--> mj-flex_response_kernels.ads:62:53
Success: all checks proved (13 checks).
Summary logged in /var/tmp/sparkling-recovery-shell-response1-20261003/Project/gnatprove/gnatprove.out
guarded: elapsed 3.0 s, peak group RSS 128 MB
