Phase 1 of 3: generation of data representation information ...
Phase 2 of 3: generation of Global contracts ...
Phase 3 of 3: flow analysis and proof ...
 info: float overflow check proved
--> mj-flex_response_kernels.adb:39:51

 info: float overflow check proved
--> mj-flex_response_kernels.adb:39:60

 info: implicit aspect Always_Terminates on "Frame_Step" has been proved, subprogram will terminate
--> mj-flex_response_kernels.ads:60:13

 info: data dependencies proved
--> mj-flex_response_kernels.ads:61:11

 info: postcondition proved
--> mj-flex_response_kernels.ads:63:16

 info: float overflow check proved
--> mj-flex_response_kernels.ads:64:55

 info: float overflow check proved
--> mj-flex_response_kernels.ads:64:64
Success: all checks proved (7 checks).
Summary logged in /var/tmp/sparkling-recovery-shell-response2-20261003/Frame_Step/gnatprove/gnatprove.out
guarded: elapsed 3.0 s, peak group RSS 129 MB
