Phase 1 of 3: generation of data representation information ...
Phase 2 of 3: generation of Global contracts ...
Phase 3 of 3: flow analysis and proof ...
 info: precondition proved
--> mj-flex_response_kernels.adb:32:19

 info: loop invariant initialization proved
--> mj-flex_response_kernels.adb:33:43

 info: loop invariant preservation proved
--> mj-flex_response_kernels.adb:33:43

 info: overflow check proved
--> mj-flex_response_kernels.adb:33:61

 info: range check proved
--> mj-flex_response_kernels.adb:33:61

 info: loop invariant initialization proved
--> mj-flex_response_kernels.adb:34:43

 info: loop invariant preservation proved
--> mj-flex_response_kernels.adb:34:43

 info: overflow check proved
--> mj-flex_response_kernels.adb:34:66

 info: range check proved
--> mj-flex_response_kernels.adb:34:66

 info: initialization of "Value" proved
--> mj-flex_response_kernels.ads:55:06

 info: data dependencies proved
--> mj-flex_response_kernels.ads:56:11

 info: postcondition proved
--> mj-flex_response_kernels.ads:57:27
Success: all checks proved (12 checks).
Summary logged in /var/tmp/sparkling-recovery-shell-response1-20261003/Combine/gnatprove/gnatprove.out
guarded: elapsed 6.4 s, peak group RSS 159 MB
