Phase 1 of 3: generation of data representation information ...
Phase 2 of 3: generation of Global contracts ...
Phase 3 of 3: flow analysis and proof ...
 info: precondition proved
--> mj-flex_response_kernels.adb:23:17

 info: subprogram variant proved
--> mj-flex_response_kernels.adb:23:26

 info: range check proved
--> mj-flex_response_kernels.adb:23:45

 info: index check proved
--> mj-flex_response_kernels.adb:23:78

 info: range check proved
--> mj-flex_response_kernels.adb:23:90

 info: implicit aspect Always_Terminates on "Fold" has been proved, subprogram will terminate
--> mj-flex_response_kernels.ads:45:13

 info: data dependencies proved
--> mj-flex_response_kernels.ads:47:28

 info: postcondition proved
--> mj-flex_response_kernels.ads:49:27

 info: precondition proved
--> mj-flex_response_kernels.ads:52:18

 info: subprogram variant proved
--> mj-flex_response_kernels.ads:52:27

 info: range check proved
--> mj-flex_response_kernels.ads:52:46

 info: index check proved
--> mj-flex_response_kernels.ads:53:28

 info: range check proved
--> mj-flex_response_kernels.ads:53:40
Success: all checks proved (13 checks).
Summary logged in /var/tmp/sparkling-recovery-shell-response2-20261003/Fold/gnatprove/gnatprove.out
guarded: elapsed 3.6 s, peak group RSS 152 MB
