Phase 1 of 3: generation of data representation information ...
Phase 2 of 3: generation of Global contracts ...
Phase 3 of 3: flow analysis and proof ...
 info: range check proved
--> mj-flex_response_kernels.adb:13:42

 info: implicit aspect Always_Terminates on "Advance" has been proved, subprogram will terminate
--> mj-flex_response_kernels.ads:32:13

 info: data dependencies proved
--> mj-flex_response_kernels.ads:34:11

 info: postcondition proved
--> mj-flex_response_kernels.ads:36:27

 info: range check proved
--> mj-flex_response_kernels.ads:36:60

 info: float overflow check proved
--> mj-flex_response_kernels.ads:40:42

 info: float overflow check proved
--> mj-flex_response_kernels.ads:40:53

 info: float overflow check proved
--> mj-flex_response_kernels.ads:41:27
Success: all checks proved (8 checks).
Summary logged in /var/tmp/sparkling-recovery-shell-response2-20261003/Advance/gnatprove/gnatprove.out
guarded: elapsed 35.0 s, peak group RSS 149 MB
