Phase 1 of 3: generation of data representation information ...
Phase 2 of 3: generation of Global contracts ...
Phase 3 of 3: flow analysis and proof ...
mj-data-fluid_tree.adb:17:07: info: initialization of "Ok" proved
mj-data-fluid_tree.adb:20:33: info: loop invariant initialization proved
mj-data-fluid_tree.adb:20:33: info: loop invariant preservation proved
mj-data-fluid_tree.adb:21:33: info: loop invariant initialization proved
mj-data-fluid_tree.adb:21:33: info: loop invariant preservation proved
mj-data-fluid_tree.adb:21:56: info: precondition proved
mj-data-fluid_tree.adb:22:33: info: loop invariant initialization proved
mj-data-fluid_tree.adb:22:33: info: loop invariant preservation proved
mj-data-fluid_tree.adb:22:57: info: precondition proved
mj-data-fluid_tree.adb:23:33: info: loop invariant initialization proved
mj-data-fluid_tree.adb:23:33: info: loop invariant preservation proved
mj-data-fluid_tree.adb:23:41: info: index check proved
mj-data-fluid_tree.adb:23:65: info: index check proved
mj-data-fluid_tree.adb:23:86: info: index check proved
mj-data-fluid_tree.adb:23:111: info: index check proved
mj-data-fluid_tree.adb:25:53: info: index check proved
mj-data-fluid_tree.adb:28:39: info: loop invariant initialization proved
mj-data-fluid_tree.adb:28:39: info: loop invariant preservation proved
mj-data-fluid_tree.adb:30:57: info: overflow check proved
mj-data-fluid_tree.adb:30:57: info: range check proved
mj-data-fluid_tree.adb:32:19: info: precondition proved
mj-data-fluid_tree.adb:32:50: info: index check proved
mj-data-fluid_tree.adb:32:67: info: index check proved
mj-data-fluid_tree.adb:33:34: info: index check proved
mj-data-fluid_tree.adb:33:60: info: index check proved
mj-data-fluid_tree.adb:33:72: info: precondition proved
mj-data-fluid_tree.adb:33:87: info: index check proved
mj-data-fluid_tree.adb:34:29: info: index check proved
mj-data-fluid_tree.adb:34:42: info: index check proved
mj-data-fluid_tree.adb:40:60: info: index check proved
mj-data-fluid_tree.adb:41:62: info: index check proved
mj-data-fluid_tree.adb:43:37: medium: precondition might fail [provers reached time limit before completing the proof]
mj-data-fluid_tree.adb:43:54: info: index check proved
mj-data-fluid_tree.adb:43:74: info: index check proved
mj-data-fluid_tree.adb:44:33: info: index check proved
mj-data-fluid_tree.adb:44:45: info: precondition proved
mj-data-fluid_tree.adb:44:60: info: index check proved
mj-data-fluid_tree.ads:22:36: info: initialization of "Result" proved
mj-data-fluid_tree.ads:23:06: info: data dependencies proved
mj-data-fluid_tree.ads:26:34: info: precondition proved
mj-data-fluid_tree.ads:29:45: info: precondition proved
mj-data-fluid_tree.ads:33:41: info: precondition proved
mj-data-fluid_tree.ads:33:88: info: precondition proved
mj-data-fluid_tree.ads:36:14: info: postcondition proved
mj-data-fluid_tree.ads:38:41: info: precondition proved
mj-data-fluid_tree.ads:38:88: info: precondition proved
mj-data-fluid_tree.ads:39:25: info: index check proved
mj-data-fluid_tree.ads:39:42: info: index check proved
mj-data-fluid_tree.ads:39:63: info: index check proved
mj-data-fluid_tree.ads:39:81: info: index check proved
Summary logged in /tmp/sparkling-smooth-fragments-x3gmqxq2/mj-data-euler-obj/gnatprove/gnatprove.out
gnatprove: unproved check messages considered as errors
guarded: elapsed 41.5 s, peak group RSS 309 MB
