Phase 1 of 3: generation of data representation information ...
Phase 2 of 3: generation of Global contracts ...
Phase 3 of 3: flow analysis and proof ...
mj-data-fluid_tree.adb:5:41: info: index check proved
mj-data-fluid_tree.adb:5:48: info: range check proved
mj-data-fluid_tree.adb:5:48: info: float overflow check proved
mj-data-fluid_tree.adb:5:68: info: precondition proved
mj-data-fluid_tree.adb:9:16: info: index check proved
mj-data-fluid_tree.ads:7:50: info: initialization of "Result" proved
mj-data-fluid_tree.ads:8:06: info: data dependencies proved
mj-data-fluid_tree.ads:9:17: info: precondition proved
mj-data-fluid_tree.ads:9:51: info: precondition proved
mj-data-fluid_tree.ads:10:17: info: precondition proved
mj-data-fluid_tree.ads:10:42: info: precondition proved
mj-data-fluid_tree.ads:11:14: info: postcondition proved
mj-data-fluid_tree.ads:14:50: info: index check proved
mj-data-fluid_tree.ads:15:44: info: index check proved
mj-data-fluid_tree.ads:15:47: info: float overflow check proved
mj-data-fluid_tree.ads:15:67: info: precondition proved
mj-data-fluid_tree.ads:16:31: info: index check proved
Success: all checks proved (17 checks).
Summary logged in /tmp/sparkling-smooth-fragments-x3gmqxq2/mj-data-euler-obj/gnatprove/gnatprove.out
guarded: elapsed 29.1 s, peak group RSS 219 MB
