Phase 1 of 3: generation of data representation information ...
Phase 2 of 3: generation of Global contracts ...
Phase 3 of 3: flow analysis and proof ...
mj-fluid_transport.adb:27:36: info: precondition proved
mj-fluid_transport.adb:28:37: info: precondition proved
mj-fluid_transport.adb:28:39: info: precondition proved
mj-fluid_transport.adb:30:13: info: precondition proved
mj-fluid_transport.adb:30:34: info: precondition proved
mj-fluid_transport.ads:18:96: info: initialization of "Ok" proved
mj-fluid_transport.ads:19:06: info: data dependencies proved
mj-fluid_transport.ads:19:29: info: precondition proved
mj-fluid_transport.ads:19:54: info: precondition proved
mj-fluid_transport.ads:20:17: info: precondition proved
mj-fluid_transport.ads:20:48: info: precondition proved
mj-fluid_transport.ads:20:80: info: precondition proved
mj-fluid_transport.ads:21:14: info: precondition proved
mj-fluid_transport.ads:21:14: info: postcondition proved
mj-fluid_transport.ads:21:39: info: precondition proved
mj-fluid_transport.ads:22:47: info: precondition proved
mj-fluid_transport.ads:23:39: info: precondition proved
mj-fluid_transport.ads:23:41: info: precondition proved
Success: all checks proved (18 checks).
Summary logged in /tmp/sparkling-smooth-fragments-x3gmqxq2/mj-fluid_transport-obj/gnatprove/gnatprove.out
guarded: elapsed 7.8 s, peak group RSS 179 MB
