Phase 1 of 3: generation of data representation information ...
Phase 2 of 3: generation of Global contracts ...
Phase 3 of 3: flow analysis and proof ...
mj-fluid_transport.adb:5:13: info: implicit aspect Always_Terminates on "Lever_Component" has been proved, subprogram will terminate
mj-fluid_transport.adb:6:11: info: data dependencies proved
mj-fluid_transport.adb:6:35: info: postcondition proved
mj-fluid_transport.adb:6:62: info: float overflow check proved
mj-fluid_transport.adb:6:67: info: float overflow check proved
mj-fluid_transport.adb:6:71: info: float overflow check proved
mj-fluid_transport.adb:6:75: info: float overflow check proved
mj-fluid_transport.adb:8:30: info: float overflow check proved
mj-fluid_transport.adb:8:30: info: range check proved
mj-fluid_transport.adb:9:30: info: float overflow check proved
mj-fluid_transport.adb:9:30: info: range check proved
mj-fluid_transport.adb:10:35: info: range check proved
mj-fluid_transport.adb:10:35: info: float overflow check proved
mj-fluid_transport.adb:12:15: info: float overflow check proved
mj-fluid_transport.adb:12:15: info: range check proved
Success: all checks proved (15 checks).
Summary logged in /tmp/sparkling-smooth-fragments-x3gmqxq2/mj-fluid_transport-obj/gnatprove/gnatprove.out
guarded: elapsed 5.9 s, peak group RSS 139 MB
