Phase 1 of 3: generation of data representation information ...
Phase 2 of 3: generation of Global contracts ...
Phase 3 of 3: flow analysis and proof ...
mj-fluid_transport.adb:17:32: info: range check proved
mj-fluid_transport.adb:17:44: info: range check proved
mj-fluid_transport.adb:17:55: info: range check proved
mj-fluid_transport.adb:17:66: info: range check proved
mj-fluid_transport.adb:17:78: info: range check proved
mj-fluid_transport.adb:18:32: info: range check proved
mj-fluid_transport.adb:18:44: info: range check proved
mj-fluid_transport.adb:18:55: info: range check proved
mj-fluid_transport.adb:18:66: info: range check proved
mj-fluid_transport.adb:18:78: info: range check proved
mj-fluid_transport.adb:19:32: info: range check proved
mj-fluid_transport.adb:19:44: info: range check proved
mj-fluid_transport.adb:19:55: info: range check proved
mj-fluid_transport.adb:19:66: info: range check proved
mj-fluid_transport.adb:19:78: info: range check proved
mj-fluid_transport.ads:5:13: info: implicit aspect Always_Terminates on "Lever_Torque" has been proved, subprogram will terminate
mj-fluid_transport.ads:6:06: info: data dependencies proved
mj-fluid_transport.ads:6:29: info: precondition proved
mj-fluid_transport.ads:6:55: info: precondition proved
mj-fluid_transport.ads:6:80: info: precondition proved
mj-fluid_transport.ads:7:14: info: precondition proved
mj-fluid_transport.ads:7:14: info: postcondition proved
mj-fluid_transport.ads:9:21: info: float overflow check proved
mj-fluid_transport.ads:9:34: info: float overflow check proved
mj-fluid_transport.ads:9:45: info: float overflow check proved
mj-fluid_transport.ads:9:57: info: float overflow check proved
mj-fluid_transport.ads:10:21: info: float overflow check proved
mj-fluid_transport.ads:10:34: info: float overflow check proved
mj-fluid_transport.ads:10:45: info: float overflow check proved
mj-fluid_transport.ads:10:57: info: float overflow check proved
mj-fluid_transport.ads:11:21: info: float overflow check proved
mj-fluid_transport.ads:11:34: info: float overflow check proved
mj-fluid_transport.ads:11:45: info: float overflow check proved
mj-fluid_transport.ads:11:57: info: float overflow check proved
Success: all checks proved (34 checks).
Summary logged in /tmp/sparkling-smooth-fragments-x3gmqxq2/mj-fluid_transport-obj/gnatprove/gnatprove.out
guarded: elapsed 14.7 s, peak group RSS 189 MB
