cube-aligned Ada/C 1.116 current/baseline 0.816
cube-rotated Ada/C 1.092 current/baseline 0.799
cube-margin Ada/C 0.984 current/baseline 0.793
cube-separated Ada/C 1.339 current/baseline 0.88
polytope-aligned Ada/C 1.232 current/baseline 0.916
polytope-rotated Ada/C 1.189 current/baseline 0.92
polytope-margin Ada/C 1.159 current/baseline 0.999
polytope-separated Ada/C 1.431 current/baseline 1.081
wide-face-aligned Ada/C 1.292 current/baseline 1.026
wide-face-rotated Ada/C 1.118 current/baseline 0.901
wide-face-margin Ada/C 1.099 current/baseline 0.956
wide-face-separated Ada/C 1.946 current/baseline 1.421
round-128-aligned Ada/C 1.165 current/baseline 0.759
round-128-rotated Ada/C 1.181 current/baseline 0.793
round-128-margin Ada/C 1.13 current/baseline 0.979
round-128-separated Ada/C 2.274 current/baseline 1.79
round-512-aligned Ada/C 1.314 current/baseline 0.642
round-512-rotated Ada/C 1.27 current/baseline 0.673
round-512-margin Ada/C 1.197 current/baseline 1.04
round-512-separated Ada/C 7.861 current/baseline 6.309
