Phase 1 of 3: generation of data representation information ...
Phase 2 of 3: generation of Global contracts ...
Phase 3 of 3: flow analysis and proof ...
 info: precondition proved
--> mj-flex_shell_weights.adb:41:34

 info: precondition proved
--> mj-flex_shell_weights.adb:42:34

 info: precondition proved
--> mj-flex_shell_weights.adb:43:34

 info: precondition proved
--> mj-flex_shell_weights.adb:46:32

 info: index check proved
--> mj-flex_shell_weights.adb:46:32

 info: precondition proved
--> mj-flex_shell_weights.adb:46:41

 info: loop invariant initialization proved
--> mj-flex_shell_weights.adb:47:43

 low: "Terms" might not be set
--> mj-flex_shell_weights.adb:48:12
   48 |               Terms (J).Body_Id = Bodies (Flat (G, Term_Point (G, P, J)))
      |               ^~~~~

 medium: loop invariant might not be preserved by an arbitrary iteration, cannot prove Terms (J).Body_Id = Bodies (Flat (G, Term_Point (G, P, J)))
--> mj-flex_shell_weights.adb:48:12
   48 |               Terms (J).Body_Id = Bodies (Flat (G, Term_Point (G, P, J)))
      |               ^~~~~~~~~~~~~~~~~~~~~~~~~~~~~~~~~~~~~~~~~~~~~~~~~~~~~~~~
      + provers reached time and memory limit before completing the proof

 info: index check proved
--> mj-flex_shell_weights.adb:48:19

 info: precondition proved
--> mj-flex_shell_weights.adb:48:40

 info: index check proved
--> mj-flex_shell_weights.adb:48:40

 info: precondition proved
--> mj-flex_shell_weights.adb:48:49

 info: range check proved
--> mj-flex_shell_weights.adb:48:67

 info: index check proved
--> mj-flex_shell_weights.adb:49:28

 info: range check proved
--> mj-flex_shell_weights.adb:49:65

 low: "Terms" might not be set in "Generate"
--> mj-flex_shell_weights.ads:86:24
   86 |         W : Weight_Value; Terms : out Term_Array)
      |                           ^~~~~
      + reason for check: OUT parameter should be fully initialized on return
      + possible fix: initialize "Terms" on all paths, make "Terms" an IN OUT parameter or annotate it with aspect Relaxed_Initialization

 info: data dependencies proved
--> mj-flex_shell_weights.ads:87:11

 info: range check proved
--> mj-flex_shell_weights.ads:89:50

 info: postcondition proved
--> mj-flex_shell_weights.ads:91:27

 low: "Terms" might not be set
--> mj-flex_shell_weights.ads:92:10
   92 |             Terms (T).Body_Id = Bodies (Flat (G, Term_Point (G, P, T)))
      |             ^~~~~

 info: precondition proved
--> mj-flex_shell_weights.ads:92:38

 info: index check proved
--> mj-flex_shell_weights.ads:92:38

 info: precondition proved
--> mj-flex_shell_weights.ads:92:47

 info: precondition proved
--> mj-flex_shell_weights.ads:94:13

 info: precondition proved
--> mj-flex_shell_weights.ads:94:35

 info: precondition proved
--> mj-flex_shell_weights.ads:94:57
Summary logged in /var/tmp/sparkling-recovery-shell-weights1-20261003/proof/Generate/validation/obj/gnatprove/gnatprove.out
gnatprove: unproved check messages considered as errors
guarded: elapsed 30.6 s, peak group RSS 245 MB
