Phase 1 of 3: generation of data representation information ...
Phase 2 of 3: generation of Global contracts ...
Phase 3 of 3: flow analysis and proof ...
 info: assertion proved
--> mj-flex_shell_weights.adb:83:32

 info: range check proved
--> mj-flex_shell_weights.adb:83:38

 info: float overflow check proved
--> mj-flex_shell_weights.adb:83:47

 info: range check proved
--> mj-flex_shell_weights.adb:83:71

 info: float overflow check proved
--> mj-flex_shell_weights.adb:83:76

 info: assertion proved
--> mj-flex_shell_weights.adb:84:32

 info: range check proved
--> mj-flex_shell_weights.adb:84:47

 info: float overflow check proved
--> mj-flex_shell_weights.adb:84:52

 info: range check proved
--> mj-flex_shell_weights.adb:84:69

 info: float overflow check proved
--> mj-flex_shell_weights.adb:84:78

 info: assertion proved
--> mj-flex_shell_weights.adb:85:32

 info: range check proved
--> mj-flex_shell_weights.adb:86:36

 info: float overflow check proved
--> mj-flex_shell_weights.adb:86:41

 info: range check proved
--> mj-flex_shell_weights.adb:86:65

 info: float overflow check proved
--> mj-flex_shell_weights.adb:86:70

 info: index check proved
--> mj-flex_shell_weights.adb:88:19

 info: precondition proved
--> mj-flex_shell_weights.adb:88:32

 info: index check proved
--> mj-flex_shell_weights.adb:88:53

 info: index check proved
--> mj-flex_shell_weights.adb:90:19

 info: range check proved
--> mj-flex_shell_weights.adb:91:29

 info: data dependencies proved
--> mj-flex_shell_weights.ads:134:11

 info: postcondition proved
--> mj-flex_shell_weights.ads:136:27

 info: range check proved
--> mj-flex_shell_weights.ads:136:47

 info: float overflow check proved
--> mj-flex_shell_weights.ads:142:65
Success: all checks proved (24 checks).
Summary logged in /var/tmp/sparkling-recovery-shell-weights3-20261003/proof/Merge/validation/obj/gnatprove/gnatprove.out
guarded: elapsed 15.2 s, peak group RSS 173 MB
