Phase 1 of 3: generation of data representation information ...
Phase 2 of 3: generation of Global contracts ...
Phase 3 of 3: flow analysis and proof ...
 info: precondition proved
--> mj-flex_shell_weights.adb:100:14

 info: precondition proved
--> mj-flex_shell_weights.adb:100:21

 info: subprogram variant proved
--> mj-flex_shell_weights.adb:100:21

 info: range check proved
--> mj-flex_shell_weights.adb:100:43

 info: index check proved
--> mj-flex_shell_weights.adb:100:71

 info: range check proved
--> mj-flex_shell_weights.adb:100:93

 info: implicit aspect Always_Terminates on "Fold" has been proved, subprogram will terminate
--> mj-flex_shell_weights.ads:158:13

 info: data dependencies proved
--> mj-flex_shell_weights.ads:160:28

 info: postcondition proved
--> mj-flex_shell_weights.ads:163:27

 info: range check proved
--> mj-flex_shell_weights.ads:163:57

 info: precondition proved
--> mj-flex_shell_weights.ads:165:12

 info: precondition proved
--> mj-flex_shell_weights.ads:165:19

 info: subprogram variant proved
--> mj-flex_shell_weights.ads:165:19

 info: range check proved
--> mj-flex_shell_weights.ads:165:41

 info: index check proved
--> mj-flex_shell_weights.ads:165:69

 info: range check proved
--> mj-flex_shell_weights.ads:165:91
Success: all checks proved (16 checks).
Summary logged in /var/tmp/sparkling-recovery-shell-weights5-20261003/proof/Fold/validation/obj/gnatprove/gnatprove.out
guarded: elapsed 10.6 s, peak group RSS 173 MB
