Phase 1 of 3: generation of data representation information ...
Phase 2 of 3: generation of Global contracts ...
Phase 3 of 3: flow analysis and proof ...
 info: loop invariant initialization proved
--> mj-flex_shell_weights.adb:92:43

 info: loop invariant preservation proved
--> mj-flex_shell_weights.adb:92:43

 info: range check proved
--> mj-flex_shell_weights.adb:92:63

 info: loop invariant initialization proved
--> mj-flex_shell_weights.adb:93:43

 info: loop invariant preservation proved
--> mj-flex_shell_weights.adb:93:43

 info: precondition proved
--> mj-flex_shell_weights.adb:93:47

 info: precondition proved
--> mj-flex_shell_weights.adb:94:10

 info: range check proved
--> mj-flex_shell_weights.adb:94:48

 info: range check proved
--> mj-flex_shell_weights.adb:94:65

 info: data dependencies proved
--> mj-flex_shell_weights.ads:139:11

 info: postcondition proved
--> mj-flex_shell_weights.ads:142:27

 info: range check proved
--> mj-flex_shell_weights.ads:142:47

 info: precondition proved
--> mj-flex_shell_weights.ads:143:23
Success: all checks proved (13 checks).
Summary logged in /var/tmp/sparkling-recovery-shell-weights1-20261003/proof/Accumulate/validation/obj/gnatprove/gnatprove.out
guarded: elapsed 10.4 s, peak group RSS 162 MB
