Phase 1 of 3: generation of data representation information ...
Phase 2 of 3: generation of Global contracts ...
Phase 3 of 3: flow analysis and proof ...
 info: assertion proved
--> mj-flex_shell_weights.adb:8:32

 info: assertion proved
--> mj-flex_shell_weights.adb:9:32

 info: range check proved
--> mj-flex_shell_weights.adb:9:38

 info: range check proved
--> mj-flex_shell_weights.adb:9:60

 info: precondition proved
--> mj-flex_shell_weights.adb:10:14

 info: range check proved
--> mj-flex_shell_weights.adb:10:27

 info: range check proved
--> mj-flex_shell_weights.adb:10:47

 info: implicit aspect Always_Terminates on "Local" has been proved, subprogram will terminate
--> mj-flex_shell_weights.ads:39:13

 info: data dependencies proved
--> mj-flex_shell_weights.ads:40:11

 info: postcondition proved
--> mj-flex_shell_weights.ads:41:16

 info: range check proved
--> mj-flex_shell_weights.ads:41:37

 info: float overflow check proved
--> mj-flex_shell_weights.ads:41:44

 info: division check proved
--> mj-flex_shell_weights.ads:41:44

 info: range check proved
--> mj-flex_shell_weights.ads:41:58
Success: all checks proved (14 checks).
Summary logged in /var/tmp/sparkling-recovery-shell-weights5-20261003/proof/Local/validation/obj/gnatprove/gnatprove.out
guarded: elapsed 8.7 s, peak group RSS 141 MB
