Phase 1 of 3: generation of data representation information ...
Phase 2 of 3: generation of Global contracts ...
Phase 3 of 3: flow analysis and proof ...
 info: precondition proved
--> mj-flex_shell_weights.adb:92:07

 info: range check proved
--> mj-flex_shell_weights.adb:92:35

 info: implicit aspect Always_Terminates on "After" has been proved, subprogram will terminate
--> mj-flex_shell_weights.ads:145:13

 info: data dependencies proved
--> mj-flex_shell_weights.ads:146:28

 info: postcondition proved
--> mj-flex_shell_weights.ads:149:27

 info: range check proved
--> mj-flex_shell_weights.ads:149:58

 info: float overflow check proved
--> mj-flex_shell_weights.ads:156:57
Success: all checks proved (7 checks).
Summary logged in /var/tmp/sparkling-recovery-shell-weights2-20261003/proof/After/validation/obj/gnatprove/gnatprove.out
guarded: elapsed 3.8 s, peak group RSS 159 MB
