Phase 1 of 3: generation of data representation information ...
Phase 2 of 3: generation of Global contracts ...
Phase 3 of 3: flow analysis and proof ...
 info: assertion proved
--> mj-flex_shell_weights.adb:77:32

 info: range check proved
--> mj-flex_shell_weights.adb:77:38

 info: float overflow check proved
--> mj-flex_shell_weights.adb:77:47

 info: range check proved
--> mj-flex_shell_weights.adb:77:71

 info: float overflow check proved
--> mj-flex_shell_weights.adb:77:76

 info: assertion proved
--> mj-flex_shell_weights.adb:78:32

 info: range check proved
--> mj-flex_shell_weights.adb:78:47

 info: float overflow check proved
--> mj-flex_shell_weights.adb:78:52

 info: range check proved
--> mj-flex_shell_weights.adb:78:69

 info: float overflow check proved
--> mj-flex_shell_weights.adb:78:78

 info: assertion proved
--> mj-flex_shell_weights.adb:79:32

 info: range check proved
--> mj-flex_shell_weights.adb:80:36

 info: float overflow check proved
--> mj-flex_shell_weights.adb:80:41

 info: range check proved
--> mj-flex_shell_weights.adb:80:65

 info: float overflow check proved
--> mj-flex_shell_weights.adb:80:70

 info: index check proved
--> mj-flex_shell_weights.adb:82:19

 info: precondition proved
--> mj-flex_shell_weights.adb:82:32

 info: index check proved
--> mj-flex_shell_weights.adb:82:53

 info: index check proved
--> mj-flex_shell_weights.adb:84:19

 info: range check proved
--> mj-flex_shell_weights.adb:85:29

 info: data dependencies proved
--> mj-flex_shell_weights.ads:134:11

 info: postcondition proved
--> mj-flex_shell_weights.ads:136:27

 info: range check proved
--> mj-flex_shell_weights.ads:136:47

 info: float overflow check proved
--> mj-flex_shell_weights.ads:142:65
Success: all checks proved (24 checks).
Summary logged in /var/tmp/sparkling-recovery-shell-weights5-20261003/proof/Merge/validation/obj/gnatprove/gnatprove.out
guarded: elapsed 15.2 s, peak group RSS 173 MB
