Phase 1 of 3: generation of data representation information ...
Phase 2 of 3: generation of Global contracts ...
Phase 3 of 3: flow analysis and proof ...
 info: float overflow check proved
--> mj-flex_shell_weights.adb:19:41

 info: range check proved
--> mj-flex_shell_weights.adb:19:41

 info: float overflow check proved
--> mj-flex_shell_weights.adb:20:41

 info: range check proved
--> mj-flex_shell_weights.adb:20:41

 info: float overflow check proved
--> mj-flex_shell_weights.adb:21:41

 info: range check proved
--> mj-flex_shell_weights.adb:21:41

 info: range check proved
--> mj-flex_shell_weights.adb:22:41

 info: float overflow check proved
--> mj-flex_shell_weights.adb:22:49

 info: range check proved
--> mj-flex_shell_weights.adb:22:49

 info: float overflow check proved
--> mj-flex_shell_weights.adb:22:59

 info: range check proved
--> mj-flex_shell_weights.adb:22:59

 info: range check proved
--> mj-flex_shell_weights.adb:23:41

 info: float overflow check proved
--> mj-flex_shell_weights.adb:23:49

 info: range check proved
--> mj-flex_shell_weights.adb:23:49

 info: range check proved
--> mj-flex_shell_weights.adb:24:41

 info: float overflow check proved
--> mj-flex_shell_weights.adb:24:53

 info: range check proved
--> mj-flex_shell_weights.adb:24:53

 info: range check proved
--> mj-flex_shell_weights.adb:25:41

 info: range check proved
--> mj-flex_shell_weights.adb:26:42

 info: float overflow check proved
--> mj-flex_shell_weights.adb:26:50

 info: range check proved
--> mj-flex_shell_weights.adb:26:50

 info: float overflow check proved
--> mj-flex_shell_weights.adb:26:60

 info: range check proved
--> mj-flex_shell_weights.adb:26:60

 info: range check proved
--> mj-flex_shell_weights.adb:27:42

 info: float overflow check proved
--> mj-flex_shell_weights.adb:27:50

 info: range check proved
--> mj-flex_shell_weights.adb:27:50

 info: range check proved
--> mj-flex_shell_weights.adb:28:42

 info: float overflow check proved
--> mj-flex_shell_weights.adb:28:54

 info: range check proved
--> mj-flex_shell_weights.adb:28:54

 info: range check proved
--> mj-flex_shell_weights.adb:29:42

 info: range check proved
--> mj-flex_shell_weights.adb:30:42

 info: float overflow check proved
--> mj-flex_shell_weights.adb:30:50

 info: range check proved
--> mj-flex_shell_weights.adb:30:50

 info: float overflow check proved
--> mj-flex_shell_weights.adb:30:60

 info: range check proved
--> mj-flex_shell_weights.adb:30:60

 info: range check proved
--> mj-flex_shell_weights.adb:31:42

 info: float overflow check proved
--> mj-flex_shell_weights.adb:31:50

 info: range check proved
--> mj-flex_shell_weights.adb:31:50

 info: range check proved
--> mj-flex_shell_weights.adb:32:42

 info: float overflow check proved
--> mj-flex_shell_weights.adb:32:54

 info: range check proved
--> mj-flex_shell_weights.adb:32:54

 info: range check proved
--> mj-flex_shell_weights.adb:33:42

 info: float overflow check proved
--> mj-flex_shell_weights.adb:34:56

 info: range check proved
--> mj-flex_shell_weights.adb:34:56

 info: float overflow check proved
--> mj-flex_shell_weights.adb:34:66

 info: range check proved
--> mj-flex_shell_weights.adb:34:66

 info: float overflow check proved
--> mj-flex_shell_weights.adb:34:76

 info: range check proved
--> mj-flex_shell_weights.adb:34:76

 info: float overflow check proved
--> mj-flex_shell_weights.adb:35:56

 info: range check proved
--> mj-flex_shell_weights.adb:35:56

 info: float overflow check proved
--> mj-flex_shell_weights.adb:35:66

 info: range check proved
--> mj-flex_shell_weights.adb:35:66

 info: float overflow check proved
--> mj-flex_shell_weights.adb:36:56

 info: range check proved
--> mj-flex_shell_weights.adb:36:56

 info: float overflow check proved
--> mj-flex_shell_weights.adb:36:70

 info: range check proved
--> mj-flex_shell_weights.adb:36:70

 info: float overflow check proved
--> mj-flex_shell_weights.adb:37:56

 info: range check proved
--> mj-flex_shell_weights.adb:37:56

 info: float overflow check proved
--> mj-flex_shell_weights.adb:38:60

 info: range check proved
--> mj-flex_shell_weights.adb:38:60

 info: float overflow check proved
--> mj-flex_shell_weights.adb:38:70

 info: range check proved
--> mj-flex_shell_weights.adb:38:70

 info: float overflow check proved
--> mj-flex_shell_weights.adb:39:60

 info: range check proved
--> mj-flex_shell_weights.adb:39:60

 info: float overflow check proved
--> mj-flex_shell_weights.adb:40:64

 info: range check proved
--> mj-flex_shell_weights.adb:40:64

 info: implicit aspect Always_Terminates on "Term_Weight" has been proved, subprogram will terminate
--> mj-flex_shell_weights.ads:69:13

 info: data dependencies proved
--> mj-flex_shell_weights.ads:71:11

 info: disjoint contract or exit cases proved
--> mj-flex_shell_weights.ads:72:08

 info: complete contract cases proved
--> mj-flex_shell_weights.ads:72:08

 info: contract case proved
--> mj-flex_shell_weights.ads:73:11

 info: float overflow check proved
--> mj-flex_shell_weights.ads:73:43

 info: float overflow check proved
--> mj-flex_shell_weights.ads:73:50

 info: contract case proved
--> mj-flex_shell_weights.ads:74:11

 info: float overflow check proved
--> mj-flex_shell_weights.ads:74:43

 info: contract case proved
--> mj-flex_shell_weights.ads:75:11

 info: float overflow check proved
--> mj-flex_shell_weights.ads:75:43

 info: float overflow check proved
--> mj-flex_shell_weights.ads:75:50

 info: contract case proved
--> mj-flex_shell_weights.ads:76:11

 info: float overflow check proved
--> mj-flex_shell_weights.ads:76:43

 info: contract case proved
--> mj-flex_shell_weights.ads:77:11

 info: float overflow check proved
--> mj-flex_shell_weights.ads:77:43

 info: float overflow check proved
--> mj-flex_shell_weights.ads:77:50

 info: contract case proved
--> mj-flex_shell_weights.ads:78:11

 info: float overflow check proved
--> mj-flex_shell_weights.ads:78:43

 info: contract case proved
--> mj-flex_shell_weights.ads:79:11

 info: float overflow check proved
--> mj-flex_shell_weights.ads:79:45

 info: float overflow check proved
--> mj-flex_shell_weights.ads:79:52

 info: float overflow check proved
--> mj-flex_shell_weights.ads:79:58

 info: float overflow check proved
--> mj-flex_shell_weights.ads:79:65

 info: contract case proved
--> mj-flex_shell_weights.ads:80:11

 info: float overflow check proved
--> mj-flex_shell_weights.ads:80:45

 info: float overflow check proved
--> mj-flex_shell_weights.ads:80:52

 info: float overflow check proved
--> mj-flex_shell_weights.ads:80:58

 info: contract case proved
--> mj-flex_shell_weights.ads:81:11

 info: float overflow check proved
--> mj-flex_shell_weights.ads:81:45

 info: float overflow check proved
--> mj-flex_shell_weights.ads:81:50

 info: float overflow check proved
--> mj-flex_shell_weights.ads:81:57

 info: contract case proved
--> mj-flex_shell_weights.ads:82:11

 info: float overflow check proved
--> mj-flex_shell_weights.ads:82:45

 info: float overflow check proved
--> mj-flex_shell_weights.ads:82:50

 info: contract case proved
--> mj-flex_shell_weights.ads:83:11

 info: float overflow check proved
--> mj-flex_shell_weights.ads:83:46

 info: float overflow check proved
--> mj-flex_shell_weights.ads:83:53

 info: float overflow check proved
--> mj-flex_shell_weights.ads:83:59

 info: float overflow check proved
--> mj-flex_shell_weights.ads:83:66

 info: contract case proved
--> mj-flex_shell_weights.ads:84:11

 info: float overflow check proved
--> mj-flex_shell_weights.ads:84:46

 info: float overflow check proved
--> mj-flex_shell_weights.ads:84:53

 info: float overflow check proved
--> mj-flex_shell_weights.ads:84:59

 info: contract case proved
--> mj-flex_shell_weights.ads:85:11

 info: float overflow check proved
--> mj-flex_shell_weights.ads:85:46

 info: float overflow check proved
--> mj-flex_shell_weights.ads:85:51

 info: float overflow check proved
--> mj-flex_shell_weights.ads:85:58

 info: contract case proved
--> mj-flex_shell_weights.ads:86:11

 info: float overflow check proved
--> mj-flex_shell_weights.ads:86:46

 info: float overflow check proved
--> mj-flex_shell_weights.ads:86:51

 info: contract case proved
--> mj-flex_shell_weights.ads:87:11

 info: float overflow check proved
--> mj-flex_shell_weights.ads:87:46

 info: float overflow check proved
--> mj-flex_shell_weights.ads:87:53

 info: float overflow check proved
--> mj-flex_shell_weights.ads:87:59

 info: float overflow check proved
--> mj-flex_shell_weights.ads:87:66

 info: contract case proved
--> mj-flex_shell_weights.ads:88:11

 info: float overflow check proved
--> mj-flex_shell_weights.ads:88:46

 info: float overflow check proved
--> mj-flex_shell_weights.ads:88:53

 info: float overflow check proved
--> mj-flex_shell_weights.ads:88:59

 info: contract case proved
--> mj-flex_shell_weights.ads:89:11

 info: float overflow check proved
--> mj-flex_shell_weights.ads:89:46

 info: float overflow check proved
--> mj-flex_shell_weights.ads:89:51

 info: float overflow check proved
--> mj-flex_shell_weights.ads:89:58

 info: contract case proved
--> mj-flex_shell_weights.ads:90:11

 info: float overflow check proved
--> mj-flex_shell_weights.ads:90:46

 info: float overflow check proved
--> mj-flex_shell_weights.ads:90:51

 info: contract case proved
--> mj-flex_shell_weights.ads:91:11

 info: float overflow check proved
--> mj-flex_shell_weights.ads:91:46

 info: float overflow check proved
--> mj-flex_shell_weights.ads:91:53

 info: float overflow check proved
--> mj-flex_shell_weights.ads:91:59

 info: float overflow check proved
--> mj-flex_shell_weights.ads:91:66

 info: float overflow check proved
--> mj-flex_shell_weights.ads:91:72

 info: float overflow check proved
--> mj-flex_shell_weights.ads:91:79

 info: contract case proved
--> mj-flex_shell_weights.ads:92:11

 info: float overflow check proved
--> mj-flex_shell_weights.ads:92:46

 info: float overflow check proved
--> mj-flex_shell_weights.ads:92:53

 info: float overflow check proved
--> mj-flex_shell_weights.ads:92:59

 info: float overflow check proved
--> mj-flex_shell_weights.ads:92:66

 info: float overflow check proved
--> mj-flex_shell_weights.ads:92:72

 info: contract case proved
--> mj-flex_shell_weights.ads:93:11

 info: float overflow check proved
--> mj-flex_shell_weights.ads:93:46

 info: float overflow check proved
--> mj-flex_shell_weights.ads:93:53

 info: float overflow check proved
--> mj-flex_shell_weights.ads:93:59

 info: float overflow check proved
--> mj-flex_shell_weights.ads:93:64

 info: float overflow check proved
--> mj-flex_shell_weights.ads:93:71

 info: contract case proved
--> mj-flex_shell_weights.ads:94:11

 info: float overflow check proved
--> mj-flex_shell_weights.ads:94:46

 info: float overflow check proved
--> mj-flex_shell_weights.ads:94:53

 info: float overflow check proved
--> mj-flex_shell_weights.ads:94:59

 info: float overflow check proved
--> mj-flex_shell_weights.ads:94:64

 info: contract case proved
--> mj-flex_shell_weights.ads:95:11

 info: float overflow check proved
--> mj-flex_shell_weights.ads:95:46

 info: float overflow check proved
--> mj-flex_shell_weights.ads:95:51

 info: float overflow check proved
--> mj-flex_shell_weights.ads:95:58

 info: float overflow check proved
--> mj-flex_shell_weights.ads:95:64

 info: float overflow check proved
--> mj-flex_shell_weights.ads:95:71

 info: contract case proved
--> mj-flex_shell_weights.ads:96:11

 info: float overflow check proved
--> mj-flex_shell_weights.ads:96:46

 info: float overflow check proved
--> mj-flex_shell_weights.ads:96:51

 info: float overflow check proved
--> mj-flex_shell_weights.ads:96:58

 info: float overflow check proved
--> mj-flex_shell_weights.ads:96:64

 info: contract case proved
--> mj-flex_shell_weights.ads:97:11

 info: float overflow check proved
--> mj-flex_shell_weights.ads:97:46

 info: float overflow check proved
--> mj-flex_shell_weights.ads:97:51

 info: float overflow check proved
--> mj-flex_shell_weights.ads:97:56

 info: float overflow check proved
--> mj-flex_shell_weights.ads:97:63

 info: contract case proved
--> mj-flex_shell_weights.ads:98:11

 info: float overflow check proved
--> mj-flex_shell_weights.ads:98:46

 info: float overflow check proved
--> mj-flex_shell_weights.ads:98:51

 info: float overflow check proved
--> mj-flex_shell_weights.ads:98:56
Success: all checks proved (177 checks).
Summary logged in /var/tmp/sparkling-recovery-shell-weights5-20261003/proof/Term_Weight/validation/obj/gnatprove/gnatprove.out
guarded: elapsed 73.2 s, peak group RSS 206 MB
