Phase 1 of 3: generation of data representation information ...
Phase 2 of 3: generation of Global contracts ...
Phase 3 of 3: flow analysis and proof ...
 info: precondition proved
--> mj-flex_shell_weights.adb:53:34

 info: precondition proved
--> mj-flex_shell_weights.adb:54:34

 info: precondition proved
--> mj-flex_shell_weights.adb:55:34

 info: precondition proved
--> mj-flex_shell_weights.adb:56:41

 info: precondition proved
--> mj-flex_shell_weights.adb:59:32

 info: index check proved
--> mj-flex_shell_weights.adb:59:32

 info: precondition proved
--> mj-flex_shell_weights.adb:59:41

 info: loop invariant initialization proved
--> mj-flex_shell_weights.adb:60:43

 medium: loop invariant might not be preserved by an arbitrary iteration, cannot prove Terms (J)'Initialized
--> mj-flex_shell_weights.adb:61:12
   61 |               Terms (J)'Initialized and then Terms (J) = Expected (J)));
      |               ^~~~~~~~~~~~~~~~~~~~~
      + provers reached time and memory limit before completing the proof

 info: index check proved
--> mj-flex_shell_weights.adb:61:19

 info: initialization check proved
--> mj-flex_shell_weights.adb:61:43

 info: index check proved
--> mj-flex_shell_weights.adb:61:50

 info: index check proved
--> mj-flex_shell_weights.adb:61:65

 info: data dependencies proved
--> mj-flex_shell_weights.ads:112:11

 info: range check proved
--> mj-flex_shell_weights.ads:114:50

 info: postcondition proved
--> mj-flex_shell_weights.ads:116:27

 info: initialization check proved
--> mj-flex_shell_weights.ads:116:54

 info: precondition proved
--> mj-flex_shell_weights.ads:116:62
Summary logged in /var/tmp/sparkling-recovery-shell-weights2-20261003/proof/Generate/validation/obj/gnatprove/gnatprove.out
gnatprove: unproved check messages considered as errors
guarded: elapsed 23.6 s, peak group RSS 268 MB
