Phase 1 of 3: generation of data representation information ...
Phase 2 of 3: generation of Global contracts ...
Phase 3 of 3: flow analysis and proof ...
 info: float overflow check proved
--> mj-flex_shell_weights.adb:13:41

 info: range check proved
--> mj-flex_shell_weights.adb:13:41

 info: float overflow check proved
--> mj-flex_shell_weights.adb:14:41

 info: range check proved
--> mj-flex_shell_weights.adb:14:41

 info: float overflow check proved
--> mj-flex_shell_weights.adb:15:41

 info: range check proved
--> mj-flex_shell_weights.adb:15:41

 info: range check proved
--> mj-flex_shell_weights.adb:16:41

 info: float overflow check proved
--> mj-flex_shell_weights.adb:16:49

 info: range check proved
--> mj-flex_shell_weights.adb:16:49

 info: float overflow check proved
--> mj-flex_shell_weights.adb:16:59

 info: range check proved
--> mj-flex_shell_weights.adb:16:59

 info: range check proved
--> mj-flex_shell_weights.adb:17:41

 info: float overflow check proved
--> mj-flex_shell_weights.adb:17:49

 info: range check proved
--> mj-flex_shell_weights.adb:17:49

 info: range check proved
--> mj-flex_shell_weights.adb:18:41

 info: float overflow check proved
--> mj-flex_shell_weights.adb:18:53

 info: range check proved
--> mj-flex_shell_weights.adb:18:53

 info: range check proved
--> mj-flex_shell_weights.adb:19:41

 info: range check proved
--> mj-flex_shell_weights.adb:20:42

 info: float overflow check proved
--> mj-flex_shell_weights.adb:20:50

 info: range check proved
--> mj-flex_shell_weights.adb:20:50

 info: float overflow check proved
--> mj-flex_shell_weights.adb:20:60

 info: range check proved
--> mj-flex_shell_weights.adb:20:60

 info: range check proved
--> mj-flex_shell_weights.adb:21:42

 info: float overflow check proved
--> mj-flex_shell_weights.adb:21:50

 info: range check proved
--> mj-flex_shell_weights.adb:21:50

 info: range check proved
--> mj-flex_shell_weights.adb:22:42

 info: float overflow check proved
--> mj-flex_shell_weights.adb:22:54

 info: range check proved
--> mj-flex_shell_weights.adb:22:54

 info: range check proved
--> mj-flex_shell_weights.adb:23:42

 info: range check proved
--> mj-flex_shell_weights.adb:24:42

 info: float overflow check proved
--> mj-flex_shell_weights.adb:24:50

 info: range check proved
--> mj-flex_shell_weights.adb:24:50

 info: float overflow check proved
--> mj-flex_shell_weights.adb:24:60

 info: range check proved
--> mj-flex_shell_weights.adb:24:60

 info: range check proved
--> mj-flex_shell_weights.adb:25:42

 info: float overflow check proved
--> mj-flex_shell_weights.adb:25:50

 info: range check proved
--> mj-flex_shell_weights.adb:25:50

 info: range check proved
--> mj-flex_shell_weights.adb:26:42

 info: float overflow check proved
--> mj-flex_shell_weights.adb:26:54

 info: range check proved
--> mj-flex_shell_weights.adb:26:54

 info: range check proved
--> mj-flex_shell_weights.adb:27:42

 info: float overflow check proved
--> mj-flex_shell_weights.adb:28:56

 info: range check proved
--> mj-flex_shell_weights.adb:28:56

 info: float overflow check proved
--> mj-flex_shell_weights.adb:28:66

 info: range check proved
--> mj-flex_shell_weights.adb:28:66

 info: float overflow check proved
--> mj-flex_shell_weights.adb:28:76

 info: range check proved
--> mj-flex_shell_weights.adb:28:76

 info: float overflow check proved
--> mj-flex_shell_weights.adb:29:56

 info: range check proved
--> mj-flex_shell_weights.adb:29:56

 info: float overflow check proved
--> mj-flex_shell_weights.adb:29:66

 info: range check proved
--> mj-flex_shell_weights.adb:29:66

 info: float overflow check proved
--> mj-flex_shell_weights.adb:30:56

 info: range check proved
--> mj-flex_shell_weights.adb:30:56

 info: float overflow check proved
--> mj-flex_shell_weights.adb:30:70

 info: range check proved
--> mj-flex_shell_weights.adb:30:70

 info: float overflow check proved
--> mj-flex_shell_weights.adb:31:56

 info: range check proved
--> mj-flex_shell_weights.adb:31:56

 info: float overflow check proved
--> mj-flex_shell_weights.adb:32:60

 info: range check proved
--> mj-flex_shell_weights.adb:32:60

 info: float overflow check proved
--> mj-flex_shell_weights.adb:32:70

 info: range check proved
--> mj-flex_shell_weights.adb:32:70

 info: float overflow check proved
--> mj-flex_shell_weights.adb:33:60

 info: range check proved
--> mj-flex_shell_weights.adb:33:60

 info: float overflow check proved
--> mj-flex_shell_weights.adb:34:64

 info: range check proved
--> mj-flex_shell_weights.adb:34:64

 info: implicit aspect Always_Terminates on "Term_Weight" has been proved, subprogram will terminate
--> mj-flex_shell_weights.ads:64:13

 info: data dependencies proved
--> mj-flex_shell_weights.ads:66:11

 medium: postcondition might fail
--> mj-flex_shell_weights.ads:67:16
   67 |           Post => Term_Weight'Result = (case T is
      |                   ^~~~~~~~~~~~~~~~~~~~~~~~~~~~~~~
      :
   83 |             when 24 => ((W * S) * U) * (1.0 - V), when 25 => ((W * S) * U) * V);
      |             ~~~~~~~~~~~~~~~~~~~~~~~~~~~~~~~~~~~~~~~~~~~~~~~~~~~~~~~~~~~~~~~~~~
      + provers reached time and memory limit before completing the proof

 info: float overflow check proved
--> mj-flex_shell_weights.ads:68:22

 info: float overflow check proved
--> mj-flex_shell_weights.ads:68:29

 info: float overflow check proved
--> mj-flex_shell_weights.ads:68:47

 info: float overflow check proved
--> mj-flex_shell_weights.ads:69:22

 info: float overflow check proved
--> mj-flex_shell_weights.ads:69:29

 info: float overflow check proved
--> mj-flex_shell_weights.ads:69:47

 info: float overflow check proved
--> mj-flex_shell_weights.ads:70:22

 info: float overflow check proved
--> mj-flex_shell_weights.ads:70:29

 info: float overflow check proved
--> mj-flex_shell_weights.ads:70:47

 info: float overflow check proved
--> mj-flex_shell_weights.ads:71:24

 info: float overflow check proved
--> mj-flex_shell_weights.ads:71:31

 info: float overflow check proved
--> mj-flex_shell_weights.ads:71:37

 info: float overflow check proved
--> mj-flex_shell_weights.ads:71:44

 info: float overflow check proved
--> mj-flex_shell_weights.ads:71:64

 info: float overflow check proved
--> mj-flex_shell_weights.ads:71:71

 info: float overflow check proved
--> mj-flex_shell_weights.ads:71:77

 info: float overflow check proved
--> mj-flex_shell_weights.ads:72:24

 info: float overflow check proved
--> mj-flex_shell_weights.ads:72:29

 info: float overflow check proved
--> mj-flex_shell_weights.ads:72:36

 info: float overflow check proved
--> mj-flex_shell_weights.ads:72:56

 info: float overflow check proved
--> mj-flex_shell_weights.ads:72:61

 info: float overflow check proved
--> mj-flex_shell_weights.ads:73:25

 info: float overflow check proved
--> mj-flex_shell_weights.ads:73:32

 info: float overflow check proved
--> mj-flex_shell_weights.ads:73:38

 info: float overflow check proved
--> mj-flex_shell_weights.ads:73:45

 info: float overflow check proved
--> mj-flex_shell_weights.ads:73:66

 info: float overflow check proved
--> mj-flex_shell_weights.ads:73:73

 info: float overflow check proved
--> mj-flex_shell_weights.ads:73:79

 info: float overflow check proved
--> mj-flex_shell_weights.ads:74:25

 info: float overflow check proved
--> mj-flex_shell_weights.ads:74:30

 info: float overflow check proved
--> mj-flex_shell_weights.ads:74:37

 info: float overflow check proved
--> mj-flex_shell_weights.ads:74:58

 info: float overflow check proved
--> mj-flex_shell_weights.ads:74:63

 info: float overflow check proved
--> mj-flex_shell_weights.ads:75:25

 info: float overflow check proved
--> mj-flex_shell_weights.ads:75:32

 info: float overflow check proved
--> mj-flex_shell_weights.ads:75:38

 info: float overflow check proved
--> mj-flex_shell_weights.ads:75:45

 info: float overflow check proved
--> mj-flex_shell_weights.ads:75:66

 info: float overflow check proved
--> mj-flex_shell_weights.ads:75:73

 info: float overflow check proved
--> mj-flex_shell_weights.ads:75:79

 info: float overflow check proved
--> mj-flex_shell_weights.ads:76:25

 info: float overflow check proved
--> mj-flex_shell_weights.ads:76:30

 info: float overflow check proved
--> mj-flex_shell_weights.ads:76:37

 info: float overflow check proved
--> mj-flex_shell_weights.ads:76:58

 info: float overflow check proved
--> mj-flex_shell_weights.ads:76:63

 info: float overflow check proved
--> mj-flex_shell_weights.ads:77:25

 info: float overflow check proved
--> mj-flex_shell_weights.ads:77:32

 info: float overflow check proved
--> mj-flex_shell_weights.ads:77:38

 info: float overflow check proved
--> mj-flex_shell_weights.ads:77:45

 info: float overflow check proved
--> mj-flex_shell_weights.ads:77:51

 info: float overflow check proved
--> mj-flex_shell_weights.ads:77:58

 info: float overflow check proved
--> mj-flex_shell_weights.ads:78:25

 info: float overflow check proved
--> mj-flex_shell_weights.ads:78:32

 info: float overflow check proved
--> mj-flex_shell_weights.ads:78:38

 info: float overflow check proved
--> mj-flex_shell_weights.ads:78:45

 info: float overflow check proved
--> mj-flex_shell_weights.ads:78:51

 info: float overflow check proved
--> mj-flex_shell_weights.ads:79:25

 info: float overflow check proved
--> mj-flex_shell_weights.ads:79:32

 info: float overflow check proved
--> mj-flex_shell_weights.ads:79:38

 info: float overflow check proved
--> mj-flex_shell_weights.ads:79:43

 info: float overflow check proved
--> mj-flex_shell_weights.ads:79:50

 info: float overflow check proved
--> mj-flex_shell_weights.ads:80:25

 info: float overflow check proved
--> mj-flex_shell_weights.ads:80:32

 info: float overflow check proved
--> mj-flex_shell_weights.ads:80:38

 info: float overflow check proved
--> mj-flex_shell_weights.ads:80:43

 info: float overflow check proved
--> mj-flex_shell_weights.ads:81:25

 info: float overflow check proved
--> mj-flex_shell_weights.ads:81:30

 info: float overflow check proved
--> mj-flex_shell_weights.ads:81:37

 info: float overflow check proved
--> mj-flex_shell_weights.ads:81:43

 info: float overflow check proved
--> mj-flex_shell_weights.ads:81:50

 info: float overflow check proved
--> mj-flex_shell_weights.ads:82:25

 info: float overflow check proved
--> mj-flex_shell_weights.ads:82:30

 info: float overflow check proved
--> mj-flex_shell_weights.ads:82:37

 info: float overflow check proved
--> mj-flex_shell_weights.ads:82:43

 info: float overflow check proved
--> mj-flex_shell_weights.ads:83:25

 info: float overflow check proved
--> mj-flex_shell_weights.ads:83:30

 info: float overflow check proved
--> mj-flex_shell_weights.ads:83:35

 info: float overflow check proved
--> mj-flex_shell_weights.ads:83:42

 info: float overflow check proved
--> mj-flex_shell_weights.ads:83:63

 info: float overflow check proved
--> mj-flex_shell_weights.ads:83:68

 info: float overflow check proved
--> mj-flex_shell_weights.ads:83:73
Summary logged in /var/tmp/sparkling-recovery-shell-weights1-20261003/proof/Term_Weight/validation/obj/gnatprove/gnatprove.out
gnatprove: unproved check messages considered as errors
guarded: elapsed 12.1 s, peak group RSS 157 MB
