Phase 1 of 3: generation of data representation information ...
Phase 2 of 3: generation of Global contracts ...
Phase 3 of 3: flow analysis and proof ...
 info: index check proved
--> mj-flex_shell_weights.adb:82:19

 info: precondition proved
--> mj-flex_shell_weights.adb:82:32

 info: index check proved
--> mj-flex_shell_weights.adb:82:53

 info: index check proved
--> mj-flex_shell_weights.adb:84:19

 info: range check proved
--> mj-flex_shell_weights.adb:85:29

 info: data dependencies proved
--> mj-flex_shell_weights.ads:134:11

 medium: postcondition might fail, cannot prove Bounded (E, Visited + 1)
--> mj-flex_shell_weights.ads:136:27
  136 |           Post => (Static => Bounded (E, Visited + 1)
      |                              ^~~~~~~~~~~~~~~~~~~~~~~
      + provers reached time limit before completing the proof

 info: range check proved
--> mj-flex_shell_weights.ads:136:47

 info: float overflow check proved
--> mj-flex_shell_weights.ads:142:65
Summary logged in /var/tmp/sparkling-recovery-shell-weights2-20261003/proof/Merge/validation/obj/gnatprove/gnatprove.out
gnatprove: unproved check messages considered as errors
guarded: elapsed 18.6 s, peak group RSS 165 MB
