Phase 1 of 3: generation of data representation information ...
Phase 2 of 3: generation of Global contracts ...
Phase 3 of 3: flow analysis and proof ...
 info: division check proved
--> mj-flex_shell_weights.adb:5:17

 info: float overflow check proved
--> mj-flex_shell_weights.adb:5:17

 info: range check proved
--> mj-flex_shell_weights.adb:5:17

 info: implicit aspect Always_Terminates on "Ratio" has been proved, subprogram will terminate
--> mj-flex_shell_weights.ads:42:13

 info: data dependencies proved
--> mj-flex_shell_weights.ads:43:11

 info: postcondition proved
--> mj-flex_shell_weights.ads:46:16

 info: division check proved
--> mj-flex_shell_weights.ads:46:41

 info: float overflow check proved
--> mj-flex_shell_weights.ads:46:41
Success: all checks proved (8 checks).
Summary logged in /var/tmp/sparkling-recovery-shell-weights5-20261003/proof/Ratio/validation/obj/gnatprove/gnatprove.out
guarded: elapsed 4.6 s, peak group RSS 139 MB
