Phase 1 of 3: generation of data representation information ...
Phase 2 of 3: generation of Global contracts ...
Phase 3 of 3: flow analysis and proof ...
 info: loop invariant initialization proved
--> mj-flex_shell_weights.adb:107:43

 info: loop invariant preservation proved
--> mj-flex_shell_weights.adb:107:43

 info: range check proved
--> mj-flex_shell_weights.adb:107:63

 info: loop invariant initialization proved
--> mj-flex_shell_weights.adb:108:43

 info: loop invariant preservation proved
--> mj-flex_shell_weights.adb:108:43

 info: precondition proved
--> mj-flex_shell_weights.adb:108:47

 info: precondition proved
--> mj-flex_shell_weights.adb:109:10

 info: range check proved
--> mj-flex_shell_weights.adb:109:48

 info: range check proved
--> mj-flex_shell_weights.adb:109:65

 info: data dependencies proved
--> mj-flex_shell_weights.ads:167:11

 info: postcondition proved
--> mj-flex_shell_weights.ads:170:27

 info: range check proved
--> mj-flex_shell_weights.ads:170:47

 info: precondition proved
--> mj-flex_shell_weights.ads:171:23
Success: all checks proved (13 checks).
Summary logged in /var/tmp/sparkling-recovery-shell-weights2-20261003/proof/Accumulate/validation/obj/gnatprove/gnatprove.out
guarded: elapsed 10.1 s, peak group RSS 170 MB
