Phase 1 of 3: generation of data representation information ...
Phase 2 of 3: generation of Global contracts ...
Phase 3 of 3: flow analysis and proof ...
 info: range check proved
--> mj-flex_shell_weights.adb:5:13

 info: float overflow check proved
--> mj-flex_shell_weights.adb:5:20

 info: division check proved
--> mj-flex_shell_weights.adb:5:20

 medium: range check might fail
--> mj-flex_shell_weights.adb:5:20
    5 |         (Real (Index) / Real (Nodes - 1));
      |          ~~~~~~~~~~~~~^~~~~~~~~~~~~~~~~
      + reason for check: returned value must fit in the result type of the function
      + provers reached time limit before completing the proof

 info: range check proved
--> mj-flex_shell_weights.adb:5:34

 info: implicit aspect Always_Terminates on "Local" has been proved, subprogram will terminate
--> mj-flex_shell_weights.ads:39:13

 info: data dependencies proved
--> mj-flex_shell_weights.ads:40:11

 info: postcondition proved
--> mj-flex_shell_weights.ads:41:16

 info: range check proved
--> mj-flex_shell_weights.ads:41:37

 info: float overflow check proved
--> mj-flex_shell_weights.ads:41:44

 info: division check proved
--> mj-flex_shell_weights.ads:41:44

 info: range check proved
--> mj-flex_shell_weights.ads:41:58
Summary logged in /var/tmp/sparkling-recovery-shell-weights1-20261003/proof/Local/validation/obj/gnatprove/gnatprove.out
gnatprove: unproved check messages considered as errors
guarded: elapsed 15.8 s, peak group RSS 138 MB
