Phase 1 of 3: generation of data representation information ...
Phase 2 of 3: generation of Global contracts ...
Phase 3 of 3: flow analysis and proof ...
 info: loop invariant initialization proved
--> mj-flex_shell_weights.adb:65:33

 info: loop invariant preservation proved
--> mj-flex_shell_weights.adb:65:33

 info: index check proved
--> mj-flex_shell_weights.adb:65:65

 info: implicit aspect Always_Terminates on "Find" has been proved, subprogram will terminate
--> mj-flex_shell_weights.ads:121:13

 info: data dependencies proved
--> mj-flex_shell_weights.ads:122:11

 info: postcondition proved
--> mj-flex_shell_weights.ads:123:16

 info: index check proved
--> mj-flex_shell_weights.ads:124:63

 info: index check proved
--> mj-flex_shell_weights.ads:125:76
Success: all checks proved (8 checks).
Summary logged in /var/tmp/sparkling-recovery-shell-weights5-20261003/proof/Find/validation/obj/gnatprove/gnatprove.out
guarded: elapsed 3.3 s, peak group RSS 146 MB
