Phase 1 of 3: generation of data representation information ...
Phase 2 of 3: generation of Global contracts ...
Phase 3 of 3: flow analysis and proof ...
 info: range check proved
--> mj-flex_shell_weights.adb:3:80

 info: division check proved
--> mj-flex_shell_weights.adb:5:17

 info: float overflow check proved
--> mj-flex_shell_weights.adb:5:17

 info: range check proved
--> mj-flex_shell_weights.adb:5:17

 info: assertion proved
--> mj-flex_shell_weights.adb:8:32

 info: assertion proved
--> mj-flex_shell_weights.adb:9:32

 info: range check proved
--> mj-flex_shell_weights.adb:9:38

 info: range check proved
--> mj-flex_shell_weights.adb:9:60

 info: precondition proved
--> mj-flex_shell_weights.adb:10:14

 info: range check proved
--> mj-flex_shell_weights.adb:10:27

 info: range check proved
--> mj-flex_shell_weights.adb:10:47

 info: float overflow check proved
--> mj-flex_shell_weights.adb:13:14

 info: range check proved
--> mj-flex_shell_weights.adb:13:14

 info: float overflow check proved
--> mj-flex_shell_weights.adb:19:41

 info: range check proved
--> mj-flex_shell_weights.adb:19:41

 info: float overflow check proved
--> mj-flex_shell_weights.adb:20:41

 info: range check proved
--> mj-flex_shell_weights.adb:20:41

 info: float overflow check proved
--> mj-flex_shell_weights.adb:21:41

 info: range check proved
--> mj-flex_shell_weights.adb:21:41

 info: range check proved
--> mj-flex_shell_weights.adb:22:41

 info: float overflow check proved
--> mj-flex_shell_weights.adb:22:49

 info: range check proved
--> mj-flex_shell_weights.adb:22:49

 info: float overflow check proved
--> mj-flex_shell_weights.adb:22:59

 info: range check proved
--> mj-flex_shell_weights.adb:22:59

 info: range check proved
--> mj-flex_shell_weights.adb:23:41

 info: float overflow check proved
--> mj-flex_shell_weights.adb:23:49

 info: range check proved
--> mj-flex_shell_weights.adb:23:49

 info: range check proved
--> mj-flex_shell_weights.adb:24:41

 info: float overflow check proved
--> mj-flex_shell_weights.adb:24:53

 info: range check proved
--> mj-flex_shell_weights.adb:24:53

 info: range check proved
--> mj-flex_shell_weights.adb:25:41

 info: range check proved
--> mj-flex_shell_weights.adb:26:42

 info: float overflow check proved
--> mj-flex_shell_weights.adb:26:50

 info: range check proved
--> mj-flex_shell_weights.adb:26:50

 info: float overflow check proved
--> mj-flex_shell_weights.adb:26:60

 info: range check proved
--> mj-flex_shell_weights.adb:26:60

 info: range check proved
--> mj-flex_shell_weights.adb:27:42

 info: float overflow check proved
--> mj-flex_shell_weights.adb:27:50

 info: range check proved
--> mj-flex_shell_weights.adb:27:50

 info: range check proved
--> mj-flex_shell_weights.adb:28:42

 info: float overflow check proved
--> mj-flex_shell_weights.adb:28:54

 info: range check proved
--> mj-flex_shell_weights.adb:28:54

 info: range check proved
--> mj-flex_shell_weights.adb:29:42

 info: range check proved
--> mj-flex_shell_weights.adb:30:42

 info: float overflow check proved
--> mj-flex_shell_weights.adb:30:50

 info: range check proved
--> mj-flex_shell_weights.adb:30:50

 info: float overflow check proved
--> mj-flex_shell_weights.adb:30:60

 info: range check proved
--> mj-flex_shell_weights.adb:30:60

 info: range check proved
--> mj-flex_shell_weights.adb:31:42

 info: float overflow check proved
--> mj-flex_shell_weights.adb:31:50

 info: range check proved
--> mj-flex_shell_weights.adb:31:50

 info: range check proved
--> mj-flex_shell_weights.adb:32:42

 info: float overflow check proved
--> mj-flex_shell_weights.adb:32:54

 info: range check proved
--> mj-flex_shell_weights.adb:32:54

 info: range check proved
--> mj-flex_shell_weights.adb:33:42

 info: float overflow check proved
--> mj-flex_shell_weights.adb:34:56

 info: range check proved
--> mj-flex_shell_weights.adb:34:56

 info: float overflow check proved
--> mj-flex_shell_weights.adb:34:66

 info: range check proved
--> mj-flex_shell_weights.adb:34:66

 info: float overflow check proved
--> mj-flex_shell_weights.adb:34:76

 info: range check proved
--> mj-flex_shell_weights.adb:34:76

 info: float overflow check proved
--> mj-flex_shell_weights.adb:35:56

 info: range check proved
--> mj-flex_shell_weights.adb:35:56

 info: float overflow check proved
--> mj-flex_shell_weights.adb:35:66

 info: range check proved
--> mj-flex_shell_weights.adb:35:66

 info: float overflow check proved
--> mj-flex_shell_weights.adb:36:56

 info: range check proved
--> mj-flex_shell_weights.adb:36:56

 info: float overflow check proved
--> mj-flex_shell_weights.adb:36:70

 info: range check proved
--> mj-flex_shell_weights.adb:36:70

 info: float overflow check proved
--> mj-flex_shell_weights.adb:37:56

 info: range check proved
--> mj-flex_shell_weights.adb:37:56

 info: float overflow check proved
--> mj-flex_shell_weights.adb:38:60

 info: range check proved
--> mj-flex_shell_weights.adb:38:60

 info: float overflow check proved
--> mj-flex_shell_weights.adb:38:70

 info: range check proved
--> mj-flex_shell_weights.adb:38:70

 info: float overflow check proved
--> mj-flex_shell_weights.adb:39:60

 info: range check proved
--> mj-flex_shell_weights.adb:39:60

 info: float overflow check proved
--> mj-flex_shell_weights.adb:40:64

 info: range check proved
--> mj-flex_shell_weights.adb:40:64

 info: precondition proved
--> mj-flex_shell_weights.adb:48:17

 info: index check proved
--> mj-flex_shell_weights.adb:48:17

 info: precondition proved
--> mj-flex_shell_weights.adb:48:26

 info: precondition proved
--> mj-flex_shell_weights.adb:49:22

 info: precondition proved
--> mj-flex_shell_weights.adb:49:44

 info: precondition proved
--> mj-flex_shell_weights.adb:49:66

 info: precondition proved
--> mj-flex_shell_weights.adb:53:34

 info: precondition proved
--> mj-flex_shell_weights.adb:54:34

 info: precondition proved
--> mj-flex_shell_weights.adb:55:34

 info: precondition proved
--> mj-flex_shell_weights.adb:58:18

 info: index check proved
--> mj-flex_shell_weights.adb:58:18

 info: precondition proved
--> mj-flex_shell_weights.adb:58:27

 info: loop invariant initialization proved
--> mj-flex_shell_weights.adb:65:33

 info: loop invariant preservation proved
--> mj-flex_shell_weights.adb:65:33

 info: index check proved
--> mj-flex_shell_weights.adb:65:65

 info: float overflow check proved
--> mj-flex_shell_weights.adb:71:13

 info: assertion proved
--> mj-flex_shell_weights.adb:77:32

 info: range check proved
--> mj-flex_shell_weights.adb:77:38

 info: float overflow check proved
--> mj-flex_shell_weights.adb:77:47

 info: range check proved
--> mj-flex_shell_weights.adb:77:71

 info: float overflow check proved
--> mj-flex_shell_weights.adb:77:76

 info: assertion proved
--> mj-flex_shell_weights.adb:78:32

 info: range check proved
--> mj-flex_shell_weights.adb:78:47

 info: float overflow check proved
--> mj-flex_shell_weights.adb:78:52

 info: range check proved
--> mj-flex_shell_weights.adb:78:69

 info: float overflow check proved
--> mj-flex_shell_weights.adb:78:78

 info: assertion proved
--> mj-flex_shell_weights.adb:79:32

 info: range check proved
--> mj-flex_shell_weights.adb:80:36

 info: float overflow check proved
--> mj-flex_shell_weights.adb:80:41

 info: range check proved
--> mj-flex_shell_weights.adb:80:65

 info: float overflow check proved
--> mj-flex_shell_weights.adb:80:70

 info: index check proved
--> mj-flex_shell_weights.adb:82:19

 info: precondition proved
--> mj-flex_shell_weights.adb:82:32

 info: index check proved
--> mj-flex_shell_weights.adb:82:53

 info: index check proved
--> mj-flex_shell_weights.adb:84:19

 info: range check proved
--> mj-flex_shell_weights.adb:85:29

 info: precondition proved
--> mj-flex_shell_weights.adb:92:07

 info: range check proved
--> mj-flex_shell_weights.adb:92:35

 info: precondition proved
--> mj-flex_shell_weights.adb:100:14

 info: precondition proved
--> mj-flex_shell_weights.adb:100:21

 info: subprogram variant proved
--> mj-flex_shell_weights.adb:100:21

 info: range check proved
--> mj-flex_shell_weights.adb:100:43

 info: index check proved
--> mj-flex_shell_weights.adb:100:71

 info: range check proved
--> mj-flex_shell_weights.adb:100:93

 info: loop invariant initialization proved
--> mj-flex_shell_weights.adb:107:43

 info: loop invariant preservation proved
--> mj-flex_shell_weights.adb:107:43

 info: range check proved
--> mj-flex_shell_weights.adb:107:63

 info: loop invariant initialization proved
--> mj-flex_shell_weights.adb:108:43

 info: loop invariant preservation proved
--> mj-flex_shell_weights.adb:108:43

 info: precondition proved
--> mj-flex_shell_weights.adb:108:47

 info: precondition proved
--> mj-flex_shell_weights.adb:109:10

 info: range check proved
--> mj-flex_shell_weights.adb:109:48

 info: range check proved
--> mj-flex_shell_weights.adb:109:65

 info: implicit aspect Always_Terminates on "Total_Nodes" has been proved, subprogram will terminate
--> mj-flex_shell_weights.ads:28:13

 info: implicit aspect Always_Terminates on "Inside" has been proved, subprogram will terminate
--> mj-flex_shell_weights.ads:30:13

 info: implicit aspect Always_Terminates on "Flat" has been proved, subprogram will terminate
--> mj-flex_shell_weights.ads:32:13

 info: data dependencies proved
--> mj-flex_shell_weights.ads:33:11

 info: postcondition proved
--> mj-flex_shell_weights.ads:36:16

 info: implicit aspect Always_Terminates on "Local" has been proved, subprogram will terminate
--> mj-flex_shell_weights.ads:39:13

 info: data dependencies proved
--> mj-flex_shell_weights.ads:40:11

 info: postcondition proved
--> mj-flex_shell_weights.ads:41:16

 info: range check proved
--> mj-flex_shell_weights.ads:41:37

 info: float overflow check proved
--> mj-flex_shell_weights.ads:41:44

 info: division check proved
--> mj-flex_shell_weights.ads:41:44

 info: range check proved
--> mj-flex_shell_weights.ads:41:58

 info: implicit aspect Always_Terminates on "Ratio" has been proved, subprogram will terminate
--> mj-flex_shell_weights.ads:42:13

 info: data dependencies proved
--> mj-flex_shell_weights.ads:43:11

 info: postcondition proved
--> mj-flex_shell_weights.ads:46:16

 info: division check proved
--> mj-flex_shell_weights.ads:46:41

 info: float overflow check proved
--> mj-flex_shell_weights.ads:46:41

 info: implicit aspect Always_Terminates on "Scale" has been proved, subprogram will terminate
--> mj-flex_shell_weights.ads:47:13

 info: data dependencies proved
--> mj-flex_shell_weights.ads:48:11

 info: postcondition proved
--> mj-flex_shell_weights.ads:48:43

 info: float overflow check proved
--> mj-flex_shell_weights.ads:48:65

 info: implicit aspect Always_Terminates on "Term_Point" has been proved, subprogram will terminate
--> mj-flex_shell_weights.ads:50:13

 info: data dependencies proved
--> mj-flex_shell_weights.ads:66:11

 info: postcondition proved
--> mj-flex_shell_weights.ads:67:16

 info: implicit aspect Always_Terminates on "Term_Weight" has been proved, subprogram will terminate
--> mj-flex_shell_weights.ads:69:13

 info: data dependencies proved
--> mj-flex_shell_weights.ads:71:11

 info: disjoint contract or exit cases proved
--> mj-flex_shell_weights.ads:72:08

 info: complete contract cases proved
--> mj-flex_shell_weights.ads:72:08

 info: contract case proved
--> mj-flex_shell_weights.ads:73:11

 info: float overflow check proved
--> mj-flex_shell_weights.ads:73:43

 info: float overflow check proved
--> mj-flex_shell_weights.ads:73:50

 info: contract case proved
--> mj-flex_shell_weights.ads:74:11

 info: float overflow check proved
--> mj-flex_shell_weights.ads:74:43

 info: contract case proved
--> mj-flex_shell_weights.ads:75:11

 info: float overflow check proved
--> mj-flex_shell_weights.ads:75:43

 info: float overflow check proved
--> mj-flex_shell_weights.ads:75:50

 info: contract case proved
--> mj-flex_shell_weights.ads:76:11

 info: float overflow check proved
--> mj-flex_shell_weights.ads:76:43

 info: contract case proved
--> mj-flex_shell_weights.ads:77:11

 info: float overflow check proved
--> mj-flex_shell_weights.ads:77:43

 info: float overflow check proved
--> mj-flex_shell_weights.ads:77:50

 info: contract case proved
--> mj-flex_shell_weights.ads:78:11

 info: float overflow check proved
--> mj-flex_shell_weights.ads:78:43

 info: contract case proved
--> mj-flex_shell_weights.ads:79:11

 info: float overflow check proved
--> mj-flex_shell_weights.ads:79:45

 info: float overflow check proved
--> mj-flex_shell_weights.ads:79:52

 info: float overflow check proved
--> mj-flex_shell_weights.ads:79:58

 info: float overflow check proved
--> mj-flex_shell_weights.ads:79:65

 info: contract case proved
--> mj-flex_shell_weights.ads:80:11

 info: float overflow check proved
--> mj-flex_shell_weights.ads:80:45

 info: float overflow check proved
--> mj-flex_shell_weights.ads:80:52

 info: float overflow check proved
--> mj-flex_shell_weights.ads:80:58

 info: contract case proved
--> mj-flex_shell_weights.ads:81:11

 info: float overflow check proved
--> mj-flex_shell_weights.ads:81:45

 info: float overflow check proved
--> mj-flex_shell_weights.ads:81:50

 info: float overflow check proved
--> mj-flex_shell_weights.ads:81:57

 info: contract case proved
--> mj-flex_shell_weights.ads:82:11

 info: float overflow check proved
--> mj-flex_shell_weights.ads:82:45

 info: float overflow check proved
--> mj-flex_shell_weights.ads:82:50

 info: contract case proved
--> mj-flex_shell_weights.ads:83:11

 info: float overflow check proved
--> mj-flex_shell_weights.ads:83:46

 info: float overflow check proved
--> mj-flex_shell_weights.ads:83:53

 info: float overflow check proved
--> mj-flex_shell_weights.ads:83:59

 info: float overflow check proved
--> mj-flex_shell_weights.ads:83:66

 info: contract case proved
--> mj-flex_shell_weights.ads:84:11

 info: float overflow check proved
--> mj-flex_shell_weights.ads:84:46

 info: float overflow check proved
--> mj-flex_shell_weights.ads:84:53

 info: float overflow check proved
--> mj-flex_shell_weights.ads:84:59

 info: contract case proved
--> mj-flex_shell_weights.ads:85:11

 info: float overflow check proved
--> mj-flex_shell_weights.ads:85:46

 info: float overflow check proved
--> mj-flex_shell_weights.ads:85:51

 info: float overflow check proved
--> mj-flex_shell_weights.ads:85:58

 info: contract case proved
--> mj-flex_shell_weights.ads:86:11

 info: float overflow check proved
--> mj-flex_shell_weights.ads:86:46

 info: float overflow check proved
--> mj-flex_shell_weights.ads:86:51

 info: contract case proved
--> mj-flex_shell_weights.ads:87:11

 info: float overflow check proved
--> mj-flex_shell_weights.ads:87:46

 info: float overflow check proved
--> mj-flex_shell_weights.ads:87:53

 info: float overflow check proved
--> mj-flex_shell_weights.ads:87:59

 info: float overflow check proved
--> mj-flex_shell_weights.ads:87:66

 info: contract case proved
--> mj-flex_shell_weights.ads:88:11

 info: float overflow check proved
--> mj-flex_shell_weights.ads:88:46

 info: float overflow check proved
--> mj-flex_shell_weights.ads:88:53

 info: float overflow check proved
--> mj-flex_shell_weights.ads:88:59

 info: contract case proved
--> mj-flex_shell_weights.ads:89:11

 info: float overflow check proved
--> mj-flex_shell_weights.ads:89:46

 info: float overflow check proved
--> mj-flex_shell_weights.ads:89:51

 info: float overflow check proved
--> mj-flex_shell_weights.ads:89:58

 info: contract case proved
--> mj-flex_shell_weights.ads:90:11

 info: float overflow check proved
--> mj-flex_shell_weights.ads:90:46

 info: float overflow check proved
--> mj-flex_shell_weights.ads:90:51

 info: contract case proved
--> mj-flex_shell_weights.ads:91:11

 info: float overflow check proved
--> mj-flex_shell_weights.ads:91:46

 info: float overflow check proved
--> mj-flex_shell_weights.ads:91:53

 info: float overflow check proved
--> mj-flex_shell_weights.ads:91:59

 info: float overflow check proved
--> mj-flex_shell_weights.ads:91:66

 info: float overflow check proved
--> mj-flex_shell_weights.ads:91:72

 info: float overflow check proved
--> mj-flex_shell_weights.ads:91:79

 info: contract case proved
--> mj-flex_shell_weights.ads:92:11

 info: float overflow check proved
--> mj-flex_shell_weights.ads:92:46

 info: float overflow check proved
--> mj-flex_shell_weights.ads:92:53

 info: float overflow check proved
--> mj-flex_shell_weights.ads:92:59

 info: float overflow check proved
--> mj-flex_shell_weights.ads:92:66

 info: float overflow check proved
--> mj-flex_shell_weights.ads:92:72

 info: contract case proved
--> mj-flex_shell_weights.ads:93:11

 info: float overflow check proved
--> mj-flex_shell_weights.ads:93:46

 info: float overflow check proved
--> mj-flex_shell_weights.ads:93:53

 info: float overflow check proved
--> mj-flex_shell_weights.ads:93:59

 info: float overflow check proved
--> mj-flex_shell_weights.ads:93:64

 info: float overflow check proved
--> mj-flex_shell_weights.ads:93:71

 info: contract case proved
--> mj-flex_shell_weights.ads:94:11

 info: float overflow check proved
--> mj-flex_shell_weights.ads:94:46

 info: float overflow check proved
--> mj-flex_shell_weights.ads:94:53

 info: float overflow check proved
--> mj-flex_shell_weights.ads:94:59

 info: float overflow check proved
--> mj-flex_shell_weights.ads:94:64

 info: contract case proved
--> mj-flex_shell_weights.ads:95:11

 info: float overflow check proved
--> mj-flex_shell_weights.ads:95:46

 info: float overflow check proved
--> mj-flex_shell_weights.ads:95:51

 info: float overflow check proved
--> mj-flex_shell_weights.ads:95:58

 info: float overflow check proved
--> mj-flex_shell_weights.ads:95:64

 info: float overflow check proved
--> mj-flex_shell_weights.ads:95:71

 info: contract case proved
--> mj-flex_shell_weights.ads:96:11

 info: float overflow check proved
--> mj-flex_shell_weights.ads:96:46

 info: float overflow check proved
--> mj-flex_shell_weights.ads:96:51

 info: float overflow check proved
--> mj-flex_shell_weights.ads:96:58

 info: float overflow check proved
--> mj-flex_shell_weights.ads:96:64

 info: contract case proved
--> mj-flex_shell_weights.ads:97:11

 info: float overflow check proved
--> mj-flex_shell_weights.ads:97:46

 info: float overflow check proved
--> mj-flex_shell_weights.ads:97:51

 info: float overflow check proved
--> mj-flex_shell_weights.ads:97:56

 info: float overflow check proved
--> mj-flex_shell_weights.ads:97:63

 info: contract case proved
--> mj-flex_shell_weights.ads:98:11

 info: float overflow check proved
--> mj-flex_shell_weights.ads:98:46

 info: float overflow check proved
--> mj-flex_shell_weights.ads:98:51

 info: float overflow check proved
--> mj-flex_shell_weights.ads:98:56

 info: implicit aspect Always_Terminates on "Model_Terms" has been proved, subprogram will terminate
--> mj-flex_shell_weights.ads:100:13

 info: data dependencies proved
--> mj-flex_shell_weights.ads:102:28

 info: range check proved
--> mj-flex_shell_weights.ads:104:50

 info: postcondition proved
--> mj-flex_shell_weights.ads:106:27

 info: precondition proved
--> mj-flex_shell_weights.ads:107:51

 info: index check proved
--> mj-flex_shell_weights.ads:107:51

 info: precondition proved
--> mj-flex_shell_weights.ads:107:60

 info: precondition proved
--> mj-flex_shell_weights.ads:109:13

 info: precondition proved
--> mj-flex_shell_weights.ads:109:35

 info: precondition proved
--> mj-flex_shell_weights.ads:109:57

 info: data dependencies proved
--> mj-flex_shell_weights.ads:112:11

 info: range check proved
--> mj-flex_shell_weights.ads:114:50

 info: postcondition proved
--> mj-flex_shell_weights.ads:116:27

 info: initialization check proved
--> mj-flex_shell_weights.ads:116:54

 info: precondition proved
--> mj-flex_shell_weights.ads:116:62

 info: implicit aspect Always_Terminates on "Bounded" has been proved, subprogram will terminate
--> mj-flex_shell_weights.ads:118:13

 info: range check proved
--> mj-flex_shell_weights.ads:120:27

 info: float overflow check proved
--> mj-flex_shell_weights.ads:120:36

 info: range check proved
--> mj-flex_shell_weights.ads:120:52

 info: float overflow check proved
--> mj-flex_shell_weights.ads:120:61

 info: implicit aspect Always_Terminates on "Find" has been proved, subprogram will terminate
--> mj-flex_shell_weights.ads:121:13

 info: data dependencies proved
--> mj-flex_shell_weights.ads:122:11

 info: postcondition proved
--> mj-flex_shell_weights.ads:123:16

 info: index check proved
--> mj-flex_shell_weights.ads:124:63

 info: index check proved
--> mj-flex_shell_weights.ads:125:76

 info: implicit aspect Always_Terminates on "Add_Weight" has been proved, subprogram will terminate
--> mj-flex_shell_weights.ads:126:13

 info: data dependencies proved
--> mj-flex_shell_weights.ads:127:11

 info: range check proved
--> mj-flex_shell_weights.ads:129:35

 info: float overflow check proved
--> mj-flex_shell_weights.ads:129:44

 info: range check proved
--> mj-flex_shell_weights.ads:129:60

 info: float overflow check proved
--> mj-flex_shell_weights.ads:129:69

 info: postcondition proved
--> mj-flex_shell_weights.ads:130:16

 info: float overflow check proved
--> mj-flex_shell_weights.ads:130:42

 info: range check proved
--> mj-flex_shell_weights.ads:131:55

 info: float overflow check proved
--> mj-flex_shell_weights.ads:131:60

 info: range check proved
--> mj-flex_shell_weights.ads:131:84

 info: float overflow check proved
--> mj-flex_shell_weights.ads:131:89

 info: data dependencies proved
--> mj-flex_shell_weights.ads:134:11

 info: postcondition proved
--> mj-flex_shell_weights.ads:136:27

 info: range check proved
--> mj-flex_shell_weights.ads:136:47

 info: float overflow check proved
--> mj-flex_shell_weights.ads:142:65

 info: implicit aspect Always_Terminates on "After" has been proved, subprogram will terminate
--> mj-flex_shell_weights.ads:145:13

 info: data dependencies proved
--> mj-flex_shell_weights.ads:146:28

 info: postcondition proved
--> mj-flex_shell_weights.ads:149:27

 info: range check proved
--> mj-flex_shell_weights.ads:149:58

 info: float overflow check proved
--> mj-flex_shell_weights.ads:156:57

 info: implicit aspect Always_Terminates on "Fold" has been proved, subprogram will terminate
--> mj-flex_shell_weights.ads:158:13

 info: data dependencies proved
--> mj-flex_shell_weights.ads:160:28

 info: postcondition proved
--> mj-flex_shell_weights.ads:163:27

 info: range check proved
--> mj-flex_shell_weights.ads:163:57

 info: precondition proved
--> mj-flex_shell_weights.ads:165:12

 info: precondition proved
--> mj-flex_shell_weights.ads:165:19

 info: subprogram variant proved
--> mj-flex_shell_weights.ads:165:19

 info: range check proved
--> mj-flex_shell_weights.ads:165:41

 info: index check proved
--> mj-flex_shell_weights.ads:165:69

 info: range check proved
--> mj-flex_shell_weights.ads:165:91

 info: data dependencies proved
--> mj-flex_shell_weights.ads:167:11

 info: postcondition proved
--> mj-flex_shell_weights.ads:170:27

 info: range check proved
--> mj-flex_shell_weights.ads:170:47

 info: precondition proved
--> mj-flex_shell_weights.ads:171:23
Success: all checks proved (327 checks).
Summary logged in /var/tmp/sparkling-recovery-shell-weights5-20261003/proof/whole/validation/obj/gnatprove/gnatprove.out
guarded: elapsed 141.3 s, peak group RSS 231 MB
