Phase 1 of 3: generation of data representation information ...
Phase 2 of 3: generation of Global contracts ...
Phase 3 of 3: flow analysis and proof ...
 info: loop invariant initialization proved
--> mj-flex_shell_weights.adb:57:33

 info: loop invariant preservation proved
--> mj-flex_shell_weights.adb:57:33

 info: index check proved
--> mj-flex_shell_weights.adb:57:65

 info: implicit aspect Always_Terminates on "Find" has been proved, subprogram will terminate
--> mj-flex_shell_weights.ads:99:13

 info: data dependencies proved
--> mj-flex_shell_weights.ads:100:11

 info: postcondition proved
--> mj-flex_shell_weights.ads:101:16

 info: index check proved
--> mj-flex_shell_weights.ads:102:63

 info: index check proved
--> mj-flex_shell_weights.ads:103:76
Success: all checks proved (8 checks).
Summary logged in /var/tmp/sparkling-recovery-shell-weights1-20261003/proof/Find/validation/obj/gnatprove/gnatprove.out
guarded: elapsed 3.5 s, peak group RSS 124 MB
