Phase 1 of 3: generation of data representation information ...
Phase 2 of 3: generation of Global contracts ...
Phase 3 of 3: flow analysis and proof ...
 info: range check proved
--> mj-contact_incidence.adb:123:44

 info: range check proved
--> mj-contact_incidence.adb:124:51

 info: precondition proved
--> mj-contact_incidence.adb:126:10

 info: loop invariant initialization proved
--> mj-contact_incidence.adb:128:33

 info: loop invariant preservation proved
--> mj-contact_incidence.adb:128:33

 info: loop invariant initialization proved
--> mj-contact_incidence.adb:129:33

 info: loop invariant preservation proved
--> mj-contact_incidence.adb:129:33

 info: loop invariant initialization proved
--> mj-contact_incidence.adb:130:33

 info: loop invariant preservation proved
--> mj-contact_incidence.adb:130:33

 info: loop invariant initialization proved
--> mj-contact_incidence.adb:131:33

 info: loop invariant preservation proved
--> mj-contact_incidence.adb:131:33

 info: range check proved
--> mj-contact_incidence.adb:131:78

 info: loop invariant preservation proved
--> mj-contact_incidence.adb:132:33

 info: loop invariant initialization proved
--> mj-contact_incidence.adb:132:33

 info: precondition proved
--> mj-contact_incidence.adb:132:61

 info: loop invariant initialization proved
--> mj-contact_incidence.adb:133:33

 info: loop invariant preservation proved
--> mj-contact_incidence.adb:133:33

 info: index check proved
--> mj-contact_incidence.adb:133:70

 info: index check proved
--> mj-contact_incidence.adb:133:81

 info: initialization of "L" proved
--> mj-contact_incidence.ads:47:21

 info: initialization of "Result" proved
--> mj-contact_incidence.ads:47:37

 info: data dependencies proved
--> mj-contact_incidence.ads:48:11

 info: overflow check proved
--> mj-contact_incidence.ads:49:70

 info: postcondition proved
--> mj-contact_incidence.ads:50:16
Success: all checks proved (24 checks).
Summary logged in /var/tmp/sparkling-meshmesh-proof12-20261001/Build/validation/obj/gnatprove/gnatprove.out
guarded: elapsed 6.2 s, peak group RSS 221 MB
