Phase 1 of 3: generation of data representation information ...
Phase 2 of 3: generation of Global contracts ...
Phase 3 of 3: flow analysis and proof ...
 info: initialization of "N" proved
--> mj-convex_assets.adb:70:07

 info: initialization of "Edge_Start" proved
--> mj-convex_assets.adb:70:10

 info: initialization of "Last" proved
--> mj-convex_assets.adb:70:22

 info: initialization of "Slot" proved
--> mj-convex_assets.adb:70:28

 info: initialization of "C" proved
--> mj-convex_assets.adb:71:07

 info: range check proved
--> mj-convex_assets.adb:74:12

 info: index check proved
--> mj-convex_assets.adb:74:16

 info: overflow check proved
--> mj-convex_assets.adb:76:34

 info: overflow check proved
--> mj-convex_assets.adb:76:36

 info: overflow check proved
--> mj-convex_assets.adb:76:38

 info: overflow check proved
--> mj-convex_assets.adb:76:63

 info: range check proved
--> mj-convex_assets.adb:76:63

 info: precondition proved
--> mj-convex_assets.adb:78:15

 info: overflow check proved
--> mj-convex_assets.adb:78:38

 info: range check proved
--> mj-convex_assets.adb:78:38

 info: overflow check proved
--> mj-convex_assets.adb:78:55

 info: overflow check proved
--> mj-convex_assets.adb:78:57

 info: index check proved
--> mj-convex_assets.adb:78:57

 info: index check proved
--> mj-convex_assets.adb:80:18

 info: range check proved
--> mj-convex_assets.adb:80:24

 info: index check proved
--> mj-convex_assets.adb:81:15

 info: range check proved
--> mj-convex_assets.adb:81:21

 info: overflow check proved
--> mj-convex_assets.adb:81:37

 info: overflow check proved
--> mj-convex_assets.adb:81:39

 info: overflow check proved
--> mj-convex_assets.adb:81:41

 info: index check proved
--> mj-convex_assets.adb:81:41

 info: loop invariant preservation proved
--> mj-convex_assets.adb:82:33

 info: loop invariant initialization proved
--> mj-convex_assets.adb:82:33

 info: index check proved
--> mj-convex_assets.adb:83:17

 info: overflow check proved
--> mj-convex_assets.adb:83:38

 info: overflow check proved
--> mj-convex_assets.adb:83:40

 info: overflow check proved
--> mj-convex_assets.adb:83:42

 info: index check proved
--> mj-convex_assets.adb:83:42

 info: index check proved
--> mj-convex_assets.adb:84:29

 info: index check proved
--> mj-convex_assets.adb:85:29

 info: precondition proved
--> mj-convex_assets.adb:85:34

 info: overflow check proved
--> mj-convex_assets.adb:85:57

 info: range check proved
--> mj-convex_assets.adb:85:57

 info: overflow check proved
--> mj-convex_assets.adb:85:74

 info: overflow check proved
--> mj-convex_assets.adb:85:76

 info: index check proved
--> mj-convex_assets.adb:85:76

 info: loop invariant initialization proved
--> mj-convex_assets.adb:88:33

 info: loop invariant preservation proved
--> mj-convex_assets.adb:88:33

 info: index check proved
--> mj-convex_assets.adb:88:37

 info: loop invariant initialization proved
--> mj-convex_assets.adb:89:33

 info: loop invariant preservation proved
--> mj-convex_assets.adb:89:33

 info: overflow check proved
--> mj-convex_assets.adb:90:34

 info: overflow check proved
--> mj-convex_assets.adb:90:36

 info: overflow check proved
--> mj-convex_assets.adb:90:55

 info: overflow check proved
--> mj-convex_assets.adb:90:57

 info: overflow check proved
--> mj-convex_assets.adb:90:59

 info: index check proved
--> mj-convex_assets.adb:91:40

 info: overflow check proved
--> mj-convex_assets.adb:91:74

 info: index check proved
--> mj-convex_assets.adb:91:74

 info: overflow check proved
--> mj-convex_assets.adb:91:89

 info: overflow check proved
--> mj-convex_assets.adb:91:91

 info: overflow check proved
--> mj-convex_assets.adb:91:139

 info: index check proved
--> mj-convex_assets.adb:91:139

 info: overflow check proved
--> mj-convex_assets.adb:91:154

 info: overflow check proved
--> mj-convex_assets.adb:91:156

 info: index check proved
--> mj-convex_assets.adb:92:21

 info: index check proved
--> mj-convex_assets.adb:92:40

 info: overflow check proved
--> mj-convex_assets.adb:93:31

 info: overflow check proved
--> mj-convex_assets.adb:93:33

 info: overflow check proved
--> mj-convex_assets.adb:93:35

 info: index check proved
--> mj-convex_assets.adb:94:13

 info: precondition proved
--> mj-convex_assets.adb:94:22

 info: index check proved
--> mj-convex_assets.adb:94:44

 info: index check proved
--> mj-convex_assets.adb:94:53

 info: data dependencies proved
--> mj-convex_assets.ads:54:11

 info: postcondition proved
--> mj-convex_assets.ads:55:16

 info: overflow check proved
--> mj-convex_assets.ads:59:36

 info: overflow check proved
--> mj-convex_assets.ads:59:38

 info: index check proved
--> mj-convex_assets.ads:59:47

 info: overflow check proved
--> mj-convex_assets.ads:59:77

 info: overflow check proved
--> mj-convex_assets.ads:59:79

 info: overflow check proved
--> mj-convex_assets.ads:59:81

 info: index check proved
--> mj-convex_assets.ads:59:90

 info: index check proved
--> mj-convex_assets.ads:60:42

 info: precondition proved
--> mj-convex_assets.ads:61:36

 info: overflow check proved
--> mj-convex_assets.ads:61:66

 info: overflow check proved
--> mj-convex_assets.ads:61:68

 info: overflow check proved
--> mj-convex_assets.ads:61:70

 info: index check proved
--> mj-convex_assets.ads:61:79

 info: overflow check proved
--> mj-convex_assets.ads:61:92

 info: range check proved
--> mj-convex_assets.ads:61:92

 info: overflow check proved
--> mj-convex_assets.ads:61:113

 info: overflow check proved
--> mj-convex_assets.ads:61:115

 info: index check proved
--> mj-convex_assets.ads:61:115

 info: overflow check proved
--> mj-convex_assets.ads:61:118

 info: overflow check proved
--> mj-convex_assets.ads:61:133

 info: overflow check proved
--> mj-convex_assets.ads:61:135

 info: index check proved
--> mj-convex_assets.ads:61:144

 info: overflow check proved
--> mj-convex_assets.ads:61:175

 info: range check proved
--> mj-convex_assets.ads:61:175

 info: index check proved
--> mj-convex_assets.ads:61:240

 info: index check proved
--> mj-convex_assets.ads:62:23

 info: index check proved
--> mj-convex_assets.ads:62:35
Success: all checks proved (98 checks).
Summary logged in /var/tmp/sparkling-meshmesh-proof12-20261001/Compile_Degrees/validation/obj/gnatprove/gnatprove.out
guarded: elapsed 37.2 s, peak group RSS 342 MB
