version 3.14.1 precision 4 types 8 8 initpoints 80 budget 80 80
contacts 50
0 1 -0.0059825214557349682 0.18418648838996887 -0.038374580442905426 -0.044374577701091766 -0.88881129026412964 -0.32404834032058716 -0.32404834032058716
0 1 -0.0075929020531475544 0.18866071105003357 -0.0055475030094385147 -0.011575521901249886 -0.95722824335098267 -0.19636325538158417 -0.2124985009431839
0 1 -7.0419162511825562e-05 0.15397638082504272 0.018976466730237007 0.022491840645670891 -0.76299726963043213 -0.33652156591415405 -0.5518953800201416
0 1 -0.0094344411045312881 0.19487430155277252 0.00010230555199086666 -0.0057261544279754162 -0.91340827941894531 -0.30368199944496155 -0.27103981375694275
0 1 -0.0078475894406437874 0.18875624239444733 -0.00027257646434009075 -0.006337819155305624 -0.93603092432022095 0.26414573192596436 0.23253624141216278
0 1 -0.00023774150758981705 0.15399153530597687 -0.029188308864831924 -0.025478625670075417 -0.7606961727142334 -0.37483710050582886 -0.5299420952796936
0 1 -0.00015777561930008233 0.17070871591567993 0.01925463043153286 0.012940536253154278 -0.8880736231803894 0.3250579833984375 -0.32505789399147034
0 1 -0.0089666480198502541 0.19541348516941071 0.064337238669395447 0.058344308286905289 -0.97698312997817993 -0.13382314145565033 -0.16611835360527039
0 1 -0.009279320016503334 0.19380274415016174 -0.0029834848828613758 -0.0088837575167417526 -0.98647308349609375 0.057915233075618744 -0.15335182845592499
0 1 -0.0084784859791398048 0.19230061769485474 0.028013695031404495 0.023108391091227531 -0.88807386159896851 -0.32505768537521362 0.32505762577056885
0 1 -0.0018157782033085823 0.15762776136398315 -0.00045473009231500328 0.0036828557495027781 -0.77334213256835938 -0.38039335608482361 -0.50719118118286133
0 1 -0.0095507204532623291 0.19229865074157715 0.035126309841871262 0.029123382642865181 -0.78010165691375732 -0.44351956248283386 -0.44128435850143433
0 1 -0.0094839166849851608 0.19380959868431091 0.010581766255199909 0.0046755303628742695 -0.96498292684555054 0.1269744336605072 0.22953324019908905
0 1 -6.4297440985683352e-05 0.17036335170269012 0.038334321230649948 0.032131779938936234 -0.88807368278503418 0.32505777478218079 -0.32505780458450317
0 1 -0.0099969217553734779 0.19280242919921875 0.029458872973918915 0.023738574236631393 -0.90703022480010986 -0.34490048885345459 -0.24153657257556915
0 1 -0.00057923421263694763 0.15546594560146332 -0.019843675196170807 -0.015923880040645599 -0.77361053228378296 -0.4932502806186676 0.39778256416320801
0 1 -0.0089884418994188309 0.19276171922683716 0.040331915020942688 0.034352678805589676 -0.99279928207397461 0.11238190531730652 0.041473027318716049
0 1 -0.0019289078190922737 0.15681359171867371 0.038608461618423462 0.041727073490619659 -0.77991431951522827 -0.45115950703620911 0.43380719423294067
0 1 -0.0016440050676465034 0.15773338079452515 -0.0095902970060706139 -0.0058315643109381199 -0.78255850076675415 -0.42190876603126526 0.45781582593917847
0 1 -0.00082886312156915665 0.15646283328533173 0.028519736602902412 0.032068390399217606 -0.76600724458694458 -0.38229253888130188 -0.51680296659469604
0 1 -0.0093300128355622292 0.19528539478778839 -0.013715582899749279 -0.019395692273974419 -0.9893682599067688 0.078785039484500885 -0.12224363535642624
0 1 -0.009862162172794342 0.19282248616218567 0.00048865086864680052 -0.0055921077728271484 -0.91620743274688721 -0.26582899689674377 -0.29983165860176086
0 1 -8.6787156760692596e-05 0.15364634990692139 0.047836638987064362 0.051534403115510941 -0.77481967210769653 -0.4047132134437561 0.48565581440925598
0 1 -0.0075422963127493858 0.18862657248973846 -0.029788773506879807 -0.035640381276607513 -0.95891869068145752 -0.23886445164680481 -0.15303215384483337
0 1 -0.00017544502043165267 0.1707402765750885 -0.0004012574499938637 -0.0060997861437499523 -0.88807368278503418 -0.32505780458450317 0.32505789399147034
0 1 -0.0018361611291766167 0.156415656208992 0.02891131304204464 0.031963743269443512 -0.77605545520782471 -0.47767168283462524 0.41178596019744873
0 1 -0.0090706292539834976 0.19511078298091888 0.019106559455394745 0.013107528910040855 -0.92196869850158691 0.27374446392059326 0.27392998337745667
0 1 -0.00054640881717205048 0.15487149357795715 0.043017491698265076 0.046797309070825577 -0.76688277721405029 0.48829358816146851 0.41648563742637634
0 1 -0.0013064304366707802 0.15629492700099945 0.014098037034273148 0.01762133464217186 -0.77740830183029175 -0.45307883620262146 0.43629804253578186
0 1 -0.0051251258701086044 0.18171454966068268 -0.033422328531742096 -0.039443444460630417 -0.90133804082870483 -0.30383872985839844 -0.30866128206253052
0 1 -0.0077582057565450668 0.18869239091873169 0.038393419235944748 0.03227529302239418 -0.94075912237167358 0.26746580004692078 0.20840902626514435
0 1 -7.1097092586569488e-05 0.17053276300430298 -0.0073003857396543026 -0.013655324466526508 -0.88807368278503418 0.32505780458450317 -0.32505786418914795
0 1 -0.001231735572218895 0.15759357810020447 0.013513457961380482 0.017610229551792145 -0.77564465999603271 -0.44219130277633667 0.45037990808486938
0 1 -0.0092005366459488869 0.1950262188911438 0.0092564960941672325 0.0032833158038556576 -0.91880613565444946 0.27654522657394409 0.28163442015647888
0 1 -0.00049110874533653259 0.15438452363014221 0.038156643509864807 0.041918255388736725 -0.77014541625976562 0.51389920711517334 0.37786710262298584
0 1 -0.0023761729244142771 0.17586107552051544 0.083906233310699463 0.077894784510135651 -0.92730355262756348 -0.2616669237613678 -0.26765379309654236
0 1 -0.00085317343473434448 0.15852095186710358 -0.037951722741127014 -0.035009071230888367 -0.76796770095825195 0.59910547733306885 0.22649115324020386
0 1 -0.0066028842702507973 0.18702340126037598 0.01740729808807373 0.011353155598044395 -0.99060779809951782 -0.078888550400733948 -0.11168181896209717
0 1 -0.000126146842376329 0.17044626176357269 0.043083179742097855 0.0369524285197258 -0.88807368278503418 0.32505780458450317 -0.32505771517753601
0 1 -0.0010571284219622612 0.15610030293464661 0.0093557592481374741 0.013074899092316628 -0.7573121190071106 0.48541069030761719 -0.43686959147453308
0 1 -0.00045460276305675507 0.15463285148143768 0.047703590244054794 0.051421988755464554 -0.77481967210769653 -0.40471324324607849 0.48565581440925598
0 1 -0.00024526065681129694 0.17155216634273529 -0.011809404008090496 -0.018748151138424873 -0.88807356357574463 0.32505783438682556 -0.32505807280540466
0 1 -0.0019084294326603413 0.15782690048217773 0.057754207402467728 0.061154447495937347 -0.76127529144287109 -0.30038741230964661 -0.57465410232543945
0 1 -0.0088423565030097961 0.19542984664440155 -0.0074034458957612514 -0.013399661518633366 -0.96630567312240601 0.17872147262096405 0.18523529171943665
0 1 -0.006628129631280899 0.16384910047054291 -0.02819187194108963 -0.026999730616807938 -0.77081143856048584 -0.44277322292327881 0.45804110169410706
0 1 -0.010304396040737629 0.19381222128868103 -0.001061550690792501 -0.0069803725928068161 -0.91354662179946899 0.27381104230880737 0.3007659912109375
0 1 -0.0096434988081455231 0.19332076609134674 -0.009641808457672596 -0.01572086475789547 -0.94044357538223267 0.26141446828842163 0.21732065081596375
0 1 -0.00011599483696045354 0.17067499458789825 0.02837722934782505 0.022762104868888855 -0.88807368278503418 -0.32505783438682556 0.32505780458450317
0 1 -0.0075437524355947971 0.18862055242061615 0.04733416810631752 0.041238836944103241 -0.95983409881591797 -0.16855639219284058 -0.22429293394088745
0 1 -0.0093844179064035416 0.19491539895534515 -0.019528534263372421 -0.025991497561335564 -0.91637545824050903 0.32412770390510559 0.2349412739276886
