Phase 1 of 3: generation of data representation information ...
Phase 2 of 3: generation of Global contracts ...
Phase 3 of 3: flow analysis and proof ...
 info: length check proved
--> mj-data.adb:1405:14

 info: length check proved
--> mj-data.adb:1405:43

 info: length check proved
--> mj-data.adb:1405:69

 info: range check proved
--> mj-data.adb:1408:26

 info: range check proved
--> mj-data.adb:1408:71

 info: range check proved
--> mj-data.adb:1409:29

 info: length check proved
--> mj-data.adb:1412:20

 info: pointer dereference check proved
--> mj-data.adb:1412:24

 info: range check proved
--> mj-data.adb:1412:24

 info: length check proved
--> mj-data.adb:1413:22

 info: pointer dereference check proved
--> mj-data.adb:1413:26

 info: range check proved
--> mj-data.adb:1413:26

 info: overflow check proved
--> mj-data.adb:1413:50

 info: length check proved
--> mj-data.adb:1414:19

 info: pointer dereference check proved
--> mj-data.adb:1414:23

 info: range check proved
--> mj-data.adb:1414:23

 info: overflow check proved
--> mj-data.adb:1414:42

 info: overflow check proved
--> mj-data.adb:1414:51

 info: initialization of "Length" proved
--> mj-data.ads:252:23

 info: initialization of "Velocity" proved
--> mj-data.ads:252:31

 info: initialization of "Force" proved
--> mj-data.ads:252:41

 info: initialization of "Result" proved
--> mj-data.ads:252:65

 info: data dependencies proved
--> mj-data.ads:253:06

 info: postcondition proved
--> mj-data.ads:254:14

 info: range check proved
--> mj-data.ads:255:23

 info: index check proved
--> mj-data.ads:257:55

 info: precondition proved
--> mj-data.ads:257:60

 info: overflow check proved
--> mj-data.ads:257:79

 info: range check proved
--> mj-data.ads:257:79

 info: index check proved
--> mj-data.ads:258:59

 info: precondition proved
--> mj-data.ads:258:64

 info: overflow check proved
--> mj-data.ads:258:83

 info: range check proved
--> mj-data.ads:258:83

 info: index check proved
--> mj-data.ads:259:53

 info: precondition proved
--> mj-data.ads:259:58

 info: overflow check proved
--> mj-data.ads:259:77

 info: range check proved
--> mj-data.ads:259:77
Success: all checks proved (37 checks).
Summary logged in /var/tmp/sparkling-spatial-tendons-20260930/spatial-integration-proof-1jm7ar2r/mj-data-Get_Tendon_Outputs/mj-data-obj/gnatprove/gnatprove.out
guarded: elapsed 141.7 s, peak group RSS 1799 MB
