Phase 1 of 3: generation of data representation information ...
Phase 2 of 3: generation of Global contracts ...
Phase 3 of 3: flow analysis and proof ...
 info: implicit aspect Always_Terminates on "Expanded" has been proved, subprogram will terminate
--> mj-collision_scene.adb:34:13

 info: postcondition proved
--> mj-collision_scene.adb:37:16

 info: float overflow check proved
--> mj-collision_scene.adb:38:76

 info: float overflow check proved
--> mj-collision_scene.adb:40:55

 info: float overflow check proved
--> mj-collision_scene.adb:43:50

 info: float overflow check proved
--> mj-collision_scene.adb:44:50

 info: float overflow check proved
--> mj-collision_scene.adb:45:50
Success: all checks proved (7 checks).
Summary logged in /var/tmp/sparkling-scene-unified-20261002-e/scene-proof-build/Expanded/validation/obj/gnatprove/gnatprove.out
guarded: elapsed 27.5 s, peak group RSS 176 MB
