Phase 1 of 3: generation of data representation information ...
Phase 2 of 3: generation of Global contracts ...
Phase 3 of 3: analysis of data and information flow ...
 info: initialization of "T" proved
--> mj-data-flex_elasticity.adb:32:10

 info: initialization of "C" proved
--> mj-data-flex_elasticity.adb:45:65

 info: initialization of "P" proved
--> mj-data-flex_elasticity.adb:47:07

 info: initialization of "Result" proved
--> mj-data-flex_elasticity.adb:76:68

 info: initialization of "VA" proved
--> mj-data-flex_elasticity.adb:78:07

 info: initialization of "EA" proved
--> mj-data-flex_elasticity.adb:78:11

 info: initialization of "TA" proved
--> mj-data-flex_elasticity.adb:78:15

 info: initialization of "N" proved
--> mj-data-flex_elasticity.adb:78:19

 info: initialization of "Dim" proved
--> mj-data-flex_elasticity.adb:78:22

 info: initialization of "KA" proved
--> mj-data-flex_elasticity.adb:78:27

 info: initialization of "BA" proved
--> mj-data-flex_elasticity.adb:78:31

 info: initialization of "IA" proved
--> mj-data-flex_elasticity.adb:78:35

 info: initialization of "EleA" proved
--> mj-data-flex_elasticity.adb:78:39

 info: initialization of "EdA" proved
--> mj-data-flex_elasticity.adb:78:45

 info: initialization of "P" proved
--> mj-data-flex_elasticity.adb:78:50

 info: initialization of "V" proved
--> mj-data-flex_elasticity.adb:78:53

 warning: this statement is never reached
--> mj-data-flex_elasticity.adb:196:39
  196 |          when Constraint_Error => Result := Invalid_Model;
      |                                   ~~~~~~~^~~~~~~~~~~~~~~~

 warning: this statement is never reached
--> mj-data-flex_elasticity.adb:206:22
  206 |          when others => Release (Model.S); raise;
      |                         ^~~~~~~~~~~~~~~~

 info: initialization of "Saved_Flex" proved
--> mj-data-flex_elasticity.adb:216:07

 warning: initialization of "Saved_Names" has no effect
--> mj-data-flex_elasticity.adb:217:07
  217 |          Saved_Names : Int_Array_Access := null;
      |          ^~~~~~~~~~~~~~~~~~~~~~~~~~~~~~~~~~~~~~

 info: initialization of "Empty" proved
--> mj-data-flex_elasticity.adb:220:07

 info: initialization of "Empty_Sizes" proved
--> mj-data-flex_elasticity.adb:221:07

 warning: initialization of "Empty_Names" has no effect
--> mj-data-flex_elasticity.adb:222:07
  222 |          Empty_Names : Int_Array_Access := null;
      |          ^~~~~~~~~~~~~~~~~~~~~~~~~~~~~~~~~~~~~~

 warning: initialization of "Detached" has no effect
--> mj-data-flex_elasticity.adb:223:07
  223 |          Detached : Boolean := False;
      |          ^~~~~~~~~~~~~~~~~~~~~~~~~~~

 info: initialization of "VR" proved
--> mj-data-flex_elasticity.adb:254:10

 warning: "Detached" is set by "Restore" but not used after the call
--> mj-data-flex_elasticity.adb:260:07
  260 |          Restore;
      |          ^~~~~~~

 warning: "Saved_Flex" is set by "Restore" but not used after the call
--> mj-data-flex_elasticity.adb:260:07
  260 |          Restore;
      |          ^~~~~~~

 warning: "Saved_Names" is set by "Restore" but not used after the call
--> mj-data-flex_elasticity.adb:260:07
  260 |          Restore;
      |          ^~~~~~~

 warning: "Empty" is set by "Restore" but not used after the call
--> mj-data-flex_elasticity.adb:260:07
  260 |          Restore;
      |          ^~~~~~~

 warning: statement has no effect
--> mj-data-flex_elasticity.adb:261:16
  261 |          MJ.Models.Free_Flex (Empty); Release_Int (Empty_Names);
      |          ~~~~~~~~~^~~~~~~~~~~~~~~~~

 warning: "Empty" is set by "Free_Flex" but not used after the call
--> mj-data-flex_elasticity.adb:261:28
  261 |          MJ.Models.Free_Flex (Empty); Release_Int (Empty_Names);
      |                               ^~~~~

 warning: this statement is never reached
--> mj-data-flex_elasticity.adb:266:10
  266 |             Restore; MJ.Models.Free_Flex (Empty); Release_Int (Empty_Names);
      |             ^~~~~~~

 warning: this statement is never reached
--> mj-data-flex_elasticity.adb:266:28
  266 |             Restore; MJ.Models.Free_Flex (Empty); Release_Int (Empty_Names);
      |                      ~~~~~~~~~^~~~~~~~~~~~~~~~~

 warning: this statement is never reached
--> mj-data-flex_elasticity.adb:266:48
  266 |             Restore; MJ.Models.Free_Flex (Empty); Release_Int (Empty_Names);
      |                                                   ^~~~~~~~~~~~~~~~~~~~~~~~

 warning: this statement is never reached
--> mj-data-flex_elasticity.adb:267:17
  267 |             MJ.Data.Free (E.D); Release (E.S); raise;
      |             ~~~~~~~^~~~~~~~~~

 warning: this statement is never reached
--> mj-data-flex_elasticity.adb:267:30
  267 |             MJ.Data.Free (E.D); Release (E.S); raise;
      |                                 ^~~~~~~~~~~~

 info: implicit aspect Always_Terminates on "Point_Jacobian" has been proved, subprogram will terminate
--> mj-data-flex_elasticity.adb:291:13

 info: initialization of "Result" proved
--> mj-data-flex_elasticity.adb:304:60

 info: initialization of "Diff" proved
--> mj-data-flex_elasticity.adb:305:07

 info: initialization of "Dir" proved
--> mj-data-flex_elasticity.adb:305:13

 info: initialization of "L" proved
--> mj-data-flex_elasticity.adb:306:07

 info: initialization of "Val" proved
--> mj-data-flex_elasticity.adb:306:10

 info: initialization of "Lanes" proved
--> mj-data-flex_elasticity.adb:307:07

 info: initialization of "Blocks" proved
--> mj-data-flex_elasticity.adb:308:07

 info: implicit aspect Always_Terminates on "Product" has been proved, subprogram will terminate
--> mj-data-flex_elasticity.adb:309:16

 info: initialization of "J" proved
--> mj-data-flex_elasticity.adb:356:07

 info: initialization of "Local_Spring" proved
--> mj-data-flex_elasticity.adb:356:10

 info: initialization of "Local_Damper" proved
--> mj-data-flex_elasticity.adb:356:24

 info: initialization of "A" proved
--> mj-data-flex_elasticity.adb:357:07

 info: initialization of "B" proved
--> mj-data-flex_elasticity.adb:357:10

 info: initialization of "Ed" proved
--> mj-data-flex_elasticity.adb:378:07

 info: initialization of "Spring" proved
--> mj-data-flex_elasticity.adb:380:07

 info: initialization of "Damper" proved
--> mj-data-flex_elasticity.adb:380:15

 info: initialization of "Sl" proved
--> mj-data-flex_elasticity.adb:380:23

 info: initialization of "Dl" proved
--> mj-data-flex_elasticity.adb:380:27

 info: initialization of "X" proved
--> mj-data-flex_elasticity.adb:381:07

 info: initialization of "Vel" proved
--> mj-data-flex_elasticity.adb:381:10

 info: initialization of "Coef" proved
--> mj-data-flex_elasticity.adb:382:07

 info: initialization of "Id" proved
--> mj-data-flex_elasticity.adb:433:07

 info: initialization of "T" proved
--> mj-data-flex_elasticity.adb:434:07

 info: initialization of "Value" proved
--> mj-data-flex_elasticity.adb:434:10

 info: initialization of "Diff" proved
--> mj-data-flex_elasticity.adb:482:07

 info: initialization of "Dir" proved
--> mj-data-flex_elasticity.adb:482:13

 info: initialization of "J" proved
--> mj-data-flex_elasticity.adb:482:18

 info: initialization of "Fs" proved
--> mj-data-flex_elasticity.adb:483:07

 info: initialization of "Fd" proved
--> mj-data-flex_elasticity.adb:483:11

 info: initialization of "L" proved
--> mj-data-flex_elasticity.adb:483:15

 info: initialization of "Jv" proved
--> mj-data-flex_elasticity.adb:483:18

 info: initialization of "P" proved
--> mj-data-flex_elasticity.adb:536:10

 warning: this statement is never reached
--> mj-data-flex_elasticity.adb:546:40
  546 |          when Constraint_Error => S.Valid := False; D.Cache.Force_Valid := False; Result := Numeric_Limit;
      |                                   ~~~~~~~~^~~~~~~~

 warning: this statement is never reached
--> mj-data-flex_elasticity.adb:546:70
  546 |          when Constraint_Error => S.Valid := False; D.Cache.Force_Valid := False; Result := Numeric_Limit;
      |                                                     ~~~~~~~~~~~~~~~~~~~~^~~~~~~~

 warning: this statement is never reached
--> mj-data-flex_elasticity.adb:546:87
  546 |          when Constraint_Error => S.Valid := False; D.Cache.Force_Valid := False; Result := Numeric_Limit;
      |                                                                                   ~~~~~~~^~~~~~~~~~~~~~~~

 info: non-aliasing of formal parameters "D" and "S" proved
--> mj-data-flex_elasticity.adb:560:24

 info: initialization of "Result" proved
--> mj-data-flex_elasticity.adb:562:42

 info: initialization of "Next_Time" proved
--> mj-data-flex_elasticity.adb:563:07

 info: initialization of "Value" proved
--> mj-data-flex_elasticity.adb:563:18

 info: initialization of "Q" proved
--> mj-data-flex_elasticity.adb:564:07

 warning: this statement is never reached
--> mj-data-flex_elasticity.adb:614:10
  614 |             if E.S /= null then E.S.Valid := False; end if;
      |             ^~

 warning: this statement is never reached
--> mj-data-flex_elasticity.adb:614:40
  614 |             if E.S /= null then E.S.Valid := False; end if;
      |                                 ~~~~~~~~~~^~~~~~~~

 warning: this statement is never reached
--> mj-data-flex_elasticity.adb:615:17
  615 |             Result := Numeric_Limit;
      |             ~~~~~~~^~~~~~~~~~~~~~~~

 info: implicit aspect Always_Terminates on "Ready" has been proved, subprogram will terminate
--> mj-data-flex_elasticity.ads:15:13

 info: data dependencies proved
--> mj-data-flex_elasticity.ads:15:61

 info: initialization of "Result" proved
--> mj-data-flex_elasticity.ads:17:29

 info: initialization of "Result" proved
--> mj-data-flex_elasticity.ads:23:58

 info: implicit aspect Always_Terminates on "Ready" has been proved, subprogram will terminate
--> mj-data-flex_elasticity.ads:32:13

 info: data dependencies proved
--> mj-data-flex_elasticity.ads:32:52

 info: implicit aspect Always_Terminates on "State" has been proved, subprogram will terminate
--> mj-data-flex_elasticity.ads:33:13

 info: data dependencies proved
--> mj-data-flex_elasticity.ads:33:55

 info: implicit aspect Always_Terminates on "Complete_State" has been proved, subprogram will terminate
--> mj-data-flex_elasticity.ads:34:13

 info: data dependencies proved
--> mj-data-flex_elasticity.ads:34:64

 info: implicit aspect Always_Terminates on "Acceleration" has been proved, subprogram will terminate
--> mj-data-flex_elasticity.ads:35:13

 info: data dependencies proved
--> mj-data-flex_elasticity.ads:35:62

 info: implicit aspect Always_Terminates on "Passive" has been proved, subprogram will terminate
--> mj-data-flex_elasticity.ads:36:13

 info: data dependencies proved
--> mj-data-flex_elasticity.ads:36:57

 info: implicit aspect Always_Terminates on "Diagnostics" has been proved, subprogram will terminate
--> mj-data-flex_elasticity.ads:37:13

 info: data dependencies proved
--> mj-data-flex_elasticity.ads:37:56

 info: initialization of "Result" proved
--> mj-data-flex_elasticity.ads:38:69

 info: initialization of "Result" proved
--> mj-data-flex_elasticity.ads:39:39

 info: initialization of "Result" proved
--> mj-data-flex_elasticity.ads:40:96

 info: initialization of "Result" proved
--> mj-data-flex_elasticity.ads:41:72

 info: initialization of "Result" proved
--> mj-data-flex_elasticity.ads:42:83

 info: initialization of "Result" proved
--> mj-data-flex_elasticity.ads:43:89

 info: initialization of "Result" proved
--> mj-data-flex_elasticity.ads:45:43

 info: initialization of "Result" proved
--> mj-data-flex_elasticity.ads:48:39

 info: initialization of "Result" proved
--> mj-data-flex_elasticity.ads:112:50
Success: all checks proved (83 checks).
Summary logged in /var/tmp/sparkling-recovery-flex-sdf7-minimal-20261003/elastic-flow/validation/obj/gnatprove/gnatprove.out
guarded: elapsed 26.9 s, peak group RSS 191 MB
