Phase 1 of 3: generation of data representation information ...
Phase 2 of 3: generation of Global contracts ...
Phase 3 of 3: flow analysis and proof ...
 info: implicit aspect Always_Terminates on "Mesh_Polygons_Valid" has been proved, subprogram will terminate
--> mj-sdf_scene.adb:25:13

 info: precondition proved
--> mj-sdf_scene.adb:26:09

 info: precondition proved
--> mj-sdf_scene.adb:26:48

 info: pointer dereference check proved
--> mj-sdf_scene.adb:27:38

 info: index check proved
--> mj-sdf_scene.adb:27:53

 info: pointer dereference check proved
--> mj-sdf_scene.adb:28:17

 info: index check proved
--> mj-sdf_scene.adb:28:32

 info: overflow check proved
--> mj-sdf_scene.adb:28:35

 info: pointer dereference check proved
--> mj-sdf_scene.adb:28:45

 info: index check proved
--> mj-sdf_scene.adb:28:60

 info: overflow check proved
--> mj-sdf_scene.adb:28:63

 info: precondition proved
--> mj-sdf_scene.adb:29:13

 info: pointer dereference check proved
--> mj-sdf_scene.adb:30:42

 info: index check proved
--> mj-sdf_scene.adb:30:61

 info: pointer dereference check proved
--> mj-sdf_scene.adb:31:21

 info: index check proved
--> mj-sdf_scene.adb:31:40

 info: overflow check proved
--> mj-sdf_scene.adb:31:43

 info: pointer dereference check proved
--> mj-sdf_scene.adb:31:53

 info: index check proved
--> mj-sdf_scene.adb:31:72

 info: overflow check proved
--> mj-sdf_scene.adb:31:75

 info: pointer dereference check proved
--> mj-sdf_scene.adb:32:23

 info: index check proved
--> mj-sdf_scene.adb:32:39

 info: pointer dereference check proved
--> mj-sdf_scene.adb:32:58

 info: index check proved
--> mj-sdf_scene.adb:32:73

 info: overflow check proved
--> mj-sdf_scene.adb:32:76

 info: data dependencies proved
--> mj-sdf_scene.adb:33:11
Success: all checks proved (26 checks).
Summary logged in /var/tmp/sparkling-recovery-flex-sdf7-minimal-20261003/sdf-mesh-admission/validation/obj/gnatprove/gnatprove.out
guarded: elapsed 167.2 s, peak group RSS 886 MB
