Phase 1 of 3: generation of data representation information ...
Phase 2 of 3: generation of Global contracts ...
Phase 3 of 3: analysis of data and information flow ...
 info: implicit aspect Always_Terminates on "Disabled" has been proved, subprogram will terminate
--> mj-sdf_scene.adb:21:13

 info: implicit aspect Always_Terminates on "Mesh_Polygons_Valid" has been proved, subprogram will terminate
--> mj-sdf_scene.adb:25:13

 info: data dependencies proved
--> mj-sdf_scene.adb:33:11

 info: implicit aspect Always_Terminates on "Body_Geometry_Valid" has been proved, subprogram will terminate
--> mj-sdf_scene.adb:34:13

 info: data dependencies proved
--> mj-sdf_scene.adb:43:11

 info: implicit aspect Always_Terminates on "Geometry_Model_Valid" has been proved, subprogram will terminate
--> mj-sdf_scene.adb:47:13

 info: data dependencies proved
--> mj-sdf_scene.adb:58:11

 info: initialization of "Proxies" proved
--> mj-sdf_scene.adb:66:07

 info: initialization of "F" proved
--> mj-sdf_scene.adb:67:07

 info: initialization of "Mesh" proved
--> mj-sdf_scene.adb:68:07

 info: initialization of "First" proved
--> mj-sdf_scene.adb:68:13

 info: initialization of "Length" proved
--> mj-sdf_scene.adb:68:20

 info: initialization of "H" proved
--> mj-sdf_scene.adb:69:07

 info: non-aliasing of formal parameters "S" and "O" proved
--> mj-sdf_scene.adb:237:38

 warning: this statement is never reached
--> mj-sdf_scene.adb:243:32
  243 |          when Constraint_Error => Release (S); Result := Invalid_Input;
      |                                   ^~~~~~~~~~

 warning: this statement is never reached
--> mj-sdf_scene.adb:243:52
  243 |          when Constraint_Error => Release (S); Result := Invalid_Input;
      |                                                ~~~~~~~^~~~~~~~~~~~~~~~

 warning: this statement is never reached
--> mj-sdf_scene.adb:244:29
  244 |          when Storage_Error => Release (S); Result := Capacity_Limit;
      |                                ^~~~~~~~~~

 warning: this statement is never reached
--> mj-sdf_scene.adb:244:49
  244 |          when Storage_Error => Release (S); Result := Capacity_Limit;
      |                                             ~~~~~~~^~~~~~~~~~~~~~~~~

 info: initialization of "C" proved
--> mj-sdf_scene.adb:251:07

 info: non-aliasing of formal parameters "Assets" and "W" proved
--> mj-sdf_scene.adb:257:47

 info: non-aliasing of formal parameters "Samples" and "W" proved
--> mj-sdf_scene.adb:259:53

 info: non-aliasing of formal parameters "O" and "W" proved
--> mj-sdf_scene.adb:260:10

 info: initialization of parts of "Raw" without Relaxed_Initialization proved
--> mj-sdf_scene.adb:267:07

 info: initialization of parts of "Full" without Relaxed_Initialization proved
--> mj-sdf_scene.adb:268:07

 info: initialization of "P" proved
--> mj-sdf_scene.adb:269:07

 info: initialization of "A" proved
--> mj-sdf_scene.adb:270:07

 info: initialization of "B" proved
--> mj-sdf_scene.adb:270:10

 info: initialization of "First" proved
--> mj-sdf_scene.adb:270:13

 info: initialization of "Second" proved
--> mj-sdf_scene.adb:270:20

 info: initialization of "Geoms" proved
--> mj-sdf_scene.adb:271:07

 info: non-aliasing of formal parameters "S" and "Hits" proved
--> mj-sdf_scene.adb:275:43

 warning: "IDs" is set by "Triangles" but not used after the call
--> mj-sdf_scene.adb:290:64
  290 |                     SDF.Tree_Mesh, (S.Starts, S.Iterations), Raw, IDs, Result);
      |                                                                   ^~~

 info: non-aliasing of formal parameters "A" and "W" proved
--> mj-sdf_scene.adb:303:46

 info: non-aliasing of formal parameters "B" and "W" proved
--> mj-sdf_scene.adb:303:59

 info: non-aliasing of formal parameters "V" and "W" proved
--> mj-sdf_scene.adb:305:26

 info: non-aliasing of formal parameters "F" and "W" proved
--> mj-sdf_scene.adb:305:40

 info: non-aliasing of formal parameters "O" and "W" proved
--> mj-sdf_scene.adb:306:16

 warning: this statement is never reached
--> mj-sdf_scene.adb:317:39
  317 |          when Constraint_Error => Length := 0; Result := Numeric_Limit;
      |                                   ~~~~~~~^~~~

 warning: this statement is never reached
--> mj-sdf_scene.adb:317:52
  317 |          when Constraint_Error => Length := 0; Result := Numeric_Limit;
      |                                                ~~~~~~~^~~~~~~~~~~~~~~~

 info: implicit aspect Always_Terminates on "Initialized" has been proved, subprogram will terminate
--> mj-sdf_scene.ads:19:13

 info: data dependencies proved
--> mj-sdf_scene.ads:19:57

 info: initialization of "Result" proved
--> mj-sdf_scene.ads:20:59

 info: initialization of "Length" proved
--> mj-sdf_scene.ads:26:24

 info: initialization of "Result" proved
--> mj-sdf_scene.ads:26:46

 info: initialization of "Result" proved
--> mj-sdf_scene.ads:36:06
Success: all checks proved (38 checks).
Summary logged in /var/tmp/sparkling-recovery-flex-sdf7-minimal-20261003/sdf-flow/validation/obj/gnatprove/gnatprove.out
guarded: elapsed 15.3 s, peak group RSS 111 MB
