Phase 1 of 3: generation of data representation information ...
Phase 2 of 3: generation of Global contracts ...
Phase 3 of 3: flow analysis and proof ...
 info: float overflow check proved
--> mj-flex_shell_geometry.adb:6:11

 info: implicit aspect Always_Terminates on "Subtract_Term" has been proved, subprogram will terminate
--> mj-flex_shell_geometry.ads:26:13

 info: data dependencies proved
--> mj-flex_shell_geometry.ads:27:11

 info: range check proved
--> mj-flex_shell_geometry.ads:28:29

 info: float overflow check proved
--> mj-flex_shell_geometry.ads:28:36

 info: range check proved
--> mj-flex_shell_geometry.ads:28:54

 info: float overflow check proved
--> mj-flex_shell_geometry.ads:28:61

 info: postcondition proved
--> mj-flex_shell_geometry.ads:29:16

 info: float overflow check proved
--> mj-flex_shell_geometry.ads:29:43

 info: range check proved
--> mj-flex_shell_geometry.ads:30:23

 info: float overflow check proved
--> mj-flex_shell_geometry.ads:30:28

 info: range check proved
--> mj-flex_shell_geometry.ads:30:52

 info: float overflow check proved
--> mj-flex_shell_geometry.ads:30:57
Success: all checks proved (13 checks).
Summary logged in /var/tmp/sparkling-recovery-shell-geometry2-20261003/proof/Subtract_Term/validation/obj/gnatprove/gnatprove.out
guarded: elapsed 6.1 s, peak group RSS 137 MB
