Phase 1 of 3: generation of data representation information ...
Phase 2 of 3: generation of Global contracts ...
Phase 3 of 3: flow analysis and proof ...
 info: precondition proved
--> mj-flex_shell_geometry.adb:82:36

 info: range check proved
--> mj-flex_shell_geometry.adb:83:35

 info: precondition proved
--> mj-flex_shell_geometry.adb:83:35

 info: range check proved
--> mj-flex_shell_geometry.adb:84:35

 info: precondition proved
--> mj-flex_shell_geometry.adb:84:35

 info: range check proved
--> mj-flex_shell_geometry.adb:85:35

 info: precondition proved
--> mj-flex_shell_geometry.adb:85:35

 info: initialization of "Result" proved
--> mj-flex_shell_geometry.ads:95:48

 info: data dependencies proved
--> mj-flex_shell_geometry.ads:96:11

 info: postcondition proved
--> mj-flex_shell_geometry.ads:97:27

 info: precondition proved
--> mj-flex_shell_geometry.ads:99:21

 info: precondition proved
--> mj-flex_shell_geometry.ads:99:48

 info: precondition proved
--> mj-flex_shell_geometry.ads:100:15

 info: precondition proved
--> mj-flex_shell_geometry.ads:100:39
Success: all checks proved (14 checks).
Summary logged in /var/tmp/sparkling-recovery-shell-geometry2-20261003/proof/Reconstruct/validation/obj/gnatprove/gnatprove.out
guarded: elapsed 26.4 s, peak group RSS 210 MB
