Phase 1 of 3: generation of data representation information ...
Phase 2 of 3: generation of Global contracts ...
Phase 3 of 3: flow analysis and proof ...
 info: precondition proved
--> mj-flex_shell_geometry.adb:45:14

 info: subprogram variant proved
--> mj-flex_shell_geometry.adb:45:23

 info: range check proved
--> mj-flex_shell_geometry.adb:45:55

 info: range check proved
--> mj-flex_shell_geometry.adb:45:84

 info: implicit aspect Always_Terminates on "Ordered" has been proved, subprogram will terminate
--> mj-flex_shell_geometry.ads:56:13

 info: data dependencies proved
--> mj-flex_shell_geometry.ads:57:28

 info: postcondition proved
--> mj-flex_shell_geometry.ads:58:27

 info: range check proved
--> mj-flex_shell_geometry.ads:58:52

 info: float overflow check proved
--> mj-flex_shell_geometry.ads:58:59

 info: range check proved
--> mj-flex_shell_geometry.ads:58:77

 info: float overflow check proved
--> mj-flex_shell_geometry.ads:58:84

 info: precondition proved
--> mj-flex_shell_geometry.ads:60:12

 info: subprogram variant proved
--> mj-flex_shell_geometry.ads:60:21

 info: range check proved
--> mj-flex_shell_geometry.ads:60:53

 info: range check proved
--> mj-flex_shell_geometry.ads:60:82
Success: all checks proved (15 checks).
Summary logged in /var/tmp/sparkling-recovery-shell-geometry1-20261003/proof/Ordered/validation/obj/gnatprove/gnatprove.out
guarded: elapsed 5.0 s, peak group RSS 158 MB
