Phase 1 of 3: generation of data representation information ...
Phase 2 of 3: generation of Global contracts ...
Phase 3 of 3: flow analysis and proof ...
 info: precondition proved
--> mj-flex_shell_geometry.adb:53:14

 info: subprogram variant proved
--> mj-flex_shell_geometry.adb:53:23

 info: range check proved
--> mj-flex_shell_geometry.adb:53:55

 info: range check proved
--> mj-flex_shell_geometry.adb:53:84

 info: implicit aspect Always_Terminates on "Ordered" has been proved, subprogram will terminate
--> mj-flex_shell_geometry.ads:70:13

 info: data dependencies proved
--> mj-flex_shell_geometry.ads:71:28

 info: postcondition proved
--> mj-flex_shell_geometry.ads:72:27

 info: range check proved
--> mj-flex_shell_geometry.ads:72:52

 info: float overflow check proved
--> mj-flex_shell_geometry.ads:72:59

 info: range check proved
--> mj-flex_shell_geometry.ads:72:77

 info: float overflow check proved
--> mj-flex_shell_geometry.ads:72:84

 info: precondition proved
--> mj-flex_shell_geometry.ads:74:12

 info: subprogram variant proved
--> mj-flex_shell_geometry.ads:74:21

 info: range check proved
--> mj-flex_shell_geometry.ads:74:53

 info: range check proved
--> mj-flex_shell_geometry.ads:74:82
Success: all checks proved (15 checks).
Summary logged in /var/tmp/sparkling-recovery-shell-geometry2-20261003/proof/Ordered/validation/obj/gnatprove/gnatprove.out
guarded: elapsed 5.1 s, peak group RSS 158 MB
