Phase 1 of 3: generation of data representation information ...
Phase 2 of 3: generation of Global contracts ...
Phase 3 of 3: flow analysis and proof ...
 info: float overflow check proved
--> mj-flex_shell_geometry.adb:4:82

 info: implicit aspect Always_Terminates on "Add_Term" has been proved, subprogram will terminate
--> mj-flex_shell_geometry.ads:20:13

 info: data dependencies proved
--> mj-flex_shell_geometry.ads:21:11

 info: range check proved
--> mj-flex_shell_geometry.ads:22:29

 info: float overflow check proved
--> mj-flex_shell_geometry.ads:22:36

 info: range check proved
--> mj-flex_shell_geometry.ads:22:54

 info: float overflow check proved
--> mj-flex_shell_geometry.ads:22:61

 info: postcondition proved
--> mj-flex_shell_geometry.ads:24:16

 info: float overflow check proved
--> mj-flex_shell_geometry.ads:24:38

 info: range check proved
--> mj-flex_shell_geometry.ads:25:23

 info: float overflow check proved
--> mj-flex_shell_geometry.ads:25:28

 info: range check proved
--> mj-flex_shell_geometry.ads:25:52

 info: float overflow check proved
--> mj-flex_shell_geometry.ads:25:57
Success: all checks proved (13 checks).
Summary logged in /var/tmp/sparkling-recovery-shell-geometry2-20261003/proof/Add_Term/validation/obj/gnatprove/gnatprove.out
guarded: elapsed 6.3 s, peak group RSS 135 MB
