Phase 1 of 3: generation of data representation information ...
Phase 2 of 3: generation of Global contracts ...
Phase 3 of 3: flow analysis and proof ...
 info: precondition proved
--> mj-flex_shell_geometry.adb:40:32

 info: precondition proved
--> mj-flex_shell_geometry.adb:41:35

 info: precondition proved
--> mj-flex_shell_geometry.adb:42:35

 info: precondition proved
--> mj-flex_shell_geometry.adb:43:36

 info: range check proved
--> mj-flex_shell_geometry.adb:44:72

 info: precondition proved
--> mj-flex_shell_geometry.adb:45:19

 info: range check proved
--> mj-flex_shell_geometry.adb:46:72

 info: implicit aspect Always_Terminates on "Advance" has been proved, subprogram will terminate
--> mj-flex_shell_geometry.ads:59:13

 info: data dependencies proved
--> mj-flex_shell_geometry.ads:61:11

 info: range check proved
--> mj-flex_shell_geometry.ads:62:29

 info: float overflow check proved
--> mj-flex_shell_geometry.ads:62:36

 info: range check proved
--> mj-flex_shell_geometry.ads:62:54

 info: float overflow check proved
--> mj-flex_shell_geometry.ads:62:61

 info: postcondition proved
--> mj-flex_shell_geometry.ads:63:16

 info: range check proved
--> mj-flex_shell_geometry.ads:63:47

 info: float overflow check proved
--> mj-flex_shell_geometry.ads:63:52

 info: range check proved
--> mj-flex_shell_geometry.ads:63:76

 info: float overflow check proved
--> mj-flex_shell_geometry.ads:63:81

 info: float overflow check proved
--> mj-flex_shell_geometry.ads:65:35

 info: float overflow check proved
--> mj-flex_shell_geometry.ads:66:38

 info: float overflow check proved
--> mj-flex_shell_geometry.ads:67:38

 info: float overflow check proved
--> mj-flex_shell_geometry.ads:68:39

 info: range check proved
--> mj-flex_shell_geometry.ads:68:69

 info: float overflow check proved
--> mj-flex_shell_geometry.ads:68:74

 info: float overflow check proved
--> mj-flex_shell_geometry.ads:69:22

 info: range check proved
--> mj-flex_shell_geometry.ads:69:52

 info: float overflow check proved
--> mj-flex_shell_geometry.ads:69:57
Success: all checks proved (27 checks).
Summary logged in /var/tmp/sparkling-recovery-shell-geometry2-20261003/proof/Advance/validation/obj/gnatprove/gnatprove.out
guarded: elapsed 13.0 s, peak group RSS 179 MB
