Phase 1 of 3: generation of data representation information ...
Phase 2 of 3: generation of Global contracts ...
Phase 3 of 3: flow analysis and proof ...
 info: precondition proved
--> mj-flex_shell_geometry.adb:66:36

 info: range check proved
--> mj-flex_shell_geometry.adb:67:35

 info: precondition proved
--> mj-flex_shell_geometry.adb:67:35

 info: range check proved
--> mj-flex_shell_geometry.adb:68:35

 info: precondition proved
--> mj-flex_shell_geometry.adb:68:35

 info: range check proved
--> mj-flex_shell_geometry.adb:69:35

 info: precondition proved
--> mj-flex_shell_geometry.adb:69:35

 info: initialization of "Result" proved
--> mj-flex_shell_geometry.ads:76:48

 info: data dependencies proved
--> mj-flex_shell_geometry.ads:77:11

 info: postcondition proved
--> mj-flex_shell_geometry.ads:78:27

 info: precondition proved
--> mj-flex_shell_geometry.ads:80:21

 info: precondition proved
--> mj-flex_shell_geometry.ads:80:48

 info: precondition proved
--> mj-flex_shell_geometry.ads:81:15

 info: precondition proved
--> mj-flex_shell_geometry.ads:81:39
Success: all checks proved (14 checks).
Summary logged in /var/tmp/sparkling-recovery-shell-geometry1-20261003/proof/Reconstruct/validation/obj/gnatprove/gnatprove.out
guarded: elapsed 30.0 s, peak group RSS 209 MB
