Phase 1 of 3: generation of data representation information ...
Phase 2 of 3: generation of Global contracts ...
Phase 3 of 3: flow analysis and proof ...
 info: range check proved
--> mj-flex_shell_geometry.adb:78:08

 info: precondition proved
--> mj-flex_shell_geometry.adb:78:16

 info: index check proved
--> mj-flex_shell_geometry.adb:78:16

 info: precondition proved
--> mj-flex_shell_geometry.adb:78:27

 info: implicit aspect Always_Terminates on "Gather" has been proved, subprogram will terminate
--> mj-flex_shell_geometry.ads:89:13

 info: data dependencies proved
--> mj-flex_shell_geometry.ads:91:11

 info: postcondition proved
--> mj-flex_shell_geometry.ads:92:27

 info: precondition proved
--> mj-flex_shell_geometry.ads:93:42

 info: index check proved
--> mj-flex_shell_geometry.ads:93:42

 info: precondition proved
--> mj-flex_shell_geometry.ads:93:53
Success: all checks proved (10 checks).
Summary logged in /var/tmp/sparkling-recovery-shell-geometry2-20261003/proof/Gather/validation/obj/gnatprove/gnatprove.out
guarded: elapsed 5.6 s, peak group RSS 201 MB
