Phase 1 of 3: generation of data representation information ...
Phase 2 of 3: generation of Global contracts ...
Phase 3 of 3: flow analysis and proof ...
 info: range check proved
--> mj-flex_shell_geometry.adb:62:08

 info: precondition proved
--> mj-flex_shell_geometry.adb:62:16

 info: index check proved
--> mj-flex_shell_geometry.adb:62:16

 info: precondition proved
--> mj-flex_shell_geometry.adb:62:27

 info: implicit aspect Always_Terminates on "Gather" has been proved, subprogram will terminate
--> mj-flex_shell_geometry.ads:70:13

 info: data dependencies proved
--> mj-flex_shell_geometry.ads:72:11

 info: postcondition proved
--> mj-flex_shell_geometry.ads:73:27

 info: precondition proved
--> mj-flex_shell_geometry.ads:74:42

 info: index check proved
--> mj-flex_shell_geometry.ads:74:42

 info: precondition proved
--> mj-flex_shell_geometry.ads:74:53
Success: all checks proved (10 checks).
Summary logged in /var/tmp/sparkling-recovery-shell-geometry1-20261003/proof/Gather/validation/obj/gnatprove/gnatprove.out
guarded: elapsed 5.6 s, peak group RSS 200 MB
