Phase 1 of 3: generation of data representation information ...
Phase 2 of 3: generation of Global contracts ...
Phase 3 of 3: flow analysis and proof ...
 info: float overflow check proved
--> mj-flex_shell_geometry.adb:14:32

 info: float overflow check proved
--> mj-flex_shell_geometry.adb:14:37

 info: range check proved
--> mj-flex_shell_geometry.adb:14:37

 info: float overflow check proved
--> mj-flex_shell_geometry.adb:14:44

 info: float overflow check proved
--> mj-flex_shell_geometry.adb:15:32

 info: float overflow check proved
--> mj-flex_shell_geometry.adb:15:37

 info: range check proved
--> mj-flex_shell_geometry.adb:15:37

 info: float overflow check proved
--> mj-flex_shell_geometry.adb:16:29

 info: range check proved
--> mj-flex_shell_geometry.adb:16:29

 info: float overflow check proved
--> mj-flex_shell_geometry.adb:16:36

 info: float overflow check proved
--> mj-flex_shell_geometry.adb:17:29

 info: range check proved
--> mj-flex_shell_geometry.adb:17:29

 info: float overflow check proved
--> mj-flex_shell_geometry.adb:18:33

 info: float overflow check proved
--> mj-flex_shell_geometry.adb:18:38

 info: range check proved
--> mj-flex_shell_geometry.adb:18:38

 info: float overflow check proved
--> mj-flex_shell_geometry.adb:18:45

 info: float overflow check proved
--> mj-flex_shell_geometry.adb:19:33

 info: float overflow check proved
--> mj-flex_shell_geometry.adb:19:38

 info: range check proved
--> mj-flex_shell_geometry.adb:19:38

 info: float overflow check proved
--> mj-flex_shell_geometry.adb:20:30

 info: range check proved
--> mj-flex_shell_geometry.adb:20:30

 info: float overflow check proved
--> mj-flex_shell_geometry.adb:20:37

 info: float overflow check proved
--> mj-flex_shell_geometry.adb:21:30

 info: range check proved
--> mj-flex_shell_geometry.adb:21:30

 info: float overflow check proved
--> mj-flex_shell_geometry.adb:22:33

 info: float overflow check proved
--> mj-flex_shell_geometry.adb:22:38

 info: range check proved
--> mj-flex_shell_geometry.adb:22:38

 info: float overflow check proved
--> mj-flex_shell_geometry.adb:22:45

 info: float overflow check proved
--> mj-flex_shell_geometry.adb:23:33

 info: float overflow check proved
--> mj-flex_shell_geometry.adb:23:38

 info: range check proved
--> mj-flex_shell_geometry.adb:23:38

 info: float overflow check proved
--> mj-flex_shell_geometry.adb:24:30

 info: range check proved
--> mj-flex_shell_geometry.adb:24:30

 info: float overflow check proved
--> mj-flex_shell_geometry.adb:24:37

 info: float overflow check proved
--> mj-flex_shell_geometry.adb:25:30

 info: range check proved
--> mj-flex_shell_geometry.adb:25:30

 info: float overflow check proved
--> mj-flex_shell_geometry.adb:26:34

 info: float overflow check proved
--> mj-flex_shell_geometry.adb:26:39

 info: float overflow check proved
--> mj-flex_shell_geometry.adb:26:46

 info: float overflow check proved
--> mj-flex_shell_geometry.adb:26:52

 info: range check proved
--> mj-flex_shell_geometry.adb:26:52

 info: float overflow check proved
--> mj-flex_shell_geometry.adb:26:59

 info: float overflow check proved
--> mj-flex_shell_geometry.adb:27:34

 info: float overflow check proved
--> mj-flex_shell_geometry.adb:27:39

 info: float overflow check proved
--> mj-flex_shell_geometry.adb:27:46

 info: float overflow check proved
--> mj-flex_shell_geometry.adb:27:52

 info: range check proved
--> mj-flex_shell_geometry.adb:27:52

 info: float overflow check proved
--> mj-flex_shell_geometry.adb:28:34

 info: float overflow check proved
--> mj-flex_shell_geometry.adb:28:39

 info: float overflow check proved
--> mj-flex_shell_geometry.adb:28:44

 info: range check proved
--> mj-flex_shell_geometry.adb:28:44

 info: float overflow check proved
--> mj-flex_shell_geometry.adb:28:51

 info: float overflow check proved
--> mj-flex_shell_geometry.adb:29:34

 info: float overflow check proved
--> mj-flex_shell_geometry.adb:29:39

 info: float overflow check proved
--> mj-flex_shell_geometry.adb:29:44

 info: range check proved
--> mj-flex_shell_geometry.adb:29:44

 info: float overflow check proved
--> mj-flex_shell_geometry.adb:30:31

 info: float overflow check proved
--> mj-flex_shell_geometry.adb:30:38

 info: float overflow check proved
--> mj-flex_shell_geometry.adb:30:44

 info: range check proved
--> mj-flex_shell_geometry.adb:30:44

 info: float overflow check proved
--> mj-flex_shell_geometry.adb:30:51

 info: float overflow check proved
--> mj-flex_shell_geometry.adb:31:31

 info: float overflow check proved
--> mj-flex_shell_geometry.adb:31:38

 info: float overflow check proved
--> mj-flex_shell_geometry.adb:31:44

 info: range check proved
--> mj-flex_shell_geometry.adb:31:44

 info: float overflow check proved
--> mj-flex_shell_geometry.adb:32:31

 info: float overflow check proved
--> mj-flex_shell_geometry.adb:32:36

 info: range check proved
--> mj-flex_shell_geometry.adb:32:36

 info: float overflow check proved
--> mj-flex_shell_geometry.adb:32:43

 info: float overflow check proved
--> mj-flex_shell_geometry.adb:33:31

 info: float overflow check proved
--> mj-flex_shell_geometry.adb:33:36

 info: range check proved
--> mj-flex_shell_geometry.adb:33:36

 info: implicit aspect Always_Terminates on "Coefficient" has been proved, subprogram will terminate
--> mj-flex_shell_geometry.ads:36:13

 info: data dependencies proved
--> mj-flex_shell_geometry.ads:37:11

 info: disjoint contract or exit cases proved
--> mj-flex_shell_geometry.ads:38:08

 info: complete contract cases proved
--> mj-flex_shell_geometry.ads:38:08

 info: contract case proved
--> mj-flex_shell_geometry.ads:39:11

 info: float overflow check proved
--> mj-flex_shell_geometry.ads:39:46

 info: float overflow check proved
--> mj-flex_shell_geometry.ads:39:51

 info: float overflow check proved
--> mj-flex_shell_geometry.ads:39:58

 info: contract case proved
--> mj-flex_shell_geometry.ads:40:11

 info: float overflow check proved
--> mj-flex_shell_geometry.ads:40:46

 info: float overflow check proved
--> mj-flex_shell_geometry.ads:40:51

 info: contract case proved
--> mj-flex_shell_geometry.ads:41:11

 info: float overflow check proved
--> mj-flex_shell_geometry.ads:41:43

 info: float overflow check proved
--> mj-flex_shell_geometry.ads:41:50

 info: contract case proved
--> mj-flex_shell_geometry.ads:42:11

 info: float overflow check proved
--> mj-flex_shell_geometry.ads:42:43

 info: contract case proved
--> mj-flex_shell_geometry.ads:43:11

 info: float overflow check proved
--> mj-flex_shell_geometry.ads:43:47

 info: float overflow check proved
--> mj-flex_shell_geometry.ads:43:52

 info: float overflow check proved
--> mj-flex_shell_geometry.ads:43:59

 info: contract case proved
--> mj-flex_shell_geometry.ads:44:11

 info: float overflow check proved
--> mj-flex_shell_geometry.ads:44:47

 info: float overflow check proved
--> mj-flex_shell_geometry.ads:44:52

 info: contract case proved
--> mj-flex_shell_geometry.ads:45:11

 info: float overflow check proved
--> mj-flex_shell_geometry.ads:45:44

 info: float overflow check proved
--> mj-flex_shell_geometry.ads:45:51

 info: contract case proved
--> mj-flex_shell_geometry.ads:46:11

 info: float overflow check proved
--> mj-flex_shell_geometry.ads:46:44

 info: contract case proved
--> mj-flex_shell_geometry.ads:47:11

 info: float overflow check proved
--> mj-flex_shell_geometry.ads:47:47

 info: float overflow check proved
--> mj-flex_shell_geometry.ads:47:52

 info: float overflow check proved
--> mj-flex_shell_geometry.ads:47:59

 info: contract case proved
--> mj-flex_shell_geometry.ads:48:11

 info: float overflow check proved
--> mj-flex_shell_geometry.ads:48:47

 info: float overflow check proved
--> mj-flex_shell_geometry.ads:48:52

 info: contract case proved
--> mj-flex_shell_geometry.ads:49:11

 info: float overflow check proved
--> mj-flex_shell_geometry.ads:49:44

 info: float overflow check proved
--> mj-flex_shell_geometry.ads:49:51

 info: contract case proved
--> mj-flex_shell_geometry.ads:50:11

 info: float overflow check proved
--> mj-flex_shell_geometry.ads:50:44

 info: contract case proved
--> mj-flex_shell_geometry.ads:51:11

 info: float overflow check proved
--> mj-flex_shell_geometry.ads:51:48

 info: float overflow check proved
--> mj-flex_shell_geometry.ads:51:53

 info: float overflow check proved
--> mj-flex_shell_geometry.ads:51:60

 info: float overflow check proved
--> mj-flex_shell_geometry.ads:51:66

 info: float overflow check proved
--> mj-flex_shell_geometry.ads:51:73

 info: contract case proved
--> mj-flex_shell_geometry.ads:52:11

 info: float overflow check proved
--> mj-flex_shell_geometry.ads:52:48

 info: float overflow check proved
--> mj-flex_shell_geometry.ads:52:53

 info: float overflow check proved
--> mj-flex_shell_geometry.ads:52:60

 info: float overflow check proved
--> mj-flex_shell_geometry.ads:52:66

 info: contract case proved
--> mj-flex_shell_geometry.ads:53:11

 info: float overflow check proved
--> mj-flex_shell_geometry.ads:53:48

 info: float overflow check proved
--> mj-flex_shell_geometry.ads:53:53

 info: float overflow check proved
--> mj-flex_shell_geometry.ads:53:58

 info: float overflow check proved
--> mj-flex_shell_geometry.ads:53:65

 info: contract case proved
--> mj-flex_shell_geometry.ads:54:11

 info: float overflow check proved
--> mj-flex_shell_geometry.ads:54:48

 info: float overflow check proved
--> mj-flex_shell_geometry.ads:54:53

 info: float overflow check proved
--> mj-flex_shell_geometry.ads:54:58

 info: contract case proved
--> mj-flex_shell_geometry.ads:55:11

 info: float overflow check proved
--> mj-flex_shell_geometry.ads:55:45

 info: float overflow check proved
--> mj-flex_shell_geometry.ads:55:52

 info: float overflow check proved
--> mj-flex_shell_geometry.ads:55:58

 info: float overflow check proved
--> mj-flex_shell_geometry.ads:55:65

 info: contract case proved
--> mj-flex_shell_geometry.ads:56:11

 info: float overflow check proved
--> mj-flex_shell_geometry.ads:56:45

 info: float overflow check proved
--> mj-flex_shell_geometry.ads:56:52

 info: float overflow check proved
--> mj-flex_shell_geometry.ads:56:58

 info: contract case proved
--> mj-flex_shell_geometry.ads:57:11

 info: float overflow check proved
--> mj-flex_shell_geometry.ads:57:45

 info: float overflow check proved
--> mj-flex_shell_geometry.ads:57:50

 info: float overflow check proved
--> mj-flex_shell_geometry.ads:57:57

 info: contract case proved
--> mj-flex_shell_geometry.ads:58:11

 info: float overflow check proved
--> mj-flex_shell_geometry.ads:58:45

 info: float overflow check proved
--> mj-flex_shell_geometry.ads:58:50
Success: all checks proved (148 checks).
Summary logged in /var/tmp/sparkling-recovery-shell-geometry2-20261003/proof/Coefficient/validation/obj/gnatprove/gnatprove.out
guarded: elapsed 6.8 s, peak group RSS 163 MB
