Phase 1 of 3: generation of data representation information ...
Phase 2 of 3: generation of Global contracts ...
Phase 3 of 3: flow analysis and proof ...
 info: assertion proved
--> mj-flex_shell_geometry.adb:59:32

 info: precondition proved
--> mj-flex_shell_geometry.adb:60:09

 info: data dependencies proved
--> mj-flex_shell_geometry.ads:80:28

 info: range check proved
--> mj-flex_shell_geometry.ads:81:29

 info: float overflow check proved
--> mj-flex_shell_geometry.ads:81:36

 info: range check proved
--> mj-flex_shell_geometry.ads:81:54

 info: float overflow check proved
--> mj-flex_shell_geometry.ads:81:61

 info: precondition proved
--> mj-flex_shell_geometry.ads:83:16

 info: postcondition proved
--> mj-flex_shell_geometry.ads:83:16
Success: all checks proved (9 checks).
Summary logged in /var/tmp/sparkling-recovery-shell-geometry2-20261003/proof/Model_Step/validation/obj/gnatprove/gnatprove.out
guarded: elapsed 4.8 s, peak group RSS 147 MB
