Phase 1 of 3: generation of data representation information ...
Phase 2 of 3: generation of Global contracts ...
Phase 3 of 3: flow analysis and proof ...
 info: float overflow check proved
--> mj-flex_shell_geometry.adb:3:14

 info: range check proved
--> mj-flex_shell_geometry.adb:3:14

 info: float overflow check proved
--> mj-flex_shell_geometry.adb:4:82

 info: float overflow check proved
--> mj-flex_shell_geometry.adb:6:11

 info: float overflow check proved
--> mj-flex_shell_geometry.adb:9:12

 info: float overflow check proved
--> mj-flex_shell_geometry.adb:9:17

 info: float overflow check proved
--> mj-flex_shell_geometry.adb:9:21

 info: float overflow check proved
--> mj-flex_shell_geometry.adb:9:25

 info: float overflow check proved
--> mj-flex_shell_geometry.adb:14:32

 info: float overflow check proved
--> mj-flex_shell_geometry.adb:14:37

 info: range check proved
--> mj-flex_shell_geometry.adb:14:37

 info: float overflow check proved
--> mj-flex_shell_geometry.adb:14:44

 info: float overflow check proved
--> mj-flex_shell_geometry.adb:15:32

 info: float overflow check proved
--> mj-flex_shell_geometry.adb:15:37

 info: range check proved
--> mj-flex_shell_geometry.adb:15:37

 info: float overflow check proved
--> mj-flex_shell_geometry.adb:16:29

 info: range check proved
--> mj-flex_shell_geometry.adb:16:29

 info: float overflow check proved
--> mj-flex_shell_geometry.adb:16:36

 info: float overflow check proved
--> mj-flex_shell_geometry.adb:17:29

 info: range check proved
--> mj-flex_shell_geometry.adb:17:29

 info: float overflow check proved
--> mj-flex_shell_geometry.adb:18:33

 info: float overflow check proved
--> mj-flex_shell_geometry.adb:18:38

 info: range check proved
--> mj-flex_shell_geometry.adb:18:38

 info: float overflow check proved
--> mj-flex_shell_geometry.adb:18:45

 info: float overflow check proved
--> mj-flex_shell_geometry.adb:19:33

 info: float overflow check proved
--> mj-flex_shell_geometry.adb:19:38

 info: range check proved
--> mj-flex_shell_geometry.adb:19:38

 info: float overflow check proved
--> mj-flex_shell_geometry.adb:20:30

 info: range check proved
--> mj-flex_shell_geometry.adb:20:30

 info: float overflow check proved
--> mj-flex_shell_geometry.adb:20:37

 info: float overflow check proved
--> mj-flex_shell_geometry.adb:21:30

 info: range check proved
--> mj-flex_shell_geometry.adb:21:30

 info: float overflow check proved
--> mj-flex_shell_geometry.adb:22:33

 info: float overflow check proved
--> mj-flex_shell_geometry.adb:22:38

 info: range check proved
--> mj-flex_shell_geometry.adb:22:38

 info: float overflow check proved
--> mj-flex_shell_geometry.adb:22:45

 info: float overflow check proved
--> mj-flex_shell_geometry.adb:23:33

 info: float overflow check proved
--> mj-flex_shell_geometry.adb:23:38

 info: range check proved
--> mj-flex_shell_geometry.adb:23:38

 info: float overflow check proved
--> mj-flex_shell_geometry.adb:24:30

 info: range check proved
--> mj-flex_shell_geometry.adb:24:30

 info: float overflow check proved
--> mj-flex_shell_geometry.adb:24:37

 info: float overflow check proved
--> mj-flex_shell_geometry.adb:25:30

 info: range check proved
--> mj-flex_shell_geometry.adb:25:30

 info: float overflow check proved
--> mj-flex_shell_geometry.adb:26:34

 info: float overflow check proved
--> mj-flex_shell_geometry.adb:26:39

 info: float overflow check proved
--> mj-flex_shell_geometry.adb:26:46

 info: float overflow check proved
--> mj-flex_shell_geometry.adb:26:52

 info: range check proved
--> mj-flex_shell_geometry.adb:26:52

 info: float overflow check proved
--> mj-flex_shell_geometry.adb:26:59

 info: float overflow check proved
--> mj-flex_shell_geometry.adb:27:34

 info: float overflow check proved
--> mj-flex_shell_geometry.adb:27:39

 info: float overflow check proved
--> mj-flex_shell_geometry.adb:27:46

 info: float overflow check proved
--> mj-flex_shell_geometry.adb:27:52

 info: range check proved
--> mj-flex_shell_geometry.adb:27:52

 info: float overflow check proved
--> mj-flex_shell_geometry.adb:28:34

 info: float overflow check proved
--> mj-flex_shell_geometry.adb:28:39

 info: float overflow check proved
--> mj-flex_shell_geometry.adb:28:44

 info: range check proved
--> mj-flex_shell_geometry.adb:28:44

 info: float overflow check proved
--> mj-flex_shell_geometry.adb:28:51

 info: float overflow check proved
--> mj-flex_shell_geometry.adb:29:34

 info: float overflow check proved
--> mj-flex_shell_geometry.adb:29:39

 info: float overflow check proved
--> mj-flex_shell_geometry.adb:29:44

 info: range check proved
--> mj-flex_shell_geometry.adb:29:44

 info: float overflow check proved
--> mj-flex_shell_geometry.adb:30:31

 info: float overflow check proved
--> mj-flex_shell_geometry.adb:30:38

 info: float overflow check proved
--> mj-flex_shell_geometry.adb:30:44

 info: range check proved
--> mj-flex_shell_geometry.adb:30:44

 info: float overflow check proved
--> mj-flex_shell_geometry.adb:30:51

 info: float overflow check proved
--> mj-flex_shell_geometry.adb:31:31

 info: float overflow check proved
--> mj-flex_shell_geometry.adb:31:38

 info: float overflow check proved
--> mj-flex_shell_geometry.adb:31:44

 info: range check proved
--> mj-flex_shell_geometry.adb:31:44

 info: float overflow check proved
--> mj-flex_shell_geometry.adb:32:31

 info: float overflow check proved
--> mj-flex_shell_geometry.adb:32:36

 info: range check proved
--> mj-flex_shell_geometry.adb:32:36

 info: float overflow check proved
--> mj-flex_shell_geometry.adb:32:43

 info: float overflow check proved
--> mj-flex_shell_geometry.adb:33:31

 info: float overflow check proved
--> mj-flex_shell_geometry.adb:33:36

 info: range check proved
--> mj-flex_shell_geometry.adb:33:36

 info: precondition proved
--> mj-flex_shell_geometry.adb:40:32

 info: precondition proved
--> mj-flex_shell_geometry.adb:41:35

 info: precondition proved
--> mj-flex_shell_geometry.adb:42:35

 info: precondition proved
--> mj-flex_shell_geometry.adb:43:36

 info: range check proved
--> mj-flex_shell_geometry.adb:44:72

 info: precondition proved
--> mj-flex_shell_geometry.adb:45:19

 info: range check proved
--> mj-flex_shell_geometry.adb:46:72

 info: precondition proved
--> mj-flex_shell_geometry.adb:53:14

 info: subprogram variant proved
--> mj-flex_shell_geometry.adb:53:23

 info: range check proved
--> mj-flex_shell_geometry.adb:53:55

 info: range check proved
--> mj-flex_shell_geometry.adb:53:84

 info: assertion proved
--> mj-flex_shell_geometry.adb:59:32

 info: precondition proved
--> mj-flex_shell_geometry.adb:60:09

 info: loop invariant initialization proved
--> mj-flex_shell_geometry.adb:67:43

 info: loop invariant preservation proved
--> mj-flex_shell_geometry.adb:67:43

 info: range check proved
--> mj-flex_shell_geometry.adb:67:57

 info: float overflow check proved
--> mj-flex_shell_geometry.adb:67:60

 info: range check proved
--> mj-flex_shell_geometry.adb:67:78

 info: float overflow check proved
--> mj-flex_shell_geometry.adb:67:81

 info: loop invariant initialization proved
--> mj-flex_shell_geometry.adb:68:43

 info: loop invariant preservation proved
--> mj-flex_shell_geometry.adb:68:43

 info: precondition proved
--> mj-flex_shell_geometry.adb:69:10

 info: precondition proved
--> mj-flex_shell_geometry.adb:70:17

 info: range check proved
--> mj-flex_shell_geometry.adb:78:08

 info: precondition proved
--> mj-flex_shell_geometry.adb:78:16

 info: index check proved
--> mj-flex_shell_geometry.adb:78:16

 info: precondition proved
--> mj-flex_shell_geometry.adb:78:27

 info: precondition proved
--> mj-flex_shell_geometry.adb:82:36

 info: range check proved
--> mj-flex_shell_geometry.adb:83:35

 info: precondition proved
--> mj-flex_shell_geometry.adb:83:35

 info: range check proved
--> mj-flex_shell_geometry.adb:84:35

 info: precondition proved
--> mj-flex_shell_geometry.adb:84:35

 info: range check proved
--> mj-flex_shell_geometry.adb:85:35

 info: precondition proved
--> mj-flex_shell_geometry.adb:85:35

 info: implicit aspect Always_Terminates on "Product" has been proved, subprogram will terminate
--> mj-flex_shell_geometry.ads:18:13

 info: data dependencies proved
--> mj-flex_shell_geometry.ads:19:11

 info: postcondition proved
--> mj-flex_shell_geometry.ads:19:43

 info: float overflow check proved
--> mj-flex_shell_geometry.ads:19:67

 info: implicit aspect Always_Terminates on "Add_Term" has been proved, subprogram will terminate
--> mj-flex_shell_geometry.ads:20:13

 info: data dependencies proved
--> mj-flex_shell_geometry.ads:21:11

 info: range check proved
--> mj-flex_shell_geometry.ads:22:29

 info: float overflow check proved
--> mj-flex_shell_geometry.ads:22:36

 info: range check proved
--> mj-flex_shell_geometry.ads:22:54

 info: float overflow check proved
--> mj-flex_shell_geometry.ads:22:61

 info: postcondition proved
--> mj-flex_shell_geometry.ads:24:16

 info: float overflow check proved
--> mj-flex_shell_geometry.ads:24:38

 info: range check proved
--> mj-flex_shell_geometry.ads:25:23

 info: float overflow check proved
--> mj-flex_shell_geometry.ads:25:28

 info: range check proved
--> mj-flex_shell_geometry.ads:25:52

 info: float overflow check proved
--> mj-flex_shell_geometry.ads:25:57

 info: implicit aspect Always_Terminates on "Subtract_Term" has been proved, subprogram will terminate
--> mj-flex_shell_geometry.ads:26:13

 info: data dependencies proved
--> mj-flex_shell_geometry.ads:27:11

 info: range check proved
--> mj-flex_shell_geometry.ads:28:29

 info: float overflow check proved
--> mj-flex_shell_geometry.ads:28:36

 info: range check proved
--> mj-flex_shell_geometry.ads:28:54

 info: float overflow check proved
--> mj-flex_shell_geometry.ads:28:61

 info: postcondition proved
--> mj-flex_shell_geometry.ads:29:16

 info: float overflow check proved
--> mj-flex_shell_geometry.ads:29:43

 info: range check proved
--> mj-flex_shell_geometry.ads:30:23

 info: float overflow check proved
--> mj-flex_shell_geometry.ads:30:28

 info: range check proved
--> mj-flex_shell_geometry.ads:30:52

 info: float overflow check proved
--> mj-flex_shell_geometry.ads:30:57

 info: implicit aspect Always_Terminates on "Face_Pair" has been proved, subprogram will terminate
--> mj-flex_shell_geometry.ads:32:13

 info: data dependencies proved
--> mj-flex_shell_geometry.ads:33:11

 info: postcondition proved
--> mj-flex_shell_geometry.ads:34:16

 info: float overflow check proved
--> mj-flex_shell_geometry.ads:34:40

 info: float overflow check proved
--> mj-flex_shell_geometry.ads:34:45

 info: float overflow check proved
--> mj-flex_shell_geometry.ads:34:49

 info: float overflow check proved
--> mj-flex_shell_geometry.ads:34:53

 info: implicit aspect Always_Terminates on "Coefficient" has been proved, subprogram will terminate
--> mj-flex_shell_geometry.ads:36:13

 info: data dependencies proved
--> mj-flex_shell_geometry.ads:37:11

 info: disjoint contract or exit cases proved
--> mj-flex_shell_geometry.ads:38:08

 info: complete contract cases proved
--> mj-flex_shell_geometry.ads:38:08

 info: contract case proved
--> mj-flex_shell_geometry.ads:39:11

 info: float overflow check proved
--> mj-flex_shell_geometry.ads:39:46

 info: float overflow check proved
--> mj-flex_shell_geometry.ads:39:51

 info: float overflow check proved
--> mj-flex_shell_geometry.ads:39:58

 info: contract case proved
--> mj-flex_shell_geometry.ads:40:11

 info: float overflow check proved
--> mj-flex_shell_geometry.ads:40:46

 info: float overflow check proved
--> mj-flex_shell_geometry.ads:40:51

 info: contract case proved
--> mj-flex_shell_geometry.ads:41:11

 info: float overflow check proved
--> mj-flex_shell_geometry.ads:41:43

 info: float overflow check proved
--> mj-flex_shell_geometry.ads:41:50

 info: contract case proved
--> mj-flex_shell_geometry.ads:42:11

 info: float overflow check proved
--> mj-flex_shell_geometry.ads:42:43

 info: contract case proved
--> mj-flex_shell_geometry.ads:43:11

 info: float overflow check proved
--> mj-flex_shell_geometry.ads:43:47

 info: float overflow check proved
--> mj-flex_shell_geometry.ads:43:52

 info: float overflow check proved
--> mj-flex_shell_geometry.ads:43:59

 info: contract case proved
--> mj-flex_shell_geometry.ads:44:11

 info: float overflow check proved
--> mj-flex_shell_geometry.ads:44:47

 info: float overflow check proved
--> mj-flex_shell_geometry.ads:44:52

 info: contract case proved
--> mj-flex_shell_geometry.ads:45:11

 info: float overflow check proved
--> mj-flex_shell_geometry.ads:45:44

 info: float overflow check proved
--> mj-flex_shell_geometry.ads:45:51

 info: contract case proved
--> mj-flex_shell_geometry.ads:46:11

 info: float overflow check proved
--> mj-flex_shell_geometry.ads:46:44

 info: contract case proved
--> mj-flex_shell_geometry.ads:47:11

 info: float overflow check proved
--> mj-flex_shell_geometry.ads:47:47

 info: float overflow check proved
--> mj-flex_shell_geometry.ads:47:52

 info: float overflow check proved
--> mj-flex_shell_geometry.ads:47:59

 info: contract case proved
--> mj-flex_shell_geometry.ads:48:11

 info: float overflow check proved
--> mj-flex_shell_geometry.ads:48:47

 info: float overflow check proved
--> mj-flex_shell_geometry.ads:48:52

 info: contract case proved
--> mj-flex_shell_geometry.ads:49:11

 info: float overflow check proved
--> mj-flex_shell_geometry.ads:49:44

 info: float overflow check proved
--> mj-flex_shell_geometry.ads:49:51

 info: contract case proved
--> mj-flex_shell_geometry.ads:50:11

 info: float overflow check proved
--> mj-flex_shell_geometry.ads:50:44

 info: contract case proved
--> mj-flex_shell_geometry.ads:51:11

 info: float overflow check proved
--> mj-flex_shell_geometry.ads:51:48

 info: float overflow check proved
--> mj-flex_shell_geometry.ads:51:53

 info: float overflow check proved
--> mj-flex_shell_geometry.ads:51:60

 info: float overflow check proved
--> mj-flex_shell_geometry.ads:51:66

 info: float overflow check proved
--> mj-flex_shell_geometry.ads:51:73

 info: contract case proved
--> mj-flex_shell_geometry.ads:52:11

 info: float overflow check proved
--> mj-flex_shell_geometry.ads:52:48

 info: float overflow check proved
--> mj-flex_shell_geometry.ads:52:53

 info: float overflow check proved
--> mj-flex_shell_geometry.ads:52:60

 info: float overflow check proved
--> mj-flex_shell_geometry.ads:52:66

 info: contract case proved
--> mj-flex_shell_geometry.ads:53:11

 info: float overflow check proved
--> mj-flex_shell_geometry.ads:53:48

 info: float overflow check proved
--> mj-flex_shell_geometry.ads:53:53

 info: float overflow check proved
--> mj-flex_shell_geometry.ads:53:58

 info: float overflow check proved
--> mj-flex_shell_geometry.ads:53:65

 info: contract case proved
--> mj-flex_shell_geometry.ads:54:11

 info: float overflow check proved
--> mj-flex_shell_geometry.ads:54:48

 info: float overflow check proved
--> mj-flex_shell_geometry.ads:54:53

 info: float overflow check proved
--> mj-flex_shell_geometry.ads:54:58

 info: contract case proved
--> mj-flex_shell_geometry.ads:55:11

 info: float overflow check proved
--> mj-flex_shell_geometry.ads:55:45

 info: float overflow check proved
--> mj-flex_shell_geometry.ads:55:52

 info: float overflow check proved
--> mj-flex_shell_geometry.ads:55:58

 info: float overflow check proved
--> mj-flex_shell_geometry.ads:55:65

 info: contract case proved
--> mj-flex_shell_geometry.ads:56:11

 info: float overflow check proved
--> mj-flex_shell_geometry.ads:56:45

 info: float overflow check proved
--> mj-flex_shell_geometry.ads:56:52

 info: float overflow check proved
--> mj-flex_shell_geometry.ads:56:58

 info: contract case proved
--> mj-flex_shell_geometry.ads:57:11

 info: float overflow check proved
--> mj-flex_shell_geometry.ads:57:45

 info: float overflow check proved
--> mj-flex_shell_geometry.ads:57:50

 info: float overflow check proved
--> mj-flex_shell_geometry.ads:57:57

 info: contract case proved
--> mj-flex_shell_geometry.ads:58:11

 info: float overflow check proved
--> mj-flex_shell_geometry.ads:58:45

 info: float overflow check proved
--> mj-flex_shell_geometry.ads:58:50

 info: implicit aspect Always_Terminates on "Advance" has been proved, subprogram will terminate
--> mj-flex_shell_geometry.ads:59:13

 info: data dependencies proved
--> mj-flex_shell_geometry.ads:61:11

 info: range check proved
--> mj-flex_shell_geometry.ads:62:29

 info: float overflow check proved
--> mj-flex_shell_geometry.ads:62:36

 info: range check proved
--> mj-flex_shell_geometry.ads:62:54

 info: float overflow check proved
--> mj-flex_shell_geometry.ads:62:61

 info: postcondition proved
--> mj-flex_shell_geometry.ads:63:16

 info: range check proved
--> mj-flex_shell_geometry.ads:63:47

 info: float overflow check proved
--> mj-flex_shell_geometry.ads:63:52

 info: range check proved
--> mj-flex_shell_geometry.ads:63:76

 info: float overflow check proved
--> mj-flex_shell_geometry.ads:63:81

 info: float overflow check proved
--> mj-flex_shell_geometry.ads:65:35

 info: float overflow check proved
--> mj-flex_shell_geometry.ads:66:38

 info: float overflow check proved
--> mj-flex_shell_geometry.ads:67:38

 info: float overflow check proved
--> mj-flex_shell_geometry.ads:68:39

 info: range check proved
--> mj-flex_shell_geometry.ads:68:69

 info: float overflow check proved
--> mj-flex_shell_geometry.ads:68:74

 info: float overflow check proved
--> mj-flex_shell_geometry.ads:69:22

 info: range check proved
--> mj-flex_shell_geometry.ads:69:52

 info: float overflow check proved
--> mj-flex_shell_geometry.ads:69:57

 info: implicit aspect Always_Terminates on "Ordered" has been proved, subprogram will terminate
--> mj-flex_shell_geometry.ads:70:13

 info: data dependencies proved
--> mj-flex_shell_geometry.ads:71:28

 info: postcondition proved
--> mj-flex_shell_geometry.ads:72:27

 info: range check proved
--> mj-flex_shell_geometry.ads:72:52

 info: float overflow check proved
--> mj-flex_shell_geometry.ads:72:59

 info: range check proved
--> mj-flex_shell_geometry.ads:72:77

 info: float overflow check proved
--> mj-flex_shell_geometry.ads:72:84

 info: precondition proved
--> mj-flex_shell_geometry.ads:74:12

 info: subprogram variant proved
--> mj-flex_shell_geometry.ads:74:21

 info: range check proved
--> mj-flex_shell_geometry.ads:74:53

 info: range check proved
--> mj-flex_shell_geometry.ads:74:82

 info: implicit aspect Always_Terminates on "Component" has been proved, subprogram will terminate
--> mj-flex_shell_geometry.ads:75:13

 info: data dependencies proved
--> mj-flex_shell_geometry.ads:76:11

 info: postcondition proved
--> mj-flex_shell_geometry.ads:77:27

 info: data dependencies proved
--> mj-flex_shell_geometry.ads:80:28

 info: range check proved
--> mj-flex_shell_geometry.ads:81:29

 info: float overflow check proved
--> mj-flex_shell_geometry.ads:81:36

 info: range check proved
--> mj-flex_shell_geometry.ads:81:54

 info: float overflow check proved
--> mj-flex_shell_geometry.ads:81:61

 info: precondition proved
--> mj-flex_shell_geometry.ads:83:16

 info: postcondition proved
--> mj-flex_shell_geometry.ads:83:16

 info: implicit aspect Always_Terminates on "Valid_Nodes" has been proved, subprogram will terminate
--> mj-flex_shell_geometry.ads:85:13

 info: range check proved
--> mj-flex_shell_geometry.ads:86:64

 info: implicit aspect Always_Terminates on "Gather" has been proved, subprogram will terminate
--> mj-flex_shell_geometry.ads:89:13

 info: data dependencies proved
--> mj-flex_shell_geometry.ads:91:11

 info: postcondition proved
--> mj-flex_shell_geometry.ads:92:27

 info: precondition proved
--> mj-flex_shell_geometry.ads:93:42

 info: index check proved
--> mj-flex_shell_geometry.ads:93:42

 info: precondition proved
--> mj-flex_shell_geometry.ads:93:53

 info: initialization of "Result" proved
--> mj-flex_shell_geometry.ads:95:48

 info: data dependencies proved
--> mj-flex_shell_geometry.ads:96:11

 info: postcondition proved
--> mj-flex_shell_geometry.ads:97:27

 info: precondition proved
--> mj-flex_shell_geometry.ads:99:21

 info: precondition proved
--> mj-flex_shell_geometry.ads:99:48

 info: precondition proved
--> mj-flex_shell_geometry.ads:100:15

 info: precondition proved
--> mj-flex_shell_geometry.ads:100:39
Success: all checks proved (281 checks).
Summary logged in /var/tmp/sparkling-recovery-shell-geometry2-20261003/proof/whole/validation/obj/gnatprove/gnatprove.out
guarded: elapsed 54.3 s, peak group RSS 213 MB
