cube-aligned Ada/C 1.075 current/baseline 0.781
cube-rotated Ada/C 1.07 current/baseline 0.789
cube-margin Ada/C 0.934 current/baseline 0.759
cube-separated Ada/C 0.85 current/baseline 0.559
polytope-aligned Ada/C 1.335 current/baseline 1.023
polytope-rotated Ada/C 1.352 current/baseline 1.039
polytope-margin Ada/C 1.312 current/baseline 1.159
polytope-separated Ada/C 1.139 current/baseline 0.872
wide-face-aligned Ada/C 1.329 current/baseline 1.067
wide-face-rotated Ada/C 1.256 current/baseline 1.001
wide-face-margin Ada/C 1.268 current/baseline 1.052
wide-face-separated Ada/C 1.115 current/baseline 0.818
round-128-aligned Ada/C 1.283 current/baseline 0.83
round-128-rotated Ada/C 1.303 current/baseline 0.895
round-128-margin Ada/C 1.257 current/baseline 1.085
round-128-separated Ada/C 1.108 current/baseline 0.889
round-512-aligned Ada/C 1.333 current/baseline 0.663
round-512-rotated Ada/C 1.322 current/baseline 0.715
round-512-margin Ada/C 1.213 current/baseline 1.075
round-512-separated Ada/C 1.129 current/baseline 0.899
