Phase 1 of 3: generation of data representation information ...
Phase 2 of 3: generation of Global contracts ...
Phase 3 of 3: flow analysis and proof ...
Success: all checks proved (9 checks).
Summary logged in /var/tmp/sparkling-services-normalize-min4-20261003/Normalize_Value/validation/obj/gnatprove/gnatprove.out
guarded: elapsed 4.8 s, peak group RSS 146 MB
 info: implicit aspect Always_Terminates on "Normalize_Value" has been proved, subprogram will terminate
--> mj-actuator_geometry.ads:29:13

 info: float overflow check proved
--> mj-actuator_geometry.ads:30:46

 info: precondition proved
--> mj-actuator_geometry.ads:31:59

 info: precondition proved
--> mj-actuator_geometry.ads:32:16

 info: precondition proved
--> mj-actuator_geometry.ads:32:43

 info: precondition proved
--> mj-actuator_geometry.ads:33:16

 info: precondition proved
--> mj-actuator_geometry.ads:33:43

 info: data dependencies proved
--> mj-actuator_geometry.ads:34:11

 info: postcondition proved
--> mj-actuator_geometry.ads:36:16
