Phase 1 of 3: generation of data representation information ...
Phase 2 of 3: generation of Global contracts ...
Phase 3 of 3: flow analysis and proof ...
mj-smooth_actuation.adb:83:33: info: loop invariant initialization proved
mj-smooth_actuation.adb:83:33: info: loop invariant preservation proved
mj-smooth_actuation.adb:84:33: info: loop invariant initialization proved
mj-smooth_actuation.adb:84:33: info: loop invariant preservation proved
mj-smooth_actuation.adb:84:53: info: overflow check proved
mj-smooth_actuation.adb:84:69: info: index check proved
mj-smooth_actuation.adb:85:33: info: index check proved
mj-smooth_actuation.adb:85:74: info: index check proved
mj-smooth_actuation.adb:86:33: info: loop invariant preservation proved
mj-smooth_actuation.adb:86:33: info: loop invariant initialization proved
mj-smooth_actuation.adb:86:53: info: overflow check proved
mj-smooth_actuation.adb:86:69: info: index check proved
mj-smooth_actuation.adb:86:91: info: index check proved
mj-smooth_actuation.adb:86:100: info: range check proved
mj-smooth_actuation.adb:86:106: info: index check proved
mj-smooth_actuation.adb:86:108: info: index check proved
mj-smooth_actuation.adb:87:33: info: index check proved
mj-smooth_actuation.adb:87:72: info: index check proved
mj-smooth_actuation.adb:87:81: info: range check proved
mj-smooth_actuation.adb:87:87: info: index check proved
mj-smooth_actuation.adb:87:89: info: index check proved
mj-smooth_actuation.adb:88:29: info: index check proved
mj-smooth_actuation.adb:88:34: info: precondition proved
mj-smooth_actuation.adb:88:48: info: index check proved
mj-smooth_actuation.adb:88:52: info: range check proved
mj-smooth_actuation.adb:88:58: info: index check proved
mj-smooth_actuation.adb:88:60: info: index check proved
mj-smooth_actuation.adb:88:72: info: range check proved
mj-smooth_actuation.adb:88:78: info: index check proved
mj-smooth_actuation.adb:88:80: info: index check proved
mj-smooth_actuation.adb:88:99: info: index check proved
mj-smooth_actuation.adb:91:13: info: initialization of "Control" proved
mj-smooth_actuation.adb:93:20: info: index check proved
mj-smooth_actuation.adb:93:26: info: range check proved
mj-smooth_actuation.adb:93:29: info: index check proved
mj-smooth_actuation.adb:95:27: info: precondition proved
mj-smooth_actuation.adb:95:42: info: range check proved
mj-smooth_actuation.adb:95:45: info: index check proved
mj-smooth_actuation.adb:97:29: info: precondition proved
mj-smooth_actuation.adb:98:42: info: index check proved
mj-smooth_actuation.adb:100:25: info: index check proved
mj-smooth_actuation.adb:100:49: info: index check proved
mj-smooth_actuation.adb:100:73: info: index check proved
mj-smooth_actuation.adb:109:22: info: index check proved
mj-smooth_actuation.adb:109:50: info: range check proved
mj-smooth_actuation.adb:109:54: info: index check proved
mj-smooth_actuation.adb:110:25: info: index check proved
mj-smooth_actuation.adb:110:70: info: range check proved
mj-smooth_actuation.adb:110:74: info: index check proved
mj-smooth_actuation.adb:111:21: info: index check proved
mj-smooth_actuation.adb:111:27: info: precondition proved
mj-smooth_actuation.adb:111:41: info: range check proved
mj-smooth_actuation.adb:111:45: info: index check proved
mj-smooth_actuation.adb:111:57: info: range check proved
mj-smooth_actuation.adb:111:61: info: index check proved
mj-smooth_actuation.adb:111:80: info: index check proved
mj-smooth_actuation.adb:114:07: info: precondition proved
mj-smooth_actuation.ads:115:07: info: initialization of "Ok" proved
mj-smooth_actuation.ads:115:11: info: initialization of "Advance_Valid" proved
mj-smooth_actuation.ads:116:11: info: data dependencies proved
mj-smooth_actuation.ads:126:14: info: postcondition proved
mj-smooth_actuation.ads:127:42: info: index check proved
mj-smooth_actuation.ads:127:64: info: index check proved
mj-smooth_actuation.ads:127:73: info: range check proved
mj-smooth_actuation.ads:127:79: info: index check proved
mj-smooth_actuation.ads:127:81: info: index check proved
mj-smooth_actuation.ads:128:31: info: index check proved
mj-smooth_actuation.ads:128:70: info: index check proved
mj-smooth_actuation.ads:128:79: info: range check proved
mj-smooth_actuation.ads:128:85: info: index check proved
mj-smooth_actuation.ads:128:87: info: index check proved
mj-smooth_actuation.ads:129:27: info: index check proved
mj-smooth_actuation.ads:129:32: info: precondition proved
mj-smooth_actuation.ads:129:46: info: index check proved
mj-smooth_actuation.ads:129:50: info: range check proved
mj-smooth_actuation.ads:129:56: info: index check proved
mj-smooth_actuation.ads:129:58: info: index check proved
mj-smooth_actuation.ads:129:70: info: range check proved
mj-smooth_actuation.ads:129:76: info: index check proved
mj-smooth_actuation.ads:129:78: info: index check proved
mj-smooth_actuation.ads:129:97: info: index check proved
mj-smooth_actuation.ads:135:19: info: index check proved
mj-smooth_actuation.ads:135:24: info: precondition proved
mj-smooth_actuation.ads:135:50: info: range check proved
mj-smooth_actuation.ads:135:54: info: range check proved
Success: all checks proved (85 checks).
Summary logged in /tmp/sparkling-smooth-fragments-3rrc5qlu/mj-smooth_actuation-obj/gnatprove/gnatprove.out
guarded: elapsed 94.6 s, peak group RSS 411 MB
