Phase 1 of 3: generation of data representation information ...
Phase 2 of 3: generation of Global contracts ...
Phase 3 of 3: flow analysis and proof ...
Success: all checks proved (266 checks).
Summary logged in /var/tmp/constraint-cholesky-20261002-accepted/build/validation/obj/gnatprove/gnatprove.out
guarded: elapsed 147.5 s, peak group RSS 252 MB
 info: range check proved
--> mj-constraint_solvers-cholesky.adb:7:15

 info: range check proved
--> mj-constraint_solvers-cholesky.adb:11:34

 info: float overflow check proved
--> mj-constraint_solvers-cholesky.adb:11:34

 info: float overflow check proved
--> mj-constraint_solvers-cholesky.adb:11:38

 info: data dependencies proved
--> mj-constraint_solvers-cholesky.adb:17:11

 info: postcondition proved
--> mj-constraint_solvers-cholesky.adb:20:25

 info: index check proved
--> mj-constraint_solvers-cholesky.adb:21:20

 info: index check proved
--> mj-constraint_solvers-cholesky.adb:21:23

 info: index check proved
--> mj-constraint_solvers-cholesky.adb:23:44

 info: index check proved
--> mj-constraint_solvers-cholesky.adb:23:47

 info: index check proved
--> mj-constraint_solvers-cholesky.adb:23:59

 info: index check proved
--> mj-constraint_solvers-cholesky.adb:23:62

 info: index check proved
--> mj-constraint_solvers-cholesky.adb:26:10

 info: index check proved
--> mj-constraint_solvers-cholesky.adb:26:13

 info: data dependencies proved
--> mj-constraint_solvers-cholesky.adb:31:28

 info: precondition proved
--> mj-constraint_solvers-cholesky.adb:35:14

 info: postcondition proved
--> mj-constraint_solvers-cholesky.adb:35:14

 info: index check proved
--> mj-constraint_solvers-cholesky.adb:36:37

 info: index check proved
--> mj-constraint_solvers-cholesky.adb:36:40

 info: precondition proved
--> mj-constraint_solvers-cholesky.adb:37:17

 info: range check proved
--> mj-constraint_solvers-cholesky.adb:37:47

 info: range check proved
--> mj-constraint_solvers-cholesky.adb:37:53

 info: index check proved
--> mj-constraint_solvers-cholesky.adb:37:56

 info: index check proved
--> mj-constraint_solvers-cholesky.adb:37:59

 info: range check proved
--> mj-constraint_solvers-cholesky.adb:37:67

 info: index check proved
--> mj-constraint_solvers-cholesky.adb:37:70

 info: index check proved
--> mj-constraint_solvers-cholesky.adb:37:73

 info: initialization of "Result" proved
--> mj-constraint_solvers-cholesky.adb:46:07

 info: data dependencies proved
--> mj-constraint_solvers-cholesky.adb:47:11

 info: index check proved
--> mj-constraint_solvers-cholesky.adb:51:48

 info: index check proved
--> mj-constraint_solvers-cholesky.adb:51:51

 info: postcondition proved
--> mj-constraint_solvers-cholesky.adb:52:25

 info: index check proved
--> mj-constraint_solvers-cholesky.adb:53:48

 info: index check proved
--> mj-constraint_solvers-cholesky.adb:53:51

 info: index check proved
--> mj-constraint_solvers-cholesky.adb:55:45

 info: index check proved
--> mj-constraint_solvers-cholesky.adb:55:48

 info: index check proved
--> mj-constraint_solvers-cholesky.adb:55:60

 info: index check proved
--> mj-constraint_solvers-cholesky.adb:55:63

 info: precondition proved
--> mj-constraint_solvers-cholesky.adb:58:10

 info: index check proved
--> mj-constraint_solvers-cholesky.adb:59:28

 info: index check proved
--> mj-constraint_solvers-cholesky.adb:59:31

 info: precondition proved
--> mj-constraint_solvers-cholesky.adb:60:21

 info: index check proved
--> mj-constraint_solvers-cholesky.adb:61:24

 info: index check proved
--> mj-constraint_solvers-cholesky.adb:61:27

 info: precondition proved
--> mj-constraint_solvers-cholesky.adb:61:36

 info: precondition proved
--> mj-constraint_solvers-cholesky.adb:61:43

 info: index check proved
--> mj-constraint_solvers-cholesky.adb:62:19

 info: index check proved
--> mj-constraint_solvers-cholesky.adb:62:22

 info: precondition proved
--> mj-constraint_solvers-cholesky.adb:62:27

 info: precondition proved
--> mj-constraint_solvers-cholesky.adb:62:35

 info: index check proved
--> mj-constraint_solvers-cholesky.adb:63:41

 info: index check proved
--> mj-constraint_solvers-cholesky.adb:63:44

 info: index check proved
--> mj-constraint_solvers-cholesky.adb:65:35

 info: index check proved
--> mj-constraint_solvers-cholesky.adb:65:38

 info: initialization of "Root" proved
--> mj-constraint_solvers-cholesky.adb:66:07

 info: initialization of "Value" proved
--> mj-constraint_solvers-cholesky.adb:67:07

 info: precondition proved
--> mj-constraint_solvers-cholesky.adb:70:07

 info: loop invariant initialization proved
--> mj-constraint_solvers-cholesky.adb:73:43

 info: loop invariant preservation proved
--> mj-constraint_solvers-cholesky.adb:73:43

 info: precondition proved
--> mj-constraint_solvers-cholesky.adb:74:16

 info: precondition proved
--> mj-constraint_solvers-cholesky.adb:75:15

 info: index check proved
--> mj-constraint_solvers-cholesky.adb:75:37

 info: index check proved
--> mj-constraint_solvers-cholesky.adb:75:40

 info: index check proved
--> mj-constraint_solvers-cholesky.adb:75:47

 info: index check proved
--> mj-constraint_solvers-cholesky.adb:75:50

 info: precondition proved
--> mj-constraint_solvers-cholesky.adb:77:10

 info: assertion proved
--> mj-constraint_solvers-cholesky.adb:78:35

 info: precondition proved
--> mj-constraint_solvers-cholesky.adb:78:39

 info: assertion proved
--> mj-constraint_solvers-cholesky.adb:80:32

 info: precondition proved
--> mj-constraint_solvers-cholesky.adb:80:36

 info: precondition proved
--> mj-constraint_solvers-cholesky.adb:83:22

 info: precondition proved
--> mj-constraint_solvers-cholesky.adb:89:19

 info: index check proved
--> mj-constraint_solvers-cholesky.adb:89:39

 info: index check proved
--> mj-constraint_solvers-cholesky.adb:89:42

 info: precondition proved
--> mj-constraint_solvers-cholesky.adb:91:07

 info: assertion proved
--> mj-constraint_solvers-cholesky.adb:92:32

 info: assertion proved
--> mj-constraint_solvers-cholesky.adb:93:32

 info: assertion proved
--> mj-constraint_solvers-cholesky.adb:94:32

 info: index check proved
--> mj-constraint_solvers-cholesky.adb:94:63

 info: index check proved
--> mj-constraint_solvers-cholesky.adb:94:66

 info: length check proved
--> mj-constraint_solvers-cholesky.adb:101:09

 info: range check proved
--> mj-constraint_solvers-cholesky.adb:101:12

 info: range check proved
--> mj-constraint_solvers-cholesky.adb:101:23

 info: precondition proved
--> mj-constraint_solvers-cholesky.adb:106:16

 info: range check proved
--> mj-constraint_solvers-cholesky.adb:106:35

 info: assertion proved
--> mj-constraint_solvers-cholesky.adb:107:49

 info: overflow check proved
--> mj-constraint_solvers-cholesky.adb:108:48

 info: index check proved
--> mj-constraint_solvers-cholesky.adb:108:58

 info: index check proved
--> mj-constraint_solvers-cholesky.adb:108:61

 info: index check proved
--> mj-constraint_solvers-cholesky.adb:109:71

 info: index check proved
--> mj-constraint_solvers-cholesky.adb:109:74

 info: loop invariant preservation proved
--> mj-constraint_solvers-cholesky.adb:112:46

 info: loop invariant initialization proved
--> mj-constraint_solvers-cholesky.adb:112:46

 info: loop invariant initialization proved
--> mj-constraint_solvers-cholesky.adb:113:46

 info: loop invariant preservation proved
--> mj-constraint_solvers-cholesky.adb:113:46

 info: overflow check proved
--> mj-constraint_solvers-cholesky.adb:113:67

 info: index check proved
--> mj-constraint_solvers-cholesky.adb:113:77

 info: index check proved
--> mj-constraint_solvers-cholesky.adb:113:80

 info: loop invariant initialization proved
--> mj-constraint_solvers-cholesky.adb:114:46

 info: loop invariant preservation proved
--> mj-constraint_solvers-cholesky.adb:114:46

 info: index check proved
--> mj-constraint_solvers-cholesky.adb:114:64

 info: index check proved
--> mj-constraint_solvers-cholesky.adb:114:67

 info: loop invariant initialization proved
--> mj-constraint_solvers-cholesky.adb:116:43

 info: loop invariant preservation proved
--> mj-constraint_solvers-cholesky.adb:116:43

 info: loop invariant initialization proved
--> mj-constraint_solvers-cholesky.adb:117:43

 info: loop invariant preservation proved
--> mj-constraint_solvers-cholesky.adb:117:43

 info: index check proved
--> mj-constraint_solvers-cholesky.adb:117:70

 info: index check proved
--> mj-constraint_solvers-cholesky.adb:117:73

 info: assertion proved
--> mj-constraint_solvers-cholesky.adb:119:32

 info: assertion proved
--> mj-constraint_solvers-cholesky.adb:120:32

 info: precondition proved
--> mj-constraint_solvers-cholesky.adb:121:32

 info: assertion proved
--> mj-constraint_solvers-cholesky.adb:121:32

 info: data dependencies proved
--> mj-constraint_solvers-cholesky.adb:128:28

 info: range check proved
--> mj-constraint_solvers-cholesky.adb:132:49

 info: overflow check proved
--> mj-constraint_solvers-cholesky.adb:132:57

 info: range check proved
--> mj-constraint_solvers-cholesky.adb:133:28

 info: overflow check proved
--> mj-constraint_solvers-cholesky.adb:133:36

 info: precondition proved
--> mj-constraint_solvers-cholesky.adb:134:14

 info: postcondition proved
--> mj-constraint_solvers-cholesky.adb:134:14

 info: precondition proved
--> mj-constraint_solvers-cholesky.adb:136:17

 info: range check proved
--> mj-constraint_solvers-cholesky.adb:136:62

 info: range check proved
--> mj-constraint_solvers-cholesky.adb:137:31

 info: overflow check proved
--> mj-constraint_solvers-cholesky.adb:137:41

 info: index check proved
--> mj-constraint_solvers-cholesky.adb:137:50

 info: index check proved
--> mj-constraint_solvers-cholesky.adb:137:55

 info: range check proved
--> mj-constraint_solvers-cholesky.adb:138:17

 info: index check proved
--> mj-constraint_solvers-cholesky.adb:138:20

 info: overflow check proved
--> mj-constraint_solvers-cholesky.adb:138:30

 info: index check proved
--> mj-constraint_solvers-cholesky.adb:138:39

 info: range check proved
--> mj-constraint_solvers-cholesky.adb:138:46

 info: overflow check proved
--> mj-constraint_solvers-cholesky.adb:138:56

 info: index check proved
--> mj-constraint_solvers-cholesky.adb:138:65

 info: initialization of "Result" proved
--> mj-constraint_solvers-cholesky.adb:147:29

 info: data dependencies proved
--> mj-constraint_solvers-cholesky.adb:148:11

 info: precondition proved
--> mj-constraint_solvers-cholesky.adb:149:65

 info: postcondition proved
--> mj-constraint_solvers-cholesky.adb:152:25

 info: index check proved
--> mj-constraint_solvers-cholesky.adb:154:61

 info: index check proved
--> mj-constraint_solvers-cholesky.adb:154:73

 info: precondition proved
--> mj-constraint_solvers-cholesky.adb:157:10

 info: overflow check proved
--> mj-constraint_solvers-cholesky.adb:157:68

 info: range check proved
--> mj-constraint_solvers-cholesky.adb:158:33

 info: range check proved
--> mj-constraint_solvers-cholesky.adb:158:41

 info: index check proved
--> mj-constraint_solvers-cholesky.adb:159:22

 info: precondition proved
--> mj-constraint_solvers-cholesky.adb:159:27

 info: precondition proved
--> mj-constraint_solvers-cholesky.adb:160:13

 info: overflow check proved
--> mj-constraint_solvers-cholesky.adb:160:71

 info: range check proved
--> mj-constraint_solvers-cholesky.adb:161:36

 info: range check proved
--> mj-constraint_solvers-cholesky.adb:161:44

 info: index check proved
--> mj-constraint_solvers-cholesky.adb:162:16

 info: index check proved
--> mj-constraint_solvers-cholesky.adb:162:19

 info: overflow check proved
--> mj-constraint_solvers-cholesky.adb:166:58

 info: range check proved
--> mj-constraint_solvers-cholesky.adb:167:56

 info: range check proved
--> mj-constraint_solvers-cholesky.adb:167:64

 info: precondition proved
--> mj-constraint_solvers-cholesky.adb:171:07

 info: loop invariant initialization proved
--> mj-constraint_solvers-cholesky.adb:174:43

 info: loop invariant preservation proved
--> mj-constraint_solvers-cholesky.adb:174:43

 info: precondition proved
--> mj-constraint_solvers-cholesky.adb:175:16

 info: loop invariant initialization proved
--> mj-constraint_solvers-cholesky.adb:177:12

 info: loop invariant preservation proved
--> mj-constraint_solvers-cholesky.adb:177:12

 info: precondition proved
--> mj-constraint_solvers-cholesky.adb:179:15

 info: overflow check proved
--> mj-constraint_solvers-cholesky.adb:180:42

 info: index check proved
--> mj-constraint_solvers-cholesky.adb:180:47

 info: index check proved
--> mj-constraint_solvers-cholesky.adb:180:52

 info: index check proved
--> mj-constraint_solvers-cholesky.adb:180:63

 info: overflow check proved
--> mj-constraint_solvers-cholesky.adb:180:73

 info: index check proved
--> mj-constraint_solvers-cholesky.adb:180:78

 info: overflow check proved
--> mj-constraint_solvers-cholesky.adb:181:22

 info: index check proved
--> mj-constraint_solvers-cholesky.adb:181:27

 info: precondition proved
--> mj-constraint_solvers-cholesky.adb:183:10

 info: assertion proved
--> mj-constraint_solvers-cholesky.adb:185:12

 info: precondition proved
--> mj-constraint_solvers-cholesky.adb:185:16

 info: assertion proved
--> mj-constraint_solvers-cholesky.adb:188:09

 info: precondition proved
--> mj-constraint_solvers-cholesky.adb:188:13

 info: index check proved
--> mj-constraint_solvers-cholesky.adb:189:10

 info: precondition proved
--> mj-constraint_solvers-cholesky.adb:189:16

 info: index check proved
--> mj-constraint_solvers-cholesky.adb:189:36

 info: index check proved
--> mj-constraint_solvers-cholesky.adb:189:39

 info: length check proved
--> mj-constraint_solvers-cholesky.adb:196:09

 info: loop invariant initialization proved
--> mj-constraint_solvers-cholesky.adb:198:43

 info: loop invariant preservation proved
--> mj-constraint_solvers-cholesky.adb:198:43

 info: loop invariant initialization proved
--> mj-constraint_solvers-cholesky.adb:200:12

 info: loop invariant preservation proved
--> mj-constraint_solvers-cholesky.adb:200:12

 info: precondition proved
--> mj-constraint_solvers-cholesky.adb:203:13

 info: range check proved
--> mj-constraint_solvers-cholesky.adb:203:42

 info: assertion proved
--> mj-constraint_solvers-cholesky.adb:204:46

 info: loop invariant initialization proved
--> mj-constraint_solvers-cholesky.adb:212:43

 info: loop invariant preservation proved
--> mj-constraint_solvers-cholesky.adb:212:43

 info: loop invariant initialization proved
--> mj-constraint_solvers-cholesky.adb:214:12

 info: loop invariant preservation proved
--> mj-constraint_solvers-cholesky.adb:214:12

 info: precondition proved
--> mj-constraint_solvers-cholesky.adb:217:13

 info: index check proved
--> mj-constraint_solvers-cholesky.adb:217:35

 info: range check proved
--> mj-constraint_solvers-cholesky.adb:217:42

 info: assertion proved
--> mj-constraint_solvers-cholesky.adb:218:46

 info: implicit aspect Always_Terminates on "Square" has been proved, subprogram will terminate
--> mj-constraint_solvers-cholesky.ads:16:13

 info: implicit aspect Always_Terminates on "Bounded" has been proved, subprogram will terminate
--> mj-constraint_solvers-cholesky.ads:20:13

 info: index check proved
--> mj-constraint_solvers-cholesky.ads:22:41

 info: index check proved
--> mj-constraint_solvers-cholesky.ads:22:44

 info: implicit aspect Always_Terminates on "Triangular" has been proved, subprogram will terminate
--> mj-constraint_solvers-cholesky.ads:24:13

 info: index check proved
--> mj-constraint_solvers-cholesky.ads:26:56

 info: index check proved
--> mj-constraint_solvers-cholesky.ads:26:59

 info: implicit aspect Always_Terminates on "Positive_Diagonal" has been proved, subprogram will terminate
--> mj-constraint_solvers-cholesky.ads:28:13

 info: index check proved
--> mj-constraint_solvers-cholesky.ads:29:38

 info: index check proved
--> mj-constraint_solvers-cholesky.ads:29:41

 info: implicit aspect Always_Terminates on "Start" has been proved, subprogram will terminate
--> mj-constraint_solvers-cholesky.ads:32:13

 info: data dependencies proved
--> mj-constraint_solvers-cholesky.ads:33:11

 info: postcondition proved
--> mj-constraint_solvers-cholesky.ads:34:14

 info: implicit aspect Always_Terminates on "Subtract" has been proved, subprogram will terminate
--> mj-constraint_solvers-cholesky.ads:37:13

 info: data dependencies proved
--> mj-constraint_solvers-cholesky.ads:38:11

 info: postcondition proved
--> mj-constraint_solvers-cholesky.ads:40:14

 info: float overflow check proved
--> mj-constraint_solvers-cholesky.ads:40:39

 info: float overflow check proved
--> mj-constraint_solvers-cholesky.ads:40:43

 info: float overflow check proved
--> mj-constraint_solvers-cholesky.ads:41:71

 info: float overflow check proved
--> mj-constraint_solvers-cholesky.ads:41:75

 info: implicit aspect Always_Terminates on "Divide" has been proved, subprogram will terminate
--> mj-constraint_solvers-cholesky.ads:43:13

 info: division check proved
--> mj-constraint_solvers-cholesky.ads:43:66

 info: float overflow check proved
--> mj-constraint_solvers-cholesky.ads:43:66

 info: data dependencies proved
--> mj-constraint_solvers-cholesky.ads:44:11

 info: postcondition proved
--> mj-constraint_solvers-cholesky.ads:46:14

 info: division check proved
--> mj-constraint_solvers-cholesky.ads:46:32

 info: float overflow check proved
--> mj-constraint_solvers-cholesky.ads:46:32

 info: implicit aspect Always_Terminates on "Extend" has been proved, subprogram will terminate
--> mj-constraint_solvers-cholesky.ads:48:13

 info: precondition proved
--> mj-constraint_solvers-cholesky.ads:49:20

 info: data dependencies proved
--> mj-constraint_solvers-cholesky.ads:50:28

 info: implicit aspect Always_Terminates on "Factor_Sum" has been proved, subprogram will terminate
--> mj-constraint_solvers-cholesky.ads:54:13

 info: index check proved
--> mj-constraint_solvers-cholesky.ads:56:35

 info: index check proved
--> mj-constraint_solvers-cholesky.ads:56:38

 info: precondition proved
--> mj-constraint_solvers-cholesky.ads:57:17

 info: subprogram variant proved
--> mj-constraint_solvers-cholesky.ads:57:17

 info: range check proved
--> mj-constraint_solvers-cholesky.ads:57:47

 info: range check proved
--> mj-constraint_solvers-cholesky.ads:57:53

 info: index check proved
--> mj-constraint_solvers-cholesky.ads:57:56

 info: index check proved
--> mj-constraint_solvers-cholesky.ads:57:59

 info: range check proved
--> mj-constraint_solvers-cholesky.ads:57:67

 info: index check proved
--> mj-constraint_solvers-cholesky.ads:57:70

 info: index check proved
--> mj-constraint_solvers-cholesky.ads:57:73

 info: data dependencies proved
--> mj-constraint_solvers-cholesky.ads:58:28

 info: implicit aspect Always_Terminates on "Substitution_Sum" has been proved, subprogram will terminate
--> mj-constraint_solvers-cholesky.ads:65:13

 info: precondition proved
--> mj-constraint_solvers-cholesky.ads:69:16

 info: subprogram variant proved
--> mj-constraint_solvers-cholesky.ads:69:16

 info: range check proved
--> mj-constraint_solvers-cholesky.ads:69:61

 info: range check proved
--> mj-constraint_solvers-cholesky.ads:70:30

 info: overflow check proved
--> mj-constraint_solvers-cholesky.ads:70:40

 info: index check proved
--> mj-constraint_solvers-cholesky.ads:70:49

 info: index check proved
--> mj-constraint_solvers-cholesky.ads:70:54

 info: range check proved
--> mj-constraint_solvers-cholesky.ads:71:16

 info: index check proved
--> mj-constraint_solvers-cholesky.ads:71:19

 info: overflow check proved
--> mj-constraint_solvers-cholesky.ads:71:29

 info: index check proved
--> mj-constraint_solvers-cholesky.ads:71:38

 info: range check proved
--> mj-constraint_solvers-cholesky.ads:71:45

 info: overflow check proved
--> mj-constraint_solvers-cholesky.ads:71:55

 info: index check proved
--> mj-constraint_solvers-cholesky.ads:71:64

 info: data dependencies proved
--> mj-constraint_solvers-cholesky.ads:72:28

 info: range check proved
--> mj-constraint_solvers-cholesky.ads:76:49

 info: overflow check proved
--> mj-constraint_solvers-cholesky.ads:76:57

 info: range check proved
--> mj-constraint_solvers-cholesky.ads:77:28

 info: overflow check proved
--> mj-constraint_solvers-cholesky.ads:77:36

 info: initialization of "L" proved
--> mj-constraint_solvers-cholesky.ads:81:34

 info: initialization of "Result" proved
--> mj-constraint_solvers-cholesky.ads:81:50

 info: data dependencies proved
--> mj-constraint_solvers-cholesky.ads:83:11

 info: postcondition proved
--> mj-constraint_solvers-cholesky.ads:86:25

 info: precondition proved
--> mj-constraint_solvers-cholesky.ads:87:43

 info: initialization of "X" proved
--> mj-constraint_solvers-cholesky.ads:91:49

 info: initialization of "Result" proved
--> mj-constraint_solvers-cholesky.ads:92:25

 info: data dependencies proved
--> mj-constraint_solvers-cholesky.ads:93:11

 info: precondition proved
--> mj-constraint_solvers-cholesky.ads:94:65

 info: postcondition proved
--> mj-constraint_solvers-cholesky.ads:97:25
