Phase 1 of 3: generation of data representation information ...
Phase 2 of 3: generation of Global contracts ...
Phase 3 of 3: flow analysis and proof ...
Summary logged in /var/tmp/sparkling-services-geometry-whole2-20261003/whole/validation/obj/gnatprove/gnatprove.out
guarded: elapsed 145.2 s, peak group RSS 217 MB
 info: division check proved
--> mj-actuator_geometry.adb:6:42

 info: float overflow check proved
--> mj-actuator_geometry.adb:6:42

 info: range check proved
--> mj-actuator_geometry.adb:6:42

 info: float overflow check proved
--> mj-actuator_geometry.adb:8:18

 info: implicit aspect Always_Terminates on "Product" has been proved, subprogram will terminate
--> mj-actuator_geometry.adb:15:13

 info: float overflow check proved
--> mj-actuator_geometry.adb:15:64

 info: range check proved
--> mj-actuator_geometry.adb:15:64

 info: postcondition proved
--> mj-actuator_geometry.adb:16:19

 info: float overflow check proved
--> mj-actuator_geometry.adb:16:35

 info: range check proved
--> mj-actuator_geometry.adb:18:32

 info: precondition proved
--> mj-actuator_geometry.adb:18:32

 info: float overflow check proved
--> mj-actuator_geometry.adb:18:46

 info: float overflow check proved
--> mj-actuator_geometry.adb:18:52

 info: float overflow check proved
--> mj-actuator_geometry.adb:18:58

 info: float overflow check proved
--> mj-actuator_geometry.adb:18:65

 info: float overflow check proved
--> mj-actuator_geometry.adb:18:71

 medium: float overflow check might fail
--> mj-actuator_geometry.adb:18:78
   18 |          N : constant Real := Math.Sqrt (((Q (0)*Q (0)+Q (1)*Q (1))+Q (2)*Q (2))+Q (3)*Q (3));
      |                                          ~~~~~~~~~~~~~~~~~~~~~~~~~~~~~~~~~~~~~~~^~~~~~~~~~~
      + reason for check: result of floating-point addition must be bounded
      + provers reached time limit before completing the proof

 info: float overflow check proved
--> mj-actuator_geometry.adb:18:84

 info: initialization of "Inv" proved
--> mj-actuator_geometry.adb:20:07

 info: float overflow check proved
--> mj-actuator_geometry.adb:23:19

 info: division check proved
--> mj-actuator_geometry.adb:24:20

 info: float overflow check proved
--> mj-actuator_geometry.adb:24:20

 info: unrolling loop [info-unrolling-inlining]
--> mj-actuator_geometry.adb:25:26

 medium: float overflow check might fail
--> mj-actuator_geometry.adb:25:45
   25 |             for K in 0 .. 3 loop R (K) := Q (K)*Inv; end loop;
      |                                           ~~~~~^~~~
      + reason for check: result of floating-point multiplication must be bounded
      + provers reached time limit before completing the proof

 info: range check proved
--> mj-actuator_geometry.adb:30:45

 info: range check proved
--> mj-actuator_geometry.adb:30:51

 info: float overflow check proved
--> mj-actuator_geometry.adb:30:57

 info: range check proved
--> mj-actuator_geometry.adb:30:57

 info: range check proved
--> mj-actuator_geometry.adb:30:67

 info: range check proved
--> mj-actuator_geometry.adb:30:73

 info: range check proved
--> mj-actuator_geometry.adb:31:45

 info: range check proved
--> mj-actuator_geometry.adb:31:51

 info: float overflow check proved
--> mj-actuator_geometry.adb:31:57

 info: range check proved
--> mj-actuator_geometry.adb:31:57

 info: range check proved
--> mj-actuator_geometry.adb:31:67

 info: range check proved
--> mj-actuator_geometry.adb:31:73

 info: range check proved
--> mj-actuator_geometry.adb:32:45

 info: range check proved
--> mj-actuator_geometry.adb:32:51

 info: float overflow check proved
--> mj-actuator_geometry.adb:32:57

 info: range check proved
--> mj-actuator_geometry.adb:32:57

 info: range check proved
--> mj-actuator_geometry.adb:32:67

 info: range check proved
--> mj-actuator_geometry.adb:32:73

 info: range check proved
--> mj-actuator_geometry.adb:33:45

 info: range check proved
--> mj-actuator_geometry.adb:33:51

 info: float overflow check proved
--> mj-actuator_geometry.adb:33:57

 info: range check proved
--> mj-actuator_geometry.adb:33:57

 info: range check proved
--> mj-actuator_geometry.adb:33:67

 info: range check proved
--> mj-actuator_geometry.adb:33:73

 info: float overflow check proved
--> mj-actuator_geometry.adb:34:40

 info: range check proved
--> mj-actuator_geometry.adb:34:40

 info: range check proved
--> mj-actuator_geometry.adb:34:50

 info: range check proved
--> mj-actuator_geometry.adb:34:56

 info: float overflow check proved
--> mj-actuator_geometry.adb:35:40

 info: range check proved
--> mj-actuator_geometry.adb:35:40

 info: range check proved
--> mj-actuator_geometry.adb:35:50

 info: range check proved
--> mj-actuator_geometry.adb:35:56

 info: float overflow check proved
--> mj-actuator_geometry.adb:36:40

 info: range check proved
--> mj-actuator_geometry.adb:36:40

 info: range check proved
--> mj-actuator_geometry.adb:36:50

 info: range check proved
--> mj-actuator_geometry.adb:36:56

 info: float overflow check proved
--> mj-actuator_geometry.adb:37:40

 info: range check proved
--> mj-actuator_geometry.adb:37:40

 info: range check proved
--> mj-actuator_geometry.adb:37:50

 info: range check proved
--> mj-actuator_geometry.adb:37:56

 info: float overflow check proved
--> mj-actuator_geometry.adb:38:39

 info: range check proved
--> mj-actuator_geometry.adb:38:39

 medium: range check might fail
--> mj-actuator_geometry.adb:38:49
   38 |          R0 : constant Q_Four_Terms := U0-Product (A (3),B (3));
      |                                                    ^~~~
      + reason for check: input value must fit in parameter type
      + provers reached time limit before completing the proof

 info: range check proved
--> mj-actuator_geometry.adb:38:55

 info: float overflow check proved
--> mj-actuator_geometry.adb:39:39

 info: range check proved
--> mj-actuator_geometry.adb:39:39

 info: range check proved
--> mj-actuator_geometry.adb:39:49

 info: range check proved
--> mj-actuator_geometry.adb:39:55

 info: float overflow check proved
--> mj-actuator_geometry.adb:40:39

 info: range check proved
--> mj-actuator_geometry.adb:40:39

 info: range check proved
--> mj-actuator_geometry.adb:40:49

 info: range check proved
--> mj-actuator_geometry.adb:40:55

 info: float overflow check proved
--> mj-actuator_geometry.adb:41:39

 info: range check proved
--> mj-actuator_geometry.adb:41:39

 info: range check proved
--> mj-actuator_geometry.adb:41:49

 info: range check proved
--> mj-actuator_geometry.adb:41:55

 info: initialization of "T" proved
--> mj-actuator_geometry.adb:44:07

 info: float overflow check proved
--> mj-actuator_geometry.adb:47:19

 medium: float overflow check might fail
--> mj-actuator_geometry.adb:47:25
   47 |          T := ((Q (0)*V (0)+Q (2)*V (2))-Q (3)*V (1),
      |                ~~~~~~~~~~~~^~~~~~~~~~~~
      + reason for check: result of floating-point addition must be bounded
      + provers reached time limit before completing the proof

 info: float overflow check proved
--> mj-actuator_geometry.adb:47:31

 medium: float overflow check might fail
--> mj-actuator_geometry.adb:47:38
   47 |          T := ((Q (0)*V (0)+Q (2)*V (2))-Q (3)*V (1),
      |                ~~~~~~~~~~~~~~~~~~~~~~~~~^~~~~~~~~~~
      + reason for check: result of floating-point subtraction must be bounded
      + provers reached time limit before completing the proof

 info: float overflow check proved
--> mj-actuator_geometry.adb:47:44

 info: float overflow check proved
--> mj-actuator_geometry.adb:48:19

 info: float overflow check proved
--> mj-actuator_geometry.adb:48:25

 info: float overflow check proved
--> mj-actuator_geometry.adb:48:31

 medium: float overflow check might fail
--> mj-actuator_geometry.adb:48:38
   48 |                (Q (0)*V (1)+Q (3)*V (0))-Q (1)*V (2),
      |                ~~~~~~~~~~~~~~~~~~~~~~~~~^~~~~~~~~~~
      + reason for check: result of floating-point subtraction must be bounded
      + provers reached time limit before completing the proof

 info: float overflow check proved
--> mj-actuator_geometry.adb:48:44

 info: float overflow check proved
--> mj-actuator_geometry.adb:49:19

 medium: float overflow check might fail
--> mj-actuator_geometry.adb:49:25
   49 |                (Q (0)*V (2)+Q (1)*V (1))-Q (2)*V (0));
      |                ~~~~~~~~~~~~^~~~~~~~~~~~
      + reason for check: result of floating-point addition must be bounded
      + provers reached time limit before completing the proof

 info: float overflow check proved
--> mj-actuator_geometry.adb:49:31

 info: float overflow check proved
--> mj-actuator_geometry.adb:49:38

 info: float overflow check proved
--> mj-actuator_geometry.adb:49:44

 medium: float overflow check might fail
--> mj-actuator_geometry.adb:50:20
   50 |          return (V (0)+2.0*(Q (2)*T (2)-Q (3)*T (1)),
      |                  ~~~~~^~~~~~~~~~~~~~~~~~~~~~~~~~~~~
      + reason for check: result of floating-point addition must be bounded
      + provers reached time limit before completing the proof

 medium: float overflow check might fail
--> mj-actuator_geometry.adb:50:24
   50 |          return (V (0)+2.0*(Q (2)*T (2)-Q (3)*T (1)),
      |                        ~~~^~~~~~~~~~~~~~~~~~~~~~~~~
      + reason for check: result of floating-point multiplication must be bounded
      + provers reached time limit before completing the proof

 medium: float overflow check might fail
--> mj-actuator_geometry.adb:50:31
   50 |          return (V (0)+2.0*(Q (2)*T (2)-Q (3)*T (1)),
      |                             ~~~~~^~~~~
      + reason for check: result of floating-point multiplication must be bounded
      + provers reached time limit before completing the proof

 medium: float overflow check might fail
--> mj-actuator_geometry.adb:50:37
   50 |          return (V (0)+2.0*(Q (2)*T (2)-Q (3)*T (1)),
      |                            ~~~~~~~~~~~~^~~~~~~~~~~~
      + reason for check: result of floating-point subtraction must be bounded
      + provers reached time limit before completing the proof

 medium: float overflow check might fail
--> mj-actuator_geometry.adb:50:43
   50 |          return (V (0)+2.0*(Q (2)*T (2)-Q (3)*T (1)),
      |                                         ~~~~~^~~~~
      + reason for check: result of floating-point multiplication must be bounded
      + provers reached time limit before completing the proof

 medium: float overflow check might fail
--> mj-actuator_geometry.adb:51:20
   51 |                  V (1)+2.0*(Q (3)*T (0)-Q (1)*T (2)),
      |                  ~~~~~^~~~~~~~~~~~~~~~~~~~~~~~~~~~~
      + reason for check: result of floating-point addition must be bounded
      + provers reached time limit before completing the proof

 medium: float overflow check might fail
--> mj-actuator_geometry.adb:51:24
   51 |                  V (1)+2.0*(Q (3)*T (0)-Q (1)*T (2)),
      |                        ~~~^~~~~~~~~~~~~~~~~~~~~~~~~
      + reason for check: result of floating-point multiplication must be bounded
      + provers reached time limit before completing the proof

 medium: float overflow check might fail
--> mj-actuator_geometry.adb:51:31
   51 |                  V (1)+2.0*(Q (3)*T (0)-Q (1)*T (2)),
      |                             ~~~~~^~~~~
      + reason for check: result of floating-point multiplication must be bounded
      + provers reached time limit before completing the proof

 medium: float overflow check might fail
--> mj-actuator_geometry.adb:51:37
   51 |                  V (1)+2.0*(Q (3)*T (0)-Q (1)*T (2)),
      |                            ~~~~~~~~~~~~^~~~~~~~~~~~
      + reason for check: result of floating-point subtraction must be bounded
      + provers reached time limit before completing the proof

 medium: float overflow check might fail
--> mj-actuator_geometry.adb:51:43
   51 |                  V (1)+2.0*(Q (3)*T (0)-Q (1)*T (2)),
      |                                         ~~~~~^~~~~
      + reason for check: result of floating-point multiplication must be bounded
      + provers reached time limit before completing the proof

 medium: float overflow check might fail
--> mj-actuator_geometry.adb:52:20
   52 |                  V (2)+2.0*(Q (1)*T (1)-Q (2)*T (0)));
      |                  ~~~~~^~~~~~~~~~~~~~~~~~~~~~~~~~~~~
      + reason for check: result of floating-point addition must be bounded
      + provers reached time limit before completing the proof

 medium: float overflow check might fail
--> mj-actuator_geometry.adb:52:24
   52 |                  V (2)+2.0*(Q (1)*T (1)-Q (2)*T (0)));
      |                        ~~~^~~~~~~~~~~~~~~~~~~~~~~~~
      + reason for check: result of floating-point multiplication must be bounded
      + provers reached time limit before completing the proof

 medium: float overflow check might fail
--> mj-actuator_geometry.adb:52:31
   52 |                  V (2)+2.0*(Q (1)*T (1)-Q (2)*T (0)));
      |                             ~~~~~^~~~~
      + reason for check: result of floating-point multiplication must be bounded
      + provers reached time limit before completing the proof

 medium: float overflow check might fail
--> mj-actuator_geometry.adb:52:37
   52 |                  V (2)+2.0*(Q (1)*T (1)-Q (2)*T (0)));
      |                            ~~~~~~~~~~~~^~~~~~~~~~~~
      + reason for check: result of floating-point subtraction must be bounded
      + provers reached time limit before completing the proof

 medium: float overflow check might fail
--> mj-actuator_geometry.adb:52:43
   52 |                  V (2)+2.0*(Q (1)*T (1)-Q (2)*T (0)));
      |                                         ~~~~~^~~~~
      + reason for check: result of floating-point multiplication must be bounded
      + provers reached time limit before completing the proof

 info: range check proved
--> mj-actuator_geometry.adb:56:32

 info: precondition proved
--> mj-actuator_geometry.adb:56:32

 info: float overflow check proved
--> mj-actuator_geometry.adb:56:45

 info: float overflow check proved
--> mj-actuator_geometry.adb:56:51

 info: float overflow check proved
--> mj-actuator_geometry.adb:56:57

 info: float overflow check proved
--> mj-actuator_geometry.adb:56:64

 info: float overflow check proved
--> mj-actuator_geometry.adb:56:70

 info: initialization of "Inv" proved
--> mj-actuator_geometry.adb:58:07

 info: division check proved
--> mj-actuator_geometry.adb:64:20

 info: float overflow check proved
--> mj-actuator_geometry.adb:64:20

 medium: float overflow check might fail
--> mj-actuator_geometry.adb:65:21
   65 |             A := (A (0)*Inv,A (1)*Inv,A (2)*Inv);
      |                   ~~~~~^~~~
      + reason for check: result of floating-point multiplication must be bounded
      + provers reached time limit before completing the proof

 medium: float overflow check might fail
--> mj-actuator_geometry.adb:65:31
   65 |             A := (A (0)*Inv,A (1)*Inv,A (2)*Inv);
      |                             ~~~~~^~~~
      + reason for check: result of floating-point multiplication must be bounded
      + provers reached time limit before completing the proof

 medium: float overflow check might fail
--> mj-actuator_geometry.adb:65:41
   65 |             A := (A (0)*Inv,A (1)*Inv,A (2)*Inv);
      |                                       ~~~~~^~~~
      + reason for check: result of floating-point multiplication must be bounded
      + provers reached time limit before completing the proof

 medium: float overflow check might fail
--> mj-actuator_geometry.adb:69:20
   69 |          else S := 2.0*Math.Arctan (S,Q (0)); end if;
      |                    ~~~^~~~~~~~~~~~~~~~~~~~
      + reason for check: result of floating-point multiplication must be bounded
      + provers reached time limit before completing the proof

 info: precondition proved
--> mj-actuator_geometry.adb:69:25

 medium: float overflow check might fail
--> mj-actuator_geometry.adb:70:39
   70 |          if S>Ada.Numerics.Pi then S := S-2.0*Ada.Numerics.Pi; end if;
      |                                         ~^~~~~~~~~~~~~~~~~~~~
      + reason for check: result of floating-point subtraction must be bounded
      + provers reached time limit before completing the proof

 medium: float overflow check might fail
--> mj-actuator_geometry.adb:71:20
   71 |          return (A (0)*S,A (1)*S,A (2)*S);
      |                  ~~~~~^~
      + reason for check: result of floating-point multiplication must be bounded
      + provers reached time limit before completing the proof

 medium: float overflow check might fail
--> mj-actuator_geometry.adb:71:28
   71 |          return (A (0)*S,A (1)*S,A (2)*S);
      |                          ~~~~~^~
      + reason for check: result of floating-point multiplication must be bounded
      + provers reached time limit before completing the proof

 medium: float overflow check might fail
--> mj-actuator_geometry.adb:71:36
   71 |          return (A (0)*S,A (1)*S,A (2)*S);
      |                                  ~~~~~^~
      + reason for check: result of floating-point multiplication must be bounded
      + provers reached time limit before completing the proof

 info: precondition proved
--> mj-actuator_geometry.adb:74:17

 info: precondition proved
--> mj-actuator_geometry.adb:74:22

 info: precondition proved
--> mj-actuator_geometry.adb:76:28

 info: initialization of "S" proved
--> mj-actuator_geometry.adb:77:07

 info: float overflow check proved
--> mj-actuator_geometry.adb:81:40

 medium: precondition might fail, cannot prove N >= Min_Val
--> mj-actuator_geometry.adb:81:46
   81 |          return (MJ.Trigonometry.Cosine (N*0.5),Expmap_Term (V (0),N,S),
      |                                                 ^~~~~~~~~~~~~~~~~~~~~~
      + provers reached time limit before completing the proof

 info: precondition proved
--> mj-actuator_geometry.adb:82:15

 info: precondition proved
--> mj-actuator_geometry.adb:82:39

 info: initialization of "R" proved
--> mj-actuator_geometry.adb:85:07

 info: unrolling loop [info-unrolling-inlining]
--> mj-actuator_geometry.adb:87:23

 medium: float overflow check might fail
--> mj-actuator_geometry.adb:88:45
   88 |             if Transpose then R (I) := (M (0,I)*V (0)+M (1,I)*V (1))+M (2,I)*V (2);
      |                                         ~~~~~~~^~~~~
      + reason for check: result of floating-point multiplication must be bounded
      + possible fix: precondition of subprogram at mj-actuator_geometry.ads:55 should mention M
      --> mj-actuator_geometry.ads:55:04
   55 |       function Mat_Vector (M : Matrix; V : Vector; Transpose : Boolean := False) return Vector with
      |       ^
      + provers reached time limit before completing the proof

 medium: float overflow check might fail
--> mj-actuator_geometry.adb:88:51
   88 |             if Transpose then R (I) := (M (0,I)*V (0)+M (1,I)*V (1))+M (2,I)*V (2);
      |                                        ~~~~~~~~~~~~~~^~~~~~~~~~~~~~
      + reason for check: result of floating-point addition must be bounded
      + possible fix: precondition of subprogram at mj-actuator_geometry.ads:55 should mention M
      --> mj-actuator_geometry.ads:55:04
   55 |       function Mat_Vector (M : Matrix; V : Vector; Transpose : Boolean := False) return Vector with
      |       ^
      + provers reached time limit before completing the proof

 info: float overflow check proved
--> mj-actuator_geometry.adb:88:59

 medium: float overflow check might fail
--> mj-actuator_geometry.adb:88:66
   88 |             if Transpose then R (I) := (M (0,I)*V (0)+M (1,I)*V (1))+M (2,I)*V (2);
      |                                        ~~~~~~~~~~~~~~~~~~~~~~~~~~~~~^~~~~~~~~~~~~
      + reason for check: result of floating-point addition must be bounded
      + possible fix: precondition of subprogram at mj-actuator_geometry.ads:55 should mention M
      --> mj-actuator_geometry.ads:55:04
   55 |       function Mat_Vector (M : Matrix; V : Vector; Transpose : Boolean := False) return Vector with
      |       ^
      + provers reached time limit before completing the proof

 info: float overflow check proved
--> mj-actuator_geometry.adb:88:74

 medium: float overflow check might fail
--> mj-actuator_geometry.adb:89:32
   89 |             else R (I) := (M (I,0)*V (0)+M (I,1)*V (1))+M (I,2)*V (2); end if;
      |                            ~~~~~~~^~~~~
      + reason for check: result of floating-point multiplication must be bounded
      + possible fix: precondition of subprogram at mj-actuator_geometry.ads:55 should mention M
      --> mj-actuator_geometry.ads:55:04
   55 |       function Mat_Vector (M : Matrix; V : Vector; Transpose : Boolean := False) return Vector with
      |       ^
      + provers reached time limit before completing the proof

 medium: float overflow check might fail
--> mj-actuator_geometry.adb:89:38
   89 |             else R (I) := (M (I,0)*V (0)+M (I,1)*V (1))+M (I,2)*V (2); end if;
      |                           ~~~~~~~~~~~~~~^~~~~~~~~~~~~~
      + reason for check: result of floating-point addition must be bounded
      + possible fix: precondition of subprogram at mj-actuator_geometry.ads:55 should mention M
      --> mj-actuator_geometry.ads:55:04
   55 |       function Mat_Vector (M : Matrix; V : Vector; Transpose : Boolean := False) return Vector with
      |       ^
      + provers reached time limit before completing the proof

 info: float overflow check proved
--> mj-actuator_geometry.adb:89:46

 medium: float overflow check might fail
--> mj-actuator_geometry.adb:89:53
   89 |             else R (I) := (M (I,0)*V (0)+M (I,1)*V (1))+M (I,2)*V (2); end if;
      |                           ~~~~~~~~~~~~~~~~~~~~~~~~~~~~~^~~~~~~~~~~~~
      + reason for check: result of floating-point addition must be bounded
      + possible fix: precondition of subprogram at mj-actuator_geometry.ads:55 should mention M
      --> mj-actuator_geometry.ads:55:04
   55 |       function Mat_Vector (M : Matrix; V : Vector; Transpose : Boolean := False) return Vector with
      |       ^
      + provers reached time limit before completing the proof

 info: float overflow check proved
--> mj-actuator_geometry.adb:89:61

 info: float overflow check proved
--> mj-actuator_geometry.adb:94:45

 info: float overflow check proved
--> mj-actuator_geometry.adb:94:54

 info: float overflow check proved
--> mj-actuator_geometry.adb:94:71

 info: range check proved
--> mj-actuator_geometry.adb:94:81

 info: float overflow check proved
--> mj-actuator_geometry.adb:94:81

 info: float overflow check proved
--> mj-actuator_geometry.adb:94:98

 medium: float overflow check might fail
--> mj-actuator_geometry.adb:95:30
   95 |          D : constant Real := (A*A+Rod*Rod)-((Displacement (0)*Displacement (0)+Displacement (1)*Displacement (1))+Displacement (2)*Displacement (2));
      |                                ~^~
      + reason for check: result of floating-point multiplication must be bounded
      + provers reached time limit before completing the proof

 medium: float overflow check might fail
--> mj-actuator_geometry.adb:95:32
   95 |          D : constant Real := (A*A+Rod*Rod)-((Displacement (0)*Displacement (0)+Displacement (1)*Displacement (1))+Displacement (2)*Displacement (2));
      |                               ~~~~^~~~~~~~~
      + reason for check: result of floating-point addition must be bounded
      + possible fix: precondition of subprogram at mj-actuator_geometry.ads:65 should mention Rod
      --> mj-actuator_geometry.ads:65:04
   65 |       function Slider (Axis, Displacement : Vector; Rod : Input) return Slider_Result with
      |       ^
      + provers reached time limit before completing the proof

 info: float overflow check proved
--> mj-actuator_geometry.adb:95:36

 info: range check proved
--> mj-actuator_geometry.adb:95:41

 info: float overflow check proved
--> mj-actuator_geometry.adb:95:41

 info: float overflow check proved
--> mj-actuator_geometry.adb:95:60

 info: float overflow check proved
--> mj-actuator_geometry.adb:95:77

 info: float overflow check proved
--> mj-actuator_geometry.adb:95:94

 info: float overflow check proved
--> mj-actuator_geometry.adb:95:112

 info: float overflow check proved
--> mj-actuator_geometry.adb:95:129

 info: initialization of "R" proved
--> mj-actuator_geometry.adb:96:07

 info: initialization of "Root" proved
--> mj-actuator_geometry.adb:97:07

 info: initialization of "C" proved
--> mj-actuator_geometry.adb:97:13

 info: initialization of "Inv" proved
--> mj-actuator_geometry.adb:97:16

 info: precondition proved
--> mj-actuator_geometry.adb:103:22

 medium: float overflow check might fail
--> mj-actuator_geometry.adb:104:23
  104 |             R.Length := A-Root;
      |                         ~^~~~~
      + reason for check: result of floating-point subtraction must be bounded
      + provers reached time limit before completing the proof

 info: division check proved
--> mj-actuator_geometry.adb:105:20

 medium: float overflow check might fail
--> mj-actuator_geometry.adb:105:20
  105 |             Inv := 1.0/Root; C := 1.0-A/Root;
      |                    ~~~^~~~~
      + reason for check: result of floating-point division must be bounded
      + provers reached time limit before completing the proof

 medium: float overflow check might fail
--> mj-actuator_geometry.adb:105:35
  105 |             Inv := 1.0/Root; C := 1.0-A/Root;
      |                                   ~~~^~~~~~~
      + reason for check: result of floating-point subtraction must be bounded
      + provers reached time limit before completing the proof

 medium: divide by zero might fail
--> mj-actuator_geometry.adb:105:37
  105 |             Inv := 1.0/Root; C := 1.0-A/Root;
      |                                       ~^~~~~
      + provers reached time limit before completing the proof

 medium: float overflow check might fail
--> mj-actuator_geometry.adb:105:37
  105 |             Inv := 1.0/Root; C := 1.0-A/Root;
      |                                       ~^~~~~
      + reason for check: result of floating-point division must be bounded
      + provers reached time limit before completing the proof

 info: unrolling loop [info-unrolling-inlining]
--> mj-actuator_geometry.adb:106:26

 medium: float overflow check might fail
--> mj-actuator_geometry.adb:107:33
  107 |                R.DV (K) := Axis (K)*C+Displacement (K)*Inv;
      |                            ~~~~~~~~^~
      + reason for check: result of floating-point multiplication must be bounded
      + provers reached time limit before completing the proof

 medium: float overflow check might fail
--> mj-actuator_geometry.adb:107:35
  107 |                R.DV (K) := Axis (K)*C+Displacement (K)*Inv;
      |                            ~~~~~~~~~~^~~~~~~~~~~~~~~~~~~~~
      + reason for check: result of floating-point addition must be bounded
      + provers reached time limit before completing the proof

 medium: float overflow check might fail
--> mj-actuator_geometry.adb:107:52
  107 |                R.DV (K) := Axis (K)*C+Displacement (K)*Inv;
      |                                       ~~~~~~~~~~~~~~~~^~~~
      + reason for check: result of floating-point multiplication must be bounded
      + provers reached time limit before completing the proof

 medium: float overflow check might fail
--> mj-actuator_geometry.adb:108:41
  108 |                R.DA (K) := Displacement (K)*C;
      |                            ~~~~~~~~~~~~~~~~^~
      + reason for check: result of floating-point multiplication must be bounded
      + provers reached time limit before completing the proof

 info: initialization of "R" proved
--> mj-actuator_geometry.adb:115:07

 info: unrolling loop [info-unrolling-inlining]
--> mj-actuator_geometry.adb:117:23

 info: float overflow check proved
--> mj-actuator_geometry.adb:117:40

 info: float overflow check proved
--> mj-actuator_geometry.adb:117:50

 info: float overflow check proved
--> mj-actuator_geometry.adb:117:65

 info: float overflow check proved
--> mj-actuator_geometry.adb:117:68

 info: range check proved
--> mj-actuator_geometry.adb:121:32

 info: precondition proved
--> mj-actuator_geometry.adb:121:32

 info: float overflow check proved
--> mj-actuator_geometry.adb:121:49

 info: float overflow check proved
--> mj-actuator_geometry.adb:121:59

 info: float overflow check proved
--> mj-actuator_geometry.adb:121:69

 info: float overflow check proved
--> mj-actuator_geometry.adb:121:80

 info: float overflow check proved
--> mj-actuator_geometry.adb:121:90

 medium: float overflow check might fail
--> mj-actuator_geometry.adb:124:27
  124 |             return (Force (0)*(Limit/N),Force (1)*(Limit/N),Force (2)*(Limit/N));
      |                     ~~~~~~~~~^~~~~~~~~~
      + reason for check: result of floating-point multiplication must be bounded
      + possible fix: precondition of subprogram at mj-actuator_geometry.ads:70 should mention Limit
      --> mj-actuator_geometry.ads:70:04
   70 |       function Limit_Norm (Force : Vector; Limit : Nonneg_Tier0) return Vector with Pre => Bounded (Force,1.0e40);
      |       ^
      + provers reached time limit before completing the proof

 info: division check proved
--> mj-actuator_geometry.adb:124:34

 info: float overflow check proved
--> mj-actuator_geometry.adb:124:34

 medium: float overflow check might fail
--> mj-actuator_geometry.adb:124:47
  124 |             return (Force (0)*(Limit/N),Force (1)*(Limit/N),Force (2)*(Limit/N));
      |                                         ~~~~~~~~~^~~~~~~~~~
      + reason for check: result of floating-point multiplication must be bounded
      + possible fix: precondition of subprogram at mj-actuator_geometry.ads:70 should mention Limit
      --> mj-actuator_geometry.ads:70:04
   70 |       function Limit_Norm (Force : Vector; Limit : Nonneg_Tier0) return Vector with Pre => Bounded (Force,1.0e40);
      |       ^
      + provers reached time limit before completing the proof

 info: division check proved
--> mj-actuator_geometry.adb:124:54

 info: float overflow check proved
--> mj-actuator_geometry.adb:124:54

 medium: float overflow check might fail
--> mj-actuator_geometry.adb:124:67
  124 |             return (Force (0)*(Limit/N),Force (1)*(Limit/N),Force (2)*(Limit/N));
      |                                                             ~~~~~~~~~^~~~~~~~~~
      + reason for check: result of floating-point multiplication must be bounded
      + possible fix: precondition of subprogram at mj-actuator_geometry.ads:70 should mention Limit
      --> mj-actuator_geometry.ads:70:04
   70 |       function Limit_Norm (Force : Vector; Limit : Nonneg_Tier0) return Vector with Pre => Bounded (Force,1.0e40);
      |       ^
      + provers reached time limit before completing the proof

 info: division check proved
--> mj-actuator_geometry.adb:124:74

 info: float overflow check proved
--> mj-actuator_geometry.adb:124:74

 info: implicit aspect Always_Terminates on "Expmap_Term" has been proved, subprogram will terminate
--> mj-actuator_geometry.ads:5:13

 medium: postcondition might fail, cannot prove Expmap_Term'Result in -1.0e26 .. 1.0e26
--> mj-actuator_geometry.ads:8:14
    8 |         Post => Expmap_Term'Result in -1.0e26 .. 1.0e26
      |                 ^~~~~~~~~~~~~~~~~~~~~~~~~~~~~~~~~~~~~~~
      + provers reached time limit before completing the proof

 info: division check proved
--> mj-actuator_geometry.ads:9:40

 info: float overflow check proved
--> mj-actuator_geometry.ads:9:40

 info: float overflow check proved
--> mj-actuator_geometry.ads:9:43

 info: implicit aspect Always_Terminates on "Expmap_Norm" has been proved, subprogram will terminate
--> mj-actuator_geometry.ads:10:13

 info: precondition proved
--> mj-actuator_geometry.ads:11:11

 info: float overflow check proved
--> mj-actuator_geometry.ads:11:24

 info: float overflow check proved
--> mj-actuator_geometry.ads:11:30

 info: float overflow check proved
--> mj-actuator_geometry.ads:11:36

 info: float overflow check proved
--> mj-actuator_geometry.ads:11:43

 info: float overflow check proved
--> mj-actuator_geometry.ads:11:49

 info: data dependencies proved
--> mj-actuator_geometry.ads:12:11

 info: postcondition proved
--> mj-actuator_geometry.ads:13:43

 info: implicit aspect Always_Terminates on "Expmap_Sine" has been proved, subprogram will terminate
--> mj-actuator_geometry.ads:14:13

 info: float overflow check proved
--> mj-actuator_geometry.ads:14:63

 info: data dependencies proved
--> mj-actuator_geometry.ads:15:11

 info: postcondition proved
--> mj-actuator_geometry.ads:16:16

 info: implicit aspect Always_Terminates on "Expmap" has been proved, subprogram will terminate
--> mj-actuator_geometry.ads:18:16

 info: precondition proved
--> mj-actuator_geometry.ads:19:39

 info: float overflow check proved
--> mj-actuator_geometry.ads:21:38

 medium: precondition might fail, cannot prove N >= Min_Val
--> mj-actuator_geometry.ads:22:13
   22 |                Expmap_Term (V (0),N,Expmap_Sine (N)),
      |                ^~~~~~~~~~~~~~~~~~~~~~~~~~~~~~~~~~~
      + provers reached time limit before completing the proof

 info: precondition proved
--> mj-actuator_geometry.ads:23:13

 info: precondition proved
--> mj-actuator_geometry.ads:24:13

 medium: postcondition might fail
--> mj-actuator_geometry.ads:25:49
   25 |            with Pre => Bounded (V,1.0e10), Post => Bounded (Expmap'Result,1.0e26);
      |                                                    ^~~~~~~~~~~~~~~~~~~~~~~~~~~~~
      + provers reached time limit before completing the proof

 info: implicit aspect Always_Terminates on "Norm4" has been proved, subprogram will terminate
--> mj-actuator_geometry.ads:26:16

 info: precondition proved
--> mj-actuator_geometry.ads:27:14

 info: float overflow check proved
--> mj-actuator_geometry.ads:27:28

 info: float overflow check proved
--> mj-actuator_geometry.ads:27:34

 info: float overflow check proved
--> mj-actuator_geometry.ads:27:40

 info: float overflow check proved
--> mj-actuator_geometry.ads:27:47

 info: float overflow check proved
--> mj-actuator_geometry.ads:27:53

 medium: float overflow check might fail
--> mj-actuator_geometry.ads:27:60
   27 |            (Math.Sqrt (((Q (0)*Q (0)+Q (1)*Q (1))+Q (2)*Q (2))+Q (3)*Q (3)))
      |                        ~~~~~~~~~~~~~~~~~~~~~~~~~~~~~~~~~~~~~~~^~~~~~~~~~~
      + reason for check: result of floating-point addition must be bounded
      + provers reached time limit before completing the proof

 info: float overflow check proved
--> mj-actuator_geometry.ads:27:66

 info: implicit aspect Always_Terminates on "Normalized" has been proved, subprogram will terminate
--> mj-actuator_geometry.ads:29:16

 info: precondition proved
--> mj-actuator_geometry.ads:30:39

 info: float overflow check proved
--> mj-actuator_geometry.ads:31:56

 medium: float overflow check might fail
--> mj-actuator_geometry.ads:32:21
   32 |             else (Q (0)*(1.0/N),Q (1)*(1.0/N),Q (2)*(1.0/N),Q (3)*(1.0/N))))
      |                   ~~~~~^~~~~~~~
      + reason for check: result of floating-point multiplication must be bounded
      + provers reached time limit before completing the proof

 info: division check proved
--> mj-actuator_geometry.ads:32:26

 info: float overflow check proved
--> mj-actuator_geometry.ads:32:26

 info: float overflow check proved
--> mj-actuator_geometry.ads:32:35

 info: division check proved
--> mj-actuator_geometry.ads:32:40

 info: float overflow check proved
--> mj-actuator_geometry.ads:32:40

 info: float overflow check proved
--> mj-actuator_geometry.ads:32:49

 info: division check proved
--> mj-actuator_geometry.ads:32:54

 info: float overflow check proved
--> mj-actuator_geometry.ads:32:54

 info: float overflow check proved
--> mj-actuator_geometry.ads:32:63

 info: division check proved
--> mj-actuator_geometry.ads:32:68

 info: float overflow check proved
--> mj-actuator_geometry.ads:32:68

 info: implicit aspect Always_Terminates on "Normalize" has been proved, subprogram will terminate
--> mj-actuator_geometry.ads:35:13

 medium: postcondition might fail
--> mj-actuator_geometry.ads:36:41
   36 |         Pre => Bounded (Q,1.0e10), Post => Bounded (Normalize'Result,1.0e26);
      |                                            ^~~~~~~~~~~~~~~~~~~~~~~~~~~~~~~~
      + provers reached time limit before completing the proof

 info: precondition proved
--> mj-actuator_geometry.ads:37:58

 info: implicit aspect Always_Terminates on "Conjugate" has been proved, subprogram will terminate
--> mj-actuator_geometry.ads:38:13

 info: implicit aspect Always_Terminates on "Multiply" has been proved, subprogram will terminate
--> mj-actuator_geometry.ads:39:13

 medium: postcondition might fail, cannot prove Bounded (Multiply'Result,1.0e53)
--> mj-actuator_geometry.ads:41:14
   41 |         Post => Bounded (Multiply'Result,1.0e53)
      |                 ^~~~~~~~~~~~~~~~~~~~~~~~~~~~~~~
      + provers reached time limit before completing the proof

 info: float overflow check proved
--> mj-actuator_geometry.ads:42:41

 info: float overflow check proved
--> mj-actuator_geometry.ads:42:47

 info: float overflow check proved
--> mj-actuator_geometry.ads:42:53

 medium: float overflow check might fail
--> mj-actuator_geometry.ads:42:60
   42 |           and then Multiply'Result=(((A (0)*B (0)-A (1)*B (1))-A (2)*B (2))-A (3)*B (3),
      |                                     ~~~~~~~~~~~~~~~~~~~~~~~~~~^~~~~~~~~~~~
      + reason for check: result of floating-point subtraction must be bounded
      + provers reached time limit before completing the proof

 info: float overflow check proved
--> mj-actuator_geometry.ads:42:66

 medium: float overflow check might fail
--> mj-actuator_geometry.ads:42:73
   42 |           and then Multiply'Result=(((A (0)*B (0)-A (1)*B (1))-A (2)*B (2))-A (3)*B (3),
      |                                     ~~~~~~~~~~~~~~~~~~~~~~~~~~~~~~~~~~~~~~~^~~~~~~~~~~
      + reason for check: result of floating-point subtraction must be bounded
      + provers reached time limit before completing the proof

 info: float overflow check proved
--> mj-actuator_geometry.ads:42:79

 info: float overflow check proved
--> mj-actuator_geometry.ads:43:17

 info: float overflow check proved
--> mj-actuator_geometry.ads:43:23

 info: float overflow check proved
--> mj-actuator_geometry.ads:43:29

 medium: float overflow check might fail
--> mj-actuator_geometry.ads:43:36
   43 |             ((A (0)*B (1)+A (1)*B (0))+A (2)*B (3))-A (3)*B (2),
      |             ~~~~~~~~~~~~~~~~~~~~~~~~~~^~~~~~~~~~~~
      + reason for check: result of floating-point addition must be bounded
      + provers reached time limit before completing the proof

 info: float overflow check proved
--> mj-actuator_geometry.ads:43:42

 medium: float overflow check might fail
--> mj-actuator_geometry.ads:43:49
   43 |             ((A (0)*B (1)+A (1)*B (0))+A (2)*B (3))-A (3)*B (2),
      |             ~~~~~~~~~~~~~~~~~~~~~~~~~~~~~~~~~~~~~~~^~~~~~~~~~~
      + reason for check: result of floating-point subtraction must be bounded
      + provers reached time limit before completing the proof

 info: float overflow check proved
--> mj-actuator_geometry.ads:43:55

 info: float overflow check proved
--> mj-actuator_geometry.ads:44:17

 info: float overflow check proved
--> mj-actuator_geometry.ads:44:23

 info: float overflow check proved
--> mj-actuator_geometry.ads:44:29

 medium: float overflow check might fail
--> mj-actuator_geometry.ads:44:36
   44 |             ((A (0)*B (2)-A (1)*B (3))+A (2)*B (0))+A (3)*B (1),
      |             ~~~~~~~~~~~~~~~~~~~~~~~~~~^~~~~~~~~~~~
      + reason for check: result of floating-point addition must be bounded
      + provers reached time limit before completing the proof

 info: float overflow check proved
--> mj-actuator_geometry.ads:44:42

 medium: float overflow check might fail
--> mj-actuator_geometry.ads:44:49
   44 |             ((A (0)*B (2)-A (1)*B (3))+A (2)*B (0))+A (3)*B (1),
      |             ~~~~~~~~~~~~~~~~~~~~~~~~~~~~~~~~~~~~~~~^~~~~~~~~~~
      + reason for check: result of floating-point addition must be bounded
      + provers reached time limit before completing the proof

 info: float overflow check proved
--> mj-actuator_geometry.ads:44:55

 info: float overflow check proved
--> mj-actuator_geometry.ads:45:17

 info: float overflow check proved
--> mj-actuator_geometry.ads:45:23

 info: float overflow check proved
--> mj-actuator_geometry.ads:45:29

 medium: float overflow check might fail
--> mj-actuator_geometry.ads:45:36
   45 |             ((A (0)*B (3)+A (1)*B (2))-A (2)*B (1))+A (3)*B (0));
      |             ~~~~~~~~~~~~~~~~~~~~~~~~~~^~~~~~~~~~~~
      + reason for check: result of floating-point subtraction must be bounded
      + provers reached time limit before completing the proof

 info: float overflow check proved
--> mj-actuator_geometry.ads:45:42

 medium: float overflow check might fail
--> mj-actuator_geometry.ads:45:49
   45 |             ((A (0)*B (3)+A (1)*B (2))-A (2)*B (1))+A (3)*B (0));
      |             ~~~~~~~~~~~~~~~~~~~~~~~~~~~~~~~~~~~~~~~^~~~~~~~~~~
      + reason for check: result of floating-point addition must be bounded
      + provers reached time limit before completing the proof

 info: float overflow check proved
--> mj-actuator_geometry.ads:45:55

 info: implicit aspect Always_Terminates on "Rotate" has been proved, subprogram will terminate
--> mj-actuator_geometry.ads:46:13

 medium: postcondition might fail
--> mj-actuator_geometry.ads:48:14
   48 |         Post => Bounded (Rotate'Result,1.0e64);
      |                 ^~~~~~~~~~~~~~~~~~~~~~~~~~~~~
      + provers reached time limit before completing the proof

 info: implicit aspect Always_Terminates on "Log" has been proved, subprogram will terminate
--> mj-actuator_geometry.ads:49:13

 info: implicit aspect Always_Terminates on "Difference" has been proved, subprogram will terminate
--> mj-actuator_geometry.ads:50:13

 info: implicit aspect Always_Terminates on "Expmap" has been proved, subprogram will terminate
--> mj-actuator_geometry.ads:52:13

 medium: postcondition might fail
--> mj-actuator_geometry.ads:53:41
   53 |         Pre => Bounded (V,1.0e10), Post => Bounded (Expmap'Result,1.0e26);
      |                                            ^~~~~~~~~~~~~~~~~~~~~~~~~~~~~
      + provers reached time limit before completing the proof

 info: precondition proved
--> mj-actuator_geometry.ads:54:57

 info: implicit aspect Always_Terminates on "Mat_Vector" has been proved, subprogram will terminate
--> mj-actuator_geometry.ads:55:13

 medium: postcondition might fail, cannot prove Bounded (Mat_Vector'Result,1.0e21)
--> mj-actuator_geometry.ads:56:41
   56 |         Pre => Bounded (V,1.0e10), Post => Bounded (Mat_Vector'Result,1.0e21)
      |                                            ^~~~~~~~~~~~~~~~~~~~~~~~~~~~~~~~~
      + provers reached time limit before completing the proof

 medium: float overflow check might fail
--> mj-actuator_geometry.ads:58:37
   58 |             (if Transpose then (M (0,I)*V (0)+M (1,I)*V (1))+M (2,I)*V (2)
      |                                 ~~~~~~~^~~~~
      + reason for check: result of floating-point multiplication must be bounded
      + possible fix: precondition of subprogram at line 55 should mention M
   55 |       function Mat_Vector (M : Matrix; V : Vector; Transpose : Boolean := False) return Vector with
      |       ^
      + provers reached time limit before completing the proof

 medium: float overflow check might fail
--> mj-actuator_geometry.ads:58:43
   58 |             (if Transpose then (M (0,I)*V (0)+M (1,I)*V (1))+M (2,I)*V (2)
      |                                ~~~~~~~~~~~~~~^~~~~~~~~~~~~~
      + reason for check: result of floating-point addition must be bounded
      + possible fix: precondition of subprogram at line 55 should mention M
   55 |       function Mat_Vector (M : Matrix; V : Vector; Transpose : Boolean := False) return Vector with
      |       ^
      + provers reached time limit before completing the proof

 medium: float overflow check might fail
--> mj-actuator_geometry.ads:58:51
   58 |             (if Transpose then (M (0,I)*V (0)+M (1,I)*V (1))+M (2,I)*V (2)
      |                                               ~~~~~~~^~~~~
      + reason for check: result of floating-point multiplication must be bounded
      + possible fix: precondition of subprogram at line 55 should mention M
   55 |       function Mat_Vector (M : Matrix; V : Vector; Transpose : Boolean := False) return Vector with
      |       ^
      + provers reached time limit before completing the proof

 medium: float overflow check might fail
--> mj-actuator_geometry.ads:58:58
   58 |             (if Transpose then (M (0,I)*V (0)+M (1,I)*V (1))+M (2,I)*V (2)
      |                                ~~~~~~~~~~~~~~~~~~~~~~~~~~~~~^~~~~~~~~~~~~
      + reason for check: result of floating-point addition must be bounded
      + possible fix: precondition of subprogram at line 55 should mention M
   55 |       function Mat_Vector (M : Matrix; V : Vector; Transpose : Boolean := False) return Vector with
      |       ^
      + provers reached time limit before completing the proof

 medium: float overflow check might fail
--> mj-actuator_geometry.ads:58:66
   58 |             (if Transpose then (M (0,I)*V (0)+M (1,I)*V (1))+M (2,I)*V (2)
      |                                                              ~~~~~~~^~~~~
      + reason for check: result of floating-point multiplication must be bounded
      + possible fix: precondition of subprogram at line 55 should mention M
   55 |       function Mat_Vector (M : Matrix; V : Vector; Transpose : Boolean := False) return Vector with
      |       ^
      + provers reached time limit before completing the proof

 medium: float overflow check might fail
--> mj-actuator_geometry.ads:59:24
   59 |              else (M (I,0)*V (0)+M (I,1)*V (1))+M (I,2)*V (2)));
      |                    ~~~~~~~^~~~~
      + reason for check: result of floating-point multiplication must be bounded
      + possible fix: precondition of subprogram at line 55 should mention M
   55 |       function Mat_Vector (M : Matrix; V : Vector; Transpose : Boolean := False) return Vector with
      |       ^
      + provers reached time limit before completing the proof

 medium: float overflow check might fail
--> mj-actuator_geometry.ads:59:30
   59 |              else (M (I,0)*V (0)+M (I,1)*V (1))+M (I,2)*V (2)));
      |                   ~~~~~~~~~~~~~~^~~~~~~~~~~~~~
      + reason for check: result of floating-point addition must be bounded
      + possible fix: precondition of subprogram at line 55 should mention M
   55 |       function Mat_Vector (M : Matrix; V : Vector; Transpose : Boolean := False) return Vector with
      |       ^
      + provers reached time limit before completing the proof

 medium: float overflow check might fail
--> mj-actuator_geometry.ads:59:38
   59 |              else (M (I,0)*V (0)+M (I,1)*V (1))+M (I,2)*V (2)));
      |                                  ~~~~~~~^~~~~
      + reason for check: result of floating-point multiplication must be bounded
      + possible fix: precondition of subprogram at line 55 should mention M
   55 |       function Mat_Vector (M : Matrix; V : Vector; Transpose : Boolean := False) return Vector with
      |       ^
      + provers reached time limit before completing the proof

 medium: float overflow check might fail
--> mj-actuator_geometry.ads:59:45
   59 |              else (M (I,0)*V (0)+M (I,1)*V (1))+M (I,2)*V (2)));
      |                   ~~~~~~~~~~~~~~~~~~~~~~~~~~~~~^~~~~~~~~~~~~
      + reason for check: result of floating-point addition must be bounded
      + possible fix: precondition of subprogram at line 55 should mention M
   55 |       function Mat_Vector (M : Matrix; V : Vector; Transpose : Boolean := False) return Vector with
      |       ^
      + provers reached time limit before completing the proof

 medium: float overflow check might fail
--> mj-actuator_geometry.ads:59:53
   59 |              else (M (I,0)*V (0)+M (I,1)*V (1))+M (I,2)*V (2)));
      |                                                 ~~~~~~~^~~~~
      + reason for check: result of floating-point multiplication must be bounded
      + possible fix: precondition of subprogram at line 55 should mention M
   55 |       function Mat_Vector (M : Matrix; V : Vector; Transpose : Boolean := False) return Vector with
      |       ^
      + provers reached time limit before completing the proof

 info: implicit aspect Always_Terminates on "Slider" has been proved, subprogram will terminate
--> mj-actuator_geometry.ads:65:13

 info: implicit aspect Always_Terminates on "SO3_Force" has been proved, subprogram will terminate
--> mj-actuator_geometry.ads:67:13

 medium: postcondition might fail, cannot prove SO3_Force'Result (K)=(KP*Error (K)+Constant_Bias)+KV*Speed (K)
--> mj-actuator_geometry.ads:69:38
   69 |         Post => (for all K in 0 .. 2 => SO3_Force'Result (K)=(KP*Error (K)+Constant_Bias)+KV*Speed (K));
      |                                         ^~~~~~~~~~~~~~~~~~~~~~~~~~~~~~~~~~~~~~~~~~~~~~~~~~~~~~~~~~~~~
      + provers reached time limit before completing the proof

 medium: float overflow check might fail
--> mj-actuator_geometry.ads:69:62
   69 |         Post => (for all K in 0 .. 2 => SO3_Force'Result (K)=(KP*Error (K)+Constant_Bias)+KV*Speed (K));
      |                                                               ~~^~~~~~~~~
      + reason for check: result of floating-point multiplication must be bounded
      + possible fix: precondition of subprogram at line 67 should mention KP
   67 |       function SO3_Force (Error, Speed : Vector; KP, Constant_Bias, KV : Input) return Vector with
      |       ^
      + provers reached time limit before completing the proof

 info: float overflow check proved
--> mj-actuator_geometry.ads:69:72

 medium: float overflow check might fail
--> mj-actuator_geometry.ads:69:87
   69 |         Post => (for all K in 0 .. 2 => SO3_Force'Result (K)=(KP*Error (K)+Constant_Bias)+KV*Speed (K));
      |                                                              ~~~~~~~~~~~~~~~~~~~~~~~~~~~~^~~~~~~~~~~~
      + reason for check: result of floating-point addition must be bounded
      + possible fix: precondition of subprogram at line 67 should mention Constant_Bias and KP and KV
   67 |       function SO3_Force (Error, Speed : Vector; KP, Constant_Bias, KV : Input) return Vector with
      |       ^
      + provers reached time limit before completing the proof

 info: float overflow check proved
--> mj-actuator_geometry.ads:69:90

 info: implicit aspect Always_Terminates on "Limit_Norm" has been proved, subprogram will terminate
--> mj-actuator_geometry.ads:70:13
gnatprove: unproved check messages considered as errors
