Setup
   [mkdir]        object directory for project Rigid
   [mkdir]        exec directory for project Rigid
Compile
   [Ada]          scene_bench.adb
   [Ada]          mj.ads
   [Ada]          mj-collision_scene.adb
   [Ada]          mj-contact_geometry.adb
   [Ada]          mj-contact_incidence.adb
   [Ada]          mj-convex_assets.adb
   [Ada]          mj-full_contacts.adb
   [Ada]          mj-heightfield_contacts.adb
   [Ada]          mj-rigid_geometry.ads
   [Ada]          mj-types.ads
   [Ada]          mj-collision_contacts.adb
   [Ada]          mj-contact_parameters.adb
   [Ada]          mj-convex_contacts.adb
   [Ada]          mj-rigid_detector.adb
   [Ada]          mj-rigid_math.adb
   [Ada]          mj-advanced_contacts.adb
   [Ada]          mj-rigid_narrowphase.adb
   [Ada]          mj-rigid_support.adb
   [Ada]          mj-contact_features.adb
   [Ada]          mj-contact_inflation.adb
   [Ada]          mj-rigid_simplex.adb
   [Ada]          mj-rigid_ccd.adb
   [Ada]          mj-rigid_primitives.adb
   [Ada]          mj-contact_perturbations.adb
   [Ada]          mj-primitive_contacts.adb
Bind
   [gprbind]      scene_bench.bexch
   [Ada]          scene_bench.ali
Link
   [link]         scene_bench.adb
guarded: elapsed 3.9 s, peak group RSS 220 MB
