engine.gpr:1:25: warning: file name does not match project name, should be "sleeping_engine.gpr"
Setup
   [mkdir]        object directory for project Sleeping_Engine
   [mkdir]        exec directory for project Sleeping_Engine
Compile
   [Ada]          sleeping_probe.adb
   [Ada]          sleep_probe.adb
   [Ada]          mj.ads
   [Ada]          mj-data.adb
   [Ada]          mj-data-sleeping.adb
   [Ada]          mj-external_forces.adb
   [Ada]          mj-fields.ads
   [Ada]          mj-mjb.adb
   [Ada]          mj-models.adb
   [Ada]          mj-types.ads
   [Ada]          mj-sleep_manager.adb
   [Ada]          mj-data-fluid_phase.adb
   [Ada]          mj-manifold_math.adb
   [Ada]          mj-mocap_kernels.adb
   [Ada]          mj-models-validity.ads
   [Ada]          mj-simple_kernels.adb
   [Ada]          mj-activation.adb
   [Ada]          mj-ancestor_rows.adb
   [Ada]          mj-bounds_kernels.adb
   [Ada]          mj-fluid_kernels.adb
   [Ada]          mj-smooth_actuation.adb
   [Ada]          mj-smooth_kernels.adb
   [Ada]          mj-smooth_math.adb
   [Ada]          mj-smooth_topology.adb
   [Ada]          mj-spatial_tendon_models.adb
   [Ada]          mj-data-euler.adb
   [Ada]          mj-data-forward.adb
   [Ada]          mj-data-kinematics.adb
   [Ada]          mj-smooth_dynamics.adb
   [Ada]          mj-bytes.adb
   [Ada]          mj-fixed.ads
   [Ada]          mj-mjb-readers.adb
   [Ada]          mj-file_io.adb
   [Ada]          mj-validation.adb
   [Ada]          mj-sleep_bytes.ads
   [Ada]          mj-sleep_cycles.adb
   [Ada]          mj-sleep_kernels.adb
   [Ada]          mj-data-fluid_tree.adb
   [Ada]          mj-fluid_metadata.adb
   [Ada]          mj-spatial_kernels.adb
   [Ada]          mj-spatial_dynamics.adb
   [Ada]          mj-models-gen_clauses.ads
   [Ada]          mj-fluid_added_mass.adb
   [Ada]          mj-fluid_lift.adb
   [Ada]          mj-fluid_projection.adb
   [Ada]          mj-fluid_box.adb
   [Ada]          mj-fluid_geometry.adb
   [Ada]          mj-muscle_actuation.adb
   [Ada]          mj-tendon_geometry.adb
   [Ada]          mj-tendon_vectors.adb
   [Ada]          mj-spatial_tendons.adb
   [Ada]          mj-tendon_kernels.adb
   [Ada]          mj-data-boundary.adb
   [Ada]          mj-data-inertia_phase.adb
   [Ada]          mj-data-pipeline.adb
   [Ada]          mj-data-jacobians.adb
   [Ada]          mj-fluid_transport.adb
   [Ada]          mj-muscle_kernels.adb
   [Ada]          mj-data-external_loads.adb
   [Ada]          mj-data-mass_publication.adb
   [Ada]          mj-data-spatial.adb
   [Ada]          mj-solver_kernels.adb
   [Ada]          mj-solver_reductions.adb
   [Ada]          mj-spatial_storage.adb
   [Ada]          mj-data-actuation_phase.adb
   [Ada]          mj-data-forces_phase.adb
   [Ada]          mj-pose_arithmetic.adb
mj-pose_arithmetic.adb:105:43: warning: value conversion implemented by copy [enabled by default]
mj-pose_arithmetic.adb:105:43: warning: use pair of types with same root type [enabled by default]
mj-pose_arithmetic.adb:105:43: warning: to avoid new object in RM 4.6(58.5/5) [enabled by default]
mj-pose_arithmetic.adb:105:72: warning: value conversion implemented by copy [enabled by default]
mj-pose_arithmetic.adb:105:72: warning: use pair of types with same root type [enabled by default]
mj-pose_arithmetic.adb:105:72: warning: to avoid new object in RM 4.6(58.5/5) [enabled by default]
   [Ada]          mj-data-manifold_actuation.adb
   [Ada]          mj-data-spatial_tendon_phase.adb
   [Ada]          mj-fused_rne.adb
   [Ada]          mj-quaternions.adb
   [Ada]          mj-rotations.adb
   [Ada]          mj-blas.adb
   [Ada]          mj-matrix_types.adb
   [Ada]          mj-quaternion_math.ads
   [Ada]          mj-matrices.adb
   [Ada]          mj-vector_models.adb
   [Ada]          mj-matrix_models.adb
Bind
   [gprbind]      sleeping_probe.bexch
   [Ada]          sleeping_probe.ali
   [gprbind]      sleep_probe.bexch
   [Ada]          sleep_probe.ali
Link
   [link]         sleeping_probe.adb
lto-wrapper: warning: using serial compilation of 19 LTRANS jobs
lto-wrapper: note: see the '-flto' option documentation for more information
   [link]         sleep_probe.adb
guarded: elapsed 32.7 s, peak group RSS 421 MB
