counts 2.00000000000000000E+00 1.30000000000000000E+01
free 1.18557834549867805E-01 3.45991928199888277E-01 5.27512433902981373E-02 -9.80992030229005252E+00
acc -1.76551562387063221E+01 -1.59186545571015472E+01 2.58485208539204514E+01 5.53139567555033906E+01
qfrc -2.46093750000000000E-01 0.00000000000000000E+00 1.05224609375000000E-01 2.72790749248851114E+02
aref -1.77432791511897427E+01 -1.59161762038581553E+01 2.09026750596866755E+01 1.65849737925539849E+01 1.13943361624055512E+01 1.13582054873826888E+01 1.49575839863015414E+01 1.16462968034794550E+01 1.46694926702047752E+01 5.87415605304441186E+01 5.87415605304441186E+01 5.87415605304441186E+01 5.87415605304441186E+01
reg 2.77777777777777608E+01 2.77777777777777608E+01 2.77777777777777608E+01 2.65258238486492139E-02 1.31578947368421133E+01 2.00000000000000016E-15 2.00000000000000016E-15 2.00000000000000016E-15 2.00000000000000016E-15 5.02594557132301500E-02 5.02594557132301500E-02 5.02594557132301500E-02 5.02594557132301500E-02
force -2.00000000000000004E-03 8.92207167620996677E-05 -2.00000000000000004E-03 -2.00000000000000004E-03 1.33818646039723876E-01 6.57894736842105600E+15 6.57894736842105800E+15 6.57894736842105600E+15 6.57894736842105800E+15 6.81981873122127809E+01 6.81981873122127809E+01 6.81981873122127809E+01 6.81981873122127809E+01
jac 1.00000000000000000E+00 0.00000000000000000E+00 0.00000000000000000E+00 0.00000000000000000E+00
jac 0.00000000000000000E+00 1.00000000000000000E+00 0.00000000000000000E+00 0.00000000000000000E+00
jac 0.00000000000000000E+00 0.00000000000000000E+00 1.00000000000000000E+00 0.00000000000000000E+00
jac 0.00000000000000000E+00 0.00000000000000000E+00 0.00000000000000000E+00 1.00000000000000000E+00
jac 2.46191380051002072E-02 6.29098932434079550E-01 7.76935281252040588E-01 0.00000000000000000E+00
jac 9.74609568133481402E-02 2.14479336669383446E-03 -1.73544185753233041E-03 0.00000000000000000E+00
jac -9.74609568133481402E-02 -2.14479336669383446E-03 1.73544185753233041E-03 0.00000000000000000E+00
jac -2.14358324136766686E-03 9.74763944509689229E-02 8.70386491274321338E-05 0.00000000000000000E+00
jac 2.14358324136766686E-03 -9.74763944509689229E-02 -8.70386491274321338E-05 0.00000000000000000E+00
jac 0.00000000000000000E+00 0.00000000000000000E+00 0.00000000000000000E+00 1.00000000000000000E+00
jac 0.00000000000000000E+00 0.00000000000000000E+00 0.00000000000000000E+00 1.00000000000000000E+00
jac 0.00000000000000000E+00 0.00000000000000000E+00 0.00000000000000000E+00 1.00000000000000000E+00
jac 0.00000000000000000E+00 0.00000000000000000E+00 0.00000000000000000E+00 1.00000000000000000E+00
state 9.99908249821870099E-01 4.31464622729409706E-04 -8.23545714309019579E-03 -1.07463027170974033E-02 -2.92728145607985325E-04 1.45914615881849387E-03 7.20908048978721066E-04 4.17146910249458144E-02 1.78906711922939360E-01 1.75000000000000044E-01
