dim1_plane PASS
dim1_sphere PASS
dim1_capsule PASS
dim1_ellipsoid PASS
dim1_cylinder PASS
dim1_box PASS
dim2_plane PASS
dim2_sphere PASS
dim2_capsule PASS
dim2_ellipsoid PASS
dim2_cylinder PASS
dim2_box PASS
dim3_plane PASS
dim3_sphere PASS
dim3_capsule PASS
dim3_ellipsoid PASS
dim3_cylinder PASS
dim3_box PASS
offset PASS
pinned PASS
gap PASS
masked PASS
cross PASS
filter72 PASS
tetra_internal PASS
self_narrow PASS
self_bvh PASS
self_sap PASS
self_auto PASS
condim1 PASS
condim4 PASS
condim6 PASS
disabled_midphase PASS
disabled_contact PASS
masked_self PASS
rigid_world PASS
rigid_body PASS
shared_body PASS
cross_rigid PASS
RESULT 312 312 failures 0
guarded: elapsed 0.8 s, peak group RSS 65 MB
