Setup
   [mkdir]        object directory for project Candidate
   [mkdir]        exec directory for project Candidate
Compile
   [Ada]          adhesion_probe.adb
   [Ada]          adhesive_probe.adb
   [Ada]          mj.ads
   [Ada]          mj-adhesion.adb
   [Ada]          mj-types.ads
   [Ada]          mj-activation.adb
   [Ada]          mj-adhesive_slider.adb
   [Ada]          mj-contact_slider.adb
   [Ada]          mj-collision.adb
   [Ada]          mj-contact_rows.adb
Bind
   [gprbind]      adhesion_probe.bexch
   [gprbind]      adhesive_probe.bexch
   [Ada]          adhesion_probe.ali
   [Ada]          adhesive_probe.ali
Link
   [link]         adhesion_probe.adb
   [link]         adhesive_probe.adb
