Phase 1 of 3: generation of data representation information ...
Phase 2 of 3: generation of Global contracts ...
Phase 3 of 3: flow analysis and proof ...
Success: all checks proved (9 checks).
Summary logged in /var/tmp/sparkling-actuators-20260930/final-small-rank_bounds/build/validation/obj/gnatprove/gnatprove.out
guarded: elapsed 2.8 s, peak group RSS 168 MB
 info: precondition proved
--> mj-transmissions.adb:46:19

 info: subprogram variant proved
--> mj-transmissions.adb:46:19

 info: range check proved
--> mj-transmissions.adb:46:35

 info: range check proved
--> mj-transmissions.ads:57:63

 info: postcondition proved
--> mj-transmissions.ads:58:14

 info: index check proved
--> mj-transmissions.ads:59:15

 info: precondition proved
--> mj-transmissions.ads:59:28

 info: range check proved
--> mj-transmissions.ads:59:40

 info: precondition proved
--> mj-transmissions.ads:59:43
