Phase 1 of 3: generation of data representation information ...
Phase 2 of 3: generation of Global contracts ...
Phase 3 of 3: flow analysis and proof ...
 info: overflow check proved
--> mj-convex_assets.adb:34:15

 info: overflow check proved
--> mj-convex_assets.adb:34:32

 info: implicit aspect Always_Terminates on "Encode_Neighbour" has been proved, subprogram will terminate
--> mj-convex_assets.ads:13:13

 info: data dependencies proved
--> mj-convex_assets.ads:14:11

 info: postcondition proved
--> mj-convex_assets.ads:16:16

 info: overflow check proved
--> mj-convex_assets.ads:16:50

 info: overflow check proved
--> mj-convex_assets.ads:16:67
Success: all checks proved (7 checks).
Summary logged in /var/tmp/sparkling-meshmesh-proof3-20261001/Encode_Neighbour/validation/obj/gnatprove/gnatprove.out
guarded: elapsed 2.9 s, peak group RSS 112 MB
