Phase 1 of 3: generation of data representation information ...
Phase 2 of 3: generation of Global contracts ...
Phase 3 of 3: flow analysis and proof ...
Success: all checks proved (36 checks).
Summary logged in /var/tmp/sparkling-actuation-20260930/proofs/active-column-3/mj-adhesion-obj/gnatprove/gnatprove.out
guarded: elapsed 24.9 s, peak group RSS 223 MB
 info: precondition proved
--> mj-adhesion.adb:34:10

 info: range check proved
--> mj-adhesion.adb:34:33

 info: assertion proved
--> mj-adhesion.adb:35:35

 info: precondition proved
--> mj-adhesion.adb:35:39

 info: range check proved
--> mj-adhesion.adb:35:59

 info: precondition proved
--> mj-adhesion.adb:36:35

 info: assertion proved
--> mj-adhesion.adb:36:35

 info: overflow check proved
--> mj-adhesion.adb:36:56

 info: range check proved
--> mj-adhesion.adb:36:56

 info: precondition proved
--> mj-adhesion.adb:36:62

 info: index check proved
--> mj-adhesion.adb:36:71

 info: index check proved
--> mj-adhesion.adb:36:73

 info: float overflow check proved
--> mj-adhesion.adb:36:77

 info: range check proved
--> mj-adhesion.adb:36:77

 info: range check proved
--> mj-adhesion.adb:36:83

 info: precondition proved
--> mj-adhesion.adb:37:15

 info: index check proved
--> mj-adhesion.adb:37:24

 info: index check proved
--> mj-adhesion.adb:37:26

 info: float overflow check proved
--> mj-adhesion.adb:37:30

 info: range check proved
--> mj-adhesion.adb:37:30

 info: range check proved
--> mj-adhesion.adb:37:36

 info: loop invariant initialization proved
--> mj-adhesion.adb:38:43

 info: loop invariant preservation proved
--> mj-adhesion.adb:38:43

 info: precondition proved
--> mj-adhesion.adb:38:47

 info: overflow check proved
--> mj-adhesion.adb:38:68

 info: range check proved
--> mj-adhesion.adb:38:68

 info: loop invariant initialization proved
--> mj-adhesion.adb:39:33

 info: loop invariant preservation proved
--> mj-adhesion.adb:39:33

 info: range check proved
--> mj-adhesion.adb:39:48

 info: overflow check proved
--> mj-adhesion.adb:39:48

 info: float overflow check proved
--> mj-adhesion.adb:39:51

 info: implicit aspect Always_Terminates on "Active_Column" has been proved, subprogram will terminate
--> mj-adhesion.ads:101:13

 info: data dependencies proved
--> mj-adhesion.ads:102:21

 info: postcondition proved
--> mj-adhesion.ads:105:25

 info: precondition proved
--> mj-adhesion.ads:105:48

 info: range check proved
--> mj-adhesion.ads:105:69
