Phase 1 of 3: generation of data representation information ...
Phase 2 of 3: generation of Global contracts ...
Phase 3 of 3: flow analysis and proof ...
Success: all checks proved (20 checks).
Summary logged in /var/tmp/constraint-cholesky-20261002-small/build/validation/obj/gnatprove/gnatprove.out
guarded: elapsed 6.4 s, peak group RSS 197 MB
 info: data dependencies proved
--> mj-constraint_solvers-cholesky.adb:128:28

 info: range check proved
--> mj-constraint_solvers-cholesky.adb:132:49

 info: overflow check proved
--> mj-constraint_solvers-cholesky.adb:132:57

 info: range check proved
--> mj-constraint_solvers-cholesky.adb:133:27

 info: overflow check proved
--> mj-constraint_solvers-cholesky.adb:133:35

 info: precondition proved
--> mj-constraint_solvers-cholesky.adb:134:14

 info: postcondition proved
--> mj-constraint_solvers-cholesky.adb:134:14

 info: precondition proved
--> mj-constraint_solvers-cholesky.adb:136:17

 info: range check proved
--> mj-constraint_solvers-cholesky.adb:136:62

 info: range check proved
--> mj-constraint_solvers-cholesky.adb:137:31

 info: overflow check proved
--> mj-constraint_solvers-cholesky.adb:137:40

 info: index check proved
--> mj-constraint_solvers-cholesky.adb:137:48

 info: index check proved
--> mj-constraint_solvers-cholesky.adb:137:53

 info: range check proved
--> mj-constraint_solvers-cholesky.adb:138:17

 info: index check proved
--> mj-constraint_solvers-cholesky.adb:138:20

 info: overflow check proved
--> mj-constraint_solvers-cholesky.adb:138:29

 info: index check proved
--> mj-constraint_solvers-cholesky.adb:138:37

 info: range check proved
--> mj-constraint_solvers-cholesky.adb:138:44

 info: overflow check proved
--> mj-constraint_solvers-cholesky.adb:138:53

 info: index check proved
--> mj-constraint_solvers-cholesky.adb:138:61
