Phase 1 of 3: generation of data representation information ...
Phase 2 of 3: generation of Global contracts ...
Phase 3 of 3: flow analysis and proof ...
Success: all checks proved (8 checks).
Summary logged in /var/tmp/constraint-cholesky-20261002-small/build/validation/obj/gnatprove/gnatprove.out
guarded: elapsed 5.9 s, peak group RSS 165 MB
 info: implicit aspect Always_Terminates on "Divide" has been proved, subprogram will terminate
--> mj-constraint_solvers-cholesky.ads:42:13

 info: float overflow check proved
--> mj-constraint_solvers-cholesky.ads:42:70

 info: range check proved
--> mj-constraint_solvers-cholesky.ads:42:70

 info: division check proved
--> mj-constraint_solvers-cholesky.ads:42:70

 info: data dependencies proved
--> mj-constraint_solvers-cholesky.ads:43:11

 info: postcondition proved
--> mj-constraint_solvers-cholesky.ads:43:50

 info: float overflow check proved
--> mj-constraint_solvers-cholesky.ads:43:68

 info: division check proved
--> mj-constraint_solvers-cholesky.ads:43:68
