Phase 1 of 3: generation of data representation information ...
Phase 2 of 3: generation of Global contracts ...
Phase 3 of 3: flow analysis and proof ...
Success: all checks proved (13 checks).
Summary logged in /var/tmp/constraint-cholesky-20261002-small/build/validation/obj/gnatprove/gnatprove.out
guarded: elapsed 5.6 s, peak group RSS 167 MB
 info: implicit aspect Always_Terminates on "Factor_Sum" has been proved, subprogram will terminate
--> mj-constraint_solvers-cholesky.ads:51:13

 info: index check proved
--> mj-constraint_solvers-cholesky.ads:53:35

 info: index check proved
--> mj-constraint_solvers-cholesky.ads:53:38

 info: precondition proved
--> mj-constraint_solvers-cholesky.ads:54:17

 info: subprogram variant proved
--> mj-constraint_solvers-cholesky.ads:54:17

 info: range check proved
--> mj-constraint_solvers-cholesky.ads:54:47

 info: range check proved
--> mj-constraint_solvers-cholesky.ads:54:53

 info: index check proved
--> mj-constraint_solvers-cholesky.ads:54:56

 info: index check proved
--> mj-constraint_solvers-cholesky.ads:54:59

 info: range check proved
--> mj-constraint_solvers-cholesky.ads:54:67

 info: index check proved
--> mj-constraint_solvers-cholesky.ads:54:70

 info: index check proved
--> mj-constraint_solvers-cholesky.ads:54:73

 info: data dependencies proved
--> mj-constraint_solvers-cholesky.ads:55:28
