Phase 1 of 3: generation of data representation information ...
Phase 2 of 3: generation of Global contracts ...
Phase 3 of 3: flow analysis and proof ...
Success: all checks proved (47 checks).
Summary logged in /var/tmp/constraint-cholesky-20261002-small/build/validation/obj/gnatprove/gnatprove.out
guarded: elapsed 50.7 s, peak group RSS 244 MB
 info: initialization of "Result" proved
--> mj-constraint_solvers-cholesky.adb:147:29

 info: data dependencies proved
--> mj-constraint_solvers-cholesky.adb:148:11

 info: precondition proved
--> mj-constraint_solvers-cholesky.adb:149:65

 info: postcondition proved
--> mj-constraint_solvers-cholesky.adb:152:25

 info: index check proved
--> mj-constraint_solvers-cholesky.adb:154:61

 info: index check proved
--> mj-constraint_solvers-cholesky.adb:154:73

 info: precondition proved
--> mj-constraint_solvers-cholesky.adb:157:10

 info: overflow check proved
--> mj-constraint_solvers-cholesky.adb:157:68

 info: range check proved
--> mj-constraint_solvers-cholesky.adb:158:33

 info: range check proved
--> mj-constraint_solvers-cholesky.adb:158:41

 info: index check proved
--> mj-constraint_solvers-cholesky.adb:159:22

 info: precondition proved
--> mj-constraint_solvers-cholesky.adb:160:13

 info: overflow check proved
--> mj-constraint_solvers-cholesky.adb:160:71

 info: range check proved
--> mj-constraint_solvers-cholesky.adb:161:36

 info: range check proved
--> mj-constraint_solvers-cholesky.adb:161:44

 info: range check proved
--> mj-constraint_solvers-cholesky.adb:162:13

 info: index check proved
--> mj-constraint_solvers-cholesky.adb:162:16

 info: index check proved
--> mj-constraint_solvers-cholesky.adb:162:19

 info: overflow check proved
--> mj-constraint_solvers-cholesky.adb:166:58

 info: range check proved
--> mj-constraint_solvers-cholesky.adb:167:56

 info: range check proved
--> mj-constraint_solvers-cholesky.adb:167:64

 info: precondition proved
--> mj-constraint_solvers-cholesky.adb:171:07

 info: loop invariant initialization proved
--> mj-constraint_solvers-cholesky.adb:174:43

 info: loop invariant preservation proved
--> mj-constraint_solvers-cholesky.adb:174:43

 info: precondition proved
--> mj-constraint_solvers-cholesky.adb:175:16

 info: loop invariant initialization proved
--> mj-constraint_solvers-cholesky.adb:177:12

 info: loop invariant preservation proved
--> mj-constraint_solvers-cholesky.adb:177:12

 info: range check proved
--> mj-constraint_solvers-cholesky.adb:180:32

 info: overflow check proved
--> mj-constraint_solvers-cholesky.adb:180:41

 info: index check proved
--> mj-constraint_solvers-cholesky.adb:180:45

 info: index check proved
--> mj-constraint_solvers-cholesky.adb:180:50

 info: range check proved
--> mj-constraint_solvers-cholesky.adb:180:58

 info: index check proved
--> mj-constraint_solvers-cholesky.adb:180:61

 info: overflow check proved
--> mj-constraint_solvers-cholesky.adb:180:70

 info: index check proved
--> mj-constraint_solvers-cholesky.adb:180:74

 info: range check proved
--> mj-constraint_solvers-cholesky.adb:181:12

 info: overflow check proved
--> mj-constraint_solvers-cholesky.adb:181:21

 info: index check proved
--> mj-constraint_solvers-cholesky.adb:181:25

 info: precondition proved
--> mj-constraint_solvers-cholesky.adb:183:10

 info: assertion proved
--> mj-constraint_solvers-cholesky.adb:185:12

 info: precondition proved
--> mj-constraint_solvers-cholesky.adb:185:16

 info: assertion proved
--> mj-constraint_solvers-cholesky.adb:188:09

 info: precondition proved
--> mj-constraint_solvers-cholesky.adb:188:13

 info: index check proved
--> mj-constraint_solvers-cholesky.adb:189:10

 info: range check proved
--> mj-constraint_solvers-cholesky.adb:189:33

 info: index check proved
--> mj-constraint_solvers-cholesky.adb:189:36

 info: index check proved
--> mj-constraint_solvers-cholesky.adb:189:39
