Phase 1 of 3: generation of data representation information ...
Phase 2 of 3: generation of Global contracts ...
Phase 3 of 3: flow analysis and proof ...
Success: all checks proved (19 checks).
Summary logged in /var/tmp/constraint-cholesky-20261002-small/build/validation/obj/gnatprove/gnatprove.out
guarded: elapsed 17.3 s, peak group RSS 209 MB
 info: length check proved
--> mj-constraint_solvers-cholesky.adb:196:09

 info: loop invariant initialization proved
--> mj-constraint_solvers-cholesky.adb:198:43

 info: loop invariant preservation proved
--> mj-constraint_solvers-cholesky.adb:198:43

 info: loop invariant initialization proved
--> mj-constraint_solvers-cholesky.adb:200:12

 info: loop invariant preservation proved
--> mj-constraint_solvers-cholesky.adb:200:12

 info: precondition proved
--> mj-constraint_solvers-cholesky.adb:201:10

 info: range check proved
--> mj-constraint_solvers-cholesky.adb:201:39

 info: loop invariant initialization proved
--> mj-constraint_solvers-cholesky.adb:205:43

 info: loop invariant preservation proved
--> mj-constraint_solvers-cholesky.adb:205:43

 info: loop invariant initialization proved
--> mj-constraint_solvers-cholesky.adb:207:12

 info: loop invariant preservation proved
--> mj-constraint_solvers-cholesky.adb:207:12

 info: precondition proved
--> mj-constraint_solvers-cholesky.adb:208:10

 info: index check proved
--> mj-constraint_solvers-cholesky.adb:208:32

 info: range check proved
--> mj-constraint_solvers-cholesky.adb:208:39

 info: initialization of "X" proved
--> mj-constraint_solvers-cholesky.ads:88:49

 info: initialization of "Result" proved
--> mj-constraint_solvers-cholesky.ads:89:25

 info: data dependencies proved
--> mj-constraint_solvers-cholesky.ads:90:11

 info: precondition proved
--> mj-constraint_solvers-cholesky.ads:91:65

 info: postcondition proved
--> mj-constraint_solvers-cholesky.ads:94:25
