Phase 1 of 3: generation of data representation information ...
Phase 2 of 3: generation of Global contracts ...
Phase 3 of 3: flow analysis and proof ...
Success: all checks proved (10 checks).
Summary logged in /var/tmp/constraint-cholesky-20261002-small/build/validation/obj/gnatprove/gnatprove.out
guarded: elapsed 5.4 s, peak group RSS 168 MB
 info: float overflow check proved
--> mj-constraint_solvers-cholesky.adb:11:34

 info: range check proved
--> mj-constraint_solvers-cholesky.adb:11:34

 info: float overflow check proved
--> mj-constraint_solvers-cholesky.adb:11:38

 info: implicit aspect Always_Terminates on "Subtract" has been proved, subprogram will terminate
--> mj-constraint_solvers-cholesky.ads:37:13

 info: data dependencies proved
--> mj-constraint_solvers-cholesky.ads:38:11

 info: postcondition proved
--> mj-constraint_solvers-cholesky.ads:39:14

 info: float overflow check proved
--> mj-constraint_solvers-cholesky.ads:39:39

 info: float overflow check proved
--> mj-constraint_solvers-cholesky.ads:39:43

 info: float overflow check proved
--> mj-constraint_solvers-cholesky.ads:40:71

 info: float overflow check proved
--> mj-constraint_solvers-cholesky.ads:40:75
