Phase 1 of 3: generation of data representation information ...
Phase 2 of 3: generation of Global contracts ...
Phase 3 of 3: flow analysis and proof ...
Success: all checks proved (37 checks).
Summary logged in /var/tmp/constraint-cholesky-20261002-small/build/validation/obj/gnatprove/gnatprove.out
guarded: elapsed 18.2 s, peak group RSS 236 MB
 info: length check proved
--> mj-constraint_solvers-cholesky.adb:101:09

 info: range check proved
--> mj-constraint_solvers-cholesky.adb:101:12

 info: range check proved
--> mj-constraint_solvers-cholesky.adb:101:23

 info: precondition proved
--> mj-constraint_solvers-cholesky.adb:106:16

 info: range check proved
--> mj-constraint_solvers-cholesky.adb:106:35

 info: assertion proved
--> mj-constraint_solvers-cholesky.adb:107:49

 info: overflow check proved
--> mj-constraint_solvers-cholesky.adb:108:48

 info: index check proved
--> mj-constraint_solvers-cholesky.adb:108:58

 info: index check proved
--> mj-constraint_solvers-cholesky.adb:108:61

 info: index check proved
--> mj-constraint_solvers-cholesky.adb:109:71

 info: index check proved
--> mj-constraint_solvers-cholesky.adb:109:74

 info: loop invariant initialization proved
--> mj-constraint_solvers-cholesky.adb:112:46

 info: loop invariant preservation proved
--> mj-constraint_solvers-cholesky.adb:112:46

 info: loop invariant initialization proved
--> mj-constraint_solvers-cholesky.adb:113:46

 info: loop invariant preservation proved
--> mj-constraint_solvers-cholesky.adb:113:46

 info: overflow check proved
--> mj-constraint_solvers-cholesky.adb:113:67

 info: index check proved
--> mj-constraint_solvers-cholesky.adb:113:77

 info: index check proved
--> mj-constraint_solvers-cholesky.adb:113:80

 info: loop invariant initialization proved
--> mj-constraint_solvers-cholesky.adb:114:46

 info: loop invariant preservation proved
--> mj-constraint_solvers-cholesky.adb:114:46

 info: index check proved
--> mj-constraint_solvers-cholesky.adb:114:64

 info: index check proved
--> mj-constraint_solvers-cholesky.adb:114:67

 info: loop invariant initialization proved
--> mj-constraint_solvers-cholesky.adb:116:43

 info: loop invariant preservation proved
--> mj-constraint_solvers-cholesky.adb:116:43

 info: loop invariant initialization proved
--> mj-constraint_solvers-cholesky.adb:117:43

 info: loop invariant preservation proved
--> mj-constraint_solvers-cholesky.adb:117:43

 info: index check proved
--> mj-constraint_solvers-cholesky.adb:117:70

 info: index check proved
--> mj-constraint_solvers-cholesky.adb:117:73

 info: assertion proved
--> mj-constraint_solvers-cholesky.adb:119:32

 info: assertion proved
--> mj-constraint_solvers-cholesky.adb:120:32

 info: precondition proved
--> mj-constraint_solvers-cholesky.adb:121:32

 info: assertion proved
--> mj-constraint_solvers-cholesky.adb:121:32

 info: initialization of "L" proved
--> mj-constraint_solvers-cholesky.ads:78:34

 info: initialization of "Result" proved
--> mj-constraint_solvers-cholesky.ads:78:50

 info: data dependencies proved
--> mj-constraint_solvers-cholesky.ads:80:11

 info: postcondition proved
--> mj-constraint_solvers-cholesky.ads:83:25

 info: precondition proved
--> mj-constraint_solvers-cholesky.ads:84:43
